06-01 07:32:28.194   980  4254 D android.hardware.gnss-service.ranchu: GnssHwListener:consume:87 sz=64
06-01 07:32:28.199   980  4254 D android.hardware.gnss-service.ranchu: GnssHwListener:consume:87 sz=64
06-01 07:32:28.199   980  4254 D android.hardware.gnss-service.ranchu: Gnss:onGnssLocationCb:311
06-01 07:32:28.199   980  4254 D android.hardware.gnss-service.ranchu: Gnss:onGnssLocationCb:321
06-01 07:32:28.199   980  4254 D android.hardware.gnss-service.ranchu: GnssHwListener:consume:87 sz=64
06-01 07:32:28.202   980  4254 D android.hardware.gnss-service.ranchu: GnssHwListener:consume:87 sz=64
06-01 07:32:28.202   980  4254 D android.hardware.gnss-service.ranchu: Gnss:onGnssLocationCb:311
06-01 07:32:28.202   980  4254 D android.hardware.gnss-service.ranchu: Gnss:onGnssLocationCb:321
06-01 07:32:28.202   980  4254 D android.hardware.gnss-service.ranchu: GnssHwListener:consume:87 sz=64
06-01 07:32:28.204   980  4254 D android.hardware.gnss-service.ranchu: GnssHwListener:consume:87 sz=64
06-01 07:32:28.204   980  4254 D android.hardware.gnss-service.ranchu: Gnss:onGnssLocationCb:311
06-01 07:32:28.204   980  4254 D android.hardware.gnss-service.ranchu: Gnss:onGnssLocationCb:321
06-01 07:32:28.204   980  4254 D android.hardware.gnss-service.ranchu: GnssHwListener:consume:87 sz=64
06-01 07:32:28.208   980  4254 D android.hardware.gnss-service.ranchu: GnssHwListener:consume:87 sz=64
06-01 07:32:28.208   980  4254 D android.hardware.gnss-service.ranchu: Gnss:onGnssLocationCb:311
06-01 07:32:28.208   980  4254 D android.hardware.gnss-service.ranchu: Gnss:onGnssLocationCb:321
06-01 07:32:28.208   980  4254 D android.hardware.gnss-service.ranchu: GnssHwListener:consume:87 sz=64
06-01 07:32:28.211   980  4254 D android.hardware.gnss-service.ranchu: GnssHwListener:consume:87 sz=64
06-01 07:32:28.211   980  4254 D android.hardware.gnss-service.ranchu: Gnss:onGnssLocationCb:311
06-01 07:32:28.211   980  4254 D android.hardware.gnss-service.ranchu: Gnss:onGnssLocationCb:321
06-01 07:32:28.211   980  4254 D android.hardware.gnss-service.ranchu: GnssHwListener:consume:87 sz=64
06-01 07:32:28.212   980  4254 D android.hardware.gnss-service.ranchu: GnssHwListener:consume:87 sz=64
06-01 07:32:28.212   980  4254 D android.hardware.gnss-service.ranchu: Gnss:onGnssLocationCb:311
06-01 07:32:28.212   980  4254 D android.hardware.gnss-service.ranchu: Gnss:onGnssLocationCb:321
06-01 07:32:28.212   980  4254 D android.hardware.gnss-service.ranchu: GnssHwListener:consume:87 sz=64
06-01 07:32:28.215   980  4254 D android.hardware.gnss-service.ranchu: GnssHwListener:consume:87 sz=64
06-01 07:32:28.215   980  4254 D android.hardware.gnss-service.ranchu: Gnss:onGnssLocationCb:311
06-01 07:32:28.215   980  4254 D android.hardware.gnss-service.ranchu: Gnss:onGnssLocationCb:321
06-01 07:32:28.215   980  4254 D android.hardware.gnss-service.ranchu: GnssHwListener:consume:87 sz=64
06-01 07:32:28.217   980  4254 D android.hardware.gnss-service.ranchu: GnssHwListener:consume:87 sz=64
06-01 07:32:28.217   980  4254 D android.hardware.gnss-service.ranchu: Gnss:onGnssLocationCb:311
06-01 07:32:28.217   980  4254 D android.hardware.gnss-service.ranchu: Gnss:onGnssLocationCb:321
06-01 07:32:28.217   980  4254 D android.hardware.gnss-service.ranchu: GnssHwListener:consume:87 sz=64
06-01 07:32:28.220   980  4254 D android.hardware.gnss-service.ranchu: GnssHwListener:consume:87 sz=64
06-01 07:32:28.220   980  4254 D android.hardware.gnss-service.ranchu: Gnss:onGnssLocationCb:311
06-01 07:32:28.220   980  4254 D android.hardware.gnss-service.ranchu: Gnss:onGnssLocationCb:321
06-01 07:32:28.220   980  4254 D android.hardware.gnss-service.ranchu: GnssHwListener:consume:87 sz=64
06-01 07:32:28.224   980  4254 D android.hardware.gnss-service.ranchu: GnssHwListener:consume:87 sz=64
06-01 07:32:28.225   980  4254 D android.hardware.gnss-service.ranchu: Gnss:onGnssLocationCb:311
06-01 07:32:28.225   980  4254 D android.hardware.gnss-service.ranchu: Gnss:onGnssLocationCb:321
06-01 07:32:28.225   980  4254 D android.hardware.gnss-service.ranchu: GnssHwListener:consume:87 sz=64
06-01 07:32:28.228   980  4254 D android.hardware.gnss-service.ranchu: GnssHwListener:consume:87 sz=64
06-01 07:32:28.228   980  4254 D android.hardware.gnss-service.ranchu: Gnss:onGnssLocationCb:311
06-01 07:32:28.228   980  4254 D android.hardware.gnss-service.ranchu: Gnss:onGnssLocationCb:321
06-01 07:32:28.228   980  4254 D android.hardware.gnss-service.ranchu: GnssHwListener:consume:87 sz=64
06-01 07:32:28.230   980  4254 D android.hardware.gnss-service.ranchu: GnssHwListener:consume:87 sz=64
06-01 07:32:28.230   980  4254 D android.hardware.gnss-service.ranchu: Gnss:onGnssLocationCb:311
06-01 07:32:28.230   980  4254 D android.hardware.gnss-service.ranchu: Gnss:onGnssLocationCb:321
06-01 07:32:28.230   980  4254 D android.hardware.gnss-service.ranchu: GnssHwListener:consume:87 sz=64
06-01 07:32:28.231   980  4254 D android.hardware.gnss-service.ranchu: GnssHwListener:consume:87 sz=64
06-01 07:32:28.231   980  4254 D android.hardware.gnss-service.ranchu: Gnss:onGnssLocationCb:311
06-01 07:32:28.231   980  4254 D android.hardware.gnss-service.ranchu: Gnss:onGnssLocationCb:321
06-01 07:32:28.231   980  4254 D android.hardware.gnss-service.ranchu: GnssHwListener:consume:87 sz=64
06-01 07:32:28.234   980  4254 D android.hardware.gnss-service.ranchu: GnssHwListener:consume:87 sz=64
06-01 07:32:28.234   980  4254 D android.hardware.gnss-service.ranchu: Gnss:onGnssLocationCb:311
06-01 07:32:28.234   980  4254 D android.hardware.gnss-service.ranchu: Gnss:onGnssLocationCb:321
06-01 07:32:28.234   980  4254 D android.hardware.gnss-service.ranchu: GnssHwListener:consume:87 sz=64
06-01 07:32:28.238   980  4254 D android.hardware.gnss-service.ranchu: GnssHwListener:consume:87 sz=64
06-01 07:32:28.238   980  4254 D android.hardware.gnss-service.ranchu: Gnss:onGnssLocationCb:311
06-01 07:32:28.238   980  4254 D android.hardware.gnss-service.ranchu: Gnss:onGnssLocationCb:321
06-01 07:32:28.238   980  4254 D android.hardware.gnss-service.ranchu: GnssHwListener:consume:87 sz=64
06-01 07:32:28.240   980  4254 D android.hardware.gnss-service.ranchu: GnssHwListener:consume:87 sz=64
06-01 07:32:28.240   980  4254 D android.hardware.gnss-service.ranchu: Gnss:onGnssLocationCb:311
06-01 07:32:28.240   980  4254 D android.hardware.gnss-service.ranchu: Gnss:onGnssLocationCb:321
06-01 07:32:28.240   980  4254 D android.hardware.gnss-service.ranchu: GnssHwListener:consume:87 sz=64
06-01 07:32:28.243   980  4254 D android.hardware.gnss-service.ranchu: GnssHwListener:consume:87 sz=64
06-01 07:32:28.243   980  4254 D android.hardware.gnss-service.ranchu: Gnss:onGnssLocationCb:311
06-01 07:32:28.243   980  4254 D android.hardware.gnss-service.ranchu: Gnss:onGnssLocationCb:321
06-01 07:32:28.243   980  4254 D android.hardware.gnss-service.ranchu: GnssHwListener:consume:87 sz=64
06-01 07:32:28.247   980  4254 D android.hardware.gnss-service.ranchu: GnssHwListener:consume:87 sz=64
06-01 07:32:28.247   980  4254 D android.hardware.gnss-service.ranchu: Gnss:onGnssLocationCb:311
06-01 07:32:28.247   980  4254 D android.hardware.gnss-service.ranchu: Gnss:onGnssLocationCb:321
06-01 07:32:28.247   980  4254 D android.hardware.gnss-service.ranchu: GnssHwListener:consume:87 sz=64
06-01 07:32:28.251   980  4254 D android.hardware.gnss-service.ranchu: GnssHwListener:consume:87 sz=64
06-01 07:32:28.251   980  4254 D android.hardware.gnss-service.ranchu: Gnss:onGnssLocationCb:311
06-01 07:32:28.251   980  4254 D android.hardware.gnss-service.ranchu: Gnss:onGnssLocationCb:321
06-01 07:32:28.251   980  4254 D android.hardware.gnss-service.ranchu: GnssHwListener:consume:87 sz=64
06-01 07:32:28.254   980  4254 D android.hardware.gnss-service.ranchu: GnssHwListener:consume:87 sz=64
06-01 07:32:28.254   980  4254 D android.hardware.gnss-service.ranchu: Gnss:onGnssLocationCb:311
06-01 07:32:28.254   980  4254 D android.hardware.gnss-service.ranchu: Gnss:onGnssLocationCb:321
06-01 07:32:28.254   980  4254 D android.hardware.gnss-service.ranchu: GnssHwListener:consume:87 sz=64
06-01 07:32:28.256   980  4254 D android.hardware.gnss-service.ranchu: GnssHwListener:consume:87 sz=64
06-01 07:32:28.256   980  4254 D android.hardware.gnss-service.ranchu: Gnss:onGnssLocationCb:311
06-01 07:32:28.256   980  4254 D android.hardware.gnss-service.ranchu: Gnss:onGnssLocationCb:321
06-01 07:32:28.256   980  4254 D android.hardware.gnss-service.ranchu: GnssHwListener:consume:87 sz=64
06-01 07:32:28.260   980  4254 D android.hardware.gnss-service.ranchu: GnssHwListener:consume:87 sz=64
06-01 07:32:28.260   980  4254 D android.hardware.gnss-service.ranchu: Gnss:onGnssLocationCb:311
06-01 07:32:28.260   980  4254 D android.hardware.gnss-service.ranchu: Gnss:onGnssLocationCb:321
06-01 07:32:28.260   980  4254 D android.hardware.gnss-service.ranchu: GnssHwListener:consume:87 sz=64
06-01 07:32:28.262   980  4254 D android.hardware.gnss-service.ranchu: GnssHwListener:consume:87 sz=64
06-01 07:32:28.262   980  4254 D android.hardware.gnss-service.ranchu: Gnss:onGnssLocationCb:311
06-01 07:32:28.262   980  4254 D android.hardware.gnss-service.ranchu: Gnss:onGnssLocationCb:321
06-01 07:32:28.262   980  4254 D android.hardware.gnss-service.ranchu: GnssHwListener:consume:87 sz=64
06-01 07:32:28.267   980  4254 D android.hardware.gnss-service.ranchu: GnssHwListener:consume:87 sz=64
06-01 07:32:28.267   980  4254 D android.hardware.gnss-service.ranchu: Gnss:onGnssLocationCb:311
06-01 07:32:28.267   980  4254 D android.hardware.gnss-service.ranchu: Gnss:onGnssLocationCb:321
06-01 07:32:28.267   980  4254 D android.hardware.gnss-service.ranchu: GnssHwListener:consume:87 sz=64
06-01 07:32:28.270   980  4254 D android.hardware.gnss-service.ranchu: GnssHwListener:consume:87 sz=64
06-01 07:32:28.271   980  4254 D android.hardware.gnss-service.ranchu: Gnss:onGnssLocationCb:311
06-01 07:32:28.271   980  4254 D android.hardware.gnss-service.ranchu: Gnss:onGnssLocationCb:321
06-01 07:32:28.271   980  4254 D android.hardware.gnss-service.ranchu: GnssHwListener:consume:87 sz=64
06-01 07:32:28.273   980  4254 D android.hardware.gnss-service.ranchu: GnssHwListener:consume:87 sz=64
06-01 07:32:28.273   980  4254 D android.hardware.gnss-service.ranchu: Gnss:onGnssLocationCb:311
06-01 07:32:28.273   980  4254 D android.hardware.gnss-service.ranchu: Gnss:onGnssLocationCb:321
06-01 07:32:28.273   980  4254 D android.hardware.gnss-service.ranchu: GnssHwListener:consume:87 sz=64
06-01 07:32:28.275   980  4254 D android.hardware.gnss-service.ranchu: GnssHwListener:consume:87 sz=64
06-01 07:32:28.275   980  4254 D android.hardware.gnss-service.ranchu: Gnss:onGnssLocationCb:311
06-01 07:32:28.275   980  4254 D android.hardware.gnss-service.ranchu: Gnss:onGnssLocationCb:321
06-01 07:32:28.275   980  4254 D android.hardware.gnss-service.ranchu: GnssHwListener:consume:87 sz=64
06-01 07:32:28.278   980  4254 D android.hardware.gnss-service.ranchu: GnssHwListener:consume:87 sz=64
06-01 07:32:28.278   980  4254 D android.hardware.gnss-service.ranchu: Gnss:onGnssLocationCb:311
06-01 07:32:28.278   980  4254 D android.hardware.gnss-service.ranchu: Gnss:onGnssLocationCb:321
06-01 07:32:28.278   980  4254 D android.hardware.gnss-service.ranchu: GnssHwListener:consume:87 sz=64
06-01 07:32:28.280   980  4254 D android.hardware.gnss-service.ranchu: GnssHwListener:consume:87 sz=64
06-01 07:32:28.280   980  4254 D android.hardware.gnss-service.ranchu: Gnss:onGnssLocationCb:311
06-01 07:32:28.280   980  4254 D android.hardware.gnss-service.ranchu: Gnss:onGnssLocationCb:321
06-01 07:32:28.280   980  4254 D android.hardware.gnss-service.ranchu: GnssHwListener:consume:87 sz=64
06-01 07:32:28.282   980  4254 D android.hardware.gnss-service.ranchu: GnssHwListener:consume:87 sz=64
06-01 07:32:28.282   980  4254 D android.hardware.gnss-service.ranchu: Gnss:onGnssLocationCb:311
06-01 07:32:28.282   980  4254 D android.hardware.gnss-service.ranchu: Gnss:onGnssLocationCb:321
06-01 07:32:28.283   980  4254 D android.hardware.gnss-service.ranchu: GnssHwListener:consume:87 sz=64
06-01 07:32:28.284   980  4254 D android.hardware.gnss-service.ranchu: GnssHwListener:consume:87 sz=64
06-01 07:32:28.285   980  4254 D android.hardware.gnss-service.ranchu: Gnss:onGnssLocationCb:311
06-01 07:32:28.285   980  4254 D android.hardware.gnss-service.ranchu: Gnss:onGnssLocationCb:321
06-01 07:32:29.271   980  4254 D android.hardware.gnss-service.ranchu: GnssHwListener:consume:87 sz=64
06-01 07:32:29.275   980  4254 D android.hardware.gnss-service.ranchu: GnssHwListener:consume:87 sz=64
06-01 07:32:29.275   980  4254 D android.hardware.gnss-service.ranchu: Gnss:onGnssLocationCb:311
06-01 07:32:29.275   980  4254 D android.hardware.gnss-service.ranchu: Gnss:onGnssLocationCb:321
06-01 07:32:30.273   980  4254 D android.hardware.gnss-service.ranchu: GnssHwListener:consume:87 sz=64
06-01 07:32:30.276   980  4254 D android.hardware.gnss-service.ranchu: GnssHwListener:consume:87 sz=64
06-01 07:32:30.276   980  4254 D android.hardware.gnss-service.ranchu: Gnss:onGnssLocationCb:311
06-01 07:32:30.276   980  4254 D android.hardware.gnss-service.ranchu: Gnss:onGnssLocationCb:321
06-01 07:32:31.273   980  4254 D android.hardware.gnss-service.ranchu: GnssHwListener:consume:87 sz=64
06-01 07:32:31.277   980  4254 D android.hardware.gnss-service.ranchu: GnssHwListener:consume:87 sz=64
06-01 07:32:31.277   980  4254 D android.hardware.gnss-service.ranchu: Gnss:onGnssLocationCb:311
06-01 07:32:31.278   980  4254 D android.hardware.gnss-service.ranchu: Gnss:onGnssLocationCb:333
06-01 07:32:31.286   687   718 E AppOps  : attributionTag UwbCountryCode not declared in manifest of android
06-01 07:32:31.293   687   721 W HWUI    : Image decoding logging dropped!
06-01 07:32:31.297   687   721 W HWUI    : Image decoding logging dropped!
06-01 07:32:31.299  1253  4127 I FusedOrientationManager: Registering orientation client. [CONTEXT service_id=6 ]
06-01 07:32:31.302  1253  4085 I GmsCoreXrpcWrapper: (REDACTED) Returning a channel provider with trafficStatsTag=%d trafficStatsUid=%d
06-01 07:32:31.330   687   721 W HWUI    : Image decoding logging dropped!
06-01 07:32:31.332  1253  1661 I FusedLocation: (REDACTED) location delivery to %s blocked - too old
06-01 07:32:31.333   687   721 W HWUI    : Image decoding logging dropped!
06-01 07:32:31.337  1253  3748 W PersonalSafety: LastLocation was null: no distance computed [CONTEXT service_id=310 ]
06-01 07:32:31.339  1253  3953 I GmsCoreVoilaTileGrpc: (REDACTED) grpc compression enabled: %s
06-01 07:32:31.344   980  4254 D android.hardware.gnss-service.ranchu: GnssHwConn:workerThread:119
06-01 07:32:31.345   687   718 W AlarmManager: Unrecognized alarm listener com.android.server.location.gnss.GnssLocationProvider$$ExternalSyntheticLambda14@556799b
06-01 07:32:31.345   687   718 W AlarmManager: Unrecognized alarm listener com.android.server.location.gnss.GnssLocationProvider$$ExternalSyntheticLambda13@7c13138
06-01 07:32:31.351  1253  3748 I PersonalSafety: No scan is running. Not handling location update. [CONTEXT service_id=310 ]
06-01 07:32:31.359   687  1705 D ActivityManager: sync unfroze 1584 com.google.android.gms for 6
06-01 07:32:31.363   687   904 D BackgroundInstallControlService: Package event received: 0
06-01 07:32:31.369   687  1707 W ProcessStats: Tracking association SourceState{5209271 com.google.android.gms.persistent/10148 BFgs #2175} whose proc state 4 is better than process ProcessState{7c296ca com.google.android.gms/10148 pkg=com.google.android.gms} proc state 14 (2 skipped)
06-01 07:32:31.372  1253  4127 I FusedOrientationManager: Unregistering orientation client. [CONTEXT service_id=6 ]
06-01 07:32:31.377  1584  1584 D BoundBrokerSvc: onBind: Intent { act=com.google.android.gms.auth.service.START xflg=0x4 pkg=com.google.android.gms }
06-01 07:32:31.377  1584  1584 D BoundBrokerSvc: Loading bound service for intent: Intent { act=com.google.android.gms.auth.service.START xflg=0x4 pkg=com.google.android.gms }
06-01 07:32:31.388  1253  3953 W GLSUser : [DeviceKeyStore] Cannot load key: Device key file not found.
06-01 07:32:31.442   687  1700 D ActivityManager: sync unfroze 2875 com.google.android.gms.unstable for 6
06-01 07:32:31.443   687   904 D BackgroundInstallControlService: Package event received: 0
06-01 07:32:31.446  2875  2875 D ActivityThread: Package [com.aistudio.ereader.xynk] reported as REPLACED, but missing application info. Assuming REMOVED.
06-01 07:32:31.449  2875  2875 D ActivityThread: Package [com.aistudio.ereader.xynk] reported as REPLACED, but missing application info. Assuming REMOVED.
06-01 07:32:31.516   687   796 D ActivityManager: freezing 1436 com.google.android.apps.wellbeing
06-01 07:32:31.520   687   854 D InetDiagMessage: Destroyed 0 sockets, proto=IPPROTO_TCP, family=AF_INET, states=14
06-01 07:32:31.521   687   854 D InetDiagMessage: Destroyed 0 sockets, proto=IPPROTO_TCP, family=AF_INET6, states=14
06-01 07:32:31.521   687   854 D InetDiagMessage: Destroyed live tcp sockets for uids={10147} in 3ms
06-01 07:32:31.545  2875  2889 W libc    : Access denied finding property "persist.adb.tls_server.enable"
06-01 07:32:31.546  2875  2889 W libc    : Access denied finding property "service.adb.tls.port"
06-01 07:32:31.549   687  1700 D FileUtils: Rounded bytes from 4110147584 to 8000000000
06-01 07:32:31.540  2875  2875 W binder:2875_3: type=1400 audit(0.0:37): avc:  denied  { read } for  name="u:object_r:system_adbd_prop:s0" dev="tmpfs" ino=334 scontext=u:r:gmscore_app:s0:c512,c768 tcontext=u:object_r:system_adbd_prop:s0 tclass=file permissive=0 app=com.google.android.gms
06-01 07:32:31.540  2875  2875 W binder:2875_3: type=1400 audit(0.0:38): avc:  denied  { read } for  name="u:object_r:adbd_prop:s0" dev="tmpfs" ino=59 scontext=u:r:gmscore_app:s0:c512,c768 tcontext=u:object_r:adbd_prop:s0 tclass=file permissive=0 app=com.google.android.gms
06-01 07:32:31.559  1253  3953 W GmsUrlRequestImpl: [https://android.googleapis.com/auth/devicekey] Content-Type header is overwritten.
06-01 07:32:31.710  1253  3953 W GLSUser : [AppCertManager] Exception while requesting key: 
06-01 07:32:31.710  1253  3953 W GLSUser : java.util.concurrent.ExecutionException: czle: Parsing Exception
06-01 07:32:31.710  1253  3953 W GLSUser : 	at hkyn.j(:com.google.android.gms@261631038@26.16.31 (260800-900800821):21)
06-01 07:32:31.710  1253  3953 W GLSUser : 	at hkyw.t(:com.google.android.gms@261631038@26.16.31 (260800-900800821):73)
06-01 07:32:31.710  1253  3953 W GLSUser : 	at amlt.b(:com.google.android.gms@261631038@26.16.31 (260800-900800821):435)
06-01 07:32:31.710  1253  3953 W GLSUser : 	at amlr.a(:com.google.android.gms@261631038@26.16.31 (260800-900800821):67)
06-01 07:32:31.710  1253  3953 W GLSUser : 	at amln.a(:com.google.android.gms@261631038@26.16.31 (260800-900800821):3)
06-01 07:32:31.710  1253  3953 W GLSUser : 	at amlp.a(:com.google.android.gms@261631038@26.16.31 (260800-900800821):58)
06-01 07:32:31.710  1253  3953 W GLSUser : 	at amlp.b(:com.google.android.gms@261631038@26.16.31 (260800-900800821):21)
06-01 07:32:31.710  1253  3953 W GLSUser : 	at bjpo.m(:com.google.android.gms@261631038@26.16.31 (260800-900800821):13)
06-01 07:32:31.710  1253  3953 W GLSUser : 	at bjqd.f(:com.google.android.gms@261631038@26.16.31 (260800-900800821):10)
06-01 07:32:31.710  1253  3953 W GLSUser : 	at gsah.a(:com.google.android.gms@261631038@26.16.31 (260800-900800821):45)
06-01 07:32:31.710  1253  3953 W GLSUser : 	at gsab.b(:com.google.android.gms@261631038@26.16.31 (260800-900800821):271)
06-01 07:32:31.710  1253  3953 W GLSUser : 	at gtcc.g(:com.google.android.gms@261631038@26.16.31 (260800-900800821):15)
06-01 07:32:31.710  1253  3953 W GLSUser : 	at gtca.run(:com.google.android.gms@261631038@26.16.31 (260800-900800821):44)
06-01 07:32:31.710  1253  3953 W GLSUser : 	at bjwq.c(:com.google.android.gms@261631038@26.16.31 (260800-900800821):50)
06-01 07:32:31.710  1253  3953 W GLSUser : 	at bjwq.run(:com.google.android.gms@261631038@26.16.31 (260800-900800821):66)
06-01 07:32:31.710  1253  3953 W GLSUser : 	at java.util.concurrent.ThreadPoolExecutor.runWorker(ThreadPoolExecutor.java:1156)
06-01 07:32:31.710  1253  3953 W GLSUser : 	at java.util.concurrent.ThreadPoolExecutor$Worker.run(ThreadPoolExecutor.java:651)
06-01 07:32:31.710  1253  3953 W GLSUser : 	at bkch.run(:com.google.android.gms@261631038@26.16.31 (260800-900800821):8)
06-01 07:32:31.710  1253  3953 W GLSUser : 	at java.lang.Thread.run(Thread.java:1119)
06-01 07:32:31.710  1253  3953 W GLSUser : Caused by: czle: Parsing Exception
06-01 07:32:31.710  1253  3953 W GLSUser : 	at czmi.a(:com.google.android.gms@261631038@26.16.31 (260800-900800821):15)
06-01 07:32:31.710  1253  3953 W GLSUser : 	at hlbg.run(:com.google.android.gms@261631038@26.16.31 (260800-900800821):56)
06-01 07:32:31.710  1253  3953 W GLSUser : 	... 6 more
06-01 07:32:31.710  1253  3953 W GLSUser : Caused by: ivrd: Protocol message end-group tag did not match expected tag.
06-01 07:32:31.710  1253  3953 W GLSUser : 	at ivta.a(:com.google.android.gms@261631038@26.16.31 (260800-900800821):57)
06-01 07:32:31.710  1253  3953 W GLSUser : 	at ivrx.l(:com.google.android.gms@261631038@26.16.31 (260800-900800821):424)
06-01 07:32:31.710  1253  3953 W GLSUser : 	at ivpz.s(:com.google.android.gms@261631038@26.16.31 (260800-900800821):26)
06-01 07:32:31.710  1253  3953 W GLSUser : 	at ivnu.f(:com.google.android.gms@261631038@26.16.31 (260800-900800821):7)
06-01 07:32:31.710  1253  3953 W GLSUser : 	at ivnu.c(:com.google.android.gms@261631038@26.16.31 (260800-900800821):1)
06-01 07:32:31.710  1253  3953 W GLSUser : 	at ivnu.o(:com.google.android.gms@261631038@26.16.31 (260800-900800821):1)
06-01 07:32:31.710  1253  3953 W GLSUser : 	at czmh.a(:com.google.android.gms@261631038@26.16.31 (260800-900800821):15)
06-01 07:32:31.710  1253  3953 W GLSUser : 	at czmm.call(:com.google.android.gms@261631038@26.16.31 (260800-900800821):8)
06-01 07:32:31.710  1253  3953 W GLSUser : 	at java.util.concurrent.FutureTask.run(FutureTask.java:317)
06-01 07:32:31.710  1253  3953 W GLSUser : 	... 6 more
06-01 07:32:31.711  1253  3953 W GLSUser : [DeviceKeyStore] Cannot load key: Device key file not found.
06-01 07:32:31.712  1253  1580 W GLSUser : [DeviceKeyStore] Cannot load key: Device key file not found.
06-01 07:32:31.712  1253  1580 W GLSUser : [DeviceKeyStore] Cannot load key: Device key file not found.
06-01 07:32:31.719   687   796 D ActivityManager: freezing 1687 com.android.keychain
06-01 07:32:31.721   687   796 D ActivityManager: freezing 2761 com.android.dynsystem:dynsystem
06-01 07:32:31.721   687   796 D ActivityManager: freezing 2718 com.android.dynsystem
06-01 07:32:31.722   687   796 D ActivityManager: freezing 1732 com.android.localtransport
06-01 07:32:31.833  1253  4256 W Conscrypt: Could not set socket write timeout: java.net.SocketException: Socket closed
06-01 07:32:31.834  1253  4256 W Conscrypt: 	at com.google.android.gms.org.conscrypt.Platform.setSocketWriteTimeout(:com.google.android.gms@261631038@26.16.31 (260800-900800821):204)
06-01 07:32:31.834  1253  4256 W Conscrypt: 	at com.google.android.gms.org.conscrypt.ConscryptFileDescriptorSocket.setSoWriteTimeout(:com.google.android.gms@261631038@26.16.31 (260800-900800821):4)
06-01 07:32:31.925  1253  4256 W Conscrypt: Could not set socket write timeout: java.net.SocketException: Socket closed
06-01 07:32:31.925  1253  4256 W Conscrypt: 	at com.google.android.gms.org.conscrypt.Platform.setSocketWriteTimeout(:com.google.android.gms@261631038@26.16.31 (260800-900800821):204)
06-01 07:32:31.925  1253  4256 W Conscrypt: 	at com.google.android.gms.org.conscrypt.ConscryptFileDescriptorSocket.setSoWriteTimeout(:com.google.android.gms@261631038@26.16.31 (260800-900800821):4)
06-01 07:32:31.926  1253  3119 I cn_CronetUrlRequestContext: destroyNativeStreamLocked org.chromium.net.impl.CronetBidirectionalStream@f1cbc3f
06-01 07:32:31.929  1253  4085 W gkcc    : Primes not initialized, returning default (no-op) Primes instance which will ignore all calls. Please call Primes.initialize(...) before using any Primes API.
06-01 07:32:31.932   687   938 D UwbCountryCode: Set location country code to: US
06-01 07:32:31.932   687   938 I UwbCountryCode: Ignoring already set country code: US
06-01 07:32:32.087  1253  3953 W GmsWeatherProviderContr: Failed to fetch weather tile
06-01 07:32:32.087  1253  3953 W GmsWeatherProviderContr: jsoa: INVALID_ARGUMENT: Application credential header not valid. Please fix the client to pass a valid application credential header.
06-01 07:32:32.087  1253  3953 W GmsWeatherProviderContr: 	at bjqd.r(:com.google.android.gms@261631038@26.16.31 (260800-900800821):31)
06-01 07:32:32.087  1253  3953 W GmsWeatherProviderContr: 	at bjqd.f(:com.google.android.gms@261631038@26.16.31 (260800-900800821):90)
06-01 07:32:32.087  1253  3953 W GmsWeatherProviderContr: 	at gsah.a(:com.google.android.gms@261631038@26.16.31 (260800-900800821):45)
06-01 07:32:32.087  1253  3953 W GmsWeatherProviderContr: 	at gsab.b(:com.google.android.gms@261631038@26.16.31 (260800-900800821):271)
06-01 07:32:32.087  1253  3953 W GmsWeatherProviderContr: 	at gtcc.g(:com.google.android.gms@261631038@26.16.31 (260800-900800821):15)
06-01 07:32:32.087  1253  3953 W GmsWeatherProviderContr: 	at gtca.run(:com.google.android.gms@261631038@26.16.31 (260800-900800821):44)
06-01 07:32:32.087  1253  3953 W GmsWeatherProviderContr: 	at bjwq.c(:com.google.android.gms@261631038@26.16.31 (260800-900800821):50)
06-01 07:32:32.087  1253  3953 W GmsWeatherProviderContr: 	at bjwq.run(:com.google.android.gms@261631038@26.16.31 (260800-900800821):66)
06-01 07:32:32.087  1253  3953 W GmsWeatherProviderContr: 	at java.util.concurrent.ThreadPoolExecutor.runWorker(ThreadPoolExecutor.java:1156)
06-01 07:32:32.087  1253  3953 W GmsWeatherProviderContr: 	at java.util.concurrent.ThreadPoolExecutor$Worker.run(ThreadPoolExecutor.java:651)
06-01 07:32:32.087  1253  3953 W GmsWeatherProviderContr: 	at bkch.run(:com.google.android.gms@261631038@26.16.31 (260800-900800821):8)
06-01 07:32:32.087  1253  3953 W GmsWeatherProviderContr: 	at java.lang.Thread.run(Thread.java:1119)
06-01 07:32:34.083  1092  1302 D SatelliteController: iisInCarrierRoamingNbIotNtn: satellite is disabled
06-01 07:32:34.084   687  1681 W IPCThreadState: Sending oneway calls to frozen process.
06-01 07:32:36.401   687   796 D ActivityManager: freezing 1339 com.google.android.permissioncontroller
06-01 07:32:36.404   687   854 D InetDiagMessage: Destroyed 0 sockets, proto=IPPROTO_TCP, family=AF_INET, states=14
06-01 07:32:36.405   687   854 D InetDiagMessage: Destroyed 0 sockets, proto=IPPROTO_TCP, family=AF_INET6, states=14
06-01 07:32:36.405   687   854 D InetDiagMessage: Destroyed live tcp sockets for uids={10207} in 1ms
06-01 07:32:36.582   687  1700 D OomAdjuster: Not killing cached processes
06-01 07:32:37.382  4276  4276 W dumpsys : Thread Pool max thread count is 0. Cannot cache binder as linkToDeath cannot be implemented. serviceName: package
