06-01 06:53:53.265  5362  5387 I WM-Processor: Moving WorkSpec (93ca3bd6-9e8e-4fad-8a06-88e5654a29fc) to the foreground
06-01 06:53:53.267  5362  5362 D WM-SystemFgDispatcher: Notifying with (id:1123, workSpecId: 93ca3bd6-9e8e-4fad-8a06-88e5654a29fc, notificationType :1)
06-01 06:53:53.342  5362  5388 D WM-WorkProgressUpdater: Updating progress for 93ca3bd6-9e8e-4fad-8a06-88e5654a29fc (Data {downloadedBytes : 199237632, totalBytes : 343662592})
06-01 06:53:53.347  5362  5387 I WM-Processor: Moving WorkSpec (93ca3bd6-9e8e-4fad-8a06-88e5654a29fc) to the foreground
06-01 06:53:53.350  5362  5362 D WM-SystemFgDispatcher: Notifying with (id:1123, workSpecId: 93ca3bd6-9e8e-4fad-8a06-88e5654a29fc, notificationType :1)
06-01 06:53:53.424  5362  5388 D WM-WorkProgressUpdater: Updating progress for 93ca3bd6-9e8e-4fad-8a06-88e5654a29fc (Data {downloadedBytes : 201334784, totalBytes : 343662592})
06-01 06:53:53.429  5362  5387 I WM-Processor: Moving WorkSpec (93ca3bd6-9e8e-4fad-8a06-88e5654a29fc) to the foreground
06-01 06:53:53.431  5362  5362 D WM-SystemFgDispatcher: Notifying with (id:1123, workSpecId: 93ca3bd6-9e8e-4fad-8a06-88e5654a29fc, notificationType :1)
06-01 06:53:53.505  5362  5388 D WM-WorkProgressUpdater: Updating progress for 93ca3bd6-9e8e-4fad-8a06-88e5654a29fc (Data {downloadedBytes : 203431936, totalBytes : 343662592})
06-01 06:53:53.510  5362  5387 I WM-Processor: Moving WorkSpec (93ca3bd6-9e8e-4fad-8a06-88e5654a29fc) to the foreground
06-01 06:53:53.512  5362  5362 D WM-SystemFgDispatcher: Notifying with (id:1123, workSpecId: 93ca3bd6-9e8e-4fad-8a06-88e5654a29fc, notificationType :1)
06-01 06:53:53.605  5362  5388 D WM-WorkProgressUpdater: Updating progress for 93ca3bd6-9e8e-4fad-8a06-88e5654a29fc (Data {downloadedBytes : 205529088, totalBytes : 343662592})
06-01 06:53:53.612  5362  5387 I WM-Processor: Moving WorkSpec (93ca3bd6-9e8e-4fad-8a06-88e5654a29fc) to the foreground
06-01 06:53:53.616  5362  5362 D WM-SystemFgDispatcher: Notifying with (id:1123, workSpecId: 93ca3bd6-9e8e-4fad-8a06-88e5654a29fc, notificationType :1)
06-01 06:53:53.699  5362  5383 D WM-WorkProgressUpdater: Updating progress for 93ca3bd6-9e8e-4fad-8a06-88e5654a29fc (Data {downloadedBytes : 207626240, totalBytes : 343662592})
06-01 06:53:53.704  5362  5383 I WM-Processor: Moving WorkSpec (93ca3bd6-9e8e-4fad-8a06-88e5654a29fc) to the foreground
06-01 06:53:53.706  5362  5362 D WM-SystemFgDispatcher: Notifying with (id:1123, workSpecId: 93ca3bd6-9e8e-4fad-8a06-88e5654a29fc, notificationType :1)
06-01 06:53:53.783  5362  5388 D WM-WorkProgressUpdater: Updating progress for 93ca3bd6-9e8e-4fad-8a06-88e5654a29fc (Data {downloadedBytes : 209723392, totalBytes : 343662592})
06-01 06:53:53.787  5362  5383 I WM-Processor: Moving WorkSpec (93ca3bd6-9e8e-4fad-8a06-88e5654a29fc) to the foreground
06-01 06:53:53.789  5362  5362 D WM-SystemFgDispatcher: Notifying with (id:1123, workSpecId: 93ca3bd6-9e8e-4fad-8a06-88e5654a29fc, notificationType :1)
06-01 06:53:53.868  5362  5387 D WM-WorkProgressUpdater: Updating progress for 93ca3bd6-9e8e-4fad-8a06-88e5654a29fc (Data {downloadedBytes : 211820544, totalBytes : 343662592})
06-01 06:53:53.877  5362  5383 I WM-Processor: Moving WorkSpec (93ca3bd6-9e8e-4fad-8a06-88e5654a29fc) to the foreground
06-01 06:53:53.880  5362  5362 D WM-SystemFgDispatcher: Notifying with (id:1123, workSpecId: 93ca3bd6-9e8e-4fad-8a06-88e5654a29fc, notificationType :1)
06-01 06:53:53.946  5362  5387 D WM-WorkProgressUpdater: Updating progress for 93ca3bd6-9e8e-4fad-8a06-88e5654a29fc (Data {downloadedBytes : 213917696, totalBytes : 343662592})
06-01 06:53:53.952  5362  5383 I WM-Processor: Moving WorkSpec (93ca3bd6-9e8e-4fad-8a06-88e5654a29fc) to the foreground
06-01 06:53:53.954  5362  5362 D WM-SystemFgDispatcher: Notifying with (id:1123, workSpecId: 93ca3bd6-9e8e-4fad-8a06-88e5654a29fc, notificationType :1)
06-01 06:53:54.032  5362  5388 D WM-WorkProgressUpdater: Updating progress for 93ca3bd6-9e8e-4fad-8a06-88e5654a29fc (Data {downloadedBytes : 216014848, totalBytes : 343662592})
06-01 06:53:54.036  5362  5383 I WM-Processor: Moving WorkSpec (93ca3bd6-9e8e-4fad-8a06-88e5654a29fc) to the foreground
06-01 06:53:54.038  5362  5362 D WM-SystemFgDispatcher: Notifying with (id:1123, workSpecId: 93ca3bd6-9e8e-4fad-8a06-88e5654a29fc, notificationType :1)
06-01 06:53:54.109  5362  5387 D WM-WorkProgressUpdater: Updating progress for 93ca3bd6-9e8e-4fad-8a06-88e5654a29fc (Data {downloadedBytes : 218112000, totalBytes : 343662592})
06-01 06:53:54.113  5362  5383 I WM-Processor: Moving WorkSpec (93ca3bd6-9e8e-4fad-8a06-88e5654a29fc) to the foreground
06-01 06:53:54.115  5362  5362 D WM-SystemFgDispatcher: Notifying with (id:1123, workSpecId: 93ca3bd6-9e8e-4fad-8a06-88e5654a29fc, notificationType :1)
06-01 06:53:54.187  5362  5388 D WM-WorkProgressUpdater: Updating progress for 93ca3bd6-9e8e-4fad-8a06-88e5654a29fc (Data {downloadedBytes : 220209152, totalBytes : 343662592})
06-01 06:53:54.192  5362  5383 I WM-Processor: Moving WorkSpec (93ca3bd6-9e8e-4fad-8a06-88e5654a29fc) to the foreground
06-01 06:53:54.194  5362  5362 D WM-SystemFgDispatcher: Notifying with (id:1123, workSpecId: 93ca3bd6-9e8e-4fad-8a06-88e5654a29fc, notificationType :1)
06-01 06:53:54.275  5362  5387 D WM-WorkProgressUpdater: Updating progress for 93ca3bd6-9e8e-4fad-8a06-88e5654a29fc (Data {downloadedBytes : 222306304, totalBytes : 343662592})
06-01 06:53:54.280  5362  5383 I WM-Processor: Moving WorkSpec (93ca3bd6-9e8e-4fad-8a06-88e5654a29fc) to the foreground
06-01 06:53:54.282  5362  5362 D WM-SystemFgDispatcher: Notifying with (id:1123, workSpecId: 93ca3bd6-9e8e-4fad-8a06-88e5654a29fc, notificationType :1)
06-01 06:53:54.352  5362  5388 D WM-WorkProgressUpdater: Updating progress for 93ca3bd6-9e8e-4fad-8a06-88e5654a29fc (Data {downloadedBytes : 224403456, totalBytes : 343662592})
06-01 06:53:54.358  5362  5383 I WM-Processor: Moving WorkSpec (93ca3bd6-9e8e-4fad-8a06-88e5654a29fc) to the foreground
06-01 06:53:54.360  5362  5362 D WM-SystemFgDispatcher: Notifying with (id:1123, workSpecId: 93ca3bd6-9e8e-4fad-8a06-88e5654a29fc, notificationType :1)
06-01 06:53:54.427  5362  5387 D WM-WorkProgressUpdater: Updating progress for 93ca3bd6-9e8e-4fad-8a06-88e5654a29fc (Data {downloadedBytes : 226500608, totalBytes : 343662592})
06-01 06:53:54.433  5362  5383 I WM-Processor: Moving WorkSpec (93ca3bd6-9e8e-4fad-8a06-88e5654a29fc) to the foreground
06-01 06:53:54.437  5362  5362 D WM-SystemFgDispatcher: Notifying with (id:1123, workSpecId: 93ca3bd6-9e8e-4fad-8a06-88e5654a29fc, notificationType :1)
06-01 06:53:54.508  5362  5388 D WM-WorkProgressUpdater: Updating progress for 93ca3bd6-9e8e-4fad-8a06-88e5654a29fc (Data {downloadedBytes : 228597760, totalBytes : 343662592})
06-01 06:53:54.518  5362  5383 I WM-Processor: Moving WorkSpec (93ca3bd6-9e8e-4fad-8a06-88e5654a29fc) to the foreground
06-01 06:53:54.520  5362  5362 D WM-SystemFgDispatcher: Notifying with (id:1123, workSpecId: 93ca3bd6-9e8e-4fad-8a06-88e5654a29fc, notificationType :1)
06-01 06:53:54.603  5362  5387 D WM-WorkProgressUpdater: Updating progress for 93ca3bd6-9e8e-4fad-8a06-88e5654a29fc (Data {downloadedBytes : 230694912, totalBytes : 343662592})
06-01 06:53:54.609  5362  5387 I WM-Processor: Moving WorkSpec (93ca3bd6-9e8e-4fad-8a06-88e5654a29fc) to the foreground
06-01 06:53:54.612  5362  5362 D WM-SystemFgDispatcher: Notifying with (id:1123, workSpecId: 93ca3bd6-9e8e-4fad-8a06-88e5654a29fc, notificationType :1)
06-01 06:53:54.679  5362  5388 D WM-WorkProgressUpdater: Updating progress for 93ca3bd6-9e8e-4fad-8a06-88e5654a29fc (Data {downloadedBytes : 232792064, totalBytes : 343662592})
06-01 06:53:54.685  5362  5387 I WM-Processor: Moving WorkSpec (93ca3bd6-9e8e-4fad-8a06-88e5654a29fc) to the foreground
06-01 06:53:54.687  5362  5362 D WM-SystemFgDispatcher: Notifying with (id:1123, workSpecId: 93ca3bd6-9e8e-4fad-8a06-88e5654a29fc, notificationType :1)
06-01 06:53:54.764  5362  5383 D WM-WorkProgressUpdater: Updating progress for 93ca3bd6-9e8e-4fad-8a06-88e5654a29fc (Data {downloadedBytes : 234889216, totalBytes : 343662592})
06-01 06:53:54.768  5362  5383 I WM-Processor: Moving WorkSpec (93ca3bd6-9e8e-4fad-8a06-88e5654a29fc) to the foreground
06-01 06:53:54.770  5362  5362 D WM-SystemFgDispatcher: Notifying with (id:1123, workSpecId: 93ca3bd6-9e8e-4fad-8a06-88e5654a29fc, notificationType :1)
06-01 06:53:54.834  5362  5388 D WM-WorkProgressUpdater: Updating progress for 93ca3bd6-9e8e-4fad-8a06-88e5654a29fc (Data {downloadedBytes : 236986368, totalBytes : 343662592})
06-01 06:53:54.838  5362  5383 I WM-Processor: Moving WorkSpec (93ca3bd6-9e8e-4fad-8a06-88e5654a29fc) to the foreground
06-01 06:53:54.840  5362  5362 D WM-SystemFgDispatcher: Notifying with (id:1123, workSpecId: 93ca3bd6-9e8e-4fad-8a06-88e5654a29fc, notificationType :1)
06-01 06:53:54.916  5362  5387 D WM-WorkProgressUpdater: Updating progress for 93ca3bd6-9e8e-4fad-8a06-88e5654a29fc (Data {downloadedBytes : 239083520, totalBytes : 343662592})
06-01 06:53:54.922  5362  5383 I WM-Processor: Moving WorkSpec (93ca3bd6-9e8e-4fad-8a06-88e5654a29fc) to the foreground
06-01 06:53:54.925  5362  5362 D WM-SystemFgDispatcher: Notifying with (id:1123, workSpecId: 93ca3bd6-9e8e-4fad-8a06-88e5654a29fc, notificationType :1)
06-01 06:53:55.041  5362  5388 D WM-WorkProgressUpdater: Updating progress for 93ca3bd6-9e8e-4fad-8a06-88e5654a29fc (Data {downloadedBytes : 241180672, totalBytes : 343662592})
06-01 06:53:55.054  5362  5383 I WM-Processor: Moving WorkSpec (93ca3bd6-9e8e-4fad-8a06-88e5654a29fc) to the foreground
06-01 06:53:55.058  5362  5362 D WM-SystemFgDispatcher: Notifying with (id:1123, workSpecId: 93ca3bd6-9e8e-4fad-8a06-88e5654a29fc, notificationType :1)
06-01 06:53:55.163  5362  5387 D WM-WorkProgressUpdater: Updating progress for 93ca3bd6-9e8e-4fad-8a06-88e5654a29fc (Data {downloadedBytes : 243277824, totalBytes : 343662592})
06-01 06:53:55.176  5362  5383 I WM-Processor: Moving WorkSpec (93ca3bd6-9e8e-4fad-8a06-88e5654a29fc) to the foreground
06-01 06:53:55.180  5362  5362 D WM-SystemFgDispatcher: Notifying with (id:1123, workSpecId: 93ca3bd6-9e8e-4fad-8a06-88e5654a29fc, notificationType :1)
06-01 06:53:55.282  5362  5387 D WM-WorkProgressUpdater: Updating progress for 93ca3bd6-9e8e-4fad-8a06-88e5654a29fc (Data {downloadedBytes : 245374976, totalBytes : 343662592})
06-01 06:53:55.291  5362  5387 I WM-Processor: Moving WorkSpec (93ca3bd6-9e8e-4fad-8a06-88e5654a29fc) to the foreground
06-01 06:53:55.297  5362  5362 D WM-SystemFgDispatcher: Notifying with (id:1123, workSpecId: 93ca3bd6-9e8e-4fad-8a06-88e5654a29fc, notificationType :1)
06-01 06:53:55.405  5362  5388 D WM-WorkProgressUpdater: Updating progress for 93ca3bd6-9e8e-4fad-8a06-88e5654a29fc (Data {downloadedBytes : 247472128, totalBytes : 343662592})
06-01 06:53:55.411  5362  5387 I WM-Processor: Moving WorkSpec (93ca3bd6-9e8e-4fad-8a06-88e5654a29fc) to the foreground
06-01 06:53:55.413  5362  5362 D WM-SystemFgDispatcher: Notifying with (id:1123, workSpecId: 93ca3bd6-9e8e-4fad-8a06-88e5654a29fc, notificationType :1)
06-01 06:53:55.491  5362  5388 D WM-WorkProgressUpdater: Updating progress for 93ca3bd6-9e8e-4fad-8a06-88e5654a29fc (Data {downloadedBytes : 249569280, totalBytes : 343662592})
06-01 06:53:55.496  5362  5387 I WM-Processor: Moving WorkSpec (93ca3bd6-9e8e-4fad-8a06-88e5654a29fc) to the foreground
06-01 06:53:55.499  5362  5362 D WM-SystemFgDispatcher: Notifying with (id:1123, workSpecId: 93ca3bd6-9e8e-4fad-8a06-88e5654a29fc, notificationType :1)
06-01 06:53:55.572  5362  5388 D WM-WorkProgressUpdater: Updating progress for 93ca3bd6-9e8e-4fad-8a06-88e5654a29fc (Data {downloadedBytes : 251666432, totalBytes : 343662592})
06-01 06:53:55.579  5362  5387 I WM-Processor: Moving WorkSpec (93ca3bd6-9e8e-4fad-8a06-88e5654a29fc) to the foreground
06-01 06:53:55.581  5362  5362 D WM-SystemFgDispatcher: Notifying with (id:1123, workSpecId: 93ca3bd6-9e8e-4fad-8a06-88e5654a29fc, notificationType :1)
06-01 06:53:55.652  5362  5388 D WM-WorkProgressUpdater: Updating progress for 93ca3bd6-9e8e-4fad-8a06-88e5654a29fc (Data {downloadedBytes : 253763584, totalBytes : 343662592})
06-01 06:53:55.660  5362  5387 I WM-Processor: Moving WorkSpec (93ca3bd6-9e8e-4fad-8a06-88e5654a29fc) to the foreground
06-01 06:53:55.662  5362  5362 D WM-SystemFgDispatcher: Notifying with (id:1123, workSpecId: 93ca3bd6-9e8e-4fad-8a06-88e5654a29fc, notificationType :1)
06-01 06:53:55.734  5362  5383 D WM-WorkProgressUpdater: Updating progress for 93ca3bd6-9e8e-4fad-8a06-88e5654a29fc (Data {downloadedBytes : 255860736, totalBytes : 343662592})
06-01 06:53:55.740  5362  5387 I WM-Processor: Moving WorkSpec (93ca3bd6-9e8e-4fad-8a06-88e5654a29fc) to the foreground
06-01 06:53:55.742  5362  5362 D WM-SystemFgDispatcher: Notifying with (id:1123, workSpecId: 93ca3bd6-9e8e-4fad-8a06-88e5654a29fc, notificationType :1)
06-01 06:53:55.814  5362  5388 D WM-WorkProgressUpdater: Updating progress for 93ca3bd6-9e8e-4fad-8a06-88e5654a29fc (Data {downloadedBytes : 257957888, totalBytes : 343662592})
06-01 06:53:55.818  5362  5387 I WM-Processor: Moving WorkSpec (93ca3bd6-9e8e-4fad-8a06-88e5654a29fc) to the foreground
06-01 06:53:55.820  5362  5362 D WM-SystemFgDispatcher: Notifying with (id:1123, workSpecId: 93ca3bd6-9e8e-4fad-8a06-88e5654a29fc, notificationType :1)
06-01 06:53:55.887  5362  5383 D WM-WorkProgressUpdater: Updating progress for 93ca3bd6-9e8e-4fad-8a06-88e5654a29fc (Data {downloadedBytes : 260055040, totalBytes : 343662592})
06-01 06:53:55.892  5362  5387 I WM-Processor: Moving WorkSpec (93ca3bd6-9e8e-4fad-8a06-88e5654a29fc) to the foreground
06-01 06:53:55.894  5362  5362 D WM-SystemFgDispatcher: Notifying with (id:1123, workSpecId: 93ca3bd6-9e8e-4fad-8a06-88e5654a29fc, notificationType :1)
06-01 06:53:55.971  5362  5388 D WM-WorkProgressUpdater: Updating progress for 93ca3bd6-9e8e-4fad-8a06-88e5654a29fc (Data {downloadedBytes : 262152192, totalBytes : 343662592})
06-01 06:53:55.975  5362  5387 I WM-Processor: Moving WorkSpec (93ca3bd6-9e8e-4fad-8a06-88e5654a29fc) to the foreground
06-01 06:53:55.977  5362  5362 D WM-SystemFgDispatcher: Notifying with (id:1123, workSpecId: 93ca3bd6-9e8e-4fad-8a06-88e5654a29fc, notificationType :1)
06-01 06:53:56.046  5362  5383 D WM-WorkProgressUpdater: Updating progress for 93ca3bd6-9e8e-4fad-8a06-88e5654a29fc (Data {downloadedBytes : 264249344, totalBytes : 343662592})
06-01 06:53:56.054  5362  5387 I WM-Processor: Moving WorkSpec (93ca3bd6-9e8e-4fad-8a06-88e5654a29fc) to the foreground
06-01 06:53:56.056  5362  5362 D WM-SystemFgDispatcher: Notifying with (id:1123, workSpecId: 93ca3bd6-9e8e-4fad-8a06-88e5654a29fc, notificationType :1)
06-01 06:53:56.124  5362  5388 D WM-WorkProgressUpdater: Updating progress for 93ca3bd6-9e8e-4fad-8a06-88e5654a29fc (Data {downloadedBytes : 266346496, totalBytes : 343662592})
06-01 06:53:56.130  5362  5387 I WM-Processor: Moving WorkSpec (93ca3bd6-9e8e-4fad-8a06-88e5654a29fc) to the foreground
06-01 06:53:56.132  5362  5362 D WM-SystemFgDispatcher: Notifying with (id:1123, workSpecId: 93ca3bd6-9e8e-4fad-8a06-88e5654a29fc, notificationType :1)
06-01 06:53:56.207  5362  5383 D WM-WorkProgressUpdater: Updating progress for 93ca3bd6-9e8e-4fad-8a06-88e5654a29fc (Data {downloadedBytes : 268443648, totalBytes : 343662592})
06-01 06:53:56.211  5362  5387 I WM-Processor: Moving WorkSpec (93ca3bd6-9e8e-4fad-8a06-88e5654a29fc) to the foreground
06-01 06:53:56.213  5362  5362 D WM-SystemFgDispatcher: Notifying with (id:1123, workSpecId: 93ca3bd6-9e8e-4fad-8a06-88e5654a29fc, notificationType :1)
06-01 06:53:56.286  5362  5388 D WM-WorkProgressUpdater: Updating progress for 93ca3bd6-9e8e-4fad-8a06-88e5654a29fc (Data {downloadedBytes : 270540800, totalBytes : 343662592})
06-01 06:53:56.289  5362  5387 I WM-Processor: Moving WorkSpec (93ca3bd6-9e8e-4fad-8a06-88e5654a29fc) to the foreground
06-01 06:53:56.292  5362  5362 D WM-SystemFgDispatcher: Notifying with (id:1123, workSpecId: 93ca3bd6-9e8e-4fad-8a06-88e5654a29fc, notificationType :1)
06-01 06:53:56.369  5362  5388 D WM-WorkProgressUpdater: Updating progress for 93ca3bd6-9e8e-4fad-8a06-88e5654a29fc (Data {downloadedBytes : 272637952, totalBytes : 343662592})
06-01 06:53:56.375  5362  5388 I WM-Processor: Moving WorkSpec (93ca3bd6-9e8e-4fad-8a06-88e5654a29fc) to the foreground
06-01 06:53:56.390  5362  5362 D WM-SystemFgDispatcher: Notifying with (id:1123, workSpecId: 93ca3bd6-9e8e-4fad-8a06-88e5654a29fc, notificationType :1)
06-01 06:53:56.462  5362  5383 D WM-WorkProgressUpdater: Updating progress for 93ca3bd6-9e8e-4fad-8a06-88e5654a29fc (Data {downloadedBytes : 274735104, totalBytes : 343662592})
06-01 06:53:56.469  5362  5388 I WM-Processor: Moving WorkSpec (93ca3bd6-9e8e-4fad-8a06-88e5654a29fc) to the foreground
06-01 06:53:56.472  5362  5362 D WM-SystemFgDispatcher: Notifying with (id:1123, workSpecId: 93ca3bd6-9e8e-4fad-8a06-88e5654a29fc, notificationType :1)
06-01 06:53:56.551  5362  5387 D WM-WorkProgressUpdater: Updating progress for 93ca3bd6-9e8e-4fad-8a06-88e5654a29fc (Data {downloadedBytes : 276832256, totalBytes : 343662592})
06-01 06:53:56.556  5362  5388 I WM-Processor: Moving WorkSpec (93ca3bd6-9e8e-4fad-8a06-88e5654a29fc) to the foreground
06-01 06:53:56.558  5362  5362 D WM-SystemFgDispatcher: Notifying with (id:1123, workSpecId: 93ca3bd6-9e8e-4fad-8a06-88e5654a29fc, notificationType :1)
06-01 06:53:56.631  5362  5383 D WM-WorkProgressUpdater: Updating progress for 93ca3bd6-9e8e-4fad-8a06-88e5654a29fc (Data {downloadedBytes : 278929408, totalBytes : 343662592})
06-01 06:53:56.636  5362  5388 I WM-Processor: Moving WorkSpec (93ca3bd6-9e8e-4fad-8a06-88e5654a29fc) to the foreground
06-01 06:53:56.639  5362  5362 D WM-SystemFgDispatcher: Notifying with (id:1123, workSpecId: 93ca3bd6-9e8e-4fad-8a06-88e5654a29fc, notificationType :1)
06-01 06:53:56.713  5362  5387 D WM-WorkProgressUpdater: Updating progress for 93ca3bd6-9e8e-4fad-8a06-88e5654a29fc (Data {downloadedBytes : 281026560, totalBytes : 343662592})
06-01 06:53:56.718  5362  5388 I WM-Processor: Moving WorkSpec (93ca3bd6-9e8e-4fad-8a06-88e5654a29fc) to the foreground
06-01 06:53:56.721  5362  5362 D WM-SystemFgDispatcher: Notifying with (id:1123, workSpecId: 93ca3bd6-9e8e-4fad-8a06-88e5654a29fc, notificationType :1)
06-01 06:53:56.789  5362  5383 D WM-WorkProgressUpdater: Updating progress for 93ca3bd6-9e8e-4fad-8a06-88e5654a29fc (Data {downloadedBytes : 283123712, totalBytes : 343662592})
06-01 06:53:56.794  5362  5388 I WM-Processor: Moving WorkSpec (93ca3bd6-9e8e-4fad-8a06-88e5654a29fc) to the foreground
06-01 06:53:56.797  5362  5362 D WM-SystemFgDispatcher: Notifying with (id:1123, workSpecId: 93ca3bd6-9e8e-4fad-8a06-88e5654a29fc, notificationType :1)
06-01 06:53:56.868  5362  5387 D WM-WorkProgressUpdater: Updating progress for 93ca3bd6-9e8e-4fad-8a06-88e5654a29fc (Data {downloadedBytes : 285220864, totalBytes : 343662592})
06-01 06:53:56.872  5362  5388 I WM-Processor: Moving WorkSpec (93ca3bd6-9e8e-4fad-8a06-88e5654a29fc) to the foreground
06-01 06:53:56.875  5362  5362 D WM-SystemFgDispatcher: Notifying with (id:1123, workSpecId: 93ca3bd6-9e8e-4fad-8a06-88e5654a29fc, notificationType :1)
06-01 06:53:56.943  5362  5383 D WM-WorkProgressUpdater: Updating progress for 93ca3bd6-9e8e-4fad-8a06-88e5654a29fc (Data {downloadedBytes : 287318016, totalBytes : 343662592})
06-01 06:53:56.948  5362  5388 I WM-Processor: Moving WorkSpec (93ca3bd6-9e8e-4fad-8a06-88e5654a29fc) to the foreground
06-01 06:53:56.950  5362  5362 D WM-SystemFgDispatcher: Notifying with (id:1123, workSpecId: 93ca3bd6-9e8e-4fad-8a06-88e5654a29fc, notificationType :1)
06-01 06:53:57.021  5362  5387 D WM-WorkProgressUpdater: Updating progress for 93ca3bd6-9e8e-4fad-8a06-88e5654a29fc (Data {downloadedBytes : 289415168, totalBytes : 343662592})
06-01 06:53:57.025  5362  5388 I WM-Processor: Moving WorkSpec (93ca3bd6-9e8e-4fad-8a06-88e5654a29fc) to the foreground
06-01 06:53:57.027  5362  5362 D WM-SystemFgDispatcher: Notifying with (id:1123, workSpecId: 93ca3bd6-9e8e-4fad-8a06-88e5654a29fc, notificationType :1)
06-01 06:53:57.097  5362  5383 D WM-WorkProgressUpdater: Updating progress for 93ca3bd6-9e8e-4fad-8a06-88e5654a29fc (Data {downloadedBytes : 291512320, totalBytes : 343662592})
06-01 06:53:57.101  5362  5388 I WM-Processor: Moving WorkSpec (93ca3bd6-9e8e-4fad-8a06-88e5654a29fc) to the foreground
06-01 06:53:57.104  5362  5362 D WM-SystemFgDispatcher: Notifying with (id:1123, workSpecId: 93ca3bd6-9e8e-4fad-8a06-88e5654a29fc, notificationType :1)
06-01 06:53:57.170  5362  5387 D WM-WorkProgressUpdater: Updating progress for 93ca3bd6-9e8e-4fad-8a06-88e5654a29fc (Data {downloadedBytes : 293609472, totalBytes : 343662592})
06-01 06:53:57.174  5362  5388 I WM-Processor: Moving WorkSpec (93ca3bd6-9e8e-4fad-8a06-88e5654a29fc) to the foreground
06-01 06:53:57.177  5362  5362 D WM-SystemFgDispatcher: Notifying with (id:1123, workSpecId: 93ca3bd6-9e8e-4fad-8a06-88e5654a29fc, notificationType :1)
06-01 06:53:57.245  5362  5383 D WM-WorkProgressUpdater: Updating progress for 93ca3bd6-9e8e-4fad-8a06-88e5654a29fc (Data {downloadedBytes : 295706624, totalBytes : 343662592})
06-01 06:53:57.251  5362  5388 I WM-Processor: Moving WorkSpec (93ca3bd6-9e8e-4fad-8a06-88e5654a29fc) to the foreground
06-01 06:53:57.253  5362  5362 D WM-SystemFgDispatcher: Notifying with (id:1123, workSpecId: 93ca3bd6-9e8e-4fad-8a06-88e5654a29fc, notificationType :1)
06-01 06:53:57.326  5362  5387 D WM-WorkProgressUpdater: Updating progress for 93ca3bd6-9e8e-4fad-8a06-88e5654a29fc (Data {downloadedBytes : 297803776, totalBytes : 343662592})
06-01 06:53:57.332  5362  5388 I WM-Processor: Moving WorkSpec (93ca3bd6-9e8e-4fad-8a06-88e5654a29fc) to the foreground
06-01 06:53:57.335  5362  5362 D WM-SystemFgDispatcher: Notifying with (id:1123, workSpecId: 93ca3bd6-9e8e-4fad-8a06-88e5654a29fc, notificationType :1)
06-01 06:53:57.407  5362  5383 D WM-WorkProgressUpdater: Updating progress for 93ca3bd6-9e8e-4fad-8a06-88e5654a29fc (Data {downloadedBytes : 299900928, totalBytes : 343662592})
06-01 06:53:57.412  5362  5388 I WM-Processor: Moving WorkSpec (93ca3bd6-9e8e-4fad-8a06-88e5654a29fc) to the foreground
06-01 06:53:57.415  5362  5362 D WM-SystemFgDispatcher: Notifying with (id:1123, workSpecId: 93ca3bd6-9e8e-4fad-8a06-88e5654a29fc, notificationType :1)
06-01 06:53:57.479  5362  5387 D WM-WorkProgressUpdater: Updating progress for 93ca3bd6-9e8e-4fad-8a06-88e5654a29fc (Data {downloadedBytes : 301998080, totalBytes : 343662592})
06-01 06:53:57.485  5362  5388 I WM-Processor: Moving WorkSpec (93ca3bd6-9e8e-4fad-8a06-88e5654a29fc) to the foreground
06-01 06:53:57.487  5362  5362 D WM-SystemFgDispatcher: Notifying with (id:1123, workSpecId: 93ca3bd6-9e8e-4fad-8a06-88e5654a29fc, notificationType :1)
06-01 06:53:57.570  5362  5387 D WM-WorkProgressUpdater: Updating progress for 93ca3bd6-9e8e-4fad-8a06-88e5654a29fc (Data {downloadedBytes : 304095232, totalBytes : 343662592})
06-01 06:53:57.575  5362  5388 I WM-Processor: Moving WorkSpec (93ca3bd6-9e8e-4fad-8a06-88e5654a29fc) to the foreground
06-01 06:53:57.578  5362  5362 D WM-SystemFgDispatcher: Notifying with (id:1123, workSpecId: 93ca3bd6-9e8e-4fad-8a06-88e5654a29fc, notificationType :1)
06-01 06:53:57.662  5362  5383 D WM-WorkProgressUpdater: Updating progress for 93ca3bd6-9e8e-4fad-8a06-88e5654a29fc (Data {downloadedBytes : 306192384, totalBytes : 343662592})
06-01 06:53:57.668  5362  5388 I WM-Processor: Moving WorkSpec (93ca3bd6-9e8e-4fad-8a06-88e5654a29fc) to the foreground
06-01 06:53:57.671  5362  5362 D WM-SystemFgDispatcher: Notifying with (id:1123, workSpecId: 93ca3bd6-9e8e-4fad-8a06-88e5654a29fc, notificationType :1)
06-01 06:53:57.758  5362  5387 D WM-WorkProgressUpdater: Updating progress for 93ca3bd6-9e8e-4fad-8a06-88e5654a29fc (Data {downloadedBytes : 308289536, totalBytes : 343662592})
06-01 06:53:57.764  5362  5388 I WM-Processor: Moving WorkSpec (93ca3bd6-9e8e-4fad-8a06-88e5654a29fc) to the foreground
06-01 06:53:57.766  5362  5362 D WM-SystemFgDispatcher: Notifying with (id:1123, workSpecId: 93ca3bd6-9e8e-4fad-8a06-88e5654a29fc, notificationType :1)
06-01 06:53:57.850  5362  5383 D WM-WorkProgressUpdater: Updating progress for 93ca3bd6-9e8e-4fad-8a06-88e5654a29fc (Data {downloadedBytes : 310386688, totalBytes : 343662592})
06-01 06:53:57.854  5362  5388 I WM-Processor: Moving WorkSpec (93ca3bd6-9e8e-4fad-8a06-88e5654a29fc) to the foreground
06-01 06:53:57.859  5362  5362 D WM-SystemFgDispatcher: Notifying with (id:1123, workSpecId: 93ca3bd6-9e8e-4fad-8a06-88e5654a29fc, notificationType :1)
06-01 06:53:57.930  5362  5387 D WM-WorkProgressUpdater: Updating progress for 93ca3bd6-9e8e-4fad-8a06-88e5654a29fc (Data {downloadedBytes : 312483840, totalBytes : 343662592})
06-01 06:53:57.936  5362  5388 I WM-Processor: Moving WorkSpec (93ca3bd6-9e8e-4fad-8a06-88e5654a29fc) to the foreground
06-01 06:53:57.939  5362  5362 D WM-SystemFgDispatcher: Notifying with (id:1123, workSpecId: 93ca3bd6-9e8e-4fad-8a06-88e5654a29fc, notificationType :1)
06-01 06:53:58.014  5362  5383 D WM-WorkProgressUpdater: Updating progress for 93ca3bd6-9e8e-4fad-8a06-88e5654a29fc (Data {downloadedBytes : 314580992, totalBytes : 343662592})
06-01 06:53:58.020  5362  5388 I WM-Processor: Moving WorkSpec (93ca3bd6-9e8e-4fad-8a06-88e5654a29fc) to the foreground
06-01 06:53:58.023  5362  5362 D WM-SystemFgDispatcher: Notifying with (id:1123, workSpecId: 93ca3bd6-9e8e-4fad-8a06-88e5654a29fc, notificationType :1)
06-01 06:53:58.090  5362  5387 D WM-WorkProgressUpdater: Updating progress for 93ca3bd6-9e8e-4fad-8a06-88e5654a29fc (Data {downloadedBytes : 316678144, totalBytes : 343662592})
06-01 06:53:58.097  5362  5388 I WM-Processor: Moving WorkSpec (93ca3bd6-9e8e-4fad-8a06-88e5654a29fc) to the foreground
06-01 06:53:58.100  5362  5362 D WM-SystemFgDispatcher: Notifying with (id:1123, workSpecId: 93ca3bd6-9e8e-4fad-8a06-88e5654a29fc, notificationType :1)
06-01 06:53:58.163  5362  5383 D WM-WorkProgressUpdater: Updating progress for 93ca3bd6-9e8e-4fad-8a06-88e5654a29fc (Data {downloadedBytes : 318775296, totalBytes : 343662592})
06-01 06:53:58.170  5362  5388 I WM-Processor: Moving WorkSpec (93ca3bd6-9e8e-4fad-8a06-88e5654a29fc) to the foreground
06-01 06:53:58.173  5362  5362 D WM-SystemFgDispatcher: Notifying with (id:1123, workSpecId: 93ca3bd6-9e8e-4fad-8a06-88e5654a29fc, notificationType :1)
06-01 06:53:58.242  5362  5387 D WM-WorkProgressUpdater: Updating progress for 93ca3bd6-9e8e-4fad-8a06-88e5654a29fc (Data {downloadedBytes : 320872448, totalBytes : 343662592})
06-01 06:53:58.248  5362  5388 I WM-Processor: Moving WorkSpec (93ca3bd6-9e8e-4fad-8a06-88e5654a29fc) to the foreground
06-01 06:53:58.250  5362  5362 D WM-SystemFgDispatcher: Notifying with (id:1123, workSpecId: 93ca3bd6-9e8e-4fad-8a06-88e5654a29fc, notificationType :1)
06-01 06:53:58.322  5362  5383 D WM-WorkProgressUpdater: Updating progress for 93ca3bd6-9e8e-4fad-8a06-88e5654a29fc (Data {downloadedBytes : 322969600, totalBytes : 343662592})
06-01 06:53:58.328  5362  5388 I WM-Processor: Moving WorkSpec (93ca3bd6-9e8e-4fad-8a06-88e5654a29fc) to the foreground
06-01 06:53:58.330  5362  5362 D WM-SystemFgDispatcher: Notifying with (id:1123, workSpecId: 93ca3bd6-9e8e-4fad-8a06-88e5654a29fc, notificationType :1)
06-01 06:53:58.397  5362  5387 D WM-WorkProgressUpdater: Updating progress for 93ca3bd6-9e8e-4fad-8a06-88e5654a29fc (Data {downloadedBytes : 325066752, totalBytes : 343662592})
06-01 06:53:58.404  5362  5388 I WM-Processor: Moving WorkSpec (93ca3bd6-9e8e-4fad-8a06-88e5654a29fc) to the foreground
06-01 06:53:58.406  5362  5362 D WM-SystemFgDispatcher: Notifying with (id:1123, workSpecId: 93ca3bd6-9e8e-4fad-8a06-88e5654a29fc, notificationType :1)
06-01 06:53:58.473  5362  5383 D WM-WorkProgressUpdater: Updating progress for 93ca3bd6-9e8e-4fad-8a06-88e5654a29fc (Data {downloadedBytes : 327163904, totalBytes : 343662592})
06-01 06:53:58.477  5362  5388 I WM-Processor: Moving WorkSpec (93ca3bd6-9e8e-4fad-8a06-88e5654a29fc) to the foreground
06-01 06:53:58.479  5362  5362 D WM-SystemFgDispatcher: Notifying with (id:1123, workSpecId: 93ca3bd6-9e8e-4fad-8a06-88e5654a29fc, notificationType :1)
06-01 06:53:58.549  5362  5387 D WM-WorkProgressUpdater: Updating progress for 93ca3bd6-9e8e-4fad-8a06-88e5654a29fc (Data {downloadedBytes : 329261056, totalBytes : 343662592})
06-01 06:53:58.553  5362  5388 I WM-Processor: Moving WorkSpec (93ca3bd6-9e8e-4fad-8a06-88e5654a29fc) to the foreground
06-01 06:53:58.555  5362  5362 D WM-SystemFgDispatcher: Notifying with (id:1123, workSpecId: 93ca3bd6-9e8e-4fad-8a06-88e5654a29fc, notificationType :1)
06-01 06:53:58.617  5362  5383 D WM-WorkProgressUpdater: Updating progress for 93ca3bd6-9e8e-4fad-8a06-88e5654a29fc (Data {downloadedBytes : 331358208, totalBytes : 343662592})
06-01 06:53:58.623  5362  5388 I WM-Processor: Moving WorkSpec (93ca3bd6-9e8e-4fad-8a06-88e5654a29fc) to the foreground
06-01 06:53:58.625  5362  5362 D WM-SystemFgDispatcher: Notifying with (id:1123, workSpecId: 93ca3bd6-9e8e-4fad-8a06-88e5654a29fc, notificationType :1)
06-01 06:53:58.682  5362  5387 D WM-WorkProgressUpdater: Updating progress for 93ca3bd6-9e8e-4fad-8a06-88e5654a29fc (Data {downloadedBytes : 333455360, totalBytes : 343662592})
06-01 06:53:58.688  5362  5388 I WM-Processor: Moving WorkSpec (93ca3bd6-9e8e-4fad-8a06-88e5654a29fc) to the foreground
06-01 06:53:58.690  5362  5362 D WM-SystemFgDispatcher: Notifying with (id:1123, workSpecId: 93ca3bd6-9e8e-4fad-8a06-88e5654a29fc, notificationType :1)
06-01 06:53:58.758  5362  5383 D WM-WorkProgressUpdater: Updating progress for 93ca3bd6-9e8e-4fad-8a06-88e5654a29fc (Data {downloadedBytes : 335552512, totalBytes : 343662592})
06-01 06:53:58.764  5362  5388 I WM-Processor: Moving WorkSpec (93ca3bd6-9e8e-4fad-8a06-88e5654a29fc) to the foreground
06-01 06:53:58.768  5362  5362 D WM-SystemFgDispatcher: Notifying with (id:1123, workSpecId: 93ca3bd6-9e8e-4fad-8a06-88e5654a29fc, notificationType :1)
06-01 06:53:58.838  5362  5383 D WM-WorkProgressUpdater: Updating progress for 93ca3bd6-9e8e-4fad-8a06-88e5654a29fc (Data {downloadedBytes : 337649664, totalBytes : 343662592})
06-01 06:53:58.843  5362  5388 I WM-Processor: Moving WorkSpec (93ca3bd6-9e8e-4fad-8a06-88e5654a29fc) to the foreground
06-01 06:53:58.846  5362  5362 D WM-SystemFgDispatcher: Notifying with (id:1123, workSpecId: 93ca3bd6-9e8e-4fad-8a06-88e5654a29fc, notificationType :1)
06-01 06:53:58.926  5362  5388 D WM-WorkProgressUpdater: Updating progress for 93ca3bd6-9e8e-4fad-8a06-88e5654a29fc (Data {downloadedBytes : 339746816, totalBytes : 343662592})
06-01 06:53:58.931  5362  5387 I WM-Processor: Moving WorkSpec (93ca3bd6-9e8e-4fad-8a06-88e5654a29fc) to the foreground
06-01 06:53:58.936  5362  5362 D WM-SystemFgDispatcher: Notifying with (id:1123, workSpecId: 93ca3bd6-9e8e-4fad-8a06-88e5654a29fc, notificationType :1)
06-01 06:53:59.003  5362  5383 D WM-WorkProgressUpdater: Updating progress for 93ca3bd6-9e8e-4fad-8a06-88e5654a29fc (Data {downloadedBytes : 341843968, totalBytes : 343662592})
06-01 06:53:59.008  5362  5387 I WM-Processor: Moving WorkSpec (93ca3bd6-9e8e-4fad-8a06-88e5654a29fc) to the foreground
06-01 06:53:59.012  5362  5362 D WM-SystemFgDispatcher: Notifying with (id:1123, workSpecId: 93ca3bd6-9e8e-4fad-8a06-88e5654a29fc, notificationType :1)
06-01 06:53:59.061  5362  5388 D WM-WorkProgressUpdater: Updating progress for 93ca3bd6-9e8e-4fad-8a06-88e5654a29fc (Data {downloadedBytes : 343662592, totalBytes : 343662592})
06-01 06:54:00.958  5362  5387 I WM-WorkerWrapper: Worker result SUCCESS for Work [ id=93ca3bd6-9e8e-4fad-8a06-88e5654a29fc, tags={ com.example.data.GraphDownloadWorker } ]
06-01 06:54:00.963  5362  5362 D WM-Processor: Processor 93ca3bd6-9e8e-4fad-8a06-88e5654a29fc executed; reschedule = false
06-01 06:54:00.963  5362  5362 D WM-SystemJobService: 93ca3bd6-9e8e-4fad-8a06-88e5654a29fc executed on JobScheduler
06-01 06:54:00.963  5362  5362 D WM-SystemFgDispatcher: Removing Notification (id: 1123, workSpecId: WorkGenerationalId(workSpecId=93ca3bd6-9e8e-4fad-8a06-88e5654a29fc, generation=0), notificationType: 1
06-01 06:54:00.965  5362  5362 I WM-SystemFgDispatcher: Stopping foreground service
06-01 06:54:00.965  5362  5362 D WM-SystemFgService: Shutting down.
06-01 06:54:00.965  5362  5387 D WM-PackageManagerHelper: androidx.work.impl.background.systemalarm.RescheduleReceiver disabled
06-01 06:54:00.972  5362  5387 D WM-GreedyScheduler: Cancelling work ID 93ca3bd6-9e8e-4fad-8a06-88e5654a29fc
06-01 06:54:00.973  5362  5362 D WM-SystemJobService: onStopJob for WorkGenerationalId(workSpecId=93ca3bd6-9e8e-4fad-8a06-88e5654a29fc, generation=0)
