06-01 07:31:55.687  1436  1754 I .apps.wellbeing: AssetManager2(0x7eea2377f8f8) locale list changing from [] to [en-US]
06-01 07:31:55.691  1436  1754 I .apps.wellbeing: AssetManager2(0x7eea23786018) locale list changing from [] to [en-US]
06-01 07:31:55.696  1436  1754 I .apps.wellbeing: AssetManager2(0x7eea2378c0f8) locale list changing from [] to [en-US]
06-01 07:31:55.699  1436  1754 I .apps.wellbeing: AssetManager2(0x7eea237872d8) locale list changing from [] to [en-US]
06-01 07:31:55.705  1436  1754 I .apps.wellbeing: AssetManager2(0x7eea23782198) locale list changing from [] to [en-US]
06-01 07:31:55.709  1436  1754 I .apps.wellbeing: AssetManager2(0x7eea2378c418) locale list changing from [] to [en-US]
06-01 07:31:55.720  1436  1754 I .apps.wellbeing: AssetManager2(0x7eea2377c6f8) locale list changing from [] to [en-US]
06-01 07:31:55.723  1436  1754 I .apps.wellbeing: AssetManager2(0x7eea23787f58) locale list changing from [] to [en-US]
06-01 07:31:55.738  1436  1754 I .apps.wellbeing: AssetManager2(0x7eea2378a7f8) locale list changing from [] to [en-US]
06-01 07:31:55.746  1436  1754 I .apps.wellbeing: AssetManager2(0x7eea23788bd8) locale list changing from [] to [en-US]
06-01 07:31:55.756  1436  1754 I .apps.wellbeing: AssetManager2(0x7eea23789218) locale list changing from [] to [en-US]
06-01 07:31:55.766  1436  1754 I .apps.wellbeing: AssetManager2(0x7eea23785078) locale list changing from [] to [en-US]
06-01 07:31:55.768  1436  1754 I .apps.wellbeing: AssetManager2(0x7eea23786978) locale list changing from [] to [en-US]
06-01 07:31:55.770  1436  1754 I .apps.wellbeing: AssetManager2(0x7eea23780898) locale list changing from [] to [en-US]
06-01 07:31:55.774  1436  1754 I .apps.wellbeing: AssetManager2(0x7eea23789538) locale list changing from [] to [en-US]
06-01 07:31:55.776  4161  4210 D WM-ForceStopRunnable: The default process name was not specified.
06-01 07:31:55.778  4161  4210 D WM-ForceStopRunnable: Performing cleanup operations.
06-01 07:31:55.787  1436  1754 I .apps.wellbeing: AssetManager2(0x7eea237856b8) locale list changing from [] to [en-US]
06-01 07:31:55.803  1436  1754 I .apps.wellbeing: AssetManager2(0x7eea2377ff38) locale list changing from [] to [en-US]
06-01 07:31:55.809  1436  1754 I .apps.wellbeing: AssetManager2(0x7eea2377e318) locale list changing from [] to [en-US]
06-01 07:31:55.810  4161  4210 E ashmem  : Pinning is deprecated since Android Q. Please use trim or other methods.
06-01 07:31:55.815  1436  1754 I .apps.wellbeing: AssetManager2(0x7eea2378e678) locale list changing from [] to [en-US]
06-01 07:31:55.817  1436  1754 I .apps.wellbeing: AssetManager2(0x7eea2378efd8) locale list changing from [] to [en-US]
06-01 07:31:55.820  1436  1754 I .apps.wellbeing: AssetManager2(0x7eea237924f8) locale list changing from [] to [en-US]
06-01 07:31:55.835  1436  1754 I .apps.wellbeing: AssetManager2(0x7eea2378c0f8) locale list changing from [] to [en-US]
06-01 07:31:55.839  1436  1754 I .apps.wellbeing: AssetManager2(0x7eea2377f8f8) locale list changing from [] to [en-US]
06-01 07:31:55.842  1436  1754 I .apps.wellbeing: AssetManager2(0x7eea2378a1b8) locale list changing from [] to [en-US]
06-01 07:31:55.848  1436  1754 I .apps.wellbeing: AssetManager2(0x7eea23785398) locale list changing from [] to [en-US]
06-01 07:31:55.851  1436  1754 I .apps.wellbeing: AssetManager2(0x7eea23786018) locale list changing from [] to [en-US]
06-01 07:31:55.854  1436  1754 I .apps.wellbeing: AssetManager2(0x7eea2378ecb8) locale list changing from [] to [en-US]
06-01 07:31:55.857  1436  1754 I .apps.wellbeing: AssetManager2(0x7eea23786c98) locale list changing from [] to [en-US]
06-01 07:31:55.864  1436  1754 I .apps.wellbeing: AssetManager2(0x7eea2378d9f8) locale list changing from [] to [en-US]
06-01 07:31:55.866  1436  1754 I .apps.wellbeing: AssetManager2(0x7eea23788278) locale list changing from [] to [en-US]
06-01 07:31:55.879  1436  1754 I .apps.wellbeing: AssetManager2(0x7eea23790bf8) locale list changing from [] to [en-US]
06-01 07:31:55.884  1436  1754 I .apps.wellbeing: AssetManager2(0x7eea237875f8) locale list changing from [] to [en-US]
06-01 07:31:55.886  1436  1754 I .apps.wellbeing: AssetManager2(0x7eea2378ae38) locale list changing from [] to [en-US]
06-01 07:31:55.889  1436  1754 I .apps.wellbeing: AssetManager2(0x7eea23789e98) locale list changing from [] to [en-US]
06-01 07:31:55.892  1436  1754 I .apps.wellbeing: AssetManager2(0x7eea23785cf8) locale list changing from [] to [en-US]
06-01 07:31:55.895  1436  1754 I .apps.wellbeing: AssetManager2(0x7eea23784a38) locale list changing from [] to [en-US]
06-01 07:31:55.897  1436  1754 I .apps.wellbeing: AssetManager2(0x7eea237811f8) locale list changing from [] to [en-US]
06-01 07:31:55.901  1436  1754 I .apps.wellbeing: AssetManager2(0x7eea23788ef8) locale list changing from [] to [en-US]
06-01 07:31:55.903  1436  1754 I .apps.wellbeing: AssetManager2(0x7eea2377f2b8) locale list changing from [] to [en-US]
06-01 07:31:55.906  1436  1754 I .apps.wellbeing: AssetManager2(0x7eea23781b58) locale list changing from [] to [en-US]
06-01 07:31:55.908  1436  1754 I .apps.wellbeing: AssetManager2(0x7eea23781518) locale list changing from [] to [en-US]
06-01 07:31:55.911   687  1700 I ActivityManager: Background started FGS: Allowed [callingPackage: com.aistudio.ereader.xynk; callingUid: 10225; uidState: TOP ; uidBFSL: [BFSL]; intent: Intent { xflg=0x4 cmp=com.aistudio.ereader.xynk/com.example.web.LocalWebService }; code:PROC_STATE_TOP; tempAllowListReason:<null>; allowWiu:12; targetSdkVersion:36; callerTargetSdkVersion:36; startForegroundCount:0; bindFromPackage:null: isBindService:false]
06-01 07:31:55.912  1436  1754 I .apps.wellbeing: AssetManager2(0x7eea23780ed8) locale list changing from [] to [en-US]
06-01 07:31:55.918  1436  1754 I .apps.wellbeing: AssetManager2(0x7eea23780578) locale list changing from [] to [en-US]
06-01 07:31:55.919   687  1708 W OptProp : Cannot read opt property android.window.PROPERTY_COMPAT_ENABLE_FAKE_FOCUS
06-01 07:31:55.925  1436  1754 I .apps.wellbeing: AssetManager2(0x7eea23783db8) locale list changing from [] to [en-US]
06-01 07:31:55.928  1436  1754 I .apps.wellbeing: AssetManager2(0x7eea2379be18) locale list changing from [] to [en-US]
06-01 07:31:55.932  1436  1754 I .apps.wellbeing: AssetManager2(0x7eea2378e358) locale list changing from [] to [en-US]
06-01 07:31:55.936  4161  4212 I DisplayManager: Choreographer implicitly registered for the refresh rate.
06-01 07:31:55.938  1436  1754 I .apps.wellbeing: AssetManager2(0x7eea23783a98) locale list changing from [] to [en-US]
06-01 07:31:55.940   687   904 D BackgroundInstallControlService: Package event received: 0
06-01 07:31:55.941   687   904 D BackgroundInstallControlService: Package event received: 0
06-01 07:31:55.942  1436  1754 I .apps.wellbeing: AssetManager2(0x7eea2379b4b8) locale list changing from [] to [en-US]
06-01 07:31:55.946  1436  1754 I .apps.wellbeing: AssetManager2(0x7eea2378f618) locale list changing from [] to [en-US]
06-01 07:31:55.947  4161  4161 I io.ereader.xynk: AssetManager2(0x7eea23777298) locale list changing from [] to [en-US]
06-01 07:31:55.949  1436  1754 I .apps.wellbeing: AssetManager2(0x7eea23796cd8) locale list changing from [] to [en-US]
06-01 07:31:55.957  1436  1754 I .apps.wellbeing: AssetManager2(0x7eea237988f8) locale list changing from [] to [en-US]
06-01 07:31:55.973  1436  1754 I .apps.wellbeing: AssetManager2(0x7eea23794438) locale list changing from [] to [en-US]
06-01 07:31:55.975  1436  1754 I .apps.wellbeing: AssetManager2(0x7eea23799258) locale list changing from [] to [en-US]
06-01 07:31:55.985  1436  1754 I .apps.wellbeing: AssetManager2(0x7eea2379a838) locale list changing from [] to [en-US]
06-01 07:31:55.993  1436  1754 I .apps.wellbeing: AssetManager2(0x7eea23799ed8) locale list changing from [] to [en-US]
06-01 07:31:56.008  1436  1754 I .apps.wellbeing: AssetManager2(0x7eea237956f8) locale list changing from [] to [en-US]
06-01 07:31:56.016  1436  1754 I .apps.wellbeing: AssetManager2(0x7eea2379ab58) locale list changing from [] to [en-US]
06-01 07:31:56.021  1436  1754 I .apps.wellbeing: AssetManager2(0x7eea23799898) locale list changing from [] to [en-US]
06-01 07:31:56.031  1436  1754 I .apps.wellbeing: AssetManager2(0x7eea23798f38) locale list changing from [] to [en-US]
06-01 07:31:56.040  1436  1754 I .apps.wellbeing: AssetManager2(0x7eea23796378) locale list changing from [] to [en-US]
06-01 07:31:56.043  4161  4212 I EGL_emulation: Opening libGLESv1_CM_emulation.so
06-01 07:31:56.045  4161  4212 I EGL_emulation: Opening libGLESv2_emulation.so
06-01 07:31:56.053   687  1700 D OomAdjuster: Not killing cached processes
06-01 07:31:56.059  1436  1754 I .apps.wellbeing: AssetManager2(0x7eea2379ae78) locale list changing from [] to [en-US]
06-01 07:31:56.061  1436  1754 I .apps.wellbeing: AssetManager2(0x7eea237969b8) locale list changing from [] to [en-US]
06-01 07:31:56.064  4161  4161 D CompatChangeReporter: Compat change id reported: 377864165; UID 10225; state: ENABLED
06-01 07:31:56.067  4161  4161 D DesktopModeFlags: Toggle override initialized to: OVERRIDE_UNSET
06-01 07:31:56.069  1436  1754 I .apps.wellbeing: AssetManager2(0x7eea23797f98) locale list changing from [] to [en-US]
06-01 07:31:56.071  4161  4212 W HWUI    : Failed to initialize 101010-2 format, error = EGL_SUCCESS
06-01 07:31:56.091  1436  1754 I .apps.wellbeing: AssetManager2(0x7eea23795a18) locale list changing from [] to [en-US]
06-01 07:31:56.095  1436  1754 I .apps.wellbeing: AssetManager2(0x7eea2379a518) locale list changing from [] to [en-US]
06-01 07:31:56.098  4161  4215 D WM-PackageManagerHelper: Skipping component enablement for androidx.work.impl.background.systemalarm.RescheduleReceiver
06-01 07:31:56.099  1436  1754 I .apps.wellbeing: AssetManager2(0x7eea237953d8) locale list changing from [] to [en-US]
06-01 07:31:56.104  1436  1754 I .apps.wellbeing: AssetManager2(0x7eea23796ff8) locale list changing from [] to [en-US]
06-01 07:31:56.112  1436  1754 I .apps.wellbeing: AssetManager2(0x7eea2379a1f8) locale list changing from [] to [en-US]
06-01 07:31:56.115  1436  1754 I .apps.wellbeing: AssetManager2(0x7eea23780bb8) locale list changing from [] to [en-US]
06-01 07:31:56.119  1436  1754 I .apps.wellbeing: AssetManager2(0x7eea2377e638) locale list changing from [] to [en-US]
06-01 07:31:56.124  1436  1754 I .apps.wellbeing: AssetManager2(0x7eea2377f5d8) locale list changing from [] to [en-US]
06-01 07:31:56.128  1436  1754 I .apps.wellbeing: AssetManager2(0x7eea23784718) locale list changing from [] to [en-US]
06-01 07:31:56.135  1436  1754 I .apps.wellbeing: AssetManager2(0x7eea23786fb8) locale list changing from [] to [en-US]
06-01 07:31:56.136   687  1604 E TaskPersister: File error accessing recents directory (directory doesn't exist?).
06-01 07:31:56.141  1436  1754 I .apps.wellbeing: AssetManager2(0x7eea2378bab8) locale list changing from [] to [en-US]
06-01 07:31:56.145  1436  1754 I .apps.wellbeing: AssetManager2(0x7eea2377dcd8) locale list changing from [] to [en-US]
06-01 07:31:56.148  1436  1754 I .apps.wellbeing: AssetManager2(0x7eea23782e18) locale list changing from [] to [en-US]
06-01 07:31:56.152  1436  1754 I .apps.wellbeing: AssetManager2(0x7eea23792b38) locale list changing from [] to [en-US]
06-01 07:31:56.159  1436  1754 I .apps.wellbeing: AssetManager2(0x7eea23777298) locale list changing from [] to [en-US]
06-01 07:31:56.161  1436  1754 I .apps.wellbeing: AssetManager2(0x7eea23790f18) locale list changing from [] to [en-US]
06-01 07:31:56.167  1436  1754 I .apps.wellbeing: AssetManager2(0x7eea2378d6d8) locale list changing from [] to [en-US]
06-01 07:31:56.186  1436  1754 I .apps.wellbeing: AssetManager2(0x7eea23793178) locale list changing from [] to [en-US]
06-01 07:31:56.196  1436  1754 I .apps.wellbeing: AssetManager2(0x7eea2378f2f8) locale list changing from [] to [en-US]
06-01 07:31:56.200  1436  1754 I .apps.wellbeing: AssetManager2(0x7eea23791eb8) locale list changing from [] to [en-US]
06-01 07:31:56.203  1436  1754 I .apps.wellbeing: AssetManager2(0x7eea2378ca58) locale list changing from [] to [en-US]
06-01 07:31:56.208  1436  1754 I .apps.wellbeing: AssetManager2(0x7eea23783138) locale list changing from [] to [en-US]
06-01 07:31:56.215  1436  1754 I .apps.wellbeing: AssetManager2(0x7eea2378fc58) locale list changing from [] to [en-US]
06-01 07:31:56.242  4161  4161 W HWUI    : Unknown dataspace 0
06-01 07:31:56.385   687  1705 I ActivityManager: Background started FGS: Allowed [callingPackage: com.aistudio.ereader.xynk; callingUid: 10225; uidState: TOP ; uidBFSL: [BFSL]; intent: Intent { cmp=com.aistudio.ereader.xynk/com.example.web.LocalWebService }; code:PROC_STATE_TOP; tempAllowListReason:<fg-service-launch,reasonCode:SERVICE_LAUNCH,duration:30000,callingUid:10225>; allowWiu:12; targetSdkVersion:36; callerTargetSdkVersion:36; startForegroundCount:0; bindFromPackage:null: isBindService:false]
06-01 07:31:56.387   687  1705 W ForegroundServiceTypeLoggerModule: Foreground service start for UID: 10225 does not have any types
06-01 07:31:56.389   687   904 D BackgroundInstallControlService: Package event received: 0
06-01 07:31:56.396   687  1705 D CoreBackPreview: Window{b9b315f u0 com.aistudio.ereader.xynk/com.example.MainActivity}: Setting back callback OnBackInvokedCallbackInfo{mCallback=android.window.IOnBackInvokedCallback$Stub$Proxy@47d6af1, mPriority=-1, mIsAnimationCallback=false, mOverrideBehavior=0}
06-01 07:31:57.008   687   854 D InetDiagMessage: Destroyed 0 sockets, proto=IPPROTO_TCP, family=AF_INET, states=14
06-01 07:31:57.010   687   854 D InetDiagMessage: Destroyed 1 sockets, proto=IPPROTO_TCP, family=AF_INET6, states=14
06-01 07:31:57.011   687   854 D InetDiagMessage: Destroyed live tcp sockets for uids={10152} in 4ms
06-01 07:31:57.011   687   854 D InetDiagMessage: Destroyed 0 sockets, proto=IPPROTO_TCP, family=AF_INET, states=14
06-01 07:31:57.012   687   854 D InetDiagMessage: Destroyed 0 sockets, proto=IPPROTO_TCP, family=AF_INET6, states=14
06-01 07:31:57.012   687   854 D InetDiagMessage: Destroyed live tcp sockets for uids={20152} in 2ms
06-01 07:31:57.013  2566  4020 V NativeCrypto: Read error: ssl=0x7ee993776a98: I/O error during system call, Software caused connection abort
06-01 07:31:57.013  2566  4020 V NativeCrypto: Write error: ssl=0x7ee993776a98: I/O error during system call, Broken pipe
06-01 07:31:57.013  2566  4020 V NativeCrypto: Write error: ssl=0x7ee993776a98: I/O error during system call, Broken pipe
06-01 07:31:57.015  2566  4020 V NativeCrypto: SSL shutdown failed: ssl=0x7ee993776a98: I/O error during system call, Success
06-01 07:31:57.528  4161  4174 I io.ereader.xynk: Compiler allocated 5042KB to compile void android.view.ViewRootImpl.performTraversals()
06-01 07:31:57.600  3228  3260 I IPCThreadState: oneway function results for code 2 on binder at 0x7eea137a0550 will be dropped but finished with status UNKNOWN_TRANSACTION
06-01 07:31:57.622  3322  3322 I Finsky:background: [2] Memory trim requested to level 40
06-01 07:31:58.901  4161  4180 I HWUI    : Davey! duration=2630ms; Flags=1, FrameTimelineVsyncId=18799, IntendedVsync=380006934884, Vsync=380140268212, InputEventId=0, HandleInputStart=380142736000, AnimationStart=380142786900, PerformTraversalsStart=380142837400, DrawStart=382181130300, FrameDeadline=380023601550, FrameStartTime=380141627800, FrameInterval=16666666, WorkloadTarget=16666666, SyncQueued=382225450500, SyncStart=382226099200, IssueDrawCommandsStart=382226444000, SwapBuffers=382503749500, FrameCompleted=382638483400, DequeueBufferDuration=57700, QueueBufferDuration=16936000, GpuCompleted=382638199300, SwapBuffersCompleted=382638483400, DisplayPresentTime=0, CommandSubmissionCompleted=382503749500, 
06-01 07:31:58.907   687   718 I ActivityTaskManager: Displayed com.aistudio.ereader.xynk/com.example.MainActivity for user 0: +6s32ms
06-01 07:31:59.077  4161  4161 I Choreographer: Skipped 154 frames!  The application may be doing too much work on its main thread.
06-01 07:31:59.164   687   812 I ImeTracker: com.aistudio.ereader.xynk:8f107e82: onRequestHide at ORIGIN_SERVER reason HIDE_UNSPECIFIED_WINDOW fromUser false
06-01 07:31:59.196  4161  4179 I HWUI    : Davey! duration=2638ms; Flags=0, FrameTimelineVsyncId=18829, IntendedVsync=380256934874, Vsync=382823601438, InputEventId=0, HandleInputStart=382830320300, AnimationStart=382830364500, PerformTraversalsStart=382867886300, DrawStart=382870012500, FrameDeadline=382656934778, FrameStartTime=382828117900, FrameInterval=16666666, WorkloadTarget=16666666, SyncQueued=382870663400, SyncStart=382885551500, IssueDrawCommandsStart=382885814500, SwapBuffers=382893457700, FrameCompleted=382910049000, DequeueBufferDuration=60000, QueueBufferDuration=308700, GpuCompleted=382908233100, SwapBuffersCompleted=382910049000, DisplayPresentTime=0, CommandSubmissionCompleted=382893457700, 
06-01 07:31:59.264   687  1700 I ImeTracker: system_server:f6d02dce: onRequestHide at ORIGIN_SERVER reason IME_REQUESTED_CHANGED_LISTENER fromUser false
06-01 07:31:59.265  1392  1392 I GoogleInputMethodService: GoogleInputMethodService.onFinishInput():2259 
06-01 07:31:59.269   687   722 I ImeTracker: system_server:f6d02dce: onCancelled at PHASE_SERVER_SHOULD_HIDE
06-01 07:31:59.305  1392  1392 I Module  : DeviceLockedStatusModuleProvider$Module.updateDeviceLockedStatus():103 repeatCheckTimes = 0, locked = false
06-01 07:31:59.306  1392  1392 W NotificationCenter: NotificationCenter$NotificationQueue.notifyPendingNotificationsOnExecutor():877 Heavy notify work detected on UI thread: [nky->gva, nky->eqa, nky->kzx, nky->kzx, nky->kzx, nky->kzx, nky->kzx, nky->kzx, nky->psy, nky->kzx, nky->lcs, nky->kxf, nky->kzx, nky->mju, nky->kzx, nky->kzx, nky->huf, nky->kzx, nky->gsc, nky->kzx, nky->ils, nky->njq, nky->pdq, nky->kzx, nky->njz] takes 38ms
06-01 07:31:59.341  1392  1392 I GoogleInputMethodService: GoogleInputMethodService.onStartInput():1446 onStartInput(EditorInfo{EditorInfo{packageName=com.aistudio.ereader.xynk, inputType=0, inputTypeString=NULL, enableLearning=false, autoCorrection=false, autoComplete=false, imeOptions=0, privateImeOptions=null, actionName=UNSPECIFIED, actionLabel=null, initialSelStart=-1, initialSelEnd=-1, initialCapsMode=0, label=null, fieldId=0, fieldName=null, extras=null, hintText=null, hintLocales=[]}}, false)
06-01 07:31:59.343  1392  1392 W AndroidIME: LatinIMEBase.updateInputViewCoverNavigation():327 Null input view, cannot update padding!
06-01 07:31:59.349  1392  1392 I Module  : DeviceLockedStatusModuleProvider$Module.updateDeviceLockedStatus():103 repeatCheckTimes = 1, locked = false
06-01 07:31:59.378  4161  4161 D InsetsController: hide(ime(), fromIme=false)
06-01 07:31:59.382  4161  4161 I ImeTracker: com.aistudio.ereader.xynk:8f107e82: onCancelled at PHASE_CLIENT_ALREADY_HIDDEN
06-01 07:31:59.400   687  1708 W PackageConfigPersister: App-specific configuration not found for packageName: com.aistudio.ereader.xynk and userId: 0
06-01 07:31:59.498  1103  1103 D BaseDepthController: setSurface:
06-01 07:31:59.498  1103  1103 D BaseDepthController: 	mWaitingOnSurfaceValidity: false
06-01 07:31:59.498  1103  1103 D BaseDepthController: 	mBaseSurface: null
06-01 07:31:59.499  1103  1103 D BaseDepthController: mSurface is null and mCurrentBlur is: 0
06-01 07:31:59.510  1103  1103 D StateManager: goToState - fromState: Normal, toState: Normal, partial trace:
06-01 07:31:59.510  1103  1103 D StateManager: 	at com.android.launcher3.statemanager.StateManager.moveToRestState(go/retraceme 72a59688580715d19f0e415c69e80376c2f062d1648c80db6730905005a27c20:4)
06-01 07:31:59.510  1103  1103 D StateManager: 	at com.android.launcher3.statemanager.StateManager.moveToRestState(go/retraceme 72a59688580715d19f0e415c69e80376c2f062d1648c80db6730905005a27c20:1)
06-01 07:31:59.510  1103  1103 D StateManager: 	at com.android.launcher3.statemanager.StatefulActivity.onStop(go/retraceme 72a59688580715d19f0e415c69e80376c2f062d1648c80db6730905005a27c20:34)
06-01 07:31:59.534  1103  1103 D StatsLog: LAUNCHER_ONSTOP
06-01 07:31:59.540  1253  1580 I FontLog : (REDACTED) Received query %s, URI %s
06-01 07:31:59.540  1253  1580 I FontLog : (REDACTED) Query [%s] resolved to %s
06-01 07:31:59.541  1103  1103 D StatsLog: LAUNCHER_GOOGLE_SEARCH_RESTORE_LIST_SIZE_AFTER_ACTIVITY_RESTART
06-01 07:31:59.552  1253  1580 I FontLog : (REDACTED) Fetch %s end status %s
06-01 07:31:59.596   687   904 D BackgroundInstallControlService: Package event received: 0
06-01 07:31:59.635  1253  2964 I FontLog : (REDACTED) Pulling font file for id = %d, cache size = %d
06-01 07:31:59.650  1253  2964 I FontLog : (REDACTED) Pulling font file for id = %d, cache size = %d
06-01 07:31:59.690  1253  1253 D BoundBrokerSvc: onUnbind: Intent { act=com.google.android.gms.common.telemetry.service.START dat=chimera-action:/... xflg=0x4 cmp=com.google.android.gms/.chimera.PersistentApiService }
06-01 07:32:01.277  4161  4233 D ProfileInstaller: Installing profile for com.aistudio.ereader.xynk
06-01 07:32:01.435   687  1708 W ActivityManager: stopServiceToken startId 8 is last, but have 1 remaining args
06-01 07:32:01.439   687  1705 D OomAdjuster: Not killing cached processes
06-01 07:32:01.937   687   796 D ActivityManager: freezing 2566 com.google.android.tts
06-01 07:32:01.940   687   854 D InetDiagMessage: Destroyed 0 sockets, proto=IPPROTO_TCP, family=AF_INET, states=14
06-01 07:32:01.941   687   854 D InetDiagMessage: Destroyed 0 sockets, proto=IPPROTO_TCP, family=AF_INET6, states=14
06-01 07:32:01.941   687   854 D InetDiagMessage: Destroyed live tcp sockets for uids={10152} in 2ms
06-01 07:32:03.594   687   796 D ActivityManager: freezing 3228 com.android.vending
06-01 07:32:03.626  4235  4235 W dumpsys : Thread Pool max thread count is 0. Cannot cache binder as linkToDeath cannot be implemented. serviceName: activity
06-01 07:32:04.084  1092  1302 D SatelliteController: iisInCarrierRoamingNbIotNtn: satellite is disabled
06-01 07:32:04.086   687  1705 W IPCThreadState: Sending oneway calls to frozen process.
06-01 07:32:06.520   687   854 D InetDiagMessage: Destroyed 0 sockets, proto=IPPROTO_TCP, family=AF_INET, states=14
06-01 07:32:06.521   687   854 D InetDiagMessage: Destroyed 0 sockets, proto=IPPROTO_TCP, family=AF_INET6, states=14
06-01 07:32:06.521   687   854 D InetDiagMessage: Destroyed live tcp sockets for uids={10147} in 2ms
06-01 07:32:06.521   687   854 D InetDiagMessage: Destroyed 0 sockets, proto=IPPROTO_TCP, family=AF_INET, states=14
06-01 07:32:06.522   687   854 D InetDiagMessage: Destroyed 0 sockets, proto=IPPROTO_TCP, family=AF_INET6, states=14
06-01 07:32:06.523   687   854 D InetDiagMessage: Destroyed live tcp sockets for uids={20147} in 1ms
06-01 07:32:06.774  1584  1584 D BoundBrokerSvc: onUnbind: Intent { act=com.google.android.gms.onboardingconsent.api.ConsentManagerApiService.START dat=chimera-action:/... xflg=0x4 cmp=com.google.android.gms/.chimera.GmsApiService }
06-01 07:32:06.777   687  1708 D OomAdjuster: Not killing cached processes
06-01 07:32:07.640   687   796 D ActivityManager: freezing 3322 com.android.vending:background
06-01 07:32:07.644   687   854 D InetDiagMessage: Destroyed 0 sockets, proto=IPPROTO_TCP, family=AF_INET, states=14
06-01 07:32:07.647   687   854 D InetDiagMessage: Destroyed 2 sockets, proto=IPPROTO_TCP, family=AF_INET6, states=14
06-01 07:32:07.647   687   854 D InetDiagMessage: Destroyed live tcp sockets for uids={10144} in 4ms
06-01 07:32:09.600  1253  1253 D BoundBrokerSvc: onUnbind: Intent { act=com.google.android.gms.clearcut.sampler.service.START dat=chimera-action:/... xflg=0x4 cmp=com.google.android.gms/.chimera.PersistentDirectBootAwareApiService }
06-01 07:32:09.709  1584  1584 D BoundBrokerSvc: onUnbind: Intent { act=com.google.android.gms.feedback.internal.IFeedbackService dat=chimera-action:/... xflg=0x4 cmp=com.google.android.gms/.chimera.GmsBoundBrokerService }
06-01 07:32:11.052   687   796 D ActivityManager: freezing 2074 com.google.android.googlequicksearchbox:search
06-01 07:32:11.055   687   796 D ActivityManager: freezing 2440 com.google.android.googlequicksearchbox:googleapp
06-01 07:32:13.009   687   796 D ActivityManager: freezing 1339 com.google.android.permissioncontroller
06-01 07:32:13.011   687   854 D InetDiagMessage: Destroyed 0 sockets, proto=IPPROTO_TCP, family=AF_INET, states=14
06-01 07:32:13.012   687   854 D InetDiagMessage: Destroyed 0 sockets, proto=IPPROTO_TCP, family=AF_INET6, states=14
06-01 07:32:13.012   687   854 D InetDiagMessage: Destroyed live tcp sockets for uids={10207} in 2ms
06-01 07:32:14.082  1092  1302 D SatelliteController: iisInCarrierRoamingNbIotNtn: satellite is disabled
06-01 07:32:14.083   687  1708 W IPCThreadState: Sending oneway calls to frozen process.
06-01 07:32:15.003  4161  4210 W JobInfo : Requested important-while-foreground flag for job2 is ignored and takes no effect
06-01 07:32:15.004  4161  4210 D WM-SystemJobScheduler: Scheduling work ID 0f08b7ef-9ad6-48b4-b022-669f4c8b3ff8Job ID 2
06-01 07:32:15.018   687  1708 D OomAdjuster: Not killing cached processes
06-01 07:32:15.021  4161  4161 D WM-SystemJobService: onStartJob for WorkGenerationalId(workSpecId=0f08b7ef-9ad6-48b4-b022-669f4c8b3ff8, generation=0)
06-01 07:32:15.023  4161  4210 D WM-GreedyScheduler: Starting tracking for 0f08b7ef-9ad6-48b4-b022-669f4c8b3ff8
06-01 07:32:15.042  4161  4215 D WM-Processor: Processor: processing WorkGenerationalId(workSpecId=0f08b7ef-9ad6-48b4-b022-669f4c8b3ff8, generation=0)
06-01 07:32:15.069  4161  4161 D WM-WorkerWrapper: Starting work for com.example.data.VbookDownloadWorker
06-01 07:32:15.082  4161  4210 D WM-ConstraintTracker: NetworkStateTracker24: initial state = NetworkState(isConnected=true, isValidated=true, isMetered=false, isNotRoaming=true)
06-01 07:32:15.082  4161  4210 D WM-NetworkStateTracker: Registering network callback
06-01 07:32:15.087   687  1705 D ConnectivityService: requestNetwork for uid/pid:10225/4161 activeRequest: null callbackRequest: 153 [NetworkRequest [ REQUEST id=154, [ Capabilities: INTERNET&NOT_RESTRICTED&TRUSTED&NOT_VCN_MANAGED&NOT_BANDWIDTH_CONSTRAINED Uid: 10225 RequestorUid: 10225 RequestorPkg: com.aistudio.ereader.xynk UnderlyingNetworks: Null] ]] callback flags: 0 order: 2147483647 isUidTracked: false declaredMethods: AVAIL|LOST|NC
06-01 07:32:15.090   687   844 D WifiNetworkFactory: got request NetworkRequest [ REQUEST id=154, [ Capabilities: INTERNET&NOT_RESTRICTED&TRUSTED&NOT_VCN_MANAGED&NOT_BANDWIDTH_CONSTRAINED Uid: 10225 RequestorUid: 10225 RequestorPkg: com.aistudio.ereader.xynk UnderlyingNetworks: Null] ]
06-01 07:32:15.090   687   844 D UntrustedWifiNetworkFactory: got request NetworkRequest [ REQUEST id=154, [ Capabilities: INTERNET&NOT_RESTRICTED&TRUSTED&NOT_VCN_MANAGED&NOT_BANDWIDTH_CONSTRAINED Uid: 10225 RequestorUid: 10225 RequestorPkg: com.aistudio.ereader.xynk UnderlyingNetworks: Null] ]
06-01 07:32:15.090   687   844 D OemPaidWifiNetworkFactory: got request NetworkRequest [ REQUEST id=154, [ Capabilities: INTERNET&NOT_RESTRICTED&TRUSTED&NOT_VCN_MANAGED&NOT_BANDWIDTH_CONSTRAINED Uid: 10225 RequestorUid: 10225 RequestorPkg: com.aistudio.ereader.xynk UnderlyingNetworks: Null] ]
06-01 07:32:15.090   687   844 D MultiInternetWifiNetworkFactory: got request NetworkRequest [ REQUEST id=154, [ Capabilities: INTERNET&NOT_RESTRICTED&TRUSTED&NOT_VCN_MANAGED&NOT_BANDWIDTH_CONSTRAINED Uid: 10225 RequestorUid: 10225 RequestorPkg: com.aistudio.ereader.xynk UnderlyingNetworks: Null] ]
06-01 07:32:15.090   687   854 D ConnectivityService: NetReassign [154 : null → 100] [c 0] [a 1] [i 1]
06-01 07:32:15.092  4161  4242 D WM-NetworkStateTracker: Network capabilities changed: [ Transports: WIFI Capabilities: NOT_METERED&INTERNET&NOT_RESTRICTED&TRUSTED&NOT_VPN&VALIDATED&NOT_ROAMING&FOREGROUND&NOT_CONGESTED&NOT_SUSPENDED&NOT_VCN_MANAGED&NOT_BANDWIDTH_CONSTRAINED LinkUpBandwidth>=12000Kbps LinkDnBandwidth>=30000Kbps TransportInfo: <SSID: <unknown ssid>, BSSID: 02:00:00:00:00:00, MAC: 02:00:00:00:00:00, IP: /10.0.2.16, Security type: 0, Supplicant state: COMPLETED, Wi-Fi standard: legacy, RSSI: -50, Link speed: 2Mbps, Tx Link speed: 2Mbps, Max Supported Tx Link speed: 11Mbps, Rx Link speed: 2Mbps, Max Supported Rx Link speed: 11Mbps, Frequency: 2447MHz, Net ID: -1, Metered hint: false, score: 60, isUsable: true, CarrierMerged: false, SubscriptionId: -1, IsPrimary: -1, Trusted: true, Restricted: false, Ephemeral: false, OEM paid: false, OEM private: false, OSU AP: false, FQDN: <none>, Provider friendly name: <none>, Requesting package name: <none><none>MLO Information: , Is TID-To-Link negotiation supported by the AP: false, AP MLD Address: <none>, AP MLO Link Id: <none>, AP MLO Affiliated links: <none>, Vendor Data: <none>> SignalStrength: -50 UnderlyingNetworks: Null]
06-01 07:32:15.095  4161  4210 D WM-PackageManagerHelper: androidx.work.impl.background.systemalarm.RescheduleReceiver enabled
06-01 07:32:15.098  4161  4210 I WM-Processor: Moving WorkSpec (0f08b7ef-9ad6-48b4-b022-669f4c8b3ff8) to the foreground
06-01 07:32:15.106   687  1705 I ActivityManager: Background started FGS: Allowed [callingPackage: com.aistudio.ereader.xynk; callingUid: 10225; uidState: TOP ; uidBFSL: [BFSL]; intent: Intent { act=ACTION_START_FOREGROUND xflg=0x4 cmp=com.aistudio.ereader.xynk/androidx.work.impl.foreground.SystemForegroundService (has extras) }; code:PROC_STATE_TOP; tempAllowListReason:<fg-service-launch,reasonCode:SERVICE_LAUNCH,duration:30000,callingUid:10225>; allowWiu:12; targetSdkVersion:36; callerTargetSdkVersion:36; startForegroundCount:0; bindFromPackage:null: isBindService:false]
06-01 07:32:15.115  4161  4161 I WM-SystemFgDispatcher: Started foreground service Intent { act=ACTION_START_FOREGROUND xflg=0x4 cmp=com.aistudio.ereader.xynk/androidx.work.impl.foreground.SystemForegroundService (has extras) }
06-01 07:32:15.116  4161  4161 D WM-SystemFgDispatcher: Notifying with (id:1124, workSpecId: 0f08b7ef-9ad6-48b4-b022-669f4c8b3ff8, notificationType :1)
06-01 07:32:15.118   687  1700 I ActivityManager: Background started FGS: Allowed [callingPackage: com.aistudio.ereader.xynk; callingUid: 10225; uidState: TOP ; uidBFSL: [BFSL]; intent: Intent { act=ACTION_START_FOREGROUND cmp=com.aistudio.ereader.xynk/androidx.work.impl.foreground.SystemForegroundService }; code:PROC_STATE_TOP; tempAllowListReason:<fg-service-launch,reasonCode:SERVICE_LAUNCH,duration:30000,callingUid:10225>; allowWiu:12; targetSdkVersion:36; callerTargetSdkVersion:36; startForegroundCount:0; bindFromPackage:null: isBindService:false]
06-01 07:32:15.120   687  1700 W ForegroundServiceTypeLoggerModule: Foreground service start for UID: 10225 does not have any types
06-01 07:32:15.120   687   904 D BackgroundInstallControlService: Package event received: 0
06-01 07:32:15.122  4161  4161 D WM-SystemFgDispatcher: Notifying with (id:1124, workSpecId: 0f08b7ef-9ad6-48b4-b022-669f4c8b3ff8, notificationType :1)
06-01 07:32:15.126  4161  4210 D WM-GreedyScheduler: Constraints met: Scheduling work ID WorkGenerationalId(workSpecId=0f08b7ef-9ad6-48b4-b022-669f4c8b3ff8, generation=0)
06-01 07:32:15.131   687  1705 I ActivityManager: Background started FGS: Allowed [callingPackage: com.aistudio.ereader.xynk; callingUid: 10225; uidState: TOP ; uidBFSL: [BFSL]; intent: Intent { act=ACTION_START_FOREGROUND cmp=com.aistudio.ereader.xynk/androidx.work.impl.foreground.SystemForegroundService }; code:PROC_STATE_TOP; tempAllowListReason:<fg-service-launch,reasonCode:SERVICE_LAUNCH,duration:30000,callingUid:10225>; allowWiu:12; targetSdkVersion:36; callerTargetSdkVersion:36; startForegroundCount:1; bindFromPackage:null: isBindService:false]
06-01 07:32:15.132  4161  4210 D WM-Processor: Work WorkGenerationalId(workSpecId=0f08b7ef-9ad6-48b4-b022-669f4c8b3ff8, generation=0) is already enqueued for processing
06-01 07:32:15.149  4161  4210 D WM-WorkProgressUpdater: Updating progress for 0f08b7ef-9ad6-48b4-b022-669f4c8b3ff8 (Data {totalChapters : 2, downloadedChapters : 1})
06-01 07:32:15.157  4161  4215 I WM-Processor: Moving WorkSpec (0f08b7ef-9ad6-48b4-b022-669f4c8b3ff8) to the foreground
06-01 07:32:15.163  4161  4161 D WM-SystemFgDispatcher: Notifying with (id:1124, workSpecId: 0f08b7ef-9ad6-48b4-b022-669f4c8b3ff8, notificationType :1)
06-01 07:32:15.166  4161  4214 D WM-WorkProgressUpdater: Updating progress for 0f08b7ef-9ad6-48b4-b022-669f4c8b3ff8 (Data {totalChapters : 2, downloadedChapters : 2})
06-01 07:32:15.171  4161  4215 I WM-Processor: Moving WorkSpec (0f08b7ef-9ad6-48b4-b022-669f4c8b3ff8) to the foreground
06-01 07:32:15.174  4161  4161 D WM-SystemFgDispatcher: Notifying with (id:1124, workSpecId: 0f08b7ef-9ad6-48b4-b022-669f4c8b3ff8, notificationType :1)
06-01 07:32:15.184  4161  4210 I WM-WorkerWrapper: Worker result SUCCESS for Work [ id=0f08b7ef-9ad6-48b4-b022-669f4c8b3ff8, tags={ com.example.data.VbookDownloadWorker } ]
06-01 07:32:15.190  4161  4210 D WM-PackageManagerHelper: androidx.work.impl.background.systemalarm.RescheduleReceiver disabled
06-01 07:32:15.191  4161  4161 D WM-Processor: Processor 0f08b7ef-9ad6-48b4-b022-669f4c8b3ff8 executed; reschedule = false
06-01 07:32:15.191  4161  4161 D WM-SystemJobService: 0f08b7ef-9ad6-48b4-b022-669f4c8b3ff8 executed on JobScheduler
06-01 07:32:15.192  4161  4161 D WM-GreedyScheduler: Stopping tracking for WorkGenerationalId(workSpecId=0f08b7ef-9ad6-48b4-b022-669f4c8b3ff8, generation=0)
06-01 07:32:15.193  4161  4161 D WM-SystemFgDispatcher: Removing Notification (id: 1124, workSpecId: WorkGenerationalId(workSpecId=0f08b7ef-9ad6-48b4-b022-669f4c8b3ff8, generation=0), notificationType: 1
06-01 07:32:15.194  4161  4161 I WM-SystemFgDispatcher: Stopping foreground service
06-01 07:32:15.194  4161  4161 D WM-SystemFgService: Shutting down.
06-01 07:32:15.195   687  1700 D ActivityManager: Stop FGS timeout: ServiceRecord{255022f u0 com.aistudio.ereader.xynk/androidx.work.impl.foreground.SystemForegroundService c:com.aistudio.ereader.xynk}
06-01 07:32:15.195   687  1700 W ForegroundServiceTypeLoggerModule: FGS stop call for: 10225 has no types!
06-01 07:32:15.197   687   904 D BackgroundInstallControlService: Package event received: 0
06-01 07:32:15.198  4161  4215 D WM-GreedyScheduler: Cancelling work ID 0f08b7ef-9ad6-48b4-b022-669f4c8b3ff8
06-01 07:32:15.202   687  1708 W JobScheduler: Job didn't exist in JobStore: 7f631c2 {androidx.work.systemjobscheduler} #u0a225/2 @androidx.work.systemjobscheduler@com.aistudio.ereader.xynk/androidx.work.impl.background.systemjob.SystemJobService
06-01 07:32:15.203  4161  4161 D WM-SystemJobService: onStopJob for WorkGenerationalId(workSpecId=0f08b7ef-9ad6-48b4-b022-669f4c8b3ff8, generation=0)
06-01 07:32:15.204  4161  4215 D WM-NetworkStateTracker: Unregistering network callback
06-01 07:32:16.095   687   753 I AppsFilter: interaction: PackageSetting{cc832b2 com.android.microdroid.empty_payload/10196} -> PackageSetting{436703c com.aistudio.ereader.xynk/10225} BLOCKED
06-01 07:32:16.095   687   753 I AppsFilter: interaction: PackageSetting{91bf580 com.drduc.translator/10217} -> PackageSetting{436703c com.aistudio.ereader.xynk/10225} BLOCKED
06-01 07:32:16.111   687   813 I system_server: AssetManager2(0x7eea2377ff38) locale list changing from [] to [en-US]
06-01 07:32:16.115   687   902 D ShortcutService: received package broadcast intent: Intent { act=android.intent.action.PACKAGE_CHANGED dat=package: flg=0x45000010 pkg=android (has extras) }
06-01 07:32:16.115   687   902 D ShortcutService: changing package: com.aistudio.ereader.xynk userId=0
06-01 07:32:16.116  1502  4120 I AiAiEcho: AppIndexer Package:[com.aistudio.ereader.xynk] UserProfile:[0] Enabled:[true].
06-01 07:32:16.119  1502  4120 I AiAiEcho: AppFetcherImplV2 updateApps package:[com.aistudio.ereader.xynk], userId:[0], reason:[package is updated.].
06-01 07:32:16.119  1103  1151 D PackageUpdatedTask: Package updated: mOp=UPDATE packages=[com.aistudio.ereader.xynk], user=UserHandle{0}
06-01 07:32:16.130   687   722 I system_server: AssetManager2(0x7eea23791238) locale list changing from [] to [en-US]
06-01 07:32:16.134   687   727 I system_server: AssetManager2(0x7eea23782198) locale list changing from [] to [en-US]
06-01 07:32:16.135   687   816 I system_server: AssetManager2(0x7eea2378ecb8) locale list changing from [] to [en-US]
06-01 07:32:16.148   687   904 D BackgroundInstallControlService: Package event received: 0
06-01 07:32:16.152   687   816 I system_server: AssetManager2(0x7eea237ac178) locale list changing from [] to [en-US]
06-01 07:32:16.153   687   727 I system_server: AssetManager2(0x7eea23790f18) locale list changing from [] to [en-US]
06-01 07:32:16.156   687   727 I system_server: AssetManager2(0x7eea2380fe58) locale list changing from [] to [en-US]
06-01 07:32:16.161   687   816 I system_server: AssetManager2(0x7eea237aa878) locale list changing from [] to [en-US]
06-01 07:32:16.165   687   927 D ActivityManager: sync unfroze 1339 com.google.android.permissioncontroller for 6
06-01 07:32:16.169   687   813 I system_server: AssetManager2(0x7eea23810498) locale list changing from [] to [en-US]
06-01 07:32:16.172   687   904 D BackgroundInstallControlService: Package event received: 0
06-01 07:32:16.183   687   816 I system_server: AssetManager2(0x7eea23797f98) locale list changing from [] to [en-US]
06-01 07:32:16.193   687   816 V AccessibilityManagerService: onUserStateChangedLocked for userId: 0, forceUpdate: false
06-01 07:32:16.200   687   787 D ActivityManager: sync unfroze 3470 com.google.android.apps.photos for 6
06-01 07:32:16.205   687   816 W MagnificationConnectionManager: requestConnection duplicated request: connect=false, mConnectionState=DISCONNECTED
06-01 07:32:16.213   687   687 W IPCThreadState: Sending oneway calls to frozen process.
06-01 07:32:16.214   687   687 W IPCThreadState: Sending oneway calls to frozen process.
06-01 07:32:16.215   687   687 W IPCThreadState: Sending oneway calls to frozen process.
06-01 07:32:16.246   687   787 D ActivityManager: sync unfroze 3228 com.android.vending for 6
06-01 07:32:16.267  1103  1151 W HWUI    : Image decoding logging dropped!
06-01 07:32:16.268  1103  1151 D AlphabeticIndexCompat: computeSectionName: cs: E-Reader sectionName: E
06-01 07:32:16.271  1103  1103 D AllAppsStore: setApps: apps.length=22
06-01 07:32:16.271  1103  1103 D AllAppsStore: notifyUpdate: notifying listeners
06-01 07:32:16.271  1103  1103 D ActivityAllAppsContainerView: onAppsUpdated; number of apps: 22
06-01 07:32:16.272  1103  1103 D ActivityAllAppsContainerView: rebindAdapters: force: false
06-01 07:32:16.272  1103  1103 D ActivityAllAppsContainerView: rebindAdapters: Not needed.
06-01 07:32:16.273  1103  1103 D StatsLog: LAUNCHER_ALLAPPS_COUNT
06-01 07:32:16.273  1103  1103 D AlphabeticalAppsList: Clearing FastScrollerSections.
06-01 07:32:16.275  1103  1103 D AlphabeticalAppsList: Adding apps with sections. HasPrivateApps: false
06-01 07:32:16.275  1103  1103 D AlphabeticalAppsList: addAppsWithSections: adding sectionName: C with appInfoTitle: Calendar
06-01 07:32:16.275  1103  1103 D AlphabeticalAppsList: addAppsWithSections: adding sectionName: D with appInfoTitle: DrDuc Translator
06-01 07:32:16.275  1103  1103 D AlphabeticalAppsList: addAppsWithSections: adding sectionName: E with appInfoTitle: E-Reader
06-01 07:32:16.275  1103  1103 D AlphabeticalAppsList: addAppsWithSections: adding sectionName: F with appInfoTitle: Files
06-01 07:32:16.275  1103  1103 D AlphabeticalAppsList: addAppsWithSections: adding sectionName: G with appInfoTitle: Gmail
06-01 07:32:16.276  1103  1103 D AlphabeticalAppsList: addAppsWithSections: adding sectionName: M with appInfoTitle: Maps
06-01 07:32:16.276  1103  1103 D AlphabeticalAppsList: addAppsWithSections: adding sectionName: P with appInfoTitle: Phone
06-01 07:32:16.276  1103  1103 D AlphabeticalAppsList: addAppsWithSections: adding sectionName: S with appInfoTitle: Safety
06-01 07:32:16.276  1103  1103 D AlphabeticalAppsList: addAppsWithSections: adding sectionName: T with appInfoTitle: TMoble
06-01 07:32:16.276  1103  1103 D AlphabeticalAppsList: addAppsWithSections: adding sectionName: V with appInfoTitle: Voice Access
06-01 07:32:16.276  1103  1103 D AlphabeticalAppsList: addAppsWithSections: adding sectionName: Y with appInfoTitle: YouTube
06-01 07:32:16.277  1103  1103 D AlphabeticalAppsList: Adding FastScrollSection duplicate to scroll to the bottom.
06-01 07:32:16.278  1103  1103 D AlphabeticalAppsList: Clearing FastScrollerSections.
06-01 07:32:16.278  1103  1103 D AlphabeticalAppsList: Adding apps with sections. HasPrivateApps: false
06-01 07:32:16.278  1103  1103 D AlphabeticalAppsList: addAppsWithSections: adding sectionName: C with appInfoTitle: Calendar
06-01 07:32:16.278  1103  1103 D AlphabeticalAppsList: addAppsWithSections: adding sectionName: D with appInfoTitle: DrDuc Translator
06-01 07:32:16.278  1103  1103 D AlphabeticalAppsList: addAppsWithSections: adding sectionName: E with appInfoTitle: E-Reader
06-01 07:32:16.278  1103  1103 D AlphabeticalAppsList: addAppsWithSections: adding sectionName: F with appInfoTitle: Files
06-01 07:32:16.278  1103  1103 D AlphabeticalAppsList: addAppsWithSections: adding sectionName: G with appInfoTitle: Gmail
06-01 07:32:16.278  1103  1103 D AlphabeticalAppsList: addAppsWithSections: adding sectionName: M with appInfoTitle: Maps
06-01 07:32:16.278  1103  1103 D AlphabeticalAppsList: addAppsWithSections: adding sectionName: P with appInfoTitle: Phone
06-01 07:32:16.278  1103  1103 D AlphabeticalAppsList: addAppsWithSections: adding sectionName: S with appInfoTitle: Safety
06-01 07:32:16.278  1103  1103 D AlphabeticalAppsList: addAppsWithSections: adding sectionName: T with appInfoTitle: TMoble
06-01 07:32:16.278  1103  1103 D AlphabeticalAppsList: addAppsWithSections: adding sectionName: V with appInfoTitle: Voice Access
06-01 07:32:16.278  1103  1103 D AlphabeticalAppsList: addAppsWithSections: adding sectionName: Y with appInfoTitle: YouTube
06-01 07:32:16.278  1103  1103 D AlphabeticalAppsList: Adding FastScrollSection duplicate to scroll to the bottom.
06-01 07:32:16.279   687  1700 W ProcessStats: Tracking association SourceState{5971488 system/1000 ImpFg #2156} whose proc state 5 is better than process ProcessState{f602aca com.google.android.permissioncontroller/10207 pkg=com.google.android.permissioncontroller} proc state 14 (16 skipped)
06-01 07:32:16.284  1339  3056 I PermissionControllerServiceImpl: Updating user sensitive for uid 10225
06-01 07:32:16.310  3228  3228 I Finsky  : [2] SCH: job service start with id 9195.
06-01 07:32:16.335  3470  3470 D ActivityThread: Package [com.aistudio.ereader.xynk] reported as REPLACED, but missing application info. Assuming REMOVED.
06-01 07:32:16.336  3470  3470 D ActivityThread: Package [com.aistudio.ereader.xynk] reported as REPLACED, but missing application info. Assuming REMOVED.
06-01 07:32:16.365  3228  4135 I Finsky  : [115] SCH: Satisfied jobs for 9195 are: 12-1
06-01 07:32:16.379  3228  4247 I Finsky  : [119] SCH: Job 12-1 starting
06-01 07:32:16.383  3228  3228 I Finsky  : [2] WM::SCH: Logging work start for 12-1
06-01 07:32:16.392  3228  3228 I Finsky  : [2] [ContentSync] job started
06-01 07:32:16.540  3228  4248 I Finsky  : [120] App states replicator found 27 unowned apps
06-01 07:32:16.544  3228  3314 I Finsky  : [55] Completed 0 account content syncs with 0 successful.
06-01 07:32:16.546  3228  3228 I Finsky  : [2] [ContentSync] Installation state replication succeeded.
06-01 07:32:16.547  3228  3228 I Finsky  : [2] SCH: jobFinished: 12-1. TimeElapsed: 166ms.
06-01 07:32:16.547  3228  3228 I Finsky  : [2] WM::SCH: Logging work end for 12-1
06-01 07:32:16.580  3228  3321 I Finsky  : [59] SCH: Scheduling phonesky job Id: 1-1337, CT: 1780264207054, Constraints: [{ L: 14399995, D: 44153747, C: CHARGING_NONE, I: IDLE_NONE, N: NET_ANY, B: BATTERY_ANY }]
06-01 07:32:16.588  3228  3318 I Finsky  : [56] SCH: Scheduling 1 system job(s)
06-01 07:32:16.589  3228  3318 I Finsky  : [56] SCH: Scheduling system job Id: 9198, L: 4670461, D: 34424213, C: false, I: false, N: 1
06-01 07:32:16.602  3228  4247 I Finsky  : [119] SCH: job service finished with id 9195.
06-01 07:32:16.620  3228  3228 I Finsky  : [2] Memory trim requested to level 40
06-01 07:32:16.620  3228  3228 I Finsky  : [2] Flushing in-memory image cache
06-01 07:32:19.847   687   796 D ActivityManager: freezing 1584 com.google.android.gms
06-01 07:32:21.435   687   854 D InetDiagMessage: Destroyed 0 sockets, proto=IPPROTO_TCP, family=AF_INET, states=14
06-01 07:32:21.436   687   854 D InetDiagMessage: Destroyed 0 sockets, proto=IPPROTO_TCP, family=AF_INET6, states=14
06-01 07:32:21.436   687   854 D InetDiagMessage: Destroyed live tcp sockets for uids={10169} in 1ms
06-01 07:32:21.436   687   854 D InetDiagMessage: Destroyed 0 sockets, proto=IPPROTO_TCP, family=AF_INET, states=14
06-01 07:32:21.437   687   854 D InetDiagMessage: Destroyed 0 sockets, proto=IPPROTO_TCP, family=AF_INET6, states=14
06-01 07:32:21.437   687   854 D InetDiagMessage: Destroyed live tcp sockets for uids={20169} in 1ms
06-01 07:32:21.513   687   728 D OomAdjuster: Not killing cached processes
06-01 07:32:24.083  1092  1302 D SatelliteController: iisInCarrierRoamingNbIotNtn: satellite is disabled
06-01 07:32:24.083   687  1705 W IPCThreadState: Sending oneway calls to frozen process.
06-01 07:32:25.174  3228  3426 I PlayCommon: [81] Preparing logs for uploading
06-01 07:32:25.176  3228  3426 I PlayCommon: [81] Connecting to server for timestamp: https://play.googleapis.com/play/log/timestamp
06-01 07:32:25.397  3228  3426 W PlayCommon: [81] No account for auth token provided
06-01 07:32:25.397  3228  3426 I PlayCommon: [81] Connecting to server: https://play.googleapis.com/play/log?format=raw&proto_v2=true
06-01 07:32:25.472  3228  3426 I PlayCommon: [81] Successfully uploaded logs.
06-01 07:32:25.476  3228  3426 E PlayCommon: [81] Error reading the content of the response body: java.io.EOFException
06-01 07:32:26.451   687   796 D ActivityManager: freezing 3470 com.google.android.apps.photos
06-01 07:32:26.454   687   854 D InetDiagMessage: Destroyed 0 sockets, proto=IPPROTO_TCP, family=AF_INET, states=14
06-01 07:32:26.455   687   854 D InetDiagMessage: Destroyed 0 sockets, proto=IPPROTO_TCP, family=AF_INET6, states=14
06-01 07:32:26.455   687   854 D InetDiagMessage: Destroyed live tcp sockets for uids={10169} in 2ms
06-01 07:32:26.621   687   796 D ActivityManager: freezing 3228 com.android.vending
06-01 07:32:26.624   687   854 D InetDiagMessage: Destroyed 0 sockets, proto=IPPROTO_TCP, family=AF_INET, states=14
06-01 07:32:26.625   687   854 D InetDiagMessage: Destroyed 0 sockets, proto=IPPROTO_TCP, family=AF_INET6, states=14
06-01 07:32:26.625   687   854 D InetDiagMessage: Destroyed live tcp sockets for uids={10144} in 1ms
06-01 07:32:26.945   687  1705 D OomAdjuster: Not killing cached processes
06-01 07:32:26.953   980  4254 D android.hardware.gnss-service.ranchu: GnssHwConn:workerThread:70
06-01 07:32:26.955   980  4254 D android.hardware.gnss-service.ranchu: GnssHwListener:consume:87 sz=64
06-01 07:32:26.964   980  4254 D android.hardware.gnss-service.ranchu: GnssHwListener:consume:87 sz=64
06-01 07:32:26.964   980  4254 D android.hardware.gnss-service.ranchu: Gnss:onGnssLocationCb:311
06-01 07:32:26.964   980  4254 D android.hardware.gnss-service.ranchu: Gnss:onGnssLocationCb:321
06-01 07:32:26.964   980  4254 D android.hardware.gnss-service.ranchu: GnssHwListener:consume:87 sz=64
06-01 07:32:26.966   980  4254 D android.hardware.gnss-service.ranchu: GnssHwListener:consume:87 sz=64
06-01 07:32:26.966   980  4254 D android.hardware.gnss-service.ranchu: Gnss:onGnssLocationCb:311
06-01 07:32:26.966   980  4254 D android.hardware.gnss-service.ranchu: Gnss:onGnssLocationCb:321
06-01 07:32:26.966   980  4254 D android.hardware.gnss-service.ranchu: GnssHwListener:consume:87 sz=64
06-01 07:32:26.969   980  4254 D android.hardware.gnss-service.ranchu: GnssHwListener:consume:87 sz=64
06-01 07:32:26.969   980  4254 D android.hardware.gnss-service.ranchu: Gnss:onGnssLocationCb:311
06-01 07:32:26.970   980  4254 D android.hardware.gnss-service.ranchu: Gnss:onGnssLocationCb:321
06-01 07:32:26.970   980  4254 D android.hardware.gnss-service.ranchu: GnssHwListener:consume:87 sz=64
06-01 07:32:26.972   980  4254 D android.hardware.gnss-service.ranchu: GnssHwListener:consume:87 sz=64
06-01 07:32:26.972   980  4254 D android.hardware.gnss-service.ranchu: Gnss:onGnssLocationCb:311
06-01 07:32:26.972   980  4254 D android.hardware.gnss-service.ranchu: Gnss:onGnssLocationCb:321
06-01 07:32:26.972   980  4254 D android.hardware.gnss-service.ranchu: GnssHwListener:consume:87 sz=64
06-01 07:32:26.974   980  4254 D android.hardware.gnss-service.ranchu: GnssHwListener:consume:87 sz=64
06-01 07:32:26.974   980  4254 D android.hardware.gnss-service.ranchu: Gnss:onGnssLocationCb:311
06-01 07:32:26.974   980  4254 D android.hardware.gnss-service.ranchu: Gnss:onGnssLocationCb:321
06-01 07:32:26.974   980  4254 D android.hardware.gnss-service.ranchu: GnssHwListener:consume:87 sz=64
06-01 07:32:26.982   980  4254 D android.hardware.gnss-service.ranchu: GnssHwListener:consume:87 sz=64
06-01 07:32:26.982   980  4254 D android.hardware.gnss-service.ranchu: Gnss:onGnssLocationCb:311
06-01 07:32:26.982   980  4254 D android.hardware.gnss-service.ranchu: Gnss:onGnssLocationCb:321
06-01 07:32:26.982   980  4254 D android.hardware.gnss-service.ranchu: GnssHwListener:consume:87 sz=64
06-01 07:32:26.985   980  4254 D android.hardware.gnss-service.ranchu: GnssHwListener:consume:87 sz=64
06-01 07:32:26.985   980  4254 D android.hardware.gnss-service.ranchu: Gnss:onGnssLocationCb:311
06-01 07:32:26.985   980  4254 D android.hardware.gnss-service.ranchu: Gnss:onGnssLocationCb:321
