--------- beginning of main
06-01 07:31:52.533  3228  3228 I Finsky  : [2] Memory trim requested to level 40
06-01 07:31:52.535  3228  3228 I Finsky  : [2] Flushing in-memory image cache
06-01 07:31:52.544  3322  3796 I PlayCommon: [82] Preparing logs for uploading
06-01 07:31:52.560  1469  1469 W MediaProvider: WorkProfileOwnerApps cache is empty
06-01 07:31:52.560  3228  3290 I Finsky  : [41] Stats for Executor: LightweightExecutor vxm@f55180b[Running, pool size = 3, active threads = 0, queued tasks = 0, completed tasks = 243]
06-01 07:31:52.560  3228  3290 I Finsky  : [41] Stats for Executor: BlockingExecutor vxm@810c6e8[Running, pool size = 1, active threads = 0, queued tasks = 0, completed tasks = 95]
06-01 07:31:52.561  3228  3290 I Finsky  : [41] Stats for Executor: bgExecutor vxm@b2f9101[Running, pool size = 4, active threads = 0, queued tasks = 0, completed tasks = 239]
06-01 07:31:52.561  1469  1469 D PickerSyncLockManager: Trying to acquire lock com.android.providers.media.photopicker.sync.CloseableReentrantLock@94e711e[Unlocked]. Lock Name = CLOUD_PROVIDER_LOCK. Threads that may be waiting to acquire this lock = []
06-01 07:31:52.561  1469  1469 D CloseableReentrantLock: Successfully acquired lock com.android.providers.media.photopicker.sync.CloseableReentrantLock@94e711e[Locked by thread main]. Lock Name = CLOUD_PROVIDER_LOCK. Threads that may be waiting to acquire this lock = []
06-01 07:31:52.561  1469  1469 D CloseableReentrantLock: Successfully released lock com.android.providers.media.photopicker.sync.CloseableReentrantLock@94e711e[Unlocked]. Lock Name = CLOUD_PROVIDER_LOCK. Threads that may be waiting to acquire this lock = []
06-01 07:31:52.578  3228  3228 I Finsky  : [2] Memory trim requested to level 40
06-01 07:31:52.578  3228  3228 I Finsky  : [2] Flushing in-memory image cache
06-01 07:31:52.578  3228  3228 I Finsky  : [2] Memory trim requested to level 40
06-01 07:31:52.578  3228  3228 I Finsky  : [2] Flushing in-memory image cache
06-01 07:31:52.598   687   816 I system_server: AssetManager2(0x7eea237924f8) locale list changing from [] to [en-US]
06-01 07:31:52.602  3228  3228 I Finsky  : [2] ajwt - Received: android.intent.action.PACKAGE_REMOVED, [VnSdAoRqS0Csie51y2fWaADrFJpr7JWvD05KPu_jrLA]
06-01 07:31:52.603   687   727 I system_server: AssetManager2(0x7eea23786fb8) locale list changing from [] to [en-US]
06-01 07:31:52.606   687  1559 I system_server: AssetManager2(0x7eea237a4dd8) locale list changing from [] to [en-US]
06-01 07:31:52.607   687   816 I system_server: AssetManager2(0x7eea237b0c78) locale list changing from [] to [en-US]
06-01 07:31:52.614   687   727 I system_server: AssetManager2(0x7eea2379a518) locale list changing from [] to [en-US]
06-01 07:31:52.617   687   727 I system_server: AssetManager2(0x7eea237b2898) locale list changing from [] to [en-US]
06-01 07:31:52.626  3322  3322 I Finsky:background: [2] Memory trim requested to level 40
06-01 07:31:52.626  3322  3322 I Finsky:background: [2] Memory trim requested to level 40
06-01 07:31:52.626  3322  3322 I Finsky:background: [2] Memory trim requested to level 40
06-01 07:31:52.631  3322  3322 I Finsky:background: [2] Memory trim requested to level 40
06-01 07:31:52.645   687   687 D AppSearchAppsIndexerManagerS: userid in package receiver: 10225
--------- beginning of system
06-01 07:31:52.648   687   687 W AlarmManager: Package com.aistudio.ereader.xynk, uid 10225 lost permission to set exact alarms!
06-01 07:31:52.653  3322  3322 I Finsky:background: [2] ajwj - Received: android.intent.action.PACKAGE_REMOVED, [VnSdAoRqS0Csie51y2fWaADrFJpr7JWvD05KPu_jrLA]
06-01 07:31:52.751   687  2315 W SignedPackage: Package doesn't have required signing certificate: com.google.android.retaildemo
06-01 07:31:52.754   687  2315 E RoleControllerServiceImpl: Default/fallback role holder package doesn't qualify for the role, package: com.google.android.gms.supervision, role: android.app.role.SYSTEM_SUPERVISION
06-01 07:31:52.759   687   927 W Looper  : Slow dispatch took 247ms android.perm app=system_server main=false group=FOREGROUND h=android.os.Handler c=com.android.internal.infra.ServiceConnector$Impl$$ExternalSyntheticLambda2@f4b0f7d m=0
06-01 07:31:52.779   687  1699 E AppOps  : attributionTag VCN not declared in manifest of android
06-01 07:31:52.781   687   904 D BackgroundInstallControlService: Package event received: 0
06-01 07:31:52.781   687   904 D BackgroundInstallControlService: Package event received: 0
06-01 07:31:52.781   687   904 D BackgroundInstallControlService: Package event received: 0
06-01 07:31:52.783  3322  4131 I Finsky:background: [88] Wrote row to frosting DB: 2128
06-01 07:31:52.792   687   687 W Looper  : Drained
06-01 07:31:52.800  3228  3228 I Finsky  : [2] ajwt - Received: android.intent.action.PACKAGE_ADDED, [VnSdAoRqS0Csie51y2fWaADrFJpr7JWvD05KPu_jrLA]
06-01 07:31:52.808  3322  3322 I Finsky:background: [2] ajwj - Received: android.intent.action.PACKAGE_ADDED, [VnSdAoRqS0Csie51y2fWaADrFJpr7JWvD05KPu_jrLA]
06-01 07:31:52.819  3228  4135 I Finsky  : [115] SCH: Received scheduling request: Id: 12-1, Constraints: [{ L: 15000, D: 86400000, C: CHARGING_NONE, I: IDLE_NONE, N: NET_ANY, B: BATTERY_ANY }]
06-01 07:31:52.821   687  2315 W SignedPackage: Package doesn't have required signing certificate: com.google.android.apps.work.clouddpc
06-01 07:31:52.823  3322  4131 I Finsky:background: [88] Wrote row to frosting DB: 2129
06-01 07:31:52.823  1339  4114 I PermissionControllerServiceImpl: Updating user sensitive for uid 10225
06-01 07:31:52.860  3322  3363 I Finsky:background: [50] IQ:PSL: skipping onPackageRemoved(replacing=true) for untracked package=com.aistudio.ereader.xynk
06-01 07:31:52.864  3322  4131 I Finsky:background: [88] Wrote row to frosting DB: 2130
06-01 07:31:52.867   687  1681 W ActivityTaskManager: callingPackage for (uid=2000, pid=4140) has no WPC
06-01 07:31:52.870   687  1681 V GrammaticalInflectionUtils: AttributionSource: android.content.AttributionSource@a2c0ce24 does not have READ_SYSTEM_GRAMMATICAL_GENDER permission.
06-01 07:31:52.875   687   816 V AccessibilityManagerService: onUserStateChangedLocked for userId: 0, forceUpdate: false
06-01 07:31:52.876   687  1681 W OptProp : Cannot read opt property android.window.PROPERTY_COMPAT_ALLOW_USER_ASPECT_RATIO_OVERRIDE
06-01 07:31:52.876   687  1681 W OptProp : Cannot read opt property android.window.PROPERTY_COMPAT_ALLOW_USER_ASPECT_RATIO_FULLSCREEN_OVERRIDE
06-01 07:31:52.877   687  1681 W OptProp : Cannot read opt property android.window.PROPERTY_COMPAT_ALLOW_RESIZEABLE_ACTIVITY_OVERRIDES
06-01 07:31:52.886  3228  3228 I Finsky  : [2] DTU: Received onPackageAdded, replacing: true
06-01 07:31:52.891   687  1681 W OptProp : Cannot read opt property android.window.PROPERTY_COMPAT_ALLOW_MIN_ASPECT_RATIO_OVERRIDE
06-01 07:31:52.935   687  1681 W OptProp : Cannot read opt property android.window.PROPERTY_COMPAT_ALLOW_ORIENTATION_OVERRIDE
06-01 07:31:52.941  3322  3322 I Finsky:background: [2] ajwj - Received: android.intent.action.PACKAGE_ADDED, [VnSdAoRqS0Csie51y2fWaADrFJpr7JWvD05KPu_jrLA]
06-01 07:31:52.977   955  1037 I ndroid.systemui: AssetManager2(0x7eea23775fd8) locale list changing from [] to [en-US]
06-01 07:31:52.980   687  1705 D CompatChangeReporter: Compat change id reported: 377864165; UID 10225; state: ENABLED
06-01 07:31:52.981  3322  4131 I Finsky:background: [88] Wrote row to frosting DB: 2131
06-01 07:31:52.992   552   568 I BpBinder: onLastStrongRef automatically unlinking death recipients: 
06-01 07:31:52.995  3228  3228 I Finsky  : [2] ajwt - Received: android.intent.action.PACKAGE_ADDED, [VnSdAoRqS0Csie51y2fWaADrFJpr7JWvD05KPu_jrLA]
06-01 07:31:53.010  3228  4135 I Finsky  : [115] SCH: Received scheduling request: Id: 12-1, Constraints: [{ L: 15000, D: 86400000, C: CHARGING_NONE, I: IDLE_NONE, N: NET_ANY, B: BATTERY_ANY }]
06-01 07:31:53.037  3322  3796 I PlayCommon: [82] Connecting to server for timestamp: https://play.googleapis.com/play/log/timestamp
06-01 07:31:53.042  3322  4131 I Finsky:background: [88] Wrote row to frosting DB: 2132
06-01 07:31:53.057  3322  3322 I Finsky:background: [2] ajwj - Deduping intent android.intent.action.PACKAGE_ADDED
06-01 07:31:53.063  3228  3228 I Finsky  : [2] ajwt - Deduping intent android.intent.action.PACKAGE_ADDED
06-01 07:31:53.071  3228  3228 I Finsky  : [2] ajwt - Received: android.intent.action.PACKAGE_ADDED, [VnSdAoRqS0Csie51y2fWaADrFJpr7JWvD05KPu_jrLA]
06-01 07:31:53.072  3322  3322 I Finsky:background: [2] ajwj - Received: android.intent.action.PACKAGE_ADDED, [VnSdAoRqS0Csie51y2fWaADrFJpr7JWvD05KPu_jrLA]
06-01 07:31:53.104   687   687 W Looper  : Slow dispatch took 127ms main app=system_server main=true group=FOREGROUND h=com.android.server.notification.NotificationManagerService$WorkerHandler c=com.android.server.notification.NotificationManagerService$CancelNotificationRunnable@793ee15 m=0
06-01 07:31:53.115   955   994 V WindowManagerShell: Transition requested (#13): android.os.BinderProxy@8a40d1d TransitionRequestInfo { type = OPEN, triggerTask = TaskInfo{userId=0 taskId=144 effectiveUid=10225 displayId=0 isRunning=true baseIntent=Intent { flg=0x10000000 cmp=com.aistudio.ereader.xynk/com.example.MainActivity } baseActivity=ComponentInfo{com.aistudio.ereader.xynk/com.example.MainActivity} topActivity=ComponentInfo{com.aistudio.ereader.xynk/com.example.MainActivity} origActivity=null realActivity=ComponentInfo{com.aistudio.ereader.xynk/com.example.MainActivity} numActivities=1 lastActiveTime=376854 supportsMultiWindow=true resizeMode=1 isResizeable=true minWidth=-1 minHeight=-1 defaultMinSize=220 token=WCT{android.window.IWindowContainerToken$Stub$Proxy@b469b92} topActivityType=1 pictureInPictureParams=null shouldDockBigOverlays=false launchIntoPipHostTaskId=-1 lastParentTaskIdBeforePip=-1 displayCutoutSafeInsets=Rect(0, 128 - 0, 0) topActivityInfo=ActivityInfo{562e963 com.example.MainActivity} launchCookies=[] positionInParent=Point(0, 0) parentTaskId=-1 isFocused=false isVisible=false isVisibleRequested=false isTopActivityNoDisplay=false isSleeping=false locusId=null displayAreaFeatureId=1 isTopActivityTransparent=false isActivityStackTransparent=false lastNonFullscreenBounds=Rect(276, 692 - 804, 1772) capturedLink=null capturedLinkTimestamp=0 requestedVisibleTypes=-9 topActivityRequestOpenInBrowserEducationTimestamp=0 appCompatTaskInfo=AppCompatTaskInfo { topActivityInSizeCompat=false eligibleForLetterboxEducation= false isLetterboxEducationEnabled= true isLetterboxDoubleTapEnabled= false eligibleForUserAspectRatioButton= false topActivityBoundsLetterboxed= false isFromLetterboxDoubleTap= false topActivityLetterboxVerticalPosition= -1 topActivityLetterboxHorizontalPosition= -1 topActivityLetterboxWidth=-1 topActivityLetterboxHeight=-1 topActivityAppBounds=Rect(0, 0 - 1080, 2400) isUserFullscreenOverrideEnabled=false isSystemFullscreenOverrideEnabled=false hasMinAspectRatioOverride=false topActivityLetterboxBounds=null cameraCompatTaskInfo=CameraCompatTaskInfo { freeformCameraCompatMode=inactive}} topActivityMainWindowFrame=null}, pipChange = null, remoteTransition = null, displayChange = null, flags = 0, debugId = 13 }
06-01 07:31:53.115   955   994 D ShellSplitScreen: logExit: no-op, mLoggerSessionId is null
06-01 07:31:53.119   687  1681 I ActivityTaskManager: START u0 {flg=0x10000000 xflg=0x5 cmp=com.aistudio.ereader.xynk/com.example.MainActivity} with LAUNCH_MULTIPLE from uid 2000 (BAL_ALLOW_PERMISSION) result code=0
06-01 07:31:53.121  3322  3322 I Finsky:background: [2] ajwj - Deduping intent android.intent.action.PACKAGE_ADDED
06-01 07:31:53.121  3228  3228 I Finsky  : [2] ajwt - Deduping intent android.intent.action.PACKAGE_ADDED
06-01 07:31:53.125   687   816 W MagnificationConnectionManager: requestConnection duplicated request: connect=false, mConnectionState=DISCONNECTED
06-01 07:31:53.126  1103  1103 W SplitSelectStateCtor: Missing session instanceIds
06-01 07:31:53.126  1103  1103 D StatsLog: LAUNCHER_SPLIT_SELECTION_EXIT_INTERRUPTED
06-01 07:31:53.129  3322  3375 I Finsky:background: [53] RECEIVER_PACKAGE_MONITOR_BACKGROUND#logWorkEndAndFinishGoAsync: SUCCESS
06-01 07:31:53.131  3228  3293 I Finsky  : [43] RECEIVER_PACKAGE_MONITOR#logWorkEndAndFinishGoAsync: SUCCESS
06-01 07:31:53.203   955   994 D WindowManagerShell: setLauncherKeepClearAreaHeight: visible=false, height=527
06-01 07:31:53.204  3322  4131 I Finsky:background: [88] Wrote row to frosting DB: 2133
06-01 07:31:53.240   552   552 I BpBinder: onLastStrongRef automatically unlinking death recipients: 
06-01 07:31:53.270   687   687 W Looper  : Slow dispatch took 144ms main app=system_server main=true group=FOREGROUND h=com.android.server.accessibility.AccessibilityManagerService$MainHandler c=<recycled PooledLambda@ff6d1f7> m=0
06-01 07:31:53.276   687   687 W IPCThreadState: Sending oneway calls to frozen process.
06-01 07:31:53.292   687   687 W IPCThreadState: Sending oneway calls to frozen process.
06-01 07:31:53.319   687   722 V GrammaticalInflectionUtils: AttributionSource: android.content.AttributionSource@a2c0ce24 does not have READ_SYSTEM_GRAMMATICAL_GENDER permission.
06-01 07:31:53.319   687   687 W IPCThreadState: Sending oneway calls to frozen process.
06-01 07:31:53.320   687   687 W IPCThreadState: Sending oneway calls to frozen process.
06-01 07:31:53.351   687   722 W ActivityManager: Slow operation: 64ms so far, now at startProcess: done starting proc!
06-01 07:31:53.426  1502  2409 I AiAiEcho: Settings changed for uri: content://settings/secure/accessibility_enabled
06-01 07:31:53.439   687  1700 V SafetySourceDataValidat: Package: com.android.vending has expected signature
06-01 07:31:53.446   478   478 D Zygote  : Forked child process 4161
06-01 07:31:53.470  1502  1918 I AiAiEcho: Predicting[0]:  [CONTEXT sampling_count=5 ]
06-01 07:31:53.470  1502  1918 I AiAiEcho: EchoTargets: 
06-01 07:31:53.470  1502  1918 I AiAiEcho: Filtered by AiAi flag check: 
06-01 07:31:53.470  1502  1918 I AiAiEcho: [CONTEXT ratelimit_period="10 SECONDS" ]
06-01 07:31:53.494   687  1700 V SafetySourceDataValidat: Package: com.android.vending has expected signature
06-01 07:31:53.500  1584  4163 I AppBackupStateCleanupIO: Backup state cleanup on uninstall is disabled. [CONTEXT service_id=229 ]
06-01 07:31:53.504  1502  1918 I AiAiEcho: #remoteViewsTwiddler: feature disabled.
06-01 07:31:53.509   687  2315 I Role    : com.google.android.gms not qualified for android.app.role.SYSTEM_DEPENDENCY_INSTALLER due to missing RequiredComponent{mIntentFilterData=IntentFilterData{mAction='android.content.pm.action.INSTALL_DEPENDENCY', mCategories='[]', mDataScheme='null', mDataType='null'}, mMinTargetSdkVersion=1, mFlags='0', mPermission='android.permission.BIND_DEPENDENCY_INSTALLER', mQueryFlags=0, mMetaData=[]}
06-01 07:31:53.510   687  2315 E RoleControllerServiceImpl: Default/fallback role holder package doesn't qualify for the role, package: com.google.android.gms, role: android.app.role.SYSTEM_DEPENDENCY_INSTALLER
06-01 07:31:53.536  1584  4167 I PackageInstalledIntentO: Test flag v2 is disabled [CONTEXT service_id=469 ]
06-01 07:31:53.539   687   718 V WindowManager: Sent Transition (#13) createdAt=06-01 07:31:52.893 via request=TransitionRequestInfo { type = OPEN, triggerTask = TaskInfo{userId=0 taskId=144 effectiveUid=10225 displayId=0 isRunning=true baseIntent=Intent { flg=0x10000000 cmp=com.aistudio.ereader.xynk/com.example.MainActivity } baseActivity=ComponentInfo{com.aistudio.ereader.xynk/com.example.MainActivity} topActivity=ComponentInfo{com.aistudio.ereader.xynk/com.example.MainActivity} origActivity=null realActivity=ComponentInfo{com.aistudio.ereader.xynk/com.example.MainActivity} numActivities=1 lastActiveTime=376854 supportsMultiWindow=true resizeMode=1 isResizeable=true minWidth=-1 minHeight=-1 defaultMinSize=220 token=WCT{RemoteToken{ffc302c Task{1539c #144 type=standard A=10225:com.aistudio.ereader.xynk}}} topActivityType=1 pictureInPictureParams=null shouldDockBigOverlays=false launchIntoPipHostTaskId=-1 lastParentTaskIdBeforePip=-1 displayCutoutSafeInsets=Rect(0, 128 - 0, 0) topActivityInfo=ActivityInfo{3161af5 com.example.MainActivity} launchCookies=[] positionInParent=Point(0, 0) parentTaskId=-1 isFocused=false isVisible=false isVisibleRequested=false isTopActivityNoDisplay=false isSleeping=false locusId=null displayAreaFeatureId=1 isTopActivityTransparent=false isActivityStackTransparent=false lastNonFullscreenBounds=Rect(276, 692 - 804, 1772) capturedLink=null capturedLinkTimestamp=0 requestedVisibleTypes=-9 topActivityRequestOpenInBrowserEducationTimestamp=0 appCompatTaskInfo=AppCompatTaskInfo { topActivityInSizeCompat=false eligibleForLetterboxEducation= false isLetterboxEducationEnabled= true isLetterboxDoubleTapEnabled= false eligibleForUserAspectRatioButton= false topActivityBoundsLetterboxed= false isFromLetterboxDoubleTap= false topActivityLetterboxVerticalPosition= -1 topActivityLetterboxHorizontalPosition= -1 topActivityLetterboxWidth=-1 topActivityLetterboxHeight=-1 topActivityAppBounds=Rect(0, 0 - 1080, 2400) isUserFullscreenOverrideEnabled=false isSystemFullscreenOverrideEnabled=false hasMinAspectRatioOverride=false topActivityLetterboxBounds=null cameraCompatTaskInfo=CameraCompatTaskInfo { freeformCameraCompatMode=inactive}} topActivityMainWindowFrame=null}, pipChange = null, remoteTransition = null, displayChange = null, flags = 0, debugId = 13 }
06-01 07:31:53.543  1502  1918 I AiAiEcho: Predicting[0]:  [CONTEXT sampling_count=5 ]
06-01 07:31:53.543  1502  1918 I AiAiEcho: EchoTargets: 
06-01 07:31:53.543  1502  1918 I AiAiEcho: Filtered by AiAi flag check: 
06-01 07:31:53.543  1502  1918 I AiAiEcho: [CONTEXT ratelimit_period="10 SECONDS" ]
06-01 07:31:53.544  1502  1918 I AiAiEcho: #remoteViewsTwiddler: feature disabled.
06-01 07:31:53.554   687   718 V WindowManager:     startWCT=WindowContainerTransaction { changes= {} hops= [] errorCallbackToken=null taskFragmentOrganizer=null }
06-01 07:31:53.554   687   718 V WindowManager:     info={id=13 t=OPEN f=0x0 trk=0 r=[0@Point(0, 0)] c=[
06-01 07:31:53.554   687   718 V WindowManager:         {WCT{RemoteToken{ffc302c Task{1539c #144 type=standard A=10225:com.aistudio.ereader.xynk}}} m=OPEN f=NONE leash=Surface(name=Task=144)/@0xcce4d32 sb=Rect(0, 0 - 1080, 2400) eb=Rect(0, 0 - 1080, 2400) epz=Point(1080, 2400) d=0 taskParent=-1},
06-01 07:31:53.554   687   718 V WindowManager:         {WCT{RemoteToken{c8233d9 Task{a577ad2 #1 type=home}}} m=TO_BACK f=SHOW_WALLPAPER leash=Surface(name=Task=1)/@0x8c34516 sb=Rect(0, 0 - 1080, 2400) eb=Rect(0, 0 - 1080, 2400) epz=Point(1080, 2400) d=0 taskParent=-1},
06-01 07:31:53.554   687   718 V WindowManager:         {m=TO_BACK f=IS_WALLPAPER leash=Surface(name=WallpaperWindowToken{d5b88df showWhenLocked=false})/@0x2d31a31 sb=Rect(0, 0 - 1080, 2400) eb=Rect(0, 0 - 1080, 2400) epz=Point(1080, 2400) d=0}
06-01 07:31:53.554   687   718 V WindowManager:     ]}
06-01 07:31:53.563   955  1368 V WindowManagerShell: onTransitionReady(transaction=2950642533082)
06-01 07:31:53.563  4161  4161 I io.ereader.xynk: Late-enabling -Xcheck:jni
06-01 07:31:53.564   955   994 V WindowManagerShell: onTransitionReady (#13) android.os.BinderProxy@8a40d1d: {id=13 t=OPEN f=0x0 trk=0 r=[0@Point(0, 0)] c=[
06-01 07:31:53.564   955   994 V WindowManagerShell:         {m=OPEN f=NONE leash=Surface(name=Task=144)/@0x8bb5478 sb=Rect(0, 0 - 1080, 2400) eb=Rect(0, 0 - 1080, 2400) epz=Point(1080, 2400) d=0 taskParent=-1},
06-01 07:31:53.564   955   994 V WindowManagerShell:         {m=TO_BACK f=SHOW_WALLPAPER leash=Surface(name=Task=1)/@0x84fb751 sb=Rect(0, 0 - 1080, 2400) eb=Rect(0, 0 - 1080, 2400) epz=Point(1080, 2400) d=0 taskParent=-1},
06-01 07:31:53.564   955   994 V WindowManagerShell:         {m=TO_BACK f=IS_WALLPAPER leash=Surface(name=WallpaperWindowToken{d5b88df showWhenLocked=false})/@0xd71ebb6 sb=Rect(0, 0 - 1080, 2400) eb=Rect(0, 0 - 1080, 2400) epz=Point(1080, 2400) d=0}
06-01 07:31:53.564   955   994 V WindowManagerShell:     ]}
06-01 07:31:53.565   955   994 V WindowManagerShell: Playing animation for (#13) android.os.BinderProxy@8a40d1d@0
06-01 07:31:53.565   955   994 V ShellRecents: RecentsTransitionHandler.startAnimation: no controller found
06-01 07:31:53.565   955   994 V WindowManagerShell: Transition doesn't have explicit remote, search filters for match for {id=13 t=OPEN f=0x0 trk=0 r=[0@Point(0, 0)] c=[{m=OPEN f=NONE leash=Surface(name=Task=144)/@0x8bb5478 sb=Rect(0, 0 - 1080, 2400) eb=Rect(0, 0 - 1080, 2400) epz=Point(1080, 2400) d=0 taskParent=-1},{m=TO_BACK f=SHOW_WALLPAPER leash=Surface(name=Task=1)/@0x84fb751 sb=Rect(0, 0 - 1080, 2400) eb=Rect(0, 0 - 1080, 2400) epz=Point(1080, 2400) d=0 taskParent=-1},{m=TO_BACK f=IS_WALLPAPER leash=Surface(name=WallpaperWindowToken{d5b88df showWhenLocked=false})/@0xd71ebb6 sb=Rect(0, 0 - 1080, 2400) eb=Rect(0, 0 - 1080, 2400) epz=Point(1080, 2400) d=0}]}
06-01 07:31:53.565   955   994 V WindowManagerShell:  Checking filter Pair{{types=[] flags=0x0] notFlags=0x0 checks=[{atype=undefined independent=true modes=[CLOSE,TO_BACK] flags=IN_TASK_WITH_EMBEDDED_ACTIVITY mustBeTask=false order=ANY topActivity=null launchCookie=null taskFragmentToken=android.os.BinderProxy@c294671 windowingMode=undefined}]} RemoteTransition { remoteTransition = android.window.IRemoteTransition$Stub$Proxy@d6f9c56, appThread = android.app.IApplicationThread$Stub$Proxy@aabf4d7, debugName = overlayBackTransition }}
06-01 07:31:53.565   955   994 V WindowManagerShell:  Checking filter Pair{{types=[] flags=0x0] notFlags=0x0 checks=[{atype=dream independent=true modes=[OPEN,TO_FRONT] flags=NONE mustBeTask=false order=ANY topActivity=null launchCookie=null windowingMode=undefined},{atype=home independent=true modes=[CLOSE,TO_BACK] flags=NONE mustBeTask=false order=ANY topActivity=null launchCookie=null windowingMode=undefined}]} RemoteTransition { remoteTransition = android.window.IRemoteTransition$Stub$Proxy@51af1c4, appThread = android.app.IApplicationThread$Stub$Proxy@3bad8ad, debugName = LauncherToDream }}
06-01 07:31:53.565   955   994 V WindowManagerShell:  Checking filter Pair{{types=[] flags=0x0] notFlags=0x100 checks=[{atype=home independent=true modes=[OPEN,TO_FRONT] flags=NONE mustBeTask=false order=TOP topActivity=ComponentInfo{com.google.android.apps.nexuslauncher/com.google.android.apps.nexuslauncher.NexusLauncherActivity} launchCookie=null windowingMode=undefined},{atype=standard independent=true modes=[CLOSE,TO_BACK] flags=NONE mustBeTask=false order=ANY topActivity=null launchCookie=null windowingMode=undefined},{NOT atype=undefined independent=true modes=[] flags=NONE mustBeTask=true order=ANY topActivity=null launchCookie=null customAnim=true windowingMode=undefined}]} RemoteTransition { remoteTransition = android.window.IRemoteTransition$Stub$Proxy@76127e2, appThread = android.app.IApplicationThread$Stub$Proxy@9510773, debugName = QuickstepLaunchHome }}
06-01 07:31:53.565   955   994 V WindowManagerShell:  Delegate animation for (#13) to null
06-01 07:31:53.565   955   994 V WindowManagerShell: start default transition animation, info = {id=13 t=OPEN f=0x0 trk=0 r=[0@Point(0, 0)] c=[{m=OPEN f=NONE leash=Surface(name=Task=144)/@0x8bb5478 sb=Rect(0, 0 - 1080, 2400) eb=Rect(0, 0 - 1080, 2400) epz=Point(1080, 2400) d=0 taskParent=-1},{m=TO_BACK f=SHOW_WALLPAPER leash=Surface(name=Task=1)/@0x84fb751 sb=Rect(0, 0 - 1080, 2400) eb=Rect(0, 0 - 1080, 2400) epz=Point(1080, 2400) d=0 taskParent=-1},{m=TO_BACK f=IS_WALLPAPER leash=Surface(name=WallpaperWindowToken{d5b88df showWhenLocked=false})/@0xd71ebb6 sb=Rect(0, 0 - 1080, 2400) eb=Rect(0, 0 - 1080, 2400) epz=Point(1080, 2400) d=0}]}
06-01 07:31:53.572  1584  4159 I gle.android.gms: AssetManager2(0x7eea2378ae38) locale list changing from [] to [en-US]
06-01 07:31:53.580  3228  3228 I Finsky  : [2] Memory trim requested to level 40
06-01 07:31:53.580  3228  3228 I Finsky  : [2] Flushing in-memory image cache
06-01 07:31:53.581   955   994 V WindowManagerShell: loadAnimation: anim=android.view.animation.AnimationSet@9290d42 animAttr=0x13 type=OPEN isEntrance=false
06-01 07:31:53.582   955   994 V WindowManagerShell: loadAnimation: anim=android.view.animation.AnimationSet@b3ebb8e animAttr=0x12 type=OPEN isEntrance=true
06-01 07:31:53.629  3228  3300 I Finsky  : [47] WM::SCH: Logging work initialize for 12-1
06-01 07:31:53.631  1502  1918 I AiAiEcho: #postPredictionTargets: Sending updates to UISurface home with targets# 0 (types=[])
06-01 07:31:53.632  1502  1918 I AiAiEcho: #postPredictionTargets: Sending updates to UISurface lockscreen with targets# 0 (types=[])
06-01 07:31:53.654   955   994 V WindowManagerShell:  animated by com.android.wm.shell.transition.DefaultTransitionHandler@c0d0fd5
06-01 07:31:53.656  3228  3301 I Finsky  : [48] WM::SCH: Logging work initialize for 12-1
06-01 07:31:53.662   955   955 W PageIndicator: Total number of pages invalid: 0. Assuming 1 page.
06-01 07:31:53.666  3228  3321 I Finsky  : [59] SCH: Scheduling phonesky job Id: 12-1, CT: 1780273913013, Constraints: [{ L: 15000, D: 86400000, C: CHARGING_NONE, I: IDLE_NONE, N: NET_ANY, B: BATTERY_ANY }]
06-01 07:31:53.679   687   816 V AccessibilityManagerService: onUserStateChangedLocked for userId: 0, forceUpdate: false
06-01 07:31:53.679   687   729 W ActivityManager: Slow operation: 129ms so far, now at startProcess: returned from zygote!
06-01 07:31:53.697   687   816 W MagnificationConnectionManager: requestConnection duplicated request: connect=false, mConnectionState=DISCONNECTED
06-01 07:31:53.697  4161  4161 I io.ereader.xynk: Using CollectorTypeCMC GC.
06-01 07:31:53.699  4161  4161 W io.ereader.xynk: Unexpected CPU variant for x86: x86_64.
06-01 07:31:53.699  4161  4161 W io.ereader.xynk: Known variants: atom, sandybridge, silvermont, goldmont, goldmont-plus, goldmont-without-sha-xsaves, tremont, kabylake, alderlake, default
06-01 07:31:53.715   687   687 W IPCThreadState: Sending oneway calls to frozen process.
06-01 07:31:53.716  1103  1103 D SsBaseTemplateCard: No text view can be set up
06-01 07:31:53.716  1103  1103 D SsBaseTemplateCard: Passed-in item info is null
06-01 07:31:53.716  1103  1103 D SsBaseTemplateCard: Passed-in item info is null
06-01 07:31:53.716  1103  1103 D SsBaseTemplateCard: Passed-in item info is null
06-01 07:31:53.716  1103  1103 I SsBaseTemplateCard: Secondary card pane is null
06-01 07:31:53.737   687   904 D BackgroundInstallControlService: Package event received: 0
06-01 07:31:53.742   687   687 W IPCThreadState: Sending oneway calls to frozen process.
06-01 07:31:53.742   687   687 W IPCThreadState: Sending oneway calls to frozen process.
06-01 07:31:53.742   687   687 W IPCThreadState: Sending oneway calls to frozen process.
06-01 07:31:53.743  1436  1441 W .apps.wellbeing: Suspending all threads took: 125.809ms
06-01 07:31:53.760   687   719 W Looper  : Slow dispatch took 139ms android.ui app=system_server main=false group=TOP_APP h=com.android.server.am.ActivityManagerService$UiHandler c=com.android.server.am.UidObserverController$$ExternalSyntheticLambda0@3d5d131 m=0
06-01 07:31:53.770  3228  3318 I Finsky  : [56] SCH: Scheduling 1 system job(s)
06-01 07:31:53.772  3228  3318 I Finsky  : [56] SCH: Scheduling system job Id: 9195, L: 14243, D: 34447031, C: false, I: false, N: 1
06-01 07:31:53.803   687   729 W ActivityManager: Slow operation: 483ms so far, now at startProcess: done updating battery stats
06-01 07:31:53.803   687   729 W ActivityManager: Slow operation: 484ms so far, now at startProcess: building log message
06-01 07:31:53.803   687   729 I ActivityManager: Start proc 4161:com.aistudio.ereader.xynk/u0a225 for next-top-activity {com.aistudio.ereader.xynk/com.example.MainActivity}
06-01 07:31:53.804   687   729 W ActivityManager: Slow operation: 484ms so far, now at startProcess: starting to update pids map
06-01 07:31:53.804   687   729 I ActivityManager: ProcessObserver broadcast disabled
06-01 07:31:53.804   687   729 W ActivityManager: Slow operation: 484ms so far, now at startProcess: done updating pids map
06-01 07:31:53.842   560   578 I adbd    : jdwp connection from 4161
06-01 07:31:53.851  3322  3322 I Finsky:background: [2] Memory trim requested to level 40
06-01 07:31:53.858  3228  3254 W android.vending: Suspending all threads took: 8.441ms
06-01 07:31:53.868  4161  4161 D nativeloader: Load libframework-connectivity-tiramisu-jni.so using APEX ns com_android_tethering for caller /apex/com.android.tethering/javalib/framework-connectivity-t.jar: ok
06-01 07:31:53.953  3228  3305 I Finsky  : [50] [ContentSync] finished, scheduled=true
06-01 07:31:53.960  3228  3321 I Finsky  : [59] SCH: Scheduling phonesky job Id: 12-1, CT: 1780273912820, Constraints: [{ L: 15000, D: 86400000, C: CHARGING_NONE, I: IDLE_NONE, N: NET_ANY, B: BATTERY_ANY }]
06-01 07:31:53.983  3322  3326 W ding:background: Suspending all threads took: 40.538ms
06-01 07:31:54.023  3228  3314 I Finsky  : [55] SCH: Scheduling 1 system job(s)
06-01 07:31:54.023  3228  3314 I Finsky  : [55] SCH: Scheduling system job Id: 9195, L: 13797, D: 34446778, C: false, I: false, N: 1
06-01 07:31:54.052   955   994 V WindowManagerShell: Transition animation finished (aborted=false), notifying core (#13) android.os.BinderProxy@8a40d1d@0
06-01 07:31:54.053  3322  3341 W ding:background: Weak pointer dereference blocked for 31 milliseconds.
06-01 07:31:54.064  1103  1103 D VRI[NexusLauncherActivity]: visibilityChanged oldVisibility=true newVisibility=false
06-01 07:31:54.066   687   718 V WindowManager: Finish Transition (#13): created at 06-01 07:31:52.893 collect-started=0.184ms request-sent=220.489ms started=303.368ms ready=594.829ms sent=621.18ms commit=79.165ms finished=1164.635ms
06-01 07:31:54.074   955   994 V WindowManagerShell: Track 0 became idle
06-01 07:31:54.074   955   994 V WindowManagerShell: All active transition animations finished
06-01 07:31:54.094  1103  1103 D NexusLauncherModelDelegate: notifySmartspaceEvent: SmartspaceTargetEvent{mSmartspaceTarget=null, mSmartspaceActionId='null', mEventType=7}
06-01 07:31:54.101   687   719 W Looper  : Slow dispatch took 198ms android.ui app=system_server main=false group=TOP_APP h=com.android.server.am.ActivityManagerService$UiHandler c=com.android.server.am.UidObserverController$$ExternalSyntheticLambda0@3d5d131 m=0
06-01 07:31:54.107  3322  3796 W PlayCommon: [82] No account for auth token provided
06-01 07:31:54.112  3322  3796 I PlayCommon: [82] Connecting to server: https://play.googleapis.com/play/log?format=raw&proto_v2=true
06-01 07:31:54.121   687  1707 W IPCThreadState: Sending oneway calls to frozen process.
06-01 07:31:54.128  1092  1302 D SatelliteController: iisInCarrierRoamingNbIotNtn: satellite is disabled
06-01 07:31:54.180   687   904 D BackgroundInstallControlService: Package event received: 0
06-01 07:31:54.208  1584  4162 I Auth    : (REDACTED) [SupervisedAccountIntentOperation] onHandleIntent: %s
06-01 07:31:54.213  1584  4165 W AppInstallOperation: FDL Migration::InstallIntentOperation by FDL Module [CONTEXT service_id=77 ]
06-01 07:31:54.213  1584  4163 I PackageInstalledIntentO: Test flag v2 is disabled [CONTEXT service_id=469 ]
06-01 07:31:54.215  1253  4138 I ProximityAuth: [RecentAppsMediator] Package added: (user=UserHandle{0}) com.aistudio.ereader.xynk
06-01 07:31:54.223  1253  4138 I .gms.persistent: AssetManager2(0x7eea23785cf8) locale list changing from [] to [en-US]
06-01 07:31:54.227  1584  4159 W SQLiteLog: (28) double-quoted string literal: "com.aistudio.ereader.xynk"
06-01 07:31:54.228  1584  1584 D BoundBrokerSvc: onBind: Intent { act=com.google.android.gms.common.BIND_SHARED_PREFS xflg=0x4 pkg=com.google.android.gms }
06-01 07:31:54.228  1584  1584 D BoundBrokerSvc: Loading bound service for intent: Intent { act=com.google.android.gms.common.BIND_SHARED_PREFS xflg=0x4 pkg=com.google.android.gms }
06-01 07:31:54.237  1584  4162 I NearbyDiscovery: (REDACTED) processGrantSlicePermission: %s
06-01 07:31:54.239  1253  4184 I Fitness : (REDACTED) FitCleanupIntentOperation received Intent %s
06-01 07:31:54.241  3322  3796 I PlayCommon: [82] Successfully uploaded logs.
06-01 07:31:54.261  1584  3856 I gle.android.gms: AssetManager2(0x7eea23782198) locale list changing from [] to [en-US]
06-01 07:31:54.267   955   962 I ndroid.systemui: Background concurrent mark compact GC freed 5194KB AllocSpace bytes, 30(712KB) LOS objects, 49% free, 23MB/46MB, paused 5.085ms,2.161ms total 2.473s
06-01 07:31:54.285   687  2315 E RoleControllerServiceImpl: Default/fallback role holder package doesn't qualify for the role, package: com.google.android.gms, role: android.app.role.WALLET
06-01 07:31:54.305  3228  3301 I Finsky  : [48] [ContentSync] finished, scheduled=true
06-01 07:31:54.317   687  2315 I system_server: AssetManager2(0x7eea23813698) locale list changing from [] to [en-US]
06-01 07:31:54.318   955   964 W System  : A resource failed to call release. 
06-01 07:31:54.321   955   964 W System  : A resource failed to call release. 
06-01 07:31:54.321   955   964 W System  : A resource failed to call release. 
06-01 07:31:54.322   955   964 W System  : A resource failed to call release. 
06-01 07:31:54.325   687  2315 W SignedPackage: Cannot get ApplicationInfo for package: com.google.android.devicelockcontroller
06-01 07:31:54.334   955   964 W System  : A resource failed to call release. 
06-01 07:31:54.343   687  1700 W HWUI    : Image decoding logging dropped!
06-01 07:31:54.358  2074  2238 I cwfr    : (REDACTED) MDD.getFileGroup(%s)
06-01 07:31:54.362  2074  2197 I cwfr    : (REDACTED) Loading %s from MDD with name=%s version=%d BuildId= %d
06-01 07:31:54.363  2074  2238 I cwfr    : (REDACTED) [SRM] [Hotword] get hotword model config success, %d locales.
06-01 07:31:54.364  2074  2235 W elmc    : (REDACTED) Embedded config %d is more recent than server config %d, return embedded one.
06-01 07:31:54.364  2074  2235 I elmc    : (REDACTED) Returning hotword config from Mobserve with build %d and keys: %s
06-01 07:31:54.371   687  4193 W HWUI    : Failed to initialize 101010-2 format, error = EGL_SUCCESS
06-01 07:31:54.427  1253  4143 I FontLog : (REDACTED) Package %s has no metadata
06-01 07:31:54.437  2074  2235 I aqhs    : OptInSetting is UNKNOWN or UNRECOGNIZED [CONTEXT ratelimit_period="10 SECONDS" skipped=3 ]
06-01 07:31:54.437  2074  2235 I alfr    : Device not matched [CONTEXT ratelimit_period="10 SECONDS" skipped=5 ]
06-01 07:31:54.437  2074  2235 I bljx    : (REDACTED) getInitialSimplifiedOobeViaDeeplinkUser: %b
06-01 07:31:54.439  2074  2235 I aqhs    : (REDACTED) isDeeplinkEnabled %s, isInitialSimplifiedOobeViaDeeplinkUser %s
06-01 07:31:54.439  2074  2235 I aqhs    : #getOobeStatus: BeforeOobe [CONTEXT ratelimit_period="10 SECONDS" skipped=5 ]
06-01 07:31:54.441  2074  2235 I bljx    : (REDACTED) getInitialSimplifiedOobeViaDeeplinkUser: %b
06-01 07:31:54.441  2074  2235 I aqhs    : (REDACTED) isDeeplinkEnabled %s, isInitialSimplifiedOobeViaDeeplinkUser %s
06-01 07:31:54.448  2074  2235 I dsrl    : (REDACTED) isAppDefaultAssistant setting: %s
06-01 07:31:54.448  2074  2235 I dsrl    : (REDACTED) isAppDefaultAssistant defaultComponentName: %s
06-01 07:31:54.454  2074  2238 I cvhw    : Using default weather temperature preference
06-01 07:31:54.456   687  1747 W ActivityTaskManager: takeTaskSnapshot: taskId=135 not found or not visible
06-01 07:31:54.551  2074  4091 I cn_HttpFlagsLoader: HTTP flags log line (API): Using live production flag values from Google
06-01 07:31:54.559  1584  2472 I Icing   : IndexChimeraService.getServiceInterface callingPackage=com.google.android.gms componentName=AppsCorpus serviceId=36
06-01 07:31:54.563  1253  1253 D BoundBrokerSvc: onBind: Intent { act=com.google.android.gms.clearcut.sampler.service.START dat=chimera-action:/... xflg=0x4 cmp=com.google.android.gms/.chimera.PersistentDirectBootAwareApiService }
06-01 07:31:54.563  1253  1253 D BoundBrokerSvc: Loading bound service for intent: Intent { act=com.google.android.gms.clearcut.sampler.service.START dat=chimera-action:/... xflg=0x4 cmp=com.google.android.gms/.chimera.PersistentDirectBootAwareApiService }
06-01 07:31:54.570  1584  1584 D BoundBrokerSvc: onBind: Intent { act=com.google.android.gms.feedback.internal.IFeedbackService dat=chimera-action:/... xflg=0x4 cmp=com.google.android.gms/.chimera.GmsBoundBrokerService }
06-01 07:31:54.570  1584  1584 D BoundBrokerSvc: Loading bound service for intent: Intent { act=com.google.android.gms.feedback.internal.IFeedbackService dat=chimera-action:/... xflg=0x4 cmp=com.google.android.gms/.chimera.GmsBoundBrokerService }
06-01 07:31:54.603  2074  4091 I DynamiteModule: Considering local module com.google.android.gms.cronet_dynamite:0 and remote module com.google.android.gms.cronet_dynamite:4811
06-01 07:31:54.603  2074  4091 I DynamiteModule: Selected remote version of com.google.android.gms.cronet_dynamite, version >= 4811
06-01 07:31:54.603  2074  4091 V DynamiteModule: Dynamite loader version >= 2, using loadModule2NoCrashUtils
06-01 07:31:54.607   687   904 D BackgroundInstallControlService: Package event received: 0
06-01 07:31:54.610  2074  4091 I earchbox:search: AssetManager2(0x7eea23783a98) locale list changing from [] to [en-US]
06-01 07:31:54.627  2074  4091 W earchbox:search: ClassLoaderContext classpath element checksum mismatch. expected=2832758366, found=2895185618 (DLC[];PCL[base.apk*2832758366]{PCL[/system/framework/org.apache.http.legacy.jar*4247870504]#PCL[/system/framework/com.android.location.provider.jar*1570284764]#PCL[/system/framework/com.android.media.remotedisplay.jar*487574312]#PCL[/system_ext/framework/com.android.extensions.appfunctions.jar*2880224042]#PCL[/system_ext/framework/androidx.window.extensions.jar*1030441313]#PCL[/system_ext/framework/androidx.window.sidecar.jar*3860983653]} | DLC[];PCL[/data/app/~~KczER6NriYuDJOGw69fI-g==/com.google.android.googlequicksearchbox-cdwpa0rlDL4cMZ_Jb99qpQ==/base.apk*2895185618]{PCL[/system/framework/org.apache.http.legacy.jar*4247870504]#PCL[/system_ext/framework/com.android.extensions.appfunctions.jar*2880224042]#PCL[/system_ext/framework/androidx.window.extensions.jar*1030441313]#PCL[/system_ext/framework/androidx.window.sidecar.jar*3860983653]})
06-01 07:31:54.629  1584  4192 I Icing   : Usage reports ok 0, Failed Usage reports 0, indexed 0, rejected 0
06-01 07:31:54.639  2074  4091 I earchbox:search: AssetManager2(0x7eea23780258) locale list changing from [] to [en-US]
06-01 07:31:54.645  2074  4091 I earchbox:search: AssetManager2(0x7eea237824b8) locale list changing from [] to [en-US]
06-01 07:31:54.663  1253  1253 D BoundBrokerSvc: onRebind: Intent { act=com.google.android.gms.common.telemetry.service.START dat=chimera-action:/... xflg=0x4 cmp=com.google.android.gms/.chimera.PersistentApiService }
06-01 07:31:54.671  1584  3430 I Icing   : IndexChimeraService.getServiceInterface callingPackage=com.google.android.gms componentName=null serviceId=30
06-01 07:31:54.676   687  1707 D ConnectivityService: requestNetwork for uid/pid:10149/2074 activeRequest: null callbackRequest: 150 [NetworkRequest [ REQUEST id=151, [ Capabilities: INTERNET&NOT_RESTRICTED&TRUSTED&NOT_VCN_MANAGED&NOT_BANDWIDTH_CONSTRAINED Uid: 10149 RequestorUid: 10149 RequestorPkg: com.google.android.googlequicksearchbox UnderlyingNetworks: Null] ]] callback flags: 0 order: 2147483647 isUidTracked: false declaredMethods: AVAIL|LOST|NC|LP
06-01 07:31:54.680   687   854 D ConnectivityService: NetReassign [151 : null → 100] [c 0] [a 1] [i 2]
06-01 07:31:54.681   687   844 D WifiNetworkFactory: got request NetworkRequest [ REQUEST id=151, [ Capabilities: INTERNET&NOT_RESTRICTED&TRUSTED&NOT_VCN_MANAGED&NOT_BANDWIDTH_CONSTRAINED Uid: 10149 RequestorUid: 10149 RequestorPkg: com.google.android.googlequicksearchbox UnderlyingNetworks: Null] ]
06-01 07:31:54.681   687   844 D UntrustedWifiNetworkFactory: got request NetworkRequest [ REQUEST id=151, [ Capabilities: INTERNET&NOT_RESTRICTED&TRUSTED&NOT_VCN_MANAGED&NOT_BANDWIDTH_CONSTRAINED Uid: 10149 RequestorUid: 10149 RequestorPkg: com.google.android.googlequicksearchbox UnderlyingNetworks: Null] ]
06-01 07:31:54.681   687   844 D OemPaidWifiNetworkFactory: got request NetworkRequest [ REQUEST id=151, [ Capabilities: INTERNET&NOT_RESTRICTED&TRUSTED&NOT_VCN_MANAGED&NOT_BANDWIDTH_CONSTRAINED Uid: 10149 RequestorUid: 10149 RequestorPkg: com.google.android.googlequicksearchbox UnderlyingNetworks: Null] ]
06-01 07:31:54.681   687   844 D MultiInternetWifiNetworkFactory: got request NetworkRequest [ REQUEST id=151, [ Capabilities: INTERNET&NOT_RESTRICTED&TRUSTED&NOT_VCN_MANAGED&NOT_BANDWIDTH_CONSTRAINED Uid: 10149 RequestorUid: 10149 RequestorPkg: com.google.android.googlequicksearchbox UnderlyingNetworks: Null] ]
06-01 07:31:54.698   687   854 D ConnectivityService: NetReassign [no changes] [c 1] [a 3] [i 1]
06-01 07:31:54.710  2074  4091 D nativeloader: Load /data/app/~~KczER6NriYuDJOGw69fI-g==/com.google.android.googlequicksearchbox-cdwpa0rlDL4cMZ_Jb99qpQ==/base.apk!/lib/x86_64/libcronet.149.0.7827.22.so using class loader ns clns-10 (caller=/data/app/~~KczER6NriYuDJOGw69fI-g==/com.google.android.googlequicksearchbox-cdwpa0rlDL4cMZ_Jb99qpQ==/base.apk!classes9.dex): ok
06-01 07:31:54.769  2074  4091 I cn_CronetLibraryLoader: Cronet version: 149.0.7827.22, arch: x86_64
06-01 07:31:54.805  1584  4192 I Icing   : Usage reports ok 0, Failed Usage reports 0, indexed 0, rejected 0
06-01 07:31:54.838  2074  4202 W chromium: [0601/073154.835412:WARNING:components/cronet/url_request_context_config.cc:767] Unrecognized Cronet experimental option "enable_telemetry" with params "true
06-01 07:31:54.838  2074  4202 W chromium: 
06-01 07:31:54.906  1584  4192 I Icing   : Indexing com.google.android.gms-apps from com.google.android.gms
06-01 07:31:54.948   687   707 I system_server: Background concurrent mark compact GC freed 22MB AllocSpace bytes, 33(936KB) LOS objects, 41% free, 34MB/58MB, paused 13.540ms,7.226ms total 3.248s
06-01 07:31:54.959   687   709 W System  : A resource failed to call close. 
06-01 07:31:54.971   687   709 W System  : A resource failed to call release. 
06-01 07:31:54.984  1584  4192 I Icing   : Indexing done com.google.android.gms-apps
06-01 07:31:55.071  4161  4161 D nativeloader: Configuring clns-9 for other apk /data/app/~~Ex9PHzZi0_A1MGpMkV2fcg==/com.aistudio.ereader.xynk-Q9IXEPkOyWBu-hWuzpUtMA==/base.apk. target_sdk_version=36, uses_libraries=, library_path=/data/app/~~Ex9PHzZi0_A1MGpMkV2fcg==/com.aistudio.ereader.xynk-Q9IXEPkOyWBu-hWuzpUtMA==/lib/x86_64:/data/app/~~Ex9PHzZi0_A1MGpMkV2fcg==/com.aistudio.ereader.xynk-Q9IXEPkOyWBu-hWuzpUtMA==/base.apk!/lib/x86_64, permitted_path=/data:/mnt/expand:/data/user/0/com.aistudio.ereader.xynk
06-01 07:31:55.090  4161  4161 I io.ereader.xynk: AssetManager2(0x7eea23776f78) locale list changing from [] to [en-US]
06-01 07:31:55.107  2074  4202 I cn_CronetUrlRequestContext: destroyNativeStreamLocked org.chromium.net.impl.CronetBidirectionalStream@546edc8
06-01 07:31:55.111  4161  4161 V GraphicsEnvironment: Currently set values for:
06-01 07:31:55.111  4161  4161 V GraphicsEnvironment:   angle_gl_driver_selection_pkgs=[]
06-01 07:31:55.111  4161  4161 V GraphicsEnvironment:   angle_gl_driver_selection_values=[]
06-01 07:31:55.111  4161  4161 V GraphicsEnvironment: com.aistudio.ereader.xynk is not listed in per-application setting
06-01 07:31:55.112  4161  4161 V GraphicsEnvironment: ANGLE allowlist from config: com.dreamgames.royalmatch com.dts.freefiremax com.dxx.firenow com.gramgames.mergedragons com.ludo.king com.mojang.minecraftpe com.my.defense com.nintendo.zaka com.os.airforce com.playrix.fishdomdd.gplay io.teslatech.callbreak jp.konami.prospia net.peakgames.toonblast
06-01 07:31:55.112  4161  4161 V GraphicsEnvironment: com.aistudio.ereader.xynk is not listed in ANGLE allowlist or settings, returning default
06-01 07:31:55.112  4161  4161 V GraphicsEnvironment: Neither updatable production driver nor prerelease driver is supported.
06-01 07:31:55.216  2074  2235 I cupy    : (REDACTED) remove request for trigger key: %s, isClientInitiated: %s
06-01 07:31:55.248  2074  2235 I cury    : (REDACTED) #maybeCreateTimeTrigger: time trigger= %s with start time=%d, stop time=%d in seconds.
06-01 07:31:55.268  4161  4161 D WM-WrkMgrInitializer: Initializing WorkManager with default configuration.
06-01 07:31:55.276  2074  2235 I cupy    : (REDACTED) remove request for trigger key: %s, isClientInitiated: %s
06-01 07:31:55.283  2074  2235 I cury    : (REDACTED) #remove: subTriggerId=%s
06-01 07:31:55.317  2074  2235 I cury    : (REDACTED) #maybeCreateTimeTrigger: time trigger= %s with start time=%d, stop time=%d in seconds.
06-01 07:31:55.460  1436  1754 I .apps.wellbeing: AssetManager2(0x7eea23795d38) locale list changing from [] to [en-US]
06-01 07:31:55.464  1436  1754 I .apps.wellbeing: AssetManager2(0x7eea23799898) locale list changing from [] to [en-US]
06-01 07:31:55.468  1436  1754 I .apps.wellbeing: AssetManager2(0x7eea23798f38) locale list changing from [] to [en-US]
06-01 07:31:55.469  1436  1754 I .apps.wellbeing: AssetManager2(0x7eea23797638) locale list changing from [] to [en-US]
06-01 07:31:55.471  1436  1754 I .apps.wellbeing: AssetManager2(0x7eea237956f8) locale list changing from [] to [en-US]
06-01 07:31:55.473  1436  1754 I .apps.wellbeing: AssetManager2(0x7eea23794a78) locale list changing from [] to [en-US]
06-01 07:31:55.480  1436  1754 I .apps.wellbeing: AssetManager2(0x7eea23794d98) locale list changing from [] to [en-US]
06-01 07:31:55.484  1436  1754 I .apps.wellbeing: AssetManager2(0x7eea23799bb8) locale list changing from [] to [en-US]
06-01 07:31:55.492  1436  1754 I .apps.wellbeing: AssetManager2(0x7eea2379a838) locale list changing from [] to [en-US]
06-01 07:31:55.496  1436  1754 I .apps.wellbeing: AssetManager2(0x7eea23799258) locale list changing from [] to [en-US]
06-01 07:31:55.511  1436  1754 I .apps.wellbeing: AssetManager2(0x7eea23797c78) locale list changing from [] to [en-US]
06-01 07:31:55.513  1436  1754 I .apps.wellbeing: AssetManager2(0x7eea23794438) locale list changing from [] to [en-US]
06-01 07:31:55.516  1436  1754 I .apps.wellbeing: AssetManager2(0x7eea23797318) locale list changing from [] to [en-US]
06-01 07:31:55.520  1436  1754 I .apps.wellbeing: AssetManager2(0x7eea23798c18) locale list changing from [] to [en-US]
06-01 07:31:55.525  1436  1754 I .apps.wellbeing: AssetManager2(0x7eea2379baf8) locale list changing from [] to [en-US]
06-01 07:31:55.536  1436  1754 I .apps.wellbeing: AssetManager2(0x7eea23796cd8) locale list changing from [] to [en-US]
06-01 07:31:55.540  1436  1754 I .apps.wellbeing: AssetManager2(0x7eea2378f618) locale list changing from [] to [en-US]
06-01 07:31:55.558  1436  1754 I .apps.wellbeing: AssetManager2(0x7eea2379b4b8) locale list changing from [] to [en-US]
06-01 07:31:55.574  1436  1754 I .apps.wellbeing: AssetManager2(0x7eea23780258) locale list changing from [] to [en-US]
06-01 07:31:55.578  1436  1754 I .apps.wellbeing: AssetManager2(0x7eea23796698) locale list changing from [] to [en-US]
06-01 07:31:55.581  1436  1754 I .apps.wellbeing: AssetManager2(0x7eea237908d8) locale list changing from [] to [en-US]
06-01 07:31:55.585  1436  1754 I .apps.wellbeing: AssetManager2(0x7eea2379be18) locale list changing from [] to [en-US]
06-01 07:31:55.589  1436  1754 I .apps.wellbeing: AssetManager2(0x7eea23783db8) locale list changing from [] to [en-US]
06-01 07:31:55.593  1436  1754 I .apps.wellbeing: AssetManager2(0x7eea23783a98) locale list changing from [] to [en-US]
06-01 07:31:55.598  1436  1754 I .apps.wellbeing: AssetManager2(0x7eea23780578) locale list changing from [] to [en-US]
06-01 07:31:55.601  1436  1754 I .apps.wellbeing: AssetManager2(0x7eea23781518) locale list changing from [] to [en-US]
06-01 07:31:55.605  1436  1754 I .apps.wellbeing: AssetManager2(0x7eea2377e958) locale list changing from [] to [en-US]
06-01 07:31:55.608  1436  1754 I .apps.wellbeing: AssetManager2(0x7eea2377f2b8) locale list changing from [] to [en-US]
06-01 07:31:55.614  1436  1754 I .apps.wellbeing: AssetManager2(0x7eea23781b58) locale list changing from [] to [en-US]
06-01 07:31:55.618  1436  1754 I .apps.wellbeing: AssetManager2(0x7eea23785cf8) locale list changing from [] to [en-US]
06-01 07:31:55.620  1436  1754 I .apps.wellbeing: AssetManager2(0x7eea2378ae38) locale list changing from [] to [en-US]
06-01 07:31:55.627  1436  1754 I .apps.wellbeing: AssetManager2(0x7eea23790bf8) locale list changing from [] to [en-US]
06-01 07:31:55.631  4161  4161 D WM-PackageManagerHelper: Skipping component enablement for androidx.work.impl.background.systemjob.SystemJobService
06-01 07:31:55.631  4161  4161 D WM-Schedulers: Created SystemJobScheduler and enabled SystemJobService
06-01 07:31:55.632  1436  1754 I .apps.wellbeing: AssetManager2(0x7eea23788278) locale list changing from [] to [en-US]
06-01 07:31:55.635  1436  1754 I .apps.wellbeing: AssetManager2(0x7eea2378d9f8) locale list changing from [] to [en-US]
06-01 07:31:55.641  1436  1754 I .apps.wellbeing: AssetManager2(0x7eea23791558) locale list changing from [] to [en-US]
06-01 07:31:55.647  1436  1754 I .apps.wellbeing: AssetManager2(0x7eea23793ad8) locale list changing from [] to [en-US]
06-01 07:31:55.648  1436  1754 I .apps.wellbeing: AssetManager2(0x7eea2378efd8) locale list changing from [] to [en-US]
06-01 07:31:55.652  1436  1754 I .apps.wellbeing: AssetManager2(0x7eea2378e678) locale list changing from [] to [en-US]
06-01 07:31:55.656  1436  1754 I .apps.wellbeing: AssetManager2(0x7eea2378ecb8) locale list changing from [] to [en-US]
06-01 07:31:55.666  1436  1754 I .apps.wellbeing: AssetManager2(0x7eea23785398) locale list changing from [] to [en-US]
06-01 07:31:55.683  1436  1754 I .apps.wellbeing: AssetManager2(0x7eea2378a1b8) locale list changing from [] to [en-US]
