--------- beginning of main
06-01 06:44:11.402  1046  1046 D b/387844520: getOutlineOffsetX: measured width = 173, mNormalizedIconSize = 159, last updated width = 173
06-01 06:44:11.425   678   802 I system_server: AssetManager2(0x7b2c7644c8d8) locale list changing from [] to [en-US]
06-01 06:44:11.427   678   802 I system_server: AssetManager2(0x7b2c7644d238) locale list changing from [] to [en-US]
06-01 06:44:11.429   678   802 I system_server: AssetManager2(0x7b2c76452698) locale list changing from [] to [en-US]
06-01 06:44:11.433   678   799 I system_server: AssetManager2(0x7b2c764493b8) locale list changing from [] to [en-US]
06-01 06:44:11.436   678   799 I system_server: AssetManager2(0x7b2c764499f8) locale list changing from [] to [en-US]
06-01 06:44:11.440   678   802 I system_server: AssetManager2(0x7b2c763c97f8) locale list changing from [] to [en-US]
06-01 06:44:11.442  1490  1967 I MediaProvider: Begin Intent { act=android.intent.action.PACKAGE_FULLY_REMOVED dat=package: flg=0x5000010 cmp=com.google.android.providers.media.module/com.android.providers.media.MediaService (has extras) }
06-01 06:44:11.443   678  1772 W SignedPackage: Cannot get ApplicationInfo for package: com.google.android.devicelockcontroller
06-01 06:44:11.444  1490  1967 D MediaProvider: Deleted 0 Android/media items belonging to com.aistudio.ereader.xynk on /data/user/0/com.google.android.providers.media.module/databases/external.db
--------- beginning of system
06-01 06:44:11.444   678   802 V AccessibilityManagerService: onUserStateChangedLocked for userId: 0, forceUpdate: false
06-01 06:44:11.445   678   802 W MagnificationConnectionManager: requestConnection duplicated request: connect=false, mConnectionState=DISCONNECTED
06-01 06:44:11.445  1490  1967 I FuseDaemon: Successfully deleted rows in leveldb for owner_id:  and ownerPackageIdentifier: com.aistudio.ereader.xynk::0
06-01 06:44:11.446   678   678 W IPCThreadState: Sending oneway calls to frozen process.
06-01 06:44:11.446  1490  1967 D MediaGrants: Removed 0 media_grants for 0 user for [com.aistudio.ereader.xynk]. Reason: Package orphaned
06-01 06:44:11.447   678   678 W IPCThreadState: Sending oneway calls to frozen process.
06-01 06:44:11.450  1502  1983 I AiAiEcho: [pnb-agg] Reload pnb aggregation on events deleted
06-01 06:44:11.450  1502  1983 I AiAiEcho: [pnb-agg] pnb aggregation disabled.
06-01 06:44:11.457  1490  1967 I MediaProvider: End Intent { act=android.intent.action.PACKAGE_FULLY_REMOVED dat=package: flg=0x5000010 cmp=com.google.android.providers.media.module/com.android.providers.media.MediaService (has extras) }
06-01 06:44:11.474  2411  2411 I Finsky  : [2] Memory trim requested to level 40
06-01 06:44:11.474  2411  2411 I Finsky  : [2] Flushing in-memory image cache
06-01 06:44:11.488  1046  1116 D SessionCommitReceiver: Removing unneeded PromiseIcon for package: com.aistudio.ereader.xynk, install reason: 0, alreadyAddedPromiseIcon: false
06-01 06:44:11.503   678   782 I RoleService: Granting default roles...
06-01 06:44:11.520   678   844 E AppOps  : attributionTag VCN not declared in manifest of android
06-01 06:44:11.522   678  1076 D SafetySourceDataValidat: No cert check requested for package com.google.android.permissioncontroller
06-01 06:44:11.523   678   719 D LauncherAppsService: onPackageAdded: triggering onPackageAdded for user=UserHandle{0}, packageName=com.aistudio.ereader.xynk
06-01 06:44:11.523   678   719 D LauncherAppsService: onPackageAdded: triggering onPackageAdded for user=UserHandle{0}, packageName=com.aistudio.ereader.xynk
06-01 06:44:11.523   678   719 D LauncherAppsService: onPackageAdded: Skipping - package filtered for user=UserHandle{0}, packageName=com.aistudio.ereader.xynk
06-01 06:44:11.523   678   719 D LauncherAppsService: onPackageAdded: triggering onPackageAdded for user=UserHandle{0}, packageName=com.aistudio.ereader.xynk
06-01 06:44:11.523   551   551 D NativePermissionController: updatePackagesForUid, UidPackageState{uid: 10223, packageNames: [com.aistudio.ereader.xynk]}
06-01 06:44:11.524   678   719 W PackageManager: Failed registering loading progress callback. Package is fully loaded.
06-01 06:44:11.524  1046  1116 D LauncherAppsCallbackImpl: onPackageAdded triggered for packageName=com.aistudio.ereader.xynk, user=UserHandle{0}
06-01 06:44:11.524  1046  1116 D PackageUpdatedTask: Package updated: mOp=ADD packages=[com.aistudio.ereader.xynk], user=UserHandle{0}
06-01 06:44:11.524   678   885 D ShortcutService: received package broadcast intent: Intent { act=android.intent.action.PACKAGE_ADDED dat=package: flg=0x4000010 (has extras) }
06-01 06:44:11.524   678   885 D ShortcutService: adding package: com.aistudio.ereader.xynk userId=0
06-01 06:44:11.530  1046  1116 I s.nexuslauncher: AssetManager2(0x7b2c763e6038) locale list changing from [] to [en-US]
06-01 06:44:11.531   678   719 I system_server: AssetManager2(0x7b2c764448b8) locale list changing from [] to [en-US]
06-01 06:44:11.534   678   893 I SdkSandboxManager: No SDKs used. Skipping SDK data reconcilation for CallingInfo{mUid=10223, mPackageName='com.aistudio.ereader.xynk, mAppProcessToken='null'}
06-01 06:44:11.534   678   719 I system_server: AssetManager2(0x7b2c763d0b98) locale list changing from [] to [en-US]
06-01 06:44:11.536   678   799 I system_server: AssetManager2(0x7b2c763ef318) locale list changing from [] to [en-US]
06-01 06:44:11.538   678   711 I system_server: AssetManager2(0x7b2c763bcff8) locale list changing from [] to [en-US]
06-01 06:44:11.543   678   719 I system_server: AssetManager2(0x7b2c7644db98) locale list changing from [] to [en-US]
06-01 06:44:11.544  1502  1502 I AiAiEcho: AppFetcherImplV2 updateApps package:[com.aistudio.ereader.xynk], userId:[0], reason:[package is added.].
06-01 06:44:11.552  1502  4832 I ogle.android.as: AssetManager2(0x7b2c763e08b8) locale list changing from [] to [en-US]
06-01 06:44:11.575  1038  1277 I SatelliteAppTracker: onPackageAdded : com.aistudio.ereader.xynk
06-01 06:44:11.575  1038  1038 D CarrierSvcBindHelper: onPackageAdded: com.aistudio.ereader.xynk
06-01 06:44:11.586  1046  2089 W HWUI    : Failed to initialize 101010-2 format, error = EGL_SUCCESS
06-01 06:44:11.596   678  1772 W SignedPackage: Package doesn't have required signing certificate: com.google.android.retaildemo
06-01 06:44:11.597   678  1772 E RoleControllerServiceImpl: Default/fallback role holder package doesn't qualify for the role, package: com.google.android.gms.supervision, role: android.app.role.SYSTEM_SUPERVISION
06-01 06:44:11.597   678  1654 W ActivityTaskManager: callingPackage for (uid=2000, pid=4881) has no WPC
06-01 06:44:11.605   678  1654 I system_server: AssetManager2(0x7b2c763eff98) locale list changing from [] to [en-US]
06-01 06:44:11.606  1046  1116 W HWUI    : Image decoding logging dropped!
06-01 06:44:11.606  1038  1038 D CarrierSvcBindHelper: No carrier app for: 0
06-01 06:44:11.607  1046  1116 D AlphabeticIndexCompat: computeSectionName: cs: E-Reader sectionName: E
06-01 06:44:11.608  1046  1046 D AllAppsStore: setApps: apps.length=22
06-01 06:44:11.608  1046  1046 D AllAppsStore: notifyUpdate: notifying listeners
06-01 06:44:11.608  1046  1046 D ActivityAllAppsContainerView: onAppsUpdated; number of apps: 22
06-01 06:44:11.608  1046  1046 D ActivityAllAppsContainerView: rebindAdapters: force: false
06-01 06:44:11.608  1046  1046 D ActivityAllAppsContainerView: rebindAdapters: Not needed.
06-01 06:44:11.608  1046  1046 D StatsLog: LAUNCHER_ALLAPPS_COUNT
06-01 06:44:11.608  1046  1046 D AlphabeticalAppsList: Clearing FastScrollerSections.
06-01 06:44:11.608  1046  1046 D AlphabeticalAppsList: Adding apps with sections. HasPrivateApps: false
06-01 06:44:11.608  1046  1046 D AlphabeticalAppsList: addAppsWithSections: adding sectionName: C with appInfoTitle: Calendar
06-01 06:44:11.608  1046  1046 D AlphabeticalAppsList: addAppsWithSections: adding sectionName: D with appInfoTitle: DrDuc Translator
06-01 06:44:11.608  1046  1046 D AlphabeticalAppsList: addAppsWithSections: adding sectionName: E with appInfoTitle: E-Reader
06-01 06:44:11.608  1046  1046 D AlphabeticalAppsList: addAppsWithSections: adding sectionName: F with appInfoTitle: Files
06-01 06:44:11.608  1046  1046 D AlphabeticalAppsList: addAppsWithSections: adding sectionName: G with appInfoTitle: Gmail
06-01 06:44:11.608  1046  1046 D AlphabeticalAppsList: addAppsWithSections: adding sectionName: M with appInfoTitle: Maps
06-01 06:44:11.608  1046  1046 D AlphabeticalAppsList: addAppsWithSections: adding sectionName: P with appInfoTitle: Phone
06-01 06:44:11.608  1046  1046 D AlphabeticalAppsList: addAppsWithSections: adding sectionName: S with appInfoTitle: Safety
06-01 06:44:11.608  1046  1046 D AlphabeticalAppsList: addAppsWithSections: adding sectionName: T with appInfoTitle: TMoble
06-01 06:44:11.609  1046  1046 D AlphabeticalAppsList: addAppsWithSections: adding sectionName: V with appInfoTitle: Voice Access
06-01 06:44:11.609  1046  1046 D AlphabeticalAppsList: addAppsWithSections: adding sectionName: Y with appInfoTitle: YouTube
06-01 06:44:11.609  1046  1046 D AlphabeticalAppsList: Adding FastScrollSection duplicate to scroll to the bottom.
06-01 06:44:11.609  1046  1046 D AlphabeticalAppsList: Clearing FastScrollerSections.
06-01 06:44:11.609  1046  1046 D AlphabeticalAppsList: Adding apps with sections. HasPrivateApps: false
06-01 06:44:11.609  1046  1046 D AlphabeticalAppsList: addAppsWithSections: adding sectionName: C with appInfoTitle: Calendar
06-01 06:44:11.609  1046  1046 D AlphabeticalAppsList: addAppsWithSections: adding sectionName: D with appInfoTitle: DrDuc Translator
06-01 06:44:11.609  1046  1046 D AlphabeticalAppsList: addAppsWithSections: adding sectionName: E with appInfoTitle: E-Reader
06-01 06:44:11.609  1046  1046 D AlphabeticalAppsList: addAppsWithSections: adding sectionName: F with appInfoTitle: Files
06-01 06:44:11.609  1046  1046 D AlphabeticalAppsList: addAppsWithSections: adding sectionName: G with appInfoTitle: Gmail
06-01 06:44:11.609  1046  1046 D AlphabeticalAppsList: addAppsWithSections: adding sectionName: M with appInfoTitle: Maps
06-01 06:44:11.610  1046  1046 D AlphabeticalAppsList: addAppsWithSections: adding sectionName: P with appInfoTitle: Phone
06-01 06:44:11.610  1046  1046 D AlphabeticalAppsList: addAppsWithSections: adding sectionName: S with appInfoTitle: Safety
06-01 06:44:11.610  1046  1046 D AlphabeticalAppsList: addAppsWithSections: adding sectionName: T with appInfoTitle: TMoble
06-01 06:44:11.610  1046  1046 D AlphabeticalAppsList: addAppsWithSections: adding sectionName: V with appInfoTitle: Voice Access
06-01 06:44:11.610  1046  1046 D AlphabeticalAppsList: addAppsWithSections: adding sectionName: Y with appInfoTitle: YouTube
06-01 06:44:11.610  1046  1046 D AlphabeticalAppsList: Adding FastScrollSection duplicate to scroll to the bottom.
06-01 06:44:11.611   938   938 D ControlsListingControllerImpl: ServiceConfig reloaded, count: 0
06-01 06:44:11.613   678  1654 V GrammaticalInflectionUtils: AttributionSource: android.content.AttributionSource@b905840c does not have READ_SYSTEM_GRAMMATICAL_GENDER permission.
06-01 06:44:11.614   678  1654 W OptProp : Cannot read opt property android.window.PROPERTY_COMPAT_ALLOW_USER_ASPECT_RATIO_OVERRIDE
06-01 06:44:11.614   678  1654 W OptProp : Cannot read opt property android.window.PROPERTY_COMPAT_ALLOW_USER_ASPECT_RATIO_FULLSCREEN_OVERRIDE
06-01 06:44:11.615   678  1654 W OptProp : Cannot read opt property android.window.PROPERTY_COMPAT_ALLOW_RESIZEABLE_ACTIVITY_OVERRIDES
06-01 06:44:11.615   678  1654 W OptProp : Cannot read opt property android.window.PROPERTY_COMPAT_ALLOW_MIN_ASPECT_RATIO_OVERRIDE
06-01 06:44:11.620   678   720 D ActivityManager: sync unfroze 3761 com.google.android.packageinstaller for 3
06-01 06:44:11.622   678  1772 W SignedPackage: Package doesn't have required signing certificate: com.google.android.apps.work.clouddpc
06-01 06:44:11.644   678  1654 W OptProp : Cannot read opt property android.window.PROPERTY_COMPAT_ALLOW_ORIENTATION_OVERRIDE
06-01 06:44:11.671   556   573 I BpBinder: onLastStrongRef automatically unlinking death recipients: 
06-01 06:44:11.683   678  1702 W AppOpService: Ignored setUidMode call for runtime permission app op: uid = 1001, code = READ_SMS, mode = allow, callingUid = 1001, oldMode = allow
06-01 06:44:11.686   678  1715 W AppOpService: Ignored setUidMode call for runtime permission app op: uid = 1001, code = RECEIVE_SMS, mode = allow, callingUid = 1001, oldMode = allow
06-01 06:44:11.687   678  1650 W AppOpService: Ignored setUidMode call for runtime permission app op: uid = 1001, code = RECEIVE_WAP_PUSH, mode = allow, callingUid = 1001, oldMode = allow
06-01 06:44:11.688   678  1650 W AppOpService: Ignored setUidMode call for runtime permission app op: uid = 1001, code = SEND_SMS, mode = allow, callingUid = 1001, oldMode = allow
06-01 06:44:11.690   678  1715 W AppOpService: Ignored setUidMode call for runtime permission app op: uid = 1001, code = READ_CELL_BROADCASTS, mode = allow, callingUid = 1001, oldMode = allow
06-01 06:44:11.694   678  1654 I ActivityTaskManager: START u0 {flg=0x10000000 xflg=0x5 cmp=com.aistudio.ereader.xynk/com.example.MainActivity} with LAUNCH_MULTIPLE from uid 2000 (BAL_ALLOW_PERMISSION) result code=0
06-01 06:44:11.694  1046  1116 D AlphabeticIndexCompat: computeSectionName: cs: Settings sectionName: S
06-01 06:44:11.694  1046  1116 D AlphabeticIndexCompat: computeSectionName: cs: Photos sectionName: P
06-01 06:44:11.695  1046  1116 D AlphabeticIndexCompat: computeSectionName: cs: Battery sectionName: B
06-01 06:44:11.697  1046  1116 D AlphabeticIndexCompat: computeSectionName: cs: Chrome sectionName: C
06-01 06:44:11.698  1046  1116 D AlphabeticIndexCompat: computeSectionName: cs: Gmail sectionName: G
06-01 06:44:11.698   938  1022 V WindowManagerShell: Transition requested (#20): android.os.BinderProxy@dd5f742 TransitionRequestInfo { type = OPEN, triggerTask = TaskInfo{userId=0 taskId=140 effectiveUid=10223 displayId=0 isRunning=true baseIntent=Intent { flg=0x10000000 cmp=com.aistudio.ereader.xynk/com.example.MainActivity } baseActivity=ComponentInfo{com.aistudio.ereader.xynk/com.example.MainActivity} topActivity=ComponentInfo{com.aistudio.ereader.xynk/com.example.MainActivity} origActivity=null realActivity=ComponentInfo{com.aistudio.ereader.xynk/com.example.MainActivity} numActivities=1 lastActiveTime=874828 supportsMultiWindow=true resizeMode=1 isResizeable=true minWidth=-1 minHeight=-1 defaultMinSize=220 token=WCT{android.window.IWindowContainerToken$Stub$Proxy@47c9353} topActivityType=1 pictureInPictureParams=null shouldDockBigOverlays=false launchIntoPipHostTaskId=-1 lastParentTaskIdBeforePip=-1 displayCutoutSafeInsets=Rect(0, 128 - 0, 0) topActivityInfo=ActivityInfo{3203490 com.example.MainActivity} launchCookies=[] positionInParent=Point(0, 0) parentTaskId=-1 isFocused=false isVisible=false isVisibleRequested=false isTopActivityNoDisplay=false isSleeping=false locusId=null displayAreaFeatureId=1 isTopActivityTransparent=false isActivityStackTransparent=false lastNonFullscreenBounds=Rect(276, 692 - 804, 1772) capturedLink=null capturedLinkTimestamp=0 requestedVisibleTypes=-9 topActivityRequestOpenInBrowserEducationTimestamp=0 appCompatTaskInfo=AppCompatTaskInfo { topActivityInSizeCompat=false eligibleForLetterboxEducation= false isLetterboxEducationEnabled= true isLetterboxDoubleTapEnabled= false eligibleForUserAspectRatioButton= false topActivityBoundsLetterboxed= false isFromLetterboxDoubleTap= false topActivityLetterboxVerticalPosition= -1 topActivityLetterboxHorizontalPosition= -1 topActivityLetterboxWidth=-1 topActivityLetterboxHeight=-1 topActivityAppBounds=Rect(0, 0 - 1080, 2400) isUserFullscreenOverrideEnabled=false isSystemFullscreenOverrideEnabled=false hasMinAspectRatioOverride=false topActivityLetterboxBounds=null cameraCompatTaskInfo=CameraCompatTaskInfo { freeformCameraCompatMode=inactive}} topActivityMainWindowFrame=null}, pipChange = null, remoteTransition = null, displayChange = null, flags = 0, debugId = 20 }
06-01 06:44:11.698  1046  1046 W SplitSelectStateCtor: Missing session instanceIds
06-01 06:44:11.698   938  1022 D ShellSplitScreen: logExit: no-op, mLoggerSessionId is null
06-01 06:44:11.698  1046  1046 D StatsLog: LAUNCHER_SPLIT_SELECTION_EXIT_INTERRUPTED
06-01 06:44:11.700  1046  1116 D AlphabeticIndexCompat: computeSectionName: cs: Drive sectionName: D
06-01 06:44:11.701  1046  1116 D AlphabeticIndexCompat: computeSectionName: cs: Clock sectionName: C
06-01 06:44:11.701  1046  1116 D AlphabeticIndexCompat: computeSectionName: cs: Contacts sectionName: C
06-01 06:44:11.701  1046  1116 D AlphabeticIndexCompat: computeSectionName: cs: Calendar sectionName: C
06-01 06:44:11.701  1046  1116 D AlphabeticIndexCompat: computeSectionName: cs: Maps sectionName: M
06-01 06:44:11.701   678  1076 I AppsFilter: interaction: PackageSetting{4801e16 com.android.microdroid.empty_payload/10196} -> PackageSetting{ebbb397 com.aistudio.ereader.xynk/10223} BLOCKED
06-01 06:44:11.701   678  1076 I AppsFilter: interaction: PackageSetting{46da984 com.drduc.translator/10217} -> PackageSetting{ebbb397 com.aistudio.ereader.xynk/10223} BLOCKED
06-01 06:44:11.702  1046  1116 D AlphabeticIndexCompat: computeSectionName: cs: YouTube Music sectionName: Y
06-01 06:44:11.702  1046  1116 D AlphabeticIndexCompat: computeSectionName: cs: YouTube sectionName: Y
06-01 06:44:11.702  1046  1116 D AlphabeticIndexCompat: computeSectionName: cs: Google sectionName: G
06-01 06:44:11.702  1046  1116 D AlphabeticIndexCompat: computeSectionName: cs: Android System Intelligence sectionName: A
06-01 06:44:11.702  1046  1116 D AlphabeticIndexCompat: computeSectionName: cs: Digital Wellbeing sectionName: D
06-01 06:44:11.703  1046  1116 D AlphabeticIndexCompat: computeSectionName: cs: Conversations sectionName: C
06-01 06:44:11.706   938  1022 D WindowManagerShell: setLauncherKeepClearAreaHeight: visible=false, height=527
06-01 06:44:11.707   938  1140 I ndroid.systemui: AssetManager2(0x7b2c764031d8) locale list changing from [] to [en-US]
06-01 06:44:11.710   678  1950 D CompatChangeReporter: Compat change id reported: 377864165; UID 10223; state: ENABLED
06-01 06:44:11.710   556   556 I BpBinder: onLastStrongRef automatically unlinking death recipients: 
06-01 06:44:11.739   678  1643 W ContentProviderHelper: Slow operation: 59ms so far, now at getContentProviderImpl: after updateOomAdj
06-01 06:44:11.739   678  1643 W ContentProviderHelper: Slow operation: 59ms so far, now at getContentProviderImpl: done!
06-01 06:44:11.762  1725  4885 I Icing   : doRemovePackageData com.aistudio.ereader.xynk
06-01 06:44:11.770   678   678 W Looper  : Slow dispatch took 205ms main app=system_server main=true group=FOREGROUND h=android.app.ActivityThread$H c=android.app.LoadedApk$ReceiverDispatcher$Args$$ExternalSyntheticLambda0@a38a6fa m=0
06-01 06:44:11.800   678   711 V GrammaticalInflectionUtils: AttributionSource: android.content.AttributionSource@b905840c does not have READ_SYSTEM_GRAMMATICAL_GENDER permission.
06-01 06:44:11.839  1725  4863 W SQLiteLog: (28) double-quoted string literal: "com.aistudio.ereader.xynk"
06-01 06:44:11.846   678   678 W Looper  : Slow delivery took 236ms main app=system_server main=true group=FOREGROUND h=android.app.ActivityThread$H c=android.app.LoadedApk$ReceiverDispatcher$Args$$ExternalSyntheticLambda0@4388249 m=0
06-01 06:44:11.894   481   481 D Zygote  : Forked child process 4888
06-01 06:44:11.899  1725  4371 I Icing   : IndexChimeraService.getServiceInterface callingPackage=com.google.android.gms componentName=AppsCorpus serviceId=36
06-01 06:44:11.900   678   721 W ActivityManager: Slow operation: 100ms so far, now at startProcess: returned from zygote!
06-01 06:44:11.914   678   886 D BackgroundInstallControlService: Package event received: 0
06-01 06:44:11.914   678   886 D BackgroundInstallControlService: Package event received: 0
06-01 06:44:11.927   678   678 D AppSearchAppsIndexerManagerS: userid in package receiver: 10223
06-01 06:44:11.945  1038  1272 D ImsResolver: maybeAddedImsService, packageName: com.aistudio.ereader.xynk
06-01 06:44:11.945  1038  1272 V ImsResolver: searchForImsServices: package=com.aistudio.ereader.xynk, users=[UserHandle{0}]
06-01 06:44:11.945  1038  1038 W VvmPkgInstalledRcvr: carrierVvmPkgAdded: carrier vvm packages doesn't contain com.aistudio.ereader.xynk
06-01 06:44:11.949  1038  1272 V ImsResolver: searchForImsServices: package=com.aistudio.ereader.xynk, users=[UserHandle{0}]
06-01 06:44:11.952   678   721 W ActivityManager: Slow operation: 152ms so far, now at startProcess: done updating battery stats
06-01 06:44:11.952   678   721 W ActivityManager: Slow operation: 152ms so far, now at startProcess: building log message
06-01 06:44:11.952   678   721 I ActivityManager: Start proc 4888:com.aistudio.ereader.xynk/u0a223 for next-top-activity {com.aistudio.ereader.xynk/com.example.MainActivity}
06-01 06:44:11.953   678   721 W ActivityManager: Slow operation: 153ms so far, now at startProcess: starting to update pids map
06-01 06:44:11.958   678   678 D TransparencyService: Not an update. Skipping...
06-01 06:44:11.961  1339  1339 D PersistedStoragePackageUninstalledReceiver: Received android.intent.action.PACKAGE_FULLY_REMOVED for com.aistudio.ereader.xynk for u0
06-01 06:44:11.977   938  1380 V WindowManagerShell: onTransitionReady(transaction=2911987827464)
06-01 06:44:11.978   678   708 V WindowManager: Sent Transition (#20) createdAt=06-01 06:44:11.616 via request=TransitionRequestInfo { type = OPEN, triggerTask = TaskInfo{userId=0 taskId=140 effectiveUid=10223 displayId=0 isRunning=true baseIntent=Intent { flg=0x10000000 cmp=com.aistudio.ereader.xynk/com.example.MainActivity } baseActivity=ComponentInfo{com.aistudio.ereader.xynk/com.example.MainActivity} topActivity=ComponentInfo{com.aistudio.ereader.xynk/com.example.MainActivity} origActivity=null realActivity=ComponentInfo{com.aistudio.ereader.xynk/com.example.MainActivity} numActivities=1 lastActiveTime=874828 supportsMultiWindow=true resizeMode=1 isResizeable=true minWidth=-1 minHeight=-1 defaultMinSize=220 token=WCT{RemoteToken{5dfc67b Task{953d74a #140 type=standard A=10223:com.aistudio.ereader.xynk}}} topActivityType=1 pictureInPictureParams=null shouldDockBigOverlays=false launchIntoPipHostTaskId=-1 lastParentTaskIdBeforePip=-1 displayCutoutSafeInsets=Rect(0, 128 - 0, 0) topActivityInfo=ActivityInfo{ce32c98 com.example.MainActivity} launchCookies=[] positionInParent=Point(0, 0) parentTaskId=-1 isFocused=false isVisible=false isVisibleRequested=false isTopActivityNoDisplay=false isSleeping=false locusId=null displayAreaFeatureId=1 isTopActivityTransparent=false isActivityStackTransparent=false lastNonFullscreenBounds=Rect(276, 692 - 804, 1772) capturedLink=null capturedLinkTimestamp=0 requestedVisibleTypes=-9 topActivityRequestOpenInBrowserEducationTimestamp=0 appCompatTaskInfo=AppCompatTaskInfo { topActivityInSizeCompat=false eligibleForLetterboxEducation= false isLetterboxEducationEnabled= true isLetterboxDoubleTapEnabled= false eligibleForUserAspectRatioButton= false topActivityBoundsLetterboxed= false isFromLetterboxDoubleTap= false topActivityLetterboxVerticalPosition= -1 topActivityLetterboxHorizontalPosition= -1 topActivityLetterboxWidth=-1 topActivityLetterboxHeight=-1 topActivityAppBounds=Rect(0, 0 - 1080, 2400) isUserFullscreenOverrideEnabled=false isSystemFullscreenOverrideEnabled=false hasMinAspectRatioOverride=false topActivityLetterboxBounds=null cameraCompatTaskInfo=CameraCompatTaskInfo { freeformCameraCompatMode=inactive}} topActivityMainWindowFrame=null}, pipChange = null, remoteTransition = null, displayChange = null, flags = 0, debugId = 20 }
06-01 06:44:11.978   678   708 V WindowManager:     startWCT=WindowContainerTransaction { changes= {} hops= [] errorCallbackToken=null taskFragmentOrganizer=null }
06-01 06:44:11.978   678   708 V WindowManager:     info={id=20 t=OPEN f=0x0 trk=0 r=[0@Point(0, 0)] c=[
06-01 06:44:11.978   678   708 V WindowManager:         {WCT{RemoteToken{5dfc67b Task{953d74a #140 type=standard A=10223:com.aistudio.ereader.xynk}}} m=OPEN f=NONE leash=Surface(name=Task=140)/@0x54a6e75 sb=Rect(0, 0 - 1080, 2400) eb=Rect(0, 0 - 1080, 2400) epz=Point(1080, 2400) d=0 taskParent=-1},
06-01 06:44:11.978   678   708 V WindowManager:         {WCT{RemoteToken{876ba2b Task{a5b78e7 #1 type=home}}} m=TO_BACK f=SHOW_WALLPAPER leash=Surface(name=Task=1)/@0xf640d6e sb=Rect(0, 0 - 1080, 2400) eb=Rect(0, 0 - 1080, 2400) epz=Point(1080, 2400) d=0 taskParent=-1},
06-01 06:44:11.978   678   708 V WindowManager:         {m=TO_BACK f=IS_WALLPAPER leash=Surface(name=WallpaperWindowToken{5480ce8 showWhenLocked=false})/@0xfc2ece9 sb=Rect(0, 0 - 1080, 2400) eb=Rect(0, 0 - 1080, 2400) epz=Point(1080, 2400) d=0}
06-01 06:44:11.978   678   708 V WindowManager:     ]}
06-01 06:44:11.988   678   721 I ActivityManager: ProcessObserver broadcast disabled
06-01 06:44:11.988   678   721 W ActivityManager: Slow operation: 188ms so far, now at startProcess: done updating pids map
06-01 06:44:12.024  1725  1725 D BoundBrokerSvc: onBind: Intent { act=com.google.android.gms.feedback.internal.IFeedbackService dat=chimera-action:/... xflg=0x4 cmp=com.google.android.gms/.chimera.GmsBoundBrokerService }
06-01 06:44:12.028  1046  1046 D b/387844520: getOutlineOffsetX: measured width = 173, mNormalizedIconSize = 159, last updated width = 173
06-01 06:44:12.031   678   886 D BackgroundInstallControlService: Package event received: 0
06-01 06:44:12.031   678   886 D BackgroundInstallControlService: Package event received: 0
06-01 06:44:12.031  1725  1725 D BoundBrokerSvc: Loading bound service for intent: Intent { act=com.google.android.gms.feedback.internal.IFeedbackService dat=chimera-action:/... xflg=0x4 cmp=com.google.android.gms/.chimera.GmsBoundBrokerService }
06-01 06:44:12.040   938  1022 V WindowManagerShell: onTransitionReady (#20) android.os.BinderProxy@dd5f742: {id=20 t=OPEN f=0x0 trk=0 r=[0@Point(0, 0)] c=[
06-01 06:44:12.040   938  1022 V WindowManagerShell:         {m=OPEN f=NONE leash=Surface(name=Task=140)/@0x2ccfa84 sb=Rect(0, 0 - 1080, 2400) eb=Rect(0, 0 - 1080, 2400) epz=Point(1080, 2400) d=0 taskParent=-1},
06-01 06:44:12.040   938  1022 V WindowManagerShell:         {m=TO_BACK f=SHOW_WALLPAPER leash=Surface(name=Task=1)/@0xbb3126d sb=Rect(0, 0 - 1080, 2400) eb=Rect(0, 0 - 1080, 2400) epz=Point(1080, 2400) d=0 taskParent=-1},
06-01 06:44:12.040   938  1022 V WindowManagerShell:         {m=TO_BACK f=IS_WALLPAPER leash=Surface(name=WallpaperWindowToken{5480ce8 showWhenLocked=false})/@0x82a3ea2 sb=Rect(0, 0 - 1080, 2400) eb=Rect(0, 0 - 1080, 2400) epz=Point(1080, 2400) d=0}
06-01 06:44:12.040   938  1022 V WindowManagerShell:     ]}
06-01 06:44:12.041   938  1022 V WindowManagerShell: Playing animation for (#20) android.os.BinderProxy@dd5f742@0
06-01 06:44:12.042   938  1022 V ShellRecents: RecentsTransitionHandler.startAnimation: no controller found
06-01 06:44:12.042   938  1022 V WindowManagerShell: Transition doesn't have explicit remote, search filters for match for {id=20 t=OPEN f=0x0 trk=0 r=[0@Point(0, 0)] c=[{m=OPEN f=NONE leash=Surface(name=Task=140)/@0x2ccfa84 sb=Rect(0, 0 - 1080, 2400) eb=Rect(0, 0 - 1080, 2400) epz=Point(1080, 2400) d=0 taskParent=-1},{m=TO_BACK f=SHOW_WALLPAPER leash=Surface(name=Task=1)/@0xbb3126d sb=Rect(0, 0 - 1080, 2400) eb=Rect(0, 0 - 1080, 2400) epz=Point(1080, 2400) d=0 taskParent=-1},{m=TO_BACK f=IS_WALLPAPER leash=Surface(name=WallpaperWindowToken{5480ce8 showWhenLocked=false})/@0x82a3ea2 sb=Rect(0, 0 - 1080, 2400) eb=Rect(0, 0 - 1080, 2400) epz=Point(1080, 2400) d=0}]}
06-01 06:44:12.042   938  1022 V WindowManagerShell:  Checking filter Pair{{types=[] flags=0x0] notFlags=0x0 checks=[{atype=undefined independent=true modes=[CLOSE,TO_BACK] flags=IN_TASK_WITH_EMBEDDED_ACTIVITY mustBeTask=false order=ANY topActivity=null launchCookie=null taskFragmentToken=android.os.BinderProxy@e5f4348 windowingMode=undefined}]} RemoteTransition { remoteTransition = android.window.IRemoteTransition$Stub$Proxy@6bfc5e1, appThread = android.app.IApplicationThread$Stub$Proxy@af7ff06, debugName = overlayBackTransition }}
06-01 06:44:12.042   938  1022 V WindowManagerShell:  Checking filter Pair{{types=[] flags=0x0] notFlags=0x0 checks=[{atype=dream independent=true modes=[OPEN,TO_FRONT] flags=NONE mustBeTask=false order=ANY topActivity=null launchCookie=null windowingMode=undefined},{atype=home independent=true modes=[CLOSE,TO_BACK] flags=NONE mustBeTask=false order=ANY topActivity=null launchCookie=null windowingMode=undefined}]} RemoteTransition { remoteTransition = android.window.IRemoteTransition$Stub$Proxy@fef99c7, appThread = android.app.IApplicationThread$Stub$Proxy@c94bf4, debugName = LauncherToDream }}
06-01 06:44:12.042   938  1022 V WindowManagerShell:  Checking filter Pair{{types=[] flags=0x0] notFlags=0x100 checks=[{atype=home independent=true modes=[OPEN,TO_FRONT] flags=NONE mustBeTask=false order=TOP topActivity=ComponentInfo{com.google.android.apps.nexuslauncher/com.google.android.apps.nexuslauncher.NexusLauncherActivity} launchCookie=null windowingMode=undefined},{atype=standard independent=true modes=[CLOSE,TO_BACK] flags=NONE mustBeTask=false order=ANY topActivity=null launchCookie=null windowingMode=undefined},{NOT atype=undefined independent=true modes=[] flags=NONE mustBeTask=true order=ANY topActivity=null launchCookie=null customAnim=true windowingMode=undefined}]} RemoteTransition { remoteTransition = android.window.IRemoteTransition$Stub$Proxy@d91df1d, appThread = android.app.IApplicationThread$Stub$Proxy@6850592, debugName = QuickstepLaunchHome }}
06-01 06:44:12.042   938  1022 V WindowManagerShell:  Delegate animation for (#20) to null
06-01 06:44:12.042   938  1022 V WindowManagerShell: start default transition animation, info = {id=20 t=OPEN f=0x0 trk=0 r=[0@Point(0, 0)] c=[{m=OPEN f=NONE leash=Surface(name=Task=140)/@0x2ccfa84 sb=Rect(0, 0 - 1080, 2400) eb=Rect(0, 0 - 1080, 2400) epz=Point(1080, 2400) d=0 taskParent=-1},{m=TO_BACK f=SHOW_WALLPAPER leash=Surface(name=Task=1)/@0xbb3126d sb=Rect(0, 0 - 1080, 2400) eb=Rect(0, 0 - 1080, 2400) epz=Point(1080, 2400) d=0 taskParent=-1},{m=TO_BACK f=IS_WALLPAPER leash=Surface(name=WallpaperWindowToken{5480ce8 showWhenLocked=false})/@0x82a3ea2 sb=Rect(0, 0 - 1080, 2400) eb=Rect(0, 0 - 1080, 2400) epz=Point(1080, 2400) d=0}]}
06-01 06:44:12.043   938  1022 V WindowManagerShell: loadAnimation: anim=android.view.animation.AnimationSet@b3b138f animAttr=0x13 type=OPEN isEntrance=false
06-01 06:44:12.043   938  1022 V WindowManagerShell: loadAnimation: anim=android.view.animation.AnimationSet@7b7161c animAttr=0x12 type=OPEN isEntrance=true
06-01 06:44:12.052   938  1022 V WindowManagerShell:  animated by com.android.wm.shell.transition.DefaultTransitionHandler@98868a
06-01 06:44:12.056   678  1772 I Role    : com.google.android.gms not qualified for android.app.role.SYSTEM_DEPENDENCY_INSTALLER due to missing RequiredComponent{mIntentFilterData=IntentFilterData{mAction='android.content.pm.action.INSTALL_DEPENDENCY', mCategories='[]', mDataScheme='null', mDataType='null'}, mMinTargetSdkVersion=1, mFlags='0', mPermission='android.permission.BIND_DEPENDENCY_INSTALLER', mQueryFlags=0, mMetaData=[]}
06-01 06:44:12.056   678  1772 E RoleControllerServiceImpl: Default/fallback role holder package doesn't qualify for the role, package: com.google.android.gms, role: android.app.role.SYSTEM_DEPENDENCY_INSTALLER
06-01 06:44:12.074  1339  1349 I PermissionControllerServiceImpl: Updating user sensitive for uid 10223
06-01 06:44:12.079   678   678 D BackupManagerConstants: getFullBackupIntervalMilliseconds(...) returns 86400000
06-01 06:44:12.079   678   678 D BackupManagerConstants: getFullBackupRequiredNetworkType(...) returns 2
06-01 06:44:12.079   678   678 D BackupManagerConstants: getFullBackupRequireCharging(...) returns true
06-01 06:44:12.108   678  1715 W ParceledListSlice: Element #27 is 21384 bytes.
06-01 06:44:12.108  4888  4888 I io.ereader.xynk: Late-enabling -Xcheck:jni
06-01 06:44:12.109   678  1693 W ParceledListSlice: Element #28 is 21564 bytes.
06-01 06:44:12.110   678  1693 W ParceledListSlice: Element #29 is 21776 bytes.
06-01 06:44:12.110   678  1693 W ParceledListSlice: Element #30 is 21288 bytes.
06-01 06:44:12.113   678   678 W Looper  : Slow dispatch took 155ms main app=system_server main=true group=FOREGROUND h=android.app.ActivityThread$H c=android.app.LoadedApk$ReceiverDispatcher$Args$$ExternalSyntheticLambda0@3591b86 m=0
06-01 06:44:12.113   678   678 I AppsFilter: interaction: PackageSetting{4801e16 com.android.microdroid.empty_payload/10196} -> PackageSetting{ebbb397 com.aistudio.ereader.xynk/10223} BLOCKED
06-01 06:44:12.114   678   678 I AppsFilter: interaction: PackageSetting{46da984 com.drduc.translator/10217} -> PackageSetting{ebbb397 com.aistudio.ereader.xynk/10223} BLOCKED
06-01 06:44:12.135  1502  2316 I AiAiEcho: EchoSearch: WidgetFetcherImpl is initialized with [34] widgets [reason=package added for userId: 0]
06-01 06:44:12.149  1339  1339 I SafetyLabelChangedBroadcastReceiver: received broadcast packageName: com.aistudio.ereader.xynk, current user: UserHandle{0}, packageChangeEvent: NEW_INSTALL, intent user: UserHandle{0}
06-01 06:44:12.179  4888  4888 I io.ereader.xynk: Using CollectorTypeCMC GC.
06-01 06:44:12.180  4888  4888 W io.ereader.xynk: Unexpected CPU variant for x86: x86_64.
06-01 06:44:12.180  4888  4888 W io.ereader.xynk: Known variants: atom, sandybridge, silvermont, goldmont, goldmont-plus, goldmont-without-sha-xsaves, tremont, kabylake, alderlake, default
06-01 06:44:12.184  1038  1277 I SatelliteAppTracker: onPackageModified : com.aistudio.ereader.xynk
06-01 06:44:12.187  1038  1038 D CarrierSvcBindHelper: onPackageModified: com.aistudio.ereader.xynk
06-01 06:44:12.187  1038  1038 D CarrierSvcBindHelper: No carrier app for: 0
06-01 06:44:12.194   560   582 I adbd    : jdwp connection from 4888
06-01 06:44:12.197  4888  4888 D nativeloader: Load libframework-connectivity-tiramisu-jni.so using APEX ns com_android_tethering for caller /apex/com.android.tethering/javalib/framework-connectivity-t.jar: ok
06-01 06:44:12.199  2411  2411 I Finsky  : [2] Memory trim requested to level 40
06-01 06:44:12.199  2411  2411 I Finsky  : [2] Flushing in-memory image cache
06-01 06:44:12.199  2411  2411 I Finsky  : [2] Memory trim requested to level 40
06-01 06:44:12.200  2411  2411 I Finsky  : [2] Flushing in-memory image cache
06-01 06:44:12.201  2411  2411 I Finsky  : [2] ajwt - Received: android.intent.action.PACKAGE_ADDED, [VnSdAoRqS0Csie51y2fWaADrFJpr7JWvD05KPu_jrLA]
06-01 06:44:12.203  3036  3036 I Finsky:background: [2] Memory trim requested to level 40
06-01 06:44:12.204  3036  3036 I Finsky:background: [2] Memory trim requested to level 40
06-01 06:44:12.204  3036  3036 I Finsky:background: [2] ajwj - Received: android.intent.action.PACKAGE_ADDED, [VnSdAoRqS0Csie51y2fWaADrFJpr7JWvD05KPu_jrLA]
06-01 06:44:12.223  1725  4862 I Auth    : (REDACTED) [SupervisedAccountIntentOperation] onHandleIntent: %s
06-01 06:44:12.230  1725  4862 I Dck     : (REDACTED) disableDckSupport: %s
06-01 06:44:12.232  1725  4862 E Dck     : Could not get ProviderInfo when resolving the content provider authority. [CONTEXT service_id=289 ]
06-01 06:44:12.232  1725  4862 E Dck     : Samsung Content Provider failed app verification [CONTEXT service_id=289 ]
06-01 06:44:12.232  1725  4862 W Dck     : [WirelessCapabilitiesFeatures] wccSysProp: 0 [CONTEXT service_id=289 ]
06-01 06:44:12.232  1725  4862 I Dck     : [WirelessCapabilitiesFeatures] wccOverride: not set [CONTEXT service_id=289 ]
06-01 06:44:12.232  1725  4862 I Dck     : (REDACTED) [WirelessCapabilitiesFeatures] returned wcc: %s
06-01 06:44:12.232  1725  4862 I Dck     : Dck module condition - hasWccSupport: false [CONTEXT service_id=289 ]
06-01 06:44:12.232  1725  4862 I Dck     : Dck module condition - downloadAllowed: false [CONTEXT service_id=289 ]
06-01 06:44:12.232  1725  4864 I Blockstore: (REDACTED) [DataStoreImpl] Clearing Blockstore Data for package %s
06-01 06:44:12.232  1725  4864 I Blockstore: [DataStoreImpl] Keyless data not found or its IsLastInstallationData = false. [CONTEXT service_id=258 ]
06-01 06:44:12.233  1725  4864 W AppInstallOperation: FDL Migration::InstallIntentOperation by FDL Module [CONTEXT service_id=77 ]
06-01 06:44:12.233  1725  4864 I PackageInstalledIntentO: Test flag v2 is disabled [CONTEXT service_id=469 ]
06-01 06:44:12.234   678   885 D ShortcutService: received package broadcast intent: Intent { act=android.intent.action.PACKAGE_CHANGED dat=package: flg=0x5000010 (has extras) }
06-01 06:44:12.234   678   885 D ShortcutService: changing package: com.aistudio.ereader.xynk userId=0
06-01 06:44:12.237  1725  4862 W Dck     : Dck module not eligible for asynchronous downloading [CONTEXT service_id=289 ]
06-01 06:44:12.271   678   886 D BackgroundInstallControlService: Package event received: 0
06-01 06:44:12.283  3036  4807 I Finsky:background: [100] Wrote row to frosting DB: 2069
06-01 06:44:12.300   678   886 D BackgroundInstallControlService: Package event received: 0
06-01 06:44:12.301   938   938 D ControlsListingControllerImpl: ServiceConfig reloaded, count: 0
06-01 06:44:12.302   678  1950 W ActivityTaskManager: takeTaskSnapshot: taskId=135 not found or not visible
06-01 06:44:12.302  2411  2411 I Finsky  : [2] DTU: Received onPackageAdded, replacing: false
06-01 06:44:12.302  2411  2411 I Finsky  : [2] Clearing split related stale data.
06-01 06:44:12.303  1725  4871 I NearbyDiscovery: (REDACTED) processGrantSlicePermission: %s
06-01 06:44:12.370  1502  4880 I AiAiEcho: AppIndexer Package:[com.aistudio.ereader.xynk] UserProfile:[0] Enabled:[true].
06-01 06:44:12.370  1502  4880 I AiAiEcho: AppFetcherImplV2 updateApps package:[com.aistudio.ereader.xynk], userId:[0], reason:[package is updated.].
06-01 06:44:12.378  1046  1116 D PackageUpdatedTask: Package updated: mOp=UPDATE packages=[com.aistudio.ereader.xynk], user=UserHandle{0}
06-01 06:44:12.420   678   886 D BackgroundInstallControlService: Package event received: 0
06-01 06:44:12.423   938  1022 V WindowManagerShell: Transition animation finished (aborted=false), notifying core (#20) android.os.BinderProxy@dd5f742@0
06-01 06:44:12.435   678  1643 W AppOpService: Ignored setUidMode call for runtime permission app op: uid = 1001, code = READ_SMS, mode = allow, callingUid = 1001, oldMode = allow
06-01 06:44:12.436   678  1643 W AppOpService: Ignored setUidMode call for runtime permission app op: uid = 1001, code = RECEIVE_SMS, mode = allow, callingUid = 1001, oldMode = allow
06-01 06:44:12.437   678  1643 W AppOpService: Ignored setUidMode call for runtime permission app op: uid = 1001, code = RECEIVE_WAP_PUSH, mode = allow, callingUid = 1001, oldMode = allow
06-01 06:44:12.437   678  1643 W AppOpService: Ignored setUidMode call for runtime permission app op: uid = 1001, code = SEND_SMS, mode = allow, callingUid = 1001, oldMode = allow
06-01 06:44:12.438   678  1643 W AppOpService: Ignored setUidMode call for runtime permission app op: uid = 1001, code = READ_CELL_BROADCASTS, mode = allow, callingUid = 1001, oldMode = allow
06-01 06:44:12.467   678   678 W Looper  : Slow dispatch took 178ms main app=system_server main=true group=FOREGROUND h=com.android.server.power.Notifier$NotifierHandler c=com.android.server.power.Notifier$$ExternalSyntheticLambda2@7927378 m=0
06-01 06:44:12.473  1046  1046 D VRI[NexusLauncherActivity]: visibilityChanged oldVisibility=true newVisibility=false
06-01 06:44:12.477  2411  2411 I Finsky  : [2] Do not start WearSupportService due to Wear service optimization
06-01 06:44:12.478   938  1022 V WindowManagerShell: Track 0 became idle
06-01 06:44:12.478   938  1022 V WindowManagerShell: All active transition animations finished
06-01 06:44:12.495  1241  4848 W GCM     : Unexpected forwarded intent: Intent { act=android.intent.action.PACKAGE_ADDED dat=package: flg=0x4000010 pkg=com.google.android.gms cmp=com.google.android.gms/.chimera.PersistentIntentOperationService (has extras) }
06-01 06:44:12.511  1046  1046 D NexusLauncherModelDelegate: notifySmartspaceEvent: SmartspaceTargetEvent{mSmartspaceTarget=null, mSmartspaceActionId='null', mEventType=7}
06-01 06:44:12.515  1241  4846 I FontLog : (REDACTED) Package %s has no metadata
06-01 06:44:12.520  3036  4807 I Finsky:background: [100] Wrote row to frosting DB: 2070
06-01 06:44:12.540  3036  3036 I Finsky:background: [2] ajwj - Received: android.intent.action.PACKAGE_CHANGED, [VnSdAoRqS0Csie51y2fWaADrFJpr7JWvD05KPu_jrLA]
06-01 06:44:12.552   678   782 I RoleService: Granting default roles...
06-01 06:44:12.556   678   708 V WindowManager: Finish Transition (#20): created at 06-01 06:44:11.616 collect-started=0.073ms request-sent=77.125ms started=83.094ms ready=335.217ms sent=356.926ms commit=97.78ms finished=841.192ms
06-01 06:44:12.562  1241  4857 I ProximityAuth: [RecentAppsMediator] Package added: (user=UserHandle{0}) com.aistudio.ereader.xynk
06-01 06:44:12.586  3036  4807 I Finsky:background: [100] Wrote row to frosting DB: 2071
06-01 06:44:12.586  2411  4821 I Finsky  : [153] [ContentSync] finished, scheduled=false
06-01 06:44:12.588  1241  4843 W NetworkScheduler: Unexpected forwarded intent: Intent { act=android.intent.action.PACKAGE_ADDED dat=package: flg=0x4000010 pkg=com.google.android.gms cmp=com.google.android.gms/.chimera.PersistentIntentOperationService (has extras) }
06-01 06:44:12.604  3036  4807 I Finsky:background: [100] Wrote row to frosting DB: 2072
06-01 06:44:12.605  2411  2411 I Finsky  : [2] ajwt - Received: android.intent.action.PACKAGE_CHANGED, [VnSdAoRqS0Csie51y2fWaADrFJpr7JWvD05KPu_jrLA]
06-01 06:44:12.619  3036  3104 I Finsky:background: [53] RECEIVER_PACKAGE_MONITOR_BACKGROUND#logWorkEndAndFinishGoAsync: SUCCESS
06-01 06:44:12.625  1725  3081 I gle.android.gms: AssetManager2(0x7b2c763c4398) locale list changing from [] to [en-US]
06-01 06:44:12.626  1241  4857 I .gms.persistent: AssetManager2(0x7b2c763d6638) locale list changing from [] to [en-US]
06-01 06:44:12.650  1046  1116 W HWUI    : Image decoding logging dropped!
06-01 06:44:12.651  1046  1116 D AlphabeticIndexCompat: computeSectionName: cs: E-Reader sectionName: E
06-01 06:44:12.653  1046  1046 D AllAppsStore: setApps: apps.length=22
06-01 06:44:12.654  1046  1046 D AllAppsStore: notifyUpdate: notifying listeners
06-01 06:44:12.654  1046  1046 D ActivityAllAppsContainerView: onAppsUpdated; number of apps: 22
06-01 06:44:12.654  1046  1046 D ActivityAllAppsContainerView: rebindAdapters: force: false
06-01 06:44:12.654  1046  1046 D ActivityAllAppsContainerView: rebindAdapters: Not needed.
06-01 06:44:12.654  1046  1046 D StatsLog: LAUNCHER_ALLAPPS_COUNT
06-01 06:44:12.655  1046  1046 D AlphabeticalAppsList: Clearing FastScrollerSections.
06-01 06:44:12.657  1046  1046 D AlphabeticalAppsList: Adding apps with sections. HasPrivateApps: false
06-01 06:44:12.658  1046  1046 D AlphabeticalAppsList: addAppsWithSections: adding sectionName: C with appInfoTitle: Calendar
06-01 06:44:12.658  1046  1046 D AlphabeticalAppsList: addAppsWithSections: adding sectionName: D with appInfoTitle: DrDuc Translator
06-01 06:44:12.658  1046  1046 D AlphabeticalAppsList: addAppsWithSections: adding sectionName: E with appInfoTitle: E-Reader
06-01 06:44:12.659  1046  1046 D AlphabeticalAppsList: addAppsWithSections: adding sectionName: F with appInfoTitle: Files
06-01 06:44:12.659  1046  1046 D AlphabeticalAppsList: addAppsWithSections: adding sectionName: G with appInfoTitle: Gmail
06-01 06:44:12.659  1046  1046 D AlphabeticalAppsList: addAppsWithSections: adding sectionName: M with appInfoTitle: Maps
06-01 06:44:12.659  1046  1046 D AlphabeticalAppsList: addAppsWithSections: adding sectionName: P with appInfoTitle: Phone
06-01 06:44:12.659  1046  1046 D AlphabeticalAppsList: addAppsWithSections: adding sectionName: S with appInfoTitle: Safety
06-01 06:44:12.659  1046  1046 D AlphabeticalAppsList: addAppsWithSections: adding sectionName: T with appInfoTitle: TMoble
06-01 06:44:12.659  1046  1046 D AlphabeticalAppsList: addAppsWithSections: adding sectionName: V with appInfoTitle: Voice Access
06-01 06:44:12.659  1046  1046 D AlphabeticalAppsList: addAppsWithSections: adding sectionName: Y with appInfoTitle: YouTube
06-01 06:44:12.659  1046  1046 D AlphabeticalAppsList: Adding FastScrollSection duplicate to scroll to the bottom.
06-01 06:44:12.659  1046  1046 D AlphabeticalAppsList: Clearing FastScrollerSections.
06-01 06:44:12.659  1046  1046 D AlphabeticalAppsList: Adding apps with sections. HasPrivateApps: false
06-01 06:44:12.659  1046  1046 D AlphabeticalAppsList: addAppsWithSections: adding sectionName: C with appInfoTitle: Calendar
06-01 06:44:12.659  1046  1046 D AlphabeticalAppsList: addAppsWithSections: adding sectionName: D with appInfoTitle: DrDuc Translator
06-01 06:44:12.659  1046  1046 D AlphabeticalAppsList: addAppsWithSections: adding sectionName: E with appInfoTitle: E-Reader
06-01 06:44:12.659  1046  1046 D AlphabeticalAppsList: addAppsWithSections: adding sectionName: F with appInfoTitle: Files
06-01 06:44:12.659  1046  1046 D AlphabeticalAppsList: addAppsWithSections: adding sectionName: G with appInfoTitle: Gmail
06-01 06:44:12.659  1046  1046 D AlphabeticalAppsList: addAppsWithSections: adding sectionName: M with appInfoTitle: Maps
06-01 06:44:12.659  1046  1046 D AlphabeticalAppsList: addAppsWithSections: adding sectionName: P with appInfoTitle: Phone
06-01 06:44:12.659  1046  1046 D AlphabeticalAppsList: addAppsWithSections: adding sectionName: S with appInfoTitle: Safety
06-01 06:44:12.660  1046  1046 D AlphabeticalAppsList: addAppsWithSections: adding sectionName: T with appInfoTitle: TMoble
06-01 06:44:12.660  1046  1046 D AlphabeticalAppsList: addAppsWithSections: adding sectionName: V with appInfoTitle: Voice Access
06-01 06:44:12.660  1046  1046 D AlphabeticalAppsList: addAppsWithSections: adding sectionName: Y with appInfoTitle: YouTube
06-01 06:44:12.660  1046  1046 D AlphabeticalAppsList: Adding FastScrollSection duplicate to scroll to the bottom.
06-01 06:44:12.665  1046  1046 D b/387844520: getOutlineOffsetX: measured width = 173, mNormalizedIconSize = 159, last updated width = 173
06-01 06:44:12.680  2411  2534 I Finsky  : [41] RECEIVER_PACKAGE_MONITOR#logWorkEndAndFinishGoAsync: SUCCESS
06-01 06:44:12.686   678  1950 V SafetySourceDataValidat: Package: com.android.vending has expected signature
06-01 06:44:12.687   678  1950 V SafetySourceDataValidat: Package: com.android.vending has expected signature
06-01 06:44:12.688   678   678 W Looper  : Slow dispatch took 196ms main app=system_server main=true group=FOREGROUND h=android.app.ActivityThread$H c=android.app.LoadedApk$ReceiverDispatcher$Args$$ExternalSyntheticLambda0@4baf2ab m=0
06-01 06:44:12.712  1038  1038 D SatelliteController: packageStateChanged: package:com.aistudio.ereader.xynk DefaultSmsPackageName:com.google.android.apps.messaging
06-01 06:44:12.712  1038  1038 V SatelliteController: Neither SMS or SatelliteGateway package
06-01 06:44:12.716   678  1076 W AppOpService: Ignored setUidMode call for runtime permission app op: uid = 1001, code = READ_SMS, mode = allow, callingUid = 1001, oldMode = allow
06-01 06:44:12.717  1038  1272 D ImsResolver: maybeAddedImsService, packageName: com.aistudio.ereader.xynk
06-01 06:44:12.717   678   678 D AppSearchAppsIndexerManagerS: userid in package receiver: 10223
06-01 06:44:12.717  1038  1272 V ImsResolver: searchForImsServices: package=com.aistudio.ereader.xynk, users=[UserHandle{0}]
06-01 06:44:12.717  1038  1272 V ImsResolver: searchForImsServices: package=com.aistudio.ereader.xynk, users=[UserHandle{0}]
06-01 06:44:12.718  1339  1349 I PermissionControllerServiceImpl: Updating user sensitive for uid 10223
06-01 06:44:12.727  3036  3118 I Finsky:background: [63] RECEIVER_ENGAGE_PACKAGE_CHANGED#logWorkEndAndFinishGoAsync: SKIPPED_PRECONDITIONS_UNMET
06-01 06:44:12.728   678   678 W Looper  : Drained
06-01 06:44:12.736   678  1076 W AppOpService: Ignored setUidMode call for runtime permission app op: uid = 1001, code = RECEIVE_SMS, mode = allow, callingUid = 1001, oldMode = allow
06-01 06:44:12.738   678  1950 W AppOpService: Ignored setUidMode call for runtime permission app op: uid = 1001, code = RECEIVE_WAP_PUSH, mode = allow, callingUid = 1001, oldMode = allow
06-01 06:44:12.746   678  1100 W AppOpService: Ignored setUidMode call for runtime permission app op: uid = 1001, code = SEND_SMS, mode = allow, callingUid = 1001, oldMode = allow
06-01 06:44:12.747  1725  1731 W gle.android.gms: Suspending all threads took: 66.590ms
06-01 06:44:12.748   678  1739 W AppOpService: Ignored setUidMode call for runtime permission app op: uid = 1001, code = READ_CELL_BROADCASTS, mode = allow, callingUid = 1001, oldMode = allow
06-01 06:44:12.749  1038  1038 D SatelliteAccessController: Current default SMS app:ComponentInfo{com.google.android.apps.messaging/com.google.android.apps.messaging.shared.receiver.SmsDeliverReceiver}
06-01 06:44:12.749  1038  1038 D SatelliteController: getSelectedSatelliteSubId: subId=-1
06-01 06:44:12.749  1038  1038 D SatelliteAccessController: supportedMsgApps:com.google.android.apps.messaging
06-01 06:44:12.755  1725  3992 I Icing   : IndexChimeraService.getServiceInterface callingPackage=com.google.android.gms componentName=null serviceId=30
06-01 06:44:12.786  1241  4850 I Fitness : (REDACTED) OnPackageChangedOperation got intent: %s
06-01 06:44:12.788  2411  2411 I Finsky  : [2] Memory trim requested to level 40
06-01 06:44:12.789  2411  2411 I Finsky  : [2] Flushing in-memory image cache
06-01 06:44:12.820  1725  4601 I Icing   : Usage reports ok 0, Failed Usage reports 0, indexed 0, rejected 0
06-01 06:44:12.825  1241  4848 I Fitness : (REDACTED) FitCleanupIntentOperation received Intent %s
