06-01 06:44:12.830  3036  3036 I Finsky:background: [2] Memory trim requested to level 40
06-01 06:44:12.858  1241  4848 I Fitness : (REDACTED) OnPackageChangedOperation got intent: %s
06-01 06:44:12.869   678   802 V AccessibilityManagerService: onUserStateChangedLocked for userId: 0, forceUpdate: false
06-01 06:44:12.876   678   802 W MagnificationConnectionManager: requestConnection duplicated request: connect=false, mConnectionState=DISCONNECTED
06-01 06:44:12.883   678   678 W IPCThreadState: Sending oneway calls to frozen process.
06-01 06:44:12.884   678   678 W IPCThreadState: Sending oneway calls to frozen process.
06-01 06:44:12.887  1725  3081 I gle.android.gms: AssetManager2(0x7b2c763c4cf8) locale list changing from [] to [en-US]
06-01 06:44:12.928  1725  4601 I Icing   : Usage reports ok 0, Failed Usage reports 0, indexed 0, rejected 0
06-01 06:44:12.932  1241  4850 I Fitness : (REDACTED) FitCleanupIntentOperation received Intent %s
06-01 06:44:12.960   678  1772 E RoleControllerServiceImpl: Default/fallback role holder package doesn't qualify for the role, package: com.google.android.gms, role: android.app.role.WALLET
06-01 06:44:12.992   678  1772 W SignedPackage: Cannot get ApplicationInfo for package: com.google.android.devicelockcontroller
06-01 06:44:12.998  1725  4601 I Icing   : Indexing com.google.android.gms-apps from com.google.android.gms
06-01 06:44:13.044  1725  4601 I Icing   : Indexing done com.google.android.gms-apps
06-01 06:44:13.060  1725  4601 I Icing   : Indexing com.google.android.gms-apps from com.google.android.gms
06-01 06:44:13.062  1725  4601 I Icing   : Indexing done com.google.android.gms-apps
06-01 06:44:13.069   678  1772 W SignedPackage: Package doesn't have required signing certificate: com.google.android.retaildemo
06-01 06:44:13.069   678  1772 E RoleControllerServiceImpl: Default/fallback role holder package doesn't qualify for the role, package: com.google.android.gms.supervision, role: android.app.role.SYSTEM_SUPERVISION
06-01 06:44:13.074   678  1772 W SignedPackage: Package doesn't have required signing certificate: com.google.android.apps.work.clouddpc
06-01 06:44:13.123   678  1772 I Role    : com.google.android.gms not qualified for android.app.role.SYSTEM_DEPENDENCY_INSTALLER due to missing RequiredComponent{mIntentFilterData=IntentFilterData{mAction='android.content.pm.action.INSTALL_DEPENDENCY', mCategories='[]', mDataScheme='null', mDataType='null'}, mMinTargetSdkVersion=1, mFlags='0', mPermission='android.permission.BIND_DEPENDENCY_INSTALLER', mQueryFlags=0, mMetaData=[]}
06-01 06:44:13.123   678  1772 E RoleControllerServiceImpl: Default/fallback role holder package doesn't qualify for the role, package: com.google.android.gms, role: android.app.role.SYSTEM_DEPENDENCY_INSTALLER
06-01 06:44:13.139  1725  4601 I Icing   : Indexing com.google.android.gms-apps from com.google.android.gms
06-01 06:44:13.183  1725  4601 I Icing   : Indexing done com.google.android.gms-apps
06-01 06:44:13.198   678  1772 E RoleControllerServiceImpl: Default/fallback role holder package doesn't qualify for the role, package: com.google.android.gms, role: android.app.role.WALLET
06-01 06:44:13.202  4888  4888 D nativeloader: Configuring clns-9 for other apk /data/app/~~YL3fzwmaZrnNxZy6POzz0g==/com.aistudio.ereader.xynk-CFQpmnjK7qmotSPlzTAarQ==/base.apk. target_sdk_version=36, uses_libraries=, library_path=/data/app/~~YL3fzwmaZrnNxZy6POzz0g==/com.aistudio.ereader.xynk-CFQpmnjK7qmotSPlzTAarQ==/lib/x86_64:/data/app/~~YL3fzwmaZrnNxZy6POzz0g==/com.aistudio.ereader.xynk-CFQpmnjK7qmotSPlzTAarQ==/base.apk!/lib/x86_64, permitted_path=/data:/mnt/expand:/data/user/0/com.aistudio.ereader.xynk
06-01 06:44:13.207   678  1772 W SignedPackage: Cannot get ApplicationInfo for package: com.google.android.devicelockcontroller
06-01 06:44:13.208  4888  4888 I io.ereader.xynk: AssetManager2(0x7b2c763b4998) locale list changing from [] to [en-US]
06-01 06:44:13.214  4888  4888 V GraphicsEnvironment: Currently set values for:
06-01 06:44:13.214  4888  4888 V GraphicsEnvironment:   angle_gl_driver_selection_pkgs=[]
06-01 06:44:13.214  4888  4888 V GraphicsEnvironment:   angle_gl_driver_selection_values=[]
06-01 06:44:13.214  4888  4888 V GraphicsEnvironment: com.aistudio.ereader.xynk is not listed in per-application setting
06-01 06:44:13.214  4888  4888 V GraphicsEnvironment: ANGLE allowlist from config: com.dreamgames.royalmatch com.dts.freefiremax com.dxx.firenow com.gramgames.mergedragons com.ludo.king com.mojang.minecraftpe com.my.defense com.nintendo.zaka com.os.airforce com.playrix.fishdomdd.gplay io.teslatech.callbreak jp.konami.prospia net.peakgames.toonblast
06-01 06:44:13.214  4888  4888 V GraphicsEnvironment: com.aistudio.ereader.xynk is not listed in ANGLE allowlist or settings, returning default
06-01 06:44:13.215  4888  4888 V GraphicsEnvironment: Neither updatable production driver nor prerelease driver is supported.
06-01 06:44:13.215  1725  4601 I Icing   : Indexing com.google.android.gms-apps from com.google.android.gms
06-01 06:44:13.215  1725  4601 I Icing   : Indexing done com.google.android.gms-apps
06-01 06:44:13.321  4888  4888 D WM-WrkMgrInitializer: Initializing WorkManager with default configuration.
06-01 06:44:13.336   678   699 I system_server: Background concurrent mark compact GC freed 22MB AllocSpace bytes, 47(1332KB) LOS objects, 41% free, 34MB/58MB, paused 3.391ms,2.547ms total 2.027s
06-01 06:44:13.342   678   701 W System  : A resource failed to call close. 
06-01 06:44:13.347   678   701 W System  : A resource failed to call release. 
06-01 06:44:13.490  2285  2469 I .apps.wellbeing: AssetManager2(0x7b2c763c3718) locale list changing from [] to [en-US]
06-01 06:44:13.495  2285  2469 I .apps.wellbeing: AssetManager2(0x7b2c763d8ed8) locale list changing from [] to [en-US]
06-01 06:44:13.499  2285  2469 I .apps.wellbeing: AssetManager2(0x7b2c763d8bb8) locale list changing from [] to [en-US]
06-01 06:44:13.500  2285  2469 I .apps.wellbeing: AssetManager2(0x7b2c763e0598) locale list changing from [] to [en-US]
06-01 06:44:13.502  2285  2469 I .apps.wellbeing: AssetManager2(0x7b2c763d5cd8) locale list changing from [] to [en-US]
06-01 06:44:13.503  2285  2469 I .apps.wellbeing: AssetManager2(0x7b2c763daaf8) locale list changing from [] to [en-US]
06-01 06:44:13.509  2285  2469 I .apps.wellbeing: AssetManager2(0x7b2c763dae18) locale list changing from [] to [en-US]
06-01 06:44:13.520  2285  2469 I .apps.wellbeing: AssetManager2(0x7b2c763dfc38) locale list changing from [] to [en-US]
06-01 06:44:13.529  2285  2469 I .apps.wellbeing: AssetManager2(0x7b2c763d3a78) locale list changing from [] to [en-US]
06-01 06:44:13.531  2285  2469 I .apps.wellbeing: AssetManager2(0x7b2c763dff58) locale list changing from [] to [en-US]
06-01 06:44:13.563  2285  2469 I .apps.wellbeing: AssetManager2(0x7b2c763dff58) locale list changing from [] to [en-US]
06-01 06:44:13.565  2285  2469 I .apps.wellbeing: AssetManager2(0x7b2c763dae18) locale list changing from [] to [en-US]
06-01 06:44:13.567  1038  1277 D SatelliteController: iisInCarrierRoamingNbIotNtn: satellite is disabled
06-01 06:44:13.568   678  1715 W IPCThreadState: Sending oneway calls to frozen process.
06-01 06:44:13.567  2285  2469 I .apps.wellbeing: AssetManager2(0x7b2c763dc0d8) locale list changing from [] to [en-US]
06-01 06:44:13.570  2285  2469 I .apps.wellbeing: AssetManager2(0x7b2c763daaf8) locale list changing from [] to [en-US]
06-01 06:44:13.573  2285  2469 I .apps.wellbeing: AssetManager2(0x7b2c763d5cd8) locale list changing from [] to [en-US]
06-01 06:44:13.579  2285  2469 I .apps.wellbeing: AssetManager2(0x7b2c763e0598) locale list changing from [] to [en-US]
06-01 06:44:13.581  2285  2469 I .apps.wellbeing: AssetManager2(0x7b2c763d6f98) locale list changing from [] to [en-US]
06-01 06:44:13.594  2285  2469 I .apps.wellbeing: AssetManager2(0x7b2c763d3a78) locale list changing from [] to [en-US]
06-01 06:44:13.601  4888  4888 D WM-PackageManagerHelper: androidx.work.impl.background.systemjob.SystemJobService enabled
06-01 06:44:13.601  4888  4888 D WM-Schedulers: Created SystemJobScheduler and enabled SystemJobService
06-01 06:44:13.606  2285  2469 I .apps.wellbeing: AssetManager2(0x7b2c763e1e98) locale list changing from [] to [en-US]
06-01 06:44:13.609  2285  2469 I .apps.wellbeing: AssetManager2(0x7b2c763c3718) locale list changing from [] to [en-US]
06-01 06:44:13.612  2285  2469 I .apps.wellbeing: AssetManager2(0x7b2c763d5058) locale list changing from [] to [en-US]
06-01 06:44:13.616  2285  2469 I .apps.wellbeing: AssetManager2(0x7b2c763d8ed8) locale list changing from [] to [en-US]
06-01 06:44:13.618  2285  2469 I .apps.wellbeing: AssetManager2(0x7b2c763e1538) locale list changing from [] to [en-US]
06-01 06:44:13.620  2285  2469 I .apps.wellbeing: AssetManager2(0x7b2c763cb738) locale list changing from [] to [en-US]
06-01 06:44:13.622  2285  2469 I .apps.wellbeing: AssetManager2(0x7b2c763d40b8) locale list changing from [] to [en-US]
06-01 06:44:13.624  2285  2469 I .apps.wellbeing: AssetManager2(0x7b2c763d2178) locale list changing from [] to [en-US]
06-01 06:44:13.626  2285  2469 I .apps.wellbeing: AssetManager2(0x7b2c763cb0f8) locale list changing from [] to [en-US]
06-01 06:44:13.628  2285  2469 I .apps.wellbeing: AssetManager2(0x7b2c763c5fb8) locale list changing from [] to [en-US]
06-01 06:44:13.632  2285  2469 I .apps.wellbeing: AssetManager2(0x7b2c763c7bd8) locale list changing from [] to [en-US]
06-01 06:44:13.635  2285  2469 I .apps.wellbeing: AssetManager2(0x7b2c763c8b78) locale list changing from [] to [en-US]
06-01 06:44:13.636  2285  2469 I .apps.wellbeing: AssetManager2(0x7b2c763c2458) locale list changing from [] to [en-US]
06-01 06:44:13.640  2285  2469 I .apps.wellbeing: AssetManager2(0x7b2c763c8538) locale list changing from [] to [en-US]
06-01 06:44:13.642  2285  2469 I .apps.wellbeing: AssetManager2(0x7b2c763bef38) locale list changing from [] to [en-US]
06-01 06:44:13.645  2285  2469 I .apps.wellbeing: AssetManager2(0x7b2c763bc058) locale list changing from [] to [en-US]
06-01 06:44:13.649  2285  2469 I .apps.wellbeing: AssetManager2(0x7b2c763bfbb8) locale list changing from [] to [en-US]
06-01 06:44:13.655  2285  2469 I .apps.wellbeing: AssetManager2(0x7b2c763c17d8) locale list changing from [] to [en-US]
06-01 06:44:13.657  2285  2469 I .apps.wellbeing: AssetManager2(0x7b2c763bc698) locale list changing from [] to [en-US]
06-01 06:44:13.662  2285  2469 I .apps.wellbeing: AssetManager2(0x7b2c763bd318) locale list changing from [] to [en-US]
06-01 06:44:13.665  2285  2469 I .apps.wellbeing: AssetManager2(0x7b2c763c5658) locale list changing from [] to [en-US]
06-01 06:44:13.676  2285  2469 I .apps.wellbeing: AssetManager2(0x7b2c763c0838) locale list changing from [] to [en-US]
06-01 06:44:13.686  2285  2469 I .apps.wellbeing: AssetManager2(0x7b2c763c2db8) locale list changing from [] to [en-US]
06-01 06:44:13.688  2285  2469 I .apps.wellbeing: AssetManager2(0x7b2c763c1e18) locale list changing from [] to [en-US]
06-01 06:44:13.690  2285  2469 I .apps.wellbeing: AssetManager2(0x7b2c763caab8) locale list changing from [] to [en-US]
06-01 06:44:13.693  2285  2469 I .apps.wellbeing: AssetManager2(0x7b2c763c30d8) locale list changing from [] to [en-US]
06-01 06:44:13.695  2285  2469 I .apps.wellbeing: AssetManager2(0x7b2c763c5338) locale list changing from [] to [en-US]
06-01 06:44:13.698  2285  2469 I .apps.wellbeing: AssetManager2(0x7b2c763c5c98) locale list changing from [] to [en-US]
06-01 06:44:13.702  2285  2469 I .apps.wellbeing: AssetManager2(0x7b2c763c3a38) locale list changing from [] to [en-US]
06-01 06:44:13.708  2285  2469 I .apps.wellbeing: AssetManager2(0x7b2c763bd638) locale list changing from [] to [en-US]
06-01 06:44:13.711  2285  2469 I .apps.wellbeing: AssetManager2(0x7b2c763c4078) locale list changing from [] to [en-US]
06-01 06:44:13.721  4888  4908 D WM-ForceStopRunnable: The default process name was not specified.
06-01 06:44:13.724  2285  2469 I .apps.wellbeing: AssetManager2(0x7b2c763c0518) locale list changing from [] to [en-US]
06-01 06:44:13.727  4888  4908 D WM-ForceStopRunnable: Performing cleanup operations.
06-01 06:44:13.728  2285  2469 I .apps.wellbeing: AssetManager2(0x7b2c763c0b58) locale list changing from [] to [en-US]
06-01 06:44:13.731  2285  2469 I .apps.wellbeing: AssetManager2(0x7b2c763c46b8) locale list changing from [] to [en-US]
06-01 06:44:13.733  2285  2469 I .apps.wellbeing: AssetManager2(0x7b2c763bec18) locale list changing from [] to [en-US]
06-01 06:44:13.742  2285  2469 I .apps.wellbeing: AssetManager2(0x7b2c763bc9b8) locale list changing from [] to [en-US]
06-01 06:44:13.744  2285  2469 I .apps.wellbeing: AssetManager2(0x7b2c763bcff8) locale list changing from [] to [en-US]
06-01 06:44:13.747  2285  2469 I .apps.wellbeing: AssetManager2(0x7b2c763be5d8) locale list changing from [] to [en-US]
06-01 06:44:13.749  2285  2469 I .apps.wellbeing: AssetManager2(0x7b2c763c97f8) locale list changing from [] to [en-US]
06-01 06:44:13.753  2285  2469 I .apps.wellbeing: AssetManager2(0x7b2c763e21b8) locale list changing from [] to [en-US]
06-01 06:44:13.755  2285  2469 I .apps.wellbeing: AssetManager2(0x7b2c763d5ff8) locale list changing from [] to [en-US]
06-01 06:44:13.757  2285  2469 I .apps.wellbeing: AssetManager2(0x7b2c763d5698) locale list changing from [] to [en-US]
06-01 06:44:13.764  2285  2469 I .apps.wellbeing: AssetManager2(0x7b2c763e2b18) locale list changing from [] to [en-US]
06-01 06:44:13.767  2285  2469 I .apps.wellbeing: AssetManager2(0x7b2c763e1b78) locale list changing from [] to [en-US]
06-01 06:44:13.770  4888  4908 E ashmem  : Pinning is deprecated since Android Q. Please use trim or other methods.
06-01 06:44:13.802  2285  2469 I .apps.wellbeing: AssetManager2(0x7b2c763de978) locale list changing from [] to [en-US]
06-01 06:44:13.806   678  1715 W OptProp : Cannot read opt property android.window.PROPERTY_COMPAT_ENABLE_FAKE_FOCUS
06-01 06:44:13.813   678   886 D BackgroundInstallControlService: Package event received: 0
06-01 06:44:13.813   678   886 D BackgroundInstallControlService: Package event received: 0
06-01 06:44:13.815  4888  4888 I Choreographer: Skipped 32 frames!  The application may be doing too much work on its main thread.
06-01 06:44:13.819  4888  4910 I DisplayManager: Choreographer implicitly registered for the refresh rate.
06-01 06:44:13.819  2285  2469 I .apps.wellbeing: AssetManager2(0x7b2c763dd078) locale list changing from [] to [en-US]
06-01 06:44:13.826  2285  2469 I .apps.wellbeing: AssetManager2(0x7b2c763d1e58) locale list changing from [] to [en-US]
06-01 06:44:13.840  4888  4888 I io.ereader.xynk: AssetManager2(0x7b2c763ba118) locale list changing from [] to [en-US]
06-01 06:44:13.858  2285  2469 I .apps.wellbeing: AssetManager2(0x7b2c763e1b78) locale list changing from [] to [en-US]
06-01 06:44:13.866  2285  2469 I .apps.wellbeing: AssetManager2(0x7b2c763ddcf8) locale list changing from [] to [en-US]
06-01 06:44:13.868  2285  2469 I .apps.wellbeing: AssetManager2(0x7b2c763c33f8) locale list changing from [] to [en-US]
06-01 06:44:13.871  2285  2469 I .apps.wellbeing: AssetManager2(0x7b2c763d5ff8) locale list changing from [] to [en-US]
06-01 06:44:13.890  2285  2469 I .apps.wellbeing: AssetManager2(0x7b2c763c97f8) locale list changing from [] to [en-US]
06-01 06:44:13.892  2285  2469 I .apps.wellbeing: AssetManager2(0x7b2c763be5d8) locale list changing from [] to [en-US]
06-01 06:44:13.893  2285  2469 I .apps.wellbeing: AssetManager2(0x7b2c763cadd8) locale list changing from [] to [en-US]
06-01 06:44:13.896  2285  2469 I .apps.wellbeing: AssetManager2(0x7b2c763bcff8) locale list changing from [] to [en-US]
06-01 06:44:13.898  2285  2469 I .apps.wellbeing: AssetManager2(0x7b2c763c8858) locale list changing from [] to [en-US]
06-01 06:44:13.899  2285  2469 I .apps.wellbeing: AssetManager2(0x7b2c763bc9b8) locale list changing from [] to [en-US]
06-01 06:44:13.900  2285  2469 I .apps.wellbeing: AssetManager2(0x7b2c763bec18) locale list changing from [] to [en-US]
06-01 06:44:13.902  2285  2469 I .apps.wellbeing: AssetManager2(0x7b2c763e21b8) locale list changing from [] to [en-US]
06-01 06:44:13.905  2285  2469 I .apps.wellbeing: AssetManager2(0x7b2c763c0b58) locale list changing from [] to [en-US]
06-01 06:44:13.907  2285  2469 I .apps.wellbeing: AssetManager2(0x7b2c763c0518) locale list changing from [] to [en-US]
06-01 06:44:13.909  2285  2469 I .apps.wellbeing: AssetManager2(0x7b2c763c4078) locale list changing from [] to [en-US]
06-01 06:44:13.911  2285  2469 I .apps.wellbeing: AssetManager2(0x7b2c763c46b8) locale list changing from [] to [en-US]
06-01 06:44:13.913  2285  2469 I .apps.wellbeing: AssetManager2(0x7b2c763c3a38) locale list changing from [] to [en-US]
06-01 06:44:13.914  2285  2469 I .apps.wellbeing: AssetManager2(0x7b2c763c78b8) locale list changing from [] to [en-US]
06-01 06:44:13.916  2285  2469 I .apps.wellbeing: AssetManager2(0x7b2c763c5338) locale list changing from [] to [en-US]
06-01 06:44:13.921  2285  2469 I .apps.wellbeing: AssetManager2(0x7b2c763c1e18) locale list changing from [] to [en-US]
06-01 06:44:13.925  2285  2469 I .apps.wellbeing: AssetManager2(0x7b2c763c2db8) locale list changing from [] to [en-US]
06-01 06:44:13.926   678  1576 E TaskPersister: File error accessing recents directory (directory doesn't exist?).
06-01 06:44:13.926  4888  4910 I EGL_emulation: Opening libGLESv1_CM_emulation.so
06-01 06:44:13.927  2285  2469 I .apps.wellbeing: AssetManager2(0x7b2c763caab8) locale list changing from [] to [en-US]
06-01 06:44:13.928  4888  4910 I EGL_emulation: Opening libGLESv2_emulation.so
06-01 06:44:13.934  2285  2469 I .apps.wellbeing: AssetManager2(0x7b2c763c5658) locale list changing from [] to [en-US]
06-01 06:44:13.937  4888  4888 D CompatChangeReporter: Compat change id reported: 377864165; UID 10223; state: ENABLED
06-01 06:44:13.938  2285  2469 I .apps.wellbeing: AssetManager2(0x7b2c763c01f8) locale list changing from [] to [en-US]
06-01 06:44:13.939  4888  4888 D DesktopModeFlags: Toggle override initialized to: OVERRIDE_UNSET
06-01 06:44:13.939  2285  2469 I .apps.wellbeing: AssetManager2(0x7b2c763be8f8) locale list changing from [] to [en-US]
06-01 06:44:13.943  2285  2469 I .apps.wellbeing: AssetManager2(0x7b2c763bf258) locale list changing from [] to [en-US]
06-01 06:44:13.959  2285  2469 I .apps.wellbeing: AssetManager2(0x7b2c763c1af8) locale list changing from [] to [en-US]
06-01 06:44:13.960  4888  4910 W HWUI    : Failed to initialize 101010-2 format, error = EGL_SUCCESS
06-01 06:44:13.968  2285  2469 I .apps.wellbeing: AssetManager2(0x7b2c763c0e78) locale list changing from [] to [en-US]
06-01 06:44:13.974  2285  2469 I .apps.wellbeing: AssetManager2(0x7b2c763bfbb8) locale list changing from [] to [en-US]
06-01 06:44:13.989  2285  2469 I .apps.wellbeing: AssetManager2(0x7b2c763bef38) locale list changing from [] to [en-US]
06-01 06:44:14.000  2285  2469 I .apps.wellbeing: AssetManager2(0x7b2c763b9ad8) locale list changing from [] to [en-US]
06-01 06:44:14.002   678   757 I ActivityManager: Background started FGS: Allowed [callingPackage: com.google.android.apps.wellbeing; callingUid: 10147; uidState: BTOP; uidBFSL: [BFSL]; intent: Intent { xflg=0x4 cmp=com.google.android.apps.wellbeing/com.google.apps.tiktok.concurrent.InternalForegroundService (has extras) }; code:BACKGROUND_ACTIVITY_PERMISSION; tempAllowListReason:<null>; allowWiu:58; targetSdkVersion:36; callerTargetSdkVersion:36; startForegroundCount:0; bindFromPackage:null: isBindService:false]
06-01 06:44:14.004  2285  2469 I .apps.wellbeing: AssetManager2(0x7b2c763bccd8) locale list changing from [] to [en-US]
06-01 06:44:14.015  2285  2469 I .apps.wellbeing: AssetManager2(0x7b2c763bb3d8) locale list changing from [] to [en-US]
06-01 06:44:14.027  2285  2469 I .apps.wellbeing: AssetManager2(0x7b2c763dc3f8) locale list changing from [] to [en-US]
06-01 06:44:14.043  2285  2469 I .apps.wellbeing: AssetManager2(0x7b2c763bc058) locale list changing from [] to [en-US]
06-01 06:44:14.048   678  1641 W ForegroundServiceTypeLoggerModule: Foreground service start for UID: 10147 does not have any types
06-01 06:44:14.058   678   886 D BackgroundInstallControlService: Package event received: 0
06-01 06:44:14.063   678  1952 W ForegroundServiceTypeLoggerModule: FGS stop call for: 10147 has no types!
06-01 06:44:14.064  2285  2469 I .apps.wellbeing: AssetManager2(0x7b2c763c2458) locale list changing from [] to [en-US]
06-01 06:44:14.064   678   886 D BackgroundInstallControlService: Package event received: 0
06-01 06:44:14.066  2285  2469 I .apps.wellbeing: AssetManager2(0x7b2c763c1198) locale list changing from [] to [en-US]
06-01 06:44:14.070  2285  2469 I .apps.wellbeing: AssetManager2(0x7b2c763bfbb8) locale list changing from [] to [en-US]
06-01 06:44:14.081  2285  2469 I .apps.wellbeing: AssetManager2(0x7b2c763c1af8) locale list changing from [] to [en-US]
06-01 06:44:14.083  2285  2469 I .apps.wellbeing: AssetManager2(0x7b2c763bdf98) locale list changing from [] to [en-US]
06-01 06:44:14.085  2285  2469 I .apps.wellbeing: AssetManager2(0x7b2c763bc698) locale list changing from [] to [en-US]
06-01 06:44:14.095  2285  2469 I .apps.wellbeing: AssetManager2(0x7b2c763bf258) locale list changing from [] to [en-US]
06-01 06:44:14.106  2285  2469 I .apps.wellbeing: AssetManager2(0x7b2c763c0e78) locale list changing from [] to [en-US]
06-01 06:44:14.112  2285  2469 I .apps.wellbeing: AssetManager2(0x7b2c763c01f8) locale list changing from [] to [en-US]
06-01 06:44:14.115  2285  2469 I .apps.wellbeing: AssetManager2(0x7b2c763c5658) locale list changing from [] to [en-US]
06-01 06:44:14.118  2285  2469 I .apps.wellbeing: AssetManager2(0x7b2c763caab8) locale list changing from [] to [en-US]
06-01 06:44:14.124  4888  4888 W HWUI    : Unknown dataspace 0
06-01 06:44:14.124  2285  2469 I .apps.wellbeing: AssetManager2(0x7b2c763c0838) locale list changing from [] to [en-US]
06-01 06:44:14.135  2285  2469 I .apps.wellbeing: AssetManager2(0x7b2c763c2db8) locale list changing from [] to [en-US]
06-01 06:44:14.139  2285  2469 I .apps.wellbeing: AssetManager2(0x7b2c763bfed8) locale list changing from [] to [en-US]
06-01 06:44:14.140  2285  2469 I .apps.wellbeing: AssetManager2(0x7b2c763c30d8) locale list changing from [] to [en-US]
06-01 06:44:14.142  2285  2469 I .apps.wellbeing: AssetManager2(0x7b2c763c5338) locale list changing from [] to [en-US]
06-01 06:44:14.144   938   938 D TileServices: Couldn't find tile for ComponentInfo{com.google.android.apps.wellbeing/com.google.android.apps.wellbeing.focusmode.quicksettings.FocusModeTileService}(0)
06-01 06:44:14.145  2285  2469 I .apps.wellbeing: AssetManager2(0x7b2c763c5c98) locale list changing from [] to [en-US]
06-01 06:44:14.146  2285  2469 I .apps.wellbeing: AssetManager2(0x7b2c763c3a38) locale list changing from [] to [en-US]
06-01 06:44:14.147  2285  2469 I .apps.wellbeing: AssetManager2(0x7b2c763bd638) locale list changing from [] to [en-US]
06-01 06:44:14.149  2285  2469 I .apps.wellbeing: AssetManager2(0x7b2c763c4078) locale list changing from [] to [en-US]
06-01 06:44:14.154   678  1952 D CoreBackPreview: Window{8a2db35 u0 com.aistudio.ereader.xynk/com.example.MainActivity}: Setting back callback OnBackInvokedCallbackInfo{mCallback=android.window.IOnBackInvokedCallback$Stub$Proxy@80fe13b, mPriority=-1, mIsAnimationCallback=false, mOverrideBehavior=0}
06-01 06:44:14.164  2285  2469 I .apps.wellbeing: AssetManager2(0x7b2c763e21b8) locale list changing from [] to [en-US]
06-01 06:44:14.201  4888  4912 D WM-PackageManagerHelper: Skipping component enablement for androidx.work.impl.background.systemalarm.RescheduleReceiver
06-01 06:44:14.202  2285  2469 I .apps.wellbeing: AssetManager2(0x7b2c763c4078) locale list changing from [] to [en-US]
06-01 06:44:14.203  2285  2469 I .apps.wellbeing: AssetManager2(0x7b2c763c0518) locale list changing from [] to [en-US]
06-01 06:44:14.204  2285  2469 I .apps.wellbeing: AssetManager2(0x7b2c763c46b8) locale list changing from [] to [en-US]
06-01 06:44:14.206  2285  2469 I .apps.wellbeing: AssetManager2(0x7b2c763c5c98) locale list changing from [] to [en-US]
06-01 06:44:14.207  2285  2469 I .apps.wellbeing: AssetManager2(0x7b2c763c5338) locale list changing from [] to [en-US]
06-01 06:44:14.465  2285  2458 I .apps.wellbeing: AssetManager2(0x7b2c763c30d8) locale list changing from [] to [en-US]
06-01 06:44:14.495  2285  2458 I .apps.wellbeing: AssetManager2(0x7b2c763c78b8) locale list changing from [] to [en-US]
06-01 06:44:14.497  2285  2458 I .apps.wellbeing: AssetManager2(0x7b2c763bfed8) locale list changing from [] to [en-US]
06-01 06:44:14.505  2285  2458 I .apps.wellbeing: AssetManager2(0x7b2c763c46b8) locale list changing from [] to [en-US]
06-01 06:44:14.507  2285  2458 I .apps.wellbeing: AssetManager2(0x7b2c763bd638) locale list changing from [] to [en-US]
06-01 06:44:14.510  2285  2458 I .apps.wellbeing: AssetManager2(0x7b2c763e21b8) locale list changing from [] to [en-US]
06-01 06:44:14.512  2285  2458 I .apps.wellbeing: AssetManager2(0x7b2c763c3a38) locale list changing from [] to [en-US]
06-01 06:44:14.513  2285  2458 I .apps.wellbeing: AssetManager2(0x7b2c763c1e18) locale list changing from [] to [en-US]
06-01 06:44:14.514  2285  2458 I .apps.wellbeing: AssetManager2(0x7b2c763caab8) locale list changing from [] to [en-US]
06-01 06:44:14.516  2285  2458 I .apps.wellbeing: AssetManager2(0x7b2c763c01f8) locale list changing from [] to [en-US]
06-01 06:44:14.517  2285  2458 I .apps.wellbeing: AssetManager2(0x7b2c763c0e78) locale list changing from [] to [en-US]
06-01 06:44:14.519  2285  2458 I .apps.wellbeing: AssetManager2(0x7b2c763bf258) locale list changing from [] to [en-US]
06-01 06:44:14.526  2285  2458 I .apps.wellbeing: AssetManager2(0x7b2c763bdf98) locale list changing from [] to [en-US]
06-01 06:44:14.527  2285  2458 I .apps.wellbeing: AssetManager2(0x7b2c763c1af8) locale list changing from [] to [en-US]
06-01 06:44:14.530  2285  2458 I .apps.wellbeing: AssetManager2(0x7b2c763bfbb8) locale list changing from [] to [en-US]
06-01 06:44:14.532  2285  2458 I .apps.wellbeing: AssetManager2(0x7b2c763bef38) locale list changing from [] to [en-US]
06-01 06:44:14.534  2285  2458 I .apps.wellbeing: AssetManager2(0x7b2c763bc698) locale list changing from [] to [en-US]
06-01 06:44:14.534  2285  2458 I .apps.wellbeing: AssetManager2(0x7b2c763c2458) locale list changing from [] to [en-US]
06-01 06:44:14.535  2285  2458 I .apps.wellbeing: AssetManager2(0x7b2c763b9ad8) locale list changing from [] to [en-US]
06-01 06:44:14.536  2285  2458 I .apps.wellbeing: AssetManager2(0x7b2c763bc058) locale list changing from [] to [en-US]
06-01 06:44:14.537  2285  2458 I .apps.wellbeing: AssetManager2(0x7b2c763dc3f8) locale list changing from [] to [en-US]
06-01 06:44:14.538  2285  2458 I .apps.wellbeing: AssetManager2(0x7b2c763e1858) locale list changing from [] to [en-US]
06-01 06:44:14.541  2285  2458 I .apps.wellbeing: AssetManager2(0x7b2c763bccd8) locale list changing from [] to [en-US]
06-01 06:44:14.543  2285  2458 I .apps.wellbeing: AssetManager2(0x7b2c763c0b58) locale list changing from [] to [en-US]
06-01 06:44:14.543  2285  2458 I .apps.wellbeing: AssetManager2(0x7b2c763bec18) locale list changing from [] to [en-US]
06-01 06:44:14.545  2285  2458 I .apps.wellbeing: AssetManager2(0x7b2c763c8858) locale list changing from [] to [en-US]
06-01 06:44:14.546  2285  2458 I .apps.wellbeing: AssetManager2(0x7b2c763bc9b8) locale list changing from [] to [en-US]
06-01 06:44:14.547  2285  2458 I .apps.wellbeing: AssetManager2(0x7b2c763be5d8) locale list changing from [] to [en-US]
06-01 06:44:14.547  2285  2458 I .apps.wellbeing: AssetManager2(0x7b2c763cadd8) locale list changing from [] to [en-US]
06-01 06:44:14.549  2285  2458 I .apps.wellbeing: AssetManager2(0x7b2c763dd6b8) locale list changing from [] to [en-US]
06-01 06:44:14.550  2285  2458 I .apps.wellbeing: AssetManager2(0x7b2c763d5698) locale list changing from [] to [en-US]
06-01 06:44:14.551  2285  2458 I .apps.wellbeing: AssetManager2(0x7b2c763d5ff8) locale list changing from [] to [en-US]
06-01 06:44:14.552  2285  2458 I .apps.wellbeing: AssetManager2(0x7b2c763e2b18) locale list changing from [] to [en-US]
06-01 06:44:14.553  2285  2458 I .apps.wellbeing: AssetManager2(0x7b2c763e1b78) locale list changing from [] to [en-US]
06-01 06:44:14.554  2285  2458 I .apps.wellbeing: AssetManager2(0x7b2c763d1e58) locale list changing from [] to [en-US]
06-01 06:44:14.604   678   745 I AppsFilter: interaction: PackageSetting{4801e16 com.android.microdroid.empty_payload/10196} -> PackageSetting{739ea22 com.aistudio.ereader.xynk/10223} BLOCKED
06-01 06:44:14.604   678   745 I AppsFilter: interaction: PackageSetting{46da984 com.drduc.translator/10217} -> PackageSetting{739ea22 com.aistudio.ereader.xynk/10223} BLOCKED
06-01 06:44:14.612   678   782 I RoleService: Granting default roles...
06-01 06:44:14.615   678   711 I system_server: AssetManager2(0x7b2c7644afd8) locale list changing from [] to [en-US]
06-01 06:44:14.618  1038  1038 D CarrierSvcBindHelper: onPackageModified: com.aistudio.ereader.xynk
06-01 06:44:14.618   678   719 I system_server: AssetManager2(0x7b2c763bcff8) locale list changing from [] to [en-US]
06-01 06:44:14.620   678  1772 W SignedPackage: Package doesn't have required signing certificate: com.google.android.retaildemo
06-01 06:44:14.620   678  1772 E RoleControllerServiceImpl: Default/fallback role holder package doesn't qualify for the role, package: com.google.android.gms.supervision, role: android.app.role.SYSTEM_SUPERVISION
06-01 06:44:14.621  1038  1038 D CarrierSvcBindHelper: No carrier app for: 0
06-01 06:44:14.623   678  1772 W SignedPackage: Package doesn't have required signing certificate: com.google.android.apps.work.clouddpc
06-01 06:44:14.625   938   938 D ControlsListingControllerImpl: ServiceConfig reloaded, count: 0
06-01 06:44:14.626  1038  1277 I SatelliteAppTracker: onPackageModified : com.aistudio.ereader.xynk
06-01 06:44:14.632  1339  1349 I PermissionControllerServiceImpl: Updating user sensitive for uid 10223
06-01 06:44:14.639   678   885 D ShortcutService: received package broadcast intent: Intent { act=android.intent.action.PACKAGE_CHANGED dat=package: flg=0x45000010 (has extras) }
06-01 06:44:14.639   678   885 D ShortcutService: changing package: com.aistudio.ereader.xynk userId=0
06-01 06:44:14.647   678   802 I system_server: AssetManager2(0x7b2c76450a78) locale list changing from [] to [en-US]
06-01 06:44:14.649   678  1952 W AppOpService: Ignored setUidMode call for runtime permission app op: uid = 1001, code = READ_SMS, mode = allow, callingUid = 1001, oldMode = allow
06-01 06:44:14.649   678   799 I system_server: AssetManager2(0x7b2c7644fdf8) locale list changing from [] to [en-US]
06-01 06:44:14.649   678   802 I system_server: AssetManager2(0x7b2c764467f8) locale list changing from [] to [en-US]
06-01 06:44:14.650   678  1952 W AppOpService: Ignored setUidMode call for runtime permission app op: uid = 1001, code = RECEIVE_SMS, mode = allow, callingUid = 1001, oldMode = allow
06-01 06:44:14.651   678  1952 W AppOpService: Ignored setUidMode call for runtime permission app op: uid = 1001, code = RECEIVE_WAP_PUSH, mode = allow, callingUid = 1001, oldMode = allow
06-01 06:44:14.652   678  1952 W AppOpService: Ignored setUidMode call for runtime permission app op: uid = 1001, code = SEND_SMS, mode = allow, callingUid = 1001, oldMode = allow
06-01 06:44:14.652   678  1952 W AppOpService: Ignored setUidMode call for runtime permission app op: uid = 1001, code = READ_CELL_BROADCASTS, mode = allow, callingUid = 1001, oldMode = allow
06-01 06:44:14.652   678   802 I system_server: AssetManager2(0x7b2c76444598) locale list changing from [] to [en-US]
06-01 06:44:14.654   678   802 I system_server: AssetManager2(0x7b2c76452698) locale list changing from [] to [en-US]
06-01 06:44:14.656  1038  1272 D ImsResolver: maybeAddedImsService, packageName: com.aistudio.ereader.xynk
06-01 06:44:14.656  1038  1272 V ImsResolver: searchForImsServices: package=com.aistudio.ereader.xynk, users=[UserHandle{0}]
06-01 06:44:14.656  1038  1272 V ImsResolver: searchForImsServices: package=com.aistudio.ereader.xynk, users=[UserHandle{0}]
06-01 06:44:14.657   678   802 V AccessibilityManagerService: onUserStateChangedLocked for userId: 0, forceUpdate: false
06-01 06:44:14.658   678   802 W MagnificationConnectionManager: requestConnection duplicated request: connect=false, mConnectionState=DISCONNECTED
06-01 06:44:14.659   678   799 I system_server: AssetManager2(0x7b2c764529b8) locale list changing from [] to [en-US]
06-01 06:44:14.659   678   678 W IPCThreadState: Sending oneway calls to frozen process.
06-01 06:44:14.660  1038  1038 D SatelliteController: packageStateChanged: package:com.aistudio.ereader.xynk DefaultSmsPackageName:com.google.android.apps.messaging
06-01 06:44:14.660  1038  1038 V SatelliteController: Neither SMS or SatelliteGateway package
06-01 06:44:14.660   678   678 W IPCThreadState: Sending oneway calls to frozen process.
06-01 06:44:14.661   678   719 I system_server: AssetManager2(0x7b2c763d0b98) locale list changing from [] to [en-US]
06-01 06:44:14.670   678   719 I system_server: AssetManager2(0x7b2c7644bf78) locale list changing from [] to [en-US]
06-01 06:44:14.670   678  1772 I Role    : com.google.android.gms not qualified for android.app.role.SYSTEM_DEPENDENCY_INSTALLER due to missing RequiredComponent{mIntentFilterData=IntentFilterData{mAction='android.content.pm.action.INSTALL_DEPENDENCY', mCategories='[]', mDataScheme='null', mDataType='null'}, mMinTargetSdkVersion=1, mFlags='0', mPermission='android.permission.BIND_DEPENDENCY_INSTALLER', mQueryFlags=0, mMetaData=[]}
06-01 06:44:14.670   678  1772 E RoleControllerServiceImpl: Default/fallback role holder package doesn't qualify for the role, package: com.google.android.gms, role: android.app.role.SYSTEM_DEPENDENCY_INSTALLER
06-01 06:44:14.671   678   719 I system_server: AssetManager2(0x7b2c763e2e38) locale list changing from [] to [en-US]
06-01 06:44:14.671   678  1952 W AppOpService: Ignored setUidMode call for runtime permission app op: uid = 1001, code = READ_SMS, mode = allow, callingUid = 1001, oldMode = allow
06-01 06:44:14.678   678  1426 W AppOpService: Ignored setUidMode call for runtime permission app op: uid = 1001, code = RECEIVE_SMS, mode = allow, callingUid = 1001, oldMode = allow
06-01 06:44:14.678   678  1641 W AppOpService: Ignored setUidMode call for runtime permission app op: uid = 1001, code = RECEIVE_WAP_PUSH, mode = allow, callingUid = 1001, oldMode = allow
06-01 06:44:14.678   678  1641 W AppOpService: Ignored setUidMode call for runtime permission app op: uid = 1001, code = SEND_SMS, mode = allow, callingUid = 1001, oldMode = allow
06-01 06:44:14.678   678  1641 W AppOpService: Ignored setUidMode call for runtime permission app op: uid = 1001, code = READ_CELL_BROADCASTS, mode = allow, callingUid = 1001, oldMode = allow
06-01 06:44:14.684  1038  1038 D SatelliteAccessController: Current default SMS app:ComponentInfo{com.google.android.apps.messaging/com.google.android.apps.messaging.shared.receiver.SmsDeliverReceiver}
06-01 06:44:14.684  1038  1038 D SatelliteController: getSelectedSatelliteSubId: subId=-1
06-01 06:44:14.684  1038  1038 D SatelliteAccessController: supportedMsgApps:com.google.android.apps.messaging
06-01 06:44:14.685  1046  1116 D PackageUpdatedTask: Package updated: mOp=UPDATE packages=[com.aistudio.ereader.xynk], user=UserHandle{0}
06-01 06:44:14.687  1502  4832 I AiAiEcho: AppIndexer Package:[com.aistudio.ereader.xynk] UserProfile:[0] Enabled:[true].
06-01 06:44:14.687  1502  4832 I AiAiEcho: AppFetcherImplV2 updateApps package:[com.aistudio.ereader.xynk], userId:[0], reason:[package is updated.].
06-01 06:44:14.725   678  1772 E RoleControllerServiceImpl: Default/fallback role holder package doesn't qualify for the role, package: com.google.android.gms, role: android.app.role.WALLET
06-01 06:44:14.732   678  1772 I system_server: AssetManager2(0x7b2c76452cd8) locale list changing from [] to [en-US]
06-01 06:44:14.736  1046  1116 W HWUI    : Image decoding logging dropped!
06-01 06:44:14.736   678  1772 W SignedPackage: Cannot get ApplicationInfo for package: com.google.android.devicelockcontroller
06-01 06:44:14.737  1046  1116 D AlphabeticIndexCompat: computeSectionName: cs: E-Reader sectionName: E
06-01 06:44:14.737  1046  1046 D AllAppsStore: setApps: apps.length=22
06-01 06:44:14.738  1046  1046 D AllAppsStore: notifyUpdate: notifying listeners
06-01 06:44:14.738  1046  1046 D ActivityAllAppsContainerView: onAppsUpdated; number of apps: 22
06-01 06:44:14.738  1046  1046 D ActivityAllAppsContainerView: rebindAdapters: force: false
06-01 06:44:14.738  1046  1046 D ActivityAllAppsContainerView: rebindAdapters: Not needed.
06-01 06:44:14.738  1046  1046 D StatsLog: LAUNCHER_ALLAPPS_COUNT
06-01 06:44:14.738  1046  1046 D AlphabeticalAppsList: Clearing FastScrollerSections.
06-01 06:44:14.738  1046  1046 D AlphabeticalAppsList: Adding apps with sections. HasPrivateApps: false
06-01 06:44:14.738  1046  1046 D AlphabeticalAppsList: addAppsWithSections: adding sectionName: C with appInfoTitle: Calendar
06-01 06:44:14.738  1046  1046 D AlphabeticalAppsList: addAppsWithSections: adding sectionName: D with appInfoTitle: DrDuc Translator
06-01 06:44:14.738  1046  1046 D AlphabeticalAppsList: addAppsWithSections: adding sectionName: E with appInfoTitle: E-Reader
06-01 06:44:14.738  1046  1046 D AlphabeticalAppsList: addAppsWithSections: adding sectionName: F with appInfoTitle: Files
06-01 06:44:14.738  1046  1046 D AlphabeticalAppsList: addAppsWithSections: adding sectionName: G with appInfoTitle: Gmail
06-01 06:44:14.738  1046  1046 D AlphabeticalAppsList: addAppsWithSections: adding sectionName: M with appInfoTitle: Maps
06-01 06:44:14.738  1046  1046 D AlphabeticalAppsList: addAppsWithSections: adding sectionName: P with appInfoTitle: Phone
06-01 06:44:14.739  1046  1046 D AlphabeticalAppsList: addAppsWithSections: adding sectionName: S with appInfoTitle: Safety
06-01 06:44:14.739  1046  1046 D AlphabeticalAppsList: addAppsWithSections: adding sectionName: T with appInfoTitle: TMoble
06-01 06:44:14.739  1046  1046 D AlphabeticalAppsList: addAppsWithSections: adding sectionName: V with appInfoTitle: Voice Access
06-01 06:44:14.739  1046  1046 D AlphabeticalAppsList: addAppsWithSections: adding sectionName: Y with appInfoTitle: YouTube
06-01 06:44:14.739  1046  1046 D AlphabeticalAppsList: Adding FastScrollSection duplicate to scroll to the bottom.
06-01 06:44:14.739  1046  1046 D AlphabeticalAppsList: Clearing FastScrollerSections.
06-01 06:44:14.739  1046  1046 D AlphabeticalAppsList: Adding apps with sections. HasPrivateApps: false
06-01 06:44:14.739  1046  1046 D AlphabeticalAppsList: addAppsWithSections: adding sectionName: C with appInfoTitle: Calendar
06-01 06:44:14.739  1046  1046 D AlphabeticalAppsList: addAppsWithSections: adding sectionName: D with appInfoTitle: DrDuc Translator
06-01 06:44:14.739  1046  1046 D AlphabeticalAppsList: addAppsWithSections: adding sectionName: E with appInfoTitle: E-Reader
06-01 06:44:14.739  1046  1046 D AlphabeticalAppsList: addAppsWithSections: adding sectionName: F with appInfoTitle: Files
06-01 06:44:14.739  1046  1046 D AlphabeticalAppsList: addAppsWithSections: adding sectionName: G with appInfoTitle: Gmail
06-01 06:44:14.739  1046  1046 D AlphabeticalAppsList: addAppsWithSections: adding sectionName: M with appInfoTitle: Maps
06-01 06:44:14.739  1046  1046 D AlphabeticalAppsList: addAppsWithSections: adding sectionName: P with appInfoTitle: Phone
06-01 06:44:14.739  1046  1046 D AlphabeticalAppsList: addAppsWithSections: adding sectionName: S with appInfoTitle: Safety
06-01 06:44:14.739  1046  1046 D AlphabeticalAppsList: addAppsWithSections: adding sectionName: T with appInfoTitle: TMoble
06-01 06:44:14.739  1046  1046 D AlphabeticalAppsList: addAppsWithSections: adding sectionName: V with appInfoTitle: Voice Access
06-01 06:44:14.739  1046  1046 D AlphabeticalAppsList: addAppsWithSections: adding sectionName: Y with appInfoTitle: YouTube
06-01 06:44:14.739  1046  1046 D AlphabeticalAppsList: Adding FastScrollSection duplicate to scroll to the bottom.
06-01 06:44:14.741  1046  1046 D b/387844520: getOutlineOffsetX: measured width = 173, mNormalizedIconSize = 159, last updated width = 173
06-01 06:44:14.854  2285  2458 I .apps.wellbeing: AssetManager2(0x7b2c763dd078) locale list changing from [] to [en-US]
06-01 06:44:14.855  2285  2458 I .apps.wellbeing: AssetManager2(0x7b2c763de978) locale list changing from [] to [en-US]
06-01 06:44:14.857  2285  2458 I .apps.wellbeing: AssetManager2(0x7b2c763c7bd8) locale list changing from [] to [en-US]
06-01 06:44:14.859  2285  2458 I .apps.wellbeing: AssetManager2(0x7b2c763e24d8) locale list changing from [] to [en-US]
06-01 06:44:14.868  2285  2458 I .apps.wellbeing: AssetManager2(0x7b2c763c17d8) locale list changing from [] to [en-US]
06-01 06:44:14.874  2285  2458 I .apps.wellbeing: AssetManager2(0x7b2c763e1b78) locale list changing from [] to [en-US]
06-01 06:44:14.877  2285  2458 I .apps.wellbeing: AssetManager2(0x7b2c763d5ff8) locale list changing from [] to [en-US]
06-01 06:44:14.894  2285  2458 I .apps.wellbeing: AssetManager2(0x7b2c763c33f8) locale list changing from [] to [en-US]
06-01 06:44:14.895  2285  2458 I .apps.wellbeing: AssetManager2(0x7b2c763d5698) locale list changing from [] to [en-US]
06-01 06:44:14.899  2285  2458 I .apps.wellbeing: AssetManager2(0x7b2c763e2b18) locale list changing from [] to [en-US]
06-01 06:44:14.901  2285  2458 I .apps.wellbeing: AssetManager2(0x7b2c763c97f8) locale list changing from [] to [en-US]
06-01 06:44:14.903  2285  2458 I .apps.wellbeing: AssetManager2(0x7b2c763be5d8) locale list changing from [] to [en-US]
06-01 06:44:14.905  2285  2458 I .apps.wellbeing: AssetManager2(0x7b2c763cadd8) locale list changing from [] to [en-US]
06-01 06:44:14.906  2285  2458 I .apps.wellbeing: AssetManager2(0x7b2c763c8858) locale list changing from [] to [en-US]
06-01 06:44:14.907  2285  2458 I .apps.wellbeing: AssetManager2(0x7b2c763bcff8) locale list changing from [] to [en-US]
06-01 06:44:14.908  2285  2458 I .apps.wellbeing: AssetManager2(0x7b2c763c0b58) locale list changing from [] to [en-US]
06-01 06:44:14.910  2285  2458 I .apps.wellbeing: AssetManager2(0x7b2c763bccd8) locale list changing from [] to [en-US]
06-01 06:44:14.911  2285  2458 I .apps.wellbeing: AssetManager2(0x7b2c763dc3f8) locale list changing from [] to [en-US]
06-01 06:44:14.912  2285  2458 I .apps.wellbeing: AssetManager2(0x7b2c763c8538) locale list changing from [] to [en-US]
06-01 06:44:14.914  2285  2458 I .apps.wellbeing: AssetManager2(0x7b2c763c1198) locale list changing from [] to [en-US]
06-01 06:44:14.917  2285  2458 I .apps.wellbeing: AssetManager2(0x7b2c763bfbb8) locale list changing from [] to [en-US]
06-01 06:44:14.918  2285  2458 I .apps.wellbeing: AssetManager2(0x7b2c763bef38) locale list changing from [] to [en-US]
06-01 06:44:14.921  2285  2458 I .apps.wellbeing: AssetManager2(0x7b2c763bc698) locale list changing from [] to [en-US]
06-01 06:44:14.923  2285  2458 I .apps.wellbeing: AssetManager2(0x7b2c763bdf98) locale list changing from [] to [en-US]
06-01 06:44:14.925  2285  2458 I .apps.wellbeing: AssetManager2(0x7b2c763bd318) locale list changing from [] to [en-US]
06-01 06:44:14.926  2285  2458 I .apps.wellbeing: AssetManager2(0x7b2c763be8f8) locale list changing from [] to [en-US]
06-01 06:44:14.928  2285  2458 I .apps.wellbeing: AssetManager2(0x7b2c763caab8) locale list changing from [] to [en-US]
06-01 06:44:14.934  2285  2458 I .apps.wellbeing: AssetManager2(0x7b2c763c3a38) locale list changing from [] to [en-US]
06-01 06:44:14.939  2285  2458 I .apps.wellbeing: AssetManager2(0x7b2c763c0518) locale list changing from [] to [en-US]
06-01 06:44:14.940  2285  2458 I .apps.wellbeing: AssetManager2(0x7b2c763bd638) locale list changing from [] to [en-US]
06-01 06:44:14.942  2285  2458 I .apps.wellbeing: AssetManager2(0x7b2c763c4078) locale list changing from [] to [en-US]
06-01 06:44:14.943  2285  2458 I .apps.wellbeing: AssetManager2(0x7b2c763c46b8) locale list changing from [] to [en-US]
06-01 06:44:14.944  2285  2458 I .apps.wellbeing: AssetManager2(0x7b2c763c5c98) locale list changing from [] to [en-US]
06-01 06:44:14.948  2285  2458 I .apps.wellbeing: AssetManager2(0x7b2c763c5338) locale list changing from [] to [en-US]
06-01 06:44:14.950  2285  2458 I .apps.wellbeing: AssetManager2(0x7b2c763c30d8) locale list changing from [] to [en-US]
06-01 06:44:14.954  2285  2458 I .apps.wellbeing: AssetManager2(0x7b2c763e21b8) locale list changing from [] to [en-US]
06-01 06:44:14.956  2285  2458 I .apps.wellbeing: AssetManager2(0x7b2c763c8b78) locale list changing from [] to [en-US]
06-01 06:44:14.958  2285  2458 I .apps.wellbeing: AssetManager2(0x7b2c763ddcf8) locale list changing from [] to [en-US]
06-01 06:44:14.959  2285  2458 I .apps.wellbeing: AssetManager2(0x7b2c763c6918) locale list changing from [] to [en-US]
06-01 06:44:14.960  2285  2458 I .apps.wellbeing: AssetManager2(0x7b2c763c2a98) locale list changing from [] to [en-US]
06-01 06:44:14.963  2285  2458 I .apps.wellbeing: AssetManager2(0x7b2c763c78b8) locale list changing from [] to [en-US]
06-01 06:44:14.965  2285  2458 I .apps.wellbeing: AssetManager2(0x7b2c763e27f8) locale list changing from [] to [en-US]
06-01 06:44:14.965  2285  2458 I .apps.wellbeing: AssetManager2(0x7b2c763d2178) locale list changing from [] to [en-US]
06-01 06:44:14.967  2285  2458 I .apps.wellbeing: AssetManager2(0x7b2c763d40b8) locale list changing from [] to [en-US]
06-01 06:44:14.969  2285  2458 I .apps.wellbeing: AssetManager2(0x7b2c763cb738) locale list changing from [] to [en-US]
06-01 06:44:14.973  2285  2458 I .apps.wellbeing: AssetManager2(0x7b2c763e1538) locale list changing from [] to [en-US]
06-01 06:44:14.975  2285  2458 I .apps.wellbeing: AssetManager2(0x7b2c763d8ed8) locale list changing from [] to [en-US]
06-01 06:44:14.976  2285  2458 I .apps.wellbeing: AssetManager2(0x7b2c763d5058) locale list changing from [] to [en-US]
06-01 06:44:14.979  2285  2458 I .apps.wellbeing: AssetManager2(0x7b2c763e1e98) locale list changing from [] to [en-US]
06-01 06:44:14.980  2285  2458 I .apps.wellbeing: AssetManager2(0x7b2c763c3718) locale list changing from [] to [en-US]
06-01 06:44:14.982  2285  2458 I .apps.wellbeing: AssetManager2(0x7b2c763d5cd8) locale list changing from [] to [en-US]
06-01 06:44:14.983  2285  2458 I .apps.wellbeing: AssetManager2(0x7b2c763dc0d8) locale list changing from [] to [en-US]
06-01 06:44:14.984  2285  2458 I .apps.wellbeing: AssetManager2(0x7b2c763dae18) locale list changing from [] to [en-US]
06-01 06:44:14.986  2285  2458 I .apps.wellbeing: AssetManager2(0x7b2c763dff58) locale list changing from [] to [en-US]
06-01 06:44:14.988  2285  2458 I .apps.wellbeing: AssetManager2(0x7b2c763daaf8) locale list changing from [] to [en-US]
06-01 06:44:14.989  2285  2458 I .apps.wellbeing: AssetManager2(0x7b2c763db778) locale list changing from [] to [en-US]
06-01 06:44:14.990  2285  2458 I .apps.wellbeing: AssetManager2(0x7b2c763d46f8) locale list changing from [] to [en-US]
06-01 06:44:14.992  2285  2458 I .apps.wellbeing: AssetManager2(0x7b2c763db458) locale list changing from [] to [en-US]
06-01 06:44:14.995  2285  2458 I .apps.wellbeing: AssetManager2(0x7b2c763d27b8) locale list changing from [] to [en-US]
06-01 06:44:14.996  2285  2458 I .apps.wellbeing: AssetManager2(0x7b2c763d59b8) locale list changing from [] to [en-US]
06-01 06:44:14.998  2285  2458 I .apps.wellbeing: AssetManager2(0x7b2c763d8258) locale list changing from [] to [en-US]
06-01 06:44:14.999  2285  2458 I .apps.wellbeing: AssetManager2(0x7b2c763d4d38) locale list changing from [] to [en-US]
06-01 06:44:15.000  2285  2458 I .apps.wellbeing: AssetManager2(0x7b2c763de338) locale list changing from [] to [en-US]
06-01 06:44:15.002  2285  2458 I .apps.wellbeing: AssetManager2(0x7b2c763d75d8) locale list changing from [] to [en-US]
06-01 06:44:15.003  2285  2458 I .apps.wellbeing: AssetManager2(0x7b2c763dd398) locale list changing from [] to [en-US]
06-01 06:44:15.004  2285  2458 I .apps.wellbeing: AssetManager2(0x7b2c763cd038) locale list changing from [] to [en-US]
06-01 06:44:15.005  2285  2458 I .apps.wellbeing: AssetManager2(0x7b2c763d6958) locale list changing from [] to [en-US]
06-01 06:44:15.006  2285  2458 I .apps.wellbeing: AssetManager2(0x7b2c763d9518) locale list changing from [] to [en-US]
06-01 06:44:15.007  2285  2458 I .apps.wellbeing: AssetManager2(0x7b2c763d91f8) locale list changing from [] to [en-US]
06-01 06:44:15.009  2285  2458 I .apps.wellbeing: AssetManager2(0x7b2c763d6318) locale list changing from [] to [en-US]
06-01 06:44:15.011  2285  2458 I .apps.wellbeing: AssetManager2(0x7b2c763d5378) locale list changing from [] to [en-US]
06-01 06:44:15.012  2285  2458 I .apps.wellbeing: AssetManager2(0x7b2c763d7f38) locale list changing from [] to [en-US]
06-01 06:44:15.014  2285  2458 I .apps.wellbeing: AssetManager2(0x7b2c763d72b8) locale list changing from [] to [en-US]
06-01 06:44:15.015  2285  2458 I .apps.wellbeing: AssetManager2(0x7b2c763d8578) locale list changing from [] to [en-US]
06-01 06:44:15.016  2285  2458 I .apps.wellbeing: AssetManager2(0x7b2c763c7ef8) locale list changing from [] to [en-US]
06-01 06:44:15.018  2285  2458 I .apps.wellbeing: AssetManager2(0x7b2c763d7c18) locale list changing from [] to [en-US]
06-01 06:44:15.020  2285  2458 I .apps.wellbeing: AssetManager2(0x7b2c763cd678) locale list changing from [] to [en-US]
06-01 06:44:15.021  2285  2458 I .apps.wellbeing: AssetManager2(0x7b2c763cc6d8) locale list changing from [] to [en-US]
06-01 06:44:15.024  2285  2458 I .apps.wellbeing: AssetManager2(0x7b2c763d11d8) locale list changing from [] to [en-US]
