06-01 06:46:14.842  1241  1537 I WifiScanner: onFullResults
06-01 06:46:14.842  1241  1748 I WifiScanner: onFullResults
06-01 06:46:14.845   678   832 I HalDevMgr: bestIfaceCreationProposal is null, requestIface=STA, existingIface=[name=wlan0 type=STA]
06-01 06:46:18.772   678   720 D ActivityManager: sync unfroze 3383 com.google.android.configupdater for 3
06-01 06:46:18.775  3383  3383 D ConfigUpdater: PhenotypeBroadcastReceiver : com.google.android.configupdater.DELAYED_FLAG_COMMIT
06-01 06:46:18.846  3383  3383 D ConfigUpdater: UpdateRequestReceiver constructed with Config: com.google.android.configupdater.NetworkWatchlist.NetworkWatchlistConfig@a14dc48, StoredState: com.google.android.configupdater.StoredState@dafeae1, DownloadManagerHelper: com.google.android.configupdater.DownloadManagerHelper@87dc006, FlagHelper: com.google.android.configupdater.PhenotypeHelper@8b0c6c7
06-01 06:46:18.846  3383  3383 D ConfigUpdater: Setting up preferences for StoredState, Downloader, and FlagHelper
06-01 06:46:18.846  3383  3383 D ConfigUpdater: Setting up DownloadManagerHelper
06-01 06:46:18.846  3383  3383 D ConfigUpdater: Loaded SharedPreferences: NetworkWatchlistDownload
06-01 06:46:18.846  3383  3383 D ConfigUpdater: Using Lollipop+ download directory: /data/user/0/com.google.android.configupdater/files/downloads
06-01 06:46:18.846  3383  3383 D ConfigUpdater: Got DownloadManager service
06-01 06:46:18.846  3383  3383 D ConfigUpdater: Is wearable device: false
06-01 06:46:18.846  3383  3383 D ConfigUpdater: Received intent with action: com.google.android.configupdater.PHENOTYPE_CHANGED
06-01 06:46:18.846  3383  3383 D ConfigUpdater: Handling flag changed intent
06-01 06:46:18.846  3383  3383 D ConfigUpdater: Stored content URI: null, stored metadata URI: null
06-01 06:46:18.861  3383  3383 D ConfigUpdater: Flag content URL: , flag metadata URL: 
06-01 06:46:18.861  3383  3383 E ConfigUpdater: Content URL or Metadata URL from flag is empty, ignoring flag change.
06-01 06:46:18.863  3383  3383 D ConfigUpdater: UpdateRequestReceiver constructed with Config: com.google.android.configupdater.LangId.LangIdConfig@7690863, StoredState: com.google.android.configupdater.StoredState@7d8ec60, DownloadManagerHelper: com.google.android.configupdater.DownloadManagerHelper@1a21519, FlagHelper: com.google.android.configupdater.PhenotypeHelper@ec6c9de
06-01 06:46:18.863  3383  3383 D ConfigUpdater: Setting up preferences for StoredState, Downloader, and FlagHelper
06-01 06:46:18.863  3383  3383 D ConfigUpdater: Setting up DownloadManagerHelper
06-01 06:46:18.863  3383  3383 D ConfigUpdater: Loaded SharedPreferences: LangIdDownload
06-01 06:46:18.863  3383  3383 D ConfigUpdater: Using Lollipop+ download directory: /data/user/0/com.google.android.configupdater/files/downloads
06-01 06:46:18.863  3383  3383 D ConfigUpdater: Got DownloadManager service
06-01 06:46:18.863  3383  3383 D ConfigUpdater: Is wearable device: false
06-01 06:46:18.863  3383  3383 D ConfigUpdater: Received intent with action: com.google.android.configupdater.PHENOTYPE_CHANGED
06-01 06:46:18.863  3383  3383 D ConfigUpdater: Handling flag changed intent
06-01 06:46:18.863  3383  3383 D ConfigUpdater: Stored content URI: https://www.gstatic.com/android/text_classifier/langid/q/v1/model.smfb, stored metadata URI: https://www.gstatic.com/android/text_classifier/langid/q/v1/model.smfb.metadata
06-01 06:46:18.863  3383  3383 D ConfigUpdater: Flag content URL: https://www.gstatic.com/android/text_classifier/langid/q/v1/model.smfb, flag metadata URL: https://www.gstatic.com/android/text_classifier/langid/q/v1/model.smfb.metadata
06-01 06:46:18.865  3383  3383 D ConfigUpdater: UpdateRequestReceiver constructed with Config: com.google.android.configupdater.SmartSelection.SmartSelectionConfig@3506e8c, StoredState: com.google.android.configupdater.StoredState@735e9d5, DownloadManagerHelper: com.google.android.configupdater.DownloadManagerHelper@ef1a5ea, FlagHelper: com.google.android.configupdater.PhenotypeHelper@a6d20db
06-01 06:46:18.865  3383  3383 D ConfigUpdater: Setting up preferences for StoredState, Downloader, and FlagHelper
06-01 06:46:18.865  3383  3383 D ConfigUpdater: Setting up DownloadManagerHelper
06-01 06:46:18.865  3383  3383 D ConfigUpdater: Loaded SharedPreferences: SmartSelectionDownload
06-01 06:46:18.865  3383  3383 D ConfigUpdater: Using Lollipop+ download directory: /data/user/0/com.google.android.configupdater/files/downloads
06-01 06:46:18.866  3383  3383 D ConfigUpdater: Got DownloadManager service
06-01 06:46:18.866  3383  3383 D ConfigUpdater: Is wearable device: false
06-01 06:46:18.866  3383  3383 D ConfigUpdater: Received intent with action: com.google.android.configupdater.PHENOTYPE_CHANGED
06-01 06:46:18.866  3383  3383 D ConfigUpdater: Handling flag changed intent
06-01 06:46:18.866  3383  3383 D ConfigUpdater: Stored content URI: https://www.gstatic.com/android/text_classifier/s/v902/en.fb, stored metadata URI: https://www.gstatic.com/android/text_classifier/s/v902/en.fb.metadata
06-01 06:46:18.866  3383  3383 D ConfigUpdater: Flag content URL: https://www.gstatic.com/android/text_classifier/s/v902/en.fb, flag metadata URL: https://www.gstatic.com/android/text_classifier/s/v902/en.fb.metadata
06-01 06:46:18.867  3383  3383 D ConfigUpdater: UpdateRequestReceiver constructed with Config: com.google.android.configupdater.ConversationActions.ConversationActionsConfig@f84e51, StoredState: com.google.android.configupdater.StoredState@53c36b6, DownloadManagerHelper: com.google.android.configupdater.DownloadManagerHelper@a12efb7, FlagHelper: com.google.android.configupdater.PhenotypeHelper@da40324
06-01 06:46:18.867  3383  3383 D ConfigUpdater: Setting up preferences for StoredState, Downloader, and FlagHelper
06-01 06:46:18.867  3383  3383 D ConfigUpdater: Setting up DownloadManagerHelper
06-01 06:46:18.867  3383  3383 D ConfigUpdater: Loaded SharedPreferences: ConversationActionsDownload
06-01 06:46:18.867  3383  3383 D ConfigUpdater: Using Lollipop+ download directory: /data/user/0/com.google.android.configupdater/files/downloads
06-01 06:46:18.867  3383  3383 D ConfigUpdater: Got DownloadManager service
06-01 06:46:18.867  3383  3383 D ConfigUpdater: Is wearable device: false
06-01 06:46:18.867  3383  3383 D ConfigUpdater: Received intent with action: com.google.android.configupdater.PHENOTYPE_CHANGED
06-01 06:46:18.867  3383  3383 D ConfigUpdater: Handling flag changed intent
06-01 06:46:18.868  3383  3383 D ConfigUpdater: Stored content URI: https://www.gstatic.com/android/text_classifier/actions/q/v104/en.model, stored metadata URI: https://www.gstatic.com/android/text_classifier/actions/q/v104/en.model.metadata
06-01 06:46:18.868  3383  3383 D ConfigUpdater: Flag content URL: https://www.gstatic.com/android/text_classifier/actions/q/v104/en.model, flag metadata URL: https://www.gstatic.com/android/text_classifier/actions/q/v104/en.model.metadata
06-01 06:46:18.869  3383  3383 D ConfigUpdater: UpdateRequestReceiver constructed with Config: com.google.android.configupdater.CarrierId.CarrierIdConfig@acd0842, StoredState: com.google.android.configupdater.StoredState@6dcd053, DownloadManagerHelper: com.google.android.configupdater.DownloadManagerHelper@6b02d90, FlagHelper: com.google.android.configupdater.PhenotypeHelper@4457689
06-01 06:46:18.869  3383  3383 D ConfigUpdater: Setting up preferences for StoredState, Downloader, and FlagHelper
06-01 06:46:18.869  3383  3383 D ConfigUpdater: Setting up DownloadManagerHelper
06-01 06:46:18.869  3383  3383 D ConfigUpdater: Loaded SharedPreferences: CarrierIdDownload
06-01 06:46:18.869  3383  3383 D ConfigUpdater: Using Lollipop+ download directory: /data/user/0/com.google.android.configupdater/files/downloads
06-01 06:46:18.869  3383  3383 D ConfigUpdater: Got DownloadManager service
06-01 06:46:18.869  3383  3383 D ConfigUpdater: Is wearable device: false
06-01 06:46:18.869  3383  3383 D ConfigUpdater: Received intent with action: com.google.android.configupdater.PHENOTYPE_CHANGED
06-01 06:46:18.869  3383  3383 D ConfigUpdater: Handling flag changed intent
06-01 06:46:18.869  3383  3383 D ConfigUpdater: Stored content URI: null, stored metadata URI: null
06-01 06:46:18.869  3383  3383 D ConfigUpdater: Flag content URL: , flag metadata URL: 
06-01 06:46:18.869  3383  3383 E ConfigUpdater: Content URL or Metadata URL from flag is empty, ignoring flag change.
06-01 06:46:18.871  3383  3383 D ConfigUpdater: UpdateRequestReceiver constructed with Config: com.google.android.configupdater.EmergencyNumberDb.EmergencyNumberDbConfig@25a1eaf, StoredState: com.google.android.configupdater.StoredState@1292bc, DownloadManagerHelper: com.google.android.configupdater.DownloadManagerHelper@a05f245, FlagHelper: com.google.android.configupdater.PhenotypeHelper@ab75d9a
06-01 06:46:18.871  3383  3383 D ConfigUpdater: Setting up preferences for StoredState, Downloader, and FlagHelper
06-01 06:46:18.871  3383  3383 D ConfigUpdater: Setting up DownloadManagerHelper
06-01 06:46:18.871  3383  3383 D ConfigUpdater: Loaded SharedPreferences: EmergencyNumberDbDownload
06-01 06:46:18.871  3383  3383 D ConfigUpdater: Using Lollipop+ download directory: /data/user/0/com.google.android.configupdater/files/downloads
06-01 06:46:18.871  3383  3383 D ConfigUpdater: Got DownloadManager service
06-01 06:46:18.871  3383  3383 D ConfigUpdater: Is wearable device: false
06-01 06:46:18.871  3383  3383 D ConfigUpdater: Received intent with action: com.google.android.configupdater.PHENOTYPE_CHANGED
06-01 06:46:18.871  3383  3383 D ConfigUpdater: Handling flag changed intent
06-01 06:46:18.871  3383  3383 D ConfigUpdater: Stored content URI: null, stored metadata URI: null
06-01 06:46:18.871  3383  3383 D ConfigUpdater: Flag content URL: , flag metadata URL: 
06-01 06:46:18.871  3383  3383 E ConfigUpdater: Content URL or Metadata URL from flag is empty, ignoring flag change.
06-01 06:46:18.874  3383  3383 D ConfigUpdater: UpdateRequestReceiver constructed with Config: com.google.android.configupdater.TelephonyConfigUpdate.TelephonyConfigUpdateConfig@6d41ea8, StoredState: com.google.android.configupdater.StoredState@7986dc1, DownloadManagerHelper: com.google.android.configupdater.DownloadManagerHelper@19db966, FlagHelper: com.google.android.configupdater.PhenotypeHelper@98934a7
06-01 06:46:18.874  3383  3383 D ConfigUpdater: Setting up preferences for StoredState, Downloader, and FlagHelper
06-01 06:46:18.874  3383  3383 D ConfigUpdater: Setting up DownloadManagerHelper
06-01 06:46:18.874  3383  3383 D ConfigUpdater: Loaded SharedPreferences: TelephonyConfigUpdateDownload
06-01 06:46:18.874  3383  3383 D ConfigUpdater: Using Lollipop+ download directory: /data/user/0/com.google.android.configupdater/files/downloads
06-01 06:46:18.874  3383  3383 D ConfigUpdater: Got DownloadManager service
06-01 06:46:18.874  3383  3383 D ConfigUpdater: Is wearable device: false
06-01 06:46:18.874  3383  3383 D ConfigUpdater: Received intent with action: com.google.android.configupdater.PHENOTYPE_CHANGED
06-01 06:46:18.874  3383  3383 D ConfigUpdater: Handling flag changed intent
06-01 06:46:18.874  3383  3383 D ConfigUpdater: Stored content URI: null, stored metadata URI: null
06-01 06:46:18.874  3383  3383 D ConfigUpdater: Flag content URL: , flag metadata URL: 
06-01 06:46:18.875  3383  3383 E ConfigUpdater: Content URL or Metadata URL from flag is empty, ignoring flag change.
06-01 06:46:19.350   678  1426 W AppOps  : Noting op not finished: uid 10148 pkg com.google.android.gms code 113 startTime of in progress event=1780270259055
06-01 06:46:19.360   678  1426 W AppOps  : Noting op not finished: uid 10148 pkg com.google.android.gms code 79 startTime of in progress event=1780270286537
06-01 06:46:19.377  1241  1869 I ActivityScheduler: nextTriggerTime: 1240612, in 238100ms, detectorType: 39, FULL_TYPE alarmWindowMillis: 80000
06-01 06:46:20.364   678  1654 W AppOps  : Noting op not finished: uid 10148 pkg com.google.android.gms code 113 startTime of in progress event=1780270259055
06-01 06:46:23.640  1038  1277 D SatelliteController: iisInCarrierRoamingNbIotNtn: satellite is disabled
06-01 06:46:23.641   678  1654 W IPCThreadState: Sending oneway calls to frozen process.
06-01 06:46:23.889   678   838 D InetDiagMessage: Destroyed 0 sockets, proto=IPPROTO_TCP, family=AF_INET, states=14
06-01 06:46:23.889   678   838 D InetDiagMessage: Destroyed 0 sockets, proto=IPPROTO_TCP, family=AF_INET6, states=14
06-01 06:46:23.890   678   838 D InetDiagMessage: Destroyed live tcp sockets for uids={10132} in 2ms
06-01 06:46:23.891   678   838 D InetDiagMessage: Destroyed 0 sockets, proto=IPPROTO_TCP, family=AF_INET, states=14
06-01 06:46:23.892   678   838 D InetDiagMessage: Destroyed 0 sockets, proto=IPPROTO_TCP, family=AF_INET6, states=14
06-01 06:46:23.892   678   838 D InetDiagMessage: Destroyed live tcp sockets for uids={20132} in 2ms
06-01 06:46:25.164   678   771 I JobServiceContext: Letting 5d1100c #u0a145/15 com.google.android.settings.intelligence/.modules.appsearchindexing.impl.AppSearchIndexUpdateJobService continue to run past min execution time
06-01 06:46:28.884   678   780 D ActivityManager: freezing 3383 com.google.android.configupdater
06-01 06:46:28.887   678   838 D InetDiagMessage: Destroyed 0 sockets, proto=IPPROTO_TCP, family=AF_INET, states=14
06-01 06:46:28.888   678   838 D InetDiagMessage: Destroyed 0 sockets, proto=IPPROTO_TCP, family=AF_INET6, states=14
06-01 06:46:28.888   678   838 D InetDiagMessage: Destroyed live tcp sockets for uids={10132} in 2ms
06-01 06:46:33.651  1038  1277 D SatelliteController: iisInCarrierRoamingNbIotNtn: satellite is disabled
06-01 06:46:33.651   678  1641 W IPCThreadState: Sending oneway calls to frozen process.
06-01 06:46:37.772   678  1075 D TelephonyManager: requestModemActivityInfo: Sending result to app: ModemActivityInfo{ mTimestamp=1020906 mSleepTimeMs=84 mIdleTimeMs=28 mActivityStatsTechSpecificInfo=[{mRat=UNKNOWN,mFrequencyRange=UNKNOWN,mTxTimeMs[]=[2, 6, 12, 16, 18],mRxTimeMs=18}]}
06-01 06:46:43.651  1038  1277 D SatelliteController: iisInCarrierRoamingNbIotNtn: satellite is disabled
06-01 06:46:43.652   678  1075 W IPCThreadState: Sending oneway calls to frozen process.
06-01 06:46:53.654  1038  1277 D SatelliteController: iisInCarrierRoamingNbIotNtn: satellite is disabled
06-01 06:46:53.656   678  1715 W IPCThreadState: Sending oneway calls to frozen process.
06-01 06:47:03.668  1038  1277 D SatelliteController: iisInCarrierRoamingNbIotNtn: satellite is disabled
06-01 06:47:03.668   678  1715 W IPCThreadState: Sending oneway calls to frozen process.
06-01 06:47:13.683  1038  1277 D SatelliteController: iisInCarrierRoamingNbIotNtn: satellite is disabled
06-01 06:47:13.683   678  1715 W IPCThreadState: Sending oneway calls to frozen process.
06-01 06:47:23.692  1038  1277 D SatelliteController: iisInCarrierRoamingNbIotNtn: satellite is disabled
06-01 06:47:23.693   678  1715 W IPCThreadState: Sending oneway calls to frozen process.
06-01 06:47:28.532  1241  4855 I AlarmManager: setExactAndAllowWhileIdle [name: GCM_HB_ALARM type: 2 triggerAtMillis: 2151667]
06-01 06:47:28.536  1241  4855 I AlarmManager: setExactAndAllowWhileIdle [name: GCM_HB_ALARM type: 2 triggerAtMillis: 2151671]
06-01 06:47:33.705  1038  1277 D SatelliteController: iisInCarrierRoamingNbIotNtn: satellite is disabled
06-01 06:47:33.706   678  1075 W IPCThreadState: Sending oneway calls to frozen process.
06-01 06:47:39.512   678   699 I system_server: Background concurrent mark compact GC freed 23MB AllocSpace bytes, 38(1012KB) LOS objects, 41% free, 33MB/57MB, paused 1.786ms,2.228ms total 141.264ms
06-01 06:47:39.513   678   700 I BpBinder: onLastStrongRef automatically unlinking death recipients: 
06-01 06:47:42.615  4776  4778 I AidlLazyServiceRegistrar: Process has 0 (of 1 available) client(s) in use after notification artd has clients: 0
06-01 06:47:42.615  4776  4778 I AidlLazyServiceRegistrar: Trying to shut down the service. No clients in use for any service in process.
06-01 06:47:42.616  4776  4778 I AidlLazyServiceRegistrar: Unregistered all clients and exiting
06-01 06:47:43.708  1038  1277 D SatelliteController: iisInCarrierRoamingNbIotNtn: satellite is disabled
06-01 06:47:43.709   678  1641 W IPCThreadState: Sending oneway calls to frozen process.
