06-01 06:30:34.993  1411  1411 D WM-Schedulers: Created SystemJobScheduler and enabled SystemJobService
06-01 06:30:34.997  1411  2101 D WM-ForceStopRunnable: The default process name was not specified.
06-01 06:30:35.001  1411  2101 D WM-ForceStopRunnable: Performing cleanup operations.
06-01 06:30:35.002   678  1077 E JobScheduler.JobStatus: App com.google.android.inputmethod.latin became active but still in NEVER bucket
06-01 06:30:35.011  2042  2042 D WM-WrkMgrInitializer: Initializing WorkManager with default configuration.
06-01 06:30:35.026   938  2156 I hw-BpHwBinder: onLastStrongRef automatically unlinking death recipients
06-01 06:30:35.026   628  1135 I hw-BpHwBinder: onLastStrongRef automatically unlinking death recipients
06-01 06:30:35.027   628  1135 I hw-BpHwBinder: onLastStrongRef automatically unlinking death recipients
06-01 06:30:35.028   628  1135 D BufferPoolAccessor2.0: Destruction - bufferpool2 0x7192d59a55c8 cached: 0/0M, 0/0% in use; allocs: 0, 0% recycled; transfers: 0, 0% unfetched
06-01 06:30:35.030  1517  1922 I BugleRcsEngine: Initializing Carrier Services Logging. [CONTEXT thread_id=60 ]
06-01 06:30:35.030  1517  1922 D BugleRcsEngine: log_saver already enabled
06-01 06:30:35.032  1517  1922 I BugleRcsEngine: RcsEngine SipConnectionType set to DUAL_REG [CONTEXT thread_id=60 ]
06-01 06:30:35.038  1046  1046 I SsCardPagerAdapter: [rmv] Rendering flag - enabled: true rmv: null
06-01 06:30:35.038  1046  1046 I SsCardPagerAdapter: Use UI template for the feature: 1
06-01 06:30:35.040  1046  1046 D SsBaseTemplateCard: No text view can be set up
06-01 06:30:35.040  1046  1046 D SsBaseTemplateCard: Passed-in item info is null
06-01 06:30:35.040  1046  1046 D SsBaseTemplateCard: Passed-in item info is null
06-01 06:30:35.040  1046  1046 D SsBaseTemplateCard: Passed-in item info is null
06-01 06:30:35.040  1046  1046 I SsBaseTemplateCard: Secondary card pane is null
06-01 06:30:35.041  1038  1038 I Telephony: TelecomAccountRegistry$TelecomAccountTelephonyCallback: TelecomAccountRegistry: onServiceStateChanged: newState=0, mServiceState=0
06-01 06:30:35.041  1038  1038 W Telephony: registerMmTelCapabilityCallback: registration failed, no ImsService available. Exception: code: 1
06-01 06:30:35.041  1046  1046 D b/387844520: calling updateRingPath from onSizeChanged
06-01 06:30:35.042  1046  1046 D b/387844520: getOutlineOffsetX: measured width = 173, mNormalizedIconSize = 159, last updated width = 173
06-01 06:30:35.043  1517  2203 I BugleRcsEngine: do not delay first event [CONTEXT thread_id=65 ]
06-01 06:30:35.044   678  2128 W ProcessCpuTracker: Failed to stat(/proc/1636): android.system.ErrnoException: stat failed: ENOENT (No such file or directory)
06-01 06:30:35.044   678  2128 W ProcessCpuTracker: Skipping unknown process pid 1636
06-01 06:30:35.045  1038  1038 I Telephony: isRttCurrentlySupported -- regular acct, hasVoiceAvailability: false
06-01 06:30:35.045  1038  1038 I Telephony:  isRttSupported: false
06-01 06:30:35.045  1038  1038 I Telephony:  alwaysAllowWhileRoaming: false
06-01 06:30:35.045  1038  1038 I Telephony:  isRoaming: false
06-01 06:30:35.045  1038  1038 I Telephony:  isOnWfc: false
06-01 06:30:35.049   938   938 D KeyguardTransitionCoreStartable: Started com.android.systemui.keyguard.domain.interactor.FromAodTransitionInteractor@8e7b9b5
06-01 06:30:35.049   938   938 D KeyguardTransitionCoreStartable: Started com.android.systemui.keyguard.domain.interactor.FromDreamingTransitionInteractor@f2823bb
06-01 06:30:35.050  1517  2203 I BugleRcsEngine: Processing an intent [CONTEXT log_prefix="(Sim)" thread_id=65 ]
06-01 06:30:35.051   938   938 D KeyguardTransitionCoreStartable: Started com.android.systemui.keyguard.domain.interactor.FromGlanceableHubTransitionInteractor@c9c60d8
06-01 06:30:35.051   938   938 D KeyguardTransitionCoreStartable: Started com.android.systemui.keyguard.domain.interactor.FromAlternateBouncerTransitionInteractor@12a11ec
06-01 06:30:35.051  1517  2203 I BugleRcsEngine: Ignoring duplicate SIM state: LOADED [CONTEXT log_prefix="(Sim)" thread_id=65 ]
06-01 06:30:35.051   938   938 D KeyguardTransitionCoreStartable: Started com.android.systemui.keyguard.domain.interactor.FromGoneTransitionInteractor@3273c31
06-01 06:30:35.055  1517  1922 I BugleRcsEngine: instantiated in package: com.google.android.apps.messaging [CONTEXT log_prefix="RcsEngineImpl[DUAL_REG]:[3240c823-ad12]" thread_id=60 ]
06-01 06:30:35.059  1725  2109 W gle.android.gms: Verification of void m58.bkv.<clinit>() took 207.356ms (24.11 bytecodes/s) (0B arena alloc)
06-01 06:30:35.061   984  1279 I HeadsetPhoneState: stopListenForPhoneState(), no listener indicates nothing is listening
06-01 06:30:35.061   984  1279 W HeadsetPhoneState: startListenForPhoneState, no event to listen
06-01 06:30:35.061   678   832 I HalDevMgr: bestIfaceCreationProposal is null, requestIface=STA, existingIface=[name=wlan0 type=STA]
06-01 06:30:35.072  1411  1411 I DialerVoicemailNotificationReceiver: com.android.dialer.voicemail.notification.receivers.VoicemailNotificationReceiver.onReceive:79 enter
06-01 06:30:35.075  1411  1411 I DialerVoicemailNotifierImpl: com.android.dialer.voicemail.notification.impl.VoicemailNotifierImpl.updateNotification:186 enter
06-01 06:30:35.079  1411  1411 I DialerVoicemailNotificationReceiver: com.android.dialer.voicemail.notification.receivers.VoicemailNotificationReceiver.onReceive:108 Starting a foreground service on BOOT_COMPLETED is banned after V, enqueueing a work instead.
06-01 06:30:35.085  1411  1411 I DialerFlags: com.android.dialer.phenotype.Flags.registerDialerMendelConfigPackage:147 phenotype register status: true
06-01 06:30:35.086  1241  2107 I Nearby  : (REDACTED) is blocked device type %s, isAuto=%s, isIot=%s, isLatchsky=%s, isChinaWearable=%s, isTv=%s, isWearable=%s (supportWearOs=%s), isChromeOsDevice=%s (supportChromeOs=%s)
06-01 06:30:35.088  1502  1502 I AiAi    : AiAi onCreate: process=com.google.android.as, isDebug=false
06-01 06:30:35.096  1940  1940 I kqx     : SslGuard completed installation.
06-01 06:30:35.108  1046  1046 E CannedAnimCoordinator: Trying to play two animations together, H2.w@ad8a9f8 and null
06-01 06:30:35.117  1883  1941 W DynamiteModule: Local module descriptor class for com.google.android.gms.googlecertificates not found.
06-01 06:30:35.130  1038  1059 W System  : A resource failed to call AbstractCursor.close. 
06-01 06:30:35.130  1038  1059 W System  : A resource failed to call AbstractCursor.close. 
06-01 06:30:35.130  1038  1059 W System  : A resource failed to call AbstractCursor.close. 
06-01 06:30:35.140  1046  2079 I HWUI    : Davey! duration=1467ms; Flags=0, FrameTimelineVsyncId=4303, IntendedVsync=56775244948, Vsync=57875244904, InputEventId=0, HandleInputStart=57916707500, AnimationStart=57916744700, PerformTraversalsStart=57916968800, DrawStart=58155420600, FrameDeadline=56791911614, FrameStartTime=57886476100, FrameInterval=16666666, WorkloadTarget=16666666, SyncQueued=58155656300, SyncStart=58159553600, IssueDrawCommandsStart=58159654000, SwapBuffers=58161632400, FrameCompleted=58246588300, DequeueBufferDuration=64000, QueueBufferDuration=755000, GpuCompleted=58246234200, SwapBuffersCompleted=58246588300, DisplayPresentTime=0, CommandSubmissionCompleted=58161632400, 
06-01 06:30:35.148  1502  1502 I AiAiSpeechRecognition: Scheduling background LanguagePack tasks periodically and onLocaleChange...
06-01 06:30:35.155  1241  2071 I AlarmManager: setExactAndAllowWhileIdle [name: GCM_CONN_ALARM type: 2 triggerAtMillis: 63290]
06-01 06:30:35.175   678  1654 I ImeTracker: system_server:1b9cef68: onRequestHide at ORIGIN_SERVER reason IME_REQUESTED_CHANGED_LISTENER fromUser false
06-01 06:30:35.176  1038  1038 I PhoneGlobals: Dismissing depersonal panelLOADED
06-01 06:30:35.182   938   938 D KeyguardTransitionCoreStartable: Started com.android.systemui.keyguard.domain.interactor.FromPrimaryBouncerTransitionInteractor@5e2b284
06-01 06:30:35.182   678   711 I ImeTracker: system_server:1b9cef68: onCancelled at PHASE_SERVER_SHOULD_HIDE
06-01 06:30:35.191  1241  1336 I NetworkScheduler: Using standalone scheduling engine [CONTEXT service_id=218 ]
06-01 06:30:35.194  1241  1869 W Settings: Setting airplane_mode_on has moved from android.provider.Settings.System to android.provider.Settings.Global, returning read-only value.
06-01 06:30:35.208  1517  1922 I BugleRcsEngine: setting active RCS Engine to DUAL_REG instance [CONTEXT log_prefix="RcsEngineProxyImpl:[a2d1c108-a1c1]" thread_id=60 ]
06-01 06:30:35.211  1507  1507 I epad    : SslGuard completed installation.
06-01 06:30:35.214  1502  1502 I AiAiSpeechRecognition: LocaleChangeListener LanguagePack task scheduled successfully
06-01 06:30:35.216  1517  1922 I BugleRcsEngine: Initializing RcsEngine. [CONTEXT log_prefix="RcsEngineImpl[DUAL_REG]:[3240c823-ad12]" thread_id=60 ]
06-01 06:30:35.245  1883  1883 I dwmt    : Scheduling one-off OpaEnabledBroadcastWorker in 30 seconds
06-01 06:30:35.260  1747  2187 W JobInfo : Job 'com.google.android.apps.photos/com.google.android.libraries.social.async.BackgroundTaskJobService#1043' has a deadline with no functional constraints. The deadline won't improve job execution latency. Consider removing the deadline.
06-01 06:30:35.260   678   709 W Looper  : Drained
06-01 06:30:35.267   938   938 D KeyguardTransitionCoreStartable: Started com.android.systemui.keyguard.domain.interactor.FromDozingTransitionInteractor@c3d684a
06-01 06:30:35.279   938   938 D KeyguardTransitionCoreStartable: Started com.android.systemui.keyguard.domain.interactor.FromLockscreenTransitionInteractor@af1bf16
06-01 06:30:35.281   938   938 D KeyguardTransitionCoreStartable: Started com.android.systemui.keyguard.domain.interactor.FromOccludedTransitionInteractor@22b4097
06-01 06:30:35.281  1403  1559 W JobInfo : Requested important-while-foreground flag for job420 is ignored and takes no effect
06-01 06:30:35.283   678   886 D BackgroundInstallControlService: Package event received: 0
06-01 06:30:35.285  1241  1869 W SystemServiceRegistry: No service published for: wifirtt
06-01 06:30:35.293  1038  1038 I Telephony: TelecomAccountRegistry: Carrier-config changed, checking for phone account updates.
06-01 06:30:35.294  1038  1038 D Telephony: TelecomAccountRegistry: handleCarrierConfigChange: subId=1, accountSubId=1
06-01 06:30:35.301   678  1650 D ConnectivityService: requestNetwork for uid/pid:10143/1517 activeRequest: null callbackRequest: 74 [NetworkRequest [ TRACK_DEFAULT id=75, [ Capabilities: INTERNET&NOT_RESTRICTED&TRUSTED&NOT_VCN_MANAGED&NOT_BANDWIDTH_CONSTRAINED Uid: 10143 RequestorUid: 10143 RequestorPkg: com.google.android.apps.messaging UnderlyingNetworks: Null] ], NetworkRequest [ REQUEST id=76, [ Transports: SATELLITE Capabilities: INTERNET&TRUSTED&NOT_VCN_MANAGED Uid: 10143 RequestorUid: 10143 RequestorPkg: com.google.android.apps.messaging UnderlyingNetworks: Null] ]] callback flags: 0 order: 2147483647 isUidTracked: false declaredMethods: AVAIL|LOSING|LOST|NC
06-01 06:30:35.313   678   838 D ConnectivityService: NetReassign [75 : null → 100] [c 0] [a 1] [i 2]
06-01 06:30:35.315  1517  1922 I BugleRcsEngine: Initializing RBM resource permissions. [CONTEXT log_prefix="RcsEngineImpl[DUAL_REG]:[3240c823-ad12]" thread_id=60 ]
06-01 06:30:35.316  2173  2173 D nativeloader: Configuring clns-shared-9 for other apk /system_ext/priv-app/WallpaperPickerGoogleRelease/WallpaperPickerGoogleRelease.apk. target_sdk_version=36, uses_libraries=, library_path=/system_ext/priv-app/WallpaperPickerGoogleRelease/lib/x86_64:/system/lib64:/system_ext/lib64, permitted_path=/data:/mnt/expand:/data/user/0/com.google.android.apps.wallpaper:/system_ext/priv-app/WallpaperPickerGoogleRelease:/system/lib64:/system_ext/lib64
06-01 06:30:35.333  1883  1941 W earchbox:search: ClassLoaderContext classpath size mismatch. expected=1, found=0 (DLC[];PCL[base.apk*2832758366]{PCL[/system/framework/org.apache.http.legacy.jar*4247870504]#PCL[/system/framework/com.android.location.provider.jar*1570284764]#PCL[/system/framework/com.android.media.remotedisplay.jar*487574312]#PCL[/system_ext/framework/com.android.extensions.appfunctions.jar*2880224042]#PCL[/system_ext/framework/androidx.window.extensions.jar*1030441313]#PCL[/system_ext/framework/androidx.window.sidecar.jar*3860983653]} | DLC[];PCL[])
06-01 06:30:35.345   678  1694 D ConnectivityService: requestNetwork for uid/pid:10148/1241 activeRequest: null callbackRequest: 77 [NetworkRequest [ LISTEN_FOR_BEST id=77, [ Transports: CELLULAR|WIFI|BLUETOOTH|ETHERNET|SATELLITE Capabilities: INTERNET&TRUSTED&NOT_VPN&NOT_VCN_MANAGED Uid: 10148 RequestorUid: 10148 RequestorPkg: com.google.android.gms MatchNonThreadLocalNetworks UnderlyingNetworks: Null] ]] callback flags: 0 order: 2147483647 isUidTracked: false declaredMethods: AVAIL|LOSING|LOST|UNAVAIL|NC|LP|BLK
06-01 06:30:35.350   678  1654 D ConnectivityService: requestNetwork for uid/pid:10169/1747 activeRequest: null callbackRequest: 78 [NetworkRequest [ REQUEST id=79, [ Capabilities: INTERNET&NOT_RESTRICTED&TRUSTED&NOT_VCN_MANAGED&NOT_BANDWIDTH_CONSTRAINED Uid: 10169 RequestorUid: 10169 RequestorPkg: com.google.android.apps.photos UnderlyingNetworks: Null] ]] callback flags: 0 order: 2147483647 isUidTracked: false declaredMethods: AVAIL|LOST
06-01 06:30:35.350  1241  2084 W ProviderHelper: Unknown dynamite feature providerinstaller.dynamite
06-01 06:30:35.351  1241  2084 I DynamiteModule: Considering local module com.google.android.gms.providerinstaller.dynamite:1 and remote module com.google.android.gms.providerinstaller.dynamite:0
06-01 06:30:35.351  1241  2084 I DynamiteModule: Selected local version of com.google.android.gms.providerinstaller.dynamite
06-01 06:30:35.351  1241  1812 I TrustedTime: Executing one-off network time update task from network callback. [CONTEXT service_id=326 ]
06-01 06:30:35.352  1241  2084 I TrafficStats: tagSocketFd(-1, 1031, -1) failed with errno-9
06-01 06:30:35.353   678   838 D ConnectivityService: NetReassign [77 : null → 100] [c 0] [a 3] [i 1]
06-01 06:30:35.354   678   756 E JobScheduler.JobStatus: App com.google.android.inputmethod.latin became active but still in NEVER bucket
06-01 06:30:35.372  1046  1116 D LoaderTask: step 1 loading workspace complete
06-01 06:30:35.376  1883  1941 I DynamiteModule: Considering local module com.google.android.gms.googlecertificates:0 and remote module com.google.android.gms.googlecertificates:7
06-01 06:30:35.376  1883  1941 I DynamiteModule: Selected remote version of com.google.android.gms.googlecertificates, version >= 7
06-01 06:30:35.376  1883  1941 V DynamiteModule: Dynamite loader version >= 2, using loadModule2NoCrashUtils
06-01 06:30:35.378  1517  1922 E ashmem  : Pinning is deprecated since Android Q. Please use trim or other methods.
06-01 06:30:35.399  1038  1038 D Telephony: isEmergencyPreferredAccount: subId=1, activeData=1
06-01 06:30:35.400  1038  1038 D Telephony: isEmergencyPreferredAccount: Device does not require preference.
06-01 06:30:35.400  1038  1038 W Telephony: registerMmTelCapabilityCallback: registration failed, no ImsService available. Exception: code: 1
06-01 06:30:35.406   678   838 D ConnectivityService: NetReassign [79 : null → 100] [c 1] [a 3] [i 19]
06-01 06:30:35.415  1883  2154 D nativeloader: Load /data/app/~~KczER6NriYuDJOGw69fI-g==/com.google.android.googlequicksearchbox-cdwpa0rlDL4cMZ_Jb99qpQ==/base.apk!/lib/x86_64/libdatastore_shared_counter.so using class loader ns clns-10 (caller=/data/app/~~KczER6NriYuDJOGw69fI-g==/com.google.android.googlequicksearchbox-cdwpa0rlDL4cMZ_Jb99qpQ==/base.apk): ok
06-01 06:30:35.423  1883  2154 I dqql    : (REDACTED) Gemini app was installed: %s
06-01 06:30:35.435   678   832 D WifiNetworkFactory: got request NetworkRequest [ REQUEST id=79, [ Capabilities: INTERNET&NOT_RESTRICTED&TRUSTED&NOT_VCN_MANAGED&NOT_BANDWIDTH_CONSTRAINED Uid: 10169 RequestorUid: 10169 RequestorPkg: com.google.android.apps.photos UnderlyingNetworks: Null] ]
06-01 06:30:35.441  1411  2021 I DialerRecentEmergencyCallIdentifier: com.google.android.dialershared.emergencycallback.RecentEmergencyCallIdentifier.hasRecentEmergencyCall:64 Last emergency call time not available. Not an emergency callback.
06-01 06:30:35.442  1411  2126 I DialerVoicemailStatusDataMigration: com.android.dialer.voicemailstatus.dataservice.impl.VoicemailStatusDataMigration.migrate:58 enter
06-01 06:30:35.443  1517  2216 I BugleRcsEngine: handleMessage processing message:[NOTIFY_UPTIME_IGNORE_STATE_CHANGED] with [non-null]:RcsEngineImpl reference [CONTEXT log_prefix="RcsEngineImpl[DUAL_REG]:[3240c823-ad12]>Handler" thread_id=66 ]
06-01 06:30:35.452  1517  1878 I BugleRcsEngine: Connected state: [1], networkType: [WIFI] [CONTEXT thread_id=58 ]
06-01 06:30:35.467  1241  1324 I TrustedTime: TrustedTimeStateMachine onRunOneOffNetworkTimeUpdateTask() [CONTEXT service_id=326 ]
06-01 06:30:35.480  1883  1883 I epad    : SslGuard completed installation.
06-01 06:30:35.484  1403  1895 I SP      : Sync for emoticon_content_description succeeded in 3362 ms: no changes
06-01 06:30:35.484  1403  1895 I SP      : Sync for emoji succeeded in 2709 ms: no changes
06-01 06:30:35.487  1747  2227 E ashmem  : Pinning is deprecated since Android Q. Please use trim or other methods.
06-01 06:30:35.487  2173  2173 I .apps.wallpaper: AssetManager2(0x7b2c763b9ad8) locale list changing from [] to [en-US]
06-01 06:30:35.491   678  1694 D ConnectivityService: requestNetwork for uid/pid:1000/678 asUid: 10143 activeRequest: null callbackRequest: 80 [NetworkRequest [ TRACK_DEFAULT id=81, [ Capabilities: INTERNET&NOT_RESTRICTED&TRUSTED&NOT_VCN_MANAGED&NOT_BANDWIDTH_CONSTRAINED Uid: 10143 RequestorUid: 1000 RequestorPkg: android UnderlyingNetworks: Null] ], NetworkRequest [ REQUEST id=82, [ Transports: SATELLITE Capabilities: INTERNET&TRUSTED&NOT_VCN_MANAGED Uid: 10143 RequestorUid: 1000 RequestorPkg: android UnderlyingNetworks: Null] ]] callback flags: 0 order: 2147483647 isUidTracked: false declaredMethods: AVAIL|LOST|BLK
06-01 06:30:35.498   678   838 D ConnectivityService: NetReassign [81 : null → 100] [c 0] [a 3] [i 2]
06-01 06:30:35.499  1517  1922 D BugleRcsEngine: log_saver already enabled
06-01 06:30:35.526  1517  1878 I BugleRcsEngine: Connected state: [1], networkType: [WIFI] [CONTEXT thread_id=58 ]
06-01 06:30:35.527  1403  1895 I SP      : GC for 'emoticon_content_description' (10) with ttl of 0 ms took 12 ms (0/12/0)
06-01 06:30:35.529   678   802 I system_server: AssetManager2(0x7b2c763d6638) locale list changing from [] to [en-US]
06-01 06:30:35.530  1403  1895 I SP      : GC for 'emoji' (10) with ttl of 0 ms took 0 ms (0/0/0)
06-01 06:30:35.532   678   802 I system_server: AssetManager2(0x7b2c763cd038) locale list changing from [] to [en-US]
06-01 06:30:35.545   678   678 W Looper  : Drained
06-01 06:30:35.545   678   678 W Looper  : Slow dispatch took 603ms main app=system_server main=true group=FOREGROUND h=android.app.ActivityThread$H c=null m=113
06-01 06:30:35.546   678   678 W Looper  : Slow delivery took 621ms main app=system_server main=true group=FOREGROUND h=com.android.server.power.Notifier$NotifierHandler c=com.android.server.power.Notifier$$ExternalSyntheticLambda2@c935a3d m=0
06-01 06:30:35.549   678   802 I system_server: AssetManager2(0x7b2c763d27b8) locale list changing from [] to [en-US]
06-01 06:30:35.552   678   832 D UntrustedWifiNetworkFactory: got request NetworkRequest [ REQUEST id=79, [ Capabilities: INTERNET&NOT_RESTRICTED&TRUSTED&NOT_VCN_MANAGED&NOT_BANDWIDTH_CONSTRAINED Uid: 10169 RequestorUid: 10169 RequestorPkg: com.google.android.apps.photos UnderlyingNetworks: Null] ]
06-01 06:30:35.559   678   802 I system_server: AssetManager2(0x7b2c763d4a18) locale list changing from [] to [en-US]
06-01 06:30:35.560   678   832 D OemPaidWifiNetworkFactory: got request NetworkRequest [ REQUEST id=79, [ Capabilities: INTERNET&NOT_RESTRICTED&TRUSTED&NOT_VCN_MANAGED&NOT_BANDWIDTH_CONSTRAINED Uid: 10169 RequestorUid: 10169 RequestorPkg: com.google.android.apps.photos UnderlyingNetworks: Null] ]
06-01 06:30:35.563   678   832 D MultiInternetWifiNetworkFactory: got request NetworkRequest [ REQUEST id=79, [ Capabilities: INTERNET&NOT_RESTRICTED&TRUSTED&NOT_VCN_MANAGED&NOT_BANDWIDTH_CONSTRAINED Uid: 10169 RequestorUid: 10169 RequestorPkg: com.google.android.apps.photos UnderlyingNetworks: Null] ]
06-01 06:30:35.578   678   802 V AccessibilityManagerService: onUserStateChangedLocked for userId: 0, forceUpdate: false
06-01 06:30:35.605  1241  1324 I TrustedTime: (REDACTED) SntpTimeSignal: %s
06-01 06:30:35.606  1241  1324 I TrustedTime: (REDACTED) Client ticker: %s
06-01 06:30:35.606  1241  1324 I TrustedTime: (REDACTED) Client instant source: %s
06-01 06:30:35.606  1241  1324 I TrustedTime: (REDACTED) Server instant: %s
06-01 06:30:35.606  1241  1324 I TrustedTime: (REDACTED) At ticks: %s
06-01 06:30:35.609  1241  1324 I TrustedTime: (REDACTED) Current ticks: %s
06-01 06:30:35.610  1241  1324 I TrustedTime: (REDACTED) Offset between client and server: %s
06-01 06:30:35.610  1241  1324 I TrustedTime: (REDACTED) Client instant now: %s
06-01 06:30:35.616  1241  1324 I TrustedTime: Network time update is successful. Scheduling next task. [CONTEXT service_id=326 ]
06-01 06:30:35.617   481   481 D Zygote  : Forked child process 2245
06-01 06:30:35.619   938   938 W SystemUIService: Initialization of com.android.systemui.keyguard.domain.interactor.KeyguardTransitionCoreStartable took 1100 ms
06-01 06:30:35.621  2042  2042 D WM-PackageManagerHelper: androidx.work.impl.background.systemjob.SystemJobService enabled
06-01 06:30:35.622  2042  2042 D WM-Schedulers: Created SystemJobScheduler and enabled SystemJobService
06-01 06:30:35.624   678  1099 W ContentProviderHelper: Slow operation: 97ms so far, now at getContentProviderImpl: updating data structures
06-01 06:30:35.624   678  1099 W ContentProviderHelper: Slow operation: 97ms so far, now at getContentProviderImpl: done!
06-01 06:30:35.624  1241  1324 I TrustedTime: Attempting to schedule one-off maintenance task [CONTEXT service_id=326 ]
06-01 06:30:35.624   678   721 W ActivityManager: Slow operation: 74ms so far, now at startProcess: returned from zygote!
06-01 06:30:35.624  1241  1324 I TrustedTime: (REDACTED) Scheduling maintenance task '%s'
06-01 06:30:35.624   678   721 W ActivityManager: Slow operation: 74ms so far, now at startProcess: done updating battery stats
06-01 06:30:35.624   678   721 W ActivityManager: Slow operation: 75ms so far, now at startProcess: building log message
06-01 06:30:35.624   678   721 I ActivityManager: Start proc 2245:com.google.android.apps.messaging/u0a143 for content provider {com.google.android.apps.messaging/com.google.android.apps.messaging.shared.datamodel.provider.sharedstorage.SharedStorageProvider}
06-01 06:30:35.625   678   721 W ActivityManager: Slow operation: 75ms so far, now at startProcess: starting to update pids map
06-01 06:30:35.628   678   721 I ActivityManager: ProcessObserver broadcast disabled
06-01 06:30:35.628   678   721 W ActivityManager: Slow operation: 78ms so far, now at startProcess: done updating pids map
06-01 06:30:35.637  1241  1241 I NearbyDiscovery: DiscoveryService created [CONTEXT service_id=265 ]
06-01 06:30:35.637  1883  1941 W System  : ClassLoader referenced unknown path: 
06-01 06:30:35.637  1883  1941 D nativeloader: Configuring clns-11 for other apk . target_sdk_version=37, uses_libraries=, library_path=/data/app/~~oqHPZkItOTY-JdZP8j0YvQ==/com.google.android.gms-U8kK62mhhj2hUoGXPlJDnw==/lib/x86_64:/data/app/~~oqHPZkItOTY-JdZP8j0YvQ==/com.google.android.gms-U8kK62mhhj2hUoGXPlJDnw==/base.apk!/lib/x86_64, permitted_path=/data:/mnt/expand:/data/user/0/com.google.android.gms
06-01 06:30:35.643  1038  1038 I Telephony: isRttCurrentlySupported -- regular acct, hasVoiceAvailability: false
06-01 06:30:35.643  1038  1038 I Telephony:  isRttSupported: false
06-01 06:30:35.643  1038  1038 I Telephony:  alwaysAllowWhileRoaming: false
06-01 06:30:35.643  1038  1038 I Telephony:  isRoaming: false
06-01 06:30:35.643  1038  1038 I Telephony:  isOnWfc: false
06-01 06:30:35.651   938   938 D AlternateBouncerViewBinder: alternateBouncerWindowRequired=false
06-01 06:30:35.654  1046  1116 W HWUI    : Image decoding logging dropped!
06-01 06:30:35.668  1241  1241 W ChimeraUtils: Module com.google.android.gms.fastpair_core missing resource null(0)
06-01 06:30:35.669  2173  2173 V GraphicsEnvironment: Currently set values for:
06-01 06:30:35.669  1046  1116 W HWUI    : Image decoding logging dropped!
06-01 06:30:35.669  1241  1241 W ChimeraUtils: Module com.google.android.gms.fastpair_core missing resource null(0)
06-01 06:30:35.669  2173  2173 V GraphicsEnvironment:   angle_gl_driver_selection_pkgs=[]
06-01 06:30:35.669  2173  2173 V GraphicsEnvironment:   angle_gl_driver_selection_values=[]
06-01 06:30:35.670  2173  2173 V GraphicsEnvironment: com.google.android.apps.wallpaper is not listed in per-application setting
06-01 06:30:35.673  1046  1116 W HWUI    : Image decoding logging dropped!
06-01 06:30:35.676  1046  1116 W HWUI    : Image decoding logging dropped!
06-01 06:30:35.680  1046  1116 W HWUI    : Image decoding logging dropped!
06-01 06:30:35.684  1046  1116 W HWUI    : Image decoding logging dropped!
06-01 06:30:35.686  2173  2173 V GraphicsEnvironment: ANGLE allowlist from config: com.dreamgames.royalmatch com.dts.freefiremax com.dxx.firenow com.gramgames.mergedragons com.ludo.king com.mojang.minecraftpe com.my.defense com.nintendo.zaka com.os.airforce com.playrix.fishdomdd.gplay io.teslatech.callbreak jp.konami.prospia net.peakgames.toonblast
06-01 06:30:35.686  2173  2173 V GraphicsEnvironment: com.google.android.apps.wallpaper is not listed in ANGLE allowlist or settings, returning default
06-01 06:30:35.686  2173  2173 V GraphicsEnvironment: Neither updatable production driver nor prerelease driver is supported.
06-01 06:30:35.687   938   938 D BiometricStatusRepositoryImpl: authenticationState updated: Idle(biometricSourceType=null, requestReason=NotRunning)
06-01 06:30:35.688  1046  1116 W HWUI    : Image decoding logging dropped!
06-01 06:30:35.691  1046  1116 W HWUI    : Image decoding logging dropped!
06-01 06:30:35.698  1046  1116 W HWUI    : Image decoding logging dropped!
06-01 06:30:35.704  1046  1116 W HWUI    : Image decoding logging dropped!
06-01 06:30:35.704  1241  1241 W NearbyShared: BTConnStateMgr:untrackable profile:26, the connection status change will not be able to dispatch to stateChangeListener!
06-01 06:30:35.704  1241  1241 D BluetoothAdapter: registerBluetoothConnectionCallback()
06-01 06:30:35.706  1241  1241 I NearbyShared: BTConnStateMgr: BluetoothConnectionCallback registered.
06-01 06:30:35.718   678   832 D WifiService: resetting networks because SIM was loaded
06-01 06:30:35.718   678   832 D WifiService: resetting carrier networks since SIM was changed
06-01 06:30:35.778  1883  2212 D nativeloader: Load /data/app/~~KczER6NriYuDJOGw69fI-g==/com.google.android.googlequicksearchbox-cdwpa0rlDL4cMZ_Jb99qpQ==/base.apk!/lib/x86_64/libmappedcountercacheversionjni.so using class loader ns clns-10 (caller=/data/app/~~KczER6NriYuDJOGw69fI-g==/com.google.android.googlequicksearchbox-cdwpa0rlDL4cMZ_Jb99qpQ==/base.apk!classes2.dex): ok
06-01 06:30:35.788  1038  1038 W HWUI    : Image decoding logging dropped!
06-01 06:30:35.792  1883  1941 I earchbox:search: AssetManager2(0x7b2c763bdc78) locale list changing from [] to [en-US]
06-01 06:30:35.805  1046  1116 I s.nexuslauncher: AssetManager2(0x7b2c763d1e58) locale list changing from [] to [en-US]
06-01 06:30:35.812  1038  1038 I Telephony: reRegisterPstnPhoneAccount: subId: 1 - no change
06-01 06:30:35.817  1502  2224 W JobInfo : Requested important-while-foreground flag for job12 is ignored and takes no effect
06-01 06:30:35.821  1507  1507 I dafz    : Initializing GMS Compliance Client Library...
06-01 06:30:35.822  1507  1507 I dafz    : Checking for device compliance...
06-01 06:30:35.832  1241  1241 I NearbyFastPair: NearbyAppHelper: Check Mainline Tethering module version code. [CONTEXT service_id=265 ]
06-01 06:30:35.836  1038  1038 I ImsResolver: Received Carrier Config Changed for SlotId: 0, SubId: 1, sim state: 5
06-01 06:30:35.837  1038  1272 D ImsResolver: updateBoundDeviceServices: called
06-01 06:30:35.839  1038  1272 I ImsResolver: updateBoundServices - carrier package changed:  -> com.google.android.ims on slot 0, hasConfigChanged=true
06-01 06:30:35.839  1038  1272 I ImsResolver: updateBoundServices - carrier package changed:  -> com.google.android.ims on slot 0, hasConfigChanged=true
06-01 06:30:35.839  1038  1272 I ImsResolver: updateBoundServices - carrier package changed:  -> com.google.android.ims on slot 0, hasConfigChanged=true
06-01 06:30:35.842  1507  1507 I dafz    : Feature is disabled!
06-01 06:30:35.844  1046  1116 W HWUI    : Image decoding logging dropped!
06-01 06:30:35.850  1507  1507 I dafz    : Completed library init.
06-01 06:30:35.850  1046  1116 W HWUI    : Image decoding logging dropped!
06-01 06:30:35.852  1883  1883 I dafz    : Initializing GMS Compliance Client Library...
06-01 06:30:35.852  1883  1883 I dafz    : Checking for device compliance...
06-01 06:30:35.853   678  1950 D FileUtils: Rounded bytes from 4110155776 to 8000000000
06-01 06:30:35.856  2245  2245 I .apps.messaging: Using CollectorTypeCMC GC.
06-01 06:30:35.856  1038  1038 I TelephonyRcsService: updateFeatureControllerSubscription: slotId=0, oldSubId= -1, subId=1, existing feature=false
06-01 06:30:35.858  2245  2245 W .apps.messaging: Unexpected CPU variant for x86: x86_64.
06-01 06:30:35.858  2245  2245 W .apps.messaging: Known variants: atom, sandybridge, silvermont, goldmont, goldmont-plus, goldmont-without-sha-xsaves, tremont, kabylake, alderlake, default
06-01 06:30:35.858  1046  1116 W HWUI    : Image decoding logging dropped!
06-01 06:30:35.862  1883  1883 I dafz    : Completed library init.
06-01 06:30:35.865  1038  1928 I RemoteVvmTaskManager: getRemotePackage: found package null
06-01 06:30:35.867  2042  2257 D WM-ForceStopRunnable: The default process name was not specified.
06-01 06:30:35.876  1046  1116 W HWUI    : Image decoding logging dropped!
06-01 06:30:35.877  2042  2257 D WM-ForceStopRunnable: Performing cleanup operations.
06-01 06:30:35.879   560   582 I adbd    : jdwp connection from 2245
06-01 06:30:35.879  1241  1241 I NearbyFastPair: (REDACTED) NearbyAppHelper: Tethering package version code: %s
06-01 06:30:35.885   678   709 W Looper  : Slow dispatch took 121ms android.ui app=system_server main=false group=TOP_APP h=com.android.server.am.ActivityManagerService$UiHandler c=null m=68
06-01 06:30:35.887  1411  2102 I DialerVvmCarrierIdentifierImpl: com.android.dialer.voicemail.service.impl.carriermapping.VvmCarrierIdentifierImpl.getVvmCarrierNameBlocking:101 Looking up carrier name for phone account handle: 1 [CONTEXT ratelimit_period="1 MINUTES" ]
06-01 06:30:35.892  2245  2245 D nativeloader: Load libframework-connectivity-tiramisu-jni.so using APEX ns com_android_tethering for caller /apex/com.android.tethering/javalib/framework-connectivity-t.jar: ok
06-01 06:30:35.908  1038  1038 I VvmSimStateTracker: android.telephony.action.CARRIER_CONFIG_CHANGED
06-01 06:30:35.915  1038  1038 I VvmSimStateTracker: onReceive: ACTION_CARRIER_CONFIG_CHANGED; subId=1
06-01 06:30:35.920  1883  1941 W earchbox:search: ClassLoaderContext classpath element checksum mismatch. expected=2832758366, found=2895185618 (DLC[];PCL[base.apk*2832758366]{PCL[/system/framework/org.apache.http.legacy.jar*4247870504]#PCL[/system/framework/com.android.location.provider.jar*1570284764]#PCL[/system/framework/com.android.media.remotedisplay.jar*487574312]#PCL[/system_ext/framework/com.android.extensions.appfunctions.jar*2880224042]#PCL[/system_ext/framework/androidx.window.extensions.jar*1030441313]#PCL[/system_ext/framework/androidx.window.sidecar.jar*3860983653]} | DLC[];PCL[/data/app/~~KczER6NriYuDJOGw69fI-g==/com.google.android.googlequicksearchbox-cdwpa0rlDL4cMZ_Jb99qpQ==/base.apk*2895185618]{PCL[/system/framework/org.apache.http.legacy.jar*4247870504]#PCL[/system_ext/framework/com.android.extensions.appfunctions.jar*2880224042]#PCL[/system_ext/framework/androidx.window.extensions.jar*1030441313]#PCL[/system_ext/framework/androidx.window.sidecar.jar*3860983653]})
06-01 06:30:35.941  1038  1038 I VvmSimStateTracker: onCarrierConfigChanged: in service; send connected ComponentInfo{com.android.phone/com.android.services.telephony.TelephonyConnectionService}, 1, UserHandle{0}
06-01 06:30:35.941  1038  1038 I VvmSimStateTracker: sendConnected: Service connected on ComponentInfo{com.android.phone/com.android.services.telephony.TelephonyConnectionService}, 1, UserHandle{0}
06-01 06:30:35.951   678   802 W MagnificationConnectionManager: requestConnection duplicated request: connect=false, mConnectionState=DISCONNECTED
06-01 06:30:35.955  1411  1885 I DialerSystemCallLogDataSource: com.android.dialer.calllog.datasources.systemcalllog.SystemCallLogDataSource.fillFromSystemCallLog:183 no results; deleting all entries
06-01 06:30:35.962  1046  1116 W HWUI    : Image decoding logging dropped!
06-01 06:30:35.969  1046  1116 W HWUI    : Image decoding logging dropped!
06-01 06:30:35.972   678   678 W Looper  : Slow dispatch took 424ms main app=system_server main=true group=FOREGROUND h=android.app.ActivityThread$H c=android.app.LoadedApk$ServiceDispatcher$RunConnection@30c057 m=0
06-01 06:30:35.975   678  1100 W ActivityManager: Slow operation: 89ms so far, now at finishAttachApplicationInner: after mServices.attachApplicationLocked
06-01 06:30:35.975   678  1100 W ActivityManager: Slow operation: 89ms so far, now at finishAttachApplicationInner: after dispatching broadcasts
06-01 06:30:35.982   678   886 D BackgroundInstallControlService: Package event received: 0
06-01 06:30:35.983  1046  1116 D AlphabeticIndexCompat: computeSectionName: cs: Camera sectionName: C
06-01 06:30:35.983  1046  1116 D AlphabeticIndexCompat: computeSectionName: cs: Chrome sectionName: C
06-01 06:30:35.984  1046  1116 D AlphabeticIndexCompat: computeSectionName: cs: Settings sectionName: S
06-01 06:30:35.984  1046  1116 D AlphabeticIndexCompat: computeSectionName: cs: Play Store sectionName: P
06-01 06:30:35.984  1046  1116 D AlphabeticIndexCompat: computeSectionName: cs: Drive sectionName: D
06-01 06:30:35.985  1046  1116 D AlphabeticIndexCompat: computeSectionName: cs: Maps sectionName: M
06-01 06:30:35.985  1046  1116 D AlphabeticIndexCompat: computeSectionName: cs: Messages sectionName: M
06-01 06:30:35.985  1046  1116 D AlphabeticIndexCompat: computeSectionName: cs: Photos sectionName: P
06-01 06:30:35.986  1046  1116 D AlphabeticIndexCompat: computeSectionName: cs: YT Music sectionName: Y
06-01 06:30:35.987  1046  1116 D AlphabeticIndexCompat: computeSectionName: cs: Calendar sectionName: C
06-01 06:30:35.987  1046  1116 D AlphabeticIndexCompat: computeSectionName: cs: Contacts sectionName: C
06-01 06:30:35.987  1046  1116 D AlphabeticIndexCompat: computeSectionName: cs: Clock sectionName: C
06-01 06:30:35.988  1046  1116 D AlphabeticIndexCompat: computeSectionName: cs: Phone sectionName: P
06-01 06:30:35.988  1046  1116 D AlphabeticIndexCompat: computeSectionName: cs: Gmail sectionName: G
06-01 06:30:35.988  1046  1116 D AlphabeticIndexCompat: computeSectionName: cs: YouTube sectionName: Y
06-01 06:30:35.989  1046  1116 D AlphabeticIndexCompat: computeSectionName: cs: TMoble sectionName: T
06-01 06:30:35.989  1046  1116 D AlphabeticIndexCompat: computeSectionName: cs: Voice Access sectionName: V
06-01 06:30:35.991  1046  1116 D AlphabeticIndexCompat: computeSectionName: cs: Safety sectionName: S
06-01 06:30:35.991  1046  1116 D AlphabeticIndexCompat: computeSectionName: cs: Files sectionName: F
06-01 06:30:35.995  1046  1116 D AlphabeticIndexCompat: computeSectionName: cs: Google sectionName: G
06-01 06:30:35.996  1046  1116 D AlphabeticIndexCompat: computeSectionName: cs: E-Reader sectionName: E
06-01 06:30:35.996  1046  1116 D AlphabeticIndexCompat: computeSectionName: cs: DrDuc Translator sectionName: D
06-01 06:30:36.004  1046  1116 D LoaderTask: loadAllApps finished
06-01 06:30:36.006  1046  1116 D LoaderTask: bindAllApps finished
06-01 06:30:36.010  1046  1046 D AllAppsStore: setApps: apps.length=22
06-01 06:30:36.010  1046  1046 D AllAppsStore: notifyUpdate: notifying listeners
06-01 06:30:36.010  1046  1046 D ActivityAllAppsContainerView: onAppsUpdated; number of apps: 22
06-01 06:30:36.010  1046  1046 D ActivityAllAppsContainerView: rebindAdapters: force: false
06-01 06:30:36.010  1046  1046 D ActivityAllAppsContainerView: rebindAdapters: Not needed.
06-01 06:30:36.010  1046  1046 D StatsLog: LAUNCHER_ALLAPPS_COUNT
06-01 06:30:36.011  1046  1046 D AlphabeticalAppsList: Clearing FastScrollerSections.
06-01 06:30:36.011  1046  1046 D AlphabeticalAppsList: Adding apps with sections. HasPrivateApps: false
06-01 06:30:36.011  1046  1046 D AlphabeticalAppsList: addAppsWithSections: adding sectionName: C with appInfoTitle: Calendar
06-01 06:30:36.011  1046  1046 D AlphabeticalAppsList: addAppsWithSections: adding sectionName: D with appInfoTitle: DrDuc Translator
06-01 06:30:36.011  1046  1046 D AlphabeticalAppsList: addAppsWithSections: adding sectionName: E with appInfoTitle: E-Reader
06-01 06:30:36.011  1046  1046 D AlphabeticalAppsList: addAppsWithSections: adding sectionName: F with appInfoTitle: Files
06-01 06:30:36.011  1046  1046 D AlphabeticalAppsList: addAppsWithSections: adding sectionName: G with appInfoTitle: Gmail
06-01 06:30:36.011  1046  1046 D AlphabeticalAppsList: addAppsWithSections: adding sectionName: M with appInfoTitle: Maps
06-01 06:30:36.011  1046  1046 D AlphabeticalAppsList: addAppsWithSections: adding sectionName: P with appInfoTitle: Phone
06-01 06:30:36.011  1046  1046 D AlphabeticalAppsList: addAppsWithSections: adding sectionName: S with appInfoTitle: Safety
06-01 06:30:36.011  1046  1046 D AlphabeticalAppsList: addAppsWithSections: adding sectionName: T with appInfoTitle: TMoble
06-01 06:30:36.011  1046  1046 D AlphabeticalAppsList: addAppsWithSections: adding sectionName: V with appInfoTitle: Voice Access
06-01 06:30:36.011  1046  1046 D AlphabeticalAppsList: addAppsWithSections: adding sectionName: Y with appInfoTitle: YouTube
06-01 06:30:36.011  1046  1046 D AlphabeticalAppsList: Adding FastScrollSection duplicate to scroll to the bottom.
06-01 06:30:36.018   678   886 D BackgroundInstallControlService: Package event received: 0
06-01 06:30:36.020  1411  1826 W ServiceBindIntentUtils: Dynamic lookup for intent failed for action com.google.android.apps.safetycore.signals.BIND but has possible resolution
06-01 06:30:36.022  1411  1826 W GmsClient: unable to connect to service: com.google.android.apps.safetycore.signals.BIND on com.google.android.gms
06-01 06:30:36.036  1883  2236 E ashmem  : Pinning is deprecated since Android Q. Please use trim or other methods.
06-01 06:30:36.048  1046  1116 D LoaderTask: update AllApps icon cache finished
06-01 06:30:36.048  1046  1116 D LoaderTask: saving all shortcuts in icon cache
06-01 06:30:36.049  1046  1116 D LoaderTask: step 2 loading AllApps complete
06-01 06:30:36.049  1046  1116 D LoaderTask: loadDeepShortcuts finished
06-01 06:30:36.049  1046  1116 D LoaderTask: bindDeepShortcuts finished
06-01 06:30:36.049  1046  1116 D LoaderTask: saving deep shortcuts in icon cache
06-01 06:30:36.059   678   719 E PackageManager: Optimistic bind failed.
06-01 06:30:36.059   678   719 E PackageManager: java.util.concurrent.TimeoutException: [Optimistic Bind] Didn't bind to resolver in time!
06-01 06:30:36.059   678   719 E PackageManager: 	at com.android.server.pm.InstantAppResolverConnection.waitForBindLocked(InstantAppResolverConnection.java:160)
06-01 06:30:36.059   678   719 E PackageManager: 	at com.android.server.pm.InstantAppResolverConnection.bind(InstantAppResolverConnection.java:230)
06-01 06:30:36.059   678   719 E PackageManager: 	at com.android.server.pm.InstantAppResolverConnection.lambda$optimisticBind$0(InstantAppResolverConnection.java:260)
06-01 06:30:36.059   678   719 E PackageManager: 	at com.android.server.pm.InstantAppResolverConnection.$r8$lambda$66W2s2mMKe4pk_xXCScH9RCqav8(InstantAppResolverConnection.java:0)
06-01 06:30:36.059   678   719 E PackageManager: 	at com.android.server.pm.InstantAppResolverConnection$$ExternalSyntheticLambda0.run(R8$$SyntheticClass:0)
06-01 06:30:36.059   678   719 E PackageManager: 	at android.os.Handler.handleCallback(Handler.java:995)
06-01 06:30:36.059   678   719 E PackageManager: 	at android.os.Handler.dispatchMessage(Handler.java:103)
06-01 06:30:36.059   678   719 E PackageManager: 	at android.os.Looper.loopOnce(Looper.java:248)
06-01 06:30:36.059   678   719 E PackageManager: 	at android.os.Looper.loop(Looper.java:338)
06-01 06:30:36.059   678   719 E PackageManager: 	at android.os.HandlerThread.run(HandlerThread.java:85)
06-01 06:30:36.060  1241  1250 W .gms.persistent: Suspending all threads took: 158.552ms
06-01 06:30:36.064   481   481 D Zygote  : Forked child process 2285
06-01 06:30:36.073  1883  1941 I earchbox:search: AssetManager2(0x7b2c763c2138) locale list changing from [] to [en-US]
06-01 06:30:36.074  1883  1941 I earchbox:search: AssetManager2(0x7b2c763c0b58) locale list changing from [] to [en-US]
06-01 06:30:36.079  2285  2285 I .apps.wellbeing: Using CollectorTypeCMC GC.
06-01 06:30:36.080  2285  2285 W .apps.wellbeing: Unexpected CPU variant for x86: x86_64.
06-01 06:30:36.080  2285  2285 W .apps.wellbeing: Known variants: atom, sandybridge, silvermont, goldmont, goldmont-plus, goldmont-without-sha-xsaves, tremont, kabylake, alderlake, default
06-01 06:30:36.083  2285  2285 E .apps.wellbeing: Not starting debugger since process cannot load the jdwp agent.
06-01 06:30:36.087  1411  2021 I DialerRefreshAnnotatedCallLogWorker: com.android.dialer.calllog.refresh.impl.RefreshAnnotatedCallLogWorker.fillAndTime:305 filling CallLogChangeBroadcaster
06-01 06:30:36.088  1502  2224 W JobInfo : Requested important-while-foreground flag for job13 is ignored and takes no effect
06-01 06:30:36.088  1411  2021 I DialerBeeslyEnabledFn: com.android.dialer.beesly.enabledfn.BeeslyEnabledFn.isBeeslyV2Enabled:53 beesly V2 disabled by flag [CONTEXT ratelimit_period="1 MINUTES" ]
06-01 06:30:36.089  1411  2021 I DialerBeeslyEnabledFn: com.android.dialer.beesly.enabledfn.BeeslyEnabledFn.isEnabled:35 disabled by flag [CONTEXT ratelimit_period="1 MINUTES" ]
06-01 06:30:36.089  1411  2021 I DialerBeeslyEnabledFn: com.android.dialer.beesly.enabledfn.BeeslyEnabledFn.supportActions:62 disabled by beesly feature [CONTEXT ratelimit_period="1 MINUTES" ]
06-01 06:30:36.090  1411  2021 I DialerRefreshAnnotatedCallLogWorker: com.android.dialer.calllog.refresh.impl.RefreshAnnotatedCallLogWorker.fillAndTime:305 filling PhoneLookupDataSource
06-01 06:30:36.093   678   721 W ActivityManager: Slow operation: 90ms so far, now at startProcess: returned from zygote!
06-01 06:30:36.098  2285  2285 D nativeloader: Load libframework-connectivity-tiramisu-jni.so using APEX ns com_android_tethering for caller /apex/com.android.tethering/javalib/framework-connectivity-t.jar: ok
06-01 06:30:36.110  1403  1403 I BaseClearcutAdapter: BaseClearcutAdapter.queryAndUpdateUserCheckboxOptIn():273 Checkbox = false
06-01 06:30:36.143  1517  1543 W s.messaging:rcs: Suspending all threads took: 19.780ms
06-01 06:30:36.148  1046  1046 D AlphabeticalAppsList: Clearing FastScrollerSections.
06-01 06:30:36.162  1403  1906 I EmojiSuperpacksManager: EmojiSuperpacksManager.processPackSet():566 processPackSet() : isBundled = false
06-01 06:30:36.162  1403  1895 I SP      : Sync for dynamic_art succeeded in 2903 ms: no changes
06-01 06:30:36.163  1403  1924 I EmojiShortcutsLoader: EmojiShortcutsLoader.call():71 0 emoji shortcut maps loaded.
06-01 06:30:36.163  1403  1924 I EmojiShortcutsLoader: EmojiShortcutsLoader.call():82 Finished loading emoji shortcuts
06-01 06:30:36.166  1403  1895 I SP      : GC for 'dynamic_art' (10) with ttl of 0 ms took 0 ms (0/0/0)
06-01 06:30:36.174  1241  2071 I AlarmManager: set [name: SystemMemoryCache type: 2 triggerAtMillis: 315360059309 windowMillis: -1 intervalMillis: 0]
06-01 06:30:36.177   678  2128 I ActivityManager: Skipping next CPU consuming process, not a java proc: 678
06-01 06:30:36.177   678  2128 I ActivityManager: Skipping next CPU consuming process, not a java proc: 1241
06-01 06:30:36.177   678  2128 I ActivityManager: Skipping next CPU consuming process, not a java proc: 2042
06-01 06:30:36.177   678  2128 I ActivityManager: Skipping next CPU consuming process, not a java proc: 938
06-01 06:30:36.177   678  2128 I ActivityManager: Skipping next CPU consuming process, not a java proc: 1046
06-01 06:30:36.177   678  2128 I ActivityManager: Skipping next CPU consuming process, not a java proc: 1502
06-01 06:30:36.178   678  2128 I ActivityManager: Skipping next CPU consuming process, not a java proc: 1038
06-01 06:30:36.178   678  2128 I ActivityManager: Skipping next CPU consuming process, not a java proc: 1747
06-01 06:30:36.178   678  2128 I ActivityManager: Skipping next CPU consuming process, not a java proc: 1411
06-01 06:30:36.178   678  2128 I ActivityManager: Skipping next CPU consuming process, not a java proc: 1517
06-01 06:30:36.178   678  2128 I ActivityManager: Skipping next CPU consuming process, not a java proc: 1883
06-01 06:30:36.178   678  2128 I ActivityManager: Skipping next CPU consuming process, not a java proc: 302
06-01 06:30:36.178   678  2128 I ActivityManager: Skipping next CPU consuming process, not a java proc: 556
06-01 06:30:36.178   678  2128 I ActivityManager: Skipping next CPU consuming process, not a java proc: 1403
06-01 06:30:36.178   678  2128 I ActivityManager: Skipping next CPU consuming process, not a java proc: 480
06-01 06:30:36.178   678  2128 I ActivityManager: Skipping next CPU consuming process, not a java proc: 481
06-01 06:30:36.178   678  2128 I ActivityManager: Skipping next CPU consuming process, not a java proc: 1507
06-01 06:30:36.178   678  2128 I ActivityManager: Skipping next CPU consuming process, not a java proc: 505
06-01 06:30:36.180   678  2128 I ActivityManager: Skipping next CPU consuming process, not a java proc: 499
06-01 06:30:36.180   678  2128 I ActivityManager: Skipping next CPU consuming process, not a java proc: 628
06-01 06:30:36.180   678  2128 I ActivityManager: Skipping next CPU consuming process, not a java proc: 1725
06-01 06:30:36.180   678  2128 I ActivityManager: Skipping next CPU consuming process, not a java proc: 1940
06-01 06:30:36.180   678  2128 I ActivityManager: Skipping next CPU consuming process, not a java proc: 1
06-01 06:30:36.180   678  2128 I ActivityManager: Skipping next CPU consuming process, not a java proc: 255
06-01 06:30:36.180   678  2128 I ActivityManager: Skipping next CPU consuming process, not a java proc: 287
06-01 06:30:36.180   678  2128 I ActivityManager: Skipping next CPU consuming process, not a java proc: 298
06-01 06:30:36.180   678  2128 I ActivityManager: Skipping next CPU consuming process, not a java proc: 492
06-01 06:30:36.180   678  2128 I ActivityManager: Skipping next CPU consuming process, not a java proc: 627
06-01 06:30:36.180   678  2128 I ActivityManager: Skipping next CPU consuming process, not a java proc: 16
06-01 06:30:36.180   678  2128 I ActivityManager: Skipping next CPU consuming process, not a java proc: 32
06-01 06:30:36.180   678  2128 I ActivityManager: Skipping next CPU consuming process, not a java proc: 63
06-01 06:30:36.180   678  2128 I ActivityManager: Skipping next CPU consuming process, not a java proc: 66
06-01 06:30:36.181   678  2128 I ActivityManager: Skipping next CPU consuming process, not a java proc: 87
06-01 06:30:36.181   678  2128 I ActivityManager: Skipping next CPU consuming process, not a java proc: 128
06-01 06:30:36.182   678  2128 I ActivityManager: Skipping next CPU consuming process, not a java proc: 234
06-01 06:30:36.183   678  2128 I ActivityManager: Skipping next CPU consuming process, not a java proc: 236
06-01 06:30:36.184   678  2128 I ActivityManager: Skipping next CPU consuming process, not a java proc: 289
06-01 06:30:36.184   678  2128 I ActivityManager: Skipping next CPU consuming process, not a java proc: 290
06-01 06:30:36.184   678  2128 I ActivityManager: Skipping next CPU consuming process, not a java proc: 478
06-01 06:30:36.184   678  2128 I ActivityManager: Skipping next CPU consuming process, not a java proc: 583
06-01 06:30:36.184   678  2128 I ActivityManager: Skipping next CPU consuming process, not a java proc: 618
06-01 06:30:36.184   678  2128 I ActivityManager: Skipping next CPU consuming process, not a java proc: 685
06-01 06:30:36.184   678  2128 I ActivityManager: Skipping next CPU consuming process, not a java proc: 984
06-01 06:30:36.184   678  2128 I ActivityManager: Skipping next CPU consuming process, not a java proc: 1490
06-01 06:30:36.184   678  2128 I ActivityManager: Skipping next CPU consuming process, not a java proc: 1669
06-01 06:30:36.184   678  2128 I ActivityManager: Skipping next CPU consuming process, not a java proc: 2173
06-01 06:30:36.184   678  2128 I ActivityManager: Skipping next CPU consuming process, not a java proc: 2245
06-01 06:30:36.190  1046  1046 D AlphabeticalAppsList: Adding apps with sections. HasPrivateApps: false
06-01 06:30:36.190  1046  1046 D AlphabeticalAppsList: addAppsWithSections: adding sectionName: C with appInfoTitle: Calendar
06-01 06:30:36.190  1046  1046 D AlphabeticalAppsList: addAppsWithSections: adding sectionName: D with appInfoTitle: DrDuc Translator
06-01 06:30:36.190  1046  1046 D AlphabeticalAppsList: addAppsWithSections: adding sectionName: E with appInfoTitle: E-Reader
