06-01 06:30:37.054  1517  1860 I BugleRcsEngine: No RCS Configuration was found in Bugle for simID: redacted-pii:sim_id[chars:20,last3:897] [CONTEXT log_prefix="ProvisioningEngineDataRetriever" thread_id=56 ]
06-01 06:30:37.064  1046  1116 W HWUI    : Image decoding logging dropped!
06-01 06:30:36.993  1883  1883 I MediaBrowserService: No root for client com.google.android.bluetooth from service android.service.media.MediaBrowserService$ServiceState
06-01 06:30:37.076  1883  1883 I cspm    : onDestroy()
06-01 06:30:37.082   984   984 E MediaBrowser: onConnectFailed for ComponentInfo{com.google.android.googlequicksearchbox/com.google.android.libraries.assistant.auto.tng.media.mediabrowser.NewsMediaBrowserService}
06-01 06:30:37.090  1883  1883 I csrq    : Creating Amp configuration from performer module
06-01 06:30:37.091  1502  2316 I AiAiSuperpacks: No superpacks to release, will no-op
06-01 06:30:37.092  1502  2343 I AiAiSuperpacks: Enum name "UNRECOGNIZED" does not exist
06-01 06:30:37.093  1502  2343 I AiAiSuperpacks: Enum name "UNRECOGNIZED" does not exist
06-01 06:30:37.093  1502  2343 I AiAiSuperpacks: Enum name "UNRECOGNIZED" does not exist
06-01 06:30:37.100  1502  2343 I AiAiSuperpacks: Enum name "UNRECOGNIZED" does not exist
06-01 06:30:37.100   678   678 W ActivityThread: getPackageInfo() called with an older ApplicationInfo than the cached version for package android
06-01 06:30:37.105   678   720 D ActivityManager: sync unfroze 1360 com.google.android.cellbroadcastreceiver for 3
06-01 06:30:37.108   678   678 V NotificationManagerService.NotificationAssistants: 0 notification assistant service connected: ComponentInfo{com.google.android.as/com.google.android.apps.miphone.aiai.common.notification.service.AiAiNotificationAssistantService}
06-01 06:30:37.112   678   782 I RoleService: Granting default roles...
06-01 06:30:37.118  1883  1941 E DatabaseUtils: Writing exception to parcel
06-01 06:30:37.118  1883  1941 E DatabaseUtils: java.lang.UnsupportedOperationException
06-01 06:30:37.118  1883  1941 E DatabaseUtils: 	at com.google.android.apps.gsa.staticplugins.publiccontent.GsaPublicContentProvider.query(PG:505)
06-01 06:30:37.118  1883  1941 E DatabaseUtils: 	at android.content.ContentProvider.query(ContentProvider.java:1625)
06-01 06:30:37.118  1883  1941 E DatabaseUtils: 	at android.content.ContentProvider.query(ContentProvider.java:1721)
06-01 06:30:37.118  1883  1941 E DatabaseUtils: 	at android.content.ContentProvider$Transport.query(ContentProvider.java:296)
06-01 06:30:37.118  1883  1941 E DatabaseUtils: 	at android.content.ContentProviderNative.onTransact(ContentProviderNative.java:107)
06-01 06:30:37.118  1883  1941 E DatabaseUtils: 	at android.os.Binder.execTransactInternal(Binder.java:1421)
06-01 06:30:37.118  1883  1941 E DatabaseUtils: 	at android.os.Binder.execTransact(Binder.java:1365)
06-01 06:30:37.119  1046  2092 E DoodleDataLoader: Error fetching doodle
06-01 06:30:37.119  1046  2092 E DoodleDataLoader: java.lang.UnsupportedOperationException
06-01 06:30:37.119  1046  2092 E DoodleDataLoader: 	at android.database.DatabaseUtils.readExceptionFromParcel(DatabaseUtils.java:185)
06-01 06:30:37.119  1046  2092 E DoodleDataLoader: 	at android.database.DatabaseUtils.readExceptionFromParcel(DatabaseUtils.java:153)
06-01 06:30:37.119  1046  2092 E DoodleDataLoader: 	at android.content.ContentProviderProxy.query(ContentProviderNative.java:495)
06-01 06:30:37.119  1046  2092 E DoodleDataLoader: 	at android.content.ContentProviderClient.query(ContentProviderClient.java:196)
06-01 06:30:37.119  1046  2092 E DoodleDataLoader: 	at android.content.ContentProviderClient.query(ContentProviderClient.java:178)
06-01 06:30:37.119  1046  2092 E DoodleDataLoader: 	at android.content.ContentProviderClient.query(ContentProviderClient.java:168)
06-01 06:30:37.119  1046  2092 E DoodleDataLoader: 	at y2.b.d(go/retraceme 72a59688580715d19f0e415c69e80376c2f062d1648c80db6730905005a27c20:24)
06-01 06:30:37.119  1046  2092 E DoodleDataLoader: 	at y2.d.run(go/retraceme 72a59688580715d19f0e415c69e80376c2f062d1648c80db6730905005a27c20:8)
06-01 06:30:37.119  1046  2092 E DoodleDataLoader: 	at android.os.Handler.handleCallback(Handler.java:995)
06-01 06:30:37.119  1046  2092 E DoodleDataLoader: 	at android.os.Handler.dispatchMessage(Handler.java:103)
06-01 06:30:37.119  1046  2092 E DoodleDataLoader: 	at android.os.Looper.loopOnce(Looper.java:248)
06-01 06:30:37.119  1046  2092 E DoodleDataLoader: 	at android.os.Looper.loop(Looper.java:338)
06-01 06:30:37.119  1046  2092 E DoodleDataLoader: 	at android.os.HandlerThread.run(HandlerThread.java:85)
06-01 06:30:37.125   678  1693 I ActivityManager: Broadcasting: Intent { act=com.android.emulator.multidisplay.START flg=0x400000 cmp=com.android.emulator.multidisplay/.MultiDisplayServiceReceiver }
06-01 06:30:37.125  1507  1507 I GsaVoiceInteractionSrv: onReady
06-01 06:30:37.131  1241  1241 I NearbyDiscovery: (REDACTED) DiscoveryService onStartCommand action: %s
06-01 06:30:37.131  1241  1241 D BoundBrokerSvc: onBind: Intent { act=com.google.android.gms.clearcut.bootcount.service.START dat=chimera-action:/... xflg=0x4 cmp=com.google.android.gms/.chimera.PersistentBoundBrokerService }
06-01 06:30:37.131  1241  1241 D BoundBrokerSvc: Loading bound service for intent: Intent { act=com.google.android.gms.clearcut.bootcount.service.START dat=chimera-action:/... xflg=0x4 cmp=com.google.android.gms/.chimera.PersistentBoundBrokerService }
06-01 06:30:37.138  1046  1116 W HWUI    : Image decoding logging dropped!
06-01 06:30:37.140  1241  1241 I NearbyDiscovery: (REDACTED) DiscoveryService onStartCommand action: %s
06-01 06:30:37.146  1725  2109 W gle.android.gms: Verification of void m58.mdy.<init>(m58.mdx) took 330.227ms (84.79 bytecodes/s) (0B arena alloc)
06-01 06:30:37.170  1241  1649 I NearbyFastPair: DynamicSupportModule: onSupportStateUpdate start [CONTEXT service_id=265 ]
06-01 06:30:37.172  1241  1241 D BoundBrokerSvc: onBind: Intent { act=android.intent.action.RESOLVE_INSTANT_APP_PACKAGE xflg=0x4 cmp=com.google.android.gms/.chimera.PersistentBoundBrokerService }
06-01 06:30:37.173  1241  1241 D BoundBrokerSvc: Loading bound service for intent: Intent { act=android.intent.action.RESOLVE_INSTANT_APP_PACKAGE xflg=0x4 cmp=com.google.android.gms/.chimera.PersistentBoundBrokerService }
06-01 06:30:37.174  1046  1116 I s.nexuslauncher: AssetManager2(0x7b2c763da4b8) locale list changing from [] to [en-US]
06-01 06:30:37.177  1046  1116 I s.nexuslauncher: AssetManager2(0x7b2c763da198) locale list changing from [] to [en-US]
06-01 06:30:37.180   938   938 D NotificationMemory: NotificationMemoryMonitor initialized.
06-01 06:30:37.182  1502  2316 D androidtc: Initializing SystemTextClassifier, type = System
06-01 06:30:37.183  1507  1507 I dtoi    : (REDACTED) Registered VIS lifecycle listeners: %s.
06-01 06:30:37.184  1507  1507 I fmsf    : (REDACTED) Scoped context discovery schemas: %s.
06-01 06:30:37.184  1507  1507 I dtoi    : (REDACTED) #onReady(%s)
06-01 06:30:37.185  1507  1507 I dtoi    : (REDACTED) Running action(%s) over listeners(%s).
06-01 06:30:37.187  1241  2071 I Nearby  : (REDACTED) is blocked device type %s, isAuto=%s, isIot=%s, isLatchsky=%s, isChinaWearable=%s, isTv=%s, isWearable=%s (supportWearOs=%s), isChromeOsDevice=%s (supportChromeOs=%s)
06-01 06:30:37.189  1241  2071 I Nearby  : (REDACTED) is blocked device type %s, isAuto=%s, isIot=%s, isLatchsky=%s, isChinaWearable=%s, isTv=%s, isWearable=%s (supportWearOs=%s), isChromeOsDevice=%s (supportChromeOs=%s)
06-01 06:30:37.207  1046  1116 W HWUI    : Image decoding logging dropped!
06-01 06:30:37.207   678  1693 I ActivityManager: Enqueued broadcast Intent { act=com.android.emulator.multidisplay.START flg=0x400000 cmp=com.android.emulator.multidisplay/.MultiDisplayServiceReceiver }: 0
06-01 06:30:37.207   678  1950 E JobScheduler.JobStatus: App com.google.android.inputmethod.latin became active but still in NEVER bucket
06-01 06:30:37.209   938   938 I NotificationMemory: Registered dumpable.
06-01 06:30:37.211   678   844 E AppOps  : attributionTag VCN not declared in manifest of android
06-01 06:30:37.213   938   938 D DLObserver: add alignment listener: com.android.systemui.statusbar.KeyguardIndicationController$$ExternalSyntheticLambda15@2508344
06-01 06:30:37.227   678   885 D ShortcutService: received package broadcast intent: Intent { act=android.intent.action.PACKAGE_ADDED dat=package: flg=0x4000010 (has extras) }
06-01 06:30:37.227   678   885 D ShortcutService: adding package: com.aistudio.ereader.xynk userId=0
06-01 06:30:37.228  1502  2224 W JobInfo : Requested important-while-foreground flag for job299 is ignored and takes no effect
06-01 06:30:37.236  1502  2224 W JobInfo : Requested important-while-foreground flag for job300 is ignored and takes no effect
06-01 06:30:37.240  1241  1241 D BoundBrokerSvc: onBind: Intent { act=com.google.android.gms.pseudonymous.service.START dat=chimera-action:/... xflg=0x4 cmp=com.google.android.gms/.chimera.PersistentApiService }
06-01 06:30:37.240  1241  1241 D BoundBrokerSvc: Loading bound service for intent: Intent { act=com.google.android.gms.pseudonymous.service.START dat=chimera-action:/... xflg=0x4 cmp=com.google.android.gms/.chimera.PersistentApiService }
06-01 06:30:37.244  1403  1559 W JobInfo : Requested important-while-foreground flag for job423 is ignored and takes no effect
06-01 06:30:37.253  1046  1116 W HWUI    : Image decoding logging dropped!
06-01 06:30:37.262  1360  1360 D CellBroadcastReceiver: onReceive Intent { act=android.telephony.action.CARRIER_CONFIG_CHANGED flg=0x15000010 xflg=0x4 cmp=com.google.android.cellbroadcastreceiver/com.android.cellbroadcastreceiver.CellBroadcastReceiver (has extras) }
06-01 06:30:37.266  1411  1464 W .android.dialer: Suspending all threads took: 294.391ms
06-01 06:30:37.268  1241  1241 D BoundBrokerSvc: onBind: Intent { act=com.google.android.gms.gmscompliance.service.START dat=chimera-action:/... xflg=0x4 cmp=com.google.android.gms/.chimera.PersistentBoundBrokerService }
06-01 06:30:37.269  1241  1241 D BoundBrokerSvc: Loading bound service for intent: Intent { act=com.google.android.gms.gmscompliance.service.START dat=chimera-action:/... xflg=0x4 cmp=com.google.android.gms/.chimera.PersistentBoundBrokerService }
06-01 06:30:37.286  1517  1860 W BugleRcsEngine: Unable to send RCS extension log [CONTEXT thread_id=56 ]
06-01 06:30:37.286  1241  1241 D BoundBrokerSvc: onBind: Intent { act=com.google.android.gms.findmydevice.spot.service.locationreport.START dat=chimera-action:/... xflg=0x4 cmp=com.google.android.gms/.chimera.PersistentApiService }
06-01 06:30:37.290  1241  1241 D BoundBrokerSvc: Loading bound service for intent: Intent { act=com.google.android.gms.findmydevice.spot.service.locationreport.START dat=chimera-action:/... xflg=0x4 cmp=com.google.android.gms/.chimera.PersistentApiService }
06-01 06:30:37.296   678  1715 E JobScheduler.JobStatus: App com.google.android.inputmethod.latin became active but still in NEVER bucket
06-01 06:30:37.323   678   719 I system_server: AssetManager2(0x7b2c763bb3d8) locale list changing from [] to [en-US]
06-01 06:30:37.329   678   711 I system_server: AssetManager2(0x7b2c763bc058) locale list changing from [] to [en-US]
06-01 06:30:37.336   678   678 W Looper  : Slow dispatch took 224ms main app=system_server main=true group=FOREGROUND h=android.app.ActivityThread$H c=<recycled PooledLambda@ca32c59> m=0
06-01 06:30:37.337   678   678 V NotificationManagerService.NotificationListeners: 0 notification listener service connected: ComponentInfo{com.google.android.as/com.google.android.apps.miphone.aiai.common.notification.service.AiAiNotificationListenerService}
06-01 06:30:37.346   678   719 I system_server: AssetManager2(0x7b2c763e0bd8) locale list changing from [] to [en-US]
06-01 06:30:37.348  1883  2236 I eumg    : Validating WorkManager process
06-01 06:30:37.354  1241  2249 I NearbyDiscovery: FastPairController: register location ble observer [CONTEXT service_id=265 ]
06-01 06:30:37.359  1046  1116 I s.nexuslauncher: AssetManager2(0x7b2c763daaf8) locale list changing from [] to [en-US]
06-01 06:30:37.368   678  1715 I StatusBarManagerService: registerStatusBar bar=com.android.internal.statusbar.IStatusBar$Stub$Proxy@72a8d85
06-01 06:30:37.369   678   719 I system_server: AssetManager2(0x7b2c763e8bf8) locale list changing from [] to [en-US]
06-01 06:30:37.386  1502  2224 W JobInfo : Requested important-while-foreground flag for job301 is ignored and takes no effect
06-01 06:30:37.388   678  1772 W SignedPackage: Package doesn't have required signing certificate: com.google.android.retaildemo
06-01 06:30:37.389  1038  1057 W m.android.phone: Suspending all threads took: 196.198ms
06-01 06:30:37.402  2042  2359 D WM-PackageManagerHelper: Skipping component enablement for androidx.work.impl.background.systemalarm.RescheduleReceiver
06-01 06:30:37.403  1517  1860 I BugleRcsEngine: Created new RcsProvisioningProtoDataStorage for sim redacted-pii:sim_id[chars:20,last3:897] [CONTEXT thread_id=56 ]
06-01 06:30:37.405  1517  1860 W BugleRcsEngine: Unable to send provisioning event log [CONTEXT thread_id=56 ]
06-01 06:30:37.414   678  1772 E RoleControllerServiceImpl: Default/fallback role holder package doesn't qualify for the role, package: com.google.android.gms.supervision, role: android.app.role.SYSTEM_SUPERVISION
06-01 06:30:37.416   551   586 D NativePermissionController: updatePackagesForUid, UidPackageState{uid: 10221, packageNames: [com.aistudio.ereader.xynk]}
06-01 06:30:37.447   678  1513 D BackupTransportManager: [UserID:0] Transport com.google.android.apps.restore/.transport.BackupTransportService registered
06-01 06:30:37.447   678  1513 D BackupManagerService: [UserID:0] Transport com.google.android.apps.restore/.transport.BackupTransportService registered 20369ms after first request (delay = 3000ms)
06-01 06:30:37.449  1502  2316 W SystemServiceRegistry: No service published for: persistent_data_block
06-01 06:30:37.452   678   678 D AppSearchAppsIndexerManagerS: userid in package receiver: 10221
06-01 06:30:37.458  1360  1360 D CBChannelManager: Clear channel range list
06-01 06:30:37.459  1360  1360 D CellBroadcastReceiver: initializeSharedPreference
06-01 06:30:37.459  1339  1349 I PermissionControllerServiceImpl: Updating user sensitive for uid 10221
06-01 06:30:37.465  1360  1360 D CellBroadcastReceiver: subId=1 defaultSubId=1
06-01 06:30:37.466   678  1772 W SignedPackage: Package doesn't have required signing certificate: com.google.android.apps.work.clouddpc
06-01 06:30:37.468  2315  2315 D nativeloader: InitLlndkLibrariesProduct: libEGL.so:libGLESv1_CM.so:libGLESv2.so:libGLESv3.so:libRS.so:libandroid_net.so:libapexsupport.so:libavf.so:libbinder_ndk.so:libc.so:libcgrouprc.so:libclang_rt.asan-x86_64-android.so:libcom.android.tethering.connectivity_native.so:libdl.so:libft2.so:liblog.so:libm.so:libmediandk.so:libnativewindow.so:libneuralnetworks.so:libselinux.so:libsync.so:libvendorsupport.so:libvndksupport.so:libvulkan.so
06-01 06:30:37.468  2315  2315 D nativeloader: Configuring product-clns-9 for unbundled product apk /product/priv-app/ImsServiceEntitlement/ImsServiceEntitlement.apk. target_sdk_version=36, uses_libraries=, library_path=/product/priv-app/ImsServiceEntitlement/lib/x86_64:/product/lib64:/system/product/lib64, permitted_path=/data:/mnt/expand:/data/user/0/com.android.imsserviceentitlement:/product/lib64:/system/product/lib64
06-01 06:30:37.478  1883  2154 I bnzx    : (REDACTED) Updating shortcut availability, enable=%b
06-01 06:30:37.515  1241  2249 I NearbyDiscovery: (REDACTED) PureOffloadFastPairScanner: eventType=%s, isInternalReq=%s, isScanning=%s, isScanningAllowed=%s
06-01 06:30:37.515  1241  2249 I NearbyDiscovery: PureOffloadFastPairScanner: Starts to obtain nearby nano app version. [CONTEXT service_id=265 ]
06-01 06:30:37.516   678  1715 D ContextHubService: Added callback, total callbacks 4
06-01 06:30:37.522  1241  1241 D BoundBrokerSvc: onBind: Intent { act=com.google.android.gms.pseudonymous.service.START xflg=0x4 pkg=com.google.android.gms }
06-01 06:30:37.522  1241  1241 D BoundBrokerSvc: Loading bound service for intent: Intent { act=com.google.android.gms.pseudonymous.service.START xflg=0x4 pkg=com.google.android.gms }
06-01 06:30:37.526   938   938 I KeyguardSecurityView: Switching mode from Uninitialized to Default
06-01 06:30:37.535  1046  1116 I s.nexuslauncher: AssetManager2(0x7b2c763dae18) locale list changing from [] to [en-US]
06-01 06:30:37.539   678   886 D BackgroundInstallControlService: Package event received: 0
06-01 06:30:37.558  1046  1116 W HWUI    : Image decoding logging dropped!
06-01 06:30:37.562  1241  1241 D BoundBrokerSvc: onBind: Intent { act=com.google.android.gms.auth.account.data.service.START xflg=0x4 pkg=com.google.android.gms }
06-01 06:30:37.562  1241  1241 D BoundBrokerSvc: Loading bound service for intent: Intent { act=com.google.android.gms.auth.account.data.service.START xflg=0x4 pkg=com.google.android.gms }
06-01 06:30:37.567  1046  1116 W HWUI    : Image decoding logging dropped!
06-01 06:30:37.572  1046  1116 I s.nexuslauncher: AssetManager2(0x7b2c763d7f38) locale list changing from [] to [en-US]
06-01 06:30:37.579   678   678 W JobScheduler: Job didn't exist in JobStore: 12bb6e9 {androidx.work.systemjobscheduler} #u0a159/423 @androidx.work.systemjobscheduler@com.google.android.inputmethod.latin/androidx.work.impl.background.systemjob.SystemJobService
06-01 06:30:37.579   678   678 W Looper  : Slow dispatch took 112ms main app=system_server main=true group=FOREGROUND h=android.app.ActivityThread$H c=android.app.LoadedApk$ServiceDispatcher$RunConnection@a45ad8 m=0
06-01 06:30:37.588  1403  1559 W JobInfo : Requested important-while-foreground flag for job424 is ignored and takes no effect
06-01 06:30:37.589   678  1950 E JobScheduler.JobStatus: App com.google.android.inputmethod.latin became active but still in NEVER bucket
06-01 06:30:37.591  1241  1338 I GCoreUlr: Unbound from all signal providers.
06-01 06:30:37.594   938   938 E LauncherProxyService: Failed to get launcher proxy for disable flags.
06-01 06:30:37.601  2315  2315 D nativeloader: InitVndkspLibrariesProduct: VNDK is deprecated with product
06-01 06:30:37.610  1360  1360 D CellBroadcastReceiver: reset settings as needed for subId=1, carrierId=1
06-01 06:30:37.610  1046  1116 I s.nexuslauncher: AssetManager2(0x7b2c763d6958) locale list changing from [] to [en-US]
06-01 06:30:37.611  1507  2355 I eaya    : #audio# ensure BT-components initialized
06-01 06:30:37.612   938   938 D NavigationModeController: getCurrentInteractionMode: mode=2 contextUser=0
06-01 06:30:37.612   938   938 D NavigationModeController: getCurrentUserContext: contextUser=0 currentUser=0
06-01 06:30:37.613  1507  1507 I dtoi    : (REDACTED) Done action(%s) over listeners(%s).
06-01 06:30:37.616  1507  2264 I dwdz    : Creating hotword frontend.
06-01 06:30:37.624  1241  2249 I NearbyFastPair: NearbyAppHelper: Not supports because hubInfoList is empty [CONTEXT service_id=265 ]
06-01 06:30:37.624  1241  2249 I NearbyDiscovery: (REDACTED) PureOffloadFastPairScanner: Nano app version obtained, version = %s, total time = %s.
06-01 06:30:37.630  1507  2355 D BluetoothAdapter: HEADSET connected
06-01 06:30:37.649  1038  1038 I RemoteVvmTaskManager: getRemotePackage: found package null
06-01 06:30:37.652   678  1772 I Role    : com.google.android.gms not qualified for android.app.role.SYSTEM_DEPENDENCY_INSTALLER due to missing RequiredComponent{mIntentFilterData=IntentFilterData{mAction='android.content.pm.action.INSTALL_DEPENDENCY', mCategories='[]', mDataScheme='null', mDataType='null'}, mMinTargetSdkVersion=1, mFlags='0', mPermission='android.permission.BIND_DEPENDENCY_INSTALLER', mQueryFlags=0, mMetaData=[]}
06-01 06:30:37.658   678  1772 E RoleControllerServiceImpl: Default/fallback role holder package doesn't qualify for the role, package: com.google.android.gms, role: android.app.role.SYSTEM_DEPENDENCY_INSTALLER
06-01 06:30:37.662   678   678 W Looper  : Drained
06-01 06:30:37.663  2245  2245 W .apps.messaging: Failed to find entry 'classes.dex': Entry not found
06-01 06:30:37.675  2245  2245 W .apps.messaging: Failed to find entry 'classes.dex': Entry not found
06-01 06:30:37.676  2245  2245 W .apps.messaging: Failed to find entry 'classes.dex': Entry not found
06-01 06:30:37.681   678   780 D ActivityManager: freezing 1655 com.android.printspooler
06-01 06:30:37.682  1241  1649 I NearbyFastPair: DynamicSupportModule: onSupportStateUpdate end [CONTEXT service_id=265 ]
06-01 06:30:37.683  2245  2245 D nativeloader: Configuring clns-10 for other apk /data/app/~~_F7kSiE4GDo0ISh8Z_xPgg==/com.google.android.apps.messaging-JnQgmRZkitrW9DMdlFKlqQ==/base.apk:/data/app/~~_F7kSiE4GDo0ISh8Z_xPgg==/com.google.android.apps.messaging-JnQgmRZkitrW9DMdlFKlqQ==/split_config.en.apk:/data/app/~~_F7kSiE4GDo0ISh8Z_xPgg==/com.google.android.apps.messaging-JnQgmRZkitrW9DMdlFKlqQ==/split_config.x86_64.apk:/data/app/~~_F7kSiE4GDo0ISh8Z_xPgg==/com.google.android.apps.messaging-JnQgmRZkitrW9DMdlFKlqQ==/split_config.xxhdpi.apk. target_sdk_version=37, uses_libraries=, library_path=/data/app/~~_F7kSiE4GDo0ISh8Z_xPgg==/com.google.android.apps.messaging-JnQgmRZkitrW9DMdlFKlqQ==/lib/x86_64:/data/app/~~_F7kSiE4GDo0ISh8Z_xPgg==/com.google.android.apps.messaging-JnQgmRZkitrW9DMdlFKlqQ==/base.apk!/lib/x86_64:/data/app/~~_F7kSiE4GDo0ISh8Z_xPgg==/com.google.android.apps.messaging-JnQgmRZkitrW9DMdlFKlqQ==/split_config.en.apk!/lib/x86_64:/data/app/~~_F7kSiE4GDo0ISh8Z_xPgg==/com.google.android.apps.messaging-JnQgmRZkitrW9DMdlFKlqQ==/split_config.x86_64.apk!/l
06-01 06:30:37.683  1241  1649 I NearbyFastPair: DynamicSupportModule: onSupportStateUpdate start [CONTEXT service_id=265 ]
06-01 06:30:37.685  1883  2236 D WM-PackageManagerHelper: Skipping component enablement for androidx.work.impl.background.systemjob.SystemJobService
06-01 06:30:37.685  1883  2236 D WM-Schedulers: Created SystemJobScheduler and enabled SystemJobService
06-01 06:30:37.688   938   938 D InputMonitorCompat: Input monitor (edge-swipe-disp0) created
06-01 06:30:37.698   938   938 D InputMonitorCompat: Input event receiver for monitor (edge-swipe-disp0) created
06-01 06:30:37.702  2245  2245 I .apps.messaging: AssetManager2(0x7b2c763b4998) locale list changing from [] to [en-US]
06-01 06:30:37.709  1241  2249 I NearbyDiscovery: (REDACTED) ApFastPairScanner: isScreenOn=%s, isLocationEnabled=%s, disableLocationRequirement=%s, isDiscoveryScanningEnabled=%s, during24GhzWifiWarmingUpPeriod=%s
06-01 06:30:37.710  1241  2249 D BluetoothAdapter: isLeEnabled(): ON
06-01 06:30:37.710  1241  2249 I NearbyDiscovery: (REDACTED) ApFastPairScanner: eventType=%s, intReq=%s, scanning=%s, scanAllowed=%s, bleEnabled=%s, lockScanRate=%s, startScanningByLowPowerMode=%s
06-01 06:30:37.710  1241  2249 I NearbyDiscovery: (REDACTED) ApFastPairScanner: isScreenOn=%s, isLocationEnabled=%s, disableLocationRequirement=%s, isDiscoveryScanningEnabled=%s, during24GhzWifiWarmingUpPeriod=%s
06-01 06:30:37.711  1046  1116 W HWUI    : Image decoding logging dropped!
06-01 06:30:37.720  1241  2073 I SystemMemoryMap: (REDACTED) [activityrecognition] serialization complete (extras/values=%.2f/%.2fkb)
06-01 06:30:37.721  2245  2245 V GraphicsEnvironment: Currently set values for:
06-01 06:30:37.721  2245  2245 V GraphicsEnvironment:   angle_gl_driver_selection_pkgs=[]
06-01 06:30:37.721  2245  2245 V GraphicsEnvironment:   angle_gl_driver_selection_values=[]
06-01 06:30:37.721  2245  2245 V GraphicsEnvironment: com.google.android.apps.messaging is not listed in per-application setting
06-01 06:30:37.721  1507  2159 I dwil    : (REDACTED) External hotword connection changed, source: %s
06-01 06:30:37.723  2245  2245 V GraphicsEnvironment: ANGLE allowlist from config: com.dreamgames.royalmatch com.dts.freefiremax com.dxx.firenow com.gramgames.mergedragons com.ludo.king com.mojang.minecraftpe com.my.defense com.nintendo.zaka com.os.airforce com.playrix.fishdomdd.gplay io.teslatech.callbreak jp.konami.prospia net.peakgames.toonblast
06-01 06:30:37.723  2245  2245 V GraphicsEnvironment: com.google.android.apps.messaging is not listed in ANGLE allowlist or settings, returning default
06-01 06:30:37.723  2245  2245 V GraphicsEnvironment: Neither updatable production driver nor prerelease driver is supported.
06-01 06:30:37.725  1241  1649 I NearbyFastPair: DynamicSupportModule: onSupportStateUpdate end [CONTEXT service_id=265 ]
06-01 06:30:37.742  1038  1038 I RemoteVvmTaskManager: send: Binding to ComponentInfo{com.google.android.dialer/com.android.voicemail.impl.DialerVisualVoicemailService}
06-01 06:30:37.748  1502  2369 I AiAiSpeechRecognition: Found 1 pre-existing WorkInfos for LanguagePacks: [WorkInfo{id='40102cb3-bb78-4ae5-a662-2aa1625c31e9', state=ENQUEUED, outputData=Data {}, tags=[com.google.android.libraries.speech.modeldownload.languagepacks.backgroundtask.workmanager.LanguagePackAutoUpdateWorker], progress=Data {}, runAttemptCount=0, generation=0, constraints=Constraints{requiredNetworkType=NOT_REQUIRED, requiresCharging=true, requiresDeviceIdle=false, requiresBatteryNotLow=true, requiresStorageNotLow=false, contentTriggerUpdateDelayMillis=-1, contentTriggerMaxDelayMillis=-1, contentUriTriggers=[], }, initialDelayMillis=0, periodicityInfo=PeriodicityInfo{repeatIntervalMillis=14400000, flexIntervalMillis=14400000}, nextScheduleTimeMillis=1780264033770}, stopReason=-256]
06-01 06:30:37.757   678   886 D BackgroundInstallControlService: Package event received: 0
06-01 06:30:37.757   678   886 D BackgroundInstallControlService: Package event received: 0
06-01 06:30:37.757   678   886 D BackgroundInstallControlService: Package event received: 0
06-01 06:30:37.759  1360  1360 D CellBroadcastReceiver: Skip setting default values of shared preference.
06-01 06:30:37.760  1360  1360 D CellBroadcastReceiver: Default interval 2 did not change.
06-01 06:30:37.773  1360  1360 D CellBroadcastReceiver: disable launcher activity: com.android.cellbroadcastreceiver.CellBroadcastListLauncherActivity
06-01 06:30:37.778   678   886 D BackgroundInstallControlService: Package event received: 0
06-01 06:30:37.778  1046  1116 W HWUI    : Image decoding logging dropped!
06-01 06:30:37.791  1507  2264 I dsqa    : (REDACTED) [%s] On data flow initialize.
06-01 06:30:37.791  1507  2264 I dujr    : (REDACTED) Registering a listener (%s) for type %s.
06-01 06:30:37.794   678   838 D InetDiagMessage: Destroyed 0 sockets, proto=IPPROTO_TCP, family=AF_INET, states=14
06-01 06:30:37.796   678   886 D BackgroundInstallControlService: Package event received: 0
06-01 06:30:37.798   938  1159 W Looper  : Drained
06-01 06:30:37.799  1517  1828 W BugleRcsEngine: Unable to send provisioning snapshots log [CONTEXT thread_id=52 ]
06-01 06:30:37.802   678   893 I SdkSandboxManager: No SDKs used. Skipping SDK data reconcilation for CallingInfo{mUid=10221, mPackageName='com.aistudio.ereader.xynk, mAppProcessToken='null'}
06-01 06:30:37.804  1360  1360 D CellBroadcastReceiver: Start Cell Broadcast configuration for intent=ACTION_ENABLE_CHANNELS
06-01 06:30:37.817  1241  1241 I GCoreUlr: Unbound from all signal providers.
06-01 06:30:37.818  1241  1241 I GCoreUlr: Stopping handler for UlrDispSvcFast
06-01 06:30:37.820  1725  2109 W gle.android.gms: Verification of m58.qfg m58.qdt.B() took 150.982ms (59.61 bytecodes/s) (0B arena alloc)
06-01 06:30:37.837   678   838 D InetDiagMessage: Destroyed 0 sockets, proto=IPPROTO_TCP, family=AF_INET6, states=14
06-01 06:30:37.838   678   838 D InetDiagMessage: Destroyed live tcp sockets for uids={10129} in 46ms
06-01 06:30:37.875   678  2339 E SurfaceSyncGroup: Failed to receive transaction ready in 1000ms. Marking SurfaceSyncGroup(wmsSync-VRI[systemui]#0) as ready
06-01 06:30:37.876  1502  2366 W JobInfo : Requested important-while-foreground flag for job304 is ignored and takes no effect
06-01 06:30:37.908   678  2339 E SurfaceSyncGroup: Failed to receive transaction ready in 1000ms. Marking SurfaceSyncGroup(VRI[systemui]#1) as ready
06-01 06:30:37.909  1360  1360 D CellBroadcastReceiver: onReceive Intent { act=android.intent.action.SERVICE_STATE flg=0x1000010 xflg=0x4 cmp=com.google.android.cellbroadcastreceiver/com.android.cellbroadcastreceiver.CellBroadcastReceiver (has extras) }
06-01 06:30:37.909  1360  1360 D CellBroadcastReceiver: onServiceStateChanged, ss: 0
06-01 06:30:37.910  1360  1360 D CellBroadcastReceiver: networkOperator: 310260
06-01 06:30:37.910  1360  1360 D CellBroadcastReceiver: update supported roaming operator as 
06-01 06:30:37.932  1046  1116 W HWUI    : Image decoding logging dropped!
06-01 06:30:37.938  1046  1116 W HWUI    : Image decoding logging dropped!
06-01 06:30:37.966   678  1950 W JobScheduler: Job didn't exist in JobStore: 29b4916 {androidx.work.systemjobscheduler} #u0a159/424 @androidx.work.systemjobscheduler@com.google.android.inputmethod.latin/androidx.work.impl.background.systemjob.SystemJobService
06-01 06:30:37.967  1360  1360 W ActivityThread: getPackageInfo() called with an older ApplicationInfo than the cached version for package com.google.android.cellbroadcastreceiver
06-01 06:30:37.967  1360  1360 D CellBroadcastReceiver: onReceive Intent { act=android.intent.action.BOOT_COMPLETED flg=0x89000010 cmp=com.google.android.cellbroadcastreceiver/com.android.cellbroadcastreceiver.CellBroadcastReceiver (has extras) }
06-01 06:30:37.999  1360  2371 D CellBroadcastConfigService: Enable CellBroadcast on sub 1
06-01 06:30:38.041  1038  1038 D SatelliteAccessController: mLocationModeChangedBroadcastReceiver: android.location.PROVIDERS_CHANGED, mIsLocationManagerEnabled= true
06-01 06:30:38.045  1241  2242 I SystemMemoryMap: (REDACTED) [activityrecognition] serialization complete (extras/values=%.2f/%.2fkb)
06-01 06:30:38.052   938  1159 D nativeloader: Load /system_ext/priv-app/SystemUIGoogle/SystemUIGoogle.apk!/lib/x86_64/libtensorflowlite_jni.so using class loader ns clns-shared-9 (caller=/system_ext/priv-app/SystemUIGoogle/SystemUIGoogle.apk!classes2.dex): ok
06-01 06:30:38.052   938  1159 I Interpreter: Loaded native library: tensorflowlite_jni
06-01 06:30:38.052   678   886 D BackgroundInstallControlService: Package event received: 0
06-01 06:30:38.055   938  1159 D nativeloader: Load libtensorflowlite_jni_gms_client.so using class loader ns clns-shared-9 (caller=/system_ext/priv-app/SystemUIGoogle/SystemUIGoogle.apk!classes2.dex): dlopen failed: library "libtensorflowlite_jni_gms_client.so" not found
06-01 06:30:38.055   938  1159 I Interpreter: Didn't load native library: tensorflowlite_jni_gms_client
06-01 06:30:38.065  1411  1464 I .android.dialer: Background concurrent mark compact GC freed 22MB AllocSpace bytes, 2(40KB) LOS objects, 49% free, 15MB/31MB, paused 967.045ms,2.201ms total 2.588s
06-01 06:30:38.067  1360  2373 D CellBroadcastContentProvider: database changed: notifying observers...
06-01 06:30:38.067   678   886 D BackgroundInstallControlService: Package event received: 0
06-01 06:30:38.076   678   678 D TransparencyService: Not an update. Skipping...
06-01 06:30:38.076   938  1159 I tflite  : Initialized TensorFlow Lite runtime.
06-01 06:30:38.078   678   885 D ShortcutService: received package broadcast intent: Intent { act=android.intent.action.PACKAGE_CHANGED dat=package: flg=0x5000010 (has extras) }
06-01 06:30:38.078   678   885 D ShortcutService: changing package: android userId=0
06-01 06:30:38.106   678   708 I ActivityManager: Broadcast completed: result=0
06-01 06:30:38.107   678   708 W Looper  : Drained
06-01 06:30:38.111  1038  1038 D CarrierSvcBindHelper: onPackageAdded: com.aistudio.ereader.xynk
06-01 06:30:38.112  1038  1038 D CarrierSvcBindHelper: No carrier app for: 0
06-01 06:30:38.120  1046  1116 I s.nexuslauncher: AssetManager2(0x7b2c763da7d8) locale list changing from [] to [en-US]
06-01 06:30:38.129  1411  1988 I DialerVoicemailStatusDataMigration: com.android.dialer.voicemailstatus.dataservice.impl.VoicemailStatusDataMigration.migrate:64 no package status to migrate
06-01 06:30:38.135   678   708 I ActivityManager: Broadcast completed: result=0
06-01 06:30:38.141  1940  1940 W ActivityThread: getPackageInfo() called with an older ApplicationInfo than the cached version for package com.google.android.apps.restore
06-01 06:30:38.151  2173  2173 W ActivityThread: getPackageInfo() called with an older ApplicationInfo than the cached version for package com.google.android.apps.wallpaper
06-01 06:30:38.154  2315  2315 I viceentitlement: AssetManager2(0x7b2c763b4998) locale list changing from [] to [en-US]
06-01 06:30:38.161   678   886 D BackgroundInstallControlService: Package event received: 0
06-01 06:30:38.170  1046  1116 W HWUI    : Image decoding logging dropped!
06-01 06:30:38.170  1507  2207 D nativeloader: Load /data/app/~~KczER6NriYuDJOGw69fI-g==/com.google.android.googlequicksearchbox-cdwpa0rlDL4cMZ_Jb99qpQ==/base.apk!/lib/x86_64/libmappedcountercacheversionjni.so using class loader ns clns-10 (caller=/data/app/~~KczER6NriYuDJOGw69fI-g==/com.google.android.googlequicksearchbox-cdwpa0rlDL4cMZ_Jb99qpQ==/base.apk!classes2.dex): ok
06-01 06:30:38.175  1403  1417 W SP      : File ref is being finalized but wasn't closed, file: scribe_latin_20250829tfreco_tflite_zip[9]
06-01 06:30:38.175  1038  1230 D CellBroadcastConfigTracker-0: Do nothing as the requested ranges are same as now
06-01 06:30:38.175  1403  1417 W SP      : File ref is being finalized but wasn't closed, file: en_us_20251103_compact_fst_zip[9]
06-01 06:30:38.176  1403  1417 W SP      : File ref is being finalized but wasn't closed, file: pack_mapping_v1_lstm_20260206[6]
06-01 06:30:38.176  1403  1417 W SP      : File ref is being finalized but wasn't closed, file: transformer_latin_seg_tflite_20251103_zip[9]
06-01 06:30:38.176  1403  1417 W SP      : File ref is being finalized but wasn't closed, file: qrnn_en-US_reco_20251103_fst_20251103_recospec_zip[9]
06-01 06:30:38.176  1403  1417 W SP      : File ref is being finalized but wasn't closed, file: scribe_latin_20250829tfreco_recospec_zip[9]
06-01 06:30:38.176  1403  1417 W SP      : File ref is being finalized but wasn't closed, file: transformer_latin_tflite_20251103_zip[9]
06-01 06:30:38.176  1403  1417 W SP      : File ref is being finalized but wasn't closed, file: transformer_latin_conf_tflite_20251103_zip[9]
06-01 06:30:38.176  1403  1417 W SP      : File ref is being finalized but wasn't closed, file: scribe_latin_20250829tfreco_tflite_zip[9]
06-01 06:30:38.177  1403  1417 W SP      : File ref is being finalized but wasn't closed, file: en_us_20251103_compact_fst_zip[9]
06-01 06:30:38.177  1403  1417 W SP      : File ref is being finalized but wasn't closed, file: pack_mapping_v1_lstm_20260206[6]
06-01 06:30:38.177  1403  1417 W SP      : File ref is being finalized but wasn't closed, file: transformer_latin_seg_tflite_20251103_zip[9]
06-01 06:30:38.177  1403  1417 W SP      : File ref is being finalized but wasn't closed, file: qrnn_en-US_reco_20251103_fst_20251103_recospec_zip[9]
06-01 06:30:38.177  1403  1417 W SP      : File ref is being finalized but wasn't closed, file: scribe_latin_20250829tfreco_recospec_zip[9]
06-01 06:30:38.177  1403  1417 W SP      : File ref is being finalized but wasn't closed, file: transformer_latin_tflite_20251103_zip[9]
06-01 06:30:38.177  1403  1417 W SP      : File ref is being finalized but wasn't closed, file: transformer_latin_conf_tflite_20251103_zip[9]
06-01 06:30:38.179  1403  1524 W JobInfo : Requested important-while-foreground flag for job425 is ignored and takes no effect
06-01 06:30:38.183   678  1693 E JobScheduler.JobStatus: App com.google.android.inputmethod.latin became active but still in NEVER bucket
06-01 06:30:38.193  1725  2109 W gle.android.gms: Verification of java.lang.Object m58.lxw.a(int, java.lang.Object) took 104.319ms (949.01 bytecodes/s) (0B arena alloc)
06-01 06:30:38.207  1046  1116 W HWUI    : Image decoding logging dropped!
06-01 06:30:38.208  2173  2173 W ActivityThread: getPackageInfo() called with an older ApplicationInfo than the cached version for package com.google.android.apps.wallpaper
06-01 06:30:38.210  1507  2355 D AudioSystem: onNewService: media.audio_policy service obtained 0x7b2c5642f580
06-01 06:30:38.211  1507  2355 D AudioSystem: getService: checking for service media.audio_policy: 0x7b2c5642f580
06-01 06:30:38.216   678   678 D BackupManagerConstants: getFullBackupIntervalMilliseconds(...) returns 86400000
06-01 06:30:38.216   678   678 D BackupManagerConstants: getFullBackupRequiredNetworkType(...) returns 2
06-01 06:30:38.217   678   678 D BackupManagerConstants: getFullBackupRequireCharging(...) returns true
06-01 06:30:38.221  1502  1508 W ogle.android.as: Suspending all threads took: 182.595ms
06-01 06:30:38.222  1507  2355 I eaya    : #audio# BT-headset-profile connected
06-01 06:30:38.226   678   699 I system_server: Background concurrent mark compact GC freed 37MB AllocSpace bytes, 108(2956KB) LOS objects, 32% free, 50MB/74MB, paused 93.998ms,4.878ms total 8.536s
06-01 06:30:38.231  1517  1860 I BugleRcsEngine: Unexpected action: android.intent.action.SIM_STATE_CHANGED [CONTEXT log_prefix="(Sim)" thread_id=56 ]
06-01 06:30:38.240  2315  2315 V GraphicsEnvironment: Currently set values for:
06-01 06:30:38.240  2315  2315 V GraphicsEnvironment:   angle_gl_driver_selection_pkgs=[]
06-01 06:30:38.240  2315  2315 V GraphicsEnvironment:   angle_gl_driver_selection_values=[]
06-01 06:30:38.240  2315  2315 V GraphicsEnvironment: com.android.imsserviceentitlement is not listed in per-application setting
06-01 06:30:38.240  2315  2315 V GraphicsEnvironment: ANGLE allowlist from config: com.dreamgames.royalmatch com.dts.freefiremax com.dxx.firenow com.gramgames.mergedragons com.ludo.king com.mojang.minecraftpe com.my.defense com.nintendo.zaka com.os.airforce com.playrix.fishdomdd.gplay io.teslatech.callbreak jp.konami.prospia net.peakgames.toonblast
06-01 06:30:38.240  2315  2315 V GraphicsEnvironment: com.android.imsserviceentitlement is not listed in ANGLE allowlist or settings, returning default
06-01 06:30:38.240  2315  2315 V GraphicsEnvironment: Neither updatable production driver nor prerelease driver is supported.
06-01 06:30:38.244   678   700 I BpBinder: onLastStrongRef automatically unlinking death recipients: 
06-01 06:30:38.249  1046  1116 W HWUI    : Image decoding logging dropped!
06-01 06:30:38.261  1241  2248 I SystemMemoryMap: (REDACTED) [activityrecognition] serialization complete (extras/values=%.2f/%.2fkb)
06-01 06:30:38.272  2285  2285 W .apps.wellbeing: Failed to find entry 'classes.dex': Entry not found
06-01 06:30:38.278   678  1693 W AppOpService: Ignored setUidMode call for runtime permission app op: uid = 1001, code = READ_SMS, mode = allow, callingUid = 1001, oldMode = allow
06-01 06:30:38.282   678   757 W AppOpService: Ignored setUidMode call for runtime permission app op: uid = 1001, code = RECEIVE_SMS, mode = allow, callingUid = 1001, oldMode = allow
06-01 06:30:38.283  1507  2355 I eaya    : (REDACTED) #audio# updating input devices cache:
06-01 06:30:38.283  1507  2355 I eaya    : ALL ACTIVE(%s): %s
06-01 06:30:38.283  1507  2355 I eaya    : PROFILE CONNECTABLE(%s): %s
06-01 06:30:38.284   678  1693 W AppOpService: Ignored setUidMode call for runtime permission app op: uid = 1001, code = RECEIVE_WAP_PUSH, mode = allow, callingUid = 1001, oldMode = allow
06-01 06:30:38.284  1507  2355 I eaya    : (REDACTED) #audio# observed BT-devices connection changes, # of available devices(%s)
06-01 06:30:38.284  1502  2378 I TrainerClient: Preparing to schedule training for population:aiai/playstore/pecanconversationfragmentevents session_name:pecanconversationfragmentevents
06-01 06:30:38.298   678   701 W System  : A resource failed to call close. 
06-01 06:30:38.311   678   678 W Looper  : Slow dispatch took 235ms main app=system_server main=true group=FOREGROUND h=android.app.ActivityThread$H c=android.app.LoadedApk$ReceiverDispatcher$Args$$ExternalSyntheticLambda0@20707ce m=0
06-01 06:30:38.312   938   938 E LauncherProxyService: Failed to get launcher proxy for disable flags.
06-01 06:30:38.314  2285  2285 D nativeloader: Configuring clns-10 for other apk /data/app/~~UvKRv9WGmSBUyg3_QO4ZDQ==/com.google.android.apps.wellbeing-Qitik8q5I1hAi8_iS0f3ag==/base.apk:/data/app/~~UvKRv9WGmSBUyg3_QO4ZDQ==/com.google.android.apps.wellbeing-Qitik8q5I1hAi8_iS0f3ag==/split_config.xxhdpi.apk. target_sdk_version=36, uses_libraries=, library_path=/data/app/~~UvKRv9WGmSBUyg3_QO4ZDQ==/com.google.android.apps.wellbeing-Qitik8q5I1hAi8_iS0f3ag==/lib/x86_64:/data/app/~~UvKRv9WGmSBUyg3_QO4ZDQ==/com.google.android.apps.wellbeing-Qitik8q5I1hAi8_iS0f3ag==/base.apk!/lib/x86_64:/data/app/~~UvKRv9WGmSBUyg3_QO4ZDQ==/com.google.android.apps.wellbeing-Qitik8q5I1hAi8_iS0f3ag==/split_config.xxhdpi.apk!/lib/x86_64, permitted_path=/data:/mnt/expand:/data/user/0/com.google.android.apps.wellbeing
06-01 06:30:38.324   678   678 I AppsFilter: interaction: PackageSetting{e111d41 com.android.microdroid.empty_payload/10196} -> PackageSetting{c1ecd14 com.aistudio.ereader.xynk/10221} BLOCKED
06-01 06:30:38.325   678   678 I AppsFilter: interaction: PackageSetting{99c3027 com.drduc.translator/10217} -> PackageSetting{c1ecd14 com.aistudio.ereader.xynk/10221} BLOCKED
06-01 06:30:38.328   678   678 W Looper  : Slow delivery took 239ms main app=system_server main=true group=FOREGROUND h=android.app.ActivityThread$H c=android.app.LoadedApk$ReceiverDispatcher$Args$$ExternalSyntheticLambda0@d1199bd m=0
06-01 06:30:38.336   678  1772 E RoleControllerServiceImpl: Default/fallback role holder package doesn't qualify for the role, package: com.google.android.gms, role: android.app.role.WALLET
06-01 06:30:38.340  1403  1524 W JobInfo : Requested important-while-foreground flag for job426 is ignored and takes no effect
06-01 06:30:38.346   678   782 I RoleService: Granting default roles...
06-01 06:30:38.347   678  1077 W AppOpService: Ignored setUidMode call for runtime permission app op: uid = 1001, code = SEND_SMS, mode = allow, callingUid = 1001, oldMode = allow
06-01 06:30:38.350   938   938 I ndroid.systemui: AssetManager2(0x7b2c763c46b8) locale list changing from [] to [en-US]
06-01 06:30:38.350   938   938 I ndroid.systemui: AssetManager2(0x7b2c763bc058) locale list changing from [] to [en-US]
06-01 06:30:38.351   938   938 I ndroid.systemui: AssetManager2(0x7b2c763c30d8) locale list changing from [] to [en-US]
06-01 06:30:38.352   678  1643 W AppOpService: Ignored setUidMode call for runtime permission app op: uid = 1001, code = READ_CELL_BROADCASTS, mode = allow, callingUid = 1001, oldMode = allow
06-01 06:30:38.364   678   701 W System  : A resource failed to call release. 
06-01 06:30:38.364  1046  1116 W HWUI    : Image decoding logging dropped!
06-01 06:30:38.366  1241  2248 I AlarmManager: setExactAndAllowWhileIdle [name: GCM_HB_ALARM type: 2 triggerAtMillis: 1141501]
06-01 06:30:38.378  2285  2285 I .apps.wellbeing: AssetManager2(0x7b2c763b9ad8) locale list changing from [] to [en-US]
06-01 06:30:38.381  1725  2109 I GmsModuleInitializer: Using ContainerGservicesDelegate
06-01 06:30:38.391   938   938 I ndroid.systemui: AssetManager2(0x7b2c763c4398) locale list changing from [] to [en-US]
06-01 06:30:38.396   678   678 D AppSearchAppsIndexerManagerS: userid in package receiver: 1000
06-01 06:30:38.396  1339  1349 I PermissionControllerServiceImpl: Updating user sensitive for uid 1000
06-01 06:30:38.400  1038  1272 D ImsResolver: maybeAddedImsService, packageName: com.aistudio.ereader.xynk
06-01 06:30:38.401  1038  1272 V ImsResolver: searchForImsServices: package=com.aistudio.ereader.xynk, users=[UserHandle{0}]
06-01 06:30:38.406  1241  2249 I NearbyDiscovery: (REDACTED) ApFastPairScanner: isScreenOn=%s, isLocationEnabled=%s, disableLocationRequirement=%s, isDiscoveryScanningEnabled=%s, during24GhzWifiWarmingUpPeriod=%s
06-01 06:30:38.406  2245  2245 D PrimesLoggerHolder: Primes instant initialization
06-01 06:30:38.407  1241  2249 I NearbyDiscovery: (REDACTED) ApFastPairScanner: Start scanning internally, %s
06-01 06:30:38.409  2315  2315 W FirebaseApp: Default FirebaseApp failed to initialize because no default options were found. This usually means that com.google.gms:google-services was not applied to your gradle project.
06-01 06:30:38.409  2315  2315 I FirebaseInitProvider: FirebaseApp initialization unsuccessful
06-01 06:30:38.409  2173  2173 W ActivityThread: getPackageInfo() called with an older ApplicationInfo than the cached version for package com.google.android.apps.wallpaper
06-01 06:30:38.410   938   938 I ndroid.systemui: AssetManager2(0x7b2c763ca798) locale list changing from [] to [en-US]
06-01 06:30:38.410  1502  2369 I AiAiSpeechRecognition: Finished deleting old background tasks.
06-01 06:30:38.411  1241  2249 D BluetoothAdapter: isLeEnabled(): ON
06-01 06:30:38.412  1507  2264 I dsqa    : (REDACTED) [%s] On new data value: %s.
06-01 06:30:38.415  1883  2218 W bpsl    : No value provided for the places model index flag.
06-01 06:30:38.416  1883  2218 W bpsl    : No value provided for the places model index flag.
06-01 06:30:38.417  1507  2264 I dvti    : Preferred client mapping subscription started.
06-01 06:30:38.422   678  1772 I system_server: AssetManager2(0x7b2c763d1b38) locale list changing from [] to [en-US]
06-01 06:30:38.432  1883  2236 I evtv    : #poke(). Scheduling workers.
06-01 06:30:38.433  1038  1272 V ImsResolver: searchForImsServices: package=com.aistudio.ereader.xynk, users=[UserHandle{0}]
06-01 06:30:38.437  1411  1988 I DialerVoicemailStatusDataMigration: com.android.dialer.voicemailstatus.dataservice.impl.VoicemailStatusDataMigration.cleanUp:75 enter
06-01 06:30:38.443  2173  2173 I .apps.wallpaper: AssetManager2(0x7b2c763b9df8) locale list changing from [] to [en-US]
06-01 06:30:38.444  1411  1988 I DialerSingletonScopedExternalsLogging: com.google.android.dialershared.externals.logging.SingletonScopedExternalsLogging.recordCallMethodInvocation:75 event: CONTENT_RESOLVER_DELETE, function parameters: [com.android.voicemail,content://com.android.voicemail/status,(source_package = ?)], return value: <empty>
06-01 06:30:38.446  2173  2173 D ThemeSanitizerReceiver: Already sanitized, skipping theme sanitizer
06-01 06:30:38.451  1038  1038 W VvmPkgInstalledRcvr: carrierVvmPkgAdded: carrier vvm packages doesn't contain com.aistudio.ereader.xynk
06-01 06:30:38.452  1038  1038 D CarrierSvcBindHelper: onPackageModified: android
06-01 06:30:38.452  1507  2264 I dvta    : (REDACTED) Client connections changed: %s.
06-01 06:30:38.452  1038  1038 D CarrierSvcBindHelper: No carrier app for: 0
06-01 06:30:38.468  1507  2264 I dvup    : (REDACTED) Enabled invocation sources: %s.
06-01 06:30:38.468  1507  2264 I dvta    : (REDACTED) Invocations routing has changed
06-01 06:30:38.468  1507  2264 I dvta    : %s
06-01 06:30:38.481   678   757 E JobScheduler.JobStatus: App com.google.android.inputmethod.latin became active but still in NEVER bucket
06-01 06:30:38.481   678   885 D ShortcutService: received package broadcast intent: Intent { act=android.intent.action.PACKAGE_CHANGED dat=package: flg=0x5000010 (has extras) }
06-01 06:30:38.481   678   885 D ShortcutService: changing package: com.aistudio.ereader.xynk userId=0
06-01 06:30:38.486  2285  2285 V GraphicsEnvironment: Currently set values for:
06-01 06:30:38.487  2285  2285 V GraphicsEnvironment:   angle_gl_driver_selection_pkgs=[]
06-01 06:30:38.487  2285  2285 V GraphicsEnvironment:   angle_gl_driver_selection_values=[]
06-01 06:30:38.487  2285  2285 V GraphicsEnvironment: com.google.android.apps.wellbeing is not listed in per-application setting
06-01 06:30:38.487  2285  2285 V GraphicsEnvironment: ANGLE allowlist from config: com.dreamgames.royalmatch com.dts.freefiremax com.dxx.firenow com.gramgames.mergedragons com.ludo.king com.mojang.minecraftpe com.my.defense com.nintendo.zaka com.os.airforce com.playrix.fishdomdd.gplay io.teslatech.callbreak jp.konami.prospia net.peakgames.toonblast
06-01 06:30:38.487  2285  2285 V GraphicsEnvironment: com.google.android.apps.wellbeing is not listed in ANGLE allowlist or settings, returning default
06-01 06:30:38.487  2285  2285 V GraphicsEnvironment: Neither updatable production driver nor prerelease driver is supported.
06-01 06:30:38.495  1507  2355 I dwhq    : (REDACTED) On hotword consumer changed: %s.
06-01 06:30:38.496  1507  2355 I dwhl    : (REDACTED) Hotword consumer guarding condition has changed: %s.
06-01 06:30:38.499  1507  2353 I dwdi    : (REDACTED) Hotword consumer configuration has changed: %s.
06-01 06:30:38.500  1507  2353 I dweu    : (REDACTED) Configuration=%s changed; frontend=%s is not running.
06-01 06:30:38.502  2245  2245 I evkm    : SslGuard completed installation.
06-01 06:30:38.504   678   678 W Looper  : Slow dispatch took 107ms main app=system_server main=true group=FOREGROUND h=android.app.ActivityThread$H c=android.app.LoadedApk$ReceiverDispatcher$Args$$ExternalSyntheticLambda0@f48756a m=0
06-01 06:30:38.577   678  1948 W AppOpService: Ignored setUidMode call for runtime permission app op: uid = 1001, code = READ_SMS, mode = allow, callingUid = 1001, oldMode = allow
06-01 06:30:38.578   678  1948 W AppOpService: Ignored setUidMode call for runtime permission app op: uid = 1001, code = RECEIVE_SMS, mode = allow, callingUid = 1001, oldMode = allow
06-01 06:30:38.606   938   938 D CentralSurfaces: mUserSetupObserver - DeviceProvisionedListener called for current user
06-01 06:30:38.607   938  1178 D HWUI    : profile bars disabled
06-01 06:30:38.615   938  1178 D HWUI    : ambientRatio = 1.50
06-01 06:30:38.625  1046  1116 I s.nexuslauncher: AssetManager2(0x7b2c763d9518) locale list changing from [] to [en-US]
06-01 06:30:38.628   678  1772 W SignedPackage: Cannot get ApplicationInfo for package: com.google.android.devicelockcontroller
