06-01 06:44:15.026  2285  2458 I .apps.wellbeing: AssetManager2(0x7b2c763da198) locale list changing from [] to [en-US]
06-01 06:44:15.030  2285  2458 I .apps.wellbeing: AssetManager2(0x7b2c763cf298) locale list changing from [] to [en-US]
06-01 06:44:15.031  2285  2458 I .apps.wellbeing: AssetManager2(0x7b2c763d3758) locale list changing from [] to [en-US]
06-01 06:44:15.032  2285  2458 I .apps.wellbeing: AssetManager2(0x7b2c763d9b58) locale list changing from [] to [en-US]
06-01 06:44:15.034  2285  2458 I .apps.wellbeing: AssetManager2(0x7b2c763cb418) locale list changing from [] to [en-US]
06-01 06:44:15.036  2285  2458 I .apps.wellbeing: AssetManager2(0x7b2c763c7598) locale list changing from [] to [en-US]
06-01 06:44:15.038  2285  2458 I .apps.wellbeing: AssetManager2(0x7b2c763be2b8) locale list changing from [] to [en-US]
06-01 06:44:15.041  2285  2458 I .apps.wellbeing: AssetManager2(0x7b2c763c65f8) locale list changing from [] to [en-US]
06-01 06:44:15.043  2285  2458 I .apps.wellbeing: AssetManager2(0x7b2c763c9e38) locale list changing from [] to [en-US]
06-01 06:44:15.044  2285  2458 I .apps.wellbeing: AssetManager2(0x7b2c763c8218) locale list changing from [] to [en-US]
06-01 06:44:15.047  2285  2458 I .apps.wellbeing: AssetManager2(0x7b2c763c6c38) locale list changing from [] to [en-US]
06-01 06:44:15.049  2285  2458 I .apps.wellbeing: AssetManager2(0x7b2c763d2498) locale list changing from [] to [en-US]
06-01 06:44:15.051  2285  2458 I .apps.wellbeing: AssetManager2(0x7b2c763c3d58) locale list changing from [] to [en-US]
06-01 06:44:15.056  2285  2458 I .apps.wellbeing: AssetManager2(0x7b2c763ca158) locale list changing from [] to [en-US]
06-01 06:44:15.058  2285  2458 I .apps.wellbeing: AssetManager2(0x7b2c763d2ad8) locale list changing from [] to [en-US]
06-01 06:44:15.059  2285  2458 I .apps.wellbeing: AssetManager2(0x7b2c763d2df8) locale list changing from [] to [en-US]
06-01 06:44:15.061  2285  2458 I .apps.wellbeing: AssetManager2(0x7b2c763cbd78) locale list changing from [] to [en-US]
06-01 06:44:15.063  2285  2458 I .apps.wellbeing: AssetManager2(0x7b2c763c62d8) locale list changing from [] to [en-US]
06-01 06:44:15.064  2285  2458 I .apps.wellbeing: AssetManager2(0x7b2c763cd998) locale list changing from [] to [en-US]
06-01 06:44:15.065  2285  2458 I .apps.wellbeing: AssetManager2(0x7b2c763d1818) locale list changing from [] to [en-US]
06-01 06:44:15.066  2285  2458 I .apps.wellbeing: AssetManager2(0x7b2c763cff18) locale list changing from [] to [en-US]
06-01 06:44:15.067  2285  2458 I .apps.wellbeing: AssetManager2(0x7b2c763cc9f8) locale list changing from [] to [en-US]
06-01 06:44:15.068  2285  2458 I .apps.wellbeing: AssetManager2(0x7b2c763d3118) locale list changing from [] to [en-US]
06-01 06:44:15.069  2285  2458 I .apps.wellbeing: AssetManager2(0x7b2c763cdfd8) locale list changing from [] to [en-US]
06-01 06:44:15.071  2285  2458 I .apps.wellbeing: AssetManager2(0x7b2c763cfbf8) locale list changing from [] to [en-US]
06-01 06:44:15.073  2285  2458 I .apps.wellbeing: AssetManager2(0x7b2c763cec58) locale list changing from [] to [en-US]
06-01 06:44:15.074  2285  2458 I .apps.wellbeing: AssetManager2(0x7b2c763d0558) locale list changing from [] to [en-US]
06-01 06:44:15.076  2285  2458 I .apps.wellbeing: AssetManager2(0x7b2c763d0b98) locale list changing from [] to [en-US]
06-01 06:44:15.077  2285  2458 I .apps.wellbeing: AssetManager2(0x7b2c763ce2f8) locale list changing from [] to [en-US]
06-01 06:44:15.079  2285  2458 I .apps.wellbeing: AssetManager2(0x7b2c763cf8d8) locale list changing from [] to [en-US]
06-01 06:44:15.081  2285  2458 I .apps.wellbeing: AssetManager2(0x7b2c763c49d8) locale list changing from [] to [en-US]
06-01 06:44:15.083  2285  2458 I .apps.wellbeing: AssetManager2(0x7b2c763ca478) locale list changing from [] to [en-US]
06-01 06:44:15.084  2285  2458 I .apps.wellbeing: AssetManager2(0x7b2c763cba58) locale list changing from [] to [en-US]
06-01 06:44:15.085  2285  2458 I .apps.wellbeing: AssetManager2(0x7b2c763dba98) locale list changing from [] to [en-US]
06-01 06:44:15.087  2285  2458 I .apps.wellbeing: AssetManager2(0x7b2c763dcd58) locale list changing from [] to [en-US]
06-01 06:44:15.089  2285  2458 I .apps.wellbeing: AssetManager2(0x7b2c763dec98) locale list changing from [] to [en-US]
06-01 06:44:15.561  4888  4892 I io.ereader.xynk: Compiler allocated 5042KB to compile void android.view.ViewRootImpl.performTraversals()
06-01 06:44:15.940   556  1146 W ServiceManagerCppClient: Permission failure: android.permission.ACCESS_SURFACE_FLINGER from uid=10223 pid=0
06-01 06:44:15.940   556  1146 D PermissionCache: checking android.permission.ACCESS_SURFACE_FLINGER for uid=10223 => denied (905 us)
06-01 06:44:15.940   556   574 W ServiceManagerCppClient: Permission failure: android.permission.ROTATE_SURFACE_FLINGER from uid=10223 pid=4888
06-01 06:44:15.940   556   574 D PermissionCache: checking android.permission.ROTATE_SURFACE_FLINGER for uid=10223 => denied (484 us)
06-01 06:44:15.940   556  1146 W ServiceManagerCppClient: Permission failure: android.permission.ROTATE_SURFACE_FLINGER from uid=10223 pid=0
06-01 06:44:15.940   556  1146 D PermissionCache: checking android.permission.ROTATE_SURFACE_FLINGER for uid=10223 => denied (606 us)
06-01 06:44:15.941   556  1146 W ServiceManagerCppClient: Permission failure: android.permission.INTERNAL_SYSTEM_WINDOW from uid=10223 pid=0
06-01 06:44:15.941   556  1146 D PermissionCache: checking android.permission.INTERNAL_SYSTEM_WINDOW for uid=10223 => denied (378 us)
06-01 06:44:15.941   556   574 W ServiceManagerCppClient: Permission failure: android.permission.INTERNAL_SYSTEM_WINDOW from uid=10223 pid=4888
06-01 06:44:15.941   556   574 D PermissionCache: checking android.permission.INTERNAL_SYSTEM_WINDOW for uid=10223 => denied (478 us)
06-01 06:44:16.054   678   838 D InetDiagMessage: Destroyed 0 sockets, proto=IPPROTO_TCP, family=AF_INET, states=14
06-01 06:44:16.055   678   838 D InetDiagMessage: Destroyed 0 sockets, proto=IPPROTO_TCP, family=AF_INET6, states=14
06-01 06:44:16.055   678   838 D InetDiagMessage: Destroyed live tcp sockets for uids={10150} in 1ms
06-01 06:44:16.055   678   838 D InetDiagMessage: Destroyed 0 sockets, proto=IPPROTO_TCP, family=AF_INET, states=14
06-01 06:44:16.057   678   838 D InetDiagMessage: Destroyed 0 sockets, proto=IPPROTO_TCP, family=AF_INET6, states=14
06-01 06:44:16.057   678   838 D InetDiagMessage: Destroyed live tcp sockets for uids={20150} in 2ms
06-01 06:44:16.414   678  1952 W ServiceManagerCppClient: Permission failure: android.permission.ACCESS_SURFACE_FLINGER from uid=10223 pid=0
06-01 06:44:16.414   678  1952 D PermissionCache: checking android.permission.ACCESS_SURFACE_FLINGER for uid=10223 => denied (301 us)
06-01 06:44:16.415   678  1952 W ServiceManagerCppClient: Permission failure: android.permission.ROTATE_SURFACE_FLINGER from uid=10223 pid=0
06-01 06:44:16.415   678  1952 D PermissionCache: checking android.permission.ROTATE_SURFACE_FLINGER for uid=10223 => denied (128 us)
06-01 06:44:16.415   678  1952 W ServiceManagerCppClient: Permission failure: android.permission.INTERNAL_SYSTEM_WINDOW from uid=10223 pid=0
06-01 06:44:16.415   678  1952 D PermissionCache: checking android.permission.INTERNAL_SYSTEM_WINDOW for uid=10223 => denied (117 us)
06-01 06:44:16.419   678   708 I ActivityTaskManager: Displayed com.aistudio.ereader.xynk/com.example.MainActivity for user 0: +4s822ms
06-01 06:44:16.441  4888  4909 I HWUI    : Davey! duration=2286ms; Flags=1, FrameTimelineVsyncId=12625, IntendedVsync=877275212128, Vsync=877275212128, InputEventId=0, HandleInputStart=877287417400, AnimationStart=877287458600, PerformTraversalsStart=877287505400, DrawStart=879127808100, FrameDeadline=877291878794, FrameStartTime=877287368300, FrameInterval=16666666, WorkloadTarget=16666666, SyncQueued=879152801400, SyncStart=879154040800, IssueDrawCommandsStart=879154184500, SwapBuffers=879415914300, FrameCompleted=879562453500, DequeueBufferDuration=32300, QueueBufferDuration=612700, GpuCompleted=879562453500, SwapBuffersCompleted=879547454200, DisplayPresentTime=0, CommandSubmissionCompleted=879415914300, 
06-01 06:44:16.555  4888  4888 I Choreographer: Skipped 136 frames!  The application may be doing too much work on its main thread.
06-01 06:44:16.670   678   798 I ImeTracker: com.aistudio.ereader.xynk:8eb4a68e: onRequestHide at ORIGIN_SERVER reason HIDE_UNSPECIFIED_WINDOW fromUser false
06-01 06:44:16.709  1403  1403 W NotificationCenter: NotificationCenter$NotificationQueue.notifyPendingNotificationsOnExecutor():877 Heavy notify work detected on UI thread: [nim->nif] takes 28ms
06-01 06:44:16.719  1403  1403 I GoogleInputMethodService: GoogleInputMethodService.onFinishInput():2259 
06-01 06:44:16.722  1403  1403 I Module  : DeviceLockedStatusModuleProvider$Module.updateDeviceLockedStatus():103 repeatCheckTimes = 0, locked = false
06-01 06:44:16.746   678  1654 I ImeTracker: system_server:d8119277: onRequestHide at ORIGIN_SERVER reason IME_REQUESTED_CHANGED_LISTENER fromUser false
06-01 06:44:16.755  1403  1403 I GoogleInputMethodService: GoogleInputMethodService.onStartInput():1446 onStartInput(EditorInfo{EditorInfo{packageName=com.aistudio.ereader.xynk, inputType=0, inputTypeString=NULL, enableLearning=false, autoCorrection=false, autoComplete=false, imeOptions=0, privateImeOptions=null, actionName=UNSPECIFIED, actionLabel=null, initialSelStart=-1, initialSelEnd=-1, initialCapsMode=0, label=null, fieldId=0, fieldName=null, extras=null, hintText=null, hintLocales=[]}}, false)
06-01 06:44:16.756  1403  1403 W AndroidIME: LatinIMEBase.updateInputViewCoverNavigation():327 Null input view, cannot update padding!
06-01 06:44:16.759  1403  1403 I Module  : DeviceLockedStatusModuleProvider$Module.updateDeviceLockedStatus():103 repeatCheckTimes = 1, locked = false
06-01 06:44:16.760   678   711 I ImeTracker: system_server:d8119277: onCancelled at PHASE_SERVER_SHOULD_HIDE
06-01 06:44:16.761  4888  4897 I HWUI    : Davey! duration=2441ms; Flags=0, FrameTimelineVsyncId=12647, IntendedVsync=877408545456, Vsync=879675212032, InputEventId=0, HandleInputStart=879693235400, AnimationStart=879693267000, PerformTraversalsStart=879750756000, DrawStart=879752748200, FrameDeadline=879591878702, FrameStartTime=879691054400, FrameInterval=16666666, WorkloadTarget=16666666, SyncQueued=879755983800, SyncStart=879769021200, IssueDrawCommandsStart=879769230800, SwapBuffers=879771611700, FrameCompleted=879862844000, DequeueBufferDuration=48000, QueueBufferDuration=68116300, GpuCompleted=879862528800, SwapBuffersCompleted=879862844000, DisplayPresentTime=0, CommandSubmissionCompleted=879771611700, 
06-01 06:44:16.768   678  1654 W PackageConfigPersister: App-specific configuration not found for packageName: com.aistudio.ereader.xynk and userId: 0
06-01 06:44:16.773  4888  4888 D InsetsController: hide(ime(), fromIme=false)
06-01 06:44:16.780  4888  4888 I ImeTracker: com.aistudio.ereader.xynk:8eb4a68e: onCancelled at PHASE_CLIENT_ALREADY_HIDDEN
06-01 06:44:16.822  1241  1748 I FontLog : (REDACTED) Received query %s, URI %s
06-01 06:44:16.822  1241  1748 I FontLog : (REDACTED) Query [%s] resolved to %s
06-01 06:44:16.825  1241  1748 I FontLog : (REDACTED) Fetch %s end status %s
06-01 06:44:16.841  1241  1748 I FontLog : (REDACTED) Pulling font file for id = %d, cache size = %d
06-01 06:44:16.850  1046  1046 D BaseDepthController: setSurface:
06-01 06:44:16.850  1046  1046 D BaseDepthController: 	mWaitingOnSurfaceValidity: false
06-01 06:44:16.850  1046  1046 D BaseDepthController: 	mBaseSurface: null
06-01 06:44:16.851  1046  1046 D BaseDepthController: mSurface is null and mCurrentBlur is: 0
06-01 06:44:16.851  1046  1046 D StateManager: goToState - fromState: Normal, toState: Normal, partial trace:
06-01 06:44:16.851  1046  1046 D StateManager: 	at com.android.launcher3.statemanager.StateManager.moveToRestState(go/retraceme 72a59688580715d19f0e415c69e80376c2f062d1648c80db6730905005a27c20:4)
06-01 06:44:16.851  1046  1046 D StateManager: 	at com.android.launcher3.statemanager.StateManager.moveToRestState(go/retraceme 72a59688580715d19f0e415c69e80376c2f062d1648c80db6730905005a27c20:1)
06-01 06:44:16.851  1046  1046 D StateManager: 	at com.android.launcher3.statemanager.StatefulActivity.onStop(go/retraceme 72a59688580715d19f0e415c69e80376c2f062d1648c80db6730905005a27c20:34)
06-01 06:44:16.852  1046  1046 D StatsLog: LAUNCHER_ONSTOP
06-01 06:44:16.856  1046  1046 D StatsLog: LAUNCHER_GOOGLE_SEARCH_RESTORE_LIST_SIZE_AFTER_ACTIVITY_RESTART
06-01 06:44:16.862  1241  1748 I FontLog : (REDACTED) Pulling font file for id = %d, cache size = %d
06-01 06:44:16.904   678   886 D BackgroundInstallControlService: Package event received: 0
06-01 06:44:17.613  4834  4840 I AidlLazyServiceRegistrar: Process has 0 (of 2 available) client(s) in use after notification android.system.virtualizationmaintenance has clients: 0
06-01 06:44:17.613  4834  4840 I AidlLazyServiceRegistrar: Trying to shut down the service. No clients in use for any service in process.
06-01 06:44:17.617  4834  4840 I AidlLazyServiceRegistrar: Unregistered all clients and exiting
06-01 06:44:19.222  4888  4929 D ProfileInstaller: Installing profile for com.aistudio.ereader.xynk
06-01 06:44:19.661   678   920 W FileUtils: Failed to chmod(AtomicFile[/data/system_de/0/system/game-manager-service.xml]): android.system.ErrnoException: chmod failed: ENOENT (No such file or directory)
06-01 06:44:19.830   938  1022 D ShellBackPreview: Finishing gesture with event action: 1
06-01 06:44:19.830   938  1022 D ShellBackPreview: onGestureFinished called while no gesture is started
06-01 06:44:19.884   678  1654 D CoreBackPreview: Window{8a2db35 u0 com.aistudio.ereader.xynk/com.example.MainActivity}: Setting back callback OnBackInvokedCallbackInfo{mCallback=android.window.IOnBackInvokedCallback$Stub$Proxy@4d6d9d4, mPriority=0, mIsAnimationCallback=true, mOverrideBehavior=0}
06-01 06:44:19.921   678   780 D ActivityManager: freezing 3676 com.google.android.documentsui
06-01 06:44:19.926   678   838 D InetDiagMessage: Destroyed 0 sockets, proto=IPPROTO_TCP, family=AF_INET, states=14
06-01 06:44:19.927   678   838 D InetDiagMessage: Destroyed 0 sockets, proto=IPPROTO_TCP, family=AF_INET6, states=14
06-01 06:44:19.928   678   838 D InetDiagMessage: Destroyed live tcp sockets for uids={10105} in 2ms
06-01 06:44:21.047   678   780 D ActivityManager: freezing 3640 com.android.chrome
06-01 06:44:21.049   678   838 D InetDiagMessage: Destroyed 0 sockets, proto=IPPROTO_TCP, family=AF_INET, states=14
06-01 06:44:21.050   678   838 D InetDiagMessage: Destroyed 0 sockets, proto=IPPROTO_TCP, family=AF_INET6, states=14
06-01 06:44:21.050   678   838 D InetDiagMessage: Destroyed live tcp sockets for uids={10150} in 1ms
06-01 06:44:21.471   678   780 D ActivityManager: freezing 1866 android.process.media
06-01 06:44:21.473   678   838 D InetDiagMessage: Destroyed 0 sockets, proto=IPPROTO_TCP, family=AF_INET, states=14
06-01 06:44:21.473   678   838 D InetDiagMessage: Destroyed 0 sockets, proto=IPPROTO_TCP, family=AF_INET6, states=14
06-01 06:44:21.473   678   838 D InetDiagMessage: Destroyed live tcp sockets for uids={10101} in 2ms
06-01 06:44:21.677   678   780 D ActivityManager: freezing 3761 com.google.android.packageinstaller
06-01 06:44:21.680   678   838 D InetDiagMessage: Destroyed 0 sockets, proto=IPPROTO_TCP, family=AF_INET, states=14
06-01 06:44:21.681   678   838 D InetDiagMessage: Destroyed 0 sockets, proto=IPPROTO_TCP, family=AF_INET6, states=14
06-01 06:44:21.681   678   838 D InetDiagMessage: Destroyed live tcp sockets for uids={10104} in 2ms
06-01 06:44:21.961   678   757 I ActivityManager: Background started FGS: Allowed [callingPackage: com.aistudio.ereader.xynk; callingUid: 10223; uidState: TOP ; uidBFSL: [BFSL]; intent: Intent { xflg=0x4 cmp=com.aistudio.ereader.xynk/com.example.web.LocalWebService }; code:PROC_STATE_TOP; tempAllowListReason:<null>; allowWiu:12; targetSdkVersion:36; callerTargetSdkVersion:36; startForegroundCount:0; bindFromPackage:null: isBindService:false]
06-01 06:44:22.028   266  4781 I keystore2: system/security/keystore2/watchdog/src/lib.rs:377 - Watchdog thread idle -> terminating. Have a great day.
06-01 06:44:22.140   678  1654 I ActivityManager: Background started FGS: Allowed [callingPackage: com.aistudio.ereader.xynk; callingUid: 10223; uidState: TOP ; uidBFSL: [BFSL]; intent: Intent { cmp=com.aistudio.ereader.xynk/com.example.web.LocalWebService }; code:PROC_STATE_TOP; tempAllowListReason:<null>; allowWiu:12; targetSdkVersion:36; callerTargetSdkVersion:36; startForegroundCount:0; bindFromPackage:null: isBindService:false]
06-01 06:44:22.141   678  1654 W ForegroundServiceTypeLoggerModule: Foreground service start for UID: 10223 does not have any types
06-01 06:44:22.141   678   886 D BackgroundInstallControlService: Package event received: 0
06-01 06:44:22.786   678   780 D ActivityManager: freezing 2411 com.android.vending
06-01 06:44:22.996   678   780 D ActivityManager: freezing 3036 com.android.vending:background
06-01 06:44:22.999   678   838 D InetDiagMessage: Destroyed 0 sockets, proto=IPPROTO_TCP, family=AF_INET, states=14
06-01 06:44:23.002   678   838 D InetDiagMessage: Destroyed 1 sockets, proto=IPPROTO_TCP, family=AF_INET6, states=14
06-01 06:44:23.002   678   838 D InetDiagMessage: Destroyed live tcp sockets for uids={10144} in 4ms
06-01 06:44:23.575  1038  1277 D SatelliteController: iisInCarrierRoamingNbIotNtn: satellite is disabled
06-01 06:44:23.575   678  1654 W IPCThreadState: Sending oneway calls to frozen process.
06-01 06:44:24.269  4888  4908 W JobInfo : Requested important-while-foreground flag for job0 is ignored and takes no effect
06-01 06:44:24.272  4888  4908 D WM-SystemJobScheduler: Scheduling work ID 8fff6518-5eae-400c-a5e8-39292adfbfbaJob ID 0
06-01 06:44:24.281  4888  4908 D WM-GreedyScheduler: Starting work for 8fff6518-5eae-400c-a5e8-39292adfbfba
06-01 06:44:24.290  4888  4888 D WM-SystemJobService: onStartJob for WorkGenerationalId(workSpecId=8fff6518-5eae-400c-a5e8-39292adfbfba, generation=0)
06-01 06:44:24.306  4888  4908 D WM-Processor: Processor: processing WorkGenerationalId(workSpecId=8fff6518-5eae-400c-a5e8-39292adfbfba, generation=0)
06-01 06:44:24.309  4888  4908 D WM-Processor: Work WorkGenerationalId(workSpecId=8fff6518-5eae-400c-a5e8-39292adfbfba, generation=0) is already enqueued for processing
06-01 06:44:24.399  4888  4888 D WM-WorkerWrapper: Starting work for com.example.data.GraphDownloadWorker
06-01 06:44:24.413  4888  4913 D WM-PackageManagerHelper: androidx.work.impl.background.systemalarm.RescheduleReceiver enabled
06-01 06:44:24.415  4888  4912 I WM-Processor: Moving WorkSpec (8fff6518-5eae-400c-a5e8-39292adfbfba) to the foreground
06-01 06:44:24.424   678  1654 I ActivityManager: Background started FGS: Allowed [callingPackage: com.aistudio.ereader.xynk; callingUid: 10223; uidState: TOP ; uidBFSL: [BFSL]; intent: Intent { act=ACTION_START_FOREGROUND xflg=0x4 cmp=com.aistudio.ereader.xynk/androidx.work.impl.foreground.SystemForegroundService (has extras) }; code:PROC_STATE_TOP; tempAllowListReason:<null>; allowWiu:12; targetSdkVersion:36; callerTargetSdkVersion:36; startForegroundCount:0; bindFromPackage:null: isBindService:false]
06-01 06:44:24.435  4888  4888 I WM-SystemFgDispatcher: Started foreground service Intent { act=ACTION_START_FOREGROUND xflg=0x4 cmp=com.aistudio.ereader.xynk/androidx.work.impl.foreground.SystemForegroundService (has extras) }
06-01 06:44:24.436  4888  4888 D WM-SystemFgDispatcher: Notifying with (id:1123, workSpecId: 8fff6518-5eae-400c-a5e8-39292adfbfba, notificationType :1)
06-01 06:44:24.438   678  1654 I ActivityManager: Background started FGS: Allowed [callingPackage: com.aistudio.ereader.xynk; callingUid: 10223; uidState: TOP ; uidBFSL: [BFSL]; intent: Intent { act=ACTION_START_FOREGROUND cmp=com.aistudio.ereader.xynk/androidx.work.impl.foreground.SystemForegroundService }; code:PROC_STATE_TOP; tempAllowListReason:<null>; allowWiu:12; targetSdkVersion:36; callerTargetSdkVersion:36; startForegroundCount:0; bindFromPackage:null: isBindService:false]
06-01 06:44:24.439   678  1654 W ForegroundServiceTypeLoggerModule: Foreground service start for UID: 10223 does not have any types
06-01 06:44:24.441   678   886 D BackgroundInstallControlService: Package event received: 0
06-01 06:44:24.441  4888  4888 D WM-SystemFgDispatcher: Notifying with (id:1123, workSpecId: 8fff6518-5eae-400c-a5e8-39292adfbfba, notificationType :1)
06-01 06:44:24.447   678   757 I ActivityManager: Background started FGS: Allowed [callingPackage: com.aistudio.ereader.xynk; callingUid: 10223; uidState: TOP ; uidBFSL: [BFSL]; intent: Intent { act=ACTION_START_FOREGROUND cmp=com.aistudio.ereader.xynk/androidx.work.impl.foreground.SystemForegroundService }; code:PROC_STATE_TOP; tempAllowListReason:<null>; allowWiu:12; targetSdkVersion:36; callerTargetSdkVersion:36; startForegroundCount:1; bindFromPackage:null: isBindService:false]
06-01 06:44:24.482  4888  4912 I WM-WorkerWrapper: Worker result RETRY for Work [ id=8fff6518-5eae-400c-a5e8-39292adfbfba, tags={ com.example.data.GraphDownloadWorker } ]
06-01 06:44:24.495  4888  4888 D WM-Processor: Processor 8fff6518-5eae-400c-a5e8-39292adfbfba executed; reschedule = true
06-01 06:44:24.495  4888  4888 D WM-SystemJobService: 8fff6518-5eae-400c-a5e8-39292adfbfba executed on JobScheduler
06-01 06:44:24.496  4888  4888 D WM-SystemFgDispatcher: Removing Notification (id: 1123, workSpecId: WorkGenerationalId(workSpecId=8fff6518-5eae-400c-a5e8-39292adfbfba, generation=0), notificationType: 1
06-01 06:44:24.498  4888  4888 I WM-SystemFgDispatcher: Stopping foreground service
06-01 06:44:24.498  4888  4888 D WM-SystemFgService: Shutting down.
06-01 06:44:24.499   678  1654 D ActivityManager: Stop FGS timeout: ServiceRecord{87d517a u0 com.aistudio.ereader.xynk/androidx.work.impl.foreground.SystemForegroundService c:com.aistudio.ereader.xynk}
06-01 06:44:24.500   678  1654 W ForegroundServiceTypeLoggerModule: FGS stop call for: 10223 has no types!
06-01 06:44:24.505  4888  4912 D WM-GreedyScheduler: Cancelling work ID 8fff6518-5eae-400c-a5e8-39292adfbfba
06-01 06:44:24.505   678   886 D BackgroundInstallControlService: Package event received: 0
06-01 06:44:24.508   678   757 W JobScheduler: Job didn't exist in JobStore: e4be022 {androidx.work.systemjobscheduler} #u0a223/0 @androidx.work.systemjobscheduler@com.aistudio.ereader.xynk/androidx.work.impl.background.systemjob.SystemJobService
06-01 06:44:24.509  4888  4888 D WM-SystemJobService: onStopJob for WorkGenerationalId(workSpecId=8fff6518-5eae-400c-a5e8-39292adfbfba, generation=0)
06-01 06:44:24.516  4888  4912 D WM-SystemJobScheduler: Scheduling work ID 8fff6518-5eae-400c-a5e8-39292adfbfbaJob ID 1
06-01 06:44:25.424   678   745 I AppsFilter: interaction: PackageSetting{4801e16 com.android.microdroid.empty_payload/10196} -> PackageSetting{6ff0b46 com.aistudio.ereader.xynk/10223} BLOCKED
06-01 06:44:25.425   678   745 I AppsFilter: interaction: PackageSetting{46da984 com.drduc.translator/10217} -> PackageSetting{6ff0b46 com.aistudio.ereader.xynk/10223} BLOCKED
06-01 06:44:25.435   678   782 I RoleService: Granting default roles...
06-01 06:44:25.436   678   885 D ShortcutService: received package broadcast intent: Intent { act=android.intent.action.PACKAGE_CHANGED dat=package: flg=0x45000010 pkg=android (has extras) }
06-01 06:44:25.436   678   885 D ShortcutService: changing package: com.aistudio.ereader.xynk userId=0
06-01 06:44:25.439  1046  1116 D PackageUpdatedTask: Package updated: mOp=UPDATE packages=[com.aistudio.ereader.xynk], user=UserHandle{0}
06-01 06:44:25.440  1502  4880 I AiAiEcho: AppIndexer Package:[com.aistudio.ereader.xynk] UserProfile:[0] Enabled:[true].
06-01 06:44:25.440  1502  4880 I AiAiEcho: AppFetcherImplV2 updateApps package:[com.aistudio.ereader.xynk], userId:[0], reason:[package is updated.].
06-01 06:44:25.448   678  1772 W SignedPackage: Package doesn't have required signing certificate: com.google.android.retaildemo
06-01 06:44:25.451   678  1772 E RoleControllerServiceImpl: Default/fallback role holder package doesn't qualify for the role, package: com.google.android.gms.supervision, role: android.app.role.SYSTEM_SUPERVISION
06-01 06:44:25.452   678   802 V AccessibilityManagerService: onUserStateChangedLocked for userId: 0, forceUpdate: false
06-01 06:44:25.453   678   802 W MagnificationConnectionManager: requestConnection duplicated request: connect=false, mConnectionState=DISCONNECTED
06-01 06:44:25.456   678  1772 W SignedPackage: Package doesn't have required signing certificate: com.google.android.apps.work.clouddpc
06-01 06:44:25.461   678   678 W IPCThreadState: Sending oneway calls to frozen process.
06-01 06:44:25.462   678   678 W IPCThreadState: Sending oneway calls to frozen process.
06-01 06:44:25.462   678   678 W IPCThreadState: Sending oneway calls to frozen process.
06-01 06:44:25.465   678   886 D BackgroundInstallControlService: Package event received: 0
06-01 06:44:25.465   678   886 D BackgroundInstallControlService: Package event received: 0
06-01 06:44:25.468  1339  1349 I PermissionControllerServiceImpl: Updating user sensitive for uid 10223
06-01 06:44:25.488   678  1772 I Role    : com.google.android.gms not qualified for android.app.role.SYSTEM_DEPENDENCY_INSTALLER due to missing RequiredComponent{mIntentFilterData=IntentFilterData{mAction='android.content.pm.action.INSTALL_DEPENDENCY', mCategories='[]', mDataScheme='null', mDataType='null'}, mMinTargetSdkVersion=1, mFlags='0', mPermission='android.permission.BIND_DEPENDENCY_INSTALLER', mQueryFlags=0, mMetaData=[]}
06-01 06:44:25.488   678  1772 E RoleControllerServiceImpl: Default/fallback role holder package doesn't qualify for the role, package: com.google.android.gms, role: android.app.role.SYSTEM_DEPENDENCY_INSTALLER
06-01 06:44:25.502  1046  1116 W HWUI    : Image decoding logging dropped!
06-01 06:44:25.503  1046  1116 D AlphabeticIndexCompat: computeSectionName: cs: E-Reader sectionName: E
06-01 06:44:25.504  1046  1046 D AllAppsStore: setApps: apps.length=22
06-01 06:44:25.504  1046  1046 D AllAppsStore: notifyUpdate: notifying listeners
06-01 06:44:25.504  1046  1046 D ActivityAllAppsContainerView: onAppsUpdated; number of apps: 22
06-01 06:44:25.504  1046  1046 D ActivityAllAppsContainerView: rebindAdapters: force: false
06-01 06:44:25.504  1046  1046 D ActivityAllAppsContainerView: rebindAdapters: Not needed.
06-01 06:44:25.504  1046  1046 D StatsLog: LAUNCHER_ALLAPPS_COUNT
06-01 06:44:25.504  1046  1046 D AlphabeticalAppsList: Clearing FastScrollerSections.
06-01 06:44:25.504  1046  1046 D AlphabeticalAppsList: Adding apps with sections. HasPrivateApps: false
06-01 06:44:25.504  1046  1046 D AlphabeticalAppsList: addAppsWithSections: adding sectionName: C with appInfoTitle: Calendar
06-01 06:44:25.504  1046  1046 D AlphabeticalAppsList: addAppsWithSections: adding sectionName: D with appInfoTitle: DrDuc Translator
06-01 06:44:25.504  1046  1046 D AlphabeticalAppsList: addAppsWithSections: adding sectionName: E with appInfoTitle: E-Reader
06-01 06:44:25.504  1046  1046 D AlphabeticalAppsList: addAppsWithSections: adding sectionName: F with appInfoTitle: Files
06-01 06:44:25.504  1046  1046 D AlphabeticalAppsList: addAppsWithSections: adding sectionName: G with appInfoTitle: Gmail
06-01 06:44:25.504  1046  1046 D AlphabeticalAppsList: addAppsWithSections: adding sectionName: M with appInfoTitle: Maps
06-01 06:44:25.504  1046  1046 D AlphabeticalAppsList: addAppsWithSections: adding sectionName: P with appInfoTitle: Phone
06-01 06:44:25.504  1046  1046 D AlphabeticalAppsList: addAppsWithSections: adding sectionName: S with appInfoTitle: Safety
06-01 06:44:25.504  1046  1046 D AlphabeticalAppsList: addAppsWithSections: adding sectionName: T with appInfoTitle: TMoble
06-01 06:44:25.504  1046  1046 D AlphabeticalAppsList: addAppsWithSections: adding sectionName: V with appInfoTitle: Voice Access
06-01 06:44:25.504  1046  1046 D AlphabeticalAppsList: addAppsWithSections: adding sectionName: Y with appInfoTitle: YouTube
06-01 06:44:25.504  1046  1046 D AlphabeticalAppsList: Adding FastScrollSection duplicate to scroll to the bottom.
06-01 06:44:25.505  1046  1046 D AlphabeticalAppsList: Clearing FastScrollerSections.
06-01 06:44:25.505  1046  1046 D AlphabeticalAppsList: Adding apps with sections. HasPrivateApps: false
06-01 06:44:25.505  1046  1046 D AlphabeticalAppsList: addAppsWithSections: adding sectionName: C with appInfoTitle: Calendar
06-01 06:44:25.505  1046  1046 D AlphabeticalAppsList: addAppsWithSections: adding sectionName: D with appInfoTitle: DrDuc Translator
06-01 06:44:25.505  1046  1046 D AlphabeticalAppsList: addAppsWithSections: adding sectionName: E with appInfoTitle: E-Reader
06-01 06:44:25.505  1046  1046 D AlphabeticalAppsList: addAppsWithSections: adding sectionName: F with appInfoTitle: Files
06-01 06:44:25.505  1046  1046 D AlphabeticalAppsList: addAppsWithSections: adding sectionName: G with appInfoTitle: Gmail
06-01 06:44:25.505  1046  1046 D AlphabeticalAppsList: addAppsWithSections: adding sectionName: M with appInfoTitle: Maps
06-01 06:44:25.505  1046  1046 D AlphabeticalAppsList: addAppsWithSections: adding sectionName: P with appInfoTitle: Phone
06-01 06:44:25.505  1046  1046 D AlphabeticalAppsList: addAppsWithSections: adding sectionName: S with appInfoTitle: Safety
06-01 06:44:25.505  1046  1046 D AlphabeticalAppsList: addAppsWithSections: adding sectionName: T with appInfoTitle: TMoble
06-01 06:44:25.505  1046  1046 D AlphabeticalAppsList: addAppsWithSections: adding sectionName: V with appInfoTitle: Voice Access
06-01 06:44:25.505  1046  1046 D AlphabeticalAppsList: addAppsWithSections: adding sectionName: Y with appInfoTitle: YouTube
06-01 06:44:25.505  1046  1046 D AlphabeticalAppsList: Adding FastScrollSection duplicate to scroll to the bottom.
06-01 06:44:25.509  1046  1046 D b/387844520: getOutlineOffsetX: measured width = 173, mNormalizedIconSize = 159, last updated width = 173
06-01 06:44:25.520   678   771 D ActivityManager: sync unfroze 2411 com.android.vending for 6
06-01 06:44:25.527   678  1772 E RoleControllerServiceImpl: Default/fallback role holder package doesn't qualify for the role, package: com.google.android.gms, role: android.app.role.WALLET
06-01 06:44:25.536   678  1772 W SignedPackage: Cannot get ApplicationInfo for package: com.google.android.devicelockcontroller
06-01 06:44:25.541   678  1426 W ProcessStats: Tracking association SourceState{d8fadec system/1000 ImpBg #3193} whose proc state 6 is better than process ProcessState{85bca22 com.android.vending/10144 pkg=com.android.vending} proc state 14 (13 skipped)
06-01 06:44:25.543  2411  2411 I Finsky  : [2] SCH: job service start with id 9177.
06-01 06:44:25.562  2411  4821 I Finsky  : [153] SCH: Satisfied jobs for 9177 are: 12-1
06-01 06:44:25.566  2411  4945 I Finsky  : [156] SCH: Job 12-1 starting
06-01 06:44:25.568  2411  2411 I Finsky  : [2] WM::SCH: Logging work start for 12-1
06-01 06:44:25.570  2411  2411 I Finsky  : [2] [ContentSync] job started
06-01 06:44:25.668  2411  4946 I Finsky  : [157] App states replicator found 27 unowned apps
06-01 06:44:25.670  2411  2562 I Finsky  : [58] Completed 0 account content syncs with 0 successful.
06-01 06:44:25.670  2411  2411 I Finsky  : [2] [ContentSync] Installation state replication succeeded.
06-01 06:44:25.670  2411  2411 I Finsky  : [2] SCH: jobFinished: 12-1. TimeElapsed: 103ms.
06-01 06:44:25.670  2411  2411 I Finsky  : [2] WM::SCH: Logging work end for 12-1
06-01 06:44:25.696  2411  2557 I Finsky  : [55] SCH: Scheduling phonesky job Id: 1-1337, CT: 1780264207054, Constraints: [{ L: 14399995, D: 44153747, C: CHARGING_NONE, I: IDLE_NONE, N: NET_ANY, B: BATTERY_ANY }]
06-01 06:44:25.703  2411  2558 I Finsky  : [56] SCH: Scheduling 1 system job(s)
06-01 06:44:25.703  2411  2558 I Finsky  : [56] SCH: Scheduling system job Id: 9179, L: 7541346, D: 37295098, C: false, I: false, N: 1
06-01 06:44:25.713  2411  4945 I Finsky  : [156] SCH: job service finished with id 9177.
06-01 06:44:25.729  2411  2411 I Finsky  : [2] Memory trim requested to level 40
06-01 06:44:25.729  2411  2411 I Finsky  : [2] Flushing in-memory image cache
06-01 06:44:25.864   678   838 D InetDiagMessage: Destroyed 0 sockets, proto=IPPROTO_TCP, family=AF_INET, states=14
06-01 06:44:25.865   678   838 D InetDiagMessage: Destroyed 0 sockets, proto=IPPROTO_TCP, family=AF_INET6, states=14
06-01 06:44:25.865   678   838 D InetDiagMessage: Destroyed live tcp sockets for uids={10147} in 1ms
06-01 06:44:25.865   678   838 D InetDiagMessage: Destroyed 0 sockets, proto=IPPROTO_TCP, family=AF_INET, states=14
06-01 06:44:25.866   678   838 D InetDiagMessage: Destroyed 0 sockets, proto=IPPROTO_TCP, family=AF_INET6, states=14
06-01 06:44:25.866   678   838 D InetDiagMessage: Destroyed live tcp sockets for uids={20147} in 1ms
06-01 06:44:26.907   678   832 D WifiConfigStore: Writing to stores completed in 14 ms.
06-01 06:44:27.812  1725  1725 D BoundBrokerSvc: onUnbind: Intent { act=com.google.android.gms.feedback.internal.IFeedbackService dat=chimera-action:/... xflg=0x4 cmp=com.google.android.gms/.chimera.GmsBoundBrokerService }
06-01 06:44:33.587  1038  1277 D SatelliteController: iisInCarrierRoamingNbIotNtn: satellite is disabled
06-01 06:44:33.587   678  1426 W IPCThreadState: Sending oneway calls to frozen process.
06-01 06:44:35.787   678   780 D ActivityManager: freezing 2411 com.android.vending
06-01 06:44:35.790   678   838 D InetDiagMessage: Destroyed 0 sockets, proto=IPPROTO_TCP, family=AF_INET, states=14
06-01 06:44:35.791   678   838 D InetDiagMessage: Destroyed 0 sockets, proto=IPPROTO_TCP, family=AF_INET6, states=14
06-01 06:44:35.791   678   838 D InetDiagMessage: Destroyed live tcp sockets for uids={10144} in 2ms
06-01 06:44:38.234   678   780 D ActivityManager: freezing 1725 com.google.android.gms
06-01 06:44:43.592  1038  1277 D SatelliteController: iisInCarrierRoamingNbIotNtn: satellite is disabled
06-01 06:44:43.593   678  1426 W IPCThreadState: Sending oneway calls to frozen process.
06-01 06:44:45.584   678   780 D ActivityManager: freezing 1339 com.google.android.permissioncontroller
06-01 06:44:45.586   678   838 D InetDiagMessage: Destroyed 0 sockets, proto=IPPROTO_TCP, family=AF_INET, states=14
06-01 06:44:45.587   678   838 D InetDiagMessage: Destroyed 0 sockets, proto=IPPROTO_TCP, family=AF_INET6, states=14
06-01 06:44:45.587   678   838 D InetDiagMessage: Destroyed live tcp sockets for uids={10207} in 2ms
06-01 06:44:49.345   678   780 D ActivityManager: freezing 1770 com.android.keychain
06-01 06:44:49.346   678   780 D ActivityManager: freezing 2835 com.android.dynsystem:dynsystem
06-01 06:44:49.346   678   780 D ActivityManager: freezing 2789 com.android.dynsystem
06-01 06:44:49.347   678   780 D ActivityManager: freezing 1842 com.android.localtransport
06-01 06:44:50.871   678   780 D ActivityManager: freezing 2285 com.google.android.apps.wellbeing
06-01 06:44:50.886   678   838 D InetDiagMessage: Destroyed 0 sockets, proto=IPPROTO_TCP, family=AF_INET, states=14
06-01 06:44:50.887   678   838 D InetDiagMessage: Destroyed 0 sockets, proto=IPPROTO_TCP, family=AF_INET6, states=14
06-01 06:44:50.887   678   838 D InetDiagMessage: Destroyed live tcp sockets for uids={10147} in 1ms
06-01 06:44:53.592  1038  1277 D SatelliteController: iisInCarrierRoamingNbIotNtn: satellite is disabled
06-01 06:44:53.592   678   757 W IPCThreadState: Sending oneway calls to frozen process.
06-01 06:44:54.505  4888  4888 D WM-DelayedWorkTracker: Scheduling work 8fff6518-5eae-400c-a5e8-39292adfbfba
06-01 06:44:54.506  4888  4888 D WM-GreedyScheduler: Starting work for 8fff6518-5eae-400c-a5e8-39292adfbfba
06-01 06:44:54.508  4888  4912 D WM-Processor: Processor: processing WorkGenerationalId(workSpecId=8fff6518-5eae-400c-a5e8-39292adfbfba, generation=0)
06-01 06:44:54.512  4888  4888 D WM-WorkerWrapper: Starting work for com.example.data.GraphDownloadWorker
06-01 06:44:54.517  4888  4908 I WM-Processor: Moving WorkSpec (8fff6518-5eae-400c-a5e8-39292adfbfba) to the foreground
06-01 06:44:54.521   678   757 I ActivityManager: Background started FGS: Allowed [callingPackage: com.aistudio.ereader.xynk; callingUid: 10223; uidState: TOP ; uidBFSL: [BFSL]; intent: Intent { act=ACTION_START_FOREGROUND xflg=0x4 cmp=com.aistudio.ereader.xynk/androidx.work.impl.foreground.SystemForegroundService (has extras) }; code:PROC_STATE_TOP; tempAllowListReason:<null>; allowWiu:12; targetSdkVersion:36; callerTargetSdkVersion:36; startForegroundCount:0; bindFromPackage:null: isBindService:false]
06-01 06:44:54.525  4888  4888 I WM-SystemFgDispatcher: Started foreground service Intent { act=ACTION_START_FOREGROUND xflg=0x4 cmp=com.aistudio.ereader.xynk/androidx.work.impl.foreground.SystemForegroundService (has extras) }
06-01 06:44:54.525  4888  4888 D WM-SystemFgDispatcher: Notifying with (id:1123, workSpecId: 8fff6518-5eae-400c-a5e8-39292adfbfba, notificationType :1)
06-01 06:44:54.526   678   757 I ActivityManager: Background started FGS: Allowed [callingPackage: com.aistudio.ereader.xynk; callingUid: 10223; uidState: TOP ; uidBFSL: [BFSL]; intent: Intent { act=ACTION_START_FOREGROUND cmp=com.aistudio.ereader.xynk/androidx.work.impl.foreground.SystemForegroundService }; code:PROC_STATE_TOP; tempAllowListReason:<null>; allowWiu:12; targetSdkVersion:36; callerTargetSdkVersion:36; startForegroundCount:0; bindFromPackage:null: isBindService:false]
06-01 06:44:54.526   678   757 W ForegroundServiceTypeLoggerModule: Foreground service start for UID: 10223 does not have any types
06-01 06:44:54.527   678   886 D BackgroundInstallControlService: Package event received: 0
06-01 06:44:54.528  4888  4888 D WM-SystemFgDispatcher: Notifying with (id:1123, workSpecId: 8fff6518-5eae-400c-a5e8-39292adfbfba, notificationType :1)
06-01 06:44:54.532   678   757 I ActivityManager: Background started FGS: Allowed [callingPackage: com.aistudio.ereader.xynk; callingUid: 10223; uidState: TOP ; uidBFSL: [BFSL]; intent: Intent { act=ACTION_START_FOREGROUND cmp=com.aistudio.ereader.xynk/androidx.work.impl.foreground.SystemForegroundService }; code:PROC_STATE_TOP; tempAllowListReason:<null>; allowWiu:12; targetSdkVersion:36; callerTargetSdkVersion:36; startForegroundCount:1; bindFromPackage:null: isBindService:false]
06-01 06:44:54.536  4888  4912 I WM-WorkerWrapper: Worker result RETRY for Work [ id=8fff6518-5eae-400c-a5e8-39292adfbfba, tags={ com.example.data.GraphDownloadWorker } ]
06-01 06:44:54.540  4888  4888 D WM-Processor: Processor 8fff6518-5eae-400c-a5e8-39292adfbfba executed; reschedule = true
06-01 06:44:54.541  4888  4888 D WM-SystemFgDispatcher: Removing Notification (id: 1123, workSpecId: WorkGenerationalId(workSpecId=8fff6518-5eae-400c-a5e8-39292adfbfba, generation=0), notificationType: 1
06-01 06:44:54.542  4888  4888 I WM-SystemFgDispatcher: Stopping foreground service
06-01 06:44:54.542  4888  4888 D WM-SystemFgService: Shutting down.
06-01 06:44:54.546   678  1654 D ActivityManager: Stop FGS timeout: ServiceRecord{45c5020 u0 com.aistudio.ereader.xynk/androidx.work.impl.foreground.SystemForegroundService c:com.aistudio.ereader.xynk}
06-01 06:44:54.546   678  1654 W ForegroundServiceTypeLoggerModule: FGS stop call for: 10223 has no types!
06-01 06:44:54.548   678   886 D BackgroundInstallControlService: Package event received: 0
06-01 06:44:54.553  4888  4912 D WM-GreedyScheduler: Cancelling work ID 8fff6518-5eae-400c-a5e8-39292adfbfba
06-01 06:44:54.557  4888  4912 D WM-SystemJobScheduler: Scheduling work ID 8fff6518-5eae-400c-a5e8-39292adfbfbaJob ID 2
06-01 06:45:03.595  1038  1277 D SatelliteController: iisInCarrierRoamingNbIotNtn: satellite is disabled
06-01 06:45:03.595   678   757 W IPCThreadState: Sending oneway calls to frozen process.
06-01 06:45:08.974   678   730 D KernelCpuUidUserSysTimeReader: Removing uids 10221-10221
06-01 06:45:08.987   678   730 E BluetoothPowerStatsCollector: Cannot acquire BluetoothActivityEnergyInfo
06-01 06:45:08.987   678   730 E BluetoothPowerStatsCollector: java.util.concurrent.ExecutionException: java.lang.RuntimeException: error: 11
06-01 06:45:08.987   678   730 E BluetoothPowerStatsCollector: 	at java.util.concurrent.CompletableFuture.reportGet(CompletableFuture.java:372)
06-01 06:45:08.987   678   730 E BluetoothPowerStatsCollector: 	at java.util.concurrent.CompletableFuture.get(CompletableFuture.java:2072)
06-01 06:45:08.987   678   730 E BluetoothPowerStatsCollector: 	at com.android.server.power.stats.BluetoothPowerStatsCollector.collectBluetoothActivityInfo(BluetoothPowerStatsCollector.java:192)
06-01 06:45:08.987   678   730 E BluetoothPowerStatsCollector: 	at com.android.server.power.stats.BluetoothPowerStatsCollector.collectStats(BluetoothPowerStatsCollector.java:155)
06-01 06:45:08.987   678   730 E BluetoothPowerStatsCollector: 	at com.android.server.power.stats.PowerStatsCollector.collectAndDeliverStats(PowerStatsCollector.java:176)
06-01 06:45:08.987   678   730 E BluetoothPowerStatsCollector: 	at com.android.server.power.stats.PowerStatsCollector$$ExternalSyntheticLambda0.run(R8$$SyntheticClass:0)
06-01 06:45:08.987   678   730 E BluetoothPowerStatsCollector: 	at android.os.Handler.handleCallback(Handler.java:995)
06-01 06:45:08.987   678   730 E BluetoothPowerStatsCollector: 	at android.os.Handler.dispatchMessage(Handler.java:103)
06-01 06:45:08.987   678   730 E BluetoothPowerStatsCollector: 	at android.os.Looper.loopOnce(Looper.java:248)
06-01 06:45:08.987   678   730 E BluetoothPowerStatsCollector: 	at android.os.Looper.loop(Looper.java:338)
06-01 06:45:08.987   678   730 E BluetoothPowerStatsCollector: 	at android.os.HandlerThread.run(HandlerThread.java:85)
06-01 06:45:08.987   678   730 E BluetoothPowerStatsCollector: Caused by: java.lang.RuntimeException: error: 11
06-01 06:45:08.987   678   730 E BluetoothPowerStatsCollector: 	at com.android.server.power.stats.BluetoothPowerStatsCollector$1.onBluetoothActivityEnergyInfoError(BluetoothPowerStatsCollector.java:181)
06-01 06:45:08.987   678   730 E BluetoothPowerStatsCollector: 	at android.bluetooth.BluetoothAdapter$OnBluetoothActivityEnergyInfoProxy.lambda$onBluetoothActivityEnergyInfoAvailable$0(BluetoothAdapter.java:1037)
06-01 06:45:08.987   678   730 E BluetoothPowerStatsCollector: 	at android.bluetooth.BluetoothAdapter$OnBluetoothActivityEnergyInfoProxy$$ExternalSyntheticLambda1.run(D8$$SyntheticClass:0)
06-01 06:45:08.987   678   730 E BluetoothPowerStatsCollector: 	at android.bluetooth.BluetoothUtils.lambda$executeFromBinder$0(BluetoothUtils.java:343)
06-01 06:45:08.987   678   730 E BluetoothPowerStatsCollector: 	at android.bluetooth.BluetoothUtils$$ExternalSyntheticLambda1.run(D8$$SyntheticClass:0)
06-01 06:45:08.987   678   730 E BluetoothPowerStatsCollector: 	at com.android.server.SystemServerInitThreadPool$$ExternalSyntheticLambda0.execute(R8$$SyntheticClass:0)
06-01 06:45:08.987   678   730 E BluetoothPowerStatsCollector: 	at android.bluetooth.BluetoothUtils.executeFromBinder(BluetoothUtils.java:343)
06-01 06:45:08.987   678   730 E BluetoothPowerStatsCollector: 	at android.bluetooth.BluetoothAdapter$OnBluetoothActivityEnergyInfoProxy.onBluetoothActivityEnergyInfoAvailable(BluetoothAdapter.java:1035)
06-01 06:45:08.987   678   730 E BluetoothPowerStatsCollector: 	at android.bluetooth.IBluetoothActivityEnergyInfoListener$Stub.onTransact(IBluetoothActivityEnergyInfoListener.java:98)
06-01 06:45:08.987   678   730 E BluetoothPowerStatsCollector: 	at android.os.Binder.execTransactInternal(Binder.java:1426)
06-01 06:45:08.987   678   730 E BluetoothPowerStatsCollector: 	at android.os.Binder.execTransact(Binder.java:1365)
06-01 06:45:13.607  1038  1277 D SatelliteController: iisInCarrierRoamingNbIotNtn: satellite is disabled
06-01 06:45:13.608   678  1654 W IPCThreadState: Sending oneway calls to frozen process.
06-01 06:45:23.607  1038  1277 D SatelliteController: iisInCarrierRoamingNbIotNtn: satellite is disabled
06-01 06:45:23.607   678  1654 W IPCThreadState: Sending oneway calls to frozen process.
06-01 06:45:32.761   678   708 I GnssLocationProvider: WakeLock acquired by handleDownloadPsdsData()
06-01 06:45:32.762   678  4950 E GnssPsdsDownloader: No Long-Term PSDS servers were specified in the GnssConfiguration
06-01 06:45:33.617  1038  1277 D SatelliteController: iisInCarrierRoamingNbIotNtn: satellite is disabled
06-01 06:45:33.617   678  1654 W IPCThreadState: Sending oneway calls to frozen process.
06-01 06:45:41.852  1019  1205 D ApfFilter: (wlan0): Adding RA fe80::2 -> ff02::1 1800s fec0::/64 86400s/14400s DNS 1200000s fec0::3 
06-01 06:45:43.630  1038  1277 D SatelliteController: iisInCarrierRoamingNbIotNtn: satellite is disabled
06-01 06:45:43.631   678  1641 W IPCThreadState: Sending oneway calls to frozen process.
06-01 06:45:53.629  1038  1277 D SatelliteController: iisInCarrierRoamingNbIotNtn: satellite is disabled
06-01 06:45:53.630   678  1641 W IPCThreadState: Sending oneway calls to frozen process.
06-01 06:45:54.587  4888  4888 D WM-DelayedWorkTracker: Scheduling work 8fff6518-5eae-400c-a5e8-39292adfbfba
06-01 06:45:54.587  4888  4888 D WM-GreedyScheduler: Starting work for 8fff6518-5eae-400c-a5e8-39292adfbfba
06-01 06:45:54.589  4888  4912 D WM-Processor: Processor: processing WorkGenerationalId(workSpecId=8fff6518-5eae-400c-a5e8-39292adfbfba, generation=0)
06-01 06:45:54.595  4888  4888 D WM-WorkerWrapper: Starting work for com.example.data.GraphDownloadWorker
06-01 06:45:54.599  4888  4908 I WM-Processor: Moving WorkSpec (8fff6518-5eae-400c-a5e8-39292adfbfba) to the foreground
06-01 06:45:54.602   678  1641 I ActivityManager: Background started FGS: Allowed [callingPackage: com.aistudio.ereader.xynk; callingUid: 10223; uidState: TOP ; uidBFSL: [BFSL]; intent: Intent { act=ACTION_START_FOREGROUND xflg=0x4 cmp=com.aistudio.ereader.xynk/androidx.work.impl.foreground.SystemForegroundService (has extras) }; code:PROC_STATE_TOP; tempAllowListReason:<null>; allowWiu:12; targetSdkVersion:36; callerTargetSdkVersion:36; startForegroundCount:0; bindFromPackage:null: isBindService:false]
06-01 06:45:54.605  4888  4888 I WM-SystemFgDispatcher: Started foreground service Intent { act=ACTION_START_FOREGROUND xflg=0x4 cmp=com.aistudio.ereader.xynk/androidx.work.impl.foreground.SystemForegroundService (has extras) }
06-01 06:45:54.605  4888  4888 D WM-SystemFgDispatcher: Notifying with (id:1123, workSpecId: 8fff6518-5eae-400c-a5e8-39292adfbfba, notificationType :1)
06-01 06:45:54.606   678  1654 I ActivityManager: Background started FGS: Allowed [callingPackage: com.aistudio.ereader.xynk; callingUid: 10223; uidState: TOP ; uidBFSL: [BFSL]; intent: Intent { act=ACTION_START_FOREGROUND cmp=com.aistudio.ereader.xynk/androidx.work.impl.foreground.SystemForegroundService }; code:PROC_STATE_TOP; tempAllowListReason:<null>; allowWiu:12; targetSdkVersion:36; callerTargetSdkVersion:36; startForegroundCount:0; bindFromPackage:null: isBindService:false]
06-01 06:45:54.606   678  1654 W ForegroundServiceTypeLoggerModule: Foreground service start for UID: 10223 does not have any types
06-01 06:45:54.608   678   886 D BackgroundInstallControlService: Package event received: 0
06-01 06:45:54.608  4888  4888 D WM-SystemFgDispatcher: Notifying with (id:1123, workSpecId: 8fff6518-5eae-400c-a5e8-39292adfbfba, notificationType :1)
06-01 06:45:54.612   678  1654 I ActivityManager: Background started FGS: Allowed [callingPackage: com.aistudio.ereader.xynk; callingUid: 10223; uidState: TOP ; uidBFSL: [BFSL]; intent: Intent { act=ACTION_START_FOREGROUND cmp=com.aistudio.ereader.xynk/androidx.work.impl.foreground.SystemForegroundService }; code:PROC_STATE_TOP; tempAllowListReason:<null>; allowWiu:12; targetSdkVersion:36; callerTargetSdkVersion:36; startForegroundCount:1; bindFromPackage:null: isBindService:false]
06-01 06:45:54.615  4888  4913 I WM-WorkerWrapper: Worker result RETRY for Work [ id=8fff6518-5eae-400c-a5e8-39292adfbfba, tags={ com.example.data.GraphDownloadWorker } ]
06-01 06:45:54.621  4888  4888 D WM-Processor: Processor 8fff6518-5eae-400c-a5e8-39292adfbfba executed; reschedule = true
06-01 06:45:54.622  4888  4888 D WM-SystemFgDispatcher: Removing Notification (id: 1123, workSpecId: WorkGenerationalId(workSpecId=8fff6518-5eae-400c-a5e8-39292adfbfba, generation=0), notificationType: 1
06-01 06:45:54.623  4888  4888 I WM-SystemFgDispatcher: Stopping foreground service
06-01 06:45:54.623  4888  4888 D WM-SystemFgService: Shutting down.
06-01 06:45:54.623   678  1654 D ActivityManager: Stop FGS timeout: ServiceRecord{f2e598b u0 com.aistudio.ereader.xynk/androidx.work.impl.foreground.SystemForegroundService c:com.aistudio.ereader.xynk}
06-01 06:45:54.624   678  1654 W ForegroundServiceTypeLoggerModule: FGS stop call for: 10223 has no types!
06-01 06:45:54.625   678   886 D BackgroundInstallControlService: Package event received: 0
06-01 06:45:54.632  4888  4908 D WM-GreedyScheduler: Cancelling work ID 8fff6518-5eae-400c-a5e8-39292adfbfba
06-01 06:45:54.638  4888  4908 D WM-SystemJobScheduler: Scheduling work ID 8fff6518-5eae-400c-a5e8-39292adfbfbaJob ID 3
06-01 06:46:03.634  1038  1277 D SatelliteController: iisInCarrierRoamingNbIotNtn: satellite is disabled
06-01 06:46:03.634   678  1654 W IPCThreadState: Sending oneway calls to frozen process.
06-01 06:46:12.041  1241  4855 I .gms.persistent: Explicit concurrent mark compact GC freed 2610KB AllocSpace bytes, 0(0B) LOS objects, 24% free, 13MB/17MB, paused 1.442ms,2.256ms total 74.842ms
06-01 06:46:13.634  1038  1277 D SatelliteController: iisInCarrierRoamingNbIotNtn: satellite is disabled
06-01 06:46:13.635   678  1641 W IPCThreadState: Sending oneway calls to frozen process.
06-01 06:46:14.839   678  1641 D WifiNl80211Manager: Scan result ready event
06-01 06:46:14.840   678  1641 D WifiNative: Scan result ready event
