06-01 06:30:33.829  1517  1922 I LogSaver: LogSaver new instance with filename: carrier_services
06-01 06:30:33.839  1411  1411 W ActivityThread: getPackageInfo() called with an older ApplicationInfo than the cached version for package com.google.android.dialer
06-01 06:30:33.842   938   945 W ndroid.systemui: Suspending all threads took: 127.249ms
06-01 06:30:33.843   678  1702 E JobScheduler.JobStatus: App com.google.android.inputmethod.latin became active but still in NEVER bucket
06-01 06:30:33.852  1411  1411 I DialerMwiReceiver: com.android.dialer.voicemail.service.receivers.MwiReceiver.onReceive:74 Received ACTION_SHOW_VOICEMAIL_NOTIFICATION
06-01 06:30:33.857  1038  1038 I ImsExternalCallTracker: handleVideoCapabilitiesChanged : isVideoCapable = false
06-01 06:30:33.857  1038  1038 D ImsExternalCallTracker: refreshCallPullState
06-01 06:30:33.857  1038  1038 I Telephony: handleVideoCapabilitesChanged. Video capability - false
06-01 06:30:33.858  1038  1277 D SatelliteController: handleCmdUpdateNtnSignalStrengthReporting: ignore request, satellite is disabled
06-01 06:30:33.858  1403  1417 W SP      : File ref is being finalized but wasn't closed, file: scribe_latin_20250829tfreco_tflite_zip[9]
06-01 06:30:33.858  1403  1417 W SP      : File ref is being finalized but wasn't closed, file: qrnn_en-US_reco_20251103_fst_20251103_recospec_zip[9]
06-01 06:30:33.858  1403  1417 W SP      : File ref is being finalized but wasn't closed, file: transformer_latin_conf_tflite_20251103_zip[9]
06-01 06:30:33.864  1411  1411 I DialerBroadcastReceiverStrategyImpl: com.android.dialer.broadcastreceiverstrategy.impl.BroadcastReceiverStrategyImpl.backgroundThenInlineThenForeground:78 try doing work using a background service
06-01 06:30:33.868  1038  1038 D Telephony: isEmergencyPreferredAccount: subId=1, activeData=1
06-01 06:30:33.868  1038  1038 D Telephony: isEmergencyPreferredAccount: Device does not require preference.
06-01 06:30:33.868  1038  1038 W Telephony: registerMmTelCapabilityCallback: registration failed, no ImsService available. Exception: code: 1
06-01 06:30:33.870  1038  1038 I Telephony: isRttCurrentlySupported -- regular acct, hasVoiceAvailability: false
06-01 06:30:33.870  1038  1038 I Telephony:  isRttSupported: false
06-01 06:30:33.870  1038  1038 I Telephony:  alwaysAllowWhileRoaming: false
06-01 06:30:33.870  1038  1038 I Telephony:  isRoaming: false
06-01 06:30:33.870  1038  1038 I Telephony:  isOnWfc: false
06-01 06:30:33.873  1403  1417 W SP      : File ref is being finalized but wasn't closed, file: transformer_latin_seg_tflite_20251103_zip[9]
06-01 06:30:33.874  1403  1417 W SP      : File ref is being finalized but wasn't closed, file: transformer_latin_tflite_20251103_zip[9]
06-01 06:30:33.874  1403  1417 W SP      : File ref is being finalized but wasn't closed, file: en_us_20251103_compact_fst_zip[9]
06-01 06:30:33.874  1403  1417 W SP      : File ref is being finalized but wasn't closed, file: scribe_latin_20250829tfreco_tflite_zip[9]
06-01 06:30:33.874  1403  1417 W SP      : File ref is being finalized but wasn't closed, file: en_us_20251103_compact_fst_zip[9]
06-01 06:30:33.883   938  1159 W Looper  : Slow delivery took 1309ms SysUiBg app=com.android.systemui main=false group=FOREGROUND h=android.net.ConnectivityManager$CallbackHandler c=null m=6
06-01 06:30:33.883  1517  1829 I Bugle   : TelephonyManagerFactory: Returning per-subscription TelephonyManager (>= N) subscription{id:1}
06-01 06:30:33.901  1411  1411 W ActivityThread: getPackageInfo() called with an older ApplicationInfo than the cached version for package com.google.android.dialer
06-01 06:30:33.907  1725  2109 I gle.android.gms: AssetManager2(0x7b2c763bccd8) locale list changing from [] to [en-US]
06-01 06:30:33.915  1517  1829 I Bugle   : pSIM transferStatus is 0 [CONTEXT sub_id=1 ]
06-01 06:30:33.915  1403  1417 W SP      : File ref is being finalized but wasn't closed, file: pack_mapping_v1_lstm_20260206[6]
06-01 06:30:33.915  1403  1417 W SP      : File ref is being finalized but wasn't closed, file: transformer_latin_seg_tflite_20251103_zip[9]
06-01 06:30:33.915  1403  1417 W SP      : File ref is being finalized but wasn't closed, file: qrnn_en-US_reco_20251103_fst_20251103_recospec_zip[9]
06-01 06:30:33.921  1747  2150 D nativeloader: Load /data/app/~~iBncUGgKlJwOT3IgrMCUbQ==/com.google.android.apps.photos-0N0Bb_l42nQbUSo2F0XhqQ==/lib/x86_64/libnative_crash_handler_jni.so using class loader ns clns-9 (caller=/data/app/~~iBncUGgKlJwOT3IgrMCUbQ==/com.google.android.apps.photos-0N0Bb_l42nQbUSo2F0XhqQ==/base.apk!classes2.dex): ok
06-01 06:30:33.929  1725  2109 I gle.android.gms: AssetManager2(0x7b2c763be5d8) locale list changing from [] to [en-US]
06-01 06:30:33.940  1038  1038 W HWUI    : Image decoding logging dropped!
06-01 06:30:33.945  1038  1038 I Telephony: TelecomAccountRegistry$AccountEntry: registerPstnPhoneAccount: Registering account=[[ ] PhoneAccount: ComponentInfo{com.android.phone/com.android.services.telephony.TelephonyConnectionService}, 1, UserHandle{0} Capabilities: CallProvider MultiUser PlaceEmerg SimSub  Audio Routes: BESW Schemes: tel voicemail  Extras: Bundle[{android.telecom.extra.SUPPORTS_VIDEO_CALLING_FALLBACK=true}] GroupId: *** SC Restrictions: [ ]] with Telecom. subId=1
06-01 06:30:33.969   678   678 I Telecom : PhoneAccountRegistrar: getSimCallManager: SimCallManager for subId 1 queried, returning: null: TSI.gSCMFU(a)@AE0
06-01 06:30:33.977   678   756 E JobScheduler.JobStatus: App com.google.android.inputmethod.latin became active but still in NEVER bucket
06-01 06:30:33.988  1411  1411 I DialerDialerBootReceiver: com.android.dialer.bootreceiver.DialerBootReceiver.onReceive:29 received ACTION_BOOT_COMPLETED
06-01 06:30:33.989  1411  1411 I DialerShortcutsJobScheduler: com.android.dialer.shortcuts.ShortcutsJobScheduler.schedule:55 schedule
06-01 06:30:33.990   678  1077 I Telecom : TelecomServiceImpl$1: registerPhoneAccount: account=[[ ] PhoneAccount: ComponentInfo{com.android.phone/com.android.services.telephony.TelephonyConnectionService}, 1, UserHandle{0} Capabilities: CallProvider MultiUser PlaceEmerg SimSub  Audio Routes: BESW Schemes: tel voicemail  Extras: Bundle[{android.telecom.extra.SUPPORTS_VIDEO_CALLING_FALLBACK=true}] GroupId: *** SC Restrictions: [ ]]: TSI.rPA(cap)@AFA
06-01 06:30:33.993   678  1077 I Telecom : PhoneAccountRegistrar: Modify account: [ComponentInfo{com.android.phone/com.android.services.telephony.TelephonyConnectionService}, 1, UserHandle{0}]: TSI.rPA(cap)@AFA
06-01 06:30:33.994  1411  2137 I DialerShortcutsJobScheduler: com.android.dialer.shortcuts.ShortcutsJobScheduler.scheduleJobInternal:82 job already scheduled.
06-01 06:30:33.995   678   886 D BackgroundInstallControlService: Package event received: 0
06-01 06:30:33.997   678  1077 I Telecom : CallsManager: handlePhoneAccountChanged: phoneAccount=[[X] PhoneAccount: ComponentInfo{com.android.phone/com.android.services.telephony.TelephonyConnectionService}, 1, UserHandle{0} Capabilities: CallProvider MultiUser PlaceEmerg SimSub  Audio Routes: BESW Schemes: tel voicemail  Extras: Bundle[{android.telecom.extra.SUPPORTS_VIDEO_CALLING_FALLBACK=true}] GroupId: *** SC Restrictions: [ ]]: TSI.rPA(cap)@AFA
06-01 06:30:34.001  1517  1829 I RcsAvailabilityCache: Cached availability not found for simId: redacted-pii:sim_id[chars:20,last3:897]
06-01 06:30:34.002  1403  1417 W SP      : File ref is being finalized but wasn't closed, file: scribe_latin_20250829tfreco_recospec_zip[9]
06-01 06:30:34.003  1403  1417 W SP      : File ref is being finalized but wasn't closed, file: transformer_latin_tflite_20251103_zip[9]
06-01 06:30:34.003  1403  1417 W SP      : File ref is being finalized but wasn't closed, file: transformer_latin_conf_tflite_20251103_zip[9]
06-01 06:30:34.003  1403  1417 W SP      : File ref is being finalized but wasn't closed, file: scribe_latin_20250829tfreco_tflite_zip[9]
06-01 06:30:34.003  1403  1417 W SP      : File ref is being finalized but wasn't closed, file: en_us_20251103_compact_fst_zip[9]
06-01 06:30:34.003  1403  1417 W SP      : File ref is being finalized but wasn't closed, file: pack_mapping_v1_lstm_20260206[6]
06-01 06:30:34.004  1403  1417 W SP      : File ref is being finalized but wasn't closed, file: transformer_latin_seg_tflite_20251103_zip[9]
06-01 06:30:34.004  1403  1417 W SP      : File ref is being finalized but wasn't closed, file: qrnn_en-US_reco_20251103_fst_20251103_recospec_zip[9]
06-01 06:30:34.004  1403  1417 W SP      : File ref is being finalized but wasn't closed, file: scribe_latin_20250829tfreco_recospec_zip[9]
06-01 06:30:34.004  1403  1417 W SP      : File ref is being finalized but wasn't closed, file: transformer_latin_tflite_20251103_zip[9]
06-01 06:30:34.004  1403  1417 W SP      : File ref is being finalized but wasn't closed, file: transformer_latin_conf_tflite_20251103_zip[9]
06-01 06:30:34.004  1403  1417 W SP      : File ref is being finalized but wasn't closed, file: scribe_latin_20250829tfreco_recospec_zip[9]
06-01 06:30:34.004  1403  1417 W SP      : File ref is being finalized but wasn't closed, file: scribe_latin_20250829tfreco_tflite_zip[9]
06-01 06:30:34.004  1403  1417 W SP      : File ref is being finalized but wasn't closed, file: qrnn_en-US_reco_20251103_fst_20251103_recospec_zip[9]
06-01 06:30:34.004  1403  1417 W SP      : File ref is being finalized but wasn't closed, file: transformer_latin_conf_tflite_20251103_zip[9]
06-01 06:30:34.004  1403  1417 W SP      : File ref is being finalized but wasn't closed, file: transformer_latin_seg_tflite_20251103_zip[9]
06-01 06:30:34.004  1403  1417 W SP      : File ref is being finalized but wasn't closed, file: transformer_latin_tflite_20251103_zip[9]
06-01 06:30:34.004  1403  1417 W SP      : File ref is being finalized but wasn't closed, file: en_us_20251103_compact_fst_zip[9]
06-01 06:30:34.004  1403  1417 W SP      : File ref is being finalized but wasn't closed, file: scribe_latin_20250829tfreco_tflite_zip[9]
06-01 06:30:34.004  1403  1417 W SP      : File ref is being finalized but wasn't closed, file: en_us_20251103_compact_fst_zip[9]
06-01 06:30:34.004  1403  1417 W SP      : File ref is being finalized but wasn't closed, file: pack_mapping_v1_lstm_20260206[6]
06-01 06:30:34.006   938  2153 D MediaCodecList: codecHandlesFormat: no format, so no extra checks
06-01 06:30:34.019   678   678 W Looper  : Slow dispatch took 192ms main app=system_server main=true group=FOREGROUND h=android.app.ActivityThread$H c=android.app.LoadedApk$ReceiverDispatcher$Args$$ExternalSyntheticLambda0@95db1b7 m=0
06-01 06:30:34.021  1411  1885 I DialerSingletonScopedExternalsLogging: com.google.android.dialershared.externals.logging.SingletonScopedExternalsLogging.recordCallMethodInvocation:75 event: NOTIFICATION_CANCEL, function parameters: [LegacyVoicemail,1], return value: <empty>
06-01 06:30:34.027   938  2131 D CCodecBufferChannel: [c2.android.vorbis.decoder#250] MediaCodec discarded an unknown buffer
06-01 06:30:34.027   938  2131 D CCodecBufferChannel: [c2.android.vorbis.decoder#250] MediaCodec discarded an unknown buffer
06-01 06:30:34.027   938  2131 D CCodecBufferChannel: [c2.android.vorbis.decoder#250] MediaCodec discarded an unknown buffer
06-01 06:30:34.036   678  1739 W OverlayManager: service 'idmap' died
06-01 06:30:34.047   678   678 W Looper  : Slow delivery took 263ms main app=system_server main=true group=FOREGROUND h=android.app.ActivityThread$H c=android.app.LoadedApk$ReceiverDispatcher$Args$$ExternalSyntheticLambda0@34f9d6a m=0
06-01 06:30:34.049  1403  1417 W SP      : File ref is being finalized but wasn't closed, file: transformer_latin_seg_tflite_20251103_zip[9]
06-01 06:30:34.050   938  2156 D CCodec  : allocate(c2.android.vorbis.decoder)
06-01 06:30:34.053   678  1739 E JobScheduler.JobStatus: App com.google.android.inputmethod.latin became active but still in NEVER bucket
06-01 06:30:34.054  1517  1922 I BugleRcsEngine: Initializing RCS Engine for Bugle host. [CONTEXT log_prefix="RcsEngineProxyImpl:[a2d1c108-a1c1]" thread_id=60 ]
06-01 06:30:34.057  1403  1417 W SP      : File ref is being finalized but wasn't closed, file: qrnn_en-US_reco_20251103_fst_20251103_recospec_zip[9]
06-01 06:30:34.058  1241  1250 W .gms.persistent: Suspending all threads took: 357.399ms
06-01 06:30:34.059   938  2156 I CCodec  : setting up 'default' as default (vendor) store
06-01 06:30:34.066  1241  2107 E .gms.persistent: hiddenapi: Accessing hidden method Landroid/net/ConnectivityManager;->isNetworkTypeMobile(I)Z (runtime_flags=0, domain=platform, api=max-target-p) from Lcccq; (domain=app) using reflection: denied
06-01 06:30:34.067  1241  2107 E .gms.persistent: hiddenapi: Accessing hidden method Landroid/os/PowerManager;->isLightDeviceIdleMode()Z (runtime_flags=0, domain=platform, api=max-target-s) from Lcccq; (domain=app) using reflection: denied
06-01 06:30:34.072  1403  1417 W SP      : File ref is being finalized but wasn't closed, file: scribe_latin_20250829tfreco_recospec_zip[9]
06-01 06:30:34.072  1403  1417 W SP      : File ref is being finalized but wasn't closed, file: transformer_latin_tflite_20251103_zip[9]
06-01 06:30:34.074  1403  1417 W SP      : File ref is being finalized but wasn't closed, file: transformer_latin_conf_tflite_20251103_zip[9]
06-01 06:30:34.076  1046  1046 D LauncherBinder: Calling onCompleteSignal
06-01 06:30:34.082   938  2156 I CCodec  : Created component [c2.android.vorbis.decoder] for [c2.android.vorbis.decoder]
06-01 06:30:34.082  1403  1417 W SP      : File ref is being finalized but wasn't closed, file: scribe_latin_20250829tfreco_recospec_zip[9]
06-01 06:30:34.082  1403  1417 W SP      : File ref is being finalized but wasn't closed, file: scribe_latin_20250829tfreco_tflite_zip[9]
06-01 06:30:34.082  1403  1417 W SP      : File ref is being finalized but wasn't closed, file: qrnn_en-US_reco_20251103_fst_20251103_recospec_zip[9]
06-01 06:30:34.082  1403  1417 W SP      : File ref is being finalized but wasn't closed, file: transformer_latin_conf_tflite_20251103_zip[9]
06-01 06:30:34.082  1403  1417 W SP      : File ref is being finalized but wasn't closed, file: transformer_latin_seg_tflite_20251103_zip[9]
06-01 06:30:34.082  1403  1417 W SP      : File ref is being finalized but wasn't closed, file: transformer_latin_tflite_20251103_zip[9]
06-01 06:30:34.082  1403  1417 W SP      : File ref is being finalized but wasn't closed, file: en_us_20251103_compact_fst_zip[9]
06-01 06:30:34.087   938  2156 D CCodecConfig: read media type: audio/vorbis
06-01 06:30:34.096  1411  1411 I DialerAnnotatedCallLogRefreshStarterImpl: com.android.dialer.calllog.refresh.impl.AnnotatedCallLogRefreshStarterImpl.refreshWithoutDirtyCheck:63 refreshWithoutDirtyCheck
06-01 06:30:34.096  1411  2058 I DialerAnnotatedCallLogRefreshRequestRegulator: com.android.dialer.calllog.refresh.impl.AnnotatedCallLogRefreshRequestRegulator.throttleInternalSequentially:125 throttle sequentially
06-01 06:30:34.096  1411  2058 I DialerAnnotatedCallLogRefreshRequestRegulator: com.android.dialer.calllog.refresh.impl.AnnotatedCallLogRefreshRequestRegulator.throttleInternalSequentially:180 Refreshing without dirty check
06-01 06:30:34.096  1411  2058 I DialerRefreshAnnotatedCallLogWorker: com.android.dialer.calllog.refresh.impl.RefreshAnnotatedCallLogWorker.refresh:150 submitting serialized refresh request
06-01 06:30:34.098  1411  2058 I DialerRefreshAnnotatedCallLogWorker: com.android.dialer.calllog.refresh.impl.RefreshAnnotatedCallLogWorker.rebuildIfNecessary:174 isDirty: true
06-01 06:30:34.100  1403  1559 W JobInfo : Requested important-while-foreground flag for job417 is ignored and takes no effect
06-01 06:30:34.102   678   704 E JobScheduler.JobStatus: App com.google.android.inputmethod.latin became active but still in NEVER bucket
06-01 06:30:34.103  1411  2058 I DialerAtlasEnabledFn: com.android.incallui.atlas.ui.impl.AtlasEnabledFn.isEnabled:38 atlas disabled [CONTEXT ratelimit_period="1 MINUTES" ]
06-01 06:30:34.108  1046  1046 D ViewOnDrawExecutor: markCompleted: executing tasks
06-01 06:30:34.110   678  1702 D ConnectivityService: requestNetwork for uid/pid:10148/1241 activeRequest: null callbackRequest: 71 [NetworkRequest [ REQUEST id=72, [ Capabilities: INTERNET&NOT_RESTRICTED&TRUSTED&NOT_VCN_MANAGED&NOT_BANDWIDTH_CONSTRAINED Uid: 10148 RequestorUid: 10148 RequestorPkg: com.google.android.gms UnderlyingNetworks: Null] ]] callback flags: 0 order: 2147483647 isUidTracked: false declaredMethods: AVAIL|LOSING|LOST|UNAVAIL|NC|LP|BLK
06-01 06:30:34.111  1411  2058 I DialerDobbyEnabledFn: com.android.dialer.dobby.enabledfn.DobbyEnabledFn.isEnabled:23 disabled by flag [CONTEXT ratelimit_period="1 MINUTES" ]
06-01 06:30:34.112  1411  2058 I DialerFidesEnabledFn: com.android.dialer.fides.impl.FidesEnabledFn.isEnabled:27 disabled by flag [CONTEXT ratelimit_period="1 MINUTES" ]
06-01 06:30:34.112  1411  2058 I DialerXatuEnabledFn: com.android.dialer.xatu.impl.XatuEnabledFn.isEnabled:44 disabled by directbootflag [CONTEXT ratelimit_period="1 MINUTES" ]
06-01 06:30:34.123   938  2131 I hw-BpHwBinder: onLastStrongRef automatically unlinking death recipients
06-01 06:30:34.123   628  1135 I hw-BpHwBinder: onLastStrongRef automatically unlinking death recipients
06-01 06:30:34.124   628  1135 D BufferPoolAccessor2.0: Destruction - bufferpool2 0x7192d59a1bf8 cached: 0/0M, 0/0% in use; allocs: 0, 0% recycled; transfers: 0, 0% unfetched
06-01 06:30:34.125   938  2156 D ReflectedParamUpdater: extent() != 1 for single value type: algo.buffers.max-count.values
06-01 06:30:34.125  1046  1046 D CellLayout: Adding view to ShortcutsAndWidgetsContainer: com.android.launcher3.views.DoubleShadowBubbleTextView{c8eb0dc VFED..C.. ......ID 0,0-0,0 #4}
06-01 06:30:34.126   938  2156 D ReflectedParamUpdater: extent() != 1 for single value type: output.subscribed-indices.values
06-01 06:30:34.127   938  2156 D ReflectedParamUpdater: extent() != 1 for single value type: input.buffers.allocator-ids.values
06-01 06:30:34.133   938   938 W SystemUIService: Initialization of com.android.systemui.keyguard.KeyguardViewMediator took 1482 ms
06-01 06:30:34.134   938  2156 D ReflectedParamUpdater: extent() != 1 for single value type: output.buffers.allocator-ids.values
06-01 06:30:34.137  1241  2108 I ProximityAuth: [RecentAppsMediator] Package removed: (user=UserHandle{0}) com.aistudio.ereader.xynk
06-01 06:30:34.138   938  2156 D ReflectedParamUpdater: extent() != 1 for single value type: algo.buffers.allocator-ids.values
06-01 06:30:34.142   938  2156 D ReflectedParamUpdater: extent() != 1 for single value type: output.buffers.pool-ids.values
06-01 06:30:34.143   938  2156 D ReflectedParamUpdater: extent() != 1 for single value type: algo.buffers.pool-ids.values
06-01 06:30:34.145  1046  1046 D CellLayout: Adding view to ShortcutsAndWidgetsContainer: com.android.launcher3.views.DoubleShadowBubbleTextView{8cc85e5 VFED..C.. ......ID 0,0-0,0 #5}
06-01 06:30:34.147  1046  1046 D CellLayout: Adding view to ShortcutsAndWidgetsContainer: com.android.launcher3.views.DoubleShadowBubbleTextView{3fef8ba VFED..C.. ......ID 0,0-0,0 #6}
06-01 06:30:34.162   938   938 D ResourceTrimmer: Resource trimmer registered.
06-01 06:30:34.162  1241  2107 I GmsCoreXrpcWrapper: (REDACTED) Returning a channel provider with trafficStatsTag=%d trafficStatsUid=%d
06-01 06:30:34.164  1046  1046 D CellLayout: Adding view to ShortcutsAndWidgetsContainer: com.android.launcher3.views.DoubleShadowBubbleTextView{d34c36b VFED..C.. ......ID 0,0-0,0 #7}
06-01 06:30:34.183   938  2156 I CCodecConfig: query failed after returning 8 values (BAD_INDEX)
06-01 06:30:34.183   938  2156 D CCodecConfig: c2 config diff is Dict {
06-01 06:30:34.183   938  2156 D CCodecConfig:   c2::u32 coded.bitrate.value = 64000
06-01 06:30:34.183   938  2156 D CCodecConfig:   c2::u32 input.buffers.max-size.value = 32768
06-01 06:30:34.183   938  2156 D CCodecConfig:   c2::u32 input.delay.value = 0
06-01 06:30:34.183   938  2156 D CCodecConfig:   string input.media-type.value = "audio/vorbis"
06-01 06:30:34.183   938  2156 D CCodecConfig:   c2::u32 output.large-frame.max-size = 0
06-01 06:30:34.183   938  2156 D CCodecConfig:   c2::u32 output.large-frame.threshold-size = 0
06-01 06:30:34.183   938  2156 D CCodecConfig:   string output.media-type.value = "audio/raw"
06-01 06:30:34.183   938  2156 D CCodecConfig:   c2::u32 raw.channel-count.value = 1
06-01 06:30:34.183   938  2156 D CCodecConfig:   c2::u32 raw.sample-rate.value = 48000
06-01 06:30:34.183   938  2156 D CCodecConfig: }
06-01 06:30:34.190   678  1100 V GrammaticalInflectionUtils: AttributionSource: android.content.AttributionSource@782d5c72 does not have READ_SYSTEM_GRAMMATICAL_GENDER permission.
06-01 06:30:34.196   938  2153 E MediaCodec: Media Quality Service not found.
06-01 06:30:34.201   938  2156 D CCodec  : [c2.android.vorbis.decoder] buffers are bound to CCodec for this session
06-01 06:30:34.201   938  2156 D CCodecConfig: no c2 equivalents for durationUs
06-01 06:30:34.201   938  2156 D CCodecConfig: no c2 equivalents for track-id
06-01 06:30:34.202   938  2156 D CCodecConfig: no c2 equivalents for csd-1
06-01 06:30:34.202   938  2156 D CCodecConfig: no c2 equivalents for flags
06-01 06:30:34.206   938  2129 D MediaCodecList: codecHandlesFormat: no format, so no extra checks
06-01 06:30:34.207   938  2156 D CCodecConfig: c2 config diff is   c2::u32 coded.bitrate.value = 160000
06-01 06:30:34.207   938  2156 D CCodecConfig:   c2::u32 raw.channel-count.value = 2
06-01 06:30:34.207   938  2156 D CCodecConfig:   c2::u32 raw.sample-rate.value = 44100
06-01 06:30:34.213   938  2156 W Codec2Client: query -- param skipped: index = 1107298332.
06-01 06:30:34.213   938  2156 D CCodec  : encoding statistics level = 0
06-01 06:30:34.213   938  2156 D CCodec  : setup formats input: AMessage(what = 0x00000000) = {
06-01 06:30:34.213   938  2156 D CCodec  :   int32_t bitrate = 160000
06-01 06:30:34.213   938  2156 D CCodec  :   int32_t channel-count = 2
06-01 06:30:34.213   938  2156 D CCodec  :   int32_t max-input-size = 32768
06-01 06:30:34.213   938  2156 D CCodec  :   string mime = "audio/vorbis"
06-01 06:30:34.213   938  2156 D CCodec  :   int32_t sample-rate = 44100
06-01 06:30:34.213   938  2156 D CCodec  : }
06-01 06:30:34.213   938  2156 D CCodec  : setup formats output: AMessage(what = 0x00000000) = {
06-01 06:30:34.213   938  2156 D CCodec  :   int32_t buffer-batch-max-output-size = 0
06-01 06:30:34.213   938  2156 D CCodec  :   int32_t buffer-batch-threshold-output-size = 0
06-01 06:30:34.213   938  2156 D CCodec  :   int32_t channel-count = 2
06-01 06:30:34.213   938  2156 D CCodec  :   string mime = "audio/raw"
06-01 06:30:34.213   938  2156 D CCodec  :   int32_t sample-rate = 44100
06-01 06:30:34.213   938  2156 D CCodec  :   int32_t channel-mask = 3
06-01 06:30:34.213   938  2156 D CCodec  :   int32_t android._config-pcm-encoding = 2
06-01 06:30:34.213   938  2156 D CCodec  : }
06-01 06:30:34.214   938  2156 I CCodecConfig: query failed after returning 8 values (BAD_INDEX)
06-01 06:30:34.221   938  2156 E ndroid.systemui: Failed to query component interface for required system resources: 6
06-01 06:30:34.221   678  1100 W ActivityManager: Slow operation: 58ms so far, now at startProcess: done starting proc!
06-01 06:30:34.221   678  1100 W ContentProviderHelper: Slow operation: 60ms so far, now at getContentProviderImpl: after start process
06-01 06:30:34.222   678  1100 W ContentProviderHelper: Slow operation: 61ms so far, now at getContentProviderImpl: updating data structures
06-01 06:30:34.222   678  1100 W ContentProviderHelper: Slow operation: 61ms so far, now at getContentProviderImpl: done!
06-01 06:30:34.235   938  2156 W Codec2Client: query -- param skipped: index = 1342179345.
06-01 06:30:34.235   938  2156 W Codec2Client: query -- param skipped: index = 2415921170.
06-01 06:30:34.237  1046  1116 D LoaderTask: Sending first screen broadcast
06-01 06:30:34.241   938  2156 D CCodecBufferChannel: [c2.android.vorbis.decoder#944] Created input block pool with allocatorID 16 => poolID 18 - OK (0)
06-01 06:30:34.247   938  2156 I CCodecBufferChannel: [c2.android.vorbis.decoder#944] Created output block pool with allocatorID 16 => poolID 32 - OK
06-01 06:30:34.248   938  2156 D CCodecBufferChannel: [c2.android.vorbis.decoder#944] Configured output block pool ids 32 => OK
06-01 06:30:34.248   628   658 E Codec2-ComponentInterface: We have a failed config
06-01 06:30:34.248  1403  1559 W JobInfo : Requested important-while-foreground flag for job418 is ignored and takes no effect
06-01 06:30:34.249   481   481 D Zygote  : Forked child process 2173
06-01 06:30:34.251   678   838 D ConnectivityService: NetReassign [no changes] [c 10] [a 77] [i 72]
06-01 06:30:34.260   938  2170 D CCodec  : allocate(c2.android.vorbis.decoder)
06-01 06:30:34.260   628  2160 D SimpleC2Component: Using output block pool with poolID 32 => got 32 - 0
06-01 06:30:34.269   938  2170 I CCodec  : setting up 'default' as default (vendor) store
06-01 06:30:34.275   678   721 W ActivityManager: Slow operation: 55ms so far, now at startProcess: returned from zygote!
06-01 06:30:34.278  2173  2173 I .apps.wallpaper: Using CollectorTypeCMC GC.
06-01 06:30:34.281   678   709 W Looper  : Slow dispatch took 142ms android.ui app=system_server main=false group=TOP_APP h=com.android.server.am.ActivityManagerService$UiHandler c=null m=68
06-01 06:30:34.282  2173  2173 W .apps.wallpaper: Unexpected CPU variant for x86: x86_64.
06-01 06:30:34.282  2173  2173 W .apps.wallpaper: Known variants: atom, sandybridge, silvermont, goldmont, goldmont-plus, goldmont-without-sha-xsaves, tremont, kabylake, alderlake, default
06-01 06:30:34.285   938  2170 I CCodec  : Created component [c2.android.vorbis.decoder] for [c2.android.vorbis.decoder]
06-01 06:30:34.288  2173  2173 E .apps.wallpaper: Not starting debugger since process cannot load the jdwp agent.
06-01 06:30:34.294   938  2170 D CCodecConfig: read media type: audio/vorbis
06-01 06:30:34.303   678  1949 W ActivityManager: Unable to start service Intent { xflg=0x4 cmp=com.google.android.gms/rar } U=0: not found
06-01 06:30:34.305   678   721 W ActivityManager: Slow operation: 106ms so far, now at startProcess: done updating battery stats
06-01 06:30:34.306   678   721 W ActivityManager: Slow operation: 107ms so far, now at startProcess: building log message
06-01 06:30:34.307   678   721 I ActivityManager: Start proc 2173:com.google.android.apps.wallpaper/u0a185 for content provider {com.google.android.apps.wallpaper/com.google.android.apps.wallpaper.provider.RecentWallpapersProvider}
06-01 06:30:34.307   678   721 W ActivityManager: Slow operation: 108ms so far, now at startProcess: starting to update pids map
06-01 06:30:34.308   678   721 I ActivityManager: ProcessObserver broadcast disabled
06-01 06:30:34.308   678   721 W ActivityManager: Slow operation: 109ms so far, now at startProcess: done updating pids map
06-01 06:30:34.311  2173  2173 D nativeloader: Load libframework-connectivity-tiramisu-jni.so using APEX ns com_android_tethering for caller /apex/com.android.tethering/javalib/framework-connectivity-t.jar: ok
06-01 06:30:34.349  1725  2109 W gle.android.gms: Verification of int m58.bgu.a() took 106.662ms (112.50 bytecodes/s) (0B arena alloc)
06-01 06:30:34.355  1411  1411 I DialerMwiNotificationReceiver: com.android.dialer.voicemail.notification.receivers.MwiNotificationReceiver.onReceive:77 enter
06-01 06:30:34.358  1411  1411 I DialerSingletonScopedExternalsLogging: com.google.android.dialershared.externals.logging.SingletonScopedExternalsLogging.recordCallMethodInvocation:75 event: BROADCAST_RECEIVER_INTENT_EXTRAS, function parameters: [tur,android.telephony.action.SHOW_VOICEMAIL_NOTIFICATION,[0,false,null]], return value: <empty>
06-01 06:30:34.359   938  2170 D ReflectedParamUpdater: extent() != 1 for single value type: algo.buffers.max-count.values
06-01 06:30:34.359  1411  1411 I DialerSingletonScopedExternalsLogging: com.google.android.dialershared.externals.logging.SingletonScopedExternalsLogging.recordCallMethodInvocation:75 event: BROADCAST_RECEIVER_INTENT_EXTRAS, function parameters: [tur,android.telephony.action.SHOW_VOICEMAIL_NOTIFICATION,[[com.android.phone/com.android.services.telephony.TelephonyConnectionService : [PII]49]]], return value: <empty>
06-01 06:30:34.362  1411  1411 I DialerMwiNotificationReceiver: com.android.dialer.voicemail.notification.receivers.MwiNotificationReceiver.handleNotification:113 clear the MWI notification
06-01 06:30:34.362  1411  1411 I DialerBroadcastReceiverStrategyImpl: com.android.dialer.broadcastreceiverstrategy.impl.BroadcastReceiverStrategyImpl.backgroundThenInlineThenForeground:78 try doing work using a background service
06-01 06:30:34.371   938  2170 D ReflectedParamUpdater: extent() != 1 for single value type: output.subscribed-indices.values
06-01 06:30:34.374   938  2170 D ReflectedParamUpdater: extent() != 1 for single value type: input.buffers.allocator-ids.values
06-01 06:30:34.377   938  2170 D ReflectedParamUpdater: extent() != 1 for single value type: output.buffers.allocator-ids.values
06-01 06:30:34.378   938  2170 D ReflectedParamUpdater: extent() != 1 for single value type: algo.buffers.allocator-ids.values
06-01 06:30:34.380   938  2170 D ReflectedParamUpdater: extent() != 1 for single value type: output.buffers.pool-ids.values
06-01 06:30:34.387   938  2170 D ReflectedParamUpdater: extent() != 1 for single value type: algo.buffers.pool-ids.values
06-01 06:30:34.401  1046  1046 D PreBootLoaderDialog: PreBootLoaderDialog visible for 20999ms,  dismiss post boot loader dialog with delay of 0ms
06-01 06:30:34.418  1403  2057 I SQLiteConnection: Long db operation: /data/user/0/com.google.android.inputmethod.latin/databases/emoji_kitchen_2026020421.db
06-01 06:30:34.419   938  2170 I CCodecConfig: query failed after returning 8 values (BAD_INDEX)
06-01 06:30:34.419   938  2170 D CCodecConfig: c2 config diff is Dict {
06-01 06:30:34.419   938  2170 D CCodecConfig:   c2::u32 coded.bitrate.value = 64000
06-01 06:30:34.419   938  2170 D CCodecConfig:   c2::u32 input.buffers.max-size.value = 32768
06-01 06:30:34.419   938  2170 D CCodecConfig:   c2::u32 input.delay.value = 0
06-01 06:30:34.419   938  2170 D CCodecConfig:   string input.media-type.value = "audio/vorbis"
06-01 06:30:34.419   938  2170 D CCodecConfig:   c2::u32 output.large-frame.max-size = 0
06-01 06:30:34.419   938  2170 D CCodecConfig:   c2::u32 output.large-frame.threshold-size = 0
06-01 06:30:34.419   938  2170 D CCodecConfig:   string output.media-type.value = "audio/raw"
06-01 06:30:34.419   938  2170 D CCodecConfig:   c2::u32 raw.channel-count.value = 1
06-01 06:30:34.419   938  2170 D CCodecConfig:   c2::u32 raw.sample-rate.value = 48000
06-01 06:30:34.419   938  2170 D CCodecConfig: }
06-01 06:30:34.424   938  2129 E MediaCodec: Media Quality Service not found.
06-01 06:30:34.426   938  2170 D CCodec  : [c2.android.vorbis.decoder] buffers are bound to CCodec for this session
06-01 06:30:34.426   938  2170 D CCodecConfig: no c2 equivalents for durationUs
06-01 06:30:34.426   938  2170 D CCodecConfig: no c2 equivalents for track-id
06-01 06:30:34.426   938  2170 D CCodecConfig: no c2 equivalents for csd-1
06-01 06:30:34.426   938  2170 D CCodecConfig: no c2 equivalents for flags
06-01 06:30:34.443  1241  2107 I TrustedTime: Initializing single user components from LOCKED_BOOT_COMPLETED. [CONTEXT service_id=326 ]
06-01 06:30:34.446   938  2170 D CCodecConfig: c2 config diff is   c2::u32 coded.bitrate.value = 160000
06-01 06:30:34.446   938  2170 D CCodecConfig:   c2::u32 raw.channel-count.value = 2
06-01 06:30:34.446   938  2170 W Codec2Client: query -- param skipped: index = 1107298332.
06-01 06:30:34.447   938  2170 D CCodec  : encoding statistics level = 0
06-01 06:30:34.447   938  2170 D CCodec  : setup formats input: AMessage(what = 0x00000000) = {
06-01 06:30:34.447   938  2170 D CCodec  :   int32_t bitrate = 160000
06-01 06:30:34.447   938  2170 D CCodec  :   int32_t channel-count = 2
06-01 06:30:34.447   938  2170 D CCodec  :   int32_t max-input-size = 32768
06-01 06:30:34.447   938  2170 D CCodec  :   string mime = "audio/vorbis"
06-01 06:30:34.447   938  2170 D CCodec  :   int32_t sample-rate = 48000
06-01 06:30:34.447   938  2170 D CCodec  : }
06-01 06:30:34.447   938  2170 D CCodec  : setup formats output: AMessage(what = 0x00000000) = {
06-01 06:30:34.447   938  2170 D CCodec  :   int32_t buffer-batch-max-output-size = 0
06-01 06:30:34.447   938  2170 D CCodec  :   int32_t buffer-batch-threshold-output-size = 0
06-01 06:30:34.447   938  2170 D CCodec  :   int32_t channel-count = 2
06-01 06:30:34.447   938  2170 D CCodec  :   string mime = "audio/raw"
06-01 06:30:34.447   938  2170 D CCodec  :   int32_t sample-rate = 48000
06-01 06:30:34.447   938  2170 D CCodec  :   int32_t channel-mask = 3
06-01 06:30:34.447   938  2170 D CCodec  :   int32_t android._config-pcm-encoding = 2
06-01 06:30:34.447   938  2170 D CCodec  : }
06-01 06:30:34.451   678   699 W system_server: Suspending all threads took: 76.988ms
06-01 06:30:34.451   938  2170 I CCodecConfig: query failed after returning 8 values (BAD_INDEX)
06-01 06:30:34.452   938  2170 E ndroid.systemui: Failed to query component interface for required system resources: 6
06-01 06:30:34.455  1411  2058 I DialerSharpieEnabledFn: com.android.dialer.sharpie.enabledfn.SharpieEnabledFn.isEnabled:35 disabled by flag [CONTEXT ratelimit_period="1 MINUTES" ]
06-01 06:30:34.463  1411  2058 I DialerB2cEnrichedCallingEnabledFn: com.android.dialer.b2cenrichedcalling.enabledfn.B2cEnrichedCallingEnabledFn.isEnabled:28 disabled by flag [CONTEXT ratelimit_period="1 MINUTES" ]
06-01 06:30:34.464   938  2170 W Codec2Client: query -- param skipped: index = 1342179345.
06-01 06:30:34.464   938  2170 W Codec2Client: query -- param skipped: index = 2415921170.
06-01 06:30:34.466  1940  1940 W id.apps.restore: Method void jxp.c(android.app.Activity) failed lock verification and will run slower.
06-01 06:30:34.466  1940  1940 W id.apps.restore: Common causes for lock verification issues are non-optimized dex code
06-01 06:30:34.466  1940  1940 W id.apps.restore: and incorrect proguard optimizations.
06-01 06:30:34.470   678  1715 W ActivityManager: Slow operation: 96ms so far, now at attachApplicationLocked: before bindApplication
06-01 06:30:34.470   678  1715 W ActivityManager: Slow operation: 96ms so far, now at attachApplicationLocked: immediately before bindApplication
06-01 06:30:34.478   938  2170 D CCodecBufferChannel: [c2.android.vorbis.decoder#474] Created input block pool with allocatorID 16 => poolID 19 - OK (0)
06-01 06:30:34.482   678  1715 W ActivityManager: Slow operation: 108ms so far, now at attachApplicationLocked: immediately after bindApplication
06-01 06:30:34.482   678  1715 W ActivityManager: Slow operation: 108ms so far, now at attachApplicationLocked: after updateLruProcessLocked
06-01 06:30:34.488   938  2170 I CCodecBufferChannel: [c2.android.vorbis.decoder#474] Created output block pool with allocatorID 16 => poolID 34 - OK
06-01 06:30:34.493  1411  2021 I DialerRefreshAnnotatedCallLogWorker: com.android.dialer.calllog.refresh.impl.RefreshAnnotatedCallLogWorker.fillAndTime:305 filling SystemCallLogDataSource
06-01 06:30:34.493  1411  1411 I DialerMwiReceiver: com.android.dialer.voicemail.service.receivers.MwiReceiver.onReceive:74 Received ACTION_SHOW_VOICEMAIL_NOTIFICATION
06-01 06:30:34.495  1411  1411 I DialerBroadcastReceiverStrategyImpl: com.android.dialer.broadcastreceiverstrategy.impl.BroadcastReceiverStrategyImpl.backgroundThenInlineThenForeground:78 try doing work using a background service
06-01 06:30:34.496   678   838 D ConnectivityService: NetReassign [72 : null → 100] [c 1] [a 1] [i 5]
06-01 06:30:34.503   678  1950 E JobScheduler.JobStatus: App com.google.android.inputmethod.latin became active but still in NEVER bucket
06-01 06:30:34.507   938  2170 D CCodecBufferChannel: [c2.android.vorbis.decoder#474] Configured output block pool ids 34 => OK
06-01 06:30:34.508   628  1135 E Codec2-ComponentInterface: We have a failed config
06-01 06:30:34.516   628  2174 D SimpleC2Component: Using output block pool with poolID 34 => got 34 - 0
06-01 06:30:34.529  1411  1885 I DialerHaloEnabledFn: com.android.dialer.calllog.halo.impl.enabledfn.HaloEnabledFn.isEnabled:23 disabled by flag [CONTEXT ratelimit_period="1 MINUTES" ]
06-01 06:30:34.571  1411  2101 I DialerAnnotatedCallLogDataRepository: com.android.dialer.calllog.database.AnnotatedCallLogDataRepository$Companion.getAnnotatedCallLogEntries:374 Cursor is empty
06-01 06:30:34.571  1241  2107 I TrustedTime: Attempting to schedule periodic maintenance task [CONTEXT service_id=326 ]
06-01 06:30:34.572  1241  2107 I TrustedTime: (REDACTED) Scheduling maintenance task '%s'
06-01 06:30:34.577  1241  2107 I TrustedTime: Expediting initial time sync. Monitoring for network. [CONTEXT service_id=326 ]
06-01 06:30:34.599   678   838 D ConnectivityService: NetReassign [no changes] [c 1] [a 10] [i 1]
06-01 06:30:34.637  1411  2021 I DialerSingletonScopedExternalsLogging: com.google.android.dialershared.externals.logging.SingletonScopedExternalsLogging.recordCallMethodInvocation:75 event: BROADCAST_RECEIVER, function parameters: [Broadcast to com.android.dialer.voicemail.notification.receivers.MwiNotificationReceiver_Receiver android.telephony.action.SHOW_VOICEMAIL_NOTIFICATION,2026-06-01 06:30:32.576], return value: <empty>
06-01 06:30:34.637  1241  1748 I NullBinder: NullBinder for android.net.action.RECOMMEND_NETWORKS triggering remote TransactionTooLargeException due to Service without Chimera impl, calling uid: 1000, calling pid: 0
06-01 06:30:34.637  1241  1748 W .gms.persistent: Large reply transaction of 1056768 bytes, interface descriptor , code 1
06-01 06:30:34.639   678  1426 E JobScheduler.JobStatus: App com.google.android.inputmethod.latin became active but still in NEVER bucket
06-01 06:30:34.669   678   886 D BackgroundInstallControlService: Package event received: 0
06-01 06:30:34.669   678   886 D BackgroundInstallControlService: Package event received: 0
06-01 06:30:34.672   678   678 W Looper  : Slow dispatch took 396ms main app=system_server main=true group=FOREGROUND h=android.app.ActivityThread$H c=android.app.LoadedApk$ReceiverDispatcher$Args$$ExternalSyntheticLambda0@d1f2982 m=0
06-01 06:30:34.672   678   832 I system_server: AssetManager2(0x7b2c763d6f98) locale list changing from [] to [en-US]
06-01 06:30:34.682   678   832 D WifiNetworkFactory: got request NetworkRequest [ REQUEST id=72, [ Capabilities: INTERNET&NOT_RESTRICTED&TRUSTED&NOT_VCN_MANAGED&NOT_BANDWIDTH_CONSTRAINED Uid: 10148 RequestorUid: 10148 RequestorPkg: com.google.android.gms UnderlyingNetworks: Null] ]
06-01 06:30:34.683   678   832 D UntrustedWifiNetworkFactory: got request NetworkRequest [ REQUEST id=72, [ Capabilities: INTERNET&NOT_RESTRICTED&TRUSTED&NOT_VCN_MANAGED&NOT_BANDWIDTH_CONSTRAINED Uid: 10148 RequestorUid: 10148 RequestorPkg: com.google.android.gms UnderlyingNetworks: Null] ]
06-01 06:30:34.683  1940  1940 I GoogleRestoreDefaultProcessValidator: Validating WorkManager process
06-01 06:30:34.683   678   832 D OemPaidWifiNetworkFactory: got request NetworkRequest [ REQUEST id=72, [ Capabilities: INTERNET&NOT_RESTRICTED&TRUSTED&NOT_VCN_MANAGED&NOT_BANDWIDTH_CONSTRAINED Uid: 10148 RequestorUid: 10148 RequestorPkg: com.google.android.gms UnderlyingNetworks: Null] ]
06-01 06:30:34.683   678   832 D MultiInternetWifiNetworkFactory: got request NetworkRequest [ REQUEST id=72, [ Capabilities: INTERNET&NOT_RESTRICTED&TRUSTED&NOT_VCN_MANAGED&NOT_BANDWIDTH_CONSTRAINED Uid: 10148 RequestorUid: 10148 RequestorPkg: com.google.android.gms UnderlyingNetworks: Null] ]
06-01 06:30:34.687  1403  1512 I EmojiKitchenDataCleanupWorker: EmojiKitchenDataCleanupWorker.enqueueWork():174 Scheduling emoji kitchen data cleanup work.
06-01 06:30:34.687   678  1715 W ActivityManager: Slow operation: 313ms so far, now at attachApplicationLocked: after updateOomAdjLocked
06-01 06:30:34.694   678  1948 E JobScheduler.JobStatus: App com.google.android.inputmethod.latin became active but still in NEVER bucket
06-01 06:30:34.695   678   709 W Looper  : Slow dispatch took 357ms android.ui app=system_server main=false group=TOP_APP h=com.android.server.am.ActivityManagerService$UiHandler c=null m=68
06-01 06:30:34.706   938  2170 D CCodecBufferChannel: [c2.android.vorbis.decoder#474] MediaCodec discarded an unknown buffer
06-01 06:30:34.706   938  2170 D CCodecBufferChannel: [c2.android.vorbis.decoder#474] MediaCodec discarded an unknown buffer
06-01 06:30:34.709   678   678 D AppSearchAppsIndexerManagerS: userid in package receiver: 10219
06-01 06:30:34.720   938  2170 I hw-BpHwBinder: onLastStrongRef automatically unlinking death recipients
06-01 06:30:34.720   628  1135 I hw-BpHwBinder: onLastStrongRef automatically unlinking death recipients
06-01 06:30:34.724   628  1135 D BufferPoolAccessor2.0: Destruction - bufferpool2 0x7192d59a37b8 cached: 0/0M, 0/0% in use; allocs: 0, 0% recycled; transfers: 0, 0% unfetched
06-01 06:30:34.732   678  1100 E JobScheduler.JobStatus: App com.google.android.inputmethod.latin became active but still in NEVER bucket
06-01 06:30:34.748   678   756 W ActivityManager: Slow operation: 238ms so far, now at finishAttachApplicationInner: after mServices.attachApplicationLocked
06-01 06:30:34.749   678   756 W ActivityManager: Slow operation: 242ms so far, now at finishAttachApplicationInner: after dispatching broadcasts
06-01 06:30:34.751  1940  2192 I GoogleRestoreDefaultProcessValidator: Processes: NONE, true, com.google.android.apps.restore, com.google.android.apps.restore
06-01 06:30:34.751  1046  1046 I Choreographer: Skipped 66 frames!  The application may be doing too much work on its main thread.
06-01 06:30:34.762  1517  1922 I BugleRcsEngine: Processing an intent [CONTEXT log_prefix="(Sim)" thread_id=60 ]
06-01 06:30:34.766  1411  1411 W ActivityThread: getPackageInfo() called with an older ApplicationInfo than the cached version for package com.google.android.dialer
06-01 06:30:34.768  1517  1922 I BugleRcsEngine: Ignoring duplicate SIM state: LOADED [CONTEXT log_prefix="(Sim)" thread_id=60 ]
06-01 06:30:34.776  2042  2042 D nativeloader: Configuring clns-9 for other apk /data/app/~~n4mxBpqCP7OUjsCKemiPaA==/com.aistudio.ereader.xynk-Qnl9D7FYKUnzNd4ZUFI0CA==/base.apk. target_sdk_version=36, uses_libraries=, library_path=/data/app/~~n4mxBpqCP7OUjsCKemiPaA==/com.aistudio.ereader.xynk-Qnl9D7FYKUnzNd4ZUFI0CA==/lib/x86_64:/data/app/~~n4mxBpqCP7OUjsCKemiPaA==/com.aistudio.ereader.xynk-Qnl9D7FYKUnzNd4ZUFI0CA==/base.apk!/lib/x86_64, permitted_path=/data:/mnt/expand:/data/user/0/com.aistudio.ereader.xynk
06-01 06:30:34.786  2042  2042 I io.ereader.xynk: AssetManager2(0x7b2c763bdc78) locale list changing from [] to [en-US]
06-01 06:30:34.798  1403  1512 I EmojiKitchenDataMddDownloader: EmojiKitchenDataMddDownloader.initInBackgroundAndAddCallback():241 Successfully initialize emoji kitchen dabatase: true
06-01 06:30:34.808   678  1077 I Telecom : PhoneAccountRegistrar: getSimCallManager: SimCallManager for subId 1 queried, returning: null: TSI.rPA(cap)@AFA
06-01 06:30:34.810  2173  2173 D ApplicationLoaders: Returning zygote-cached class loader: /system_ext/framework/androidx.window.extensions.jar
06-01 06:30:34.812  2042  2042 V GraphicsEnvironment: Currently set values for:
06-01 06:30:34.812  2042  2042 V GraphicsEnvironment:   angle_gl_driver_selection_pkgs=[]
06-01 06:30:34.813  2042  2042 V GraphicsEnvironment:   angle_gl_driver_selection_values=[]
06-01 06:30:34.813  2042  2042 V GraphicsEnvironment: com.aistudio.ereader.xynk is not listed in per-application setting
06-01 06:30:34.814   678  1077 I Telecom : PhoneAccountRegistrar: Notifying telephony of voice service override change for 1 SIMs, hasService = false: TSI.rPA(cap)@AFA
06-01 06:30:34.814  2042  2042 V GraphicsEnvironment: ANGLE allowlist from config: com.dreamgames.royalmatch com.dts.freefiremax com.dxx.firenow com.gramgames.mergedragons com.ludo.king com.mojang.minecraftpe com.my.defense com.nintendo.zaka com.os.airforce com.playrix.fishdomdd.gplay io.teslatech.callbreak jp.konami.prospia net.peakgames.toonblast
06-01 06:30:34.814  1507  2201 D nativeloader: Load /data/app/~~KczER6NriYuDJOGw69fI-g==/com.google.android.googlequicksearchbox-cdwpa0rlDL4cMZ_Jb99qpQ==/base.apk!/lib/x86_64/libnative_crash_handler_jni.so using class loader ns clns-10 (caller=/data/app/~~KczER6NriYuDJOGw69fI-g==/com.google.android.googlequicksearchbox-cdwpa0rlDL4cMZ_Jb99qpQ==/base.apk!classes2.dex): ok
06-01 06:30:34.814  2042  2042 V GraphicsEnvironment: com.aistudio.ereader.xynk is not listed in ANGLE allowlist or settings, returning default
06-01 06:30:34.814  2042  2042 V GraphicsEnvironment: Neither updatable production driver nor prerelease driver is supported.
06-01 06:30:34.816   678   886 D BackgroundInstallControlService: Package event received: 0
06-01 06:30:34.823  2173  2173 D ApplicationLoaders: Returning zygote-cached class loader: /system_ext/framework/androidx.window.sidecar.jar
06-01 06:30:34.824  2173  2173 D ApplicationLoaders: Returning zygote-cached class loader: /system/framework/org.apache.http.legacy.jar
06-01 06:30:34.826   678  1949 D WifiNl80211Manager: Scan result ready event
06-01 06:30:34.826   678  1949 D WifiNative: Scan result ready event
06-01 06:30:34.832  1883  2200 D nativeloader: Load /data/app/~~KczER6NriYuDJOGw69fI-g==/com.google.android.googlequicksearchbox-cdwpa0rlDL4cMZ_Jb99qpQ==/base.apk!/lib/x86_64/libnative_crash_handler_jni.so using class loader ns clns-10 (caller=/data/app/~~KczER6NriYuDJOGw69fI-g==/com.google.android.googlequicksearchbox-cdwpa0rlDL4cMZ_Jb99qpQ==/base.apk!classes2.dex): ok
06-01 06:30:34.838  1038  1038 I PhoneInterfaceManager: setVoiceServiceStateOverride: subId=1, phone=Handler (com.android.internal.telephony.GsmCdmaPhone) {7e0f6b5}, hasService=false, callingPackage=com.android.server.telecom
06-01 06:30:34.842  1403  1559 W JobInfo : Requested important-while-foreground flag for job419 is ignored and takes no effect
06-01 06:30:34.849  1725  2109 W gle.android.gms: Verification of void m58.nem.i(java.lang.String, m58.ngl) took 358.788ms (183.95 bytecodes/s) (0B arena alloc)
06-01 06:30:34.863  1038  1038 I VvmSimStateTracker: android.intent.action.SIM_STATE_CHANGED
06-01 06:30:34.866  1038  1627 D ONS     : SIM state changed
06-01 06:30:34.880  1411  1411 I DialerDefaultProcessValidator: com.google.apps.tiktok.contrib.work.impl.DefaultProcessValidator.validateAsynchronouslyAndMaybeCrash:68 Validating WorkManager process
06-01 06:30:34.884  1411  2101 I DialerDefaultProcessValidator: com.google.apps.tiktok.contrib.work.impl.DefaultProcessValidator.validateInternal:99 Processes: NONE, true, com.google.android.dialer, com.google.android.dialer
06-01 06:30:34.891  1411  2101 I DialerSingletonScopedExternalsLogging: com.google.android.dialershared.externals.logging.SingletonScopedExternalsLogging.recordCallMethodInvocation:75 event: NOTIFICATION_CANCEL, function parameters: [LegacyVoicemail,1], return value: <empty>
06-01 06:30:34.899  1241  1340 I .gms.persistent: AssetManager2(0x7b2c763c30d8) locale list changing from [] to [en-US]
06-01 06:30:34.917   678   678 W Looper  : Slow dispatch took 201ms main app=system_server main=true group=FOREGROUND h=android.app.ActivityThread$H c=android.app.LoadedApk$ReceiverDispatcher$Args$$ExternalSyntheticLambda0@f5bc5ea m=0
06-01 06:30:34.921  1038  1277 D SatelliteController: iisInCarrierRoamingNbIotNtn: satellite is disabled
06-01 06:30:34.923  1241  2164 I Fitness : (REDACTED) FitCleanupIntentOperation received Intent %s
06-01 06:30:34.938  1241  2177 I Nearby  : (REDACTED) is blocked device type %s, isAuto=%s, isIot=%s, isLatchsky=%s, isChinaWearable=%s, isTv=%s, isWearable=%s (supportWearOs=%s), isChromeOsDevice=%s (supportChromeOs=%s)
06-01 06:30:34.964   678   838 D InetDiagMessage: Destroyed 0 sockets, proto=IPPROTO_TCP, family=AF_INET, states=14
06-01 06:30:34.965   678   838 D InetDiagMessage: Destroyed 0 sockets, proto=IPPROTO_TCP, family=AF_INET6, states=14
06-01 06:30:34.965   678   838 D InetDiagMessage: Destroyed live tcp sockets for uids={10187} in 3ms
06-01 06:30:34.966   678   709 W Looper  : Slow delivery took 324ms android.ui app=system_server main=false group=TOP_APP h=com.android.server.am.ActivityManagerService$UiHandler c=null m=68
06-01 06:30:34.966   678   709 W Looper  : Slow dispatch took 270ms android.ui app=system_server main=false group=TOP_APP h=com.android.server.am.ActivityManagerService$UiHandler c=null m=68
06-01 06:30:34.969  1517  1922 I BugleRcsEngine: enableRcsEngineInitializationByBugle is disabled, directly initializing new DUAL_REG RcsEngine [CONTEXT log_prefix="RcsEngineProxyImpl:[a2d1c108-a1c1]" thread_id=60 ]
06-01 06:30:34.970  1517  1922 W System.err: SLF4J(W): No SLF4J providers were found.
06-01 06:30:34.970  1517  1922 W System.err: SLF4J(W): Defaulting to no-operation (NOP) logger implementation
06-01 06:30:34.970  1517  1922 W System.err: SLF4J(W): See https://www.slf4j.org/codes.html#noProviders for further details.
06-01 06:30:34.983  1940  2193 E ashmem  : Pinning is deprecated since Android Q. Please use trim or other methods.
06-01 06:30:34.987   678   838 D InetDiagMessage: Destroyed 0 sockets, proto=IPPROTO_TCP, family=AF_INET, states=14
06-01 06:30:34.988   678   838 D InetDiagMessage: Destroyed 0 sockets, proto=IPPROTO_TCP, family=AF_INET6, states=14
06-01 06:30:34.988   678   838 D InetDiagMessage: Destroyed live tcp sockets for uids={20187} in 2ms
06-01 06:30:34.992  1411  1411 D WM-PackageManagerHelper: Skipping component enablement for androidx.work.impl.background.systemjob.SystemJobService
