06-01 06:30:42.606  1979  1982 I AidlLazyServiceRegistrar: Process has 0 (of 2 available) client(s) in use after notification android.system.virtualizationmaintenance has clients: 0
06-01 06:30:42.606  1979  1982 I AidlLazyServiceRegistrar: Trying to shut down the service. No clients in use for any service in process.
06-01 06:30:42.606  1502  1502 D androidtc: Initializing SystemTextClassifier, type = Default system
06-01 06:30:42.606  1046  1116 D LauncherAppsCallbackImpl: onPackageRemoved triggered for packageName=com.aistudio.ereader.xynk, user=UserHandle{0}
06-01 06:30:42.607  1046  1116 D PackageUpdatedTask: Package updated: mOp=REMOVE packages=[com.aistudio.ereader.xynk], user=UserHandle{0}
06-01 06:30:42.607  1502  1502 I AiAiNotificationIntelli: Notification on listener connected.
06-01 06:30:42.612  1979  1982 I AidlLazyServiceRegistrar: Unregistered all clients and exiting
06-01 06:30:42.634  1502  1502 W ActivityThread: getPackageInfo() called with an older ApplicationInfo than the cached version for package com.google.android.as
06-01 06:30:42.639  1411  2021 I DialerDataStoreReverseLookupSettings: com.android.dialer.reverselookup.settings.DataStoreReverseLookupSettings.isAapmEnabledByUser:145 Darpa is present
06-01 06:30:42.648   938   938 D LauncherProxyService: Launcher proxy service connected
06-01 06:30:42.653  1411  2021 I DialerDataStoreReverseLookupSettings: com.android.dialer.reverselookup.settings.DataStoreReverseLookupSettings.isAapmEnabledByUser:145 Darpa is present
06-01 06:30:42.655   938   938 D LauncherProxyService: LauncherProxyService connected, initializing launcher proxy
06-01 06:30:42.669  1019  2493 D NetworkMonitor/101: PROBE_HTTP http://connectivitycheck.gstatic.com/generate_204 time=120ms ret=204 request={Connection=[close], User-Agent=[Mozilla/5.0 (X11; Linux x86_64) AppleWebKit/537.36 (KHTML, like Gecko) Chrome/60.0.3112.32 Safari/537.36]} headers={null=[HTTP/1.1 204 No Content], Connection=[close], Content-Length=[0], Cross-Origin-Resource-Policy=[cross-origin], Date=[Sun, 31 May 2026 23:30:43 GMT], X-Android-Received-Millis=[1780270242667], X-Android-Response-Source=[NETWORK 204], X-Android-Selected-Protocol=[http/1.1], X-Android-Sent-Millis=[1780270242613]}
06-01 06:30:42.671  1046  1116 D PackageUpdatedTask: REMOVE: removing package=com.aistudio.ereader.xynk
06-01 06:30:42.685  1725  1737 W gle.android.gms: Verification of java.lang.Object[] m58.cdc.newArray(int) took 426.958ms (7.03 bytecodes/s) (0B arena alloc)
06-01 06:30:42.698  1411  2101 W JobInfo : Requested important-while-foreground flag for job200 is ignored and takes no effect
06-01 06:30:42.698  1411  2101 D WM-SystemJobScheduler: Scheduling work ID bb701614-c815-4849-a026-151040b92d8aJob ID 200
06-01 06:30:42.698  1507  2264 I agrh    : Connect Request
06-01 06:30:42.698  1507  2264 I dvhl    : (REDACTED) Running '%s' over %s.
06-01 06:30:42.710   678   709 W Looper  : Slow dispatch took 300ms android.ui app=system_server main=false group=TOP_APP h=android.view.Choreographer$FrameHandler c=android.view.Choreographer$FrameDisplayEventReceiver@f7e6bf9 m=0
06-01 06:30:42.724  1046  1116 D PackageUpdatedTask: OP_REMOVE: removing packages=[com.aistudio.ereader.xynk]
06-01 06:30:42.724  1046  1046 D AllAppsStore: setApps: apps.length=21
06-01 06:30:42.737  1046  1046 D AllAppsStore: notifyUpdate: notifying listeners
06-01 06:30:42.737  1046  1046 D ActivityAllAppsContainerView: onAppsUpdated; number of apps: 21
06-01 06:30:42.737  1046  1046 D ActivityAllAppsContainerView: rebindAdapters: force: false
06-01 06:30:42.738  1046  1046 D ActivityAllAppsContainerView: rebindAdapters: Not needed.
06-01 06:30:42.738  1046  1046 D StatsLog: LAUNCHER_ALLAPPS_COUNT
06-01 06:30:42.738  1046  1046 D AlphabeticalAppsList: Clearing FastScrollerSections.
06-01 06:30:42.738  1046  1046 D AlphabeticalAppsList: Adding apps with sections. HasPrivateApps: false
06-01 06:30:42.738  1046  1046 D AlphabeticalAppsList: addAppsWithSections: adding sectionName: C with appInfoTitle: Calendar
06-01 06:30:42.738  1046  1046 D AlphabeticalAppsList: addAppsWithSections: adding sectionName: D with appInfoTitle: DrDuc Translator
06-01 06:30:42.738  1046  1046 D AlphabeticalAppsList: addAppsWithSections: adding sectionName: F with appInfoTitle: Files
06-01 06:30:42.739  1046  1046 D AlphabeticalAppsList: addAppsWithSections: adding sectionName: G with appInfoTitle: Gmail
06-01 06:30:42.739  1046  1046 D AlphabeticalAppsList: addAppsWithSections: adding sectionName: M with appInfoTitle: Maps
06-01 06:30:42.739  1046  1046 D AlphabeticalAppsList: addAppsWithSections: adding sectionName: P with appInfoTitle: Phone
06-01 06:30:42.739  1046  1046 D AlphabeticalAppsList: addAppsWithSections: adding sectionName: S with appInfoTitle: Safety
06-01 06:30:42.739  1046  1046 D AlphabeticalAppsList: addAppsWithSections: adding sectionName: T with appInfoTitle: TMoble
06-01 06:30:42.739  1046  1046 D AlphabeticalAppsList: addAppsWithSections: adding sectionName: V with appInfoTitle: Voice Access
06-01 06:30:42.739  1046  1046 D AlphabeticalAppsList: addAppsWithSections: adding sectionName: Y with appInfoTitle: YouTube
06-01 06:30:42.739  1046  1046 D AlphabeticalAppsList: Adding FastScrollSection duplicate to scroll to the bottom.
06-01 06:30:42.741  1046  1046 D AlphabeticalAppsList: Clearing FastScrollerSections.
06-01 06:30:42.741  1046  1046 D AlphabeticalAppsList: Adding apps with sections. HasPrivateApps: false
06-01 06:30:42.741  1046  1046 D AlphabeticalAppsList: addAppsWithSections: adding sectionName: C with appInfoTitle: Calendar
06-01 06:30:42.741  1046  1046 D AlphabeticalAppsList: addAppsWithSections: adding sectionName: D with appInfoTitle: DrDuc Translator
06-01 06:30:42.741  1046  1046 D AlphabeticalAppsList: addAppsWithSections: adding sectionName: F with appInfoTitle: Files
06-01 06:30:42.741  1046  1046 D AlphabeticalAppsList: addAppsWithSections: adding sectionName: G with appInfoTitle: Gmail
06-01 06:30:42.741  1046  1046 D AlphabeticalAppsList: addAppsWithSections: adding sectionName: M with appInfoTitle: Maps
06-01 06:30:42.741  1046  1046 D AlphabeticalAppsList: addAppsWithSections: adding sectionName: P with appInfoTitle: Phone
06-01 06:30:42.753   938   938 W LoadedApk: New application info for package com.android.systemui is out of date with TS 44338 < the current TS 53939
06-01 06:30:42.754   678  1076 W BroadcastQueue: Ignoring finishReceiverLocked; no active broadcast for BroadcastProcessQueue{4b767b8 938:com.android.systemui/u0a187}
06-01 06:30:42.755  1046  1046 D AlphabeticalAppsList: addAppsWithSections: adding sectionName: S with appInfoTitle: Safety
06-01 06:30:42.755  1046  1046 D AlphabeticalAppsList: addAppsWithSections: adding sectionName: T with appInfoTitle: TMoble
06-01 06:30:42.755  1046  1046 D AlphabeticalAppsList: addAppsWithSections: adding sectionName: V with appInfoTitle: Voice Access
06-01 06:30:42.755  1046  1046 D AlphabeticalAppsList: addAppsWithSections: adding sectionName: Y with appInfoTitle: YouTube
06-01 06:30:42.755  1046  1046 D AlphabeticalAppsList: Adding FastScrollSection duplicate to scroll to the bottom.
06-01 06:30:42.761  2042  2530 D ProfileInstaller: Installing profile for com.aistudio.ereader.xynk
06-01 06:30:42.768   938   938 I NoBackGesture: Config changed: newConfig={1.0 310mcc260mnc [en_US] ldltr sw411dp w411dp h914dp 420dpi nrml long port finger qwerty/v/v dpad/v winConfig={ mBounds=Rect(0, 0 - 1080, 2400) mAppBounds=Rect(0, 0 - 1080, 2400) mMaxBounds=Rect(0, 0 - 1080, 2400) mDisplayRotation=ROTATION_0 mWindowingMode=fullscreen mActivityType=undefined mAlwaysOnTop=undefined mRotation=ROTATION_0} as.2 s.41 fontWeightAdjustment=0} lastReportedConfig={1.0 310mcc260mnc [en_US] ldltr sw411dp w411dp h914dp 420dpi nrml long port finger qwerty/v/v dpad/v winConfig={ mBounds=Rect(0, 0 - 1080, 2400) mAppBounds=Rect(0, 0 - 1080, 2400) mMaxBounds=Rect(0, 0 - 1080, 2400) mDisplayRotation=ROTATION_0 mWindowingMode=fullscreen mActivityType=undefined mAlwaysOnTop=undefined mRotation=ROTATION_0} s.19 fontWeightAdjustment=0}
06-01 06:30:42.768   938   938 I NoBackGesture: NavbarController: newConfig={1.0 310mcc260mnc [en_US] ldltr sw411dp w411dp h914dp 420dpi nrml long port finger qwerty/v/v dpad/v winConfig={ mBounds=Rect(0, 0 - 1080, 2400) mAppBounds=Rect(0, 0 - 1080, 2400) mMaxBounds=Rect(0, 0 - 1080, 2400) mDisplayRotation=ROTATION_0 mWindowingMode=fullscreen mActivityType=undefined mAlwaysOnTop=undefined mRotation=ROTATION_0} as.2 s.41 fontWeightAdjustment=0} mTaskbarDelegate initialized=true willApplyConfigToNavbars=false navBarCount=0
06-01 06:30:42.771  1046  1116 D ModelWriter: removing items from db . Reason: [removed because the corresponding package or component is removed. mOp=3 removedPackages=[com.aistudio.ereader.xynk] removedComponents=[]]
06-01 06:30:42.781  1507  2264 I dvhl    : (REDACTED) Running '%s' over %s.
06-01 06:30:42.781  1507  2264 I dvhl    : (REDACTED) Running '%s' over %s.
06-01 06:30:42.788  1507  2355 I ahjy    : (REDACTED) #FCF: Managed profile check status : %s
06-01 06:30:42.814  1507  2367 I dthz    : #onCreate
06-01 06:30:42.833  1507  2355 E ashmem  : Pinning is deprecated since Android Q. Please use trim or other methods.
06-01 06:30:42.834  1507  2355 I ahjt    : (REDACTED) #FCF: Demo mode check status : %s
06-01 06:30:42.834  1507  2355 I ahmr    : (REDACTED) #FCF evaluate: %s
06-01 06:30:42.835  1507  2355 I ahmr    : (REDACTED) TngMaStatusChecker#evaluateInternal completed in %s millis
06-01 06:30:42.835  1507  2355 I dvhl    : (REDACTED) Completed '%s' over %s (status='%s').
06-01 06:30:42.843  1046  1116 D PackageUpdatedTask: Package updated: mOp=UPDATE packages=[android], user=UserHandle{0}
06-01 06:30:42.855  1019  2492 D NetworkMonitor/101: PROBE_HTTPS https://www.google.com/generate_204 time=411ms ret=204 request={Connection=[close], User-Agent=[Mozilla/5.0 (X11; Linux x86_64) AppleWebKit/537.36 (KHTML, like Gecko) Chrome/60.0.3112.32 Safari/537.36]} headers={null=[HTTP/1.1 204 No Content], Alt-Svc=[h3=":443"; ma=2592000,h3-29=":443"; ma=2592000], Connection=[close], Content-Length=[0], Cross-Origin-Resource-Policy=[cross-origin], Date=[Sun, 31 May 2026 23:30:43 GMT], X-Android-Received-Millis=[1780270242852], X-Android-Response-Source=[NETWORK 204], X-Android-Selected-Protocol=[http/1.1], X-Android-Sent-Millis=[1780270242744]}
06-01 06:30:42.861  2042  2067 W io.ereader.xynk: Suspending all threads took: 35.039ms
06-01 06:30:42.865  1502  2529 I LPAutoUpdateWorker: #doWork
06-01 06:30:42.868  1502  1983 I AiAiEcho: AppPredictionInputConnectorImpl#createPredictionSession
06-01 06:30:42.878  1507  2264 I dvhl    : (REDACTED) Running '%s' over %s.
06-01 06:30:42.888   938   938 D ShadeStateTraceLogger: New configuration change from Shade window. smallestScreenWidthDp: 411, densityDpi: 420
06-01 06:30:42.891   678   709 W Looper  : Slow delivery took 288ms android.ui app=system_server main=false group=TOP_APP h=android.view.Choreographer$FrameHandler c=android.view.Choreographer$FrameDisplayEventReceiver@f7e6bf9 m=0
06-01 06:30:42.891   678   709 W Looper  : Slow dispatch took 179ms android.ui app=system_server main=false group=TOP_APP h=android.view.Choreographer$FrameHandler c=android.view.Choreographer$FrameDisplayEventReceiver@f7e6bf9 m=0
06-01 06:30:42.891  1507  2355 I dvhl    : (REDACTED) Completed '%s' over %s (status='%s').
06-01 06:30:42.892  1507  2355 I agrh    : Connecting
06-01 06:30:42.892  1507  2355 I agvd    : Connecting to Triggering Service.
06-01 06:30:42.903   678  1529 W AppSearchIcing: status-util.h:31: Error: 5, Message: Document (com.google.android.googlequicksearchbox$OneSearchZeroStateGoogleSuggestions/default, zp) not found.
06-01 06:30:42.909  1046  1116 W AllAppsList: updatePackage: no Activities matched updated package, removing any AppInfo with package=android, user=UserHandle{0}
06-01 06:30:42.909  1507  2355 I zvk     : (REDACTED) #shouldMigrate(): allowMobileLocaleSettingsDataMigration = %b,
06-01 06:30:42.911  1046  1046 D b/387844520: getOutlineOffsetX: measured width = 173, mNormalizedIconSize = 159, last updated width = 173
06-01 06:30:42.939  1725  2136 W gle.android.gms: Verification of java.lang.Object m58.odo.a(int, java.lang.Object) took 2.357s (435.26 bytecodes/s) (0B arena alloc)
06-01 06:30:42.940   938   938 I ndroid.systemui: AssetManager2(0x7b2c763daaf8) locale list changing from [] to [en-US]
06-01 06:30:42.941  1502  1502 I AiAiEcho: SearchContextManagerImpl::setSearchContext resultTypes=[139867] extras=[Bundle[{launcher.maxInlineIcons=3, dynamic_ranking_m3_enabled=true, qs_tiles_asi_enabled=true, allowlist_enabled=false, one_search_enabled=true, system_clock=true, version_code=12, gms_play_query_lower_bound=2, gms_play_query_upper_bound=20, recent_search_block_enabled=true, gms_play_feature_supported=true, launcher.gridSize=4, showhiddentargets_enabled=false, ose_info=1}]] sessionId=[com.google.android.apps.nexuslauncher:bc398037-02cf-4cab-b8c7-f224f6ef7eb5,0]
06-01 06:30:42.943   938   938 D NavigationModeController: onOverlayChanged
06-01 06:30:42.944   938   938 D NavigationModeController: getCurrentUserContext: contextUser=0 currentUser=0
06-01 06:30:42.944   938   938 D NavigationModeController: getCurrentInteractionMode: mode=2 contextUser=0
06-01 06:30:42.944   938   938 D NavigationModeController: updateCurrentInteractionMode: mode=2
06-01 06:30:42.944   938   938 D NavigationModeController:   contextUser=0
06-01 06:30:42.944   938   938 D NavigationModeController:   assetPaths=
06-01 06:30:42.944   938   938 D NavigationModeController:     /system/framework/framework-res.apk
06-01 06:30:42.944   938   938 D NavigationModeController:     /vendor/overlay/framework-res__sdk_gphone64_x86_64__auto_generated_rro_vendor.apk
06-01 06:30:42.944   938   938 D NavigationModeController:     /product/overlay/GoogleConfigOverlay.apk
06-01 06:30:42.944   938   938 D NavigationModeController:     /product/overlay/GoogleWebViewOverlay.apk
06-01 06:30:42.944   938   938 D NavigationModeController:     /product/overlay/LargeScreenConfigOverlay.apk
06-01 06:30:42.944   938   938 D NavigationModeController:     /product/overlay/PixelConfigOverlayCommon.apk
06-01 06:30:42.944   938   938 D NavigationModeController:     /product/overlay/framework-res__sdk_gphone64_x86_64__auto_generated_rro_product.apk
06-01 06:30:42.944   938   938 D NavigationModeController:     /product/overlay/RanchuCommonOverlay.apk
06-01 06:30:42.944   938   938 D NavigationModeController:     /system_ext/priv-app/SystemUIGoogle/SystemUIGoogle.apk
06-01 06:30:42.944   938   938 D NavigationModeController:     /product/overlay/EmulationPixel6/EmulationPixel6Overlay.apk
06-01 06:30:42.945   938   938 D NavigationModeController:     /product/overlay/NavigationBarModeGestural/NavigationBarModeGesturalOverlay.apk
06-01 06:30:42.945   938   938 D NavigationModeController:     /vendor/overlay/SystemUIGoogle__sdk_gphone64_x86_64__auto_generated_rro_vendor.apk
06-01 06:30:42.945   938   938 D NavigationModeController:     /product/overlay/SystemUIGoogle__sdk_gphone64_x86_64__auto_generated_rro_product.apk
06-01 06:30:42.945   938   938 D NavigationModeController:     /product/overlay/SystemUIEmulationPixel6/SystemUIEmulationPixel6Overlay.apk
06-01 06:30:42.946  1038  1277 D SatelliteController: iisInCarrierRoamingNbIotNtn: satellite is disabled
06-01 06:30:42.968  1507  2355 I dvhl    : (REDACTED) Completed '%s' over %s (status='%s').
06-01 06:30:42.971  1507  2355 I dvzg    : (REDACTED) New connection(%s) added, total(%d).
06-01 06:30:42.972  1507  2355 I dvta    : (REDACTED) Client connections changed: %s.
06-01 06:30:43.038  1046  1115 D SearchTargetUtil: queryLength=0 size=1
06-01 06:30:43.038  1046  1115 D SearchTargetUtil: layoutType=icon_row resultType=4096 packageName=
06-01 06:30:43.052   938   938 D NavigationModeController: getCurrentUserContext: contextUser=0 currentUser=0
06-01 06:30:43.054   678  1076 I SoundTriggerMiddlewareLogging: LIST_MODULE [client= "com.google.android.as"] () -> [ {Id: 0, Implementor: android, Version: 1} ]
06-01 06:30:43.061  1502  2224 I WM-WorkerWrapper: Worker result SUCCESS for Work [ id=34dd238c-a246-4c96-bfbb-8cfaa4946f45, tags={ com.google.android.apps.miphone.aiai.chronicle.data.storage.datacache.workmanager.UpdateDataCacheStorageWorker,UpdateDataCacheStorageWorker } ]
06-01 06:30:43.065  1411  2101 W JobInfo : Requested important-while-foreground flag for job201 is ignored and takes no effect
06-01 06:30:43.066  1411  2101 D WM-SystemJobScheduler: Scheduling work ID 6d4c483c-b7cc-45c5-802a-4411bc722a37Job ID 201
06-01 06:30:43.067  1507  2264 I eumg    : Validating WorkManager process
06-01 06:30:43.072  1241  2248 I SQLiteConnectionPool: The connection pool for /data/user/0/com.google.android.gms/databases/metadata.db has been closed but there are still 1 connections in use.  They will be closed as they are released back to the pool.
06-01 06:30:43.080   678   709 W Looper  : Drained
06-01 06:30:43.092  1507  2264 D WM-PackageManagerHelper: Skipping component enablement for androidx.work.impl.background.systemjob.SystemJobService
06-01 06:30:43.096  1019  2491 D NetworkMonitor/101: isCaptivePortal: isSuccessful()=true isPortal()=false RedirectUrl=null isPartialConnectivity()=false Time=1302ms
06-01 06:30:43.105  1046  1046 D b/387844520: getOutlineOffsetX: measured width = 0, mNormalizedIconSize = 159, last updated width = 0
06-01 06:30:43.106  1046  1046 D Launcher.Workspace: addInScreenFromBind: hotseat inflation with x = 3 and y = 0
06-01 06:30:43.106  1046  1046 D CellLayout: Adding view to ShortcutsAndWidgetsContainer: com.android.launcher3.uioverrides.PredictedAppIcon{f0e2148 VFED..C.. ......ID 0,0-0,0}
06-01 06:30:43.120  1502  2224 I WM-WorkerWrapper: Worker result SUCCESS for Work [ id=9ad89883-1419-445c-99f8-c645cecad6ea, tags={ com.google.android.libraries.speech.modeldownload.languagepacks.backgroundtask.workmanager.LanguagePackAutoUpdateWorker } ]
06-01 06:30:43.129  2042  2067 I io.ereader.xynk: Background concurrent mark compact GC freed 3226KB AllocSpace bytes, 0(0B) LOS objects, 49% free, 4816KB/9632KB, paused 76.927ms,29.702ms total 563.121ms
06-01 06:30:43.136  1507  2264 D WM-Schedulers: Created SystemJobScheduler and enabled SystemJobService
06-01 06:30:43.138  1507  2264 I dvxv    : (REDACTED) Using '%s' policy for same client allowance check.
06-01 06:30:43.143  1507  2355 I dvta    : (REDACTED) Connection state changed: %s.
06-01 06:30:43.145  1507  2355 I dvta    : (REDACTED) Invocations routing has changed
06-01 06:30:43.145  1507  2355 I dvta    : %s
06-01 06:30:43.147  1507  2355 I dwbc    : (REDACTED) Platform configuration for connection(%s) has changed(@%s):%s
06-01 06:30:43.147  1507  2355 I dvyy    : (REDACTED) On platform configuration update(@%s) in connection(%s).
06-01 06:30:43.150  1507  2355 I agvd    : (REDACTED) On platform configuration update(%s).
06-01 06:30:43.150  1507  2355 I agul    : Received ConfigurationUpdate from Triggering API
06-01 06:30:43.159  1725  2136 W gle.android.gms: Verification of java.lang.Object m58.odd.a(int, java.lang.Object) took 217.246ms (598.40 bytecodes/s) (0B arena alloc)
06-01 06:30:43.166   678   838 I ConnectivityService: Update score for net 101 : +EVER_EVALUATED
06-01 06:30:43.166   678   838 D ConnectivityService: [101 CELLULAR] validation passed
06-01 06:30:43.166   678   838 I ConnectivityService: Update capabilities for net 101 : +VALIDATED
06-01 06:30:43.166   678   838 I ConnectivityService: Update score for net 101 : +EVER_VALIDATED+IS_VALIDATED
06-01 06:30:43.172  1038  1242 D com.android.ons.ONSProfileActivator: Internet connection available
06-01 06:30:43.180   678   838 D ConnectivityService: NetReassign [no changes] [c 2] [a 2] [i 9]
06-01 06:30:43.181  1241  2113 I FontLog : (REDACTED) Pulling font file for id = %d, cache size = %d
06-01 06:30:43.184   678   708 I GnssNetworkConnectivityHandler: updateNetworkState, state=CLOSED, connected=true, network=101, capabilityFlags=2, availableNetworkCount: 2
06-01 06:30:43.192   678   838 D ConnectivityService: Setting DNS servers for network 101 to [/10.0.2.3]
06-01 06:30:43.192   678   838 D DnsManager: sendDnsConfigurationForNetwork(ResolverParamsParcel{netId: 101, sampleValiditySeconds: 1800, successThreshold: 25, minSamples: 8, maxSamples: 64, baseTimeoutMsec: 0, retryCount: 0, servers: [10.0.2.3], domains: [], tlsName: , tlsServers: [10.0.2.3], tlsFingerprints: [], caCertificate: , tlsConnectTimeoutMs: 0, resolverOptions: null, transportTypes: [0], meteredNetwork: true, dohParams: null, interfaceNames: [eth0]})
06-01 06:30:43.211  1507  2264 I dwmk    : (REDACTED) Initializing managed lifecycle(%s)
06-01 06:30:43.211  1507  2264 I dwmk    : (REDACTED) Initializing managed lifecycle(%s)
06-01 06:30:43.211  1507  2264 I dwmk    : (REDACTED) Initializing managed lifecycle(%s)
06-01 06:30:43.212  1507  2264 I dwmk    : (REDACTED) Initializing managed lifecycle(%s)
06-01 06:30:43.212  1507  2264 I dwmk    : (REDACTED) Initializing managed lifecycle(%s)
06-01 06:30:43.221  1411  2101 W JobInfo : Requested important-while-foreground flag for job194 is ignored and takes no effect
06-01 06:30:43.222  1411  2101 D WM-SystemJobScheduler: Scheduling work ID 44edd83d-637c-4cab-80ff-dfeb84a1aa15Job ID 194
06-01 06:30:43.246  1507  2353 D WM-ForceStopRunnable: Is default app process = false
06-01 06:30:43.246  1507  2353 I abuy    : Wearables Pin created
06-01 06:30:43.280  1883  2498 I doej    : (REDACTED) Failed to find any valid flight records for process id %d
06-01 06:30:43.282  1403  1920 I DownloadManager: DownloadManager$3.onProgress():537 Downloading __KLP_delight__en-840 with size 286329
06-01 06:30:43.301  1883  2498 I doej    : (REDACTED) Failed to find any valid flight records for process id %d
06-01 06:30:43.324  1507  2264 I dvhl    : (REDACTED) Completed '%s' over %s (status='%s').
06-01 06:30:43.328  1507  2264 I dvvl    : Pre-warming invocation sink grpc service.
06-01 06:30:43.353  1507  2353 I aadr    : (REDACTED) isGrpcDeviceIntent: %s
06-01 06:30:43.353  1507  2355 I aqhs    : OptInSetting is UNKNOWN or UNRECOGNIZED [CONTEXT ratelimit_period="10 SECONDS" ]
06-01 06:30:43.355  1507  2355 I alfr    : Device not matched [CONTEXT ratelimit_period="10 SECONDS" ]
06-01 06:30:43.374  1502  2343 I SP.AiAi : Scheduling: download registered, 0 started, 0 paused, 5 scheduled, 5 pending: manifests:text-classifier-annotator-272525175 * {W:C:I:l, bg}, manifests:text-classifier-actions-1140547708 * {W:C:I:l, bg}, manifests:text-classifier-langid-1941001461 * {W:C:I:l, bg}, manifests:spelling_correction-22110320 * {W:C:I:l, bg}, manifests:kg_collections_table-21051103 * {W:C:I:l, bg}
06-01 06:30:43.360  1046  1046 D TouchInteractionService: disposeEventHandlers: Reason: Initializing input monitor due to: TISBinder#onInitialize() instance=217097963
06-01 06:30:43.379  1046  1046 D InputMonitorCompat: Input event receiver for monitor (swipe-up-disp0) disposed
06-01 06:30:43.388  1502  1502 W ActivityThread: getPackageInfo() called with an older ApplicationInfo than the cached version for package com.google.android.as
06-01 06:30:43.389  2411  2534 W Finsky  : [41] Failed to get the task info for cold start.
06-01 06:30:43.389  2411  2534 I Finsky  : [41] Process started for unknown session.
06-01 06:30:43.403  1019  2439 D nativeloader: Load libandroid_net_connectivity_com_android_net_module_util_jni.so using APEX ns com_android_tethering for caller /apex/com.android.tethering/javalib/framework-connectivity.jar: ok
06-01 06:30:43.415  1411  2101 W JobInfo : Requested important-while-foreground flag for job197 is ignored and takes no effect
06-01 06:30:43.415  1411  2101 D WM-SystemJobScheduler: Scheduling work ID 54c47f21-835a-4862-9aec-d8defeddd992Job ID 197
06-01 06:30:43.425  1883  1883 I fhvt    : (REDACTED) Created gRPC endpoint for service %s
06-01 06:30:43.427  2490  2490 W droid.deskclock: Failed to find entry 'classes.dex': Entry not found
06-01 06:30:43.453   678   934 D NetworkStatsObservers: Unregistering RequestInfo from pid/uid:678/1000(android) for DataUsageRequest [ requestId=3, networkTemplate=NetworkTemplate: matchRule=MOBILE, matchSubscriberIds=[310260...], matchWifiNetworkKeys=[], metered=YES, defaultNetwork=NO, thresholdInBytes=21403128 ] accessLevel:3
06-01 06:30:43.475  1725  1725 I gle.android.gms: WaitForGcToComplete blocked ClassLinker on Background for 4.064s
06-01 06:30:43.475   678   830 D NetworkStatsObservers: Registering observer for RequestInfo from pid/uid:678/1000(android) for DataUsageRequest [ requestId=4, networkTemplate=NetworkTemplate: matchRule=MOBILE, matchSubscriberIds=[310260...], matchWifiNetworkKeys=[], metered=YES, defaultNetwork=NO, thresholdInBytes=21392811 ] accessLevel:3
06-01 06:30:43.483  1046  1046 D InputMonitorCompat: Input monitor (swipe-up-disp0) disposed
06-01 06:30:43.487  1019  1024 W rkstack.process: Suspending all threads took: 32.529ms
06-01 06:30:43.535  1046  1046 D InputMonitorCompat: Input monitor (swipe-up-disp0) created
06-01 06:30:43.538  1046  1046 D InputMonitorCompat: Input event receiver for monitor (swipe-up-disp0) created
06-01 06:30:43.542  1403  1925 I ShortcutsDataManager: AbstractContentDataManager.importRecords():348 importRecords() : Success : Count = 0
06-01 06:30:43.543  2411  2536 I Finsky  : [43] Finished reading experiment flags from file [0tGUNCGIkbk4o6-fQ335kUYSKwVj4lusnHT-A5Dsy08] numFlags=2350.
06-01 06:30:43.557  1403  1925 I ShortcutsDataManager: AbstractContentDataManager.importContentData():297 importContentData() : Ending import process
06-01 06:30:43.566  2490  2490 D nativeloader: Configuring clns-9 for other apk /data/app/~~6vcT3l5b23yyR9T7OTdm_Q==/com.google.android.deskclock-8n_vvfuIkeY9DPiX8Kgppg==/base.apk:/data/app/~~6vcT3l5b23yyR9T7OTdm_Q==/com.google.android.deskclock-8n_vvfuIkeY9DPiX8Kgppg==/split_config.xxhdpi.apk. target_sdk_version=36, uses_libraries=, library_path=/data/app/~~6vcT3l5b23yyR9T7OTdm_Q==/com.google.android.deskclock-8n_vvfuIkeY9DPiX8Kgppg==/lib/x86_64, permitted_path=/data:/mnt/expand:/data/user/0/com.google.android.deskclock
06-01 06:30:43.583  1411  2101 W JobInfo : Requested important-while-foreground flag for job273 is ignored and takes no effect
06-01 06:30:43.583  1411  2101 D WM-SystemJobScheduler: Scheduling work ID 6cee3b10-8fe4-464b-83c5-283ca9096d92Job ID 273
06-01 06:30:43.610   938  1380 I HWUI    : Davey! duration=917ms; Flags=0, FrameTimelineVsyncId=5693, IntendedVsync=65791911254, Vsync=65825244586, InputEventId=0, HandleInputStart=65826336900, AnimationStart=65826368600, PerformTraversalsStart=65826413900, DrawStart=65853661100, FrameDeadline=65808577920, FrameStartTime=65826317400, FrameInterval=16666666, WorkloadTarget=16666666, SyncQueued=65853835700, SyncStart=65881532600, IssueDrawCommandsStart=65881703000, SwapBuffers=66565382200, FrameCompleted=66737177500, DequeueBufferDuration=23027500, QueueBufferDuration=16350300, GpuCompleted=66713924300, SwapBuffersCompleted=66737177500, DisplayPresentTime=0, CommandSubmissionCompleted=66565382200, 
06-01 06:30:43.620  1403  1925 I PersonalLanguageModelUpdater: PersonalLanguageModelUpdater$UpdateOperation.performInternal():165 run() : Added 0 words and 0 shortcuts
06-01 06:30:43.620  1403  1925 I DynamicLanguageModelOperation: DynamicLanguageModelOperation.perform():43 perform() : 4 : exo : Completed
06-01 06:30:43.627  1403  1403 I ShortcutsDataManager: AbstractContentDataManager$ImportContentTask.onPostExecute():268 onPostExecute() : Result = [2,0]
06-01 06:30:43.627  1403  1403 I ShortcutsDataManager: ShortcutsDataManager.onImportFinished():82 onImportFinished() : Result = 2 : Count = 0
06-01 06:30:43.706  1507  2264 I alij    : (REDACTED) #isRobinOnlyLocale checkedLocale:%s language:%s list:%s
06-01 06:30:43.725  2411  2535 I Finsky  : [42] Finished reading experiment flags from file [Se-xCc4LzNyh3UrKMIU2sUf-PUKz4oQEbpKZDMuaFno] numFlags=2012.
06-01 06:30:43.754  1241  1250 W .gms.persistent: Suspending all threads took: 516.572ms
06-01 06:30:43.755  1046  1046 D b/387844520: getOutlineOffsetX: measured width = 0, mNormalizedIconSize = 159, last updated width = 0
06-01 06:30:43.756  1046  1046 I Choreographer: Skipped 37 frames!  The application may be doing too much work on its main thread.
06-01 06:30:43.760  1241  2073 W FontLog : Error updating last accessed time for {Noto COLR Emoji Compat, wdth 100.0, wght 400, ital 0.0, bestEffort false}, isVf false}. [CONTEXT service_id=132 ]
06-01 06:30:43.760  1241  2073 W FontLog : java.lang.IllegalStateException: Cannot perform this operation because the connection pool has been closed.
06-01 06:30:43.760  1241  2073 W FontLog : 	at android.database.sqlite.SQLiteConnectionPool.throwIfClosedLocked(SQLiteConnectionPool.java:1110)
06-01 06:30:43.760  1241  2073 W FontLog : 	at android.database.sqlite.SQLiteConnectionPool.waitForConnection(SQLiteConnectionPool.java:801)
06-01 06:30:43.760  1241  2073 W FontLog : 	at android.database.sqlite.SQLiteConnectionPool.acquireConnection(SQLiteConnectionPool.java:406)
06-01 06:30:43.760  1241  2073 W FontLog : 	at android.database.sqlite.SQLiteSession.acquireConnection(SQLiteSession.java:931)
06-01 06:30:43.760  1241  2073 W FontLog : 	at android.database.sqlite.SQLiteSession.prepare(SQLiteSession.java:623)
06-01 06:30:43.760  1241  2073 W FontLog : 	at android.database.sqlite.SQLiteProgram.<init>(SQLiteProgram.java:62)
06-01 06:30:43.760  1241  2073 W FontLog : 	at android.database.sqlite.SQLiteStatement.<init>(SQLiteStatement.java:34)
06-01 06:30:43.760  1241  2073 W FontLog : 	at android.database.sqlite.SQLiteDatabase.executeSql(SQLiteDatabase.java:2234)
06-01 06:30:43.760  1241  2073 W FontLog : 	at android.database.sqlite.SQLiteDatabase.execSQL(SQLiteDatabase.java:2211)
06-01 06:30:43.760  1241  2073 W FontLog : 	at cbaj.run(:com.google.android.gms@261631038@26.16.31 (260800-900800821):57)
06-01 06:30:43.760  1241  2073 W FontLog : 	at bjwq.c(:com.google.android.gms@261631038@26.16.31 (260800-900800821):50)
06-01 06:30:43.760  1241  2073 W FontLog : 	at bjwq.run(:com.google.android.gms@261631038@26.16.31 (260800-900800821):66)
06-01 06:30:43.760  1241  2073 W FontLog : 	at java.util.concurrent.ThreadPoolExecutor.runWorker(ThreadPoolExecutor.java:1156)
06-01 06:30:43.760  1241  2073 W FontLog : 	at java.util.concurrent.ThreadPoolExecutor$Worker.run(ThreadPoolExecutor.java:651)
06-01 06:30:43.760  1241  2073 W FontLog : 	at bkch.run(:com.google.android.gms@261631038@26.16.31 (260800-900800821):8)
06-01 06:30:43.760  1241  2073 W FontLog : 	at java.lang.Thread.run(Thread.java:1119)
06-01 06:30:43.760  1241  2073 W FontLog : Caused by: java.lang.Exception: SQLiteConnectionPool.close()
06-01 06:30:43.760  1241  2073 W FontLog : 	at android.database.sqlite.SQLiteConnectionPool.dispose(SQLiteConnectionPool.java:274)
06-01 06:30:43.760  1241  2073 W FontLog : 	at android.database.sqlite.SQLiteConnectionPool.close(SQLiteConnectionPool.java:254)
06-01 06:30:43.760  1241  2073 W FontLog : 	at android.database.sqlite.SQLiteDatabase.dispose(SQLiteDatabase.java:559)
06-01 06:30:43.760  1241  2073 W FontLog : 	at android.database.sqlite.SQLiteDatabase.onAllReferencesReleased(SQLiteDatabase.java:536)
06-01 06:30:43.760  1241  2073 W FontLog : 	at android.database.sqlite.SQLiteClosable.releaseReference(SQLiteClosable.java:92)
06-01 06:30:43.760  1241  2073 W FontLog : 	at android.database.sqlite.SQLiteClosable.close(SQLiteClosable.java:124)
06-01 06:30:43.760  1241  2073 W FontLog : 	at cbai.c(:com.google.android.gms@261631038@26.16.31 (260800-900800821):3)
06-01 06:30:43.760  1241  2073 W FontLog : 	at cbaj.run(:com.google.android.gms@261631038@26.16.31 (260800-900800821):62)
06-01 06:30:43.760  1241  2073 W FontLog : 	... 6 more
06-01 06:30:43.766  1241  2113 W WearableService: onGetService: Wear is not available on this device. Calling package: com.google.android.googlequicksearchbox
06-01 06:30:43.776  1241  1340 I .gms.persistent: AssetManager2(0x7b2c763c7278) locale list changing from [] to [en-US]
06-01 06:30:43.794   678   784 E ActivityManager: Sending non-protected broadcast android.intent.action.UPDATE_CT_LOGS from system uid 1000 pkg android
06-01 06:30:43.794   678   784 E ActivityManager: java.lang.Throwable
06-01 06:30:43.794   678   784 E ActivityManager: 	at com.android.server.am.BroadcastController.checkBroadcastFromSystem(BroadcastController.java:2145)
06-01 06:30:43.794   678   784 E ActivityManager: 	at com.android.server.am.BroadcastController.broadcastIntentLockedTraced(BroadcastController.java:1646)
06-01 06:30:43.794   678   784 E ActivityManager: 	at com.android.server.am.BroadcastController.broadcastIntentLocked(BroadcastController.java:807)
06-01 06:30:43.794   678   784 E ActivityManager: 	at com.android.server.am.BroadcastController.broadcastIntentInPackage(BroadcastController.java:774)
06-01 06:30:43.794   678   784 E ActivityManager: 	at com.android.server.am.ActivityManagerService$LocalService.broadcastIntentInPackage(ActivityManagerService.java:17221)
06-01 06:30:43.794   678   784 E ActivityManager: 	at com.android.server.am.PendingIntentRecord.sendInner(PendingIntentRecord.java:674)
06-01 06:30:43.794   678   784 E ActivityManager: 	at com.android.server.am.PendingIntentRecord.sendWithResult(PendingIntentRecord.java:380)
06-01 06:30:43.794   678   784 E ActivityManager: 	at com.android.server.am.ActivityManagerService.sendIntentSender(ActivityManagerService.java:5618)
06-01 06:30:43.794   678   784 E ActivityManager: 	at android.app.PendingIntent.sendAndReturnResult(PendingIntent.java:1116)
06-01 06:30:43.794   678   784 E ActivityManager: 	at android.app.PendingIntent.send(PendingIntent.java:1082)
06-01 06:30:43.794   678   784 E ActivityManager: 	at com.android.server.alarm.AlarmManagerService$DeliveryTracker.deliverLocked(AlarmManagerService.java:5358)
06-01 06:30:43.794   678   784 E ActivityManager: 	at com.android.server.alarm.AlarmManagerService.deliverAlarmsLocked(AlarmManagerService.java:4322)
06-01 06:30:43.794   678   784 E ActivityManager: 	at com.android.server.alarm.AlarmManagerService$AlarmThread.run(AlarmManagerService.java:4598)
06-01 06:30:43.815  1241  1241 D BoundBrokerSvc: onBind: Intent { act=com.google.android.contextmanager.service.ContextManagerService.START xflg=0x4 pkg=com.google.android.gms }
06-01 06:30:43.815  1241  1241 D BoundBrokerSvc: Loading bound service for intent: Intent { act=com.google.android.contextmanager.service.ContextManagerService.START xflg=0x4 pkg=com.google.android.gms }
06-01 06:30:43.854  1883  2287 I aoid    : Returning COHORT_NOT_DETERMINED for signed out user.
06-01 06:30:43.858  1883  2287 I aoid    : Returning COHORT_NOT_DETERMINED for signed out user.
06-01 06:30:43.868   938   950 I HWUI    : Davey! duration=1131ms; Flags=0, FrameTimelineVsyncId=5701, IntendedVsync=65841911252, Vsync=65908577916, InputEventId=0, HandleInputStart=65924182500, AnimationStart=65924216100, PerformTraversalsStart=65924261500, DrawStart=66894843400, FrameDeadline=65858577918, FrameStartTime=65924162200, FrameInterval=16666666, WorkloadTarget=16666666, SyncQueued=66894870800, SyncStart=66910742400, IssueDrawCommandsStart=66917995900, SwapBuffers=66923052000, FrameCompleted=66989023300, DequeueBufferDuration=94900, QueueBufferDuration=27486000, GpuCompleted=66987078100, SwapBuffersCompleted=66989023300, DisplayPresentTime=0, CommandSubmissionCompleted=66923052000, 
06-01 06:30:43.870   938  1396 I Choreographer: Skipped 64 frames!  The application may be doing too much work on its main thread.
06-01 06:30:43.880  1883  2287 I alza    : Fast track disabled
06-01 06:30:43.881  1883  2287 I anyk    : Samsung fast track experience disabled (not Samsung device).
06-01 06:30:43.927  1883  2287 I alza    : Samsung fast track enrollment disabled, not enrolling
06-01 06:30:43.935  2411  2538 D nativeloader: Load /data/app/~~fzPmczEzXOn-VmSLND64cg==/com.android.vending-Ci_96UMtEKj8dpjLPEebiw==/split_config.x86_64.apk!/lib/x86_64/libmappedcountercacheversionjni.so using class loader ns clns-9 (caller=/data/app/~~fzPmczEzXOn-VmSLND64cg==/com.android.vending-Ci_96UMtEKj8dpjLPEebiw==/base.apk): ok
06-01 06:30:43.983  2399  2399 W .android.as.oss: Failed to find entry 'classes.dex': Entry not found
06-01 06:30:43.989  1019  2439 W rkstack.process: Weak pointer dereference blocked for 244 milliseconds.
06-01 06:30:43.994  2399  2399 W .android.as.oss: Failed to find entry 'classes.dex': Entry not found
06-01 06:30:44.002  1241  1252 W System  : A resource failed to call close. 
06-01 06:30:44.017   938   938 D ThemeOverlayController: Writing boot animation colors 1: fffdd7fa
06-01 06:30:44.024  1046  1116 W HWUI    : Image decoding logging dropped!
06-01 06:30:44.024  2399  2399 W .android.as.oss: Failed to find entry 'classes.dex': Entry not found
06-01 06:30:44.025   678   832 D WifiConfigStore: Writing to stores completed in 82 ms.
06-01 06:30:44.036  1411  2101 W JobInfo : Requested important-while-foreground flag for job272 is ignored and takes no effect
06-01 06:30:44.036  1411  2101 D WM-SystemJobScheduler: Scheduling work ID b4d18c9a-38ee-4263-8d35-7f52c87a1512Job ID 272
06-01 06:30:44.043  2399  2399 D nativeloader: Configuring clns-9 for other apk /data/app/~~eY5fcP9eVDdcLujwRNglfg==/com.google.android.as.oss-813JACClcmLCgt0Xopos8g==/base.apk:/data/app/~~eY5fcP9eVDdcLujwRNglfg==/com.google.android.as.oss-813JACClcmLCgt0Xopos8g==/split_config.arm64_v8a.apk:/data/app/~~eY5fcP9eVDdcLujwRNglfg==/com.google.android.as.oss-813JACClcmLCgt0Xopos8g==/split_config.en.apk:/data/app/~~eY5fcP9eVDdcLujwRNglfg==/com.google.android.as.oss-813JACClcmLCgt0Xopos8g==/split_config.xxhdpi.apk. target_sdk_version=36, uses_libraries=, library_path=/data/app/~~eY5fcP9eVDdcLujwRNglfg==/com.google.android.as.oss-813JACClcmLCgt0Xopos8g==/lib/arm64:/data/app/~~eY5fcP9eVDdcLujwRNglfg==/com.google.android.as.oss-813JACClcmLCgt0Xopos8g==/base.apk!/lib/arm64-v8a:/data/app/~~eY5fcP9eVDdcLujwRNglfg==/com.google.android.as.oss-813JACClcmLCgt0Xopos8g==/split_config.arm64_v8a.apk!/lib/arm64-v8a:/data/app/~~eY5fcP9eVDdcLujwRNglfg==/com.google.android.as.oss-813JACClcmLCgt0Xopos8g==/split_config.en.apk!/lib/arm64-v8a:/data/app/~~eY5fcP9eVDdcLujwRNglfg==/com.
06-01 06:30:44.057  1411  1411 D WM-SystemJobService: onStartJob for WorkGenerationalId(workSpecId=6cee3b10-8fe4-464b-83c5-283ca9096d92, generation=11)
06-01 06:30:44.098   938   938 D ThemeOverlayController: Writing boot animation colors 2: ff94aae4
06-01 06:30:44.102  2490  2490 I droid.deskclock: AssetManager2(0x7b2c763b9ad8) locale list changing from [] to [en-US]
06-01 06:30:44.114   678   934 D NetworkStatsObservers: Unregistering RequestInfo from pid/uid:678/1000(android) for DataUsageRequest [ requestId=4, networkTemplate=NetworkTemplate: matchRule=MOBILE, matchSubscriberIds=[310260...], matchWifiNetworkKeys=[], metered=YES, defaultNetwork=NO, thresholdInBytes=21392811 ] accessLevel:3
06-01 06:30:44.120   678   830 D NetworkStatsObservers: Registering observer for RequestInfo from pid/uid:678/1000(android) for DataUsageRequest [ requestId=5, networkTemplate=NetworkTemplate: matchRule=MOBILE, matchSubscriberIds=[310260...], matchWifiNetworkKeys=[], metered=YES, defaultNetwork=NO, thresholdInBytes=21392750 ] accessLevel:3
06-01 06:30:44.120   938   938 D ThemeOverlayController: Writing boot animation colors 3: ff70778b
06-01 06:30:44.147  1502  2343 I SP.AiAi : Scheduling job with delay of 0s for {W:C:I:l, bg}, 5 candidates
06-01 06:30:44.158   938   938 D ThemeOverlayController: Writing boot animation colors 4: ffd9e2ff
06-01 06:30:44.158   938   938 I ndroid.systemui: AssetManager2(0x7b2c763de018) locale list changing from [] to [en-US]
06-01 06:30:44.175  1046  1116 I s.nexuslauncher: AssetManager2(0x7b2c763e9238) locale list changing from [] to [en-US]
06-01 06:30:44.182  1411  1411 D WM-SystemJobService: onStartJob for WorkGenerationalId(workSpecId=b4d18c9a-38ee-4263-8d35-7f52c87a1512, generation=12)
06-01 06:30:44.201  1507  1522 W hbox:interactor: Suspending all threads took: 444.984ms
06-01 06:30:44.255  1507  2367 I eumg    : (REDACTED) Processes: %s, %s, %s, %s
06-01 06:30:44.276  1403  1920 I DownloadManager: DownloadManager$3.onProgress():537 Downloading __KLP_delight__en-840 with size 605817
06-01 06:30:44.292  1046  1046 D b/387844520: getOutlineOffsetX: measured width = 0, mNormalizedIconSize = 159, last updated width = 0
06-01 06:30:44.295   938  1381 W Looper  : Drained
06-01 06:30:44.300  2490  2490 V GraphicsEnvironment: Currently set values for:
06-01 06:30:44.304  1502  2316 I AiAiPeople: Pecan Pipeline (re)Initialized with 4 Labelers Loaded.
06-01 06:30:44.326  2490  2490 V GraphicsEnvironment:   angle_gl_driver_selection_pkgs=[]
06-01 06:30:44.326  2490  2490 V GraphicsEnvironment:   angle_gl_driver_selection_values=[]
06-01 06:30:44.326  2490  2490 V GraphicsEnvironment: com.google.android.deskclock is not listed in per-application setting
06-01 06:30:44.326  2490  2490 V GraphicsEnvironment: ANGLE allowlist from config: com.dreamgames.royalmatch com.dts.freefiremax com.dxx.firenow com.gramgames.mergedragons com.ludo.king com.mojang.minecraftpe com.my.defense com.nintendo.zaka com.os.airforce com.playrix.fishdomdd.gplay io.teslatech.callbreak jp.konami.prospia net.peakgames.toonblast
06-01 06:30:44.326  2490  2490 V GraphicsEnvironment: com.google.android.deskclock is not listed in ANGLE allowlist or settings, returning default
06-01 06:30:44.327  2490  2490 V GraphicsEnvironment: Neither updatable production driver nor prerelease driver is supported.
06-01 06:30:44.331   938   938 D AuthController: handleAllFingerprintAuthenticatorsRegistered | sensors: [ID: 0, Strength: 2, Type: 1]
06-01 06:30:44.353  1507  2264 I aphe    : (REDACTED) DelegationStatus: %s
06-01 06:30:44.394   938   938 D DLObserver: onDockEvent mDockState = 0
06-01 06:30:44.441   938  1159 W Looper  : Slow dispatch took 2201ms SysUiBg app=com.android.systemui main=false group=FOREGROUND h=android.os.Handler c=com.android.systemui.stylus.StylusManager$startListener$1@f6c266c m=0
06-01 06:30:44.442   938  1159 D ThemeOverlayController: Boot colors: [WallpaperColors: ff343e65 ff100f19 ffadc1e4 ff2f5269 ff524637 ff231e24 ff3c332e ffa8a298 ffc7c5c3 ff000000 h: 6]
06-01 06:30:44.443  1725  1725 W gle.android.gms: Verification of void com.google.android.gms.chimera.GmsModuleInitializer.initializeModuleV0(android.content.Context, com.google.android.gms.common.app.BaseApplicationContext) took 948.372ms (983.79 bytecodes/s) (0B arena alloc)
06-01 06:30:44.460  1241  1334 I .gms.persistent: AssetManager2(0x7b2c763bdf98) locale list changing from [] to [en-US]
06-01 06:30:44.484   678  1693 D FileUtils: Rounded bytes from 4110155776 to 8000000000
06-01 06:30:44.494  2285  2295 E ExportedFlags: android.os.flagging.AconfigStorageReadException: ERROR_PACKAGE_NOT_FOUND: package com.android.settingslib.widget.theme.flags cannot be found on the device
06-01 06:30:44.500   938  1934 I vol.Events: writeEvent external_ringer_mode_changed normal
06-01 06:30:44.502  1411  2021 I DialerFixedDialingNumberPhoneLookupContributor: com.android.dialer.fixeddialingnumber.impl.phonelookup.FixedDialingNumberPhoneLookupContributor.getFdnListFromUri:245 empty cursor
06-01 06:30:44.517   938  1934 I vol.Events: writeEvent internal_ringer_mode_changed normal
06-01 06:30:44.555  1883  1915 W earchbox:search: Suspending all threads took: 172.144ms
06-01 06:30:44.570   938   938 W DSRotLockSettingsMngr: Setting is ignored, but no fallback was specified.
06-01 06:30:44.572  1411  2021 I DialerRefreshAnnotatedCallLogWorker: com.android.dialer.calllog.refresh.impl.RefreshAnnotatedCallLogWorker.fillAndTime:305 filling VoicemailDataSource
06-01 06:30:44.572  1725  1725 W gle.android.gms: Verification of java.lang.Object m32.rrf.b() took 127.325ms (4759.46 bytecodes/s) (0B arena alloc)
06-01 06:30:44.582  1411  2021 I DialerRefreshAnnotatedCallLogWorker: com.android.dialer.calllog.refresh.impl.RefreshAnnotatedCallLogWorker.fillAndTime:305 filling SpamCallDataSource
06-01 06:30:44.582  1411  2021 I DialerSpamCallDataSource: com.android.dialer.spam.calllog.SpamCallDataSource.fill:77 fill
06-01 06:30:44.582  1411  2021 I DialerSpamCallDataSource: com.android.dialer.spam.calllog.SpamCallDataSource.handleInserts:83 handleInserts
06-01 06:30:44.582  1411  2021 I DialerRefreshAnnotatedCallLogWorker: com.android.dialer.calllog.refresh.impl.RefreshAnnotatedCallLogWorker.fillAndTime:305 filling CallingNetworksDataSource
06-01 06:30:44.602  1046  1116 D PackageUpdatedTask: Package updated: mOp=UPDATE packages=[com.aistudio.ereader.xynk], user=UserHandle{0}
06-01 06:30:44.678   938   938 D GlobalActionsDialogLite: Service changed before actions created
06-01 06:30:44.740   678   678 W System  : ClassLoader referenced unknown path: 
06-01 06:30:44.741   678   678 D nativeloader: Configuring clns-shared-22 for other apk . target_sdk_version=36, uses_libraries=, library_path=/apex/com.android.tethering/priv-app/ServiceConnectivityResourcesGoogle@360527520/lib/x86_64:/system/lib64:/system_ext/lib64, permitted_path=/data:/mnt/expand::/apex/com.android.tethering/priv-app/ServiceConnectivityResourcesGoogle@360527520:/system/lib64:/system_ext/lib64
06-01 06:30:44.744   678   678 I system_server: AssetManager2(0x7b2c763cec58) locale list changing from [] to [en-US]
06-01 06:30:44.764  1502  2343 I SP.AiAi : Scheduling: download registered, 0 started, 0 paused, 5 scheduled, 5 pending: manifests:text-classifier-actions-1140547708 * {W:C:I:l, bg}, manifests:text-classifier-langid-1941001461 * {W:C:I:l, bg}, manifests:spelling_correction-22110320 * {W:C:I:l, bg}, manifests:kg_collections_table-21051103 * {W:C:I:l, bg}, manifests:text-classifier-annotator-272525175 * {W:C:I:l, bg}
06-01 06:30:44.771   678   886 D BackgroundInstallControlService: Package event received: 0
06-01 06:30:44.771   678   886 D BackgroundInstallControlService: Package event received: 0
06-01 06:30:44.771   678   886 D BackgroundInstallControlService: Package event received: 0
06-01 06:30:44.783   938   938 D BatteryInfoBroadcast: mWidgetEnableObserver: false
06-01 06:30:44.785   938   938 E BatteryInfoBroadcast: failed to register observer for remaining time
06-01 06:30:44.785   938   938 E BatteryInfoBroadcast: java.lang.SecurityException: Failed to find provider com.google.android.apps.turbo.estimated_time_remaining for user 0; expected to find a valid ContentProvider for this authority
06-01 06:30:44.785   938   938 E BatteryInfoBroadcast: 	at android.os.Parcel.createExceptionOrNull(Parcel.java:3340)
06-01 06:30:44.785   938   938 E BatteryInfoBroadcast: 	at android.os.Parcel.createException(Parcel.java:3324)
06-01 06:30:44.785   938   938 E BatteryInfoBroadcast: 	at android.os.Parcel.readException(Parcel.java:3307)
06-01 06:30:44.785   938   938 E BatteryInfoBroadcast: 	at android.os.Parcel.readException(Parcel.java:3249)
06-01 06:30:44.785   938   938 E BatteryInfoBroadcast: 	at android.content.IContentService$Stub$Proxy.registerContentObserver(IContentService.java:1044)
06-01 06:30:44.785   938   938 E BatteryInfoBroadcast: 	at android.content.ContentResolver.registerContentObserver(ContentResolver.java:2730)
06-01 06:30:44.785   938   938 E BatteryInfoBroadcast: 	at com.google.android.systemui.power.BatteryInfoBroadcast.registerObserver(go/retraceme a8c1465d5e9c4243d45b4ac0a9a7c4cb31d83661ee484ccadd8178a2c2605b4b:9)
06-01 06:30:44.785   938   938 E BatteryInfoBroadcast: 	at com.google.android.systemui.power.BatteryInfoBroadcast.<init>(go/retraceme a8c1465d5e9c4243d45b4ac0a9a7c4cb31d83661ee484ccadd8178a2c2605b4b:160)
06-01 06:30:44.785   938   938 E BatteryInfoBroadcast: 	at com.google.android.systemui.power.PowerNotificationWarningsGoogleImpl$$ExternalSyntheticLambda0.run(go/retraceme a8c1465d5e9c4243d45b4ac0a9a7c4cb31d83661ee484ccadd8178a2c2605b4b:19)
06-01 06:30:44.785   938   938 E BatteryInfoBroadcast: 	at android.os.Handler.handleCallback(Handler.java:995)
06-01 06:30:44.785   938   938 E BatteryInfoBroadcast: 	at android.os.Handler.dispatchMessage(Handler.java:103)
06-01 06:30:44.785   938   938 E BatteryInfoBroadcast: 	at android.os.Looper.loopOnce(Looper.java:248)
06-01 06:30:44.785   938   938 E BatteryInfoBroadcast: 	at android.os.Looper.loop(Looper.java:338)
06-01 06:30:44.785   938   938 E BatteryInfoBroadcast: 	at android.app.ActivityThread.main(ActivityThread.java:9067)
06-01 06:30:44.785   938   938 E BatteryInfoBroadcast: 	at java.lang.reflect.Method.invoke(Native Method)
06-01 06:30:44.785   938   938 E BatteryInfoBroadcast: 	at com.android.internal.os.RuntimeInit$MethodAndArgsCaller.run(RuntimeInit.java:593)
06-01 06:30:44.785   938   938 E BatteryInfoBroadcast: 	at com.android.internal.os.ZygoteInit.main(ZygoteInit.java:932)
06-01 06:30:44.785   938   938 E BatteryInfoBroadcast: Caused by: android.os.RemoteException: Remote stack trace:
06-01 06:30:44.785   938   938 E BatteryInfoBroadcast: 	at com.android.server.content.ContentService.registerContentObserver(ContentService.java:382)
06-01 06:30:44.785   938   938 E BatteryInfoBroadcast: 	at android.content.IContentService$Stub.onTransact(IContentService.java:498)
06-01 06:30:44.785   938   938 E BatteryInfoBroadcast: 	at android.os.Binder.execTransactInternal(Binder.java:1426)
06-01 06:30:44.785   938   938 E BatteryInfoBroadcast: 	at android.os.Binder.execTransact(Binder.java:1365)
06-01 06:30:44.785   938   938 E BatteryInfoBroadcast: 
06-01 06:30:44.819   938   938 D PowerNotificationWarningsGoogleImpl: onReceive: android.intent.action.BATTERY_CHANGED
06-01 06:30:44.819   938   938 D PulsarController: dispatchIntent: android.intent.action.BATTERY_CHANGED
06-01 06:30:44.820   938   938 D IncompatibleChargerNotification: dispatchIntent: android.intent.action.BATTERY_CHANGED
06-01 06:30:44.851  2411  2411 I Finsky  : [2] Profiling: Starting up (44)
