06-01 22:45:08.372  5399  5399 I AconfigPackage: com.android.settingslib.flags is mapped to system
06-01 22:45:08.372  5399  5399 I AconfigPackage: com.android.managedprovisioning.flags is mapped to system
06-01 22:45:08.372  5399  5399 I AconfigPackage: android.app.assist.flags is mapped to system
06-01 22:45:08.372  5399  5399 I AconfigPackage: com.android.server.net is mapped to system
06-01 22:45:08.372  5399  5399 I AconfigPackage: com.android.settingslib.widget.flags is mapped to system
06-01 22:45:08.372  5399  5399 I AconfigPackage: com.android.internal.camera.flags is mapped to system
06-01 22:45:08.372  5399  5399 I AconfigPackage: com.android.hardware.libsensor.flags is mapped to system
06-01 22:45:08.372  5399  5399 I AconfigPackage: com.android.internal.jank is mapped to system
06-01 22:45:08.372  5399  5399 I AconfigPackage: com.android.providers.settings is mapped to system
06-01 22:45:08.372  5399  5399 I AconfigPackage: android.multiuser is mapped to system
06-01 22:45:08.372  5399  5399 I AconfigPackage: com.android.server.power.optimization is mapped to system
06-01 22:45:08.372  5399  5399 I AconfigPackage: com.android.calllogbackup is mapped to system
06-01 22:45:08.372  5399  5399 I AconfigPackage: com.android.media.flags is mapped to system
06-01 22:45:08.372  5399  5399 I AconfigPackage: com.android.server.flags is mapped to system
06-01 22:45:08.372  5399  5399 I AconfigPackage: com.android.graphics.libvulkan.flags is mapped to system
06-01 22:45:08.372  5399  5399 I AconfigPackage: android.app.appfunctions.flags is mapped to system
06-01 22:45:08.372  5399  5399 I AconfigPackage: android.app.smartspace.flags is mapped to system
06-01 22:45:08.372  5399  5399 I AconfigPackage: com.android.providers.contacts.flags is mapped to system
06-01 22:45:08.372  5399  5399 I AconfigPackage: com.android.shell.flags is mapped to system
06-01 22:45:08.372  5399  5399 I AconfigPackage: com.android.media.aaudio is mapped to system
06-01 22:45:08.372  5399  5399 I AconfigPackage: android.hardware.radio is mapped to system
06-01 22:45:08.372  5399  5399 I AconfigPackage: com.google.wear.services.infra.flags is mapped to system
06-01 22:45:08.372  5399  5399 I AconfigPackage: suspend_service.flags is mapped to system
06-01 22:45:08.372  5399  5399 I AconfigPackage: android.media.midi is mapped to system
06-01 22:45:08.372  5399  5399 I AconfigPackage: com.android.libcore.readonly is mapped to system
06-01 22:45:08.372  5399  5399 I AconfigPackage: com.android.settingslib.widget.selectorwithwidgetpreference.flags is mapped to system
06-01 22:45:08.372  5399  5399 I AconfigPackage: android.service.notification is mapped to system
06-01 22:45:08.373  5399  5399 I AconfigPackage: com.android.systemui.shared is mapped to system
06-01 22:45:08.373  5399  5399 I AconfigPackage: android.app.jank is mapped to system
06-01 22:45:08.373  5399  5399 I AconfigPackage: android.app.wearable is mapped to system
06-01 22:45:08.373  5399  5399 I AconfigPackage: com.android.media.audio is mapped to system
06-01 22:45:08.373  5399  5399 I AconfigPackage: android.service.chooser is mapped to system
06-01 22:45:08.373  5399  5399 I AconfigPackage: com.android.server.compat is mapped to system
06-01 22:45:08.373  5399  5399 I AconfigPackage: com.android.server.alarm is mapped to system
06-01 22:45:08.373  5399  5399 I AconfigPackage: com.android.apex.flags is mapped to system
06-01 22:45:08.373  5399  5399 I AconfigPackage: android.service.quickaccesswallet is mapped to system
06-01 22:45:08.373  5399  5399 I AconfigPackage: android.app.usage is mapped to system
06-01 22:45:08.373  5399  5399 I AconfigPackage: com.android.server.accessibility is mapped to system
06-01 22:45:08.373  5399  5399 I AconfigPackage: android.app.supervision.flags is mapped to system
06-01 22:45:08.373  5399  5399 I AconfigPackage: com.android.server.utils is mapped to system
06-01 22:45:08.373  5399  5399 I AconfigPackage: android.chre.flags is mapped to system
06-01 22:45:08.373  5399  5399 I AconfigPackage: android.content.flags is mapped to system
06-01 22:45:08.373  5399  5399 I AconfigPackage: android.media.codec is mapped to system
06-01 22:45:08.373  5399  5399 I AconfigPackage: com.android.internal.os is mapped to system
06-01 22:45:08.373  5399  5399 I AconfigPackage: com.android.nfc.nci.flags is mapped to system
06-01 22:45:08.373  5399  5399 I AconfigPackage: android.app is mapped to system
06-01 22:45:08.373  5399  5399 I AconfigPackage: android.security.keystore2 is mapped to system
06-01 22:45:08.373  5399  5399 I AconfigPackage: android.crashrecovery.flags is mapped to system
06-01 22:45:08.373  5399  5399 I AconfigPackage: com.android.tradeinmode.flags is mapped to system
06-01 22:45:08.373  5399  5399 I AconfigPackage: android.hardware.flags is mapped to system
06-01 22:45:08.373  5399  5399 I AconfigPackage: com.android.server.telecom.flags is mapped to system
06-01 22:45:08.373  5399  5399 I AconfigPackage: com.android.settingslib.media.flags is mapped to system
06-01 22:45:08.373  5399  5399 I AconfigPackage: com.android.server.policy is mapped to system
06-01 22:45:08.373  5399  5399 I AconfigPackage: android.media.audiopolicy is mapped to system
06-01 22:45:08.373  5399  5399 I AconfigPackage: com.android.egg.flags is mapped to system
06-01 22:45:08.373  5399  5399 I AconfigPackage: com.android.internal.compat.flags is mapped to system
06-01 22:45:08.373  5399  5399 I AconfigPackage: android.security is mapped to system
06-01 22:45:08.374  5399  5399 I AconfigPackage: android.service.autofill is mapped to system
06-01 22:45:08.374  5399  5399 I AconfigPackage: com.example.android.aconfig.demo.flags is mapped to system
06-01 22:45:08.374  5399  5399 I AconfigPackage: android.view.flags is mapped to system
06-01 22:45:08.374  5399  5399 I AconfigPackage: android.companion.virtual.flags is mapped to system
06-01 22:45:08.374  5399  5399 I AconfigPackage: com.android.aconfig_new_storage is mapped to system
06-01 22:45:08.374  5399  5399 I AconfigPackage: com.android.server.feature.flags is mapped to system
06-01 22:45:08.374  5399  5399 I AconfigPackage: com.android.systemui is mapped to system
06-01 22:45:08.374  5399  5399 I AconfigPackage: com.android.server.power.batterysaver is mapped to system
06-01 22:45:08.374  5399  5399 I AconfigPackage: android.widget.flags is mapped to system
06-01 22:45:08.374  5399  5399 I AconfigPackage: com.android.media.editing.flags is mapped to system
06-01 22:45:08.374  5399  5399 I AconfigPackage: com.android.media.codec.flags is mapped to system
06-01 22:45:08.374  5399  5399 I AconfigPackage: com.android.server.powerstats is mapped to system
06-01 22:45:08.374  5399  5399 I AconfigPackage: com.android.graphics.egl.flags is mapped to system
06-01 22:45:08.374  5399  5399 I AconfigPackage: com.android.media.audioserver is mapped to system
06-01 22:45:08.374  5399  5399 I AconfigPackage: com.android.server.deviceidle is mapped to system
06-01 22:45:08.374  5399  5399 I AconfigPackage: android.nfc is mapped to system
06-01 22:45:08.374  5399  5399 I AconfigPackage: android.permission.flags is mapped to system
06-01 22:45:08.374  5399  5399 I AconfigPackage: android.service.voice.flags is mapped to system
06-01 22:45:08.374  5399  5399 I AconfigPackage: android.content.pm is mapped to system
06-01 22:45:08.374  5399  5399 I AconfigPackage: com.android.server.power.hint is mapped to system
06-01 22:45:08.374  5399  5399 I AconfigPackage: android.os is mapped to system
06-01 22:45:08.374  5399  5399 I AconfigPackage: android.service.dreams is mapped to system
06-01 22:45:08.374  5399  5399 I AconfigPackage: com.android.graphics.libgui.flags is mapped to system
06-01 22:45:08.374  5399  5399 I AconfigPackage: android.hardware.usb.flags is mapped to system
06-01 22:45:08.374  5399  5399 I AconfigPackage: android.provider is mapped to system
06-01 22:45:08.374  5399  5399 I AconfigPackage: com.android.server.job is mapped to system
06-01 22:45:08.374  5399  5399 I AconfigPackage: com.android.internal.foldables.flags is mapped to system
06-01 22:45:08.374  5399  5399 I AconfigPackage: com.android.internal.telephony.flags is mapped to system
06-01 22:45:08.374  5399  5399 I AconfigPackage: android.webkit is mapped to system
06-01 22:45:08.375  5399  5399 I AconfigPackage: android.credentials.flags is mapped to system
06-01 22:45:08.375  5399  5399 I AconfigPackage: com.android.server.display.feature.flags is mapped to system
06-01 22:45:08.375  5399  5399 I AconfigPackage: com.android.server.notification is mapped to system
06-01 22:45:08.375  5399  5399 I AconfigPackage: android.appwidget.flags is mapped to system
06-01 22:45:08.375  5399  5399 I AconfigPackage: com.android.frameworks.sensorservice.flags is mapped to system
06-01 22:45:08.375  5399  5399 I AconfigPackage: com.android.printspooler.flags is mapped to system
06-01 22:45:08.375  5399  5399 I AconfigPackage: com.android.window.flags is mapped to system
06-01 22:45:08.375  5399  5399 I AconfigPackage: android.adaptiveauth is mapped to system
06-01 22:45:08.375  5399  5399 I AconfigPackage: android.net.wifi.flags is mapped to system
06-01 22:45:08.375  5399  5399 I AconfigPackage: android.media.tv.flags is mapped to system
06-01 22:45:08.375  5399  5399 I AconfigPackage: com.android.server.usb.flags is mapped to system
06-01 22:45:08.375  5399  5399 I AconfigPackage: android.os.vibrator is mapped to system
06-01 22:45:08.375  5399  5399 I AconfigPackage: android.hardware.devicestate.feature.flags is mapped to system
06-01 22:45:08.375  5399  5399 I AconfigPackage: com.android.server.usage is mapped to system
06-01 22:45:08.375  5399  5399 I AconfigPackage: android.server is mapped to system
06-01 22:45:08.375  5399  5399 I AconfigPackage: com.android.wm.shell is mapped to system
06-01 22:45:08.375  5399  5399 I AconfigPackage: android.view.inputmethod is mapped to system
06-01 22:45:08.375  5399  5399 I AconfigPackage: com.android.graphics.hwui.flags is mapped to system
06-01 22:45:08.375  5399  5399 I AconfigPackage: com.android.server.backup is mapped to system
06-01 22:45:08.375  5399  5399 I AconfigPackage: com.android.internal.pm.pkg.component.flags is mapped to system
06-01 22:45:08.375  5399  5399 I AconfigPackage: android.view.accessibility is mapped to system
06-01 22:45:08.375  5399  5399 I AconfigPackage: com.google.wear.sdk is mapped to system
06-01 22:45:08.375  5399  5399 I AconfigPackage: android.media.audio is mapped to system
06-01 22:45:08.375  5399  5399 I AconfigPackage: com.android.server.am is mapped to system
06-01 22:45:08.375  5399  5399 I AconfigPackage: com.android.media.playback.flags is mapped to system
06-01 22:45:08.375  5399  5399 I AconfigPackage: com.android.art.flags is mapped to com.android.art
06-01 22:45:08.375  5399  5399 I AconfigPackage: com.android.libcore is mapped to com.android.art
06-01 22:45:08.376  5399  5399 I AconfigPackage: com.android.media.extractor.flags is mapped to com.android.media
06-01 22:45:08.376  5399  5399 I AconfigPackage: com.android.media.mainline.flags is mapped to com.android.media
06-01 22:45:08.376  5399  5399 I AconfigPackage: com.android.wifi.flags is mapped to com.android.wifi
06-01 22:45:08.376  5399  5399 I AconfigPackage: com.android.org.conscrypt.flags is mapped to com.android.conscrypt
06-01 22:45:08.376  5399  5399 I AconfigPackage: com.android.healthfitness.flags is mapped to com.android.healthfitness
06-01 22:45:08.377  5399  5399 I AconfigPackage: com.google.android.input.twoshay.flags is mapped to vendor
06-01 22:45:08.377  5399  5399 I AconfigPackage: libgooglecamerahal.flags is mapped to vendor
06-01 22:45:08.377  5399  5399 I AconfigPackage: com.android.ipsec.flags is mapped to com.android.ipsec
06-01 22:45:08.377  5399  5399 I AconfigPackage: com.android.nfc.module.flags is mapped to com.android.nfcservices
06-01 22:45:08.377  5399  5399 I AconfigPackage: com.android.adservices.ondevicepersonalization.flags is mapped to com.android.ondevicepersonalization
06-01 22:45:08.377  5399  5399 I AconfigPackage: com.android.bluetooth.flags is mapped to com.android.bt
06-01 22:45:08.378  5399  5399 I AconfigPackage: com.android.devicelock.flags is mapped to com.android.devicelock
06-01 22:45:08.378  5399  5399 I AconfigPackage: android.os.profiling is mapped to com.android.profiling
06-01 22:45:08.378  5399  5399 I AconfigPackage: com.android.os.statsd.flags is mapped to com.android.os.statsd
06-01 22:45:08.378  5399  5399 I AconfigPackage: com.android.cellbroadcastreceiver.flags is mapped to com.android.cellbroadcast
06-01 22:45:08.378  5399  5399 I AconfigPackage: com.android.adservices.flags is mapped to com.android.adservices
06-01 22:45:08.379  5399  5399 I AconfigPackage: com.android.sdksandbox.flags is mapped to com.android.adservices
06-01 22:45:08.379  5399  5399 I AconfigPackage: com.android.uwb.flags is mapped to com.android.uwb
06-01 22:45:08.379  5399  5399 I AconfigPackage: com.android.ranging.flags is mapped to com.android.uwb
06-01 22:45:08.379  5399  5399 I AconfigPackage: android.graphics.pdf.flags is mapped to com.android.mediaprovider
06-01 22:45:08.379  5399  5399 I AconfigPackage: com.android.providers.media.flags is mapped to com.android.mediaprovider
06-01 22:45:08.379  5399  5399 I AconfigPackage: android.graphics.pdf.flags.readonly is mapped to com.android.mediaprovider
06-01 22:45:08.379  5399  5399 I AconfigPackage: com.android.net.ct.flags is mapped to com.android.tethering
06-01 22:45:08.379  5399  5399 I AconfigPackage: com.android.net.flags is mapped to com.android.tethering
06-01 22:45:08.379  5399  5399 I AconfigPackage: android.net.vcn is mapped to com.android.tethering
06-01 22:45:08.379  5399  5399 I AconfigPackage: com.android.nearby.flags is mapped to com.android.tethering
06-01 22:45:08.379  5399  5399 I AconfigPackage: android.net.http is mapped to com.android.tethering
06-01 22:45:08.379  5399  5399 I AconfigPackage: com.android.net.thread.flags is mapped to com.android.tethering
06-01 22:45:08.379  5399  5399 I AconfigPackage: com.android.system.virtualmachine.flags is mapped to com.android.virt
06-01 22:45:08.380  5399  5399 E FeatureFlagsImplExport: android.os.flagging.AconfigStorageReadException: ERROR_PACKAGE_NOT_FOUND: package android.xr cannot be found on the device
06-01 22:45:08.385  5399  5399 D UiAutomationConnection: Created on user UserHandle{0}
06-01 22:45:08.385  5399  5399 I UiAutomation: Initialized for user 0 on display 0
06-01 22:45:08.385  5399  5399 W UiAutomation: Created with deprecatead constructor, assumes DEFAULT_DISPLAY
06-01 22:45:08.386   688  1730 D AccessibilityManagerService: changeCurrentUserForTestAutomationIfNeededLocked(0): ignoring because device doesn't support visible background users
06-01 22:45:08.387   688  1730 I UiAutomationManager: Registering UiTestAutomationService (id=com.android.server.accessibility/UiAutomation, flags=0x0) when called by user 0
06-01 22:45:08.387   688  1730 V AccessibilityManagerService: onUserStateChangedLocked for userId: 0, forceUpdate: false
06-01 22:45:08.389   688  1730 W MagnificationConnectionManager: requestConnection duplicated request: connect=false, mConnectionState=DISCONNECTED
06-01 22:45:08.389  1474  2132 I AiAiEcho: Settings changed for uri: content://settings/secure/accessibility_enabled
06-01 22:45:08.389  1474  1863 I AiAiEcho: Predicting[0]:  [CONTEXT sampling_count=5 ]
06-01 22:45:08.389  1474  1863 I AiAiEcho: EchoTargets: 
06-01 22:45:08.389  1474  1863 I AiAiEcho: Filtered by AiAi flag check: 
06-01 22:45:08.389  1474  1863 I AiAiEcho: [CONTEXT ratelimit_period="10 SECONDS" ]
06-01 22:45:08.390  1474  1863 I AiAiEcho: #remoteViewsTwiddler: feature disabled.
06-01 22:45:08.391   688   688 W IPCThreadState: Sending oneway calls to frozen process.
06-01 22:45:08.391  1474  1863 I AiAiEcho: Predicting[0]:  [CONTEXT sampling_count=5 ]
06-01 22:45:08.391  1474  1863 I AiAiEcho: EchoTargets: 
06-01 22:45:08.391  1474  1863 I AiAiEcho: Filtered by AiAi flag check: 
06-01 22:45:08.391  1474  1863 I AiAiEcho: [CONTEXT ratelimit_period="10 SECONDS" ]
06-01 22:45:08.391   688   688 W IPCThreadState: Sending oneway calls to frozen process.
06-01 22:45:08.391   688   688 W IPCThreadState: Sending oneway calls to frozen process.
06-01 22:45:08.391   688   688 W IPCThreadState: Sending oneway calls to frozen process.
06-01 22:45:08.392  1474  1863 I AiAiEcho: #remoteViewsTwiddler: feature disabled.
06-01 22:45:08.392   688   688 W IPCThreadState: Sending oneway calls to frozen process.
06-01 22:45:08.392   688   688 W IPCThreadState: Sending oneway calls to frozen process.
06-01 22:45:08.393   688   688 W IPCThreadState: Sending oneway calls to frozen process.
06-01 22:45:08.393   688   688 W IPCThreadState: Sending oneway calls to frozen process.
06-01 22:45:08.393  1474  1863 I AiAiEcho: #postPredictionTargets: Sending updates to UISurface home with targets# 0 (types=[])
06-01 22:45:08.395   688   688 W IPCThreadState: Sending oneway calls to frozen process.
06-01 22:45:08.395   688   688 W IPCThreadState: Sending oneway calls to frozen process.
06-01 22:45:08.395   688   688 W IPCThreadState: Sending oneway calls to frozen process.
06-01 22:45:08.396   688   688 W IPCThreadState: Sending oneway calls to frozen process.
06-01 22:45:08.396  1084  1084 D SsBaseTemplateCard: No text view can be set up
06-01 22:45:08.396  1084  1084 D SsBaseTemplateCard: Passed-in item info is null
06-01 22:45:08.396  1084  1084 D SsBaseTemplateCard: Passed-in item info is null
06-01 22:45:08.397  1084  1084 D SsBaseTemplateCard: Passed-in item info is null
06-01 22:45:08.397  1474  1863 I AiAiEcho: #postPredictionTargets: Sending updates to UISurface lockscreen with targets# 0 (types=[])
06-01 22:45:08.397  1084  1084 I SsBaseTemplateCard: Secondary card pane is null
06-01 22:45:08.398   688   688 D BatterySaverPolicy: accessibility changed to true, updating policy.
06-01 22:45:08.411   688  1064 V AccessibilityManagerService: onUserStateChangedLocked for userId: 0, forceUpdate: false
06-01 22:45:08.412   688  1064 W MagnificationConnectionManager: requestConnection duplicated request: connect=false, mConnectionState=DISCONNECTED
06-01 22:45:08.414   688   688 W IPCThreadState: Sending oneway calls to frozen process.
06-01 22:45:08.415   688   688 W IPCThreadState: Sending oneway calls to frozen process.
06-01 22:45:08.415   688   688 W IPCThreadState: Sending oneway calls to frozen process.
06-01 22:45:08.415   688   688 W IPCThreadState: Sending oneway calls to frozen process.
06-01 22:45:08.415   948   948 W PageIndicator: Total number of pages invalid: 0. Assuming 1 page.
06-01 22:45:08.418   688   688 W IPCThreadState: Sending oneway calls to frozen process.
06-01 22:45:08.419   688   688 W IPCThreadState: Sending oneway calls to frozen process.
06-01 22:45:08.419   688   688 W IPCThreadState: Sending oneway calls to frozen process.
06-01 22:45:08.419   688   688 W IPCThreadState: Sending oneway calls to frozen process.
06-01 22:45:08.422  1474  2132 I AiAiEcho: Settings changed for uri: content://settings/secure/accessibility_enabled
06-01 22:45:08.424  1474  1863 I AiAiEcho: Predicting[0]:  [CONTEXT sampling_count=5 ]
06-01 22:45:08.424  1474  1863 I AiAiEcho: EchoTargets: 
06-01 22:45:08.424  1474  1863 I AiAiEcho: Filtered by AiAi flag check: 
06-01 22:45:08.424  1474  1863 I AiAiEcho: [CONTEXT ratelimit_period="10 SECONDS" ]
06-01 22:45:08.424  1474  1863 I AiAiEcho: #remoteViewsTwiddler: feature disabled.
06-01 22:45:08.424  1474  1863 I AiAiEcho: Predicting[0]:  [CONTEXT sampling_count=5 ]
06-01 22:45:08.424  1474  1863 I AiAiEcho: EchoTargets: 
06-01 22:45:08.424  1474  1863 I AiAiEcho: Filtered by AiAi flag check: 
06-01 22:45:08.424  1474  1863 I AiAiEcho: [CONTEXT ratelimit_period="10 SECONDS" ]
06-01 22:45:08.425  1474  1863 I AiAiEcho: #remoteViewsTwiddler: feature disabled.
06-01 22:45:08.425  1474  1863 I AiAiEcho: #postPredictionTargets: Sending updates to UISurface home with targets# 0 (types=[])
06-01 22:45:08.426  1474  1863 I AiAiEcho: #postPredictionTargets: Sending updates to UISurface lockscreen with targets# 0 (types=[])
06-01 22:45:08.427  1084  1084 D SsBaseTemplateCard: No text view can be set up
06-01 22:45:08.427  1084  1084 D SsBaseTemplateCard: Passed-in item info is null
06-01 22:45:08.427  1084  1084 D SsBaseTemplateCard: Passed-in item info is null
06-01 22:45:08.427  1084  1084 D SsBaseTemplateCard: Passed-in item info is null
06-01 22:45:08.427  1084  1084 I SsBaseTemplateCard: Secondary card pane is null
06-01 22:45:08.428   948   948 W PageIndicator: Total number of pages invalid: 0. Assuming 1 page.
06-01 22:45:08.428  1374  1575 D AccessibilitySourceService: enabled a11y services count 0
06-01 22:45:08.429  1374  1575 D AccessibilitySourceService: a11y source sending 0 issue to sc
06-01 22:45:08.429   688  1064 D SafetySourceDataValidat: No cert check requested for package com.google.android.permissioncontroller
06-01 22:45:08.794  1069  1255 D SatelliteController: iisInCarrierRoamingNbIotNtn: satellite is disabled
06-01 22:45:08.795   688  1064 W IPCThreadState: Sending oneway calls to frozen process.
06-01 22:45:08.873  5322  5412 D ProfileInstaller: Installing profile for com.aistudio.ereader.xynk
06-01 22:45:09.425  5322  5322 E io.ereader.xynk: hiddenapi: Accessing hidden method Landroid/view/accessibility/AccessibilityNodeInfo;->getSelection()Landroid/view/accessibility/AccessibilityNodeInfo$Selection; (runtime_flags=0, domain=platform, api=blocked) from /data/app/~~DH7Lw-ok9TWonbp51g54hg==/com.aistudio.ereader.xynk-1w-QzwsEs0qkNCYZIWX2wg==/base.apk!classes14.dex (domain=app) using linking: denied
06-01 22:45:09.434  5322  5322 E io.ereader.xynk: hiddenapi: Accessing hidden method Landroid/view/accessibility/AccessibilityNodeInfo;->setSelection(Landroid/view/accessibility/AccessibilityNodeInfo$Selection;)V (runtime_flags=0, domain=platform, api=blocked) from /data/app/~~DH7Lw-ok9TWonbp51g54hg==/com.aistudio.ereader.xynk-1w-QzwsEs0qkNCYZIWX2wg==/base.apk!classes14.dex (domain=app) using linking: denied
06-01 22:45:09.434  5322  5322 E io.ereader.xynk: hiddenapi: Accessing hidden method Landroid/view/accessibility/AccessibilityNodeInfo;->setSelection(Landroid/view/accessibility/AccessibilityNodeInfo$Selection;)V (runtime_flags=0, domain=platform, api=blocked) from /data/app/~~DH7Lw-ok9TWonbp51g54hg==/com.aistudio.ereader.xynk-1w-QzwsEs0qkNCYZIWX2wg==/base.apk!classes14.dex (domain=app) using linking: denied
06-01 22:45:09.436  1458  1670 W MediaProvider: isAppCloneUserPair for user 0: false
06-01 22:45:09.508  1279  5362 I NetworkScheduler.Stats: (REDACTED) Task %s/%s started execution. cause:%s exec_start_elapsed_seconds: %s
06-01 22:45:09.520  1279  5361 I NetworkScheduler.Stats: (REDACTED) Task %s/%s finished executing. cause:%s result: %s elapsed_millis: %s uptime_millis: %s exec_start_elapsed_seconds: %s
06-01 22:45:09.685  5399  5399 W AccessibilityNodeInfoDumper: Fetch time: 255ms
06-01 22:45:09.687   688  1730 V AccessibilityManagerService: onUserStateChangedLocked for userId: 0, forceUpdate: false
06-01 22:45:09.689   688  1730 W MagnificationConnectionManager: requestConnection duplicated request: connect=false, mConnectionState=DISCONNECTED
06-01 22:45:09.689   688  1730 D AccessibilityManagerService: restoreCurrentUserForTestAutomationIfNeededLocked(): ignoring because device doesn't support visible background users
06-01 22:45:09.690   688   688 W IPCThreadState: Sending oneway calls to frozen process.
06-01 22:45:09.690   688   688 W IPCThreadState: Sending oneway calls to frozen process.
06-01 22:45:09.690   688   688 W IPCThreadState: Sending oneway calls to frozen process.
06-01 22:45:09.690   688   688 W IPCThreadState: Sending oneway calls to frozen process.
06-01 22:45:09.692   688   688 W IPCThreadState: Sending oneway calls to frozen process.
06-01 22:45:09.692   688   688 W IPCThreadState: Sending oneway calls to frozen process.
06-01 22:45:09.692   688   688 W IPCThreadState: Sending oneway calls to frozen process.
06-01 22:45:09.692   688   688 W IPCThreadState: Sending oneway calls to frozen process.
06-01 22:45:09.693  5399  5399 D AndroidRuntime: Shutting down VM
06-01 22:45:09.694  5399  5413 W IPCThreadState: call to talkWithDriver in joinThreadPool returned error: -9 (Bad file descriptor), FD: -1
06-01 22:45:09.694  5399  5408 W IPCThreadState: call to talkWithDriver in joinThreadPool returned error: -9 (Bad file descriptor), FD: -1
06-01 22:45:09.697  5399  5409 W IPCThreadState: call to talkWithDriver in joinThreadPool returned error: -9 (Bad file descriptor), FD: -1
06-01 22:45:09.698  1474  2132 I AiAiEcho: Settings changed for uri: content://settings/secure/accessibility_enabled
06-01 22:45:09.699  1474  1863 I AiAiEcho: Predicting[0]:  [CONTEXT sampling_count=5 ]
06-01 22:45:09.700  1474  1863 I AiAiEcho: EchoTargets: 
06-01 22:45:09.700  1474  1863 I AiAiEcho: Filtered by AiAi flag check: 
06-01 22:45:09.700  1474  1863 I AiAiEcho: [CONTEXT ratelimit_period="10 SECONDS" ]
06-01 22:45:09.701  1474  1863 I AiAiEcho: #remoteViewsTwiddler: feature disabled.
06-01 22:45:09.701  1474  1863 I AiAiEcho: Predicting[0]:  [CONTEXT sampling_count=5 ]
06-01 22:45:09.701  1474  1863 I AiAiEcho: EchoTargets: 
06-01 22:45:09.701  1474  1863 I AiAiEcho: Filtered by AiAi flag check: 
06-01 22:45:09.701  1474  1863 I AiAiEcho: [CONTEXT ratelimit_period="10 SECONDS" ]
06-01 22:45:09.702  1474  1863 I AiAiEcho: #remoteViewsTwiddler: feature disabled.
06-01 22:45:09.702  1474  1863 I AiAiEcho: #postPredictionTargets: Sending updates to UISurface home with targets# 0 (types=[])
06-01 22:45:09.703  1474  1863 I AiAiEcho: #postPredictionTargets: Sending updates to UISurface lockscreen with targets# 0 (types=[])
06-01 22:45:09.705   688   688 W IPCThreadState: Sending oneway calls to frozen process.
06-01 22:45:09.705   688   688 W IPCThreadState: Sending oneway calls to frozen process.
06-01 22:45:09.705   688   688 W IPCThreadState: Sending oneway calls to frozen process.
06-01 22:45:09.705   688   688 W IPCThreadState: Sending oneway calls to frozen process.
06-01 22:45:09.706   688   688 D BatterySaverPolicy: accessibility changed to false, updating policy.
06-01 22:45:09.707  1084  1084 D SsBaseTemplateCard: No text view can be set up
06-01 22:45:09.707  1084  1084 D SsBaseTemplateCard: Passed-in item info is null
06-01 22:45:09.707  1084  1084 D SsBaseTemplateCard: Passed-in item info is null
06-01 22:45:09.707  1084  1084 D SsBaseTemplateCard: Passed-in item info is null
06-01 22:45:09.707  1084  1084 I SsBaseTemplateCard: Secondary card pane is null
06-01 22:45:09.710   948   948 W PageIndicator: Total number of pages invalid: 0. Assuming 1 page.
06-01 22:45:10.699   688   791 D ActivityManager: freezing 3167 com.android.vending:background
06-01 22:45:10.872   688  1064 D CoreBackPreview: Window{76b9316 u0 com.aistudio.ereader.xynk/com.example.MainActivity}: Setting back callback OnBackInvokedCallbackInfo{mCallback=android.window.IOnBackInvokedCallback$Stub$Proxy@f96fe42, mPriority=0, mIsAnimationCallback=true, mOverrideBehavior=0}
06-01 22:45:10.885   688   791 D ActivityManager: freezing 3131 com.android.vending
06-01 22:45:10.902   688   848 D InetDiagMessage: Destroyed 0 sockets, proto=IPPROTO_TCP, family=AF_INET, states=14
06-01 22:45:10.904   688   848 D InetDiagMessage: Destroyed 2 sockets, proto=IPPROTO_TCP, family=AF_INET6, states=14
06-01 22:45:10.904   688   848 D InetDiagMessage: Destroyed live tcp sockets for uids={10144} in 4ms
06-01 22:45:11.139  5322  5328 I io.ereader.xynk: Background concurrent mark compact GC freed 6202KB AllocSpace bytes, 60(1916KB) LOS objects, 49% free, 6363KB/12MB, paused 4.297ms,4.435ms total 114.840ms
06-01 22:45:11.806  5322  5322 D VBookCrawler: source=Dịch truyện tự động từ Qidian-Đường đen script=home args= result=map(keys=data, next, data=list(9))
06-01 22:45:11.972  5322  5322 D VBookCrawler: source=Dịch truyện tự động từ Qidian-Đường đen script=gen.js args=/latest, 1 result=null
06-01 22:45:11.973  5322  5322 I Choreographer: Skipped 65 frames!  The application may be doing too much work on its main thread.
06-01 22:45:12.382  5322  5322 D VBookCrawler: source=Dịch truyện tự động từ Qidian-Đường đen script=gen.js args=/latest, 1 result=null
06-01 22:45:13.749   688   848 D InetDiagMessage: Destroyed 0 sockets, proto=IPPROTO_TCP, family=AF_INET, states=14
06-01 22:45:13.750   688   848 D InetDiagMessage: Destroyed 0 sockets, proto=IPPROTO_TCP, family=AF_INET6, states=14
06-01 22:45:13.750   688   848 D InetDiagMessage: Destroyed live tcp sockets for uids={10147} in 2ms
06-01 22:45:13.751   688   848 D InetDiagMessage: Destroyed 0 sockets, proto=IPPROTO_TCP, family=AF_INET, states=14
06-01 22:45:13.752   688   848 D InetDiagMessage: Destroyed 0 sockets, proto=IPPROTO_TCP, family=AF_INET6, states=14
06-01 22:45:13.752   688   848 D InetDiagMessage: Destroyed live tcp sockets for uids={20147} in 2ms
06-01 22:45:13.987  5421  5421 D AndroidRuntime: >>>>>> START com.android.internal.os.RuntimeInit uid 2000 <<<<<<
06-01 22:45:13.992  5421  5421 I AndroidRuntime: Using default boot image
06-01 22:45:13.992  5421  5421 I AndroidRuntime: Leaving lock profiling enabled
06-01 22:45:13.994  5421  5421 I app_process: Using CollectorTypeCMC GC.
06-01 22:45:14.087  5421  5421 D nativeloader: InitDefaultPublicLibraries for_preload=1: libandroid.so:libaaudio.so:libamidi.so:libbinder_ndk.so:libc.so:libcamera2ndk.so:libdl.so:libEGL.so:libGLESv1_CM.so:libGLESv2.so:libGLESv3.so:libicu.so:libicui18n.so:libicuuc.so:libjnigraphics.so:liblog.so:libmediandk.so:libm.so:libnativehelper.so:libnativewindow.so:libOpenMAXAL.so:libOpenSLES.so:libRS.so:libstdc++.so:libsync.so:libvulkan.so:libwebviewchromium_plat_support.so:libz.so
06-01 22:45:14.100  5421  5421 D nativeloader: Load libicu_jni.so using APEX ns com_android_art for caller /apex/com.android.art/javalib/core-oj.jar: ok
06-01 22:45:14.100  5421  5421 D app_process: u_setTimeZoneFilesDirectory("/apex/com.android.tzdata/etc/tz/versioned/9/icu") succeeded. 
06-01 22:45:14.100  5421  5421 D app_process: I18n APEX ICU file found: /apex/com.android.i18n/etc/icu/icudt76l.dat
06-01 22:45:14.101  5421  5421 D nativeloader: Load libjavacore.so using APEX ns com_android_art for caller /apex/com.android.art/javalib/core-oj.jar: ok
06-01 22:45:14.102  5421  5421 D nativeloader: Load libopenjdk.so using APEX ns com_android_art for caller /apex/com.android.art/javalib/core-oj.jar: ok
06-01 22:45:14.104  5421  5421 W app_process: Unexpected CPU variant for x86: x86_64.
06-01 22:45:14.104  5421  5421 W app_process: Known variants: atom, sandybridge, silvermont, goldmont, goldmont-plus, goldmont-without-sha-xsaves, tremont, kabylake, alderlake, default
06-01 22:45:14.106  5421  5421 W app_process: ClassLoaderContext shared library size mismatch. Expected=2, found=0 (PCL[]{PCL[/system/framework/android.test.base.jar*2789897741]#PCL[/system/framework/android.test.mock.jar*3361312393]} | PCL[])
06-01 22:45:14.109  5421  5421 W app_process: ClassLoaderContext classpath size mismatch. expected=0, found=1 (PCL[]{PCL[/system/framework/android.test.runner.jar*895143020]#PCL[/system/framework/android.test.base.jar*2789897741]} | PCL[/system/framework/android.test.runner.jar*895143020])
06-01 22:45:14.134  5421  5421 D nativeloader: Load libframework-connectivity-tiramisu-jni.so using APEX ns com_android_tethering for caller /apex/com.android.tethering/javalib/framework-connectivity-t.jar: ok
06-01 22:45:14.135  5421  5421 D AndroidRuntime: Calling main entry com.android.commands.uiautomator.Launcher
06-01 22:45:14.141  5421  5421 I AconfigPackage: android.media.swcodec.flags is mapped to com.android.media.swcodec
06-01 22:45:14.141  5421  5421 I AconfigPackage: com.google.android.settings.simplemode.flags is mapped to system_ext
06-01 22:45:14.141  5421  5421 I AconfigPackage: com.google.android.systemui is mapped to system_ext
06-01 22:45:14.141  5421  5421 I AconfigPackage: com.google.android.apps.nexuslauncher is mapped to system_ext
06-01 22:45:14.141  5421  5421 I AconfigPackage: com.android.settings.accessibility is mapped to system_ext
06-01 22:45:14.141  5421  5421 I AconfigPackage: com.android.settings.flags is mapped to system_ext
06-01 22:45:14.141  5421  5421 I AconfigPackage: com.google.android.apps.miphone.aiai.matchmaker.overview.ui is mapped to system_ext
06-01 22:45:14.142  5421  5421 I AconfigPackage: com.google.android.settings.flags is mapped to system_ext
06-01 22:45:14.142  5421  5421 I AconfigPackage: com.android.launcher3 is mapped to system_ext
06-01 22:45:14.142  5421  5421 I AconfigPackage: com.android.wallpaper is mapped to system_ext
06-01 22:45:14.142  5421  5421 I AconfigPackage: com.android.settings.media_drm is mapped to system_ext
06-01 22:45:14.142  5421  5421 I AconfigPackage: com.android.systemui.accessibility.accessibilitymenu is mapped to system_ext
06-01 22:45:14.142  5421  5421 I AconfigPackage: com.android.settings.keyboard is mapped to system_ext
06-01 22:45:14.142  5421  5421 I AconfigPackage: com.android.server.policy.feature.flags is mapped to system_ext
06-01 22:45:14.142  5421  5421 I AconfigPackage: com.android.settings.factory_reset is mapped to system_ext
06-01 22:45:14.142  5421  5421 I AconfigPackage: com.google.android.haptics.flags is mapped to system_ext
06-01 22:45:14.142  5421  5421 I AconfigPackage: com.android.permission.flags is mapped to com.android.permission
06-01 22:45:14.142  5421  5421 I AconfigPackage: com.android.icu is mapped to com.android.i18n
06-01 22:45:14.142  5421  5421 I AconfigPackage: com.android.appsearch.flags is mapped to com.android.appsearch
06-01 22:45:14.143  5421  5421 I AconfigPackage: android.uprobestats.mainline.flags is mapped to com.android.uprobestats
06-01 22:45:14.143  5430  5430 W dumpsys : Thread Pool max thread count is 0. Cannot cache binder as linkToDeath cannot be implemented. serviceName: package
06-01 22:45:14.143  5421  5421 I AconfigPackage: android.provider.flags is mapped to com.android.configinfrastructure
06-01 22:45:14.143  5421  5421 I AconfigPackage: com.android.server.deviceconfig is mapped to com.android.configinfrastructure
06-01 22:45:14.143  5421  5421 I AconfigPackage: com.android.nfc.flags is mapped to system
06-01 22:45:14.143  5421  5421 I AconfigPackage: android.app.admin.flags is mapped to system
06-01 22:45:14.143  5421  5421 I AconfigPackage: android.database.sqlite is mapped to system
06-01 22:45:14.143  5421  5421 I AconfigPackage: com.android.providers.calendar is mapped to system
06-01 22:45:14.143  5421  5421 I AconfigPackage: com.android.server.power.feature.flags is mapped to system
06-01 22:45:14.143  5421  5421 I AconfigPackage: com.android.media.performance.flags is mapped to system
06-01 22:45:14.144  5421  5421 I AconfigPackage: android.app.contextualsearch.flags is mapped to system
06-01 22:45:14.144  5421  5421 I AconfigPackage: android.app.ondeviceintelligence.flags is mapped to system
06-01 22:45:14.144  5421  5421 I AconfigPackage: com.android.media.projection.flags is mapped to system
06-01 22:45:14.144  5421  5421 I AconfigPackage: android.companion is mapped to system
06-01 22:45:14.144  5421  5421 I AconfigPackage: android.service.controls.flags is mapped to system
06-01 22:45:14.144  5421  5421 I AconfigPackage: com.android.text.flags is mapped to system
06-01 22:45:14.144  5421  5421 I AconfigPackage: com.android.providers.contactkeys.flags is mapped to system
06-01 22:45:14.144  5421  5421 I AconfigPackage: com.android.intentresolver is mapped to system
06-01 22:45:14.144  5421  5421 I AconfigPackage: android.companion.virtualdevice.flags is mapped to system
06-01 22:45:14.144  5421  5421 I AconfigPackage: android.uprobestats.flags is mapped to system
06-01 22:45:14.144  5421  5421 I AconfigPackage: com.android.net.thread.platform.flags is mapped to system
06-01 22:45:14.144  5421  5421 I AconfigPackage: android.view.contentprotection.flags is mapped to system
06-01 22:45:14.144  5421  5421 I AconfigPackage: com.android.server.dreams is mapped to system
06-01 22:45:14.144  5421  5421 I AconfigPackage: com.android.graphics.surfaceflinger.flags is mapped to system
06-01 22:45:14.144  5421  5421 I AconfigPackage: com.android.hardware.input is mapped to system
06-01 22:45:14.144  5421  5421 I AconfigPackage: android.sdk is mapped to system
06-01 22:45:14.144  5421  5421 I AconfigPackage: com.android.input.flags is mapped to system
06-01 22:45:14.144  5421  5421 I AconfigPackage: android.tracing is mapped to system
06-01 22:45:14.144  5421  5421 I AconfigPackage: com.android.server.biometrics is mapped to system
06-01 22:45:14.144  5421  5421 I AconfigPackage: android.view.contentcapture.flags is mapped to system
06-01 22:45:14.144  5421  5421 I AconfigPackage: android.app.job is mapped to system
06-01 22:45:14.144  5421  5421 I AconfigPackage: android.content.res is mapped to system
06-01 22:45:14.144  5421  5421 I AconfigPackage: android.net.platform.flags is mapped to system
06-01 22:45:14.144  5421  5421 I AconfigPackage: com.android.aconfig.flags is mapped to system
06-01 22:45:14.144  5421  5421 I AconfigPackage: com.android.graphics.flags is mapped to system
06-01 22:45:14.144  5421  5421 I AconfigPackage: android.server.app is mapped to system
06-01 22:45:14.144  5421  5421 I AconfigPackage: android.speech.flags is mapped to system
06-01 22:45:14.144  5421  5421 I AconfigPackage: com.android.server.stats is mapped to system
06-01 22:45:14.144  5421  5421 I AconfigPackage: android.hardware.biometrics is mapped to system
06-01 22:45:14.144  5421  5421 I AconfigPackage: android.car.feature is mapped to system
06-01 22:45:14.144  5421  5421 I AconfigPackage: android.adpf is mapped to system
06-01 22:45:14.144  5421  5421 I AconfigPackage: android.location.flags is mapped to system
06-01 22:45:14.144  5421  5421 I AconfigPackage: com.android.settingslib.flags is mapped to system
06-01 22:45:14.144  5421  5421 I AconfigPackage: com.android.managedprovisioning.flags is mapped to system
06-01 22:45:14.145  5421  5421 I AconfigPackage: android.app.assist.flags is mapped to system
06-01 22:45:14.145  5421  5421 I AconfigPackage: com.android.server.net is mapped to system
06-01 22:45:14.145  5421  5421 I AconfigPackage: com.android.settingslib.widget.flags is mapped to system
06-01 22:45:14.145  5421  5421 I AconfigPackage: com.android.internal.camera.flags is mapped to system
06-01 22:45:14.145  5421  5421 I AconfigPackage: com.android.hardware.libsensor.flags is mapped to system
06-01 22:45:14.145  5421  5421 I AconfigPackage: com.android.internal.jank is mapped to system
06-01 22:45:14.145  5421  5421 I AconfigPackage: com.android.providers.settings is mapped to system
06-01 22:45:14.145  5421  5421 I AconfigPackage: android.multiuser is mapped to system
06-01 22:45:14.145  5421  5421 I AconfigPackage: com.android.server.power.optimization is mapped to system
06-01 22:45:14.145  5421  5421 I AconfigPackage: com.android.calllogbackup is mapped to system
06-01 22:45:14.145  5421  5421 I AconfigPackage: com.android.media.flags is mapped to system
06-01 22:45:14.145  5421  5421 I AconfigPackage: com.android.server.flags is mapped to system
06-01 22:45:14.145  5421  5421 I AconfigPackage: com.android.graphics.libvulkan.flags is mapped to system
06-01 22:45:14.145  5421  5421 I AconfigPackage: android.app.appfunctions.flags is mapped to system
06-01 22:45:14.145  5421  5421 I AconfigPackage: android.app.smartspace.flags is mapped to system
06-01 22:45:14.145  5421  5421 I AconfigPackage: com.android.providers.contacts.flags is mapped to system
06-01 22:45:14.145  5421  5421 I AconfigPackage: com.android.shell.flags is mapped to system
06-01 22:45:14.145  5421  5421 I AconfigPackage: com.android.media.aaudio is mapped to system
06-01 22:45:14.147  5421  5421 I AconfigPackage: android.hardware.radio is mapped to system
06-01 22:45:14.147  5421  5421 I AconfigPackage: com.google.wear.services.infra.flags is mapped to system
06-01 22:45:14.147  5421  5421 I AconfigPackage: suspend_service.flags is mapped to system
06-01 22:45:14.147  5421  5421 I AconfigPackage: android.media.midi is mapped to system
06-01 22:45:14.147  5421  5421 I AconfigPackage: com.android.libcore.readonly is mapped to system
06-01 22:45:14.147  5421  5421 I AconfigPackage: com.android.settingslib.widget.selectorwithwidgetpreference.flags is mapped to system
06-01 22:45:14.147  5421  5421 I AconfigPackage: android.service.notification is mapped to system
06-01 22:45:14.147  5421  5421 I AconfigPackage: com.android.systemui.shared is mapped to system
06-01 22:45:14.147  5421  5421 I AconfigPackage: android.app.jank is mapped to system
06-01 22:45:14.147  5421  5421 I AconfigPackage: android.app.wearable is mapped to system
06-01 22:45:14.147  5421  5421 I AconfigPackage: com.android.media.audio is mapped to system
06-01 22:45:14.147  5421  5421 I AconfigPackage: android.service.chooser is mapped to system
06-01 22:45:14.147  5421  5421 I AconfigPackage: com.android.server.compat is mapped to system
06-01 22:45:14.147  5421  5421 I AconfigPackage: com.android.server.alarm is mapped to system
06-01 22:45:14.147  5421  5421 I AconfigPackage: com.android.apex.flags is mapped to system
06-01 22:45:14.147  5421  5421 I AconfigPackage: android.service.quickaccesswallet is mapped to system
06-01 22:45:14.148  5421  5421 I AconfigPackage: android.app.usage is mapped to system
06-01 22:45:14.148  5421  5421 I AconfigPackage: com.android.server.accessibility is mapped to system
06-01 22:45:14.148  5421  5421 I AconfigPackage: android.app.supervision.flags is mapped to system
06-01 22:45:14.148  5421  5421 I AconfigPackage: com.android.server.utils is mapped to system
06-01 22:45:14.148  5421  5421 I AconfigPackage: android.chre.flags is mapped to system
06-01 22:45:14.148  5421  5421 I AconfigPackage: android.content.flags is mapped to system
06-01 22:45:14.148  5421  5421 I AconfigPackage: android.media.codec is mapped to system
06-01 22:45:14.148  5421  5421 I AconfigPackage: com.android.internal.os is mapped to system
06-01 22:45:14.148  5421  5421 I AconfigPackage: com.android.nfc.nci.flags is mapped to system
06-01 22:45:14.148  5421  5421 I AconfigPackage: android.app is mapped to system
06-01 22:45:14.148  5421  5421 I AconfigPackage: android.security.keystore2 is mapped to system
06-01 22:45:14.148  5421  5421 I AconfigPackage: android.crashrecovery.flags is mapped to system
06-01 22:45:14.148  5421  5421 I AconfigPackage: com.android.tradeinmode.flags is mapped to system
06-01 22:45:14.148  5421  5421 I AconfigPackage: android.hardware.flags is mapped to system
06-01 22:45:14.148  5421  5421 I AconfigPackage: com.android.server.telecom.flags is mapped to system
06-01 22:45:14.148  5421  5421 I AconfigPackage: com.android.settingslib.media.flags is mapped to system
06-01 22:45:14.148  5421  5421 I AconfigPackage: com.android.server.policy is mapped to system
06-01 22:45:14.148  5421  5421 I AconfigPackage: android.media.audiopolicy is mapped to system
06-01 22:45:14.148  5421  5421 I AconfigPackage: com.android.egg.flags is mapped to system
06-01 22:45:14.148  5421  5421 I AconfigPackage: com.android.internal.compat.flags is mapped to system
06-01 22:45:14.148  5421  5421 I AconfigPackage: android.security is mapped to system
06-01 22:45:14.148  5421  5421 I AconfigPackage: android.service.autofill is mapped to system
06-01 22:45:14.148  5421  5421 I AconfigPackage: com.example.android.aconfig.demo.flags is mapped to system
06-01 22:45:14.148  5421  5421 I AconfigPackage: android.view.flags is mapped to system
06-01 22:45:14.148  5421  5421 I AconfigPackage: android.companion.virtual.flags is mapped to system
06-01 22:45:14.148  5421  5421 I AconfigPackage: com.android.aconfig_new_storage is mapped to system
06-01 22:45:14.148  5421  5421 I AconfigPackage: com.android.server.feature.flags is mapped to system
06-01 22:45:14.148  5421  5421 I AconfigPackage: com.android.systemui is mapped to system
06-01 22:45:14.148  5421  5421 I AconfigPackage: com.android.server.power.batterysaver is mapped to system
06-01 22:45:14.148  5421  5421 I AconfigPackage: android.widget.flags is mapped to system
06-01 22:45:14.148  5421  5421 I AconfigPackage: com.android.media.editing.flags is mapped to system
06-01 22:45:14.148  5421  5421 I AconfigPackage: com.android.media.codec.flags is mapped to system
06-01 22:45:14.148  5421  5421 I AconfigPackage: com.android.server.powerstats is mapped to system
06-01 22:45:14.148  5421  5421 I AconfigPackage: com.android.graphics.egl.flags is mapped to system
06-01 22:45:14.148  5421  5421 I AconfigPackage: com.android.media.audioserver is mapped to system
06-01 22:45:14.148  5421  5421 I AconfigPackage: com.android.server.deviceidle is mapped to system
06-01 22:45:14.151  5421  5421 I AconfigPackage: android.nfc is mapped to system
06-01 22:45:14.152  5421  5421 I AconfigPackage: android.permission.flags is mapped to system
06-01 22:45:14.152  5421  5421 I AconfigPackage: android.service.voice.flags is mapped to system
06-01 22:45:14.152  5421  5421 I AconfigPackage: android.content.pm is mapped to system
06-01 22:45:14.152  5421  5421 I AconfigPackage: com.android.server.power.hint is mapped to system
06-01 22:45:14.152  5421  5421 I AconfigPackage: android.os is mapped to system
06-01 22:45:14.152  5421  5421 I AconfigPackage: android.service.dreams is mapped to system
06-01 22:45:14.152  5421  5421 I AconfigPackage: com.android.graphics.libgui.flags is mapped to system
06-01 22:45:14.152  5421  5421 I AconfigPackage: android.hardware.usb.flags is mapped to system
06-01 22:45:14.152  5421  5421 I AconfigPackage: android.provider is mapped to system
06-01 22:45:14.152  5421  5421 I AconfigPackage: com.android.server.job is mapped to system
06-01 22:45:14.152  5421  5421 I AconfigPackage: com.android.internal.foldables.flags is mapped to system
06-01 22:45:14.153  5421  5421 I AconfigPackage: com.android.internal.telephony.flags is mapped to system
06-01 22:45:14.153  5421  5421 I AconfigPackage: android.webkit is mapped to system
06-01 22:45:14.154  5421  5421 I AconfigPackage: android.credentials.flags is mapped to system
06-01 22:45:14.154  5421  5421 I AconfigPackage: com.android.server.display.feature.flags is mapped to system
06-01 22:45:14.154  5421  5421 I AconfigPackage: com.android.server.notification is mapped to system
06-01 22:45:14.154  5421  5421 I AconfigPackage: android.appwidget.flags is mapped to system
06-01 22:45:14.154  5421  5421 I AconfigPackage: com.android.frameworks.sensorservice.flags is mapped to system
06-01 22:45:14.154  5421  5421 I AconfigPackage: com.android.printspooler.flags is mapped to system
06-01 22:45:14.154  5421  5421 I AconfigPackage: com.android.window.flags is mapped to system
06-01 22:45:14.154  5421  5421 I AconfigPackage: android.adaptiveauth is mapped to system
06-01 22:45:14.155  5421  5421 I AconfigPackage: android.net.wifi.flags is mapped to system
06-01 22:45:14.155  5421  5421 I AconfigPackage: android.media.tv.flags is mapped to system
06-01 22:45:14.155  5421  5421 I AconfigPackage: com.android.server.usb.flags is mapped to system
06-01 22:45:14.155  5421  5421 I AconfigPackage: android.os.vibrator is mapped to system
06-01 22:45:14.155  5421  5421 I AconfigPackage: android.hardware.devicestate.feature.flags is mapped to system
06-01 22:45:14.155  5421  5421 I AconfigPackage: com.android.server.usage is mapped to system
06-01 22:45:14.156  5421  5421 I AconfigPackage: android.server is mapped to system
06-01 22:45:14.156  5421  5421 I AconfigPackage: com.android.wm.shell is mapped to system
06-01 22:45:14.156  5421  5421 I AconfigPackage: android.view.inputmethod is mapped to system
06-01 22:45:14.156  5421  5421 I AconfigPackage: com.android.graphics.hwui.flags is mapped to system
06-01 22:45:14.156  5421  5421 I AconfigPackage: com.android.server.backup is mapped to system
06-01 22:45:14.156  5421  5421 I AconfigPackage: com.android.internal.pm.pkg.component.flags is mapped to system
06-01 22:45:14.156  5421  5421 I AconfigPackage: android.view.accessibility is mapped to system
06-01 22:45:14.156  5421  5421 I AconfigPackage: com.google.wear.sdk is mapped to system
06-01 22:45:14.156  5421  5421 I AconfigPackage: android.media.audio is mapped to system
06-01 22:45:14.156  5421  5421 I AconfigPackage: com.android.server.am is mapped to system
06-01 22:45:14.156  5421  5421 I AconfigPackage: com.android.media.playback.flags is mapped to system
06-01 22:45:14.157  5421  5421 I AconfigPackage: com.android.art.flags is mapped to com.android.art
06-01 22:45:14.157  5421  5421 I AconfigPackage: com.android.libcore is mapped to com.android.art
06-01 22:45:14.157  5421  5421 I AconfigPackage: com.android.media.extractor.flags is mapped to com.android.media
06-01 22:45:14.158  5421  5421 I AconfigPackage: com.android.media.mainline.flags is mapped to com.android.media
06-01 22:45:14.160  5421  5421 I AconfigPackage: com.android.wifi.flags is mapped to com.android.wifi
06-01 22:45:14.161  5421  5421 I AconfigPackage: com.android.org.conscrypt.flags is mapped to com.android.conscrypt
06-01 22:45:14.161  5421  5421 I AconfigPackage: com.android.healthfitness.flags is mapped to com.android.healthfitness
06-01 22:45:14.162  5421  5421 I AconfigPackage: com.google.android.input.twoshay.flags is mapped to vendor
06-01 22:45:14.162  5421  5421 I AconfigPackage: libgooglecamerahal.flags is mapped to vendor
06-01 22:45:14.163  5421  5421 I AconfigPackage: com.android.ipsec.flags is mapped to com.android.ipsec
06-01 22:45:14.163  5421  5421 I AconfigPackage: com.android.nfc.module.flags is mapped to com.android.nfcservices
06-01 22:45:14.164  5421  5421 I AconfigPackage: com.android.adservices.ondevicepersonalization.flags is mapped to com.android.ondevicepersonalization
