06-02 03:33:42.586 13010 13010 I AconfigPackage: com.android.server.power.hint is mapped to system
06-02 03:33:42.586 13010 13010 I AconfigPackage: android.os is mapped to system
06-02 03:33:42.587 13010 13010 I AconfigPackage: android.service.dreams is mapped to system
06-02 03:33:42.587 13010 13010 I AconfigPackage: com.android.graphics.libgui.flags is mapped to system
06-02 03:33:42.587 13010 13010 I AconfigPackage: android.hardware.usb.flags is mapped to system
06-02 03:33:42.587 13010 13010 I AconfigPackage: android.provider is mapped to system
06-02 03:33:42.587 13010 13010 I AconfigPackage: com.android.server.job is mapped to system
06-02 03:33:42.587 13010 13010 I AconfigPackage: com.android.internal.foldables.flags is mapped to system
06-02 03:33:42.587 13010 13010 I AconfigPackage: com.android.internal.telephony.flags is mapped to system
06-02 03:33:42.587 13010 13010 I AconfigPackage: android.webkit is mapped to system
06-02 03:33:42.588 13010 13010 I AconfigPackage: android.credentials.flags is mapped to system
06-02 03:33:42.589 13010 13010 I AconfigPackage: com.android.server.display.feature.flags is mapped to system
06-02 03:33:42.589 13010 13010 I AconfigPackage: com.android.server.notification is mapped to system
06-02 03:33:42.589 13010 13010 I AconfigPackage: android.appwidget.flags is mapped to system
06-02 03:33:42.589 13010 13010 I AconfigPackage: com.android.frameworks.sensorservice.flags is mapped to system
06-02 03:33:42.589 13010 13010 I AconfigPackage: com.android.printspooler.flags is mapped to system
06-02 03:33:42.589 13010 13010 I AconfigPackage: com.android.window.flags is mapped to system
06-02 03:33:42.589 13010 13010 I AconfigPackage: android.adaptiveauth is mapped to system
06-02 03:33:42.589 13010 13010 I AconfigPackage: android.net.wifi.flags is mapped to system
06-02 03:33:42.589 13010 13010 I AconfigPackage: android.media.tv.flags is mapped to system
06-02 03:33:42.589 13010 13010 I AconfigPackage: com.android.server.usb.flags is mapped to system
06-02 03:33:42.589 13010 13010 I AconfigPackage: android.os.vibrator is mapped to system
06-02 03:33:42.589 13010 13010 I AconfigPackage: android.hardware.devicestate.feature.flags is mapped to system
06-02 03:33:42.589 13010 13010 I AconfigPackage: com.android.server.usage is mapped to system
06-02 03:33:42.589 13010 13010 I AconfigPackage: android.server is mapped to system
06-02 03:33:42.589 13010 13010 I AconfigPackage: com.android.wm.shell is mapped to system
06-02 03:33:42.589 13010 13010 I AconfigPackage: android.view.inputmethod is mapped to system
06-02 03:33:42.589 13010 13010 I AconfigPackage: com.android.graphics.hwui.flags is mapped to system
06-02 03:33:42.589 13010 13010 I AconfigPackage: com.android.server.backup is mapped to system
06-02 03:33:42.589 13010 13010 I AconfigPackage: com.android.internal.pm.pkg.component.flags is mapped to system
06-02 03:33:42.589 13010 13010 I AconfigPackage: android.view.accessibility is mapped to system
06-02 03:33:42.589 13010 13010 I AconfigPackage: com.google.wear.sdk is mapped to system
06-02 03:33:42.589 13010 13010 I AconfigPackage: android.media.audio is mapped to system
06-02 03:33:42.589 13010 13010 I AconfigPackage: com.android.server.am is mapped to system
06-02 03:33:42.589 13010 13010 I AconfigPackage: com.android.media.playback.flags is mapped to system
06-02 03:33:42.590 13010 13010 I AconfigPackage: com.android.art.flags is mapped to com.android.art
06-02 03:33:42.590 13010 13010 I AconfigPackage: com.android.libcore is mapped to com.android.art
06-02 03:33:42.590 13010 13010 I AconfigPackage: com.android.media.extractor.flags is mapped to com.android.media
06-02 03:33:42.590 13010 13010 I AconfigPackage: com.android.media.mainline.flags is mapped to com.android.media
06-02 03:33:42.591 13010 13010 I AconfigPackage: com.android.wifi.flags is mapped to com.android.wifi
06-02 03:33:42.591 13010 13010 I AconfigPackage: com.android.org.conscrypt.flags is mapped to com.android.conscrypt
06-02 03:33:42.592 13010 13010 I AconfigPackage: com.android.healthfitness.flags is mapped to com.android.healthfitness
06-02 03:33:42.593 13010 13010 I AconfigPackage: com.google.android.input.twoshay.flags is mapped to vendor
06-02 03:33:42.593 13010 13010 I AconfigPackage: libgooglecamerahal.flags is mapped to vendor
06-02 03:33:42.593 13010 13010 I AconfigPackage: com.android.ipsec.flags is mapped to com.android.ipsec
06-02 03:33:42.594 13010 13010 I AconfigPackage: com.android.nfc.module.flags is mapped to com.android.nfcservices
06-02 03:33:42.594 13010 13010 I AconfigPackage: com.android.adservices.ondevicepersonalization.flags is mapped to com.android.ondevicepersonalization
06-02 03:33:42.595 13010 13010 I AconfigPackage: com.android.bluetooth.flags is mapped to com.android.bt
06-02 03:33:42.596 13010 13010 I AconfigPackage: com.android.devicelock.flags is mapped to com.android.devicelock
06-02 03:33:42.596 13010 13010 I AconfigPackage: android.os.profiling is mapped to com.android.profiling
06-02 03:33:42.597 13010 13010 I AconfigPackage: com.android.os.statsd.flags is mapped to com.android.os.statsd
06-02 03:33:42.598 13010 13010 I AconfigPackage: com.android.cellbroadcastreceiver.flags is mapped to com.android.cellbroadcast
06-02 03:33:42.599 13010 13010 I AconfigPackage: com.android.adservices.flags is mapped to com.android.adservices
06-02 03:33:42.599 13010 13010 I AconfigPackage: com.android.sdksandbox.flags is mapped to com.android.adservices
06-02 03:33:42.600 13010 13010 I AconfigPackage: com.android.uwb.flags is mapped to com.android.uwb
06-02 03:33:42.600 13010 13010 I AconfigPackage: com.android.ranging.flags is mapped to com.android.uwb
06-02 03:33:42.601 13010 13010 I AconfigPackage: android.graphics.pdf.flags is mapped to com.android.mediaprovider
06-02 03:33:42.601 13010 13010 I AconfigPackage: com.android.providers.media.flags is mapped to com.android.mediaprovider
06-02 03:33:42.601 13010 13010 I AconfigPackage: android.graphics.pdf.flags.readonly is mapped to com.android.mediaprovider
06-02 03:33:42.601 13010 13010 I AconfigPackage: com.android.net.ct.flags is mapped to com.android.tethering
06-02 03:33:42.601 13010 13010 I AconfigPackage: com.android.net.flags is mapped to com.android.tethering
06-02 03:33:42.601 13010 13010 I AconfigPackage: android.net.vcn is mapped to com.android.tethering
06-02 03:33:42.601 13010 13010 I AconfigPackage: com.android.nearby.flags is mapped to com.android.tethering
06-02 03:33:42.601 13010 13010 I AconfigPackage: android.net.http is mapped to com.android.tethering
06-02 03:33:42.601 13010 13010 I AconfigPackage: com.android.net.thread.flags is mapped to com.android.tethering
06-02 03:33:42.602 13010 13010 I AconfigPackage: com.android.system.virtualmachine.flags is mapped to com.android.virt
06-02 03:33:42.602 13010 13010 E FeatureFlagsImplExport: android.os.flagging.AconfigStorageReadException: ERROR_PACKAGE_NOT_FOUND: package android.xr cannot be found on the device
06-02 03:33:42.608 13010 13010 D UiAutomationConnection: Created on user UserHandle{0}
06-02 03:33:42.609 13010 13010 I UiAutomation: Initialized for user 0 on display 0
06-02 03:33:42.609 13010 13010 W UiAutomation: Created with deprecatead constructor, assumes DEFAULT_DISPLAY
06-02 03:33:42.611   688  1395 D AccessibilityManagerService: changeCurrentUserForTestAutomationIfNeededLocked(0): ignoring because device doesn't support visible background users
06-02 03:33:42.611   688  1395 I UiAutomationManager: Registering UiTestAutomationService (id=com.android.server.accessibility/UiAutomation, flags=0x0) when called by user 0
06-02 03:33:42.612   688  1395 V AccessibilityManagerService: onUserStateChangedLocked for userId: 0, forceUpdate: false
06-02 03:33:42.614  1474  2132 I AiAiEcho: Settings changed for uri: content://settings/secure/accessibility_enabled
06-02 03:33:42.615   688  1395 W MagnificationConnectionManager: requestConnection duplicated request: connect=false, mConnectionState=DISCONNECTED
06-02 03:33:42.615  1474  1863 I AiAiEcho: Predicting[0]:  [CONTEXT sampling_count=5 ]
06-02 03:33:42.616  1474  1863 I AiAiEcho: EchoTargets: 
06-02 03:33:42.616  1474  1863 I AiAiEcho: Filtered by AiAi flag check: 
06-02 03:33:42.616  1474  1863 I AiAiEcho: [CONTEXT ratelimit_period="10 SECONDS" ]
06-02 03:33:42.616  1474  1863 I AiAiEcho: #remoteViewsTwiddler: feature disabled.
06-02 03:33:42.616  1474  1863 I AiAiEcho: Predicting[0]:  [CONTEXT sampling_count=5 ]
06-02 03:33:42.617  1474  1863 I AiAiEcho: EchoTargets: 
06-02 03:33:42.617  1474  1863 I AiAiEcho: Filtered by AiAi flag check: 
06-02 03:33:42.617  1474  1863 I AiAiEcho: [CONTEXT ratelimit_period="10 SECONDS" ]
06-02 03:33:42.618  1474  1863 I AiAiEcho: #remoteViewsTwiddler: feature disabled.
06-02 03:33:42.620  1474  1863 I AiAiEcho: #postPredictionTargets: Sending updates to UISurface home with targets# 0 (types=[])
06-02 03:33:42.621   688   688 W IPCThreadState: Sending oneway calls to frozen process.
06-02 03:33:42.621   688   688 W IPCThreadState: Sending oneway calls to frozen process.
06-02 03:33:42.621   688   688 W IPCThreadState: Sending oneway calls to frozen process.
06-02 03:33:42.621   688   688 W IPCThreadState: Sending oneway calls to frozen process.
06-02 03:33:42.622  1084  1084 D SsBaseTemplateCard: No text view can be set up
06-02 03:33:42.622  1084  1084 D SsBaseTemplateCard: Passed-in item info is null
06-02 03:33:42.622  1084  1084 D SsBaseTemplateCard: Passed-in item info is null
06-02 03:33:42.622   688   688 W IPCThreadState: Sending oneway calls to frozen process.
06-02 03:33:42.622  1084  1084 D SsBaseTemplateCard: Passed-in item info is null
06-02 03:33:42.622  1084  1084 I SsBaseTemplateCard: Secondary card pane is null
06-02 03:33:42.622  1474  1863 I AiAiEcho: #postPredictionTargets: Sending updates to UISurface lockscreen with targets# 0 (types=[])
06-02 03:33:42.625   688   688 W IPCThreadState: Sending oneway calls to frozen process.
06-02 03:33:42.625   688   688 W IPCThreadState: Sending oneway calls to frozen process.
06-02 03:33:42.625   688   688 W IPCThreadState: Sending oneway calls to frozen process.
06-02 03:33:42.625   688   688 W IPCThreadState: Sending oneway calls to frozen process.
06-02 03:33:42.625   688   688 W IPCThreadState: Sending oneway calls to frozen process.
06-02 03:33:42.626   688   688 W IPCThreadState: Sending oneway calls to frozen process.
06-02 03:33:42.626   688   688 W IPCThreadState: Sending oneway calls to frozen process.
06-02 03:33:42.626   688   688 W IPCThreadState: Sending oneway calls to frozen process.
06-02 03:33:42.626   688   688 W IPCThreadState: Sending oneway calls to frozen process.
06-02 03:33:42.626   688   688 W IPCThreadState: Sending oneway calls to frozen process.
06-02 03:33:42.627   948   948 W PageIndicator: Total number of pages invalid: 0. Assuming 1 page.
06-02 03:33:42.627   688   688 D BatterySaverPolicy: accessibility changed to true, updating policy.
06-02 03:33:42.627   688  1395 V AccessibilityManagerService: onUserStateChangedLocked for userId: 0, forceUpdate: false
06-02 03:33:42.629   688  1395 W MagnificationConnectionManager: requestConnection duplicated request: connect=false, mConnectionState=DISCONNECTED
06-02 03:33:42.630  1474  2141 I AiAiEcho: Settings changed for uri: content://settings/secure/accessibility_enabled
06-02 03:33:42.630   688   688 W IPCThreadState: Sending oneway calls to frozen process.
06-02 03:33:42.631   688   688 W IPCThreadState: Sending oneway calls to frozen process.
06-02 03:33:42.631   688   688 W IPCThreadState: Sending oneway calls to frozen process.
06-02 03:33:42.631   688   688 W IPCThreadState: Sending oneway calls to frozen process.
06-02 03:33:42.631   688   688 W IPCThreadState: Sending oneway calls to frozen process.
06-02 03:33:42.632   688   688 W IPCThreadState: Sending oneway calls to frozen process.
06-02 03:33:42.632   688   688 W IPCThreadState: Sending oneway calls to frozen process.
06-02 03:33:42.632  1474  1863 I AiAiEcho: Predicting[0]:  [CONTEXT sampling_count=5 ]
06-02 03:33:42.632  1474  1863 I AiAiEcho: EchoTargets: 
06-02 03:33:42.632  1474  1863 I AiAiEcho: Filtered by AiAi flag check: 
06-02 03:33:42.632  1474  1863 I AiAiEcho: [CONTEXT ratelimit_period="10 SECONDS" ]
06-02 03:33:42.632   688   688 W IPCThreadState: Sending oneway calls to frozen process.
06-02 03:33:42.632   688   688 W IPCThreadState: Sending oneway calls to frozen process.
06-02 03:33:42.632  1474  1863 I AiAiEcho: #remoteViewsTwiddler: feature disabled.
06-02 03:33:42.632   688   688 W IPCThreadState: Sending oneway calls to frozen process.
06-02 03:33:42.633  1474  1863 I AiAiEcho: Predicting[0]:  [CONTEXT sampling_count=5 ]
06-02 03:33:42.633  1474  1863 I AiAiEcho: EchoTargets: 
06-02 03:33:42.633  1474  1863 I AiAiEcho: Filtered by AiAi flag check: 
06-02 03:33:42.633  1474  1863 I AiAiEcho: [CONTEXT ratelimit_period="10 SECONDS" ]
06-02 03:33:42.633  1474  1863 I AiAiEcho: #remoteViewsTwiddler: feature disabled.
06-02 03:33:42.637  1474  1863 I AiAiEcho: #postPredictionTargets: Sending updates to UISurface home with targets# 0 (types=[])
06-02 03:33:42.638  1474  1863 I AiAiEcho: #postPredictionTargets: Sending updates to UISurface lockscreen with targets# 0 (types=[])
06-02 03:33:42.644  1084  1084 D SsBaseTemplateCard: No text view can be set up
06-02 03:33:42.644  1084  1084 D SsBaseTemplateCard: Passed-in item info is null
06-02 03:33:42.644  1084  1084 D SsBaseTemplateCard: Passed-in item info is null
06-02 03:33:42.644  1084  1084 D SsBaseTemplateCard: Passed-in item info is null
06-02 03:33:42.644  1084  1084 I SsBaseTemplateCard: Secondary card pane is null
06-02 03:33:42.662   948   948 W PageIndicator: Total number of pages invalid: 0. Assuming 1 page.
06-02 03:33:43.670 12911 12911 E io.ereader.xynk: hiddenapi: Accessing hidden method Landroid/view/accessibility/AccessibilityNodeInfo;->getSelection()Landroid/view/accessibility/AccessibilityNodeInfo$Selection; (runtime_flags=0, domain=platform, api=blocked) from /data/app/~~2BWnxEfMFmAwtxYASWqlWg==/com.aistudio.ereader.xynk-Z1ecBCHHRIFpIuo_z6Hbiw==/base.apk!classes14.dex (domain=app) using linking: denied
06-02 03:33:43.679 12911 12911 E io.ereader.xynk: hiddenapi: Accessing hidden method Landroid/view/accessibility/AccessibilityNodeInfo;->setSelection(Landroid/view/accessibility/AccessibilityNodeInfo$Selection;)V (runtime_flags=0, domain=platform, api=blocked) from /data/app/~~2BWnxEfMFmAwtxYASWqlWg==/com.aistudio.ereader.xynk-Z1ecBCHHRIFpIuo_z6Hbiw==/base.apk!classes14.dex (domain=app) using linking: denied
06-02 03:33:43.679 12911 12911 E io.ereader.xynk: hiddenapi: Accessing hidden method Landroid/view/accessibility/AccessibilityNodeInfo;->setSelection(Landroid/view/accessibility/AccessibilityNodeInfo$Selection;)V (runtime_flags=0, domain=platform, api=blocked) from /data/app/~~2BWnxEfMFmAwtxYASWqlWg==/com.aistudio.ereader.xynk-Z1ecBCHHRIFpIuo_z6Hbiw==/base.apk!classes14.dex (domain=app) using linking: denied
06-02 03:33:43.984 13010 13010 W AccessibilityNodeInfoDumper: Fetch time: 312ms
06-02 03:33:43.989   688  1395 V AccessibilityManagerService: onUserStateChangedLocked for userId: 0, forceUpdate: false
06-02 03:33:43.991   688  1395 W MagnificationConnectionManager: requestConnection duplicated request: connect=false, mConnectionState=DISCONNECTED
06-02 03:33:43.991   688  1395 D AccessibilityManagerService: restoreCurrentUserForTestAutomationIfNeededLocked(): ignoring because device doesn't support visible background users
06-02 03:33:43.991  1474  2141 I AiAiEcho: Settings changed for uri: content://settings/secure/accessibility_enabled
06-02 03:33:43.992   688   688 W IPCThreadState: Sending oneway calls to frozen process.
06-02 03:33:43.992   688   688 W IPCThreadState: Sending oneway calls to frozen process.
06-02 03:33:43.992   688   688 W IPCThreadState: Sending oneway calls to frozen process.
06-02 03:33:43.992   688   688 W IPCThreadState: Sending oneway calls to frozen process.
06-02 03:33:43.992   688   688 W IPCThreadState: Sending oneway calls to frozen process.
06-02 03:33:43.993   688   688 W IPCThreadState: Sending oneway calls to frozen process.
06-02 03:33:43.993   688   688 W IPCThreadState: Sending oneway calls to frozen process.
06-02 03:33:43.993  1474  1863 I AiAiEcho: Predicting[0]:  [CONTEXT sampling_count=5 ]
06-02 03:33:43.993   688   688 W IPCThreadState: Sending oneway calls to frozen process.
06-02 03:33:43.994   688   688 W IPCThreadState: Sending oneway calls to frozen process.
06-02 03:33:43.994  1474  1863 I AiAiEcho: EchoTargets: 
06-02 03:33:43.994  1474  1863 I AiAiEcho: Filtered by AiAi flag check: 
06-02 03:33:43.994  1474  1863 I AiAiEcho: [CONTEXT ratelimit_period="10 SECONDS" ]
06-02 03:33:43.994   688   688 W IPCThreadState: Sending oneway calls to frozen process.
06-02 03:33:43.994 13010 13020 W IPCThreadState: call to talkWithDriver in joinThreadPool returned error: -9 (Bad file descriptor), FD: -1
06-02 03:33:43.994   688   688 W IPCThreadState: Sending oneway calls to frozen process.
06-02 03:33:43.994   688   688 W IPCThreadState: Sending oneway calls to frozen process.
06-02 03:33:43.994 13010 13023 W IPCThreadState: call to talkWithDriver in joinThreadPool returned error: -9 (Bad file descriptor), FD: -1
06-02 03:33:43.994 13010 13019 W IPCThreadState: call to talkWithDriver in joinThreadPool returned error: -9 (Bad file descriptor), FD: -1
06-02 03:33:43.994   688   688 W IPCThreadState: Sending oneway calls to frozen process.
06-02 03:33:43.994   688   688 W IPCThreadState: Sending oneway calls to frozen process.
06-02 03:33:43.994  1474  1863 I AiAiEcho: #remoteViewsTwiddler: feature disabled.
06-02 03:33:43.995   688   688 W IPCThreadState: Sending oneway calls to frozen process.
06-02 03:33:43.998   688   688 D BatterySaverPolicy: accessibility changed to false, updating policy.
06-02 03:33:43.998  1474  1863 I AiAiEcho: Predicting[0]:  [CONTEXT sampling_count=5 ]
06-02 03:33:43.999 13010 13010 D AndroidRuntime: Shutting down VM
06-02 03:33:43.999  1474  1863 I AiAiEcho: EchoTargets: 
06-02 03:33:43.999  1474  1863 I AiAiEcho: Filtered by AiAi flag check: 
06-02 03:33:43.999  1474  1863 I AiAiEcho: [CONTEXT ratelimit_period="10 SECONDS" ]
06-02 03:33:44.001  1474  1863 I AiAiEcho: #remoteViewsTwiddler: feature disabled.
06-02 03:33:44.006  1474  1863 I AiAiEcho: #postPredictionTargets: Sending updates to UISurface home with targets# 0 (types=[])
06-02 03:33:44.008  1084  1084 D SsBaseTemplateCard: No text view can be set up
06-02 03:33:44.009  1084  1084 D SsBaseTemplateCard: Passed-in item info is null
06-02 03:33:44.009  1084  1084 D SsBaseTemplateCard: Passed-in item info is null
06-02 03:33:44.009  1084  1084 D SsBaseTemplateCard: Passed-in item info is null
06-02 03:33:44.009  1084  1084 I SsBaseTemplateCard: Secondary card pane is null
06-02 03:33:44.009  1474  1863 I AiAiEcho: #postPredictionTargets: Sending updates to UISurface lockscreen with targets# 0 (types=[])
06-02 03:33:44.012   948   948 W PageIndicator: Total number of pages invalid: 0. Assuming 1 page.
06-02 03:33:44.171 13024 13024 W dumpsys : Thread Pool max thread count is 0. Cannot cache binder as linkToDeath cannot be implemented. serviceName: package
06-02 03:33:44.491 12911 12922 I io.ereader.xynk: Background concurrent mark compact GC freed 4460KB AllocSpace bytes, 35(1404KB) LOS objects, 49% free, 7189KB/14MB, paused 11.459ms,5.340ms total 129.820ms
06-02 03:33:44.504  3901  3901 I artd    : GetBestInfo: odex next to the dex file (/data/app/~~oqHPZkItOTY-JdZP8j0YvQ==/com.google.android.gms-U8kK62mhhj2hUoGXPlJDnw==/oat/x86_64/base.odex) is kOatUpToDate with filter 'speed-profile' executable 'false'
06-02 03:33:44.507  3901  9791 I artd    : GetBestInfo: odex next to the dex file (/data/app/~~oqHPZkItOTY-JdZP8j0YvQ==/com.google.android.gms-U8kK62mhhj2hUoGXPlJDnw==/oat/x86_64/split_AdsDynamite_installtime.odex) is kOatUpToDate with filter 'speed' executable 'false'
06-02 03:33:44.512  3901  9791 I artd    : GetBestInfo: odex next to the dex file (/data/app/~~oqHPZkItOTY-JdZP8j0YvQ==/com.google.android.gms-U8kK62mhhj2hUoGXPlJDnw==/oat/x86_64/split_CronetDynamite_installtime.odex) is kOatUpToDate with filter 'speed-profile' executable 'false'
06-02 03:33:44.513  3901  9791 I artd    : GetBestInfo: odex next to the dex file (/data/app/~~oqHPZkItOTY-JdZP8j0YvQ==/com.google.android.gms-U8kK62mhhj2hUoGXPlJDnw==/oat/x86_64/split_DynamiteLoader_installtime.odex) is kOatUpToDate with filter 'speed' executable 'false'
06-02 03:33:44.516  3901  9791 I artd    : GetBestInfo: odex next to the dex file (/data/app/~~oqHPZkItOTY-JdZP8j0YvQ==/com.google.android.gms-U8kK62mhhj2hUoGXPlJDnw==/oat/x86_64/split_DynamiteModulesA_installtime.odex) is kOatUpToDate with filter 'speed' executable 'false'
06-02 03:33:44.518  3901  9791 I artd    : GetBestInfo: odex next to the dex file (/data/app/~~oqHPZkItOTY-JdZP8j0YvQ==/com.google.android.gms-U8kK62mhhj2hUoGXPlJDnw==/oat/x86_64/split_DynamiteModulesC_installtime.odex) is kOatUpToDate with filter 'speed' executable 'false'
06-02 03:33:44.522  3901  9791 I artd    : GetBestInfo: odex next to the dex file (/data/app/~~oqHPZkItOTY-JdZP8j0YvQ==/com.google.android.gms-U8kK62mhhj2hUoGXPlJDnw==/oat/x86_64/split_GoogleCertificates_installtime.odex) is kOatUpToDate with filter 'speed' executable 'false'
06-02 03:33:44.524  3901  9791 I artd    : GetBestInfo: odex next to the dex file (/data/app/~~oqHPZkItOTY-JdZP8j0YvQ==/com.google.android.gms-U8kK62mhhj2hUoGXPlJDnw==/oat/x86_64/split_MapsDynamite_installtime.odex) is kOatUpToDate with filter 'speed' executable 'false'
06-02 03:33:44.526  3901  9791 I artd    : GetBestInfo: odex next to the dex file (/data/app/~~oqHPZkItOTY-JdZP8j0YvQ==/com.google.android.gms-U8kK62mhhj2hUoGXPlJDnw==/oat/x86_64/split_MeasurementDynamite_installtime.odex) is kOatUpToDate with filter 'speed' executable 'false'
06-02 03:33:44.527  3901  9791 I artd    : GetBestInfo: odex next to the dex file (/data/app/~~oqHPZkItOTY-JdZP8j0YvQ==/com.google.android.gms-U8kK62mhhj2hUoGXPlJDnw==/oat/x86_64/split_all_locale_splits.odex) is kOatUpToDate with filter 'speed' executable 'false'
06-02 03:33:44.528  3901  9791 I artd    : GetBestInfo: /data/user_de/0/com.google.android.gms/app_chimera/m/00000001/CronetDynamite.apk has no usable artifacts
06-02 03:33:44.528  3901  9791 I artd    : GetBestInfo: /data/user_de/0/com.google.android.gms/app_chimera/m/00000002/DynamiteLoader.apk has no usable artifacts
06-02 03:33:44.529  3901  9791 I artd    : GetBestInfo: /data/user_de/0/com.google.android.gms/app_chimera/m/00000015/dl-Appsearch.optional_261631100800.apk has no usable artifacts
06-02 03:33:44.531  3901  9791 I artd    : GetBestInfo: /data/user_de/0/com.google.android.gms/app_chimera/m/00000011/dl-MlkitBarcodeUi.optional_261631100800.apk has no usable artifacts
06-02 03:33:44.531  3901  9791 I artd    : GetBestInfo: /data/user_de/0/com.google.android.gms/app_chimera/m/00000005/GoogleCertificates.apk has no usable artifacts
06-02 03:33:44.533  3901  9791 I artd    : GetBestInfo: /data/user_de/0/com.google.android.gms/app_chimera/m/00000017/dl-TfliteDynamiteDynamite.integ_260580502100800.apk has no usable artifacts
06-02 03:33:44.537  3901  9791 I artd    : GetBestInfo: /data/user_de/0/com.google.android.gms/app_chimera/m/0000000d/dl-TfliteDynamiteDynamite.integ_252130102100800.apk has no usable artifacts
06-02 03:33:44.538  3901  9791 I artd    : GetBestInfo: /data/user_de/0/com.google.android.gms/app_chimera/m/00000016/dl-IdentityCredentialsPlatform.optional_261631100800.apk has no usable artifacts
06-02 03:33:44.540  3901  9791 I artd    : GetBestInfo: /data/user_de/0/com.google.android.gms/app_chimera/m/0000000a/dl-MlkitBarcodeUi.optional_250834100800.apk has no usable artifacts
06-02 03:33:44.541  3901  9791 I artd    : GetBestInfo: vdex next to the dex file (/data/user/0/com.google.android.gms/app_dg_cache/92659AEB0EFADECE4CBB22D1DF07B00702EAAC36/oat/x86_64/the.vdex) is kOatUpToDate with filter 'verify' executable 'false'
06-02 03:33:44.542  3901  9791 I artd    : GetBestInfo: /data/user_de/0/com.google.android.gms/app_chimera/m/00000014/dl-PlayCloudSearch.optional_261631100000.apk has no usable artifacts
06-02 03:33:44.544  3901  9791 I artd    : GetBestInfo: /data/user/0/com.google.android.gms/app_dg_cache/BBB8ADBA11F43674FC873CF50B06D4CFE87E958C/the.apk has no usable artifacts
06-02 03:33:44.544  3901  9791 W artd    : Could not get dex checksums for location /data/app/~~JlUJQFlc4ygp9jZhE_7qYA==/com.android.vending-cRWAZr3GHq-n4fdFyU9thA==/base.apk, fd=-1
06-02 03:33:44.708   688   791 D ActivityManager: freezing 2063 com.google.android.apps.wellbeing
06-02 03:33:44.711   688   848 D InetDiagMessage: Destroyed 0 sockets, proto=IPPROTO_TCP, family=AF_INET, states=14
06-02 03:33:44.712   688   848 D InetDiagMessage: Destroyed 0 sockets, proto=IPPROTO_TCP, family=AF_INET6, states=14
06-02 03:33:44.712   688   848 D InetDiagMessage: Destroyed live tcp sockets for uids={10147} in 2ms
06-02 03:33:45.107 13030 13030 W screencap: Thread Pool max thread count is 0. Cannot cache binder as linkToDeath cannot be implemented. serviceName: SurfaceFlingerAIDL
06-02 03:33:45.108 13030 13030 W BpBinder: Linking to death on android.gui.ISurfaceComposer but there are no threads (yet?) listening to incoming transactions. See ProcessState::startThreadPool and ProcessState::setThreadPoolMaxThreadCount. Generally you should setup the binder threadpool before other initialization steps.
06-02 03:33:45.108 13030 13030 W ProcessState: Extra binder thread started, but 0 threads requested. Do not use *startThreadPool when zero threads are requested.
06-02 03:33:45.132   560  1133 E HwcComposer: getLuts failed Status(-8, EX_SERVICE_SPECIFIC): '8: '
06-02 03:33:45.133   560  1133 E HWComposer: getLuts: getLuts failed for display 4619827259835644672: UNSUPPORTED (8)
06-02 03:33:45.297   688   791 D ActivityManager: freezing 1636 com.android.keychain
06-02 03:33:45.302   688   791 D ActivityManager: freezing 1193 com.android.settings
06-02 03:33:45.312   688   791 D ActivityManager: freezing 2699 com.android.dynsystem:dynsystem
06-02 03:33:45.319   688   791 D ActivityManager: freezing 2677 com.android.dynsystem
06-02 03:33:45.322   688   791 D ActivityManager: freezing 1787 com.android.localtransport
06-02 03:33:50.603   688   791 D ActivityManager: freezing 3131 com.android.vending
06-02 03:33:50.607   688   848 D InetDiagMessage: Destroyed 0 sockets, proto=IPPROTO_TCP, family=AF_INET, states=14
06-02 03:33:50.608   688   848 D InetDiagMessage: Destroyed 0 sockets, proto=IPPROTO_TCP, family=AF_INET6, states=14
06-02 03:33:50.608   688   848 D InetDiagMessage: Destroyed live tcp sockets for uids={10144} in 2ms
06-02 03:33:51.201  1069  1255 D SatelliteController: iisInCarrierRoamingNbIotNtn: satellite is disabled
06-02 03:33:51.202   688  1173 W IPCThreadState: Sending oneway calls to frozen process.
06-02 03:33:54.156 13032 13032 W dumpsys : Thread Pool max thread count is 0. Cannot cache binder as linkToDeath cannot be implemented. serviceName: package
06-02 03:33:54.497  3901  9791 I artd    : GetBestInfo: odex next to the dex file (/data/app/~~oqHPZkItOTY-JdZP8j0YvQ==/com.google.android.gms-U8kK62mhhj2hUoGXPlJDnw==/oat/x86_64/base.odex) is kOatUpToDate with filter 'speed-profile' executable 'false'
06-02 03:33:54.504  3901  9791 I artd    : GetBestInfo: odex next to the dex file (/data/app/~~oqHPZkItOTY-JdZP8j0YvQ==/com.google.android.gms-U8kK62mhhj2hUoGXPlJDnw==/oat/x86_64/split_AdsDynamite_installtime.odex) is kOatUpToDate with filter 'speed' executable 'false'
06-02 03:33:54.508  3901  9791 I artd    : GetBestInfo: odex next to the dex file (/data/app/~~oqHPZkItOTY-JdZP8j0YvQ==/com.google.android.gms-U8kK62mhhj2hUoGXPlJDnw==/oat/x86_64/split_CronetDynamite_installtime.odex) is kOatUpToDate with filter 'speed-profile' executable 'false'
06-02 03:33:54.510  3901  9791 I artd    : GetBestInfo: odex next to the dex file (/data/app/~~oqHPZkItOTY-JdZP8j0YvQ==/com.google.android.gms-U8kK62mhhj2hUoGXPlJDnw==/oat/x86_64/split_DynamiteLoader_installtime.odex) is kOatUpToDate with filter 'speed' executable 'false'
06-02 03:33:54.513  3901  9791 I artd    : GetBestInfo: odex next to the dex file (/data/app/~~oqHPZkItOTY-JdZP8j0YvQ==/com.google.android.gms-U8kK62mhhj2hUoGXPlJDnw==/oat/x86_64/split_DynamiteModulesA_installtime.odex) is kOatUpToDate with filter 'speed' executable 'false'
06-02 03:33:54.517  3901  9791 I artd    : GetBestInfo: odex next to the dex file (/data/app/~~oqHPZkItOTY-JdZP8j0YvQ==/com.google.android.gms-U8kK62mhhj2hUoGXPlJDnw==/oat/x86_64/split_DynamiteModulesC_installtime.odex) is kOatUpToDate with filter 'speed' executable 'false'
06-02 03:33:54.519  3901  9791 I artd    : GetBestInfo: odex next to the dex file (/data/app/~~oqHPZkItOTY-JdZP8j0YvQ==/com.google.android.gms-U8kK62mhhj2hUoGXPlJDnw==/oat/x86_64/split_GoogleCertificates_installtime.odex) is kOatUpToDate with filter 'speed' executable 'false'
06-02 03:33:54.522  3901  9791 I artd    : GetBestInfo: odex next to the dex file (/data/app/~~oqHPZkItOTY-JdZP8j0YvQ==/com.google.android.gms-U8kK62mhhj2hUoGXPlJDnw==/oat/x86_64/split_MapsDynamite_installtime.odex) is kOatUpToDate with filter 'speed' executable 'false'
06-02 03:33:54.524  3901  9791 I artd    : GetBestInfo: odex next to the dex file (/data/app/~~oqHPZkItOTY-JdZP8j0YvQ==/com.google.android.gms-U8kK62mhhj2hUoGXPlJDnw==/oat/x86_64/split_MeasurementDynamite_installtime.odex) is kOatUpToDate with filter 'speed' executable 'false'
06-02 03:33:54.527  3901  9791 I artd    : GetBestInfo: odex next to the dex file (/data/app/~~oqHPZkItOTY-JdZP8j0YvQ==/com.google.android.gms-U8kK62mhhj2hUoGXPlJDnw==/oat/x86_64/split_all_locale_splits.odex) is kOatUpToDate with filter 'speed' executable 'false'
06-02 03:33:54.528  3901  9791 I artd    : GetBestInfo: /data/user_de/0/com.google.android.gms/app_chimera/m/00000001/CronetDynamite.apk has no usable artifacts
06-02 03:33:54.529  3901  9791 I artd    : GetBestInfo: /data/user_de/0/com.google.android.gms/app_chimera/m/00000002/DynamiteLoader.apk has no usable artifacts
06-02 03:33:54.531  3901  9791 I artd    : GetBestInfo: /data/user_de/0/com.google.android.gms/app_chimera/m/00000015/dl-Appsearch.optional_261631100800.apk has no usable artifacts
06-02 03:33:54.532  3901  9791 I artd    : GetBestInfo: /data/user_de/0/com.google.android.gms/app_chimera/m/00000011/dl-MlkitBarcodeUi.optional_261631100800.apk has no usable artifacts
06-02 03:33:54.533  3901  9791 I artd    : GetBestInfo: /data/user_de/0/com.google.android.gms/app_chimera/m/00000005/GoogleCertificates.apk has no usable artifacts
06-02 03:33:54.534  3901  9791 I artd    : GetBestInfo: /data/user_de/0/com.google.android.gms/app_chimera/m/00000017/dl-TfliteDynamiteDynamite.integ_260580502100800.apk has no usable artifacts
06-02 03:33:54.536  3901  9791 I artd    : GetBestInfo: /data/user_de/0/com.google.android.gms/app_chimera/m/0000000d/dl-TfliteDynamiteDynamite.integ_252130102100800.apk has no usable artifacts
06-02 03:33:54.538  3901  9791 I artd    : GetBestInfo: /data/user_de/0/com.google.android.gms/app_chimera/m/00000016/dl-IdentityCredentialsPlatform.optional_261631100800.apk has no usable artifacts
06-02 03:33:54.540  3901  9791 I artd    : GetBestInfo: /data/user_de/0/com.google.android.gms/app_chimera/m/0000000a/dl-MlkitBarcodeUi.optional_250834100800.apk has no usable artifacts
06-02 03:33:54.544  3901  9791 I artd    : GetBestInfo: vdex next to the dex file (/data/user/0/com.google.android.gms/app_dg_cache/92659AEB0EFADECE4CBB22D1DF07B00702EAAC36/oat/x86_64/the.vdex) is kOatUpToDate with filter 'verify' executable 'false'
06-02 03:33:54.546  3901  9791 I artd    : GetBestInfo: /data/user_de/0/com.google.android.gms/app_chimera/m/00000014/dl-PlayCloudSearch.optional_261631100000.apk has no usable artifacts
06-02 03:33:54.547  3901  9791 I artd    : GetBestInfo: /data/user/0/com.google.android.gms/app_dg_cache/BBB8ADBA11F43674FC873CF50B06D4CFE87E958C/the.apk has no usable artifacts
06-02 03:33:54.548  3901  9791 W artd    : Could not get dex checksums for location /data/app/~~JlUJQFlc4ygp9jZhE_7qYA==/com.android.vending-cRWAZr3GHq-n4fdFyU9thA==/base.apk, fd=-1
06-02 03:33:58.533   688  1173 D WifiNl80211Manager: Scan result ready event
06-02 03:33:58.533   688  1173 D WifiNative: Scan result ready event
06-02 03:33:58.537  1279  2011 I WifiScanner: onFullResults
06-02 03:33:58.537  1279  2137 I WifiScanner: onFullResults
06-02 03:33:58.541   688   842 I HalDevMgr: bestIfaceCreationProposal is null, requestIface=STA, existingIface=[name=wlan0 type=STA]
06-02 03:33:59.401 12911 12995 D VBookCrawler: source=vnexpress-Đường đen script=home args= result=map(keys=data, next, data=list(13))
06-02 03:34:00.442 12911 12921 I io.ereader.xynk: JIT allocated 59KB for compiled code of java.lang.Object org.mozilla.javascript.Interpreter.interpretLoop(org.mozilla.javascript.Context, org.mozilla.javascript.Interpreter$CallFrame, java.lang.Object)
06-02 03:34:00.443 12911 12921 I io.ereader.xynk: Compiler allocated 6868KB to compile java.lang.Object org.mozilla.javascript.Interpreter.interpretLoop(org.mozilla.javascript.Context, org.mozilla.javascript.Interpreter$CallFrame, java.lang.Object)
06-02 03:34:00.495 12911 12921 I io.ereader.xynk: JIT allocated 56KB for compiled code of java.lang.Object org.mozilla.javascript.Interpreter.interpretLoop(org.mozilla.javascript.Context, org.mozilla.javascript.Interpreter$CallFrame, java.lang.Object)
06-02 03:34:00.495 12911 12921 I io.ereader.xynk: Compiler allocated 6808KB to compile java.lang.Object org.mozilla.javascript.Interpreter.interpretLoop(org.mozilla.javascript.Context, org.mozilla.javascript.Interpreter$CallFrame, java.lang.Object)
06-02 03:34:00.568 12911 12995 D VBookCrawler: source=vnexpress-Đường đen script=gen.js args=/thoi-su, 1 result=map(keys=data, next, data=list(33))
06-02 03:34:00.802 12911 12995 D VBookCrawler: source=vnexpress-Đường đen script=detail args=https://vnexpress.net/cuu-hai-thieu-nien-ket-o-tang-ba-nha-chay-5080478.html result=map(keys=data, next, data=map(keys=name, cover, description, detail, host, data=null))
06-02 03:34:00.982 12911 12995 D VBookCrawler: source=vnexpress-Đường đen script=toc args=https://vnexpress.net/cuu-hai-thieu-nien-ket-o-tang-ba-nha-chay-5080478.html result=map(keys=data, next, data=list(1))
06-02 03:34:00.993 12911 12922 I io.ereader.xynk: Background concurrent mark compact GC freed 3740KB AllocSpace bytes, 55(3044KB) LOS objects, 49% free, 10169KB/19MB, paused 2.142ms,5.175ms total 69.819ms
06-02 03:34:01.207  1069  1255 D SatelliteController: iisInCarrierRoamingNbIotNtn: satellite is disabled
06-02 03:34:01.207   688  1173 W IPCThreadState: Sending oneway calls to frozen process.
06-02 03:34:01.258 12911 12945 W JobInfo : Requested important-while-foreground flag for job4 is ignored and takes no effect
06-02 03:34:01.259 12911 12945 D WM-SystemJobScheduler: Scheduling work ID be5d27af-f7b1-44ee-8db9-ac4cd6c8c463Job ID 4
06-02 03:34:01.270 12911 12945 D WM-GreedyScheduler: Starting tracking for be5d27af-f7b1-44ee-8db9-ac4cd6c8c463
06-02 03:34:01.282 12911 12911 D WM-SystemJobService: onStartJob for WorkGenerationalId(workSpecId=be5d27af-f7b1-44ee-8db9-ac4cd6c8c463, generation=0)
06-02 03:34:01.292 12911 12944 D WM-ConstraintTracker: NetworkStateTracker24: initial state = NetworkState(isConnected=true, isValidated=true, isMetered=false, isNotRoaming=true)
06-02 03:34:01.292 12911 12944 D WM-NetworkStateTracker: Registering network callback
06-02 03:34:01.294   688  1173 D ConnectivityService: requestNetwork for uid/pid:10225/12911 activeRequest: null callbackRequest: 206 [NetworkRequest [ REQUEST id=207, [ Capabilities: INTERNET&NOT_RESTRICTED&TRUSTED&NOT_VCN_MANAGED&NOT_BANDWIDTH_CONSTRAINED Uid: 10225 RequestorUid: 10225 RequestorPkg: com.aistudio.ereader.xynk UnderlyingNetworks: Null] ]] callback flags: 0 order: 2147483647 isUidTracked: false declaredMethods: AVAIL|LOST|NC
06-02 03:34:01.296   688   842 D WifiNetworkFactory: got request NetworkRequest [ REQUEST id=207, [ Capabilities: INTERNET&NOT_RESTRICTED&TRUSTED&NOT_VCN_MANAGED&NOT_BANDWIDTH_CONSTRAINED Uid: 10225 RequestorUid: 10225 RequestorPkg: com.aistudio.ereader.xynk UnderlyingNetworks: Null] ]
06-02 03:34:01.296   688   848 D ConnectivityService: NetReassign [207 : null → 103] [c 1] [a 1] [i 0]
06-02 03:34:01.296   688   842 D UntrustedWifiNetworkFactory: got request NetworkRequest [ REQUEST id=207, [ Capabilities: INTERNET&NOT_RESTRICTED&TRUSTED&NOT_VCN_MANAGED&NOT_BANDWIDTH_CONSTRAINED Uid: 10225 RequestorUid: 10225 RequestorPkg: com.aistudio.ereader.xynk UnderlyingNetworks: Null] ]
06-02 03:34:01.297   688   842 D OemPaidWifiNetworkFactory: got request NetworkRequest [ REQUEST id=207, [ Capabilities: INTERNET&NOT_RESTRICTED&TRUSTED&NOT_VCN_MANAGED&NOT_BANDWIDTH_CONSTRAINED Uid: 10225 RequestorUid: 10225 RequestorPkg: com.aistudio.ereader.xynk UnderlyingNetworks: Null] ]
06-02 03:34:01.297   688   842 D MultiInternetWifiNetworkFactory: got request NetworkRequest [ REQUEST id=207, [ Capabilities: INTERNET&NOT_RESTRICTED&TRUSTED&NOT_VCN_MANAGED&NOT_BANDWIDTH_CONSTRAINED Uid: 10225 RequestorUid: 10225 RequestorPkg: com.aistudio.ereader.xynk UnderlyingNetworks: Null] ]
06-02 03:34:01.298 12911 12944 D WM-PackageManagerHelper: androidx.work.impl.background.systemalarm.RescheduleReceiver enabled
06-02 03:34:01.301 12911 12965 D WM-NetworkStateTracker: Network capabilities changed: [ Transports: WIFI Capabilities: NOT_METERED&INTERNET&NOT_RESTRICTED&TRUSTED&NOT_VPN&VALIDATED&NOT_ROAMING&FOREGROUND&NOT_CONGESTED&NOT_SUSPENDED&NOT_VCN_MANAGED&NOT_BANDWIDTH_CONSTRAINED LinkUpBandwidth>=12000Kbps LinkDnBandwidth>=30000Kbps TransportInfo: <SSID: <unknown ssid>, BSSID: 02:00:00:00:00:00, MAC: 02:00:00:00:00:00, IP: /10.0.2.16, Security type: 0, Supplicant state: COMPLETED, Wi-Fi standard: legacy, RSSI: -50, Link speed: 11Mbps, Tx Link speed: 11Mbps, Max Supported Tx Link speed: 11Mbps, Rx Link speed: 2Mbps, Max Supported Rx Link speed: 11Mbps, Frequency: 2447MHz, Net ID: -1, Metered hint: false, score: 60, isUsable: true, CarrierMerged: false, SubscriptionId: -1, IsPrimary: -1, Trusted: true, Restricted: false, Ephemeral: false, OEM paid: false, OEM private: false, OSU AP: false, FQDN: <none>, Provider friendly name: <none>, Requesting package name: <none><none>MLO Information: , Is TID-To-Link negotiation supported by the AP: false, AP MLD Address: <none>, AP MLO Link Id: <none>, AP MLO Affiliated links: <none>, Vendor Data: <none>> SignalStrength: -50 UnderlyingNetworks: Null]
06-02 03:34:01.310 12911 12944 D WM-Processor: Processor: processing WorkGenerationalId(workSpecId=be5d27af-f7b1-44ee-8db9-ac4cd6c8c463, generation=0)
06-02 03:34:01.335 12911 12944 D WM-GreedyScheduler: Constraints met: Scheduling work ID WorkGenerationalId(workSpecId=be5d27af-f7b1-44ee-8db9-ac4cd6c8c463, generation=0)
06-02 03:34:01.336 12911 12911 D WM-WorkerWrapper: Starting work for com.example.data.VbookDownloadWorker
06-02 03:34:01.339 12911 12944 D WM-Processor: Work WorkGenerationalId(workSpecId=be5d27af-f7b1-44ee-8db9-ac4cd6c8c463, generation=0) is already enqueued for processing
06-02 03:34:01.349 12911 12944 I WM-Processor: Moving WorkSpec (be5d27af-f7b1-44ee-8db9-ac4cd6c8c463) to the foreground
06-02 03:34:01.358   688  1173 I ActivityManager: Background started FGS: Allowed [callingPackage: com.aistudio.ereader.xynk; callingUid: 10225; uidState: TOP ; uidBFSL: [BFSL]; intent: Intent { act=ACTION_START_FOREGROUND xflg=0x4 cmp=com.aistudio.ereader.xynk/androidx.work.impl.foreground.SystemForegroundService (has extras) }; code:PROC_STATE_TOP; tempAllowListReason:<null>; allowWiu:12; targetSdkVersion:36; callerTargetSdkVersion:36; startForegroundCount:0; bindFromPackage:null: isBindService:false]
06-02 03:34:01.367 12911 12911 I WM-SystemFgDispatcher: Started foreground service Intent { act=ACTION_START_FOREGROUND xflg=0x4 cmp=com.aistudio.ereader.xynk/androidx.work.impl.foreground.SystemForegroundService (has extras) }
06-02 03:34:01.369 12911 12911 D WM-SystemFgDispatcher: Notifying with (id:1124, workSpecId: be5d27af-f7b1-44ee-8db9-ac4cd6c8c463, notificationType :1)
06-02 03:34:01.370   688  1173 I ActivityManager: Background started FGS: Allowed [callingPackage: com.aistudio.ereader.xynk; callingUid: 10225; uidState: TOP ; uidBFSL: [BFSL]; intent: Intent { act=ACTION_START_FOREGROUND cmp=com.aistudio.ereader.xynk/androidx.work.impl.foreground.SystemForegroundService }; code:PROC_STATE_TOP; tempAllowListReason:<null>; allowWiu:12; targetSdkVersion:36; callerTargetSdkVersion:36; startForegroundCount:0; bindFromPackage:null: isBindService:false]
06-02 03:34:01.371   688  1173 W ForegroundServiceTypeLoggerModule: Foreground service start for UID: 10225 does not have any types
06-02 03:34:01.373   688   898 D BackgroundInstallControlService: Package event received: 0
06-02 03:34:01.373 12911 12911 D WM-SystemFgDispatcher: Notifying with (id:1124, workSpecId: be5d27af-f7b1-44ee-8db9-ac4cd6c8c463, notificationType :1)
06-02 03:34:01.381 12911 12945 D WM-WorkProgressUpdater: Updating progress for be5d27af-f7b1-44ee-8db9-ac4cd6c8c463 (Data {totalChapters : 1, downloadedChapters : 1})
06-02 03:34:01.382   688  1173 I ActivityManager: Background started FGS: Allowed [callingPackage: com.aistudio.ereader.xynk; callingUid: 10225; uidState: TOP ; uidBFSL: [BFSL]; intent: Intent { act=ACTION_START_FOREGROUND cmp=com.aistudio.ereader.xynk/androidx.work.impl.foreground.SystemForegroundService }; code:PROC_STATE_TOP; tempAllowListReason:<null>; allowWiu:12; targetSdkVersion:36; callerTargetSdkVersion:36; startForegroundCount:1; bindFromPackage:null: isBindService:false]
06-02 03:34:01.391 12911 12945 I WM-Processor: Moving WorkSpec (be5d27af-f7b1-44ee-8db9-ac4cd6c8c463) to the foreground
06-02 03:34:01.399 12911 12911 D WM-SystemFgDispatcher: Notifying with (id:1124, workSpecId: be5d27af-f7b1-44ee-8db9-ac4cd6c8c463, notificationType :1)
06-02 03:34:01.415 12911 12944 I WM-WorkerWrapper: Worker result SUCCESS for Work [ id=be5d27af-f7b1-44ee-8db9-ac4cd6c8c463, tags={ com.example.data.VbookDownloadWorker } ]
06-02 03:34:01.420 12911 12911 D WM-Processor: Processor be5d27af-f7b1-44ee-8db9-ac4cd6c8c463 executed; reschedule = false
06-02 03:34:01.420 12911 12911 D WM-GreedyScheduler: Stopping tracking for WorkGenerationalId(workSpecId=be5d27af-f7b1-44ee-8db9-ac4cd6c8c463, generation=0)
06-02 03:34:01.421 12911 12911 D WM-SystemJobService: be5d27af-f7b1-44ee-8db9-ac4cd6c8c463 executed on JobScheduler
06-02 03:34:01.422 12911 12911 D WM-SystemFgDispatcher: Removing Notification (id: 1124, workSpecId: WorkGenerationalId(workSpecId=be5d27af-f7b1-44ee-8db9-ac4cd6c8c463, generation=0), notificationType: 1
06-02 03:34:01.425 12911 12944 D WM-PackageManagerHelper: androidx.work.impl.background.systemalarm.RescheduleReceiver disabled
06-02 03:34:01.426 12911 12911 I WM-SystemFgDispatcher: Stopping foreground service
06-02 03:34:01.426 12911 12911 D WM-SystemFgService: Shutting down.
06-02 03:34:01.426   688  1173 D ActivityManager: Stop FGS timeout: ServiceRecord{d802b11 u0 com.aistudio.ereader.xynk/androidx.work.impl.foreground.SystemForegroundService c:com.aistudio.ereader.xynk}
06-02 03:34:01.427   688  1173 W ForegroundServiceTypeLoggerModule: FGS stop call for: 10225 has no types!
06-02 03:34:01.428   688   898 D BackgroundInstallControlService: Package event received: 0
06-02 03:34:01.430 12911 12943 D WM-GreedyScheduler: Cancelling work ID be5d27af-f7b1-44ee-8db9-ac4cd6c8c463
06-02 03:34:01.431   688  1173 W JobScheduler: Job didn't exist in JobStore: 804ca4c {androidx.work.systemjobscheduler} #u0a225/4 @androidx.work.systemjobscheduler@com.aistudio.ereader.xynk/androidx.work.impl.background.systemjob.SystemJobService
06-02 03:34:01.432 12911 12911 D WM-SystemJobService: onStopJob for WorkGenerationalId(workSpecId=be5d27af-f7b1-44ee-8db9-ac4cd6c8c463, generation=0)
06-02 03:34:01.435 12911 12943 D WM-NetworkStateTracker: Unregistering network callback
06-02 03:34:02.300   688   756 I AppsFilter: interaction: PackageSetting{6dc56a4 com.android.microdroid.empty_payload/10196} -> PackageSetting{cd7b476 com.aistudio.ereader.xynk/10225} BLOCKED
06-02 03:34:02.300   688   756 I AppsFilter: interaction: PackageSetting{cc41a28 com.drduc.translator/10217} -> PackageSetting{cd7b476 com.aistudio.ereader.xynk/10225} BLOCKED
06-02 03:34:02.308   688   782 I system_server: AssetManager2(0x7bbe42448578) locale list changing from [] to [en-US]
06-02 03:34:02.310   688   895 D ShortcutService: received package broadcast intent: Intent { act=android.intent.action.PACKAGE_CHANGED dat=package: flg=0x45000010 pkg=android (has extras) }
06-02 03:34:02.310   688   895 D ShortcutService: changing package: com.aistudio.ereader.xynk userId=0
06-02 03:34:02.317  1084  1120 D PackageUpdatedTask: Package updated: mOp=UPDATE packages=[com.aistudio.ereader.xynk], user=UserHandle{0}
06-02 03:34:02.318   688   811 I system_server: AssetManager2(0x7bbe4243f298) locale list changing from [] to [en-US]
06-02 03:34:02.319   688   725 I system_server: AssetManager2(0x7bbe42440eb8) locale list changing from [] to [en-US]
06-02 03:34:02.321   688   811 I system_server: AssetManager2(0x7bbe424446f8) locale list changing from [] to [en-US]
06-02 03:34:02.323   688   811 I system_server: AssetManager2(0x7bbe42449838) locale list changing from [] to [en-US]
06-02 03:34:02.325  1474 12870 I AiAiEcho: AppIndexer Package:[com.aistudio.ereader.xynk] UserProfile:[0] Enabled:[true].
06-02 03:34:02.325  1474 12870 I AiAiEcho: AppFetcherImplV2 updateApps package:[com.aistudio.ereader.xynk], userId:[0], reason:[package is updated.].
06-02 03:34:02.335   688   725 I system_server: AssetManager2(0x7bbe4243ec58) locale list changing from [] to [en-US]
06-02 03:34:02.350   688   924 D ActivityManager: sync unfroze 1374 com.google.android.permissioncontroller for 6
06-02 03:34:02.382   688   811 I system_server: AssetManager2(0x7bbe42446318) locale list changing from [] to [en-US]
06-02 03:34:02.384   688   730 I system_server: AssetManager2(0x7bbe42449e78) locale list changing from [] to [en-US]
06-02 03:34:02.384   688   898 D BackgroundInstallControlService: Package event received: 0
06-02 03:34:02.385   688   898 D BackgroundInstallControlService: Package event received: 0
06-02 03:34:02.394   688   811 V AccessibilityManagerService: onUserStateChangedLocked for userId: 0, forceUpdate: false
06-02 03:34:02.394   688   730 I system_server: AssetManager2(0x7bbe4244ae18) locale list changing from [] to [en-US]
06-02 03:34:02.398   688   730 I system_server: AssetManager2(0x7bbe42448258) locale list changing from [] to [en-US]
06-02 03:34:02.398   688   811 W MagnificationConnectionManager: requestConnection duplicated request: connect=false, mConnectionState=DISCONNECTED
06-02 03:34:02.399   688   688 W IPCThreadState: Sending oneway calls to frozen process.
06-02 03:34:02.400   688   688 W IPCThreadState: Sending oneway calls to frozen process.
06-02 03:34:02.400   688   688 W IPCThreadState: Sending oneway calls to frozen process.
06-02 03:34:02.400   688   688 W IPCThreadState: Sending oneway calls to frozen process.
06-02 03:34:02.400   688   688 W IPCThreadState: Sending oneway calls to frozen process.
06-02 03:34:02.401   688   688 W IPCThreadState: Sending oneway calls to frozen process.
06-02 03:34:02.409  1474  2141 I AiAiEcho: Settings changed for uri: content://settings/secure/accessibility_enabled
06-02 03:34:02.416  1474  1863 I AiAiEcho: Predicting[0]:  [CONTEXT sampling_count=5 ]
06-02 03:34:02.417  1474  1863 I AiAiEcho: EchoTargets: 
06-02 03:34:02.417  1474  1863 I AiAiEcho: Filtered by AiAi flag check: 
06-02 03:34:02.417  1474  1863 I AiAiEcho: [CONTEXT ratelimit_period="10 SECONDS" ]
06-02 03:34:02.420  1474  1863 I AiAiEcho: #remoteViewsTwiddler: feature disabled.
06-02 03:34:02.422  1474  1863 I AiAiEcho: Predicting[0]:  [CONTEXT sampling_count=5 ]
06-02 03:34:02.423  1474  1863 I AiAiEcho: EchoTargets: 
06-02 03:34:02.423  1474  1863 I AiAiEcho: Filtered by AiAi flag check: 
06-02 03:34:02.423  1474  1863 I AiAiEcho: [CONTEXT ratelimit_period="10 SECONDS" ]
06-02 03:34:02.424   688   808 I system_server: AssetManager2(0x7bbe4244a4b8) locale list changing from [] to [en-US]
06-02 03:34:02.426  1474  1863 I AiAiEcho: #remoteViewsTwiddler: feature disabled.
06-02 03:34:02.427  1474  1863 I AiAiEcho: #postPredictionTargets: Sending updates to UISurface home with targets# 0 (types=[])
06-02 03:34:02.429  1474  1863 I AiAiEcho: #postPredictionTargets: Sending updates to UISurface lockscreen with targets# 0 (types=[])
06-02 03:34:02.436   948   948 W PageIndicator: Total number of pages invalid: 0. Assuming 1 page.
06-02 03:34:02.458  1084  1120 W HWUI    : Image decoding logging dropped!
06-02 03:34:02.459  1084  1120 D AlphabeticIndexCompat: computeSectionName: cs: E-Reader sectionName: E
06-02 03:34:02.460  1084  1084 D AllAppsStore: setApps: apps.length=22
06-02 03:34:02.460  1084  1084 D AllAppsStore: notifyUpdate: notifying listeners
06-02 03:34:02.460  1084  1084 D ActivityAllAppsContainerView: onAppsUpdated; number of apps: 22
06-02 03:34:02.460  1084  1084 D ActivityAllAppsContainerView: rebindAdapters: force: false
06-02 03:34:02.460  1084  1084 D ActivityAllAppsContainerView: rebindAdapters: Not needed.
06-02 03:34:02.460  1084  1084 D StatsLog: LAUNCHER_ALLAPPS_COUNT
06-02 03:34:02.460  1084  1084 D AlphabeticalAppsList: Clearing FastScrollerSections.
06-02 03:34:02.460  1084  1084 D AlphabeticalAppsList: Adding apps with sections. HasPrivateApps: false
06-02 03:34:02.460  1084  1084 D AlphabeticalAppsList: addAppsWithSections: adding sectionName: C with appInfoTitle: Calendar
06-02 03:34:02.460  1084  1084 D AlphabeticalAppsList: addAppsWithSections: adding sectionName: D with appInfoTitle: DrDuc Translator
