06-02 03:37:38.833  1084  1084 D StateManager: 	at com.android.quickstep.AbsSwipeUpHandler.W(go/retraceme 72a59688580715d19f0e415c69e80376c2f062d1648c80db6730905005a27c20:1)
06-02 03:37:38.834  1084  1084 D RecentsView: applyLoadPlan - taskGroups: [type=SINGLE task=[id=125 windowingMode=0 user=0 lastActiveTime=37993] null, type=SINGLE task=[id=135 windowingMode=0 user=0 lastActiveTime=37994] null, type=SINGLE task=[id=174 windowingMode=1 user=0 lastActiveTime=18577375] null]
06-02 03:37:38.844   688   898 D BackgroundInstallControlService: Package event received: 0
06-02 03:37:38.851   560   560 I BpBinder: onLastStrongRef automatically unlinking death recipients: 
06-02 03:37:38.856   560   579 I BpBinder: onLastStrongRef automatically unlinking death recipients: 
06-02 03:37:38.862  1084  1084 D ViewRootImpl: Skipping stats log for color mode
06-02 03:37:38.864  1084  1084 D StatsLog: LAUNCHER_ONRESUME
06-02 03:37:38.873   948   991 V ShellRecents: [16939388] RecentsController.setTransition: id=android.os.BinderProxy@a92686f
06-02 03:37:38.873  1084  1084 D NexusLauncherModelDelegate: notifySmartspaceEvent: SmartspaceTargetEvent{mSmartspaceTarget=null, mSmartspaceActionId='null', mEventType=6}
06-02 03:37:38.874   948   991 D WindowManagerShell: setLauncherKeepClearAreaHeight: visible=true, height=527
06-02 03:37:38.879  1084  1084 D BaseDepthController: setSurface:
06-02 03:37:38.879  1084  1084 D BaseDepthController: 	mWaitingOnSurfaceValidity: false
06-02 03:37:38.879  1084  1084 D BaseDepthController: 	mBaseSurface: Surface(name=com.google.android.apps.nexuslauncher/com.google.android.apps.nexuslauncher.NexusLauncherActivity)/@0xa18fcc1
06-02 03:37:38.882   688   898 D BackgroundInstallControlService: Package event received: 0
06-02 03:37:38.882   688   898 D BackgroundInstallControlService: Package event received: 0
06-02 03:37:38.888  1084  1120 D QuickstepModelDelegate: notifyAppTargetEvent action=1 launchLocation=workspace/0/[-1,-1]/[1,1]
06-02 03:37:38.908  1474  1863 I AiAiEcho: Predicting[0]:  [CONTEXT sampling_count=5 ]
06-02 03:37:38.909  1474  1863 I AiAiEcho: EchoTargets: 
06-02 03:37:38.909  1474  1863 I AiAiEcho: Filtered by AiAi flag check: 
06-02 03:37:38.909  1474  1863 I AiAiEcho: [CONTEXT ratelimit_period="10 SECONDS" ]
06-02 03:37:38.919  1474  1863 I AiAiEcho: #remoteViewsTwiddler: feature disabled.
06-02 03:37:38.920  1474  1863 I AiAiEcho: #postPredictionTargets: Sending updates to UISurface home with targets# 0 (types=[])
06-02 03:37:38.971  1084  1084 I NotificationListener: Handling notification state refresh for android#0
06-02 03:37:38.972  1084  1084 D SsBaseTemplateCard: No text view can be set up
06-02 03:37:38.972  1084  1084 D SsBaseTemplateCard: Passed-in item info is null
06-02 03:37:38.972  1084  1084 D SsBaseTemplateCard: Passed-in item info is null
06-02 03:37:38.972  1084  1084 D SsBaseTemplateCard: Passed-in item info is null
06-02 03:37:38.972  1084  1084 I SsBaseTemplateCard: Secondary card pane is null
06-02 03:37:38.980   948  1121 V WindowManagerShell: onTransitionReady(transaction=2954937501773)
06-02 03:37:38.981   948   991 V WindowManagerShell: onTransitionReady (#33) android.os.BinderProxy@a92686f: {id=33 t=TO_FRONT f=0x80 trk=0 r=[0@Point(0, 0)] c=[
06-02 03:37:38.981   948   991 V WindowManagerShell:         {m=TO_FRONT f=SHOW_WALLPAPER|MOVE_TO_TOP leash=Surface(name=Task=1)/@0xf9b205 sb=Rect(0, 0 - 1080, 2400) eb=Rect(0, 0 - 1080, 2400) epz=Point(1080, 2400) d=0 taskParent=-1},
06-02 03:37:38.981   948   991 V WindowManagerShell:         {m=TO_BACK f=NONE leash=Surface(name=Task=174)/@0x36c825a sb=Rect(0, 0 - 1080, 2400) eb=Rect(0, 0 - 1080, 2400) epz=Point(1080, 2400) d=0 taskParent=-1},
06-02 03:37:38.981   948   991 V WindowManagerShell:         {m=TO_FRONT f=IS_WALLPAPER leash=Surface(name=WallpaperWindowToken{26bd32e showWhenLocked=false})/@0x871c8b sb=Rect(0, 0 - 1080, 2400) eb=Rect(0, 0 - 1080, 2400) epz=Point(1080, 2400) d=0}
06-02 03:37:38.981   948   991 V WindowManagerShell:     ]}
06-02 03:37:38.982   948   991 V WindowManagerShell: Playing animation for (#33) android.os.BinderProxy@a92686f@0
06-02 03:37:38.982   948   991 V WindowManagerShell:  try firstHandler com.android.wm.shell.recents.RecentsTransitionHandler@84fbf4e
06-02 03:37:38.982   948   991 V ShellRecents: [16939388] RecentsController.start
06-02 03:37:38.991   948   991 V ShellRecents:   not handling home taskId=1
06-02 03:37:38.993   948   991 V ShellRecents:   adding pausing leaf taskId=174 at layer=8
06-02 03:37:38.994   948   991 V ShellRecents: Applying transaction=2954937501773
06-02 03:37:38.995   948   991 V ShellRecents: No matching remote found to takeover (#33)
06-02 03:37:38.996   688   725 W IPCThreadState: Sending oneway calls to frozen process.
06-02 03:37:38.996   948   991 V ShellSplitScreen: getSplitBoundsForTaskId: expected split bounds for taskId=174 but not found
06-02 03:37:38.996   948   991 V ShellRecents: [16939388] RecentsController.start: calling onAnimationStart with 2 apps
06-02 03:37:38.999   688   725 W IPCThreadState: Sending oneway calls to frozen process.
06-02 03:37:38.999   688   725 W IPCThreadState: Sending oneway calls to frozen process.
06-02 03:37:39.000   688   898 D BackgroundInstallControlService: Package event received: 0
06-02 03:37:39.001   948   991 V WindowManagerShell:  animated by firstHandler
06-02 03:37:39.002   688   898 D BackgroundInstallControlService: Package event received: 0
06-02 03:37:39.004   688   898 D BackgroundInstallControlService: Package event received: 0
06-02 03:37:39.005   688   725 W IPCThreadState: Sending oneway calls to frozen process.
06-02 03:37:39.009   688   725 W IPCThreadState: Sending oneway calls to frozen process.
06-02 03:37:39.010   688   725 W IPCThreadState: Sending oneway calls to frozen process.
06-02 03:37:39.010   688   725 W IPCThreadState: Sending oneway calls to frozen process.
06-02 03:37:39.010   688   725 W IPCThreadState: Sending oneway calls to frozen process.
06-02 03:37:39.012   688   725 W IPCThreadState: Sending oneway calls to frozen process.
06-02 03:37:39.012   688   725 W IPCThreadState: Sending oneway calls to frozen process.
06-02 03:37:39.012   688   725 W IPCThreadState: Sending oneway calls to frozen process.
06-02 03:37:39.012  1084  1084 D OtherActivityInputConsumer: FinishImmediatelyHandler: queuing callback
06-02 03:37:39.013   688   725 W IPCThreadState: Sending oneway calls to frozen process.
06-02 03:37:39.013   688   725 W IPCThreadState: Sending oneway calls to frozen process.
06-02 03:37:39.013  1084  1084 D OtherActivityInputConsumer: FinishImmediatelyHandler: running callback
06-02 03:37:39.013   688   725 W IPCThreadState: Sending oneway calls to frozen process.
06-02 03:37:39.014   688   725 W IPCThreadState: Sending oneway calls to frozen process.
06-02 03:37:39.014   688   725 W IPCThreadState: Sending oneway calls to frozen process.
06-02 03:37:39.014   688   725 W IPCThreadState: Sending oneway calls to frozen process.
06-02 03:37:39.014   688   725 W IPCThreadState: Sending oneway calls to frozen process.
06-02 03:37:39.016   688   722 V WindowManager: Sent Transition (#33) createdAt=06-02 03:37:38.831
06-02 03:37:39.016   688   725 W IPCThreadState: Sending oneway calls to frozen process.
06-02 03:37:39.017   688   722 V WindowManager:     startWCT=WindowContainerTransaction { changes= {} hops= [{pendingIntent: options=Bundle[{android.activity.splashScreenStyle=-1, android.activity.sourceInfo=android.app.ActivityOptions$SourceInfo@58e58fb, android.pendingIntent.backgroundActivityAllowed=3, android:activity.animAbortListener=null, android.activity.transientLaunch=true}]}] errorCallbackToken=null taskFragmentOrganizer=null }
06-02 03:37:39.017   688   722 V WindowManager:     info={id=33 t=TO_FRONT f=0x80 trk=0 r=[0@Point(0, 0)] c=[
06-02 03:37:39.017   688   722 V WindowManager:         {WCT{RemoteToken{5bab9fa Task{d96d4d8 #1 type=home}}} m=TO_FRONT f=SHOW_WALLPAPER|MOVE_TO_TOP leash=Surface(name=Task=1)/@0x2527a97 sb=Rect(0, 0 - 1080, 2400) eb=Rect(0, 0 - 1080, 2400) epz=Point(1080, 2400) d=0 taskParent=-1},
06-02 03:37:39.017   688   722 V WindowManager:         {WCT{RemoteToken{3047046 Task{11fb1fe #174 type=standard A=10225:com.aistudio.ereader.xynk}}} m=TO_BACK f=NONE leash=Surface(name=Task=174)/@0x5d58288 sb=Rect(0, 0 - 1080, 2400) eb=Rect(0, 0 - 1080, 2400) epz=Point(1080, 2400) d=0 taskParent=-1},
06-02 03:37:39.017   688   722 V WindowManager:         {m=TO_FRONT f=IS_WALLPAPER leash=Surface(name=WallpaperWindowToken{26bd32e showWhenLocked=false})/@0x6a9a116 sb=Rect(0, 0 - 1080, 2400) eb=Rect(0, 0 - 1080, 2400) epz=Point(1080, 2400) d=0}
06-02 03:37:39.017   688   722 V WindowManager:     ]}
06-02 03:37:39.018   948   991 V ShellRecents: [16939388] RecentsController.finishInner: toHome=false userLeave=false willFinishToHome=false state=0 hasPausingTasks=true reason=requested
06-02 03:37:39.018   948   991 V ShellRecents:   returning to app
06-02 03:37:39.019   948   991 V ShellRecents: [16939388] RecentsController.finishInner: Completing finish
06-02 03:37:39.019   948   991 V ShellRecents: [16939388] RecentsController.cleanup
06-02 03:37:39.020   688   725 W IPCThreadState: Sending oneway calls to frozen process.
06-02 03:37:39.021   688   725 W IPCThreadState: Sending oneway calls to frozen process.
06-02 03:37:39.021   688   725 W IPCThreadState: Sending oneway calls to frozen process.
06-02 03:37:39.021   688   725 W IPCThreadState: Sending oneway calls to frozen process.
06-02 03:37:39.021   948   991 V WindowManagerShell: Transition animation finished (aborted=false), notifying core (#33) android.os.BinderProxy@a92686f@0
06-02 03:37:39.023   688   898 D BackgroundInstallControlService: Package event received: 0
06-02 03:37:39.028   688   725 W IPCThreadState: Sending oneway calls to frozen process.
06-02 03:37:39.030   688   725 W IPCThreadState: Sending oneway calls to frozen process.
06-02 03:37:39.031   688   725 W IPCThreadState: Sending oneway calls to frozen process.
06-02 03:37:39.032   688   725 W IPCThreadState: Sending oneway calls to frozen process.
06-02 03:37:39.032   688   725 W IPCThreadState: Sending oneway calls to frozen process.
06-02 03:37:39.032   688   725 W IPCThreadState: Sending oneway calls to frozen process.
06-02 03:37:39.032   688   725 W IPCThreadState: Sending oneway calls to frozen process.
06-02 03:37:39.033   688   725 W IPCThreadState: Sending oneway calls to frozen process.
06-02 03:37:39.033   688   725 W IPCThreadState: Sending oneway calls to frozen process.
06-02 03:37:39.033   688   725 W IPCThreadState: Sending oneway calls to frozen process.
06-02 03:37:39.033   688   725 W IPCThreadState: Sending oneway calls to frozen process.
06-02 03:37:39.034   688   725 W IPCThreadState: Sending oneway calls to frozen process.
06-02 03:37:39.034   688   725 W IPCThreadState: Sending oneway calls to frozen process.
06-02 03:37:39.035   688   725 W IPCThreadState: Sending oneway calls to frozen process.
06-02 03:37:39.035   688   725 W IPCThreadState: Sending oneway calls to frozen process.
06-02 03:37:39.035   688   725 W IPCThreadState: Sending oneway calls to frozen process.
06-02 03:37:39.036   688   725 W IPCThreadState: Sending oneway calls to frozen process.
06-02 03:37:39.036   688   725 W IPCThreadState: Sending oneway calls to frozen process.
06-02 03:37:39.037   688   722 V WindowManager: Finish Transition (#33): created at 06-02 03:37:38.831 collect-started=1.878ms started=2.573ms ready=33.037ms sent=147.628ms commit=28.033ms finished=203.646ms
06-02 03:37:39.037   688   725 W IPCThreadState: Sending oneway calls to frozen process.
06-02 03:37:39.037   688   725 W IPCThreadState: Sending oneway calls to frozen process.
06-02 03:37:39.038   688   725 W IPCThreadState: Sending oneway calls to frozen process.
06-02 03:37:39.038   688   725 W IPCThreadState: Sending oneway calls to frozen process.
06-02 03:37:39.038   688   725 W IPCThreadState: Sending oneway calls to frozen process.
06-02 03:37:39.039   688   725 W IPCThreadState: Sending oneway calls to frozen process.
06-02 03:37:39.039   688   725 W IPCThreadState: Sending oneway calls to frozen process.
06-02 03:37:39.039   688   725 W IPCThreadState: Sending oneway calls to frozen process.
06-02 03:37:39.040   688   725 W IPCThreadState: Sending oneway calls to frozen process.
06-02 03:37:39.040   688   725 W IPCThreadState: Sending oneway calls to frozen process.
06-02 03:37:39.041   688   898 D BackgroundInstallControlService: Package event received: 0
06-02 03:37:39.042   688   898 D BackgroundInstallControlService: Package event received: 0
06-02 03:37:39.042   688   898 D BackgroundInstallControlService: Package event received: 0
06-02 03:37:39.043   688   898 D BackgroundInstallControlService: Package event received: 0
06-02 03:37:39.043   948   991 V WindowManagerShell: Track 0 became idle
06-02 03:37:39.043   948   991 V WindowManagerShell: All active transition animations finished
06-02 03:37:39.045   948   991 V ShellRecents: [16939388] RecentsController.finishInner: calling finish callback
06-02 03:37:39.048   688   725 I ActivityManager: updateOomAdj start time is before than pendingPid added, don't delete it
06-02 03:37:39.048   688   725 W ProcessStats: Tracking association SourceState{191f34e system/1000 BFgs #5147} whose proc state 4 is better than process ProcessState{ee42f1a com.google.android.tts/10152 pkg=com.google.android.tts} proc state 14 (0 skipped)
06-02 03:37:39.056  1084  1084 W SplitSelectStateCtor: Missing session instanceIds
06-02 03:37:39.057  1084  1084 D StatsLog: LAUNCHER_SPLIT_SELECTION_EXIT_INTERRUPTED
06-02 03:37:39.058   948   991 D WindowManagerShell: setLauncherKeepClearAreaHeight: visible=false, height=527
06-02 03:37:39.074  1084  1084 D VRI[NexusLauncherActivity]: visibilityChanged oldVisibility=true newVisibility=false
06-02 03:37:39.075   688   898 D BackgroundInstallControlService: Package event received: 0
06-02 03:37:39.076  1084  1084 D NexusLauncherModelDelegate: notifySmartspaceEvent: SmartspaceTargetEvent{mSmartspaceTarget=null, mSmartspaceActionId='null', mEventType=7}
06-02 03:37:39.116  1084  1084 D BaseDepthController: setSurface:
06-02 03:37:39.116  1084  1084 D BaseDepthController: 	mWaitingOnSurfaceValidity: false
06-02 03:37:39.116  1084  1084 D BaseDepthController: 	mBaseSurface: null
06-02 03:37:39.121  1084  1084 D BaseDepthController: mSurface is null and mCurrentBlur is: 0
06-02 03:37:39.123  1084  1084 D StateManager: goToState - fromState: Normal, toState: Normal, partial trace:
06-02 03:37:39.123  1084  1084 D StateManager: 	at com.android.launcher3.statemanager.StateManager.moveToRestState(go/retraceme 72a59688580715d19f0e415c69e80376c2f062d1648c80db6730905005a27c20:4)
06-02 03:37:39.123  1084  1084 D StateManager: 	at com.android.launcher3.statemanager.StateManager.moveToRestState(go/retraceme 72a59688580715d19f0e415c69e80376c2f062d1648c80db6730905005a27c20:1)
06-02 03:37:39.123  1084  1084 D StateManager: 	at com.android.launcher3.statemanager.StatefulActivity.onStop(go/retraceme 72a59688580715d19f0e415c69e80376c2f062d1648c80db6730905005a27c20:34)
06-02 03:37:39.124  1084  1084 D StatsLog: LAUNCHER_ONSTOP
06-02 03:37:39.129  1084  1084 D StatsLog: LAUNCHER_GOOGLE_SEARCH_RESTORE_LIST_SIZE_AFTER_ACTIVITY_RESTART
06-02 03:37:39.132   688   898 D BackgroundInstallControlService: Package event received: 0
06-02 03:37:39.359 12911 12957 D VBookCrawler: source=Truyện Full-vBook script=chap args=https://truyenfull.today/chu-thien-ta-chi-co-the-tu-luyen-ma-cong/chuong-3/ result=map(keys=data, next, data=String)
06-02 03:37:41.359  1069  1255 D SatelliteController: iisInCarrierRoamingNbIotNtn: satellite is disabled
06-02 03:37:41.360   688   715 W IPCThreadState: Sending oneway calls to frozen process.
06-02 03:37:41.916 13247 13247 D AndroidRuntime: >>>>>> START com.android.internal.os.RuntimeInit uid 2000 <<<<<<
06-02 03:37:41.925 13247 13247 I AndroidRuntime: Using default boot image
06-02 03:37:41.925 13247 13247 I AndroidRuntime: Leaving lock profiling enabled
06-02 03:37:41.928 13247 13247 I app_process: Using CollectorTypeCMC GC.
06-02 03:37:42.019 13247 13247 D nativeloader: InitDefaultPublicLibraries for_preload=1: libandroid.so:libaaudio.so:libamidi.so:libbinder_ndk.so:libc.so:libcamera2ndk.so:libdl.so:libEGL.so:libGLESv1_CM.so:libGLESv2.so:libGLESv3.so:libicu.so:libicui18n.so:libicuuc.so:libjnigraphics.so:liblog.so:libmediandk.so:libm.so:libnativehelper.so:libnativewindow.so:libOpenMAXAL.so:libOpenSLES.so:libRS.so:libstdc++.so:libsync.so:libvulkan.so:libwebviewchromium_plat_support.so:libz.so
06-02 03:37:42.033 13247 13247 D nativeloader: Load libicu_jni.so using APEX ns com_android_art for caller /apex/com.android.art/javalib/core-oj.jar: ok
06-02 03:37:42.034 13247 13247 D app_process: u_setTimeZoneFilesDirectory("/apex/com.android.tzdata/etc/tz/versioned/9/icu") succeeded. 
06-02 03:37:42.035 13247 13247 D app_process: I18n APEX ICU file found: /apex/com.android.i18n/etc/icu/icudt76l.dat
06-02 03:37:42.036 13247 13247 D nativeloader: Load libjavacore.so using APEX ns com_android_art for caller /apex/com.android.art/javalib/core-oj.jar: ok
06-02 03:37:42.037 13247 13247 D nativeloader: Load libopenjdk.so using APEX ns com_android_art for caller /apex/com.android.art/javalib/core-oj.jar: ok
06-02 03:37:42.039 13247 13247 W app_process: Unexpected CPU variant for x86: x86_64.
06-02 03:37:42.039 13247 13247 W app_process: Known variants: atom, sandybridge, silvermont, goldmont, goldmont-plus, goldmont-without-sha-xsaves, tremont, kabylake, alderlake, default
06-02 03:37:42.040   688  1531 E TaskPersister: File error accessing recents directory (directory doesn't exist?).
06-02 03:37:42.041 13247 13247 W app_process: ClassLoaderContext shared library size mismatch. Expected=2, found=0 (PCL[]{PCL[/system/framework/android.test.base.jar*2789897741]#PCL[/system/framework/android.test.mock.jar*3361312393]} | PCL[])
06-02 03:37:42.043 13247 13247 W app_process: ClassLoaderContext classpath size mismatch. expected=0, found=1 (PCL[]{PCL[/system/framework/android.test.runner.jar*895143020]#PCL[/system/framework/android.test.base.jar*2789897741]} | PCL[/system/framework/android.test.runner.jar*895143020])
06-02 03:37:42.064 13247 13247 D nativeloader: Load libframework-connectivity-tiramisu-jni.so using APEX ns com_android_tethering for caller /apex/com.android.tethering/javalib/framework-connectivity-t.jar: ok
06-02 03:37:42.065 13247 13247 D AndroidRuntime: Calling main entry com.android.commands.uiautomator.Launcher
06-02 03:37:42.070 13247 13247 I AconfigPackage: android.media.swcodec.flags is mapped to com.android.media.swcodec
06-02 03:37:42.071 13247 13247 I AconfigPackage: com.google.android.settings.simplemode.flags is mapped to system_ext
06-02 03:37:42.071 13247 13247 I AconfigPackage: com.google.android.systemui is mapped to system_ext
06-02 03:37:42.071 13247 13247 I AconfigPackage: com.google.android.apps.nexuslauncher is mapped to system_ext
06-02 03:37:42.071 13247 13247 I AconfigPackage: com.android.settings.accessibility is mapped to system_ext
06-02 03:37:42.071 13247 13247 I AconfigPackage: com.android.settings.flags is mapped to system_ext
06-02 03:37:42.071 13247 13247 I AconfigPackage: com.google.android.apps.miphone.aiai.matchmaker.overview.ui is mapped to system_ext
06-02 03:37:42.071 13247 13247 I AconfigPackage: com.google.android.settings.flags is mapped to system_ext
06-02 03:37:42.071 13247 13247 I AconfigPackage: com.android.launcher3 is mapped to system_ext
06-02 03:37:42.071 13247 13247 I AconfigPackage: com.android.wallpaper is mapped to system_ext
06-02 03:37:42.071 13247 13247 I AconfigPackage: com.android.settings.media_drm is mapped to system_ext
06-02 03:37:42.071 13247 13247 I AconfigPackage: com.android.systemui.accessibility.accessibilitymenu is mapped to system_ext
06-02 03:37:42.071 13247 13247 I AconfigPackage: com.android.settings.keyboard is mapped to system_ext
06-02 03:37:42.071 13247 13247 I AconfigPackage: com.android.server.policy.feature.flags is mapped to system_ext
06-02 03:37:42.071 13247 13247 I AconfigPackage: com.android.settings.factory_reset is mapped to system_ext
06-02 03:37:42.071 13247 13247 I AconfigPackage: com.google.android.haptics.flags is mapped to system_ext
06-02 03:37:42.071 13247 13247 I AconfigPackage: com.android.permission.flags is mapped to com.android.permission
06-02 03:37:42.071 13247 13247 I AconfigPackage: com.android.icu is mapped to com.android.i18n
06-02 03:37:42.072 13247 13247 I AconfigPackage: com.android.appsearch.flags is mapped to com.android.appsearch
06-02 03:37:42.072 13247 13247 I AconfigPackage: android.uprobestats.mainline.flags is mapped to com.android.uprobestats
06-02 03:37:42.072 13247 13247 I AconfigPackage: android.provider.flags is mapped to com.android.configinfrastructure
06-02 03:37:42.072 13247 13247 I AconfigPackage: com.android.server.deviceconfig is mapped to com.android.configinfrastructure
06-02 03:37:42.074 13247 13247 I AconfigPackage: com.android.nfc.flags is mapped to system
06-02 03:37:42.074 13247 13247 I AconfigPackage: android.app.admin.flags is mapped to system
06-02 03:37:42.075 13247 13247 I AconfigPackage: android.database.sqlite is mapped to system
06-02 03:37:42.075 13247 13247 I AconfigPackage: com.android.providers.calendar is mapped to system
06-02 03:37:42.075 13247 13247 I AconfigPackage: com.android.server.power.feature.flags is mapped to system
06-02 03:37:42.075 13247 13247 I AconfigPackage: com.android.media.performance.flags is mapped to system
06-02 03:37:42.075 13247 13247 I AconfigPackage: android.app.contextualsearch.flags is mapped to system
06-02 03:37:42.075 13247 13247 I AconfigPackage: android.app.ondeviceintelligence.flags is mapped to system
06-02 03:37:42.075 13247 13247 I AconfigPackage: com.android.media.projection.flags is mapped to system
06-02 03:37:42.075 13247 13247 I AconfigPackage: android.companion is mapped to system
06-02 03:37:42.075 13247 13247 I AconfigPackage: android.service.controls.flags is mapped to system
06-02 03:37:42.075 13247 13247 I AconfigPackage: com.android.text.flags is mapped to system
06-02 03:37:42.075 13247 13247 I AconfigPackage: com.android.providers.contactkeys.flags is mapped to system
06-02 03:37:42.075 13247 13247 I AconfigPackage: com.android.intentresolver is mapped to system
06-02 03:37:42.075 13247 13247 I AconfigPackage: android.companion.virtualdevice.flags is mapped to system
06-02 03:37:42.075 13247 13247 I AconfigPackage: android.uprobestats.flags is mapped to system
06-02 03:37:42.075 13247 13247 I AconfigPackage: com.android.net.thread.platform.flags is mapped to system
06-02 03:37:42.075 13247 13247 I AconfigPackage: android.view.contentprotection.flags is mapped to system
06-02 03:37:42.075 13247 13247 I AconfigPackage: com.android.server.dreams is mapped to system
06-02 03:37:42.075 13247 13247 I AconfigPackage: com.android.graphics.surfaceflinger.flags is mapped to system
06-02 03:37:42.075 13247 13247 I AconfigPackage: com.android.hardware.input is mapped to system
06-02 03:37:42.075 13247 13247 I AconfigPackage: android.sdk is mapped to system
06-02 03:37:42.075 13247 13247 I AconfigPackage: com.android.input.flags is mapped to system
06-02 03:37:42.075 13247 13247 I AconfigPackage: android.tracing is mapped to system
06-02 03:37:42.075 13247 13247 I AconfigPackage: com.android.server.biometrics is mapped to system
06-02 03:37:42.075 13247 13247 I AconfigPackage: android.view.contentcapture.flags is mapped to system
06-02 03:37:42.075 13247 13247 I AconfigPackage: android.app.job is mapped to system
06-02 03:37:42.075 13247 13247 I AconfigPackage: android.content.res is mapped to system
06-02 03:37:42.075 13247 13247 I AconfigPackage: android.net.platform.flags is mapped to system
06-02 03:37:42.075 13247 13247 I AconfigPackage: com.android.aconfig.flags is mapped to system
06-02 03:37:42.075 13247 13247 I AconfigPackage: com.android.graphics.flags is mapped to system
06-02 03:37:42.075 13247 13247 I AconfigPackage: android.server.app is mapped to system
06-02 03:37:42.075 13247 13247 I AconfigPackage: android.speech.flags is mapped to system
06-02 03:37:42.075 13247 13247 I AconfigPackage: com.android.server.stats is mapped to system
06-02 03:37:42.075 13247 13247 I AconfigPackage: android.hardware.biometrics is mapped to system
06-02 03:37:42.075 13247 13247 I AconfigPackage: android.car.feature is mapped to system
06-02 03:37:42.075 13247 13247 I AconfigPackage: android.adpf is mapped to system
06-02 03:37:42.075 13247 13247 I AconfigPackage: android.location.flags is mapped to system
06-02 03:37:42.075 13247 13247 I AconfigPackage: com.android.settingslib.flags is mapped to system
06-02 03:37:42.075 13247 13247 I AconfigPackage: com.android.managedprovisioning.flags is mapped to system
06-02 03:37:42.075 13247 13247 I AconfigPackage: android.app.assist.flags is mapped to system
06-02 03:37:42.075 13247 13247 I AconfigPackage: com.android.server.net is mapped to system
06-02 03:37:42.075 13247 13247 I AconfigPackage: com.android.settingslib.widget.flags is mapped to system
06-02 03:37:42.075 13247 13247 I AconfigPackage: com.android.internal.camera.flags is mapped to system
06-02 03:37:42.075 13247 13247 I AconfigPackage: com.android.hardware.libsensor.flags is mapped to system
06-02 03:37:42.075 13247 13247 I AconfigPackage: com.android.internal.jank is mapped to system
06-02 03:37:42.075 13247 13247 I AconfigPackage: com.android.providers.settings is mapped to system
06-02 03:37:42.075 13247 13247 I AconfigPackage: android.multiuser is mapped to system
06-02 03:37:42.075 13247 13247 I AconfigPackage: com.android.server.power.optimization is mapped to system
06-02 03:37:42.075 13247 13247 I AconfigPackage: com.android.calllogbackup is mapped to system
06-02 03:37:42.075 13247 13247 I AconfigPackage: com.android.media.flags is mapped to system
06-02 03:37:42.075 13247 13247 I AconfigPackage: com.android.server.flags is mapped to system
06-02 03:37:42.075 13247 13247 I AconfigPackage: com.android.graphics.libvulkan.flags is mapped to system
06-02 03:37:42.075 13247 13247 I AconfigPackage: android.app.appfunctions.flags is mapped to system
06-02 03:37:42.075 13247 13247 I AconfigPackage: android.app.smartspace.flags is mapped to system
06-02 03:37:42.075 13247 13247 I AconfigPackage: com.android.providers.contacts.flags is mapped to system
06-02 03:37:42.075 13247 13247 I AconfigPackage: com.android.shell.flags is mapped to system
06-02 03:37:42.075 13247 13247 I AconfigPackage: com.android.media.aaudio is mapped to system
06-02 03:37:42.075 13247 13247 I AconfigPackage: android.hardware.radio is mapped to system
06-02 03:37:42.075 13247 13247 I AconfigPackage: com.google.wear.services.infra.flags is mapped to system
06-02 03:37:42.075 13247 13247 I AconfigPackage: suspend_service.flags is mapped to system
06-02 03:37:42.075 13247 13247 I AconfigPackage: android.media.midi is mapped to system
06-02 03:37:42.075 13247 13247 I AconfigPackage: com.android.libcore.readonly is mapped to system
06-02 03:37:42.075 13247 13247 I AconfigPackage: com.android.settingslib.widget.selectorwithwidgetpreference.flags is mapped to system
06-02 03:37:42.075 13247 13247 I AconfigPackage: android.service.notification is mapped to system
06-02 03:37:42.075 13247 13247 I AconfigPackage: com.android.systemui.shared is mapped to system
06-02 03:37:42.075 13247 13247 I AconfigPackage: android.app.jank is mapped to system
06-02 03:37:42.075 13247 13247 I AconfigPackage: android.app.wearable is mapped to system
06-02 03:37:42.076 13247 13247 I AconfigPackage: com.android.media.audio is mapped to system
06-02 03:37:42.076 13247 13247 I AconfigPackage: android.service.chooser is mapped to system
06-02 03:37:42.076 13247 13247 I AconfigPackage: com.android.server.compat is mapped to system
06-02 03:37:42.076 13247 13247 I AconfigPackage: com.android.server.alarm is mapped to system
06-02 03:37:42.076 13247 13247 I AconfigPackage: com.android.apex.flags is mapped to system
06-02 03:37:42.076 13247 13247 I AconfigPackage: android.service.quickaccesswallet is mapped to system
06-02 03:37:42.076 13247 13247 I AconfigPackage: android.app.usage is mapped to system
06-02 03:37:42.076 13247 13247 I AconfigPackage: com.android.server.accessibility is mapped to system
06-02 03:37:42.076 13247 13247 I AconfigPackage: android.app.supervision.flags is mapped to system
06-02 03:37:42.076 13247 13247 I AconfigPackage: com.android.server.utils is mapped to system
06-02 03:37:42.076 13247 13247 I AconfigPackage: android.chre.flags is mapped to system
06-02 03:37:42.076 13247 13247 I AconfigPackage: android.content.flags is mapped to system
06-02 03:37:42.076 13247 13247 I AconfigPackage: android.media.codec is mapped to system
06-02 03:37:42.076 13247 13247 I AconfigPackage: com.android.internal.os is mapped to system
06-02 03:37:42.076 13247 13247 I AconfigPackage: com.android.nfc.nci.flags is mapped to system
06-02 03:37:42.076 13247 13247 I AconfigPackage: android.app is mapped to system
06-02 03:37:42.076 13247 13247 I AconfigPackage: android.security.keystore2 is mapped to system
06-02 03:37:42.076 13247 13247 I AconfigPackage: android.crashrecovery.flags is mapped to system
06-02 03:37:42.076 13247 13247 I AconfigPackage: com.android.tradeinmode.flags is mapped to system
06-02 03:37:42.076 13247 13247 I AconfigPackage: android.hardware.flags is mapped to system
06-02 03:37:42.076 13247 13247 I AconfigPackage: com.android.server.telecom.flags is mapped to system
06-02 03:37:42.076 13247 13247 I AconfigPackage: com.android.settingslib.media.flags is mapped to system
06-02 03:37:42.076 13247 13247 I AconfigPackage: com.android.server.policy is mapped to system
06-02 03:37:42.076 13247 13247 I AconfigPackage: android.media.audiopolicy is mapped to system
06-02 03:37:42.076 13247 13247 I AconfigPackage: com.android.egg.flags is mapped to system
06-02 03:37:42.076 13247 13247 I AconfigPackage: com.android.internal.compat.flags is mapped to system
06-02 03:37:42.076 13247 13247 I AconfigPackage: android.security is mapped to system
06-02 03:37:42.076 13247 13247 I AconfigPackage: android.service.autofill is mapped to system
06-02 03:37:42.076 13247 13247 I AconfigPackage: com.example.android.aconfig.demo.flags is mapped to system
06-02 03:37:42.076 13247 13247 I AconfigPackage: android.view.flags is mapped to system
06-02 03:37:42.076 13247 13247 I AconfigPackage: android.companion.virtual.flags is mapped to system
06-02 03:37:42.076 13247 13247 I AconfigPackage: com.android.aconfig_new_storage is mapped to system
06-02 03:37:42.076 13247 13247 I AconfigPackage: com.android.server.feature.flags is mapped to system
06-02 03:37:42.076 13247 13247 I AconfigPackage: com.android.systemui is mapped to system
06-02 03:37:42.076 13247 13247 I AconfigPackage: com.android.server.power.batterysaver is mapped to system
06-02 03:37:42.076 13247 13247 I AconfigPackage: android.widget.flags is mapped to system
06-02 03:37:42.076 13247 13247 I AconfigPackage: com.android.media.editing.flags is mapped to system
06-02 03:37:42.077 13247 13247 I AconfigPackage: com.android.media.codec.flags is mapped to system
06-02 03:37:42.077 13247 13247 I AconfigPackage: com.android.server.powerstats is mapped to system
06-02 03:37:42.077 13247 13247 I AconfigPackage: com.android.graphics.egl.flags is mapped to system
06-02 03:37:42.077 13247 13247 I AconfigPackage: com.android.media.audioserver is mapped to system
06-02 03:37:42.077 13247 13247 I AconfigPackage: com.android.server.deviceidle is mapped to system
06-02 03:37:42.077 13247 13247 I AconfigPackage: android.nfc is mapped to system
06-02 03:37:42.077 13247 13247 I AconfigPackage: android.permission.flags is mapped to system
06-02 03:37:42.077 13247 13247 I AconfigPackage: android.service.voice.flags is mapped to system
06-02 03:37:42.077 13247 13247 I AconfigPackage: android.content.pm is mapped to system
06-02 03:37:42.077 13247 13247 I AconfigPackage: com.android.server.power.hint is mapped to system
06-02 03:37:42.077 13247 13247 I AconfigPackage: android.os is mapped to system
06-02 03:37:42.077 13247 13247 I AconfigPackage: android.service.dreams is mapped to system
06-02 03:37:42.077 13247 13247 I AconfigPackage: com.android.graphics.libgui.flags is mapped to system
06-02 03:37:42.077 13247 13247 I AconfigPackage: android.hardware.usb.flags is mapped to system
06-02 03:37:42.077 13247 13247 I AconfigPackage: android.provider is mapped to system
06-02 03:37:42.077 13247 13247 I AconfigPackage: com.android.server.job is mapped to system
06-02 03:37:42.077 13247 13247 I AconfigPackage: com.android.internal.foldables.flags is mapped to system
06-02 03:37:42.077 13247 13247 I AconfigPackage: com.android.internal.telephony.flags is mapped to system
06-02 03:37:42.077 13247 13247 I AconfigPackage: android.webkit is mapped to system
06-02 03:37:42.077 13247 13247 I AconfigPackage: android.credentials.flags is mapped to system
06-02 03:37:42.077 13247 13247 I AconfigPackage: com.android.server.display.feature.flags is mapped to system
06-02 03:37:42.077 13247 13247 I AconfigPackage: com.android.server.notification is mapped to system
06-02 03:37:42.077 13247 13247 I AconfigPackage: android.appwidget.flags is mapped to system
06-02 03:37:42.077 13247 13247 I AconfigPackage: com.android.frameworks.sensorservice.flags is mapped to system
06-02 03:37:42.077 13247 13247 I AconfigPackage: com.android.printspooler.flags is mapped to system
06-02 03:37:42.077 13247 13247 I AconfigPackage: com.android.window.flags is mapped to system
06-02 03:37:42.077 13247 13247 I AconfigPackage: android.adaptiveauth is mapped to system
06-02 03:37:42.077 13247 13247 I AconfigPackage: android.net.wifi.flags is mapped to system
06-02 03:37:42.077 13247 13247 I AconfigPackage: android.media.tv.flags is mapped to system
06-02 03:37:42.077 13247 13247 I AconfigPackage: com.android.server.usb.flags is mapped to system
06-02 03:37:42.077 13247 13247 I AconfigPackage: android.os.vibrator is mapped to system
06-02 03:37:42.077 13247 13247 I AconfigPackage: android.hardware.devicestate.feature.flags is mapped to system
06-02 03:37:42.077 13247 13247 I AconfigPackage: com.android.server.usage is mapped to system
06-02 03:37:42.077 13247 13247 I AconfigPackage: android.server is mapped to system
06-02 03:37:42.077 13247 13247 I AconfigPackage: com.android.wm.shell is mapped to system
06-02 03:37:42.077 13247 13247 I AconfigPackage: android.view.inputmethod is mapped to system
06-02 03:37:42.078 13247 13247 I AconfigPackage: com.android.graphics.hwui.flags is mapped to system
06-02 03:37:42.078 13247 13247 I AconfigPackage: com.android.server.backup is mapped to system
06-02 03:37:42.078 13247 13247 I AconfigPackage: com.android.internal.pm.pkg.component.flags is mapped to system
06-02 03:37:42.078 13247 13247 I AconfigPackage: android.view.accessibility is mapped to system
06-02 03:37:42.078 13247 13247 I AconfigPackage: com.google.wear.sdk is mapped to system
06-02 03:37:42.078 13247 13247 I AconfigPackage: android.media.audio is mapped to system
06-02 03:37:42.078 13247 13247 I AconfigPackage: com.android.server.am is mapped to system
06-02 03:37:42.078 13247 13247 I AconfigPackage: com.android.media.playback.flags is mapped to system
06-02 03:37:42.078 13247 13247 I AconfigPackage: com.android.art.flags is mapped to com.android.art
06-02 03:37:42.078 13247 13247 I AconfigPackage: com.android.libcore is mapped to com.android.art
06-02 03:37:42.078 13247 13247 I AconfigPackage: com.android.media.extractor.flags is mapped to com.android.media
06-02 03:37:42.078 13247 13247 I AconfigPackage: com.android.media.mainline.flags is mapped to com.android.media
06-02 03:37:42.078 13247 13247 I AconfigPackage: com.android.wifi.flags is mapped to com.android.wifi
06-02 03:37:42.079 13247 13247 I AconfigPackage: com.android.org.conscrypt.flags is mapped to com.android.conscrypt
06-02 03:37:42.079 13247 13247 I AconfigPackage: com.android.healthfitness.flags is mapped to com.android.healthfitness
06-02 03:37:42.079 13247 13247 I AconfigPackage: com.google.android.input.twoshay.flags is mapped to vendor
06-02 03:37:42.079 13247 13247 I AconfigPackage: libgooglecamerahal.flags is mapped to vendor
06-02 03:37:42.079 13247 13247 I AconfigPackage: com.android.ipsec.flags is mapped to com.android.ipsec
06-02 03:37:42.079 13247 13247 I AconfigPackage: com.android.nfc.module.flags is mapped to com.android.nfcservices
06-02 03:37:42.080 13247 13247 I AconfigPackage: com.android.adservices.ondevicepersonalization.flags is mapped to com.android.ondevicepersonalization
06-02 03:37:42.080 13247 13247 I AconfigPackage: com.android.bluetooth.flags is mapped to com.android.bt
06-02 03:37:42.080 13247 13247 I AconfigPackage: com.android.devicelock.flags is mapped to com.android.devicelock
06-02 03:37:42.080 13247 13247 I AconfigPackage: android.os.profiling is mapped to com.android.profiling
06-02 03:37:42.081 13247 13247 I AconfigPackage: com.android.os.statsd.flags is mapped to com.android.os.statsd
06-02 03:37:42.081 13247 13247 I AconfigPackage: com.android.cellbroadcastreceiver.flags is mapped to com.android.cellbroadcast
06-02 03:37:42.081 13247 13247 I AconfigPackage: com.android.adservices.flags is mapped to com.android.adservices
06-02 03:37:42.081 13247 13247 I AconfigPackage: com.android.sdksandbox.flags is mapped to com.android.adservices
06-02 03:37:42.081 13247 13247 I AconfigPackage: com.android.uwb.flags is mapped to com.android.uwb
06-02 03:37:42.082 13247 13247 I AconfigPackage: com.android.ranging.flags is mapped to com.android.uwb
06-02 03:37:42.082 13247 13247 I AconfigPackage: android.graphics.pdf.flags is mapped to com.android.mediaprovider
06-02 03:37:42.082 13247 13247 I AconfigPackage: com.android.providers.media.flags is mapped to com.android.mediaprovider
06-02 03:37:42.082 13247 13247 I AconfigPackage: android.graphics.pdf.flags.readonly is mapped to com.android.mediaprovider
06-02 03:37:42.082 13247 13247 I AconfigPackage: com.android.net.ct.flags is mapped to com.android.tethering
06-02 03:37:42.082 13247 13247 I AconfigPackage: com.android.net.flags is mapped to com.android.tethering
06-02 03:37:42.082 13247 13247 I AconfigPackage: android.net.vcn is mapped to com.android.tethering
06-02 03:37:42.082 13247 13247 I AconfigPackage: com.android.nearby.flags is mapped to com.android.tethering
06-02 03:37:42.082 13247 13247 I AconfigPackage: android.net.http is mapped to com.android.tethering
06-02 03:37:42.082 13247 13247 I AconfigPackage: com.android.net.thread.flags is mapped to com.android.tethering
06-02 03:37:42.083 13247 13247 I AconfigPackage: com.android.system.virtualmachine.flags is mapped to com.android.virt
06-02 03:37:42.083 13247 13247 E FeatureFlagsImplExport: android.os.flagging.AconfigStorageReadException: ERROR_PACKAGE_NOT_FOUND: package android.xr cannot be found on the device
06-02 03:37:42.087 13247 13247 D UiAutomationConnection: Created on user UserHandle{0}
06-02 03:37:42.087 13247 13247 I UiAutomation: Initialized for user 0 on display 0
06-02 03:37:42.087 13247 13247 W UiAutomation: Created with deprecatead constructor, assumes DEFAULT_DISPLAY
06-02 03:37:42.089   688   715 D AccessibilityManagerService: changeCurrentUserForTestAutomationIfNeededLocked(0): ignoring because device doesn't support visible background users
06-02 03:37:42.090   688   715 I UiAutomationManager: Registering UiTestAutomationService (id=com.android.server.accessibility/UiAutomation, flags=0x0) when called by user 0
06-02 03:37:42.090   688   715 V AccessibilityManagerService: onUserStateChangedLocked for userId: 0, forceUpdate: false
06-02 03:37:42.091   688   715 W MagnificationConnectionManager: requestConnection duplicated request: connect=false, mConnectionState=DISCONNECTED
06-02 03:37:42.092  1474  2132 I AiAiEcho: Settings changed for uri: content://settings/secure/accessibility_enabled
06-02 03:37:42.093  1474  1863 I AiAiEcho: Predicting[0]:  [CONTEXT sampling_count=5 ]
06-02 03:37:42.093  1474  1863 I AiAiEcho: EchoTargets: 
06-02 03:37:42.093  1474  1863 I AiAiEcho: Filtered by AiAi flag check: 
06-02 03:37:42.093  1474  1863 I AiAiEcho: [CONTEXT ratelimit_period="10 SECONDS" ]
06-02 03:37:42.093  1474  1863 I AiAiEcho: #remoteViewsTwiddler: feature disabled.
06-02 03:37:42.094  1474  1863 I AiAiEcho: Predicting[0]:  [CONTEXT sampling_count=5 ]
06-02 03:37:42.094  1474  1863 I AiAiEcho: EchoTargets: 
06-02 03:37:42.094  1474  1863 I AiAiEcho: Filtered by AiAi flag check: 
06-02 03:37:42.094  1474  1863 I AiAiEcho: [CONTEXT ratelimit_period="10 SECONDS" ]
06-02 03:37:42.094  1474  1863 I AiAiEcho: #remoteViewsTwiddler: feature disabled.
06-02 03:37:42.095   688   688 W IPCThreadState: Sending oneway calls to frozen process.
06-02 03:37:42.095   688   688 W IPCThreadState: Sending oneway calls to frozen process.
06-02 03:37:42.095   688   688 W IPCThreadState: Sending oneway calls to frozen process.
06-02 03:37:42.095   688   688 W IPCThreadState: Sending oneway calls to frozen process.
06-02 03:37:42.095   688   688 W IPCThreadState: Sending oneway calls to frozen process.
06-02 03:37:42.095   688   688 W IPCThreadState: Sending oneway calls to frozen process.
06-02 03:37:42.095   688   688 W IPCThreadState: Sending oneway calls to frozen process.
06-02 03:37:42.095  1474  1863 I AiAiEcho: #postPredictionTargets: Sending updates to UISurface home with targets# 0 (types=[])
06-02 03:37:42.096   688   688 W IPCThreadState: Sending oneway calls to frozen process.
06-02 03:37:42.097  1474  1863 I AiAiEcho: #postPredictionTargets: Sending updates to UISurface lockscreen with targets# 0 (types=[])
06-02 03:37:42.097   948   948 W PageIndicator: Total number of pages invalid: 0. Assuming 1 page.
06-02 03:37:42.099  1084  1084 D SsBaseTemplateCard: No text view can be set up
06-02 03:37:42.099  1084  1084 D SsBaseTemplateCard: Passed-in item info is null
06-02 03:37:42.099  1084  1084 D SsBaseTemplateCard: Passed-in item info is null
06-02 03:37:42.099  1084  1084 D SsBaseTemplateCard: Passed-in item info is null
06-02 03:37:42.099  1084  1084 I SsBaseTemplateCard: Secondary card pane is null
06-02 03:37:42.099   688   688 W IPCThreadState: Sending oneway calls to frozen process.
06-02 03:37:42.100   688   688 W IPCThreadState: Sending oneway calls to frozen process.
06-02 03:37:42.100   688   715 V AccessibilityManagerService: onUserStateChangedLocked for userId: 0, forceUpdate: false
06-02 03:37:42.100   688   688 W IPCThreadState: Sending oneway calls to frozen process.
06-02 03:37:42.100   688   688 W IPCThreadState: Sending oneway calls to frozen process.
06-02 03:37:42.101   688   715 W MagnificationConnectionManager: requestConnection duplicated request: connect=false, mConnectionState=DISCONNECTED
06-02 03:37:42.101  1474  2132 I AiAiEcho: Settings changed for uri: content://settings/secure/accessibility_enabled
06-02 03:37:42.102   688   688 W IPCThreadState: Sending oneway calls to frozen process.
06-02 03:37:42.102   688   688 W IPCThreadState: Sending oneway calls to frozen process.
06-02 03:37:42.102   688   688 W IPCThreadState: Sending oneway calls to frozen process.
06-02 03:37:42.102   688   688 W IPCThreadState: Sending oneway calls to frozen process.
06-02 03:37:42.102   688   688 W IPCThreadState: Sending oneway calls to frozen process.
06-02 03:37:42.103   688   688 W IPCThreadState: Sending oneway calls to frozen process.
06-02 03:37:42.103   688   688 W IPCThreadState: Sending oneway calls to frozen process.
06-02 03:37:42.103   688   688 W IPCThreadState: Sending oneway calls to frozen process.
06-02 03:37:42.103   688   688 W IPCThreadState: Sending oneway calls to frozen process.
06-02 03:37:42.104   688   688 W IPCThreadState: Sending oneway calls to frozen process.
06-02 03:37:42.106   688   688 W IPCThreadState: Sending oneway calls to frozen process.
06-02 03:37:42.106   688   688 W IPCThreadState: Sending oneway calls to frozen process.
06-02 03:37:42.107   688   688 W IPCThreadState: Sending oneway calls to frozen process.
06-02 03:37:42.107   688   688 W IPCThreadState: Sending oneway calls to frozen process.
06-02 03:37:42.107   688   688 W IPCThreadState: Sending oneway calls to frozen process.
06-02 03:37:42.107   688   688 W IPCThreadState: Sending oneway calls to frozen process.
06-02 03:37:42.108   688   688 W IPCThreadState: Sending oneway calls to frozen process.
06-02 03:37:42.108   688   688 W IPCThreadState: Sending oneway calls to frozen process.
06-02 03:37:42.108   688   688 W IPCThreadState: Sending oneway calls to frozen process.
06-02 03:37:42.108   688   688 W IPCThreadState: Sending oneway calls to frozen process.
06-02 03:37:42.108   688   688 W IPCThreadState: Sending oneway calls to frozen process.
06-02 03:37:42.108   688   688 W IPCThreadState: Sending oneway calls to frozen process.
06-02 03:37:42.108   688   688 W IPCThreadState: Sending oneway calls to frozen process.
06-02 03:37:42.109   688   688 D BatterySaverPolicy: accessibility changed to true, updating policy.
06-02 03:37:42.114  1474  1863 I AiAiEcho: Predicting[0]:  [CONTEXT sampling_count=5 ]
06-02 03:37:42.114  1474  1863 I AiAiEcho: EchoTargets: 
06-02 03:37:42.114  1474  1863 I AiAiEcho: Filtered by AiAi flag check: 
06-02 03:37:42.114  1474  1863 I AiAiEcho: [CONTEXT ratelimit_period="10 SECONDS" ]
06-02 03:37:42.116  1474  1863 I AiAiEcho: #remoteViewsTwiddler: feature disabled.
06-02 03:37:42.124  1474  1863 I AiAiEcho: Predicting[0]:  [CONTEXT sampling_count=5 ]
06-02 03:37:42.124  1474  1863 I AiAiEcho: EchoTargets: 
06-02 03:37:42.124  1474  1863 I AiAiEcho: Filtered by AiAi flag check: 
06-02 03:37:42.124  1474  1863 I AiAiEcho: [CONTEXT ratelimit_period="10 SECONDS" ]
06-02 03:37:42.125  1474  1863 I AiAiEcho: #remoteViewsTwiddler: feature disabled.
06-02 03:37:42.126  1474  1863 I AiAiEcho: #postPredictionTargets: Sending updates to UISurface home with targets# 0 (types=[])
06-02 03:37:42.127  1474  1863 I AiAiEcho: #postPredictionTargets: Sending updates to UISurface lockscreen with targets# 0 (types=[])
06-02 03:37:42.127  1084  1084 D SsBaseTemplateCard: No text view can be set up
06-02 03:37:42.127  1084  1084 D SsBaseTemplateCard: Passed-in item info is null
06-02 03:37:42.127  1084  1084 D SsBaseTemplateCard: Passed-in item info is null
06-02 03:37:42.127  1084  1084 D SsBaseTemplateCard: Passed-in item info is null
06-02 03:37:42.127  1084  1084 I SsBaseTemplateCard: Secondary card pane is null
06-02 03:37:42.127   948   948 W PageIndicator: Total number of pages invalid: 0. Assuming 1 page.
06-02 03:37:43.267 13247 13247 W AccessibilityNodeInfoDumper: Fetch time: 151ms
06-02 03:37:43.271   688   915 V AccessibilityManagerService: onUserStateChangedLocked for userId: 0, forceUpdate: false
06-02 03:37:43.275   688   915 W MagnificationConnectionManager: requestConnection duplicated request: connect=false, mConnectionState=DISCONNECTED
06-02 03:37:43.275  1474  2141 I AiAiEcho: Settings changed for uri: content://settings/secure/accessibility_enabled
06-02 03:37:43.275   688   915 D AccessibilityManagerService: restoreCurrentUserForTestAutomationIfNeededLocked(): ignoring because device doesn't support visible background users
06-02 03:37:43.277   688   688 W IPCThreadState: Sending oneway calls to frozen process.
06-02 03:37:43.277   688   688 W IPCThreadState: Sending oneway calls to frozen process.
06-02 03:37:43.277   688   688 W IPCThreadState: Sending oneway calls to frozen process.
06-02 03:37:43.277  1474  1863 I AiAiEcho: Predicting[0]:  [CONTEXT sampling_count=5 ]
06-02 03:37:43.279   688   688 W IPCThreadState: Sending oneway calls to frozen process.
06-02 03:37:43.279   688   688 W IPCThreadState: Sending oneway calls to frozen process.
06-02 03:37:43.279  1474  1863 I AiAiEcho: EchoTargets: 
06-02 03:37:43.279  1474  1863 I AiAiEcho: Filtered by AiAi flag check: 
06-02 03:37:43.279  1474  1863 I AiAiEcho: [CONTEXT ratelimit_period="10 SECONDS" ]
06-02 03:37:43.280   688   688 W IPCThreadState: Sending oneway calls to frozen process.
06-02 03:37:43.280  1474  1863 I AiAiEcho: #remoteViewsTwiddler: feature disabled.
06-02 03:37:43.281 13247 13247 D AndroidRuntime: Shutting down VM
06-02 03:37:43.280   688   688 W IPCThreadState: Sending oneway calls to frozen process.
06-02 03:37:43.281  1474  1863 I AiAiEcho: Predicting[0]:  [CONTEXT sampling_count=5 ]
06-02 03:37:43.281 13247 13256 W IPCThreadState: call to talkWithDriver in joinThreadPool returned error: -9 (Bad file descriptor), FD: -1
06-02 03:37:43.282 13247 13260 W IPCThreadState: call to talkWithDriver in joinThreadPool returned error: -9 (Bad file descriptor), FD: -1
06-02 03:37:43.282 13247 13257 W IPCThreadState: call to talkWithDriver in joinThreadPool returned error: -9 (Bad file descriptor), FD: -1
06-02 03:37:43.282  1474  1863 I AiAiEcho: EchoTargets: 
06-02 03:37:43.282  1474  1863 I AiAiEcho: Filtered by AiAi flag check: 
06-02 03:37:43.282  1474  1863 I AiAiEcho: [CONTEXT ratelimit_period="10 SECONDS" ]
06-02 03:37:43.286   688   688 W IPCThreadState: Sending oneway calls to frozen process.
06-02 03:37:43.287   688   688 W IPCThreadState: Sending oneway calls to frozen process.
06-02 03:37:43.287   688   688 W IPCThreadState: Sending oneway calls to frozen process.
06-02 03:37:43.288   688   688 W IPCThreadState: Sending oneway calls to frozen process.
06-02 03:37:43.288   688   688 W IPCThreadState: Sending oneway calls to frozen process.
06-02 03:37:43.289   688   688 W IPCThreadState: Sending oneway calls to frozen process.
06-02 03:37:43.289  1474  1863 I AiAiEcho: #remoteViewsTwiddler: feature disabled.
06-02 03:37:43.290  1474  1863 I AiAiEcho: #postPredictionTargets: Sending updates to UISurface home with targets# 0 (types=[])
06-02 03:37:43.290   688   688 W IPCThreadState: Sending oneway calls to frozen process.
