06-01 22:40:09.107  4942  4942 I AconfigPackage: com.android.shell.flags is mapped to system
06-01 22:40:09.107  4942  4942 I AconfigPackage: com.android.media.aaudio is mapped to system
06-01 22:40:09.107  4942  4942 I AconfigPackage: android.hardware.radio is mapped to system
06-01 22:40:09.107  4942  4942 I AconfigPackage: com.google.wear.services.infra.flags is mapped to system
06-01 22:40:09.107  4942  4942 I AconfigPackage: suspend_service.flags is mapped to system
06-01 22:40:09.107  4942  4942 I AconfigPackage: android.media.midi is mapped to system
06-01 22:40:09.107  4942  4942 I AconfigPackage: com.android.libcore.readonly is mapped to system
06-01 22:40:09.107  4942  4942 I AconfigPackage: com.android.settingslib.widget.selectorwithwidgetpreference.flags is mapped to system
06-01 22:40:09.107  4942  4942 I AconfigPackage: android.service.notification is mapped to system
06-01 22:40:09.107  4942  4942 I AconfigPackage: com.android.systemui.shared is mapped to system
06-01 22:40:09.107  4942  4942 I AconfigPackage: android.app.jank is mapped to system
06-01 22:40:09.108  4942  4942 I AconfigPackage: android.app.wearable is mapped to system
06-01 22:40:09.108  4942  4942 I AconfigPackage: com.android.media.audio is mapped to system
06-01 22:40:09.108  4942  4942 I AconfigPackage: android.service.chooser is mapped to system
06-01 22:40:09.108  4942  4942 I AconfigPackage: com.android.server.compat is mapped to system
06-01 22:40:09.108  4942  4942 I AconfigPackage: com.android.server.alarm is mapped to system
06-01 22:40:09.108  4942  4942 I AconfigPackage: com.android.apex.flags is mapped to system
06-01 22:40:09.108  4942  4942 I AconfigPackage: android.service.quickaccesswallet is mapped to system
06-01 22:40:09.108  4942  4942 I AconfigPackage: android.app.usage is mapped to system
06-01 22:40:09.108  4942  4942 I AconfigPackage: com.android.server.accessibility is mapped to system
06-01 22:40:09.108  4942  4942 I AconfigPackage: android.app.supervision.flags is mapped to system
06-01 22:40:09.108  4942  4942 I AconfigPackage: com.android.server.utils is mapped to system
06-01 22:40:09.108  4942  4942 I AconfigPackage: android.chre.flags is mapped to system
06-01 22:40:09.108  4942  4942 I AconfigPackage: android.content.flags is mapped to system
06-01 22:40:09.108  4942  4942 I AconfigPackage: android.media.codec is mapped to system
06-01 22:40:09.108  4942  4942 I AconfigPackage: com.android.internal.os is mapped to system
06-01 22:40:09.108  4942  4942 I AconfigPackage: com.android.nfc.nci.flags is mapped to system
06-01 22:40:09.108  4942  4942 I AconfigPackage: android.app is mapped to system
06-01 22:40:09.108  4942  4942 I AconfigPackage: android.security.keystore2 is mapped to system
06-01 22:40:09.108  4942  4942 I AconfigPackage: android.crashrecovery.flags is mapped to system
06-01 22:40:09.108  4942  4942 I AconfigPackage: com.android.tradeinmode.flags is mapped to system
06-01 22:40:09.108  4942  4942 I AconfigPackage: android.hardware.flags is mapped to system
06-01 22:40:09.108  4942  4942 I AconfigPackage: com.android.server.telecom.flags is mapped to system
06-01 22:40:09.108  4942  4942 I AconfigPackage: com.android.settingslib.media.flags is mapped to system
06-01 22:40:09.108  4942  4942 I AconfigPackage: com.android.server.policy is mapped to system
06-01 22:40:09.108  4942  4942 I AconfigPackage: android.media.audiopolicy is mapped to system
06-01 22:40:09.108  4942  4942 I AconfigPackage: com.android.egg.flags is mapped to system
06-01 22:40:09.108  4942  4942 I AconfigPackage: com.android.internal.compat.flags is mapped to system
06-01 22:40:09.108  4942  4942 I AconfigPackage: android.security is mapped to system
06-01 22:40:09.108  4942  4942 I AconfigPackage: android.service.autofill is mapped to system
06-01 22:40:09.108  4942  4942 I AconfigPackage: com.example.android.aconfig.demo.flags is mapped to system
06-01 22:40:09.108  4942  4942 I AconfigPackage: android.view.flags is mapped to system
06-01 22:40:09.108  4942  4942 I AconfigPackage: android.companion.virtual.flags is mapped to system
06-01 22:40:09.108  4942  4942 I AconfigPackage: com.android.aconfig_new_storage is mapped to system
06-01 22:40:09.108  4942  4942 I AconfigPackage: com.android.server.feature.flags is mapped to system
06-01 22:40:09.108  4942  4942 I AconfigPackage: com.android.systemui is mapped to system
06-01 22:40:09.108  4942  4942 I AconfigPackage: com.android.server.power.batterysaver is mapped to system
06-01 22:40:09.109  4942  4942 I AconfigPackage: android.widget.flags is mapped to system
06-01 22:40:09.109  4942  4942 I AconfigPackage: com.android.media.editing.flags is mapped to system
06-01 22:40:09.109  4942  4942 I AconfigPackage: com.android.media.codec.flags is mapped to system
06-01 22:40:09.109  4942  4942 I AconfigPackage: com.android.server.powerstats is mapped to system
06-01 22:40:09.109  4942  4942 I AconfigPackage: com.android.graphics.egl.flags is mapped to system
06-01 22:40:09.109  4942  4942 I AconfigPackage: com.android.media.audioserver is mapped to system
06-01 22:40:09.109  4942  4942 I AconfigPackage: com.android.server.deviceidle is mapped to system
06-01 22:40:09.109  4942  4942 I AconfigPackage: android.nfc is mapped to system
06-01 22:40:09.109  4942  4942 I AconfigPackage: android.permission.flags is mapped to system
06-01 22:40:09.109  4942  4942 I AconfigPackage: android.service.voice.flags is mapped to system
06-01 22:40:09.109  4942  4942 I AconfigPackage: android.content.pm is mapped to system
06-01 22:40:09.109  4942  4942 I AconfigPackage: com.android.server.power.hint is mapped to system
06-01 22:40:09.109  4942  4942 I AconfigPackage: android.os is mapped to system
06-01 22:40:09.109  4942  4942 I AconfigPackage: android.service.dreams is mapped to system
06-01 22:40:09.109  4942  4942 I AconfigPackage: com.android.graphics.libgui.flags is mapped to system
06-01 22:40:09.109  4942  4942 I AconfigPackage: android.hardware.usb.flags is mapped to system
06-01 22:40:09.109  4942  4942 I AconfigPackage: android.provider is mapped to system
06-01 22:40:09.109  4942  4942 I AconfigPackage: com.android.server.job is mapped to system
06-01 22:40:09.109  4942  4942 I AconfigPackage: com.android.internal.foldables.flags is mapped to system
06-01 22:40:09.109  4942  4942 I AconfigPackage: com.android.internal.telephony.flags is mapped to system
06-01 22:40:09.109  4942  4942 I AconfigPackage: android.webkit is mapped to system
06-01 22:40:09.109  4942  4942 I AconfigPackage: android.credentials.flags is mapped to system
06-01 22:40:09.109  4942  4942 I AconfigPackage: com.android.server.display.feature.flags is mapped to system
06-01 22:40:09.109  4942  4942 I AconfigPackage: com.android.server.notification is mapped to system
06-01 22:40:09.109  4942  4942 I AconfigPackage: android.appwidget.flags is mapped to system
06-01 22:40:09.109  4942  4942 I AconfigPackage: com.android.frameworks.sensorservice.flags is mapped to system
06-01 22:40:09.109  4942  4942 I AconfigPackage: com.android.printspooler.flags is mapped to system
06-01 22:40:09.109  4942  4942 I AconfigPackage: com.android.window.flags is mapped to system
06-01 22:40:09.109  4942  4942 I AconfigPackage: android.adaptiveauth is mapped to system
06-01 22:40:09.109  4942  4942 I AconfigPackage: android.net.wifi.flags is mapped to system
06-01 22:40:09.109  4942  4942 I AconfigPackage: android.media.tv.flags is mapped to system
06-01 22:40:09.109  4942  4942 I AconfigPackage: com.android.server.usb.flags is mapped to system
06-01 22:40:09.109  4942  4942 I AconfigPackage: android.os.vibrator is mapped to system
06-01 22:40:09.109  4942  4942 I AconfigPackage: android.hardware.devicestate.feature.flags is mapped to system
06-01 22:40:09.109  4942  4942 I AconfigPackage: com.android.server.usage is mapped to system
06-01 22:40:09.110  4942  4942 I AconfigPackage: android.server is mapped to system
06-01 22:40:09.110  4942  4942 I AconfigPackage: com.android.wm.shell is mapped to system
06-01 22:40:09.110  4942  4942 I AconfigPackage: android.view.inputmethod is mapped to system
06-01 22:40:09.110  4942  4942 I AconfigPackage: com.android.graphics.hwui.flags is mapped to system
06-01 22:40:09.110  4942  4942 I AconfigPackage: com.android.server.backup is mapped to system
06-01 22:40:09.110  4942  4942 I AconfigPackage: com.android.internal.pm.pkg.component.flags is mapped to system
06-01 22:40:09.110  4942  4942 I AconfigPackage: android.view.accessibility is mapped to system
06-01 22:40:09.110  4942  4942 I AconfigPackage: com.google.wear.sdk is mapped to system
06-01 22:40:09.110  4942  4942 I AconfigPackage: android.media.audio is mapped to system
06-01 22:40:09.110  4942  4942 I AconfigPackage: com.android.server.am is mapped to system
06-01 22:40:09.110  4942  4942 I AconfigPackage: com.android.media.playback.flags is mapped to system
06-01 22:40:09.110  4942  4942 I AconfigPackage: com.android.art.flags is mapped to com.android.art
06-01 22:40:09.110  4942  4942 I AconfigPackage: com.android.libcore is mapped to com.android.art
06-01 22:40:09.110  4942  4942 I AconfigPackage: com.android.media.extractor.flags is mapped to com.android.media
06-01 22:40:09.110  4942  4942 I AconfigPackage: com.android.media.mainline.flags is mapped to com.android.media
06-01 22:40:09.110  4942  4942 I AconfigPackage: com.android.wifi.flags is mapped to com.android.wifi
06-01 22:40:09.110  4942  4942 I AconfigPackage: com.android.org.conscrypt.flags is mapped to com.android.conscrypt
06-01 22:40:09.111  4942  4942 I AconfigPackage: com.android.healthfitness.flags is mapped to com.android.healthfitness
06-01 22:40:09.111  4942  4942 I AconfigPackage: com.google.android.input.twoshay.flags is mapped to vendor
06-01 22:40:09.111  4942  4942 I AconfigPackage: libgooglecamerahal.flags is mapped to vendor
06-01 22:40:09.111  4942  4942 I AconfigPackage: com.android.ipsec.flags is mapped to com.android.ipsec
06-01 22:40:09.111  4942  4942 I AconfigPackage: com.android.nfc.module.flags is mapped to com.android.nfcservices
06-01 22:40:09.111  4942  4942 I AconfigPackage: com.android.adservices.ondevicepersonalization.flags is mapped to com.android.ondevicepersonalization
06-01 22:40:09.111  4942  4942 I AconfigPackage: com.android.bluetooth.flags is mapped to com.android.bt
06-01 22:40:09.111  4942  4942 I AconfigPackage: com.android.devicelock.flags is mapped to com.android.devicelock
06-01 22:40:09.112  4942  4942 I AconfigPackage: android.os.profiling is mapped to com.android.profiling
06-01 22:40:09.112  4942  4942 I AconfigPackage: com.android.os.statsd.flags is mapped to com.android.os.statsd
06-01 22:40:09.112  4942  4942 I AconfigPackage: com.android.cellbroadcastreceiver.flags is mapped to com.android.cellbroadcast
06-01 22:40:09.112  4942  4942 I AconfigPackage: com.android.adservices.flags is mapped to com.android.adservices
06-01 22:40:09.112  4942  4942 I AconfigPackage: com.android.sdksandbox.flags is mapped to com.android.adservices
06-01 22:40:09.112  4942  4942 I AconfigPackage: com.android.uwb.flags is mapped to com.android.uwb
06-01 22:40:09.112  4942  4942 I AconfigPackage: com.android.ranging.flags is mapped to com.android.uwb
06-01 22:40:09.112  4942  4942 I AconfigPackage: android.graphics.pdf.flags is mapped to com.android.mediaprovider
06-01 22:40:09.112  4942  4942 I AconfigPackage: com.android.providers.media.flags is mapped to com.android.mediaprovider
06-01 22:40:09.112  4942  4942 I AconfigPackage: android.graphics.pdf.flags.readonly is mapped to com.android.mediaprovider
06-01 22:40:09.113  4942  4942 I AconfigPackage: com.android.net.ct.flags is mapped to com.android.tethering
06-01 22:40:09.113  4942  4942 I AconfigPackage: com.android.net.flags is mapped to com.android.tethering
06-01 22:40:09.113  4942  4942 I AconfigPackage: android.net.vcn is mapped to com.android.tethering
06-01 22:40:09.113  4942  4942 I AconfigPackage: com.android.nearby.flags is mapped to com.android.tethering
06-01 22:40:09.113  4942  4942 I AconfigPackage: android.net.http is mapped to com.android.tethering
06-01 22:40:09.113  4942  4942 I AconfigPackage: com.android.net.thread.flags is mapped to com.android.tethering
06-01 22:40:09.113  4942  4942 I AconfigPackage: com.android.system.virtualmachine.flags is mapped to com.android.virt
06-01 22:40:09.113  4942  4942 E FeatureFlagsImplExport: android.os.flagging.AconfigStorageReadException: ERROR_PACKAGE_NOT_FOUND: package android.xr cannot be found on the device
06-01 22:40:09.116  4942  4942 D UiAutomationConnection: Created on user UserHandle{0}
06-01 22:40:09.116  4942  4942 I UiAutomation: Initialized for user 0 on display 0
06-01 22:40:09.116  4942  4942 W UiAutomation: Created with deprecatead constructor, assumes DEFAULT_DISPLAY
06-01 22:40:09.117   688  1751 D AccessibilityManagerService: changeCurrentUserForTestAutomationIfNeededLocked(0): ignoring because device doesn't support visible background users
06-01 22:40:09.117   688  1751 I UiAutomationManager: Registering UiTestAutomationService (id=com.android.server.accessibility/UiAutomation, flags=0x0) when called by user 0
06-01 22:40:09.117   688  1751 V AccessibilityManagerService: onUserStateChangedLocked for userId: 0, forceUpdate: false
06-01 22:40:09.118   688  1751 W MagnificationConnectionManager: requestConnection duplicated request: connect=false, mConnectionState=DISCONNECTED
06-01 22:40:09.119  1474  2132 I AiAiEcho: Settings changed for uri: content://settings/secure/accessibility_enabled
06-01 22:40:09.120  1474  1863 I AiAiEcho: Predicting[0]:  [CONTEXT sampling_count=5 ]
06-01 22:40:09.121  1474  1863 I AiAiEcho: EchoTargets: 
06-01 22:40:09.121  1474  1863 I AiAiEcho: Filtered by AiAi flag check: 
06-01 22:40:09.121  1474  1863 I AiAiEcho: [CONTEXT ratelimit_period="10 SECONDS" ]
06-01 22:40:09.122  1474  1863 I AiAiEcho: #remoteViewsTwiddler: feature disabled.
06-01 22:40:09.122   688   688 W IPCThreadState: Sending oneway calls to frozen process.
06-01 22:40:09.122  1474  1863 I AiAiEcho: Predicting[0]:  [CONTEXT sampling_count=5 ]
06-01 22:40:09.122  1474  1863 I AiAiEcho: EchoTargets: 
06-01 22:40:09.122  1474  1863 I AiAiEcho: Filtered by AiAi flag check: 
06-01 22:40:09.122  1474  1863 I AiAiEcho: [CONTEXT ratelimit_period="10 SECONDS" ]
06-01 22:40:09.122   688   688 W IPCThreadState: Sending oneway calls to frozen process.
06-01 22:40:09.122   688   688 W IPCThreadState: Sending oneway calls to frozen process.
06-01 22:40:09.123  1474  1863 I AiAiEcho: #remoteViewsTwiddler: feature disabled.
06-01 22:40:09.123   688   688 W IPCThreadState: Sending oneway calls to frozen process.
06-01 22:40:09.123   688   688 W IPCThreadState: Sending oneway calls to frozen process.
06-01 22:40:09.123  1474  1863 I AiAiEcho: #postPredictionTargets: Sending updates to UISurface home with targets# 0 (types=[])
06-01 22:40:09.123   688   688 W IPCThreadState: Sending oneway calls to frozen process.
06-01 22:40:09.123   688   688 W IPCThreadState: Sending oneway calls to frozen process.
06-01 22:40:09.124  1474  1863 I AiAiEcho: #postPredictionTargets: Sending updates to UISurface lockscreen with targets# 0 (types=[])
06-01 22:40:09.124   948   948 W PageIndicator: Total number of pages invalid: 0. Assuming 1 page.
06-01 22:40:09.125   688   688 W IPCThreadState: Sending oneway calls to frozen process.
06-01 22:40:09.125  1084  1084 D SsBaseTemplateCard: No text view can be set up
06-01 22:40:09.125  1084  1084 D SsBaseTemplateCard: Passed-in item info is null
06-01 22:40:09.125  1084  1084 D SsBaseTemplateCard: Passed-in item info is null
06-01 22:40:09.125  1084  1084 D SsBaseTemplateCard: Passed-in item info is null
06-01 22:40:09.125   688   688 W IPCThreadState: Sending oneway calls to frozen process.
06-01 22:40:09.126   688   688 W IPCThreadState: Sending oneway calls to frozen process.
06-01 22:40:09.126   688   688 W IPCThreadState: Sending oneway calls to frozen process.
06-01 22:40:09.127   688   688 W IPCThreadState: Sending oneway calls to frozen process.
06-01 22:40:09.127   688   688 W IPCThreadState: Sending oneway calls to frozen process.
06-01 22:40:09.127   688   688 W IPCThreadState: Sending oneway calls to frozen process.
06-01 22:40:09.127   688   688 W IPCThreadState: Sending oneway calls to frozen process.
06-01 22:40:09.128   688   688 D BatterySaverPolicy: accessibility changed to true, updating policy.
06-01 22:40:09.125  1084  1084 I SsBaseTemplateCard: Secondary card pane is null
06-01 22:40:09.131   688  1725 V AccessibilityManagerService: onUserStateChangedLocked for userId: 0, forceUpdate: false
06-01 22:40:09.132   688  1725 W MagnificationConnectionManager: requestConnection duplicated request: connect=false, mConnectionState=DISCONNECTED
06-01 22:40:09.132  1474  1483 I AiAiEcho: Settings changed for uri: content://settings/secure/accessibility_enabled
06-01 22:40:09.133  1474  1863 I AiAiEcho: Predicting[0]:  [CONTEXT sampling_count=5 ]
06-01 22:40:09.134  1474  1863 I AiAiEcho: EchoTargets: 
06-01 22:40:09.134  1474  1863 I AiAiEcho: Filtered by AiAi flag check: 
06-01 22:40:09.134  1474  1863 I AiAiEcho: [CONTEXT ratelimit_period="10 SECONDS" ]
06-01 22:40:09.134   688   688 W IPCThreadState: Sending oneway calls to frozen process.
06-01 22:40:09.134   688   688 W IPCThreadState: Sending oneway calls to frozen process.
06-01 22:40:09.134   688   688 W IPCThreadState: Sending oneway calls to frozen process.
06-01 22:40:09.134   688   688 W IPCThreadState: Sending oneway calls to frozen process.
06-01 22:40:09.135   688   688 W IPCThreadState: Sending oneway calls to frozen process.
06-01 22:40:09.137  1474  1863 I AiAiEcho: #remoteViewsTwiddler: feature disabled.
06-01 22:40:09.138  1474  1863 I AiAiEcho: Predicting[0]:  [CONTEXT sampling_count=5 ]
06-01 22:40:09.138  1474  1863 I AiAiEcho: EchoTargets: 
06-01 22:40:09.138  1474  1863 I AiAiEcho: Filtered by AiAi flag check: 
06-01 22:40:09.138  1474  1863 I AiAiEcho: [CONTEXT ratelimit_period="10 SECONDS" ]
06-01 22:40:09.138  1474  1863 I AiAiEcho: #remoteViewsTwiddler: feature disabled.
06-01 22:40:09.141   688   688 W IPCThreadState: Sending oneway calls to frozen process.
06-01 22:40:09.141   688   688 W IPCThreadState: Sending oneway calls to frozen process.
06-01 22:40:09.141   688   688 W IPCThreadState: Sending oneway calls to frozen process.
06-01 22:40:09.141   688   688 W IPCThreadState: Sending oneway calls to frozen process.
06-01 22:40:09.142   688   688 W IPCThreadState: Sending oneway calls to frozen process.
06-01 22:40:09.146  1474  1863 I AiAiEcho: #postPredictionTargets: Sending updates to UISurface home with targets# 0 (types=[])
06-01 22:40:09.147  1084  1084 D SsBaseTemplateCard: No text view can be set up
06-01 22:40:09.147  1084  1084 D SsBaseTemplateCard: Passed-in item info is null
06-01 22:40:09.147  1084  1084 D SsBaseTemplateCard: Passed-in item info is null
06-01 22:40:09.147  1084  1084 D SsBaseTemplateCard: Passed-in item info is null
06-01 22:40:09.147  1084  1084 I SsBaseTemplateCard: Secondary card pane is null
06-01 22:40:09.148  1474  1863 I AiAiEcho: #postPredictionTargets: Sending updates to UISurface lockscreen with targets# 0 (types=[])
06-01 22:40:09.149   948   948 W PageIndicator: Total number of pages invalid: 0. Assuming 1 page.
06-01 22:40:10.147  1458  1670 W MediaProvider: isAppCloneUserPair for user 0: false
06-01 22:40:10.276  4942  4942 W AccessibilityNodeInfoDumper: Fetch time: 134ms
06-01 22:40:10.278   688  1752 V AccessibilityManagerService: onUserStateChangedLocked for userId: 0, forceUpdate: false
06-01 22:40:10.279   688  1752 W MagnificationConnectionManager: requestConnection duplicated request: connect=false, mConnectionState=DISCONNECTED
06-01 22:40:10.279  1474  1483 I AiAiEcho: Settings changed for uri: content://settings/secure/accessibility_enabled
06-01 22:40:10.280   688  1752 D AccessibilityManagerService: restoreCurrentUserForTestAutomationIfNeededLocked(): ignoring because device doesn't support visible background users
06-01 22:40:10.280   688   688 W IPCThreadState: Sending oneway calls to frozen process.
06-01 22:40:10.280   688   688 W IPCThreadState: Sending oneway calls to frozen process.
06-01 22:40:10.280  1474  1863 I AiAiEcho: Predicting[0]:  [CONTEXT sampling_count=5 ]
06-01 22:40:10.280   688   688 W IPCThreadState: Sending oneway calls to frozen process.
06-01 22:40:10.280  1474  1863 I AiAiEcho: EchoTargets: 
06-01 22:40:10.280  1474  1863 I AiAiEcho: Filtered by AiAi flag check: 
06-01 22:40:10.280  1474  1863 I AiAiEcho: [CONTEXT ratelimit_period="10 SECONDS" ]
06-01 22:40:10.280   688   688 W IPCThreadState: Sending oneway calls to frozen process.
06-01 22:40:10.280   688   688 W IPCThreadState: Sending oneway calls to frozen process.
06-01 22:40:10.281  1474  1863 I AiAiEcho: #remoteViewsTwiddler: feature disabled.
06-01 22:40:10.281   688   688 W IPCThreadState: Sending oneway calls to frozen process.
06-01 22:40:10.281   688   688 W IPCThreadState: Sending oneway calls to frozen process.
06-01 22:40:10.281   688   688 W IPCThreadState: Sending oneway calls to frozen process.
06-01 22:40:10.281   688   688 W IPCThreadState: Sending oneway calls to frozen process.
06-01 22:40:10.281  1474  1863 I AiAiEcho: Predicting[0]:  [CONTEXT sampling_count=5 ]
06-01 22:40:10.281   688   688 W IPCThreadState: Sending oneway calls to frozen process.
06-01 22:40:10.281  1474  1863 I AiAiEcho: EchoTargets: 
06-01 22:40:10.281  1474  1863 I AiAiEcho: Filtered by AiAi flag check: 
06-01 22:40:10.281  1474  1863 I AiAiEcho: [CONTEXT ratelimit_period="10 SECONDS" ]
06-01 22:40:10.281   688   688 W IPCThreadState: Sending oneway calls to frozen process.
06-01 22:40:10.282  1474  1863 I AiAiEcho: #remoteViewsTwiddler: feature disabled.
06-01 22:40:10.282   688   688 W IPCThreadState: Sending oneway calls to frozen process.
06-01 22:40:10.282   688   688 W IPCThreadState: Sending oneway calls to frozen process.
06-01 22:40:10.282   688   688 W IPCThreadState: Sending oneway calls to frozen process.
06-01 22:40:10.282   688   688 W IPCThreadState: Sending oneway calls to frozen process.
06-01 22:40:10.282  1474  1863 I AiAiEcho: #postPredictionTargets: Sending updates to UISurface home with targets# 0 (types=[])
06-01 22:40:10.282   688   688 D BatterySaverPolicy: accessibility changed to false, updating policy.
06-01 22:40:10.285  4942  4942 D AndroidRuntime: Shutting down VM
06-01 22:40:10.285  4942  4951 W IPCThreadState: call to talkWithDriver in joinThreadPool returned error: -9 (Bad file descriptor), FD: -1
06-01 22:40:10.285  4942  4952 W IPCThreadState: call to talkWithDriver in joinThreadPool returned error: -9 (Bad file descriptor), FD: -1
06-01 22:40:10.286  4942  4955 W IPCThreadState: call to talkWithDriver in joinThreadPool returned error: -9 (Bad file descriptor), FD: -1
06-01 22:40:10.296  1474  1863 I AiAiEcho: #postPredictionTargets: Sending updates to UISurface lockscreen with targets# 0 (types=[])
06-01 22:40:10.298  1084  1084 D SsBaseTemplateCard: No text view can be set up
06-01 22:40:10.298  1084  1084 D SsBaseTemplateCard: Passed-in item info is null
06-01 22:40:10.298  1084  1084 D SsBaseTemplateCard: Passed-in item info is null
06-01 22:40:10.298  1084  1084 D SsBaseTemplateCard: Passed-in item info is null
06-01 22:40:10.298  1084  1084 I SsBaseTemplateCard: Secondary card pane is null
06-01 22:40:10.300   948   948 W PageIndicator: Total number of pages invalid: 0. Assuming 1 page.
06-01 22:40:10.775   688   848 D InetDiagMessage: Destroyed 0 sockets, proto=IPPROTO_TCP, family=AF_INET, states=14
06-01 22:40:10.776   688   848 D InetDiagMessage: Destroyed 0 sockets, proto=IPPROTO_TCP, family=AF_INET6, states=14
06-01 22:40:10.776   688   848 D InetDiagMessage: Destroyed live tcp sockets for uids={10169} in 2ms
06-01 22:40:10.776   688   848 D InetDiagMessage: Destroyed 0 sockets, proto=IPPROTO_TCP, family=AF_INET, states=14
06-01 22:40:10.777   688   848 D InetDiagMessage: Destroyed 0 sockets, proto=IPPROTO_TCP, family=AF_INET6, states=14
06-01 22:40:10.777   688   848 D InetDiagMessage: Destroyed live tcp sockets for uids={20169} in 1ms
06-01 22:40:11.352  4957  4957 W screencap: Thread Pool max thread count is 0. Cannot cache binder as linkToDeath cannot be implemented. serviceName: SurfaceFlingerAIDL
06-01 22:40:11.352  4957  4957 W BpBinder: Linking to death on android.gui.ISurfaceComposer but there are no threads (yet?) listening to incoming transactions. See ProcessState::startThreadPool and ProcessState::setThreadPoolMaxThreadCount. Generally you should setup the binder threadpool before other initialization steps.
06-01 22:40:11.353  4957  4957 W ProcessState: Extra binder thread started, but 0 threads requested. Do not use *startThreadPool when zero threads are requested.
06-01 22:40:11.377   560  1133 E HwcComposer: getLuts failed Status(-8, EX_SERVICE_SPECIFIC): '8: '
06-01 22:40:11.377   560  1133 E HWComposer: getLuts: getLuts failed for display 4619827259835644672: UNSUPPORTED (8)
06-01 22:40:11.407  1458  1670 W MediaProvider: isAppCloneUserPair for user 0: false
06-01 22:40:11.552   688  1749 I ActivityManager: Broadcasting: Intent { act=android.intent.action.MEDIA_SCANNER_SCAN_FILE dat=file:///... flg=0x400000 }
06-01 22:40:11.553   688  1749 I ActivityManager: Enqueued broadcast Intent { act=android.intent.action.MEDIA_SCANNER_SCAN_FILE dat=file:///... flg=0x400000 }: 0
06-01 22:40:11.555   688  1307 W JobInfo : Job 'com.google.android.providers.media.module/com.android.providers.media.MediaService#-300' has a deadline with no functional constraints. The deadline won't improve job execution latency. Consider removing the deadline.
06-01 22:40:11.564   688   722 I ActivityManager: Broadcast completed: result=0
06-01 22:40:11.568  1458  1800 I MediaProvider: Begin Intent { act=android.intent.action.MEDIA_SCANNER_SCAN_FILE dat=file:///... flg=0x1400010 cmp=com.google.android.providers.media.module/com.android.providers.media.MediaService }
06-01 22:40:11.580  1458  1800 I MediaProvider: End Intent { act=android.intent.action.MEDIA_SCANNER_SCAN_FILE dat=file:///... flg=0x1400010 cmp=com.google.android.providers.media.module/com.android.providers.media.MediaService }
06-01 22:40:11.600  1458  1593 D WM-SystemJobScheduler: Scheduling work ID 1dd066c2-c0ed-4795-a8a9-4e3f374049d0Job ID 49
06-01 22:40:11.603  1458  1593 D WM-GreedyScheduler: Ignoring {WorkSpec: 1d4d0373-2b72-46f6-95a0-f3ae26891f04}. Requires device idle.
06-01 22:40:11.604  1458  1593 D WM-GreedyScheduler: Ignoring {WorkSpec: 55e912c5-91b1-4590-b65b-f14ea6d1ef35}. Requires device idle.
