06-01 22:24:29.546   688   842 D WifiNetworkFactory: got request NetworkRequest [ REQUEST id=95, [ Capabilities: INTERNET&NOT_RESTRICTED&TRUSTED&NOT_VCN_MANAGED&NOT_BANDWIDTH_CONSTRAINED Uid: 10149 RequestorUid: 10149 RequestorPkg: com.google.android.googlequicksearchbox UnderlyingNetworks: Null] ]
06-01 22:24:29.548  1084  1084 D SearchTargetUtil: queryLength=0 size=15
06-01 22:24:29.548  1084  1084 D SearchTargetUtil: layoutType=short_icon_row resultType=131072 packageName=com.google.android.googlequicksearchbox
06-01 22:24:29.548  1084  1084 D SearchTargetUtil: layoutType=short_icon_row resultType=131072 packageName=com.google.android.googlequicksearchbox
06-01 22:24:29.548   688   842 D UntrustedWifiNetworkFactory: got request NetworkRequest [ REQUEST id=95, [ Capabilities: INTERNET&NOT_RESTRICTED&TRUSTED&NOT_VCN_MANAGED&NOT_BANDWIDTH_CONSTRAINED Uid: 10149 RequestorUid: 10149 RequestorPkg: com.google.android.googlequicksearchbox UnderlyingNetworks: Null] ]
06-01 22:24:29.548  1084  1084 D SearchTargetUtil: layoutType=short_icon_row resultType=131072 packageName=com.google.android.googlequicksearchbox
06-01 22:24:29.548  1084  1084 D SearchTargetUtil: layoutType=short_icon_row resultType=131072 packageName=com.google.android.googlequicksearchbox
06-01 22:24:29.549  1084  1084 D SearchTargetUtil: layoutType=short_icon_row resultType=131072 packageName=com.google.android.googlequicksearchbox
06-01 22:24:29.549   688   842 D OemPaidWifiNetworkFactory: got request NetworkRequest [ REQUEST id=95, [ Capabilities: INTERNET&NOT_RESTRICTED&TRUSTED&NOT_VCN_MANAGED&NOT_BANDWIDTH_CONSTRAINED Uid: 10149 RequestorUid: 10149 RequestorPkg: com.google.android.googlequicksearchbox UnderlyingNetworks: Null] ]
06-01 22:24:29.549  1084  1084 D SearchTargetUtil: layoutType=short_icon_row resultType=131072 packageName=com.google.android.googlequicksearchbox
06-01 22:24:29.549  1084  1084 D SearchTargetUtil: layoutType=short_icon_row resultType=131072 packageName=com.google.android.googlequicksearchbox
06-01 22:24:29.549  1084  1084 D SearchTargetUtil: layoutType=short_icon_row resultType=131072 packageName=com.google.android.googlequicksearchbox
06-01 22:24:29.549  1084  1084 D SearchTargetUtil: layoutType=extra_tall_icon_row resultType=131072 packageName=com.google.android.googlequicksearchbox
06-01 22:24:29.549  1084  1084 D SearchTargetUtil: layoutType=short_icon_row resultType=131072 packageName=com.google.android.googlequicksearchbox
06-01 22:24:29.549  1084  1084 D SearchTargetUtil: layoutType=short_icon_row resultType=131072 packageName=com.google.android.googlequicksearchbox
06-01 22:24:29.549  1084  1084 D SearchTargetUtil: layoutType=short_icon_row resultType=131072 packageName=com.google.android.googlequicksearchbox
06-01 22:24:29.549  1084  1084 D SearchTargetUtil: layoutType=short_icon_row resultType=131072 packageName=com.google.android.googlequicksearchbox
06-01 22:24:29.549  1084  1084 D SearchTargetUtil: layoutType=short_icon_row resultType=131072 packageName=com.google.android.googlequicksearchbox
06-01 22:24:29.549  1084  1084 D SearchTargetUtil: layoutType=short_icon_row resultType=131072 packageName=com.google.android.googlequicksearchbox
06-01 22:24:29.550   688   842 D MultiInternetWifiNetworkFactory: got request NetworkRequest [ REQUEST id=95, [ Capabilities: INTERNET&NOT_RESTRICTED&TRUSTED&NOT_VCN_MANAGED&NOT_BANDWIDTH_CONSTRAINED Uid: 10149 RequestorUid: 10149 RequestorPkg: com.google.android.googlequicksearchbox UnderlyingNetworks: Null] ]
06-01 22:24:29.551  1084  1108 I IPCThreadState: oneway function results for code 2 on binder at 0x7bbe824b07c0 will be dropped but finished with status UNKNOWN_TRANSACTION
06-01 22:24:29.551   688   848 D ConnectivityService: NetReassign [95 : null → 100] [c 1] [a 7] [i 6]
06-01 22:24:29.554  1279  1591 I .gms.persistent: AssetManager2(0x7bbe424378b8) locale list changing from [] to [en-US]
06-01 22:24:29.557   948   948 I Choreographer: Skipped 57 frames!  The application may be doing too much work on its main thread.
06-01 22:24:29.558   688   848 D ConnectivityService: NetReassign [no changes] [c 0] [a 1] [i 5]
06-01 22:24:29.561  2153  2274 D nativeloader: Load /data/app/~~KczER6NriYuDJOGw69fI-g==/com.google.android.googlequicksearchbox-cdwpa0rlDL4cMZ_Jb99qpQ==/base.apk!/lib/x86_64/libcronet.149.0.7827.22.so using class loader ns clns-10 (caller=/data/app/~~KczER6NriYuDJOGw69fI-g==/com.google.android.googlequicksearchbox-cdwpa0rlDL4cMZ_Jb99qpQ==/base.apk!classes9.dex): ok
06-01 22:24:29.604   948   963 I HWUI    : Davey! duration=1001ms; Flags=0, FrameTimelineVsyncId=7742, IntendedVsync=56285764908, Vsync=57235764870, InputEventId=0, HandleInputStart=57245432300, AnimationStart=57245459200, PerformTraversalsStart=57249573900, DrawStart=57251073400, FrameDeadline=56619098228, FrameStartTime=57244077200, FrameInterval=16666666, WorkloadTarget=16666666, SyncQueued=57270466200, SyncStart=57270601400, IssueDrawCommandsStart=57270729100, SwapBuffers=57275960000, FrameCompleted=57287235200, DequeueBufferDuration=48300, QueueBufferDuration=558800, GpuCompleted=57287235200, SwapBuffersCompleted=57277630100, DisplayPresentTime=0, CommandSubmissionCompleted=57275960000, 
06-01 22:24:29.606  2292  2375 I RcsAvailabilityCache: Cached availability not found for simId: redacted-pii:sim_id[chars:20,last3:897]
06-01 22:24:29.638  1487  1496 V ClearcutMetricXmitter: Transmission is done.
06-01 22:24:29.638  1487  2402 V ClearcutMetricXmitter: Transmission is done.
06-01 22:24:29.655   948   948 W PageIndicator: Total number of pages invalid: 0. Assuming 1 page.
06-01 22:24:29.656   948   948 W AodBurnInViewModel: minViewY is below topInset: BurnInParameters(topInset=128, minViewY=0, translationY=com.android.systemui.keyguard.ui.binder.KeyguardRootViewBinder$$ExternalSyntheticLambda1@960ea1e, translationX=com.android.systemui.keyguard.ui.binder.KeyguardRootViewBinder$$ExternalSyntheticLambda1@6cd02ff)
06-01 22:24:29.680  2153  2274 I cn_CronetLibraryLoader: Cronet version: 149.0.7827.22, arch: x86_64
06-01 22:24:29.711  1616  2391 V ClearcutMetricXmitter: Transmission is done.
06-01 22:24:29.712  1600  2283 V Configuration: Updating configuration, locales updated from [] to [en_US]
06-01 22:24:29.712  1600  2283 I gle.android.gms: AssetManager2(0x7bbe424314b8) locale list changing from [] to [en-US]
06-01 22:24:29.714  1600  2283 W ProviderHelper: Unknown dynamite feature providerinstaller.dynamite
06-01 22:24:29.714  1600  2283 I DynamiteModule: Considering local module com.google.android.gms.providerinstaller.dynamite:1 and remote module com.google.android.gms.providerinstaller.dynamite:0
06-01 22:24:29.714  1600  2283 I DynamiteModule: Selected local version of com.google.android.gms.providerinstaller.dynamite
06-01 22:24:29.725  2292  2375 I Bugle   : Has Samsung system feature: false
06-01 22:24:29.735  2292  2373 D WM-SystemJobScheduler: Scheduling work ID 00aa2793-2edf-49b3-bb0d-939f198b31e9Job ID 1770
06-01 22:24:29.743  1279  2321 I AlarmManager: set [name: SystemMemoryCache type: 2 triggerAtMillis: 315360057429 windowMillis: -1 intervalMillis: 0]
06-01 22:24:29.756  2153  2534 W chromium: [0601/222429.756477:WARNING:components/cronet/url_request_context_config.cc:767] Unrecognized Cronet experimental option "enable_telemetry" with params "true
06-01 22:24:29.756  2153  2534 W chromium: 
06-01 22:24:29.773  1279  1279 W ctxmgr  : [ContextManagerPersistentService]Unable to start system_memory_cache. [CONTEXT service_id=47 ]
06-01 22:24:29.780  2292  2373 D WM-SystemJobScheduler: Scheduling work ID 3a774458-301a-45e4-b9af-c2234833c3c1Job ID 1777
06-01 22:24:29.792   948  1332 D LocalImageResolver: Couldn't use ImageDecoder for drawable, falling back to non-resized load.
06-01 22:24:29.805  2465  2465 V ActivityThread: getPackageInfo() caused update to cached ApplicationInfo for package com.google.android.deskclock
06-01 22:24:29.806  2465  2465 I droid.deskclock: AssetManager2(0x7bbe424268d8) locale list changing from [] to [en-US]
06-01 22:24:29.827   948  1332 D LocalImageResolver: Couldn't use ImageDecoder for drawable, falling back to non-resized load.
06-01 22:24:29.834  2465  2465 D WM-PackageManagerHelper: Skipping component enablement for androidx.work.impl.background.systemjob.SystemJobService
06-01 22:24:29.834  2465  2465 D WM-Schedulers: Created SystemJobScheduler and enabled SystemJobService
06-01 22:24:29.843  2465  2537 D WM-ForceStopRunnable: The default process name was not specified.
06-01 22:24:29.843  2465  2537 D WM-ForceStopRunnable: Performing cleanup operations.
06-01 22:24:29.862  1600  2283 V Configuration: Updating configuration, locales updated from [] to [en_US]
06-01 22:24:29.862  1600  2283 I gle.android.gms: AssetManager2(0x7bbe424314b8) locale list changing from [] to [en-US]
06-01 22:24:29.864  1600  2283 W ProviderHelper: Unknown dynamite feature providerinstaller.dynamite
06-01 22:24:29.864  1600  2283 I DynamiteModule: Considering local module com.google.android.gms.providerinstaller.dynamite:1 and remote module com.google.android.gms.providerinstaller.dynamite:0
06-01 22:24:29.864  1600  2283 I DynamiteModule: Selected local version of com.google.android.gms.providerinstaller.dynamite
06-01 22:24:29.867  1279  2321 W ctxmgr  : [WorkManager] Long workInfo: pkg=com.google.android.gms, lbl=Modulesdelayed_module_init, start=2026-06-01 22:24:26.898+0700, stop=2026-06-01 22:24:29.866+0700, durtn=2968ms [CONTEXT service_id=47 ]
06-01 22:24:29.915  1279  2137 W WearableService: onGetService: Wear is not available on this device. Calling package: com.google.android.deskclock
06-01 22:24:29.917   948   948 D ZenModeController: Added callback class com.android.keyguard.ClockEventController$zenModeCallback$1
06-01 22:24:29.923  2465  2465 D WM-RescheduleReceiver: Received intent Intent { act=android.intent.action.BOOT_COMPLETED flg=0x89000010 cmp=com.google.android.deskclock/androidx.work.impl.background.systemalarm.RescheduleReceiver (has extras) }
06-01 22:24:29.923  1474  2006 I WM-WorkerWrapper: Worker result SUCCESS for Work [ id=31eb3a98-e1d1-42fe-8d8c-517bfe9fc72b, tags={ com.google.android.apps.miphone.aiai.chronicle.data.storage.simplestorage.impl.SimpleStorageMaintenanceWorker } ]
06-01 22:24:29.936   688   769 W JobScheduler: Job didn't exist in JobStore: d231852 {androidx.work.systemjobscheduler} #u0a139/389 @androidx.work.systemjobscheduler@com.google.android.as/androidx.work.impl.background.systemjob.SystemJobService
06-01 22:24:29.938  2465  2518 W GoogleApiManager: Not showing notification since connectionResult is not user-facing: eep{statusCode=API_UNAVAILABLE, resolution=null, message=null, clientMethodKey=null}
06-01 22:24:29.943  2465  2541 E WearableAlarmSyncModel: getCapability fail with exception 
06-01 22:24:29.943  2465  2541 E WearableAlarmSyncModel: eqy: efu: 17: API: Wearable.API is not available on this device. Connection failed with: eep{statusCode=API_UNAVAILABLE, resolution=null, message=null, clientMethodKey=null}
06-01 22:24:29.943  2465  2541 E WearableAlarmSyncModel: 	at ere.g(PG:25)
06-01 22:24:29.943  2465  2541 E WearableAlarmSyncModel: 	at eox.a(PG:87)
06-01 22:24:29.943  2465  2541 E WearableAlarmSyncModel: 	at enf.run(PG:534)
06-01 22:24:29.943  2465  2541 E WearableAlarmSyncModel: 	at java.util.concurrent.ThreadPoolExecutor.runWorker(ThreadPoolExecutor.java:1156)
06-01 22:24:29.943  2465  2541 E WearableAlarmSyncModel: 	at java.util.concurrent.ThreadPoolExecutor$Worker.run(ThreadPoolExecutor.java:651)
06-01 22:24:29.943  2465  2541 E WearableAlarmSyncModel: 	at java.lang.Thread.run(Thread.java:1119)
06-01 22:24:29.943  2465  2541 E WearableAlarmSyncModel: Caused by: efu: 17: API: Wearable.API is not available on this device. Connection failed with: eep{statusCode=API_UNAVAILABLE, resolution=null, message=null, clientMethodKey=null}
06-01 22:24:29.943  2465  2541 E WearableAlarmSyncModel: 	at dzf.cE(PG:13)
06-01 22:24:29.943  2465  2541 E WearableAlarmSyncModel: 	at ekc.a(PG:29)
06-01 22:24:29.943  2465  2541 E WearableAlarmSyncModel: 	at com.google.android.gms.common.api.internal.BasePendingResult.k(PG:74)
06-01 22:24:29.943  2465  2541 E WearableAlarmSyncModel: 	at egr.h(PG:16)
06-01 22:24:29.943  2465  2541 E WearableAlarmSyncModel: 	at egk.e(PG:3)
06-01 22:24:29.943  2465  2541 E WearableAlarmSyncModel: 	at ehc.t(PG:48)
06-01 22:24:29.943  2465  2541 E WearableAlarmSyncModel: 	at ehc.f(PG:10)
06-01 22:24:29.943  2465  2541 E WearableAlarmSyncModel: 	at ehc.j(PG:164)
06-01 22:24:29.943  2465  2541 E WearableAlarmSyncModel: 	at ehc.i(PG:2)
06-01 22:24:29.943  2465  2541 E WearableAlarmSyncModel: 	at jbz.h(PG:3)
06-01 22:24:29.943  2465  2541 E WearableAlarmSyncModel: 	at eit.a(PG:7)
06-01 22:24:29.943  2465  2541 E WearableAlarmSyncModel: 	at ein.c(PG:51)
06-01 22:24:29.943  2465  2541 E WearableAlarmSyncModel: 	at eio.handleMessage(PG:267)
06-01 22:24:29.943  2465  2541 E WearableAlarmSyncModel: 	at android.os.Handler.dispatchMessage(Handler.java:110)
06-01 22:24:29.943  2465  2541 E WearableAlarmSyncModel: 	at eoe.a(PG:1)
06-01 22:24:29.943  2465  2541 E WearableAlarmSyncModel: 	at eoe.dispatchMessage(PG:1)
06-01 22:24:29.943  2465  2541 E WearableAlarmSyncModel: 	at android.os.Looper.loopOnce(Looper.java:248)
06-01 22:24:29.943  2465  2541 E WearableAlarmSyncModel: 	at android.os.Looper.loop(Looper.java:338)
06-01 22:24:29.943  2465  2541 E WearableAlarmSyncModel: 	at android.os.HandlerThread.run(HandlerThread.java:85)
06-01 22:24:29.951  2465  2537 D WM-SystemJobScheduler: Reconciling jobs
06-01 22:24:29.963  1279  2015 E ctxmgr  : [FencePendingIntentCache]Expected to find a PendingIntent for pendingIntentKey=fb59eb99-0b69-4918-953b-d9b20ba1a984 [CONTEXT service_id=47 ]
06-01 22:24:29.963  1279  2015 E ctxmgr  : [FencePendingIntentCache]Expected to find a PendingIntent for pendingIntentKey=fb59eb99-0b69-4918-953b-d9b20ba1a984 [CONTEXT service_id=47 ]
06-01 22:24:29.970  1279  2015 W ctxmgr  : [FencePendingIntentCache]Sending CONTEXT_MANAGER_RESTARTED broadcast to com.google.android.apps.wellbeing [CONTEXT service_id=47 ]
06-01 22:24:29.970   688  1171 I system_server: AssetManager2(0x7bbe4244bdb8) locale list changing from [] to [en-US]
06-01 22:24:29.975  2465  2537 D WM-ForceStopRunnable: Found unfinished work, scheduling it.
06-01 22:24:29.985  2465  2537 D WM-SystemJobScheduler: Scheduling work ID 57facab1-0127-4612-bb5e-8c5dad902c62Job ID 0
06-01 22:24:29.986   688   769 D SystemServerTiming: getUserSwitchability-0
06-01 22:24:29.986   688   769 D SystemServerTiming: TM.isInCall
06-01 22:24:29.987   688   769 D SystemServerTiming: hasUserRestriction-DISALLOW_USER_SWITCH
06-01 22:24:29.987   688   769 D SystemServerTiming: getInt-ALLOW_USER_SWITCHING_WHEN_SYSTEM_USER_LOCKED
06-01 22:24:29.987   688   769 D SystemServerTiming: isUserUnlocked-USER_SYSTEM
06-01 22:24:29.989   948  1115 D StatusBar##isHomeStatusBarAllowed: newValue: true
06-01 22:24:29.994  1600  2283 V Configuration: Updating configuration, locales updated from [] to [en_US]
06-01 22:24:29.994  1600  2283 I gle.android.gms: AssetManager2(0x7bbe424314b8) locale list changing from [] to [en-US]
06-01 22:24:29.995   688  1307 D SystemServerTiming: getUserSwitchability-0
06-01 22:24:29.995   688  1307 D SystemServerTiming: TM.isInCall
06-01 22:24:29.995   688  1307 D SystemServerTiming: hasUserRestriction-DISALLOW_USER_SWITCH
06-01 22:24:29.995   688  1307 D SystemServerTiming: getInt-ALLOW_USER_SWITCHING_WHEN_SYSTEM_USER_LOCKED
06-01 22:24:29.995   688  1307 D SystemServerTiming: isUserUnlocked-USER_SYSTEM
06-01 22:24:30.000  1600  2283 W ProviderHelper: Unknown dynamite feature providerinstaller.dynamite
06-01 22:24:30.000  1600  2283 I DynamiteModule: Considering local module com.google.android.gms.providerinstaller.dynamite:1 and remote module com.google.android.gms.providerinstaller.dynamite:0
06-01 22:24:30.000  1600  2283 I DynamiteModule: Selected local version of com.google.android.gms.providerinstaller.dynamite
06-01 22:24:30.012  2465  2545 W JobInfo : Requested important-while-foreground flag for job23 is ignored and takes no effect
06-01 22:24:30.012  2465  2545 D WM-SystemJobScheduler: Scheduling work ID 595deac5-b772-4040-8269-922a0c4e53e9Job ID 23
06-01 22:24:30.020   688   769 D SystemServerTiming: getUserSwitchability-0
06-01 22:24:30.020   688   769 D SystemServerTiming: TM.isInCall
06-01 22:24:30.021   688   769 D SystemServerTiming: hasUserRestriction-DISALLOW_USER_SWITCH
06-01 22:24:30.021   688   769 D SystemServerTiming: getInt-ALLOW_USER_SWITCHING_WHEN_SYSTEM_USER_LOCKED
06-01 22:24:30.021   688   769 D SystemServerTiming: isUserUnlocked-USER_SYSTEM
06-01 22:24:30.039  1710  1770 I .android.dialer: Background concurrent mark compact GC freed 154MB AllocSpace bytes, 9(244KB) LOS objects, 38% free, 37MB/61MB, paused 333.355ms,1.416ms total 3.510s
06-01 22:24:30.042  1710  2492 I .android.dialer: WaitForGcToComplete blocked Alloc on HeapTrim for 1.754s
06-01 22:24:30.042  1710  2180 I .android.dialer: WaitForGcToComplete blocked Alloc on HeapTrim for 1.528s
06-01 22:24:30.042  1710  2225 I .android.dialer: WaitForGcToComplete blocked Alloc on HeapTrim for 1.781s
06-01 22:24:30.045   948   948 D AnimatableClockView: onTextChanged()
06-01 22:24:30.045   948   948 D CompatChangeReporter: Compat change id reported: 349519475; UID 10187; state: ENABLED
06-01 22:24:30.045   948   948 W Paint   : The elegant text height cannot be turned off.
06-01 22:24:30.045   948   948 D AnimatableClockView: onTextChanged()
06-01 22:24:30.047  1600  2499 W gle.android.gms: Verification of int m32.gmg.a(android.content.Context) took 293.429ms (218.11 bytecodes/s) (0B arena alloc)
06-01 22:24:30.047  1069  1069 D CarrierSvcBindHelper: onHandleForceStop: [com.aistudio.ereader.xynk]
06-01 22:24:30.050   948   948 D AnimatableClockView: refreshFormat(h:mm)
06-01 22:24:30.050   948   948 D AnimatableClockView: refreshTime: new formattedText=10:24
06-01 22:24:30.051   948   948 D AnimatableClockView: onTextChanged(10:24)
06-01 22:24:30.051   948   948 D AnimatableClockView: refreshTime: done setting new time text to: 10:24
06-01 22:24:30.051   948   948 D AnimatableClockView: refreshTime: after requestLayout
06-01 22:24:30.052  1710  2084 I DialerCoalescedRowsDao: com.android.dialer.calllog.coalescer.CoalescedRowsDao.saveToFileForAllCallsInConversationHistory:116 Finished saving coalesced rows for conversation history.
06-01 22:24:30.056   948   948 D AnimatableClockView: animateDoze(isDozing=false, isAnimated=false)
06-01 22:24:30.057  1069  1069 D CarrierSvcBindHelper: No carrier app for: 0
06-01 22:24:30.059   948   948 W Paint   : The elegant text height cannot be turned off.
06-01 22:24:30.059   948   948 D AnimatableClockView: onTextChanged()
06-01 22:24:30.059   948   948 D AnimatableClockView: refreshFormat(hh\nmm)
06-01 22:24:30.059   948   948 D AnimatableClockView: refreshTime: new formattedText=10\n24
06-01 22:24:30.059   948   948 D AnimatableClockView: onTextChanged(10\n24)
06-01 22:24:30.059   948   948 D AnimatableClockView: refreshTime: done setting new time text to: 10\n24
06-01 22:24:30.059   948   948 D AnimatableClockView: refreshTime: after requestLayout
06-01 22:24:30.060   948   948 D AnimatableClockView: animateDoze(isDozing=false, isAnimated=false)
06-01 22:24:30.060   688   731 V GrammaticalInflectionUtils: AttributionSource: android.content.AttributionSource@2ce3dc7e does not have READ_SYSTEM_GRAMMATICAL_GENDER permission.
06-01 22:24:30.060   688   731 D CompatChangeReporter: Compat change id reported: 151861875; UID 10131; state: ENABLED
06-01 22:24:30.061  1279  1591 I .gms.persistent: AssetManager2(0x7bbe42433a38) locale list changing from [] to [en-US]
06-01 22:24:30.061  1710  2226 D WM-Processor: gfc: processing WorkGenerationalId(workSpecId=80e29ffe-8ff1-4248-ba43-a2144d2d96a0, generation=0)
06-01 22:24:30.062   688   906 I SdkSandboxManager: Reconciling sdk data package directories for 0
06-01 22:24:30.064   948   948 I ClockEventController: isThemeDark: true
06-01 22:24:30.065  1710  1710 W ActivityThread: getPackageInfo() called with an older ApplicationInfo than the cached version for package com.google.android.dialer
06-01 22:24:30.066  1710  1710 D WM-RescheduleReceiver: Received intent Intent { act=android.intent.action.BOOT_COMPLETED flg=0x89000010 cmp=com.google.android.dialer/androidx.work.impl.background.systemalarm.RescheduleReceiver (has extras) }
06-01 22:24:30.067  1710  2128 I .android.dialer: WaitForGcToComplete blocked Alloc on HeapTrim for 1.771s
06-01 22:24:30.067  1710  2128 W Settings: Setting airplane_mode_on has moved from android.provider.Settings.System to android.provider.Settings.Global, returning read-only value.
06-01 22:24:30.077  1710  2128 I DialerVoicemailStatusDataServiceImpl: com.android.dialer.voicemailstatus.dataservice.impl.VoicemailStatusDataServiceImpl.insertOrUpdateVoicemailStatus:253 merged status: # uss@1a918fc9
06-01 22:24:30.082  1710  2084 I DialerLogcatLoggingBindings: com.android.dialer.logging.logcat.LogcatLoggingBindings.logImpression:47 Impression: ANNOTATED_CALL_LOG_FORCE_REFRESH_NO_CHANGES_NEEDED
06-01 22:24:30.085   486   486 D Zygote  : Forked child process 2546
06-01 22:24:30.086   688   732 I ActivityManager: Start proc 2546:com.android.traceur/u0a131 for broadcast {com.android.traceur/com.android.traceur.Receiver}
06-01 22:24:30.087   688   732 I ActivityManager: ProcessObserver broadcast disabled
06-01 22:24:30.088  2292  2373 D WM-SystemJobScheduler: Scheduling work ID ea3addc0-3de0-445e-9ada-4fa2f2333b78Job ID 1773
06-01 22:24:30.100  1710  2225 W Settings: Setting airplane_mode_on has moved from android.provider.Settings.System to android.provider.Settings.Global, returning read-only value.
06-01 22:24:30.100  2546  2546 I android.traceur: Using CollectorTypeCMC GC.
06-01 22:24:30.101  1710  2084 I DialerVoicemailNotifierImpl: com.android.dialer.voicemail.notification.impl.VoicemailNotifierImpl.updateNotification:224 no voicemails to notify about
06-01 22:24:30.101  1710  2084 I DialerInternalSemanticEventLogger: com.android.dialer.cui.impl.InternalSemanticEventLogger.handleEvent:145 CUI event: VOICEMAIL_NOTIFICATION_REQUESTED; uniqueCallId: null
06-01 22:24:30.101  2546  2546 W android.traceur: Unexpected CPU variant for x86: x86_64.
06-01 22:24:30.101  2546  2546 W android.traceur: Known variants: atom, sandybridge, silvermont, goldmont, goldmont-plus, goldmont-without-sha-xsaves, tremont, kabylake, alderlake, default
06-01 22:24:30.106  2546  2546 E android.traceur: Not starting debugger since process cannot load the jdwp agent.
06-01 22:24:30.111  2546  2546 D nativeloader: Load libframework-connectivity-tiramisu-jni.so using APEX ns com_android_tethering for caller /apex/com.android.tethering/javalib/framework-connectivity-t.jar: ok
06-01 22:24:30.135  1600  2283 V Configuration: Updating configuration, locales updated from [] to [en_US]
06-01 22:24:30.135  1600  2283 I gle.android.gms: AssetManager2(0x7bbe424314b8) locale list changing from [] to [en-US]
06-01 22:24:30.140  1600  2283 W ProviderHelper: Unknown dynamite feature providerinstaller.dynamite
06-01 22:24:30.140  1600  2283 I DynamiteModule: Considering local module com.google.android.gms.providerinstaller.dynamite:1 and remote module com.google.android.gms.providerinstaller.dynamite:0
06-01 22:24:30.140  1600  2283 I DynamiteModule: Selected local version of com.google.android.gms.providerinstaller.dynamite
06-01 22:24:30.144  1710  2084 I DialerLoggingConsentCheckerImpl: com.google.android.callingshared.logging.consent.impl.LoggingConsentCheckerImpl.getConsent:72 timer stop with success, timer present: false
06-01 22:24:30.147  2465  2465 V ActivityThread: getPackageInfo() caused update to cached ApplicationInfo for package com.google.android.deskclock
06-01 22:24:30.177   688  1307 D SystemServerTiming: getUserSwitchability-0
06-01 22:24:30.178   688  1307 D SystemServerTiming: TM.isInCall
06-01 22:24:30.178  1600  2283 V Configuration: Updating configuration, locales updated from [] to [en_US]
06-01 22:24:30.179  1600  2283 I gle.android.gms: AssetManager2(0x7bbe424314b8) locale list changing from [] to [en-US]
06-01 22:24:30.179   688  1307 D SystemServerTiming: hasUserRestriction-DISALLOW_USER_SWITCH
06-01 22:24:30.182   688  1307 D SystemServerTiming: getInt-ALLOW_USER_SWITCHING_WHEN_SYSTEM_USER_LOCKED
06-01 22:24:30.185   688  1307 D SystemServerTiming: isUserUnlocked-USER_SYSTEM
06-01 22:24:30.193   688   688 W Looper  : Slow dispatch took 118ms main app=system_server main=true group=FOREGROUND h=android.app.ActivityThread$H c=android.app.LoadedApk$ReceiverDispatcher$Args$$ExternalSyntheticLambda0@5226795 m=0
06-01 22:24:30.208  1474  1907 I AiAiSuperpacks: No superpacks to release, will no-op
06-01 22:24:30.210  1474  2140 I SP.AiAi : Starting garbage collection
06-01 22:24:30.211  1474  2140 I SP.AiAi : GC for 'global' (1) with ttl of 172800000 ms took 1 ms (0/1/0)
06-01 22:24:30.211  2465  2545 D WM-GreedyScheduler: Starting work for 595deac5-b772-4040-8269-922a0c4e53e9
06-01 22:24:30.213  1710  2084 I DialerVvmServiceSchedulerImpl: com.android.dialer.voicemail.service.impl.scheduler.VvmServiceSchedulerImpl.schedule:324 scheduling action: ACTIVATE [CONTEXT enable_persistent_logger=true ]
06-01 22:24:30.218  2546  2546 D ApplicationLoaders: Returning zygote-cached class loader: /system_ext/framework/androidx.window.extensions.jar
06-01 22:24:30.218  2546  2546 D ApplicationLoaders: Returning zygote-cached class loader: /system_ext/framework/androidx.window.sidecar.jar
06-01 22:24:30.225  2465  2545 D WM-Processor: bid: processing WorkGenerationalId(workSpecId=595deac5-b772-4040-8269-922a0c4e53e9, generation=0)
06-01 22:24:30.228  1710  2047 D WM-WorkConstraintsTrack: NetworkRequestConstraintController register shared callback
06-01 22:24:30.229  1710  1710 D WM-WorkerWrapper: Starting work for com.google.apps.tiktok.contrib.work.TikTokListenableWorker
06-01 22:24:30.234  1497  2406 V ClearcutMetricXmitter: Transmission is done.
06-01 22:24:30.236  1497  2406 V ClearcutMetricXmitter: Transmission is done.
06-01 22:24:30.238  2501  2501 D nativeloader: Configuring clns-9 for other apk /data/app/~~x4MpEqBUCXCrzQPEny9baQ==/com.aistudio.ereader.xynk-RVMwx4nGzBBeYVsMvUd6gg==/base.apk. target_sdk_version=36, uses_libraries=, library_path=/data/app/~~x4MpEqBUCXCrzQPEny9baQ==/com.aistudio.ereader.xynk-RVMwx4nGzBBeYVsMvUd6gg==/lib/x86_64:/data/app/~~x4MpEqBUCXCrzQPEny9baQ==/com.aistudio.ereader.xynk-RVMwx4nGzBBeYVsMvUd6gg==/base.apk!/lib/x86_64, permitted_path=/data:/mnt/expand:/data/user/0/com.aistudio.ereader.xynk
06-01 22:24:30.244  2501  2501 I io.ereader.xynk: AssetManager2(0x7bbe4242b6f8) locale list changing from [] to [en-US]
06-01 22:24:30.248   688   895 D ShortcutService: received package broadcast intent: Intent { act=android.intent.action.PACKAGE_DATA_CLEARED dat=package: flg=0x5000010 (has extras) }
06-01 22:24:30.248   688   895 D ShortcutService: clearing data for package: com.aistudio.ereader.xynk userId=0
06-01 22:24:30.257  1474  2560 I AiAiCaptions: initialize(): check availability of mandatory languages models: [en_US].
06-01 22:24:30.260  2501  2501 V GraphicsEnvironment: Currently set values for:
06-01 22:24:30.260  2501  2501 V GraphicsEnvironment:   angle_gl_driver_selection_pkgs=[]
06-01 22:24:30.260  2501  2501 V GraphicsEnvironment:   angle_gl_driver_selection_values=[]
06-01 22:24:30.260  2501  2501 V GraphicsEnvironment: com.aistudio.ereader.xynk is not listed in per-application setting
06-01 22:24:30.261  2501  2501 V GraphicsEnvironment: ANGLE allowlist from config: com.dreamgames.royalmatch com.dts.freefiremax com.dxx.firenow com.gramgames.mergedragons com.ludo.king com.mojang.minecraftpe com.my.defense com.nintendo.zaka com.os.airforce com.playrix.fishdomdd.gplay io.teslatech.callbreak jp.konami.prospia net.peakgames.toonblast
06-01 22:24:30.261  2501  2501 V GraphicsEnvironment: com.aistudio.ereader.xynk is not listed in ANGLE allowlist or settings, returning default
06-01 22:24:30.261  1710  2128 I DialerSingletonScopedExternalsLogging: com.google.android.dialershared.externals.logging.SingletonScopedExternalsLogging.recordCallMethodInvocation:75 event: TIKTOK_WORK_EXECUTION_MONITOR_ON_WORK_STARTED, function parameters: [80e29ffe-8ff1-4248-ba43-a2144d2d96a0,com.android.dialer.voicemail.notification.receivers.VoicemailNotificationWorker], return value: <empty>
06-01 22:24:30.261  2501  2501 V GraphicsEnvironment: Neither updatable production driver nor prerelease driver is supported.
06-01 22:24:30.264  2465  2537 D WM-PackageManagerHelper: Skipping component enablement for androidx.work.impl.background.systemalarm.RescheduleReceiver
06-01 22:24:30.264  2465  2465 D WM-WorkerWrapper: Starting work for com.android.deskclock.indexing.job.ReindexAppSearchWorker
06-01 22:24:30.282  2465  2465 D WM-SystemJobService: onStartJob for WorkGenerationalId(workSpecId=595deac5-b772-4040-8269-922a0c4e53e9, generation=0)
06-01 22:24:30.284  2465  2544 D WM-Processor: Work WorkGenerationalId(workSpecId=595deac5-b772-4040-8269-922a0c4e53e9, generation=0) is already enqueued for processing
06-01 22:24:30.288  2292  2373 W JobInfo : Requested important-while-foreground flag for job1772 is ignored and takes no effect
06-01 22:24:30.288  1710  2084 I DialerVoicemailStatusDataServiceImpl: com.android.dialer.voicemailstatus.dataservice.impl.VoicemailStatusDataServiceImpl.insertOrUpdateVoicemailStatus:241 enter
06-01 22:24:30.288  2292  2373 D WM-SystemJobScheduler: Scheduling work ID ce2f2e4f-8765-446e-b9a5-ff2f4e172aa1Job ID 1772
06-01 22:24:30.305  1710  1710 W ActivityThread: getPackageInfo() called with an older ApplicationInfo than the cached version for package com.google.android.dialer
06-01 22:24:30.310  2292  2375 I BugleRcsEngine: [SR]: Single Registration is disabled. Skipping Single Registration capability check for subId: 1 [CONTEXT thread_id=61 ]
06-01 22:24:30.313  2292  2375 I BugleRcsEngine: No RCS Configuration was found in Bugle for simID: redacted-pii:sim_id[chars:20,last3:897] [CONTEXT log_prefix="ProvisioningEngineDataRetriever" thread_id=61 ]
06-01 22:24:30.313  2292  2375 I BugleRcsProvisioning: RcsAvailability configuration availability and enabled status: simId: redacted-pii:sim_id[chars:20,last3:897], SipConnectionType: DUAL_REG, isConfigurationAvailableAndEnabled: false
06-01 22:24:30.313  2292  2375 I BugleRcsProvisioning: Checking isConfigServerUrlAvailable with simId: redacted-pii:sim_id[chars:20,last3:897], 
06-01 22:24:30.314  2292  2375 I BugleRcsEngine: getConfigServerUrl with simId: redacted-pii:sim_id[chars:20,last3:897] [CONTEXT log_prefix="ProvisioningServerUtil" thread_id=61 ]
06-01 22:24:30.315  2292  2375 I BugleRcsEngine: Using config server URL from cssc [CONTEXT log_prefix="ProvisioningServerUtil" thread_id=61 ]
06-01 22:24:30.319  2063  2229 I WM-WorkerWrapper: Worker result SUCCESS for Work [ id=614e2492-bab2-45ad-ab4b-b015799941ff, tags={ com.google.apps.tiktok.contrib.work.TikTokListenableWorker,com.google.apps.tiktok.sync.impl.workmanager.SyncWorker,sync_constraint:none,TikTokWorker#com.google.apps.tiktok.sync.impl.workmanager.SyncWorker } ]
06-01 22:24:30.320   948   948 W ClockSizeTransition$SmartspaceMoveTransition: Skipping no-op transition: com.android.systemui.statusbar.phone.NotificationIconContainer{cd4108 G.E...... ......I. 0,230-1080,356 #7f0a00d3 app:id/aod_notification_icon_container} { overrideIconColor=false, maxIcons=2147483647, isStaticLayout=true, themedTextColorPrimary=#ff1a1b20 }; vis: INVISIBLE -> GONE; alpha: 0.0 -> 0.0; bounds: Rect(0, 230 - 1080, 356) -> Rect(0, 230 - 1080, 356); 
06-01 22:24:30.323  1710  2084 I DialerVoicemailNotificationWorker: com.android.dialer.voicemail.notification.receivers.VoicemailNotificationWorker$startWork$1.invokeSuspend:33 enter
06-01 22:24:30.323  1710  2084 I DialerVoicemailNotifierImpl: com.android.dialer.voicemail.notification.impl.VoicemailNotifierImpl.updateNotification:186 enter
06-01 22:24:30.323  1710  1710 I DialerVoicemailPowerCycleReceiver: com.android.dialer.voicemail.service.receivers.VoicemailPowerCycleReceiver.onReceive:59 onReceive with intent action: android.intent.action.BOOT_COMPLETED
06-01 22:24:30.323  1474  1863 I AiAiEcho: Predicting[0]:  [CONTEXT sampling_count=5 ]
06-01 22:24:30.325  1474  1863 I AiAiEcho: EchoTargets: 
06-01 22:24:30.325  1474  1863 I AiAiEcho: Filtered by AiAi flag check: 
06-01 22:24:30.325  1474  1863 I AiAiEcho: [CONTEXT ratelimit_period="10 SECONDS" ]
06-01 22:24:30.326  1474  1863 I AiAiEcho: #remoteViewsTwiddler: feature disabled.
06-01 22:24:30.326  1474  2560 I AiAiCaptions: maybeUpdateComponentsManagerAndRegisterListeners(): registering receivers
06-01 22:24:30.328  1710  2084 I DialerRecentEmergencyCallIdentifier: com.google.android.dialershared.emergencycallback.RecentEmergencyCallIdentifier.hasRecentEmergencyCall:64 Last emergency call time not available. Not an emergency callback.
06-01 22:24:30.329  2292  2373 W JobInfo : Requested important-while-foreground flag for job1771 is ignored and takes no effect
06-01 22:24:30.329  2292  2373 D WM-SystemJobScheduler: Scheduling work ID 08ba6095-974c-4636-91de-cdb0bac1de87Job ID 1771
06-01 22:24:30.330   688  1749 D SystemServerTiming: getUserSwitchability-0
06-01 22:24:30.332   688  1749 D SystemServerTiming: TM.isInCall
06-01 22:24:30.333   688  1749 D SystemServerTiming: hasUserRestriction-DISALLOW_USER_SWITCH
06-01 22:24:30.337  1474  1863 I AiAiEcho: Predicting[0]:  [CONTEXT sampling_count=5 ]
06-01 22:24:30.337  1474  1863 I AiAiEcho: EchoTargets: 
06-01 22:24:30.337  1474  1863 I AiAiEcho: Filtered by AiAi flag check: 
06-01 22:24:30.337  1474  1863 I AiAiEcho: [CONTEXT ratelimit_period="10 SECONDS" ]
06-01 22:24:30.339  2546  2546 D nativeloader: Configuring clns-shared-9 for other apk /system/app/Traceur/Traceur.apk. target_sdk_version=35, uses_libraries=, library_path=/system/app/Traceur/lib/x86_64:/system/lib64:/system_ext/lib64, permitted_path=/data:/mnt/expand:/data/user/0/com.android.traceur:/system/app/Traceur:/system/lib64:/system_ext/lib64
06-01 22:24:30.339   688  1749 D SystemServerTiming: getInt-ALLOW_USER_SWITCHING_WHEN_SYSTEM_USER_LOCKED
06-01 22:24:30.342  1474  1863 I AiAiEcho: #remoteViewsTwiddler: feature disabled.
06-01 22:24:30.343   688  1749 D SystemServerTiming: isUserUnlocked-USER_SYSTEM
06-01 22:24:30.343  1710  1710 I DialerVoicemailPowerCycleReceiver: com.android.dialer.voicemail.service.receivers.VoicemailPowerCycleReceiver.onBoot:97 onBoot [CONTEXT enable_persistent_logger=true ]
06-01 22:24:30.344  1474  1863 I AiAiEcho: #postPredictionTargets: Sending updates to UISurface lockscreen with targets# 0 (types=[])
06-01 22:24:30.344  1474  1863 I AiAiEcho: #postPredictionTargets: Sending updates to UISurface home with targets# 0 (types=[])
06-01 22:24:30.346  1084  1084 D SsBaseTemplateCard: No text view can be set up
06-01 22:24:30.346  1084  1084 D SsBaseTemplateCard: Passed-in item info is null
06-01 22:24:30.346  1084  1084 D SsBaseTemplateCard: Passed-in item info is null
06-01 22:24:30.346  1084  1084 D SsBaseTemplateCard: Passed-in item info is null
06-01 22:24:30.346  1084  1084 I SsBaseTemplateCard: Secondary card pane is null
06-01 22:24:30.349   948   948 W PageIndicator: Total number of pages invalid: 0. Assuming 1 page.
06-01 22:24:30.354   688   915 D SystemServerTiming: getUserSwitchability-0
06-01 22:24:30.354   688   915 D SystemServerTiming: TM.isInCall
06-01 22:24:30.354   688   915 D SystemServerTiming: hasUserRestriction-DISALLOW_USER_SWITCH
06-01 22:24:30.354   688   915 D SystemServerTiming: getInt-ALLOW_USER_SWITCHING_WHEN_SYSTEM_USER_LOCKED
06-01 22:24:30.354   688   915 D SystemServerTiming: isUserUnlocked-USER_SYSTEM
06-01 22:24:30.359  1474  2560 I AiAiCaptions: TtsLangFetcherImpl::fetch(). Fetching locales en_US
06-01 22:24:30.364  1474  1863 I AiAiEcho: Predicting[0]:  [CONTEXT sampling_count=5 ]
06-01 22:24:30.365  1474  1863 I AiAiEcho: EchoTargets: 
06-01 22:24:30.365  1474  1863 I AiAiEcho: Filtered by AiAi flag check: 
06-01 22:24:30.365  1474  1863 I AiAiEcho: [CONTEXT ratelimit_period="10 SECONDS" ]
06-01 22:24:30.365  1474  1863 I AiAiEcho: #remoteViewsTwiddler: feature disabled.
06-01 22:24:30.366   688  1171 D ConnectivityService: requestNetwork for uid/pid:10142/1710 activeRequest: null callbackRequest: 97 [NetworkRequest [ REQUEST id=98, [ Capabilities: INTERNET&NOT_RESTRICTED&TRUSTED&NOT_VCN_MANAGED&NOT_BANDWIDTH_CONSTRAINED Uid: 10142 RequestorUid: 10142 RequestorPkg: com.google.android.dialer UnderlyingNetworks: Null] ]] callback flags: 0 order: 2147483647 isUidTracked: false declaredMethods: AVAIL|LOST|NC|BLK
06-01 22:24:30.366  1474  1863 I AiAiEcho: Predicting[0]:  [CONTEXT sampling_count=5 ]
06-01 22:24:30.366  1474  1863 I AiAiEcho: EchoTargets: 
06-01 22:24:30.366  1474  1863 I AiAiEcho: Filtered by AiAi flag check: 
06-01 22:24:30.366  1474  1863 I AiAiEcho: [CONTEXT ratelimit_period="10 SECONDS" ]
06-01 22:24:30.368  1474  1863 I AiAiEcho: #remoteViewsTwiddler: feature disabled.
06-01 22:24:30.370  1474  1863 I AiAiEcho: #postPredictionTargets: Sending updates to UISurface lockscreen with targets# 0 (types=[])
06-01 22:24:30.370   688   842 D WifiNetworkFactory: got request NetworkRequest [ REQUEST id=98, [ Capabilities: INTERNET&NOT_RESTRICTED&TRUSTED&NOT_VCN_MANAGED&NOT_BANDWIDTH_CONSTRAINED Uid: 10142 RequestorUid: 10142 RequestorPkg: com.google.android.dialer UnderlyingNetworks: Null] ]
06-01 22:24:30.371   688   842 D UntrustedWifiNetworkFactory: got request NetworkRequest [ REQUEST id=98, [ Capabilities: INTERNET&NOT_RESTRICTED&TRUSTED&NOT_VCN_MANAGED&NOT_BANDWIDTH_CONSTRAINED Uid: 10142 RequestorUid: 10142 RequestorPkg: com.google.android.dialer UnderlyingNetworks: Null] ]
06-01 22:24:30.371  1474  2560 I ogle.android.as: AssetManager2(0x7bbe42443d98) locale list changing from [] to [en-US]
06-01 22:24:30.372   688   842 D OemPaidWifiNetworkFactory: got request NetworkRequest [ REQUEST id=98, [ Capabilities: INTERNET&NOT_RESTRICTED&TRUSTED&NOT_VCN_MANAGED&NOT_BANDWIDTH_CONSTRAINED Uid: 10142 RequestorUid: 10142 RequestorPkg: com.google.android.dialer UnderlyingNetworks: Null] ]
06-01 22:24:30.373   948   948 W PageIndicator: Total number of pages invalid: 0. Assuming 1 page.
06-01 22:24:30.373  1474  1863 I AiAiEcho: #postPredictionTargets: Sending updates to UISurface home with targets# 0 (types=[])
06-01 22:24:30.375   688   842 D MultiInternetWifiNetworkFactory: got request NetworkRequest [ REQUEST id=98, [ Capabilities: INTERNET&NOT_RESTRICTED&TRUSTED&NOT_VCN_MANAGED&NOT_BANDWIDTH_CONSTRAINED Uid: 10142 RequestorUid: 10142 RequestorPkg: com.google.android.dialer UnderlyingNetworks: Null] ]
06-01 22:24:30.375  1084  1084 D SsBaseTemplateCard: No text view can be set up
06-01 22:24:30.375  1084  1084 D SsBaseTemplateCard: Passed-in item info is null
06-01 22:24:30.376  1084  1084 D SsBaseTemplateCard: Passed-in item info is null
06-01 22:24:30.376  1084  1084 D SsBaseTemplateCard: Passed-in item info is null
06-01 22:24:30.376  1084  1084 I SsBaseTemplateCard: Secondary card pane is null
06-01 22:24:30.378   688   848 D ConnectivityService: NetReassign [98 : null → 100] [c 0] [a 2] [i 8]
06-01 22:24:30.379  1474  2560 I TextToSpeech: Sucessfully bound to com.google.android.tts
06-01 22:24:30.380   688  1171 D TextToSpeechManagerPerUserService: Trying to start connection to TTS engine: com.google.android.tts
06-01 22:24:30.391  2546  2546 D CompatChangeReporter: Compat change id reported: 202956589; UID 10131; state: ENABLED
06-01 22:24:30.398  1882  1882 W ActivityThread: getPackageInfo() called with an older ApplicationInfo than the cached version for package com.google.android.apps.restore
06-01 22:24:30.399  1600  2283 W ProviderHelper: Unknown dynamite feature providerinstaller.dynamite
06-01 22:24:30.399  1600  2283 I DynamiteModule: Considering local module com.google.android.gms.providerinstaller.dynamite:1 and remote module com.google.android.gms.providerinstaller.dynamite:0
06-01 22:24:30.399  1600  2283 I DynamiteModule: Selected local version of com.google.android.gms.providerinstaller.dynamite
06-01 22:24:30.404  2292  2373 W JobInfo : Requested important-while-foreground flag for job1757 is ignored and takes no effect
06-01 22:24:30.404  2292  2373 D WM-SystemJobScheduler: Scheduling work ID 27bec016-6efa-48cf-b01d-eefd3d393f55Job ID 1757
06-01 22:24:30.406   688   688 V GrammaticalInflectionUtils: AttributionSource: android.content.AttributionSource@50b9a189 does not have READ_SYSTEM_GRAMMATICAL_GENDER permission.
06-01 22:24:30.414  1710  2047 D WM-ConstraintTracker: ghk: initial state = false
06-01 22:24:30.415  1710  2047 D WM-BrdcstRcvrCnstrntTrc: ghk: registering receiver
06-01 22:24:30.416  2501  2501 D WM-WrkMgrInitializer: Initializing WorkManager with default configuration.
06-01 22:24:30.431  2546  2546 I android.traceur: AssetManager2(0x7bbe42430e78) locale list changing from [] to [en-US]
06-01 22:24:30.440   688   898 D BackgroundInstallControlService: Package event received: 0
06-01 22:24:30.444  2292  2375 I BugleRcsProvisioning: RcsAvailability: Subscription Id: 1, simId: redacted-pii:sim_id[chars:20,last3:897], sipConnectionType: DUAL_REG, isRcsAvailable: false
06-01 22:24:30.445  2292  2375 I BugleRcsEngine: No RCS Configuration was found in Bugle for simID: redacted-pii:sim_id[chars:20,last3:897] [CONTEXT log_prefix="ProvisioningEngineDataRetriever" thread_id=61 ]
06-01 22:24:30.445  2292  2375 I BugleRcsProvisioning: updateAvailabilityForRcsProvisioningId. SimId: redacted-pii:sim_id[chars:20,last3:897], currentAvailability: 1, newAvailability: 10, hint: NO_HINT
06-01 22:24:30.447  2546  2546 V GraphicsEnvironment: Currently set values for:
06-01 22:24:30.447  2546  2546 V GraphicsEnvironment:   angle_gl_driver_selection_pkgs=[]
06-01 22:24:30.447  2546  2546 V GraphicsEnvironment:   angle_gl_driver_selection_values=[]
06-01 22:24:30.447  2546  2546 V GraphicsEnvironment: com.android.traceur is not listed in per-application setting
06-01 22:24:30.447  2546  2546 V GraphicsEnvironment: ANGLE allowlist from config: com.dreamgames.royalmatch com.dts.freefiremax com.dxx.firenow com.gramgames.mergedragons com.ludo.king com.mojang.minecraftpe com.my.defense com.nintendo.zaka com.os.airforce com.playrix.fishdomdd.gplay io.teslatech.callbreak jp.konami.prospia net.peakgames.toonblast
06-01 22:24:30.448  2546  2546 V GraphicsEnvironment: com.android.traceur is not listed in ANGLE allowlist or settings, returning default
06-01 22:24:30.448  2546  2546 V GraphicsEnvironment: Neither updatable production driver nor prerelease driver is supported.
06-01 22:24:30.448   948  1114 I QuickAccessWalletTile: QAW service is unavailable, recreating the wallet client.
06-01 22:24:30.449   486   486 D Zygote  : Forked child process 2568
06-01 22:24:30.451  2292  2375 I RcsProvisioningManager: Receive onRcsAvailabilityUpdate, SIM = redacted-pii:sim_id[chars:20,last3:897], availability = RcsAvailability{mAvailability=CARRIER_SETUP_PENDING (Carrier RCS is not set up)}
06-01 22:24:30.461  1600  1966 I Icing   : Removing corpus key com.google.android.deskclock-internal.3p:Alarm_cross_device for package com.google.android.deskclock
06-01 22:24:30.463  1710  2561 D WM-WorkConstraintsTrack: NetworkRequestConstraintController onCapabilitiesChanged callback
06-01 22:24:30.465  2292  2364 I RcsProvisioningManager: Cannot notify RcsVerifiedPhoneNumberListener because current availability is CARRIER_SETUP_PENDING instead of AVAILABLE.
06-01 22:24:30.465  1710  2561 D WM-WorkConstraintsTrack: Not dispatching constraint state yet: isBlocked=null, capabilitiesInitialized=true
06-01 22:24:30.465  1710  2561 D WM-WorkConstraintsTrack: NetworkRequestConstraintController onBlockedStatusChanged callback false
06-01 22:24:30.466  2568  2568 I gle.android.tts: Using CollectorTypeCMC GC.
06-01 22:24:30.467  2568  2568 W gle.android.tts: Unexpected CPU variant for x86: x86_64.
06-01 22:24:30.467  2568  2568 W gle.android.tts: Known variants: atom, sandybridge, silvermont, goldmont, goldmont-plus, goldmont-without-sha-xsaves, tremont, kabylake, alderlake, default
06-01 22:24:30.471  2292  2365 I RcsProvisioningManager: AvailabilityObserver.onUpdate : Notify RcsAvailabilityListener czul@82e264e onRcsAvailabilityUpdate, SIM = redacted-pii:sim_id[chars:20,last3:897], availability = 10
06-01 22:24:30.474  2568  2568 E gle.android.tts: Not starting debugger since process cannot load the jdwp agent.
06-01 22:24:30.475  2036  2036 W ActivityThread: getPackageInfo() called with an older ApplicationInfo than the cached version for package com.google.android.apps.wallpaper
06-01 22:24:30.480  1710  2047 D WM-WorkConstraintsTrack: NetworkRequestConstraintController send initial capabilities
06-01 22:24:30.484  1458  1800 I MediaProvider: Scanned internal due to REASON_MOUNTED, found 227 items in 14688ms, 0 inserts 7 updates 0 deletes
06-01 22:24:30.489  2568  2568 D nativeloader: Load libframework-connectivity-tiramisu-jni.so using APEX ns com_android_tethering for caller /apex/com.android.tethering/javalib/framework-connectivity-t.jar: ok
06-01 22:24:30.491  1600  1966 I native  : I0000 00:00:1780327470.491225    1966 flash-index.cc:1530] Flash index sort hb 56 prefix-hits 84 -> 84 at 0.370ms
06-01 22:24:30.503   688  1070 D AccessibilityManagerService: notifyQuickSettingsTilesChanged userId: 0, tileComponentNames: []
06-01 22:24:30.535   688   732 W ActivityManager: Slow operation: 121ms so far, now at startProcess: done updating battery stats
06-01 22:24:30.536   688   732 W ActivityManager: Slow operation: 122ms so far, now at startProcess: building log message
06-01 22:24:30.536   688   732 I ActivityManager: Start proc 2568:com.google.android.tts/u0a152 for service {com.google.android.tts/com.google.android.apps.speech.tts.googletts.service.GoogleTtsService}
06-01 22:24:30.536   688   732 W ActivityManager: Slow operation: 122ms so far, now at startProcess: starting to update pids map
06-01 22:24:30.537   688   732 I ActivityManager: ProcessObserver broadcast disabled
06-01 22:24:30.537   688   732 W ActivityManager: Slow operation: 123ms so far, now at startProcess: done updating pids map
06-01 22:24:30.559  2036  2036 W ActivityThread: getPackageInfo() called with an older ApplicationInfo than the cached version for package com.google.android.apps.wallpaper
06-01 22:24:30.563  1458  1800 V MediaProvider: attachVolume() called for external_primary with state:null
06-01 22:24:30.594  2292  2292 D WM-SystemJobService: onStartJob for WorkGenerationalId(workSpecId=27bec016-6efa-48cf-b01d-eefd3d393f55, generation=0)
06-01 22:24:30.594  2292  2373 W JobInfo : Requested important-while-foreground flag for job1778 is ignored and takes no effect
06-01 22:24:30.594  2292  2373 D WM-SystemJobScheduler: Scheduling work ID 08525ab9-08d3-4ca8-a010-da656a1db55fJob ID 1778
06-01 22:24:30.601  2568  2568 D ApplicationLoaders: Returning zygote-cached class loader: /system_ext/framework/androidx.window.extensions.jar
06-01 22:24:30.604  2568  2568 D ApplicationLoaders: Returning zygote-cached class loader: /system_ext/framework/androidx.window.sidecar.jar
06-01 22:24:30.615  1710  2084 I DialerLegacyCountryDetector: com.android.dialer.location.LegacyCountryDetector.getCurrentCountryIso:98 returning Redacted-2-chars
06-01 22:24:30.616  2292  2373 D WM-GreedyScheduler: Ignoring {WorkSpec: 4bbe0f97-af1e-43da-a9f7-7023d6f90f1f}. Requires device idle.
06-01 22:24:30.616  2292  2373 D WM-GreedyScheduler: Ignoring {WorkSpec: 8a71ddeb-024a-42d9-b323-09743e6c7207}. Requires device idle.
06-01 22:24:30.616  2292  2373 D WM-GreedyScheduler: Ignoring {WorkSpec: 1cfeb8ce-0bc6-4456-aa4f-dc3cf66674cd}. Requires device idle.
06-01 22:24:30.616  2292  2373 D WM-GreedyScheduler: Ignoring {WorkSpec: 48ce0983-9fd2-4ccc-93f1-14e323aa9613}. Requires device idle.
06-01 22:24:30.618  2292  2292 D WM-SystemJobService: onStartJob for WorkGenerationalId(workSpecId=08525ab9-08d3-4ca8-a010-da656a1db55f, generation=16)
06-01 22:24:30.635  2036  2036 W ActivityThread: getPackageInfo() called with an older ApplicationInfo than the cached version for package com.google.android.apps.wallpaper
06-01 22:24:30.641  2546  2546 I Traceur : Received BOOT_COMPLETE
06-01 22:24:30.646  2036  2036 I .apps.wallpaper: AssetManager2(0x7bbe424268d8) locale list changing from [] to [en-US]
06-01 22:24:30.647  2036  2036 D ThemeSanitizerReceiver: Already sanitized, skipping theme sanitizer
06-01 22:24:30.660   688   731 V GrammaticalInflectionUtils: AttributionSource: android.content.AttributionSource@33b73efa does not have READ_SYSTEM_GRAMMATICAL_GENDER permission.
06-01 22:24:30.697   486   486 D Zygote  : Forked child process 2584
06-01 22:24:30.713  1710  2225 D WM-WorkConstraintsTrack: NetworkRequestConstraintController send initial capabilities
06-01 22:24:30.717   688   732 W ActivityManager: Slow operation: 58ms so far, now at startProcess: done updating battery stats
06-01 22:24:30.717   688   732 W ActivityManager: Slow operation: 58ms so far, now at startProcess: building log message
06-01 22:24:30.717   688   732 I ActivityManager: Start proc 2584:com.google.android.onetimeinitializer/u0a135 for broadcast {com.google.android.onetimeinitializer/com.google.android.onetimeinitializer.OneTimeInitializerReceiver}
06-01 22:24:30.718   688   732 W ActivityManager: Slow operation: 58ms so far, now at startProcess: starting to update pids map
06-01 22:24:30.718   688   732 I ActivityManager: ProcessObserver broadcast disabled
06-01 22:24:30.718   688   732 W ActivityManager: Slow operation: 58ms so far, now at startProcess: done updating pids map
06-01 22:24:30.722  2151  2151 W ActivityThread: getPackageInfo() called with an older ApplicationInfo than the cached version for package com.google.android.as.oss
