06-01 22:24:36.359  1600  1600 D BoundBrokerSvc: onBind: Intent { act=com.google.android.gms.pay.service.BIND dat=chimera-action:/... xflg=0x4 cmp=com.google.android.gms/.chimera.GmsApiService }
06-01 22:24:36.362  1600  1600 D BoundBrokerSvc: Loading bound service for intent: Intent { act=com.google.android.gms.pay.service.BIND dat=chimera-action:/... xflg=0x4 cmp=com.google.android.gms/.chimera.GmsApiService }
06-01 22:24:36.378  1600  2283 V Configuration: Updating configuration, locales updated from [] to [en_US]
06-01 22:24:36.379  1600  2283 I gle.android.gms: AssetManager2(0x7bbe4242cff8) locale list changing from [] to [en-US]
06-01 22:24:36.382  1616  2004 D RemoteListenableDelegatingWorker: Cleaning up
06-01 22:24:36.390  1600  2283 W ProviderHelper: Unknown dynamite feature providerinstaller.dynamite
06-01 22:24:36.390  1600  2283 I DynamiteModule: Considering local module com.google.android.gms.providerinstaller.dynamite:1 and remote module com.google.android.gms.providerinstaller.dynamite:0
06-01 22:24:36.390  1600  2283 I DynamiteModule: Selected local version of com.google.android.gms.providerinstaller.dynamite
06-01 22:24:36.412  1374  1374 D PersistedStoragePackageUninstalledReceiver: Received android.intent.action.PACKAGE_DATA_CLEARED for com.aistudio.ereader.xynk for u0
06-01 22:24:36.413  1600  1600 I NearbySharing: Invalidate tile state due to state change.
06-01 22:24:36.417   688   710 W system_server: Suspending all threads took: 7.253ms
06-01 22:24:36.421  1279  2748 I Fitness : (REDACTED) FitCleanupIntentOperation received Intent %s
06-01 22:24:36.425  1616  2002 I bljx    : (REDACTED) getInitialSimplifiedOobeViaDeeplinkUser: %b
06-01 22:24:36.425  1616  2002 I aqhs    : (REDACTED) isDeeplinkEnabled %s, isInitialSimplifiedOobeViaDeeplinkUser %s
06-01 22:24:36.425  1616  2002 I bljx    : (REDACTED) getInitialSimplifiedOobeViaDeeplinkUser: %b
06-01 22:24:36.425  1616  2002 I aqhs    : (REDACTED) isDeeplinkEnabled %s, isInitialSimplifiedOobeViaDeeplinkUser %s
06-01 22:24:36.425  1616  2002 I ahnx    : User not OptedIn. Skipping Eligibility Checks.
06-01 22:24:36.427  1279  1363 I NearbySharing: Package com.google.android.gms has requested to register a state observer
06-01 22:24:36.427  1279  1279 I Dtdi    : (REDACTED) [TidepoolSettingsSubDelegate] Tidepool Toggles: %s, %s, %s, %s
06-01 22:24:36.427  1279  2765 I NearbySharing: Granted slice and uri permissions to com.google.android.apps.nbu.files
06-01 22:24:36.433  1279  2824 I NearbyPresence: (REDACTED) the count of deprecated key alias %s is %s
06-01 22:24:36.436  1616  2002 I aiwd    : default assist app metadata should not be logged
06-01 22:24:36.443  1616  2004 I WM-WorkerWrapper: Worker result SUCCESS for Work [ id=77428507-8f19-4b06-8a08-0145ac6de838, tags={ com.google.apps.tiktok.contrib.work.TikTokListenableWorker,GNP_SDK_JOB,TikTokWorker#com.google.android.libraries.notifications.platform.plugins.tiktokworker.GnpTikTokWorker } ]
06-01 22:24:36.444  1616  1616 D WM-Processor: oxa 77428507-8f19-4b06-8a08-0145ac6de838 executed; reschedule = false
06-01 22:24:36.444  1616  1616 D WM-SystemJobService: 77428507-8f19-4b06-8a08-0145ac6de838 executed on JobScheduler
06-01 22:24:36.444  1616  1616 D WM-GreedyScheduler: Stopping tracking for WorkGenerationalId(workSpecId=77428507-8f19-4b06-8a08-0145ac6de838, generation=0)
06-01 22:24:36.452  1279  2824 I NearbyPresence: (REDACTED) the count of deprecated key alias %s is %s
06-01 22:24:36.455   688  1754 D FileUtils: Rounded bytes from 4110155776 to 8000000000
06-01 22:24:36.462  1279  2824 I NearbyPresence: (REDACTED) the count of deprecated key alias %s is %s
06-01 22:24:36.470  1279  1296 I NearbySharing: A new client has bound to the NearbySharingService ClientBridge for calling package com.google.android.gms and PID 1600
06-01 22:24:36.487   688  1752 W ServiceManagerCppClient: Permission failure: android.permission.ACCESS_SURFACE_FLINGER from uid=10225 pid=0
06-01 22:24:36.490  1616  2028 I evtv    : Scheduling next wakeup
06-01 22:24:36.491  1616  2028 I evuv    : Scheduling next periodic WorkManager workers
06-01 22:24:36.494   688  1752 D PermissionCache: checking android.permission.ACCESS_SURFACE_FLINGER for uid=10225 => denied (7741 us)
06-01 22:24:36.501   688  1752 W ServiceManagerCppClient: Permission failure: android.permission.ROTATE_SURFACE_FLINGER from uid=10225 pid=0
06-01 22:24:36.507   688  1752 D PermissionCache: checking android.permission.ROTATE_SURFACE_FLINGER for uid=10225 => denied (6630 us)
06-01 22:24:36.507   688  1752 W ServiceManagerCppClient: Permission failure: android.permission.INTERNAL_SYSTEM_WINDOW from uid=10225 pid=0
06-01 22:24:36.507   688  1752 D PermissionCache: checking android.permission.INTERNAL_SYSTEM_WINDOW for uid=10225 => denied (215 us)
06-01 22:24:36.524  2063  2183 I .apps.wellbeing: AssetManager2(0x7bbe4242f258) locale list changing from [] to [en-US]
06-01 22:24:36.533  2501  2516 I HWUI    : Davey! duration=4599ms; Flags=1, FrameTimelineVsyncId=8379, IntendedVsync=59585764776, Vsync=59585764776, InputEventId=0, HandleInputStart=59597566700, AnimationStart=59597598500, PerformTraversalsStart=59597640400, DrawStart=64003208000, FrameDeadline=59602431442, FrameStartTime=59597534500, FrameInterval=16666666, WorkloadTarget=16666666, SyncQueued=64080505500, SyncStart=64083619100, IssueDrawCommandsStart=64083792000, SwapBuffers=64155621800, FrameCompleted=64188446900, DequeueBufferDuration=26600, QueueBufferDuration=269700, GpuCompleted=64188446900, SwapBuffersCompleted=64159773700, DisplayPresentTime=0, CommandSubmissionCompleted=64155621800, 
06-01 22:24:36.534   688   722 I ActivityTaskManager: Displayed com.aistudio.ereader.xynk/com.example.MainActivity for user 0: +8s150ms
06-01 22:24:36.543  1279  2733 I Fitness : (REDACTED) FitCleanupIntentOperation received Intent %s
06-01 22:24:36.555  2063  2183 I .apps.wellbeing: AssetManager2(0x7bbe42431e18) locale list changing from [] to [en-US]
06-01 22:24:36.568   568   568 E adbd    : failed to connect to socket 'tcp:1122': Connection refused
06-01 22:24:36.569  2153  2316 I bxxo    : (REDACTED) SBN: refreshCache, this: %s, fromBackground: %s
06-01 22:24:36.571  2153  2316 I bxxo    : SBN: start network request
06-01 22:24:36.574  2063  2183 I .apps.wellbeing: AssetManager2(0x7bbe42432db8) locale list changing from [] to [en-US]
06-01 22:24:36.579   568   568 E adbd    : failed to connect to socket 'tcp:1122': Connection refused
06-01 22:24:36.581  2063  2183 I .apps.wellbeing: AssetManager2(0x7bbe4242d638) locale list changing from [] to [en-US]
06-01 22:24:36.584  2501  2501 I Choreographer: Skipped 256 frames!  The application may be doing too much work on its main thread.
06-01 22:24:36.585   568   568 E adbd    : failed to connect to socket 'tcp:1123': Connection refused
06-01 22:24:36.597   568   568 E adbd    : failed to connect to socket 'tcp:1123': Connection refused
06-01 22:24:36.600  2063  2183 I .apps.wellbeing: AssetManager2(0x7bbe4242fbb8) locale list changing from [] to [en-US]
06-01 22:24:36.607   568   568 E adbd    : failed to connect to socket 'tcp:1124': Connection refused
06-01 22:24:36.613  1279  2765 I NearbySharing: com.google.android.gms.nearby.sharing.receive.SamsungQrCodeActivity enable=false
06-01 22:24:36.615   568   568 E adbd    : failed to connect to socket 'tcp:1124': Connection refused
06-01 22:24:36.627   568   568 E adbd    : failed to connect to socket 'tcp:1125': Connection refused
06-01 22:24:36.631  1474  2126 E AiAiEcho: EchoSearch: SettingsFetcherImpl: DB already exists.
06-01 22:24:36.635   568   568 E adbd    : failed to connect to socket 'tcp:1125': Connection refused
06-01 22:24:36.637  2802  2802 W droid.apps.docs: Failed to find entry 'classes.dex': Entry not found
06-01 22:24:36.646   568   568 E adbd    : failed to connect to socket 'tcp:1126': Connection refused
06-01 22:24:36.652   568   568 E adbd    : failed to connect to socket 'tcp:1126': Connection refused
06-01 22:24:36.657   688   807 I ImeTracker: com.aistudio.ereader.xynk:744bbb3: onRequestHide at ORIGIN_SERVER reason HIDE_UNSPECIFIED_WINDOW fromUser false
06-01 22:24:36.660  2063  2183 I .apps.wellbeing: AssetManager2(0x7bbe4242cff8) locale list changing from [] to [en-US]
06-01 22:24:36.667   568   568 E adbd    : failed to connect to socket 'tcp:1127': Connection refused
06-01 22:24:36.671  1616  2004 D WM-GreedyScheduler: Cancelling work ID 77428507-8f19-4b06-8a08-0145ac6de838
06-01 22:24:36.675   568   568 E adbd    : failed to connect to socket 'tcp:1127': Connection refused
06-01 22:24:36.676  2802  2802 W droid.apps.docs: Failed to find entry 'classes.dex': Entry not found
06-01 22:24:36.677  2802  2802 W droid.apps.docs: Failed to find entry 'classes.dex': Entry not found
06-01 22:24:36.682  2802  2802 D nativeloader: Configuring clns-9 for other apk /data/app/~~5rR7yR-Pu4P-AyuiNUp1Hg==/com.google.android.apps.docs-jN2oLG0U1_alfxWc696Sbw==/base.apk:/data/app/~~5rR7yR-Pu4P-AyuiNUp1Hg==/com.google.android.apps.docs-jN2oLG0U1_alfxWc696Sbw==/split_config.en.apk:/data/app/~~5rR7yR-Pu4P-AyuiNUp1Hg==/com.google.android.apps.docs-jN2oLG0U1_alfxWc696Sbw==/split_config.x86_64.apk:/data/app/~~5rR7yR-Pu4P-AyuiNUp1Hg==/com.google.android.apps.docs-jN2oLG0U1_alfxWc696Sbw==/split_config.xxhdpi.apk. target_sdk_version=36, uses_libraries=, library_path=/data/app/~~5rR7yR-Pu4P-AyuiNUp1Hg==/com.google.android.apps.docs-jN2oLG0U1_alfxWc696Sbw==/lib/x86_64:/data/app/~~5rR7yR-Pu4P-AyuiNUp1Hg==/com.google.android.apps.docs-jN2oLG0U1_alfxWc696Sbw==/base.apk!/lib/x86_64:/data/app/~~5rR7yR-Pu4P-AyuiNUp1Hg==/com.google.android.apps.docs-jN2oLG0U1_alfxWc696Sbw==/split_config.en.apk!/lib/x86_64:/data/app/~~5rR7yR-Pu4P-AyuiNUp1Hg==/com.google.android.apps.docs-jN2oLG0U1_alfxWc696Sbw==/split_config.x86_64.apk!/lib/x86_64:/data/app/~~5rR7yR-Pu4P-AyuiNUp
06-01 22:24:36.682   568   568 E adbd    : failed to connect to socket 'tcp:1128': Connection refused
06-01 22:24:36.683  2501  2501 D InsetsController: hide(ime(), fromIme=false)
06-01 22:24:36.683  2501  2501 I ImeTracker: com.aistudio.ereader.xynk:744bbb3: onCancelled at PHASE_CLIENT_ALREADY_HIDDEN
06-01 22:24:36.691   568   568 E adbd    : failed to connect to socket 'tcp:1128': Connection refused
06-01 22:24:36.699   568   568 E adbd    : failed to connect to socket 'tcp:1129': Connection refused
06-01 22:24:36.705   568   568 E adbd    : failed to connect to socket 'tcp:1129': Connection refused
06-01 22:24:36.711  1402  1402 I GoogleInputMethodService: GoogleInputMethodService.onFinishInput():2259 
06-01 22:24:36.712  1402  1402 I Module  : DeviceLockedStatusModuleProvider$Module.updateDeviceLockedStatus():103 repeatCheckTimes = 0, locked = false
06-01 22:24:36.714  1402  1402 I GoogleInputMethodService: GoogleInputMethodService.onStartInput():1446 onStartInput(EditorInfo{EditorInfo{packageName=com.aistudio.ereader.xynk, inputType=0, inputTypeString=NULL, enableLearning=false, autoCorrection=false, autoComplete=false, imeOptions=0, privateImeOptions=null, actionName=UNSPECIFIED, actionLabel=null, initialSelStart=-1, initialSelEnd=-1, initialCapsMode=0, label=null, fieldId=0, fieldName=null, extras=null, hintText=null, hintLocales=[]}}, false)
06-01 22:24:36.715  1402  1402 W AndroidIME: LatinIMEBase.updateInputViewCoverNavigation():327 Null input view, cannot update padding!
06-01 22:24:36.719   568   568 E adbd    : failed to connect to socket 'tcp:1130': Connection refused
06-01 22:24:36.724  2802  2802 I droid.apps.docs: AssetManager2(0x7bbe42430e78) locale list changing from [] to [en-US]
06-01 22:24:36.726   568   568 E adbd    : failed to connect to socket 'tcp:1130': Connection refused
06-01 22:24:36.730   688   768 I ImeTracker: system_server:92c5cb7b: onRequestHide at ORIGIN_SERVER reason IME_REQUESTED_CHANGED_LISTENER fromUser false
06-01 22:24:36.731  1402  1402 I Module  : DeviceLockedStatusModuleProvider$Module.updateDeviceLockedStatus():103 repeatCheckTimes = 1, locked = false
06-01 22:24:36.733   568   568 E adbd    : failed to connect to socket 'tcp:1131': Connection refused
06-01 22:24:36.738   568   568 E adbd    : failed to connect to socket 'tcp:1131': Connection refused
06-01 22:24:36.746  2802  2802 V GraphicsEnvironment: Currently set values for:
06-01 22:24:36.746  2802  2802 V GraphicsEnvironment:   angle_gl_driver_selection_pkgs=[]
06-01 22:24:36.746  2802  2802 V GraphicsEnvironment:   angle_gl_driver_selection_values=[]
06-01 22:24:36.746  2802  2802 V GraphicsEnvironment: com.google.android.apps.docs is not listed in per-application setting
06-01 22:24:36.747  2802  2802 V GraphicsEnvironment: ANGLE allowlist from config: com.dreamgames.royalmatch com.dts.freefiremax com.dxx.firenow com.gramgames.mergedragons com.ludo.king com.mojang.minecraftpe com.my.defense com.nintendo.zaka com.os.airforce com.playrix.fishdomdd.gplay io.teslatech.callbreak jp.konami.prospia net.peakgames.toonblast
06-01 22:24:36.747  2802  2802 V GraphicsEnvironment: com.google.android.apps.docs is not listed in ANGLE allowlist or settings, returning default
06-01 22:24:36.747  2802  2802 V GraphicsEnvironment: Neither updatable production driver nor prerelease driver is supported.
06-01 22:24:36.748  1616  2004 D WM-GreedyScheduler: Ignoring {WorkSpec: ea8a1d00-29d1-4555-b74d-1604ae991b65}. Requires device idle.
06-01 22:24:36.750  1616  2004 D WM-GreedyScheduler: Starting tracking for 0261c2b3-dc17-488e-a97d-7bd489494f4c,a9f19216-b78e-44e1-8a6f-ae54eb914627,f189eea7-f40c-4cae-90d7-31fbcb99afbc,da9be75f-9540-4033-bb0e-fdecb4d2af8b,35614a1b-459f-4d52-8599-f2b2ed43db9c,7f6259ef-a196-4cb6-aa1a-1d704f7860e2,853a0f5d-d35d-4ccb-b98a-c1329792da13,78ccb6e0-f859-46b6-9b7b-4b8b69aa2938,a206116e-894f-45ec-8e50-5f3cab62f18a,f0a25091-fd9d-4b1e-b032-a0e9c65ac5d1,ed2966f8-bf4e-4238-b917-a71ccf1a129d
06-01 22:24:36.751   568   568 E adbd    : failed to connect to socket 'tcp:1132': Connection refused
06-01 22:24:36.759   568   568 E adbd    : failed to connect to socket 'tcp:1132': Connection refused
06-01 22:24:36.779   688   725 I ImeTracker: system_server:92c5cb7b: onCancelled at PHASE_SERVER_SHOULD_HIDE
06-01 22:24:36.780  1279  2752 I ProximityAuth: [RecentAppsMediator] Package added: (user=UserHandle{0}) com.aistudio.ereader.xynk
06-01 22:24:36.791   688  1307 W PackageConfigPersister: App-specific configuration not found for packageName: com.aistudio.ereader.xynk and userId: 0
06-01 22:24:36.816  1279  2752 I .gms.persistent: AssetManager2(0x7bbe4243b418) locale list changing from [] to [en-US]
06-01 22:24:36.843  1279  1279 I RCNIntentOperation: RCN is disabled on this network.
06-01 22:24:36.848   688  1730 W ParceledListSlice: Element #27 is 21192 bytes.
06-01 22:24:36.848   688  1730 W ParceledListSlice: Element #28 is 21372 bytes.
06-01 22:24:36.848   688  1730 W ParceledListSlice: Overly large reply size: 83644
06-01 22:24:36.852   688  1752 W ParceledListSlice: Element #29 is 21584 bytes.
06-01 22:24:36.852   688  1752 W ParceledListSlice: Element #30 is 21096 bytes.
06-01 22:24:36.857   688   795 E ActivityManager: Sending non-protected broadcast android.intent.action.UPDATE_CT_LOGS from system uid 1000 pkg android
06-01 22:24:36.857   688   795 E ActivityManager: java.lang.Throwable
06-01 22:24:36.857   688   795 E ActivityManager: 	at com.android.server.am.BroadcastController.checkBroadcastFromSystem(BroadcastController.java:2145)
06-01 22:24:36.857   688   795 E ActivityManager: 	at com.android.server.am.BroadcastController.broadcastIntentLockedTraced(BroadcastController.java:1646)
06-01 22:24:36.857   688   795 E ActivityManager: 	at com.android.server.am.BroadcastController.broadcastIntentLocked(BroadcastController.java:807)
06-01 22:24:36.857   688   795 E ActivityManager: 	at com.android.server.am.BroadcastController.broadcastIntentInPackage(BroadcastController.java:774)
06-01 22:24:36.857   688   795 E ActivityManager: 	at com.android.server.am.ActivityManagerService$LocalService.broadcastIntentInPackage(ActivityManagerService.java:17221)
06-01 22:24:36.857   688   795 E ActivityManager: 	at com.android.server.am.PendingIntentRecord.sendInner(PendingIntentRecord.java:674)
06-01 22:24:36.857   688   795 E ActivityManager: 	at com.android.server.am.PendingIntentRecord.sendWithResult(PendingIntentRecord.java:380)
06-01 22:24:36.857   688   795 E ActivityManager: 	at com.android.server.am.ActivityManagerService.sendIntentSender(ActivityManagerService.java:5618)
06-01 22:24:36.857   688   795 E ActivityManager: 	at android.app.PendingIntent.sendAndReturnResult(PendingIntent.java:1116)
06-01 22:24:36.857   688   795 E ActivityManager: 	at android.app.PendingIntent.send(PendingIntent.java:1082)
06-01 22:24:36.857   688   795 E ActivityManager: 	at com.android.server.alarm.AlarmManagerService$DeliveryTracker.deliverLocked(AlarmManagerService.java:5358)
06-01 22:24:36.857   688   795 E ActivityManager: 	at com.android.server.alarm.AlarmManagerService.deliverAlarmsLocked(AlarmManagerService.java:4322)
06-01 22:24:36.857   688   795 E ActivityManager: 	at com.android.server.alarm.AlarmManagerService$AlarmThread.run(AlarmManagerService.java:4598)
06-01 22:24:36.866  1279  1524 I FontLog : (REDACTED) Received query %s, URI %s
06-01 22:24:36.866  1279  1524 I FontLog : (REDACTED) Query [%s] resolved to %s
06-01 22:24:36.873  1279  1524 I FontLog : (REDACTED) Fetch %s end status %s
06-01 22:24:36.887  1279  1524 I FontLog : (REDACTED) Pulling font file for id = %d, cache size = %d
06-01 22:24:36.899  1474  2126 I ogle.android.as: AssetManager2(0x7bbe42459b98) locale list changing from [] to [en-US]
06-01 22:24:36.925  1279  2752 I Fitness : (REDACTED) FitCleanupIntentOperation received Intent %s
06-01 22:24:36.928  1279  1279 D BoundBrokerSvc: onBind: Intent { act=com.google.android.gms.nearby.uwb.service.START dat=chimera-action:/... xflg=0x4 cmp=com.google.android.gms/.chimera.PersistentApiServiceNoInstantApps }
06-01 22:24:36.931  1279  1279 D BoundBrokerSvc: Loading bound service for intent: Intent { act=com.google.android.gms.nearby.uwb.service.START dat=chimera-action:/... xflg=0x4 cmp=com.google.android.gms/.chimera.PersistentApiServiceNoInstantApps }
06-01 22:24:36.946  1084  1084 D BaseDepthController: setSurface:
06-01 22:24:36.946  1084  1084 D BaseDepthController: 	mWaitingOnSurfaceValidity: false
06-01 22:24:36.946  1084  1084 D BaseDepthController: 	mBaseSurface: null
06-01 22:24:36.946  1084  1084 D BaseDepthController: mSurface is null and mCurrentBlur is: 0
06-01 22:24:36.947  1084  1084 D StateManager: goToState - fromState: Normal, toState: Normal, partial trace:
06-01 22:24:36.947  1084  1084 D StateManager: 	at com.android.launcher3.statemanager.StateManager.moveToRestState(go/retraceme 72a59688580715d19f0e415c69e80376c2f062d1648c80db6730905005a27c20:4)
06-01 22:24:36.947  1084  1084 D StateManager: 	at com.android.launcher3.statemanager.StateManager.moveToRestState(go/retraceme 72a59688580715d19f0e415c69e80376c2f062d1648c80db6730905005a27c20:1)
06-01 22:24:36.947  1084  1084 D StateManager: 	at com.android.launcher3.statemanager.StatefulActivity.onStop(go/retraceme 72a59688580715d19f0e415c69e80376c2f062d1648c80db6730905005a27c20:34)
06-01 22:24:36.949  1084  1084 D StatsLog: LAUNCHER_ONSTOP
06-01 22:24:36.962  1084  1084 D StatsLog: LAUNCHER_GOOGLE_SEARCH_RESTORE_LIST_SIZE_AFTER_ACTIVITY_RESTART
06-01 22:24:36.963  1474  2126 I ogle.android.as: AssetManager2(0x7bbe42453158) locale list changing from [] to [en-US]
06-01 22:24:36.964  1474  2126 I ogle.android.as: AssetManager2(0x7bbe42455d18) locale list changing from [] to [en-US]
06-01 22:24:36.964  1474  2126 I ogle.android.as: AssetManager2(0x7bbe42453798) locale list changing from [] to [en-US]
06-01 22:24:36.964  1279  2821 I NearbyUWB: Use AOSP Backend in UWB API. [CONTEXT service_id=49 ]
06-01 22:24:36.965  1474  2126 I ogle.android.as: AssetManager2(0x7bbe42453ab8) locale list changing from [] to [en-US]
06-01 22:24:36.991   688   898 D BackgroundInstallControlService: Package event received: 0
06-01 22:24:36.996  1279  2748 I FontLog : (REDACTED) Package %s has no metadata
06-01 22:24:36.997   688   842 D WifiConfigStore: Writing to stores completed in 127 ms.
06-01 22:24:37.005  1279  1363 I NearbyUWB: (REDACTED) onGetService: Create client bridge with key %s
06-01 22:24:37.006  1279  1363 I NearbyUWB: (REDACTED) Analytics is enabled for package %s
06-01 22:24:37.011  1474  2126 I ogle.android.as: AssetManager2(0x7bbe42458298) locale list changing from [] to [en-US]
06-01 22:24:37.019  1279  2824 I NearbyPresence: (REDACTED) %s: Start BleAdvertiseBluetoothProvider.
06-01 22:24:37.028  1616  2004 D WM-GreedyScheduler: Cancelling work ID ed2966f8-bf4e-4238-b917-a71ccf1a129d
06-01 22:24:37.029   688   848 D ConnectivityService: NetReassign [no changes] [c 2] [a 11] [i 1]
06-01 22:24:37.037   688  1750 W IPCThreadState: Sending oneway calls to frozen process.
06-01 22:24:37.046  1616  2004 D WM-SystemJobScheduler: Scheduling work ID ed2966f8-bf4e-4238-b917-a71ccf1a129dJob ID 538
06-01 22:24:37.063   688   898 D BackgroundInstallControlService: Package event received: 0
06-01 22:24:37.075   688   898 D BackgroundInstallControlService: Package event received: 0
06-01 22:24:37.078   688   898 D BackgroundInstallControlService: Package event received: 0
06-01 22:24:37.083   688   898 D BackgroundInstallControlService: Package event received: 0
06-01 22:24:37.086  1474  2126 I ogle.android.as: AssetManager2(0x7bbe42455098) locale list changing from [] to [en-US]
06-01 22:24:37.093   688  2449 D UwbServiceCore: registerAdapterStateCallbacks(): notify adapterState = 1, reason = 3
06-01 22:24:37.113  1616  2004 D WM-GreedyScheduler: Ignoring {WorkSpec: ea8a1d00-29d1-4555-b74d-1604ae991b65}. Requires device idle.
06-01 22:24:37.130  1474  2126 I AiAiEcho: EchoSearch: WidgetFetcherImpl is initialized with [34] widgets [reason=module initialized]
06-01 22:24:37.148  1616  2004 D WM-GreedyScheduler: Starting tracking for 0261c2b3-dc17-488e-a97d-7bd489494f4c,a9f19216-b78e-44e1-8a6f-ae54eb914627,f189eea7-f40c-4cae-90d7-31fbcb99afbc,da9be75f-9540-4033-bb0e-fdecb4d2af8b,35614a1b-459f-4d52-8599-f2b2ed43db9c,7f6259ef-a196-4cb6-aa1a-1d704f7860e2,853a0f5d-d35d-4ccb-b98a-c1329792da13,78ccb6e0-f859-46b6-9b7b-4b8b69aa2938,a206116e-894f-45ec-8e50-5f3cab62f18a,f0a25091-fd9d-4b1e-b032-a0e9c65ac5d1
06-01 22:24:37.140  1279  2765 I NearbySharing: Uwb feature is off.
06-01 22:24:37.155  1279  2765 I NearbySharing: Uwb feature is off.
06-01 22:24:37.199  1279  2765 I NearbySharing: Stopping scanning because Nearby Sharing is disabled.
06-01 22:24:37.202  2501  2501 I Choreographer: Skipped 30 frames!  The application may be doing too much work on its main thread.
06-01 22:24:37.205  1279  2821 I NearbyUWB: (REDACTED) Screen unlocked: %s
06-01 22:24:37.205  1279  2765 I NearbySharing: Stopping Fast Init advertisement because we're not scanning in the foreground.
06-01 22:24:37.207  2501  2514 I HWUI    : Davey! duration=4874ms; Flags=0, FrameTimelineVsyncId=8436, IntendedVsync=60002431426, Vsync=64269097922, InputEventId=0, HandleInputStart=64271137500, AnimationStart=64271187100, PerformTraversalsStart=64306865100, DrawStart=64314288400, FrameDeadline=64219097924, FrameStartTime=64270423600, FrameInterval=16666666, WorkloadTarget=16666666, SyncQueued=64315283600, SyncStart=64318031700, IssueDrawCommandsStart=64318180900, SwapBuffers=64331128200, FrameCompleted=64879186400, DequeueBufferDuration=30900, QueueBufferDuration=547243100, GpuCompleted=64878975500, SwapBuffersCompleted=64879186400, DisplayPresentTime=0, CommandSubmissionCompleted=64331128200, 
06-01 22:24:37.217  1279  2765 I NearbySharing: Stopping advertising because Nearby Sharing is disabled.
06-01 22:24:37.228  1279  2824 I NearbyPresence: (REDACTED) %s verified [!=] new request %s does not equal to the old request %s
06-01 22:24:37.230  1279  2824 I NearbyPresence: (REDACTED) %s verified [!=] new request %s does not equal to the old request %s
06-01 22:24:37.230  1279  1296 I FontLog : (REDACTED) Pulling font file for id = %d, cache size = %d
06-01 22:24:37.232  1279  2824 I NearbyPresence: (REDACTED) %s verified [!=] new request %s does not equal to the old request %s
06-01 22:24:37.232  1279  2765 I NearbySharing: There is no account metadata, return default instance.
06-01 22:24:37.233  1279  2765 I NearbySharing: There is no account metadata, return default instance.
06-01 22:24:37.234  1279  2765 I NearbySharing: Stopping FastInitiation scanning because visibility is hidden.
06-01 22:24:37.236  1279  1279 I NearbySharing: ReceiveSurfaceService created with vendorMetadata null
06-01 22:24:37.236  1279  1279 I NearbySharing: ReceiveSurfaceService started
06-01 22:24:37.248  1279  2824 E AbstractGmsTracer: Traced class shouldn't be obfuscated: dqqi [CONTEXT service_id=259 ]
06-01 22:24:37.255  1279  1279 I NearbySharing: SendSurfaceService started
06-01 22:24:37.255  1279  2824 I NearbyPresence: (REDACTED) %s verified [!=] new request %s does not equal to the old request %s
06-01 22:24:37.256  1279  2765 I NearbySharing: Fast Initiation Scanning has stopped
06-01 22:24:37.257  1279  2765 I NearbySharing: Dismissing HUN as there's no device nearby.
06-01 22:24:37.259  1600  1986 I gle.android.gms: AssetManager2(0x7bbe4242f258) locale list changing from [] to [en-US]
06-01 22:24:37.261  1279  2824 I NearbyPresence: MdnsServerProviderController is not enabled or requested [CONTEXT service_id=317 ]
06-01 22:24:37.262  1279  2824 I NearbyPresence: (REDACTED) BleAdvertiseProviderController: request.isRequested() %s
06-01 22:24:37.269   568   568 E adbd    : failed to connect to socket 'tcp:1122': Connection refused
06-01 22:24:37.272  1279  2765 I NearbySharing: Broadcasting NearbySharing state change.
06-01 22:24:37.275  1279  2824 I NearbyPresence: (REDACTED) %s: Overriding the broadcastV1 request to : %s
06-01 22:24:37.276  1279  2824 I NearbyPresence: (REDACTED) %s: Enabling engine.
06-01 22:24:37.276  1279  2765 I NearbySharing: Broadcasting NearbySharing state change.
06-01 22:24:37.277  1279  2765 I NearbySharing: There is no account metadata, return default instance.
06-01 22:24:37.278   568   568 E adbd    : failed to connect to socket 'tcp:1122': Connection refused
06-01 22:24:37.281  1279  2765 I NearbySharing: There is no account metadata, return default instance.
06-01 22:24:37.291   688   898 D BackgroundInstallControlService: Package event received: 0
06-01 22:24:37.291   688   898 D BackgroundInstallControlService: Package event received: 0
06-01 22:24:37.291   568   568 E adbd    : failed to connect to socket 'tcp:1123': Connection refused
06-01 22:24:37.296   688   898 D BackgroundInstallControlService: Package event received: 0
06-01 22:24:37.297  1279  2765 I NearbySharing: There is no account metadata, return default instance.
06-01 22:24:37.298   568   568 E adbd    : failed to connect to socket 'tcp:1123': Connection refused
06-01 22:24:37.312   568   568 E adbd    : failed to connect to socket 'tcp:1124': Connection refused
06-01 22:24:37.327   568   568 E adbd    : failed to connect to socket 'tcp:1124': Connection refused
06-01 22:24:37.331  2501  2851 D ProfileInstaller: Installing profile for com.aistudio.ereader.xynk
06-01 22:24:37.343   568   568 E adbd    : failed to connect to socket 'tcp:1125': Connection refused
06-01 22:24:37.356   568   568 E adbd    : failed to connect to socket 'tcp:1125': Connection refused
06-01 22:24:37.356  1279  2824 I NearbyPresence: (REDACTED) %s verified [!=] new request %s does not equal to the old request %s
06-01 22:24:37.356  1279  2824 I NearbyPresence: (REDACTED) %s verified [==] new request %s equals to the old request
06-01 22:24:37.360  1279  2765 I NearbySharing: Broadcasting NearbySharing state change.
06-01 22:24:37.362   568   568 E adbd    : failed to connect to socket 'tcp:1126': Connection refused
06-01 22:24:37.369   688   791 D ActivityManager: freezing 2436 com.android.carrierdefaultapp
06-01 22:24:37.369  1279  2824 W NearbyPresence: TidepoolIdentityProvider: Main Tidepool status toggle not enabled! Returned empty broadcast credentials. [CONTEXT service_id=317 ]
06-01 22:24:37.370   568   568 E adbd    : failed to connect to socket 'tcp:1126': Connection refused
06-01 22:24:37.370  1279  2824 W NearbyPresence: TidepoolIdentityProvider: Main Tidepool status toggle not enabled! Returned empty shared credentials. [CONTEXT service_id=317 ]
06-01 22:24:37.370  1279  2824 I NearbyPresence: (REDACTED) %s: register with identity provider name %s broadcast size %s discover size %s
06-01 22:24:37.376   568   568 E adbd    : failed to connect to socket 'tcp:1127': Connection refused
06-01 22:24:37.379  1279  2824 I NearbyPresence: NetworkMonitorImpl started. [CONTEXT service_id=317 ]
06-01 22:24:37.381   568   568 E adbd    : failed to connect to socket 'tcp:1127': Connection refused
06-01 22:24:37.381  1279  2824 I NearbyPresence: (REDACTED) Scheduled Presence server sync periodic task with period %s seconds.
06-01 22:24:37.387   568   568 E adbd    : failed to connect to socket 'tcp:1128': Connection refused
06-01 22:24:37.388  1279  2765 I Multidevice: (REDACTED) [dibm] Multidevice Sync Response: %s
06-01 22:24:37.388  1279  2765 I Multidevice: [diis] presenceClient.sync( [CONTEXT service_id=348 ]
06-01 22:24:37.388  1279  2765 I Multidevice: (REDACTED) [diis]     multideviceEnabled: %s
06-01 22:24:37.388  1279  2765 I Multidevice: (REDACTED) [diis]     deviceName: %s
06-01 22:24:37.388  1279  2765 I Multidevice: (REDACTED) [diis]     accountListForSync: %s
06-01 22:24:37.388  1279  2765 I Multidevice: [diis] ) [CONTEXT service_id=348 ]
06-01 22:24:37.389   688   848 D ConnectivityService: NetReassign [no changes] [c 0] [a 8] [i 1]
06-01 22:24:37.391  1279  1952 I NearbyPresence: (REDACTED) NetworkMonitorImpl onAvailable %s
06-01 22:24:37.391  1279  1952 I NearbyPresence: (REDACTED) NetworkMonitorImpl onLinkPropertiesChanged %s
06-01 22:24:37.392  1279  2824 I NearbyPresence: (REDACTED) %s verified [==] new request %s equals to the old request
06-01 22:24:37.392  1279  2824 I NearbyPresence: (REDACTED) %s verified [==] new request %s equals to the old request
06-01 22:24:37.392   568   568 E adbd    : failed to connect to socket 'tcp:1128': Connection refused
06-01 22:24:37.393   688   848 D InetDiagMessage: Destroyed 0 sockets, proto=IPPROTO_TCP, family=AF_INET, states=14
06-01 22:24:37.397   688   848 D InetDiagMessage: Destroyed 0 sockets, proto=IPPROTO_TCP, family=AF_INET6, states=14
06-01 22:24:37.398   688   848 D InetDiagMessage: Destroyed live tcp sockets for uids={10125} in 6ms
06-01 22:24:37.399   568   568 E adbd    : failed to connect to socket 'tcp:1129': Connection refused
06-01 22:24:37.405   568   568 E adbd    : failed to connect to socket 'tcp:1129': Connection refused
06-01 22:24:37.407   688   840 D NetworkStatsObservers: Registering observer for RequestInfo from pid/uid:688/1000(android) for DataUsageRequest [ requestId=8, networkTemplate=NetworkTemplate: matchRule=MOBILE, matchSubscriberIds=[310260...], matchWifiNetworkKeys=[], metered=YES, defaultNetwork=NO, thresholdInBytes=21330449 ] accessLevel:3
06-01 22:24:37.411   688   946 D NetworkStatsObservers: Unregistering RequestInfo from pid/uid:688/1000(android) for DataUsageRequest [ requestId=7, networkTemplate=NetworkTemplate: matchRule=MOBILE, matchSubscriberIds=[310260...], matchWifiNetworkKeys=[], metered=YES, defaultNetwork=NO, thresholdInBytes=21339048 ] accessLevel:3
06-01 22:24:37.413  1616  2004 D WM-GreedyScheduler: Cancelling work ID f0a25091-fd9d-4b1e-b032-a0e9c65ac5d1
06-01 22:24:37.416   568   568 E adbd    : failed to connect to socket 'tcp:1130': Connection refused
06-01 22:24:37.421   568   568 E adbd    : failed to connect to socket 'tcp:1130': Connection refused
06-01 22:24:37.427   568   568 E adbd    : failed to connect to socket 'tcp:1131': Connection refused
06-01 22:24:37.433   568   568 E adbd    : failed to connect to socket 'tcp:1131': Connection refused
06-01 22:24:37.438   568   568 E adbd    : failed to connect to socket 'tcp:1132': Connection refused
06-01 22:24:37.438  1279  1363 I NearbyUWB: (REDACTED) Client %s with package name %s, 0p Identifier %s, and sdk version %s has connected.
06-01 22:24:37.442   568   568 E adbd    : failed to connect to socket 'tcp:1132': Connection refused
06-01 22:24:37.458  1600  1600 I serviceentitlement: (REDACTED) [CredManRegistrationManager] [%s][%s] Success to register credentials
06-01 22:24:37.486   688   688 W Looper  : Slow dispatch took 270ms main app=system_server main=true group=FOREGROUND h=android.app.ActivityThread$H c=android.app.LoadedApk$ReceiverDispatcher$Args$$ExternalSyntheticLambda0@2dd761a m=0
06-01 22:24:37.487   688   688 W Looper  : Slow delivery took 235ms main app=system_server main=true group=FOREGROUND h=com.android.server.notification.NotificationManagerService$WorkerHandler c=com.android.server.notification.NotificationManagerService$CancelNotificationRunnable@463654b m=0
06-01 22:24:37.513   688   688 W Looper  : Drained
06-01 22:24:37.521  1616  2004 D WM-SystemJobScheduler: Scheduling work ID f0a25091-fd9d-4b1e-b032-a0e9c65ac5d1Job ID 539
06-01 22:24:37.552  1600  2283 V Configuration: Updating configuration, locales updated from [] to [en_US]
06-01 22:24:37.552  1600  2283 I gle.android.gms: AssetManager2(0x7bbe42432778) locale list changing from [] to [en-US]
06-01 22:24:37.554  1600  2283 W ProviderHelper: Unknown dynamite feature providerinstaller.dynamite
06-01 22:24:37.555  1600  2283 I DynamiteModule: Considering local module com.google.android.gms.providerinstaller.dynamite:1 and remote module com.google.android.gms.providerinstaller.dynamite:0
06-01 22:24:37.555  1600  2283 I DynamiteModule: Selected local version of com.google.android.gms.providerinstaller.dynamite
06-01 22:24:37.557  1600  2835 W gle.android.gms: Verification of void m58.qdk.<clinit>() took 374.901ms (2838.08 bytecodes/s) (0B arena alloc)
06-01 22:24:37.561  1279  1291 W .gms.persistent: Suspending all threads took: 31.517ms
06-01 22:24:37.585  1616  2004 D WM-GreedyScheduler: Ignoring {WorkSpec: ea8a1d00-29d1-4555-b74d-1604ae991b65}. Requires device idle.
06-01 22:24:37.587  1616  2004 D WM-GreedyScheduler: Starting tracking for 0261c2b3-dc17-488e-a97d-7bd489494f4c,a9f19216-b78e-44e1-8a6f-ae54eb914627,f189eea7-f40c-4cae-90d7-31fbcb99afbc,da9be75f-9540-4033-bb0e-fdecb4d2af8b,35614a1b-459f-4d52-8599-f2b2ed43db9c,7f6259ef-a196-4cb6-aa1a-1d704f7860e2,853a0f5d-d35d-4ccb-b98a-c1329792da13,78ccb6e0-f859-46b6-9b7b-4b8b69aa2938,a206116e-894f-45ec-8e50-5f3cab62f18a
06-01 22:24:37.642  1600  1600 I NearbySharing: Invalidate tile state due to state change.
06-01 22:24:37.642  1600  1600 I NearbySharing: Invalidate tile state due to state change.
06-01 22:24:37.642  1600  1600 I NearbySharing: Invalidate tile state due to state change.
06-01 22:24:37.673  1279  1279 D BoundBrokerSvc: onUnbind: Intent { act=com.google.android.gms.significantplaces.api.START dat=chimera-action:/... xflg=0x4 cmp=com.google.android.gms/.chimera.PersistentApiService }
06-01 22:24:37.679  1279  2824 I NearbySharing: There is no account metadata, return default instance.
06-01 22:24:37.693  1279  2824 I NearbySharing: There is no account metadata, return default instance.
06-01 22:24:37.706  1279  2824 I NearbySharing: There is no account metadata, return default instance.
06-01 22:24:37.707  1279  1279 D BoundBrokerSvc: onBind: Intent { act=com.google.android.gms.nearby.connection.service.START xflg=0x4 pkg=com.google.android.gms }
06-01 22:24:37.707  1279  1279 D BoundBrokerSvc: Loading bound service for intent: Intent { act=com.google.android.gms.nearby.connection.service.START xflg=0x4 pkg=com.google.android.gms }
06-01 22:24:37.722  1279  2824 I NearbySharing: There is no account metadata, return default instance.
06-01 22:24:37.731  1279  1363 I NearbySharing: A new client has bound to the NearbySharingService ClientBridge for calling package com.google.android.gms and PID 1279
06-01 22:24:37.732  1279  1363 I NearbySharing: Package com.google.android.gms has requested to register a receive surface of type BACKGROUND
06-01 22:24:37.732  1279  1363 I NearbySharing: Package com.google.android.gms has requested to register a send surface of type BACKGROUND
06-01 22:24:37.734  1616  1953 D WM-GreedyScheduler: Cancelling work ID 0261c2b3-dc17-488e-a97d-7bd489494f4c
06-01 22:24:37.735  1279  2765 I Multidevice: (REDACTED) [dibm] Multidevice Sync Response: %s
06-01 22:24:37.746   688   710 I system_server: Background concurrent mark compact GC freed 35MB AllocSpace bytes, 84(1940KB) LOS objects, 38% free, 38MB/62MB, paused 11.501ms,20.303ms total 3.177s
06-01 22:24:37.747  1279  2824 I NearbySharing: There is no account metadata, return default instance.
06-01 22:24:37.771  1279  1591 E IPCThreadState: Process seems to be sending too many oneway calls.
06-01 22:24:37.771  1279  1591 W IPCThreadState: CallStack::getCurrentInternal not linked, returning null
06-01 22:24:37.771  1279  1591 W oneway spamming: CallStack::logStackInternal not linked
06-01 22:24:37.771  1279  1591 W BpBinder: Large outgoing transaction of 452128 bytes, interface descriptor , code 4 was sent
06-01 22:24:37.785  1279  2824 I NearbySharing: There is no account metadata, return default instance.
06-01 22:24:37.786  1279  2824 I NearbySharing: Not allowed to auto turn on device settings.
06-01 22:24:37.786  1279  2824 I NearbySharing: A ReceiveSurface(BACKGROUND)[id=27065] has been registered
06-01 22:24:37.799  2153  2157 W chbox:googleapp: Suspending all threads took: 32.379ms
06-01 22:24:37.800   688  1750 D OomAdjuster: Not killing cached processes
06-01 22:24:37.811   688   712 W System  : A resource failed to call close. 
06-01 22:24:37.820   688   712 W System  : A resource failed to call release. 
06-01 22:24:37.850  1616  1621 W earchbox:search: Suspending all threads took: 14.217ms
06-01 22:24:37.874  1279  2824 I NearbySharing: Stopping advertising because Nearby Sharing is disabled.
06-01 22:24:37.881  1279  1279 I NearbyMediums: WifiNetwork initialized with useWifiNetworkV2:true (provider non-null)
06-01 22:24:37.903  1279  2824 I NearbySharing: There is no account metadata, return default instance.
06-01 22:24:37.903  1279  2824 I NearbySharing: There is no account metadata, return default instance.
06-01 22:24:37.912  1279  1279 I TetheringManager: registerTetheringEventCallback:com.google.android.gms
06-01 22:24:37.913  1279  1279 D BluetoothAdapter: isLeEnabled(): ON
06-01 22:24:37.917  1279  2824 I NearbySharing: Stopping FastInitiation scanning because visibility is hidden.
06-01 22:24:37.928  1616  1953 D WM-SystemJobScheduler: Scheduling work ID 0261c2b3-dc17-488e-a97d-7bd489494f4cJob ID 540
06-01 22:24:37.936  1600  2283 V Configuration: Updating configuration, locales updated from [] to [en_US]
06-01 22:24:37.936  1600  2283 I gle.android.gms: AssetManager2(0x7bbe42432778) locale list changing from [] to [en-US]
06-01 22:24:37.953  1616  1953 D WM-GreedyScheduler: Ignoring {WorkSpec: ea8a1d00-29d1-4555-b74d-1604ae991b65}. Requires device idle.
06-01 22:24:37.954   568   568 E adbd    : failed to connect to socket 'tcp:1122': Connection refused
06-01 22:24:37.960   568   568 E adbd    : failed to connect to socket 'tcp:1122': Connection refused
06-01 22:24:37.961  1616  1953 D WM-GreedyScheduler: Starting tracking for a9f19216-b78e-44e1-8a6f-ae54eb914627,f189eea7-f40c-4cae-90d7-31fbcb99afbc,da9be75f-9540-4033-bb0e-fdecb4d2af8b,35614a1b-459f-4d52-8599-f2b2ed43db9c,7f6259ef-a196-4cb6-aa1a-1d704f7860e2,853a0f5d-d35d-4ccb-b98a-c1329792da13,78ccb6e0-f859-46b6-9b7b-4b8b69aa2938,a206116e-894f-45ec-8e50-5f3cab62f18a
06-01 22:24:37.969   568   568 E adbd    : failed to connect to socket 'tcp:1123': Connection refused
06-01 22:24:37.981   568   568 E adbd    : failed to connect to socket 'tcp:1123': Connection refused
06-01 22:24:37.993  1279  2824 I NearbySharing: Fast Initiation Scanning has stopped
06-01 22:24:37.994   568   568 E adbd    : failed to connect to socket 'tcp:1124': Connection refused
06-01 22:24:38.000   568   568 E adbd    : failed to connect to socket 'tcp:1124': Connection refused
06-01 22:24:38.002  2153  2316 W bxxo    : Failed to fetch enrollment status from OnePlatform
06-01 22:24:38.002  2153  2316 W bxxo    : fvsr: UNKNOWN
06-01 22:24:38.002  2153  2316 W bxxo    : 	at fwnl.c(PG:41)
06-01 22:24:38.002  2153  2316 W bxxo    : 	at fhtm.m(PG:97)
06-01 22:24:38.002  2153  2316 W bxxo    : 	at fhtm.s(PG:23)
06-01 22:24:38.002  2153  2316 W bxxo    : 	at fhtm.c(PG:8)
06-01 22:24:38.002  2153  2316 W bxxo    : 	at fhty.run(PG:9)
06-01 22:24:38.002  2153  2316 W bxxo    : 	at ewch.run(PG:17)
06-01 22:24:38.002  2153  2316 W bxxo    : 	at fhua.k(PG:24)
06-01 22:24:38.002  2153  2316 W bxxo    : 	at fhua.c(PG:6)
06-01 22:24:38.002  2153  2316 W bxxo    : 	at fhtk.run(PG:27)
06-01 22:24:38.002  2153  2316 W bxxo    : 	at fhtb.run(PG:153)
06-01 22:24:38.002  2153  2316 W bxxo    : 	at fgiv.run(PG:64)
06-01 22:24:38.002  2153  2316 W bxxo    : 	at fggv.execute(PG:1)
06-01 22:24:38.002  2153  2316 W bxxo    : 	at fhth.execute(PG:3)
06-01 22:24:38.002  2153  2316 W bxxo    : 	at fgiw.execute(PG:34)
06-01 22:24:38.002  2153  2316 W bxxo    : 	at fhsy.execute(PG:11)
06-01 22:24:38.002  2153  2316 W bxxo    : 	at fgew.d(PG:1)
06-01 22:24:38.002  2153  2316 W bxxo    : 	at fgew.j(PG:95)
06-01 22:24:38.002  2153  2316 W bxxo    : 	at fgew.n(PG:15)
06-01 22:24:38.002  2153  2316 W bxxo    : 	at fggs.c(PG:3)
06-01 22:24:38.002  2153  2316 W bxxo    : 	at fggt.e(PG:6)
06-01 22:24:38.002  2153  2316 W bxxo    : 	at fgih.run(PG:73)
06-01 22:24:38.002  2153  2316 W bxxo    : 	at fggv.execute(PG:1)
06-01 22:24:38.002  2153  2316 W bxxo    : 	at fggt.f(PG:3)
06-01 22:24:38.002  2153  2316 W bxxo    : 	at fggu.f(PG:5)
06-01 22:24:38.002  2153  2316 W bxxo    : 	at fgfg.e(PG:53)
06-01 22:24:38.002  2153  2316 W bxxo    : 	at fgff.run(PG:5)
06-01 22:24:38.002  2153  2316 W bxxo    : 	at fggv.execute(PG:1)
06-01 22:24:38.002  2153  2316 W bxxo    : 	at fgew.d(PG:1)
06-01 22:24:38.002  2153  2316 W bxxo    : 	at fgew.j(PG:95)
06-01 22:24:38.002  2153  2316 W bxxo    : 	at fgew.n(PG:15)
06-01 22:24:38.002  2153  2316 W bxxo    : 	at fggs.c(PG:3)
06-01 22:24:38.002  2153  2316 W bxxo    : 	at fggt.e(PG:6)
06-01 22:24:38.002  2153  2316 W bxxo    : 	at fgih.run(PG:73)
06-01 22:24:38.002  2153  2316 W bxxo    : 	at fggv.execute(PG:1)
06-01 22:24:38.002  2153  2316 W bxxo    : 	at fggt.f(PG:3)
06-01 22:24:38.002  2153  2316 W bxxo    : 	at fggu.f(PG:5)
06-01 22:24:38.002  2153  2316 W bxxo    : 	at fgfg.e(PG:53)
06-01 22:24:38.002  2153  2316 W bxxo    : 	at fgfg.u(PG:18)
06-01 22:24:38.002  2153  2316 W bxxo    : 	at fgfe.run(PG:7)
06-01 22:24:38.002  2153  2316 W bxxo    : 	at fggv.execute(PG:1)
06-01 22:24:38.002  2153  2316 W bxxo    : 	at fgew.d(PG:1)
06-01 22:24:38.002  2153  2316 W bxxo    : 	at fgew.j(PG:95)
06-01 22:24:38.002  2153  2316 W bxxo    : 	at fgew.n(PG:15)
06-01 22:24:38.002  2153  2316 W bxxo    : 	at fggs.c(PG:3)
06-01 22:24:38.002  2153  2316 W bxxo    : 	at fggt.e(PG:6)
06-01 22:24:38.002  2153  2316 W bxxo    : 	at fgih.run(PG:73)
06-01 22:24:38.002  2153  2316 W bxxo    : 	at fggv.execute(PG:1)
06-01 22:24:38.002  2153  2316 W bxxo    : 	at fggt.f(PG:3)
06-01 22:24:38.002  2153  2316 W bxxo    : 	at fggu.f(PG:5)
06-01 22:24:38.002  2153  2316 W bxxo    : 	at fgfg.e(PG:53)
06-01 22:24:38.002  2153  2316 W bxxo    : 	at fgfg.u(PG:18)
06-01 22:24:38.002  2153  2316 W bxxo    : 	at fgfe.run(PG:7)
06-01 22:24:38.002  2153  2316 W bxxo    : 	at fggv.execute(PG:1)
06-01 22:24:38.002  2153  2316 W bxxo    : 	at fgew.d(PG:1)
06-01 22:24:38.002  2153  2316 W bxxo    : 	at fgew.j(PG:95)
06-01 22:24:38.002  2153  2316 W bxxo    : 	at fgew.n(PG:15)
06-01 22:24:38.002  2153  2316 W bxxo    : 	at fgfc.d(PG:1)
06-01 22:24:38.002  2153  2316 W bxxo    : 	at fgfd.run(PG:53)
06-01 22:24:38.002  2153  2316 W bxxo    : 	at fggv.execute(PG:1)
06-01 22:24:38.002  2153  2316 W bxxo    : 	at fgew.d(PG:1)
06-01 22:24:38.002  2153  2316 W bxxo    : 	at fgew.j(PG:95)
06-01 22:24:38.002  2153  2316 W bxxo    : 	at fgew.n(PG:15)
06-01 22:24:38.002  2153  2316 W bxxo    : 	at fgfc.d(PG:1)
06-01 22:24:38.002  2153  2316 W bxxo    : 	at fgfd.run(PG:53)
06-01 22:24:38.002  2153  2316 W bxxo    : 	at fggv.execute(PG:1)
06-01 22:24:38.002  2153  2316 W bxxo    : 	at fgew.d(PG:1)
06-01 22:24:38.002  2153  2316 W bxxo    : 	at fgew.j(PG:95)
06-01 22:24:38.002  2153  2316 W bxxo    : 	at fgew.n(PG:15)
06-01 22:24:38.002  2153  2316 W bxxo    : 	at fgjd.e(PG:3)
06-01 22:24:38.002  2153  2316 W bxxo    : 	at fgih.run(PG:73)
06-01 22:24:38.002  2153  2316 W bxxo    : 	at fgje.run(PG:5)
06-01 22:24:38.002  2153  2316 W bxxo    : 	at cxmo.run(PG:5)
06-01 22:24:38.002  2153  2316 W bxxo    : 	at java.util.concurrent.ThreadPoolExecutor.runWorker(ThreadPoolExecutor.java:1156)
06-01 22:24:38.002  2153  2316 W bxxo    : 	at java.util.concurrent.ThreadPoolExecutor$Worker.run(ThreadPoolExecutor.java:651)
06-01 22:24:38.002  2153  2316 W bxxo    : 	at cxlu.run(PG:33)
06-01 22:24:38.002  2153  2316 W bxxo    : 	at java.lang.Thread.run(Thread.java:1119)
06-01 22:24:38.002  2153  2316 W bxxo    : 	at cxnr.run(PG:63)
06-01 22:24:38.002  2153  2316 W bxxo    : Caused by: java.lang.IllegalStateException: Used non-google account without enabling API Key fallback
06-01 22:24:38.002  2153  2316 W bxxo    : 	at fdqb.D(PG:10)
06-01 22:24:38.002  2153  2316 W bxxo    : 	at fhpe.b(PG:172)
06-01 22:24:38.002  2153  2316 W bxxo    : 	at fhtj.n(PG:45)
06-01 22:24:38.002  2153  2316 W bxxo    : 	at fhtb.run(PG:249)
06-01 22:24:38.002  2153  2316 W bxxo    : 	at ewcq.run(PG:28)
06-01 22:24:38.002  2153  2316 W bxxo    : 	at fhtb.run(PG:153)
06-01 22:24:38.002  2153  2316 W bxxo    : 	at fgiu.run(PG:3)
06-01 22:24:38.002  2153  2316 W bxxo    : 	at fgiv.run(PG:64)
06-01 22:24:38.002  2153  2316 W bxxo    : 	at fggv.execute(PG:1)
06-01 22:24:38.002  2153  2316 W bxxo    : 	at fhth.execute(PG:3)
06-01 22:24:38.002  2153  2316 W bxxo    : 	at fgiw.execute(PG:34)
06-01 22:24:38.002  2153  2316 W bxxo    : 	at fhsy.execute(PG:11)
06-01 22:24:38.002  2153  2316 W bxxo    : 	at fhtj.b(PG:36)
06-01 22:24:38.002  2153  2316 W bxxo    : 	at fhtt.b(PG:63)
06-01 22:24:38.002  2153  2316 W bxxo    : 	at fhtj.u(PG:102)
06-01 22:24:38.002  2153  2316 W bxxo    : 	at fhtj.n(PG:100)
06-01 22:24:38.002  2153  2316 W bxxo    : 	at fhtb.run(PG:249)
06-01 22:24:38.002  2153  2316 W bxxo    : 	at ewcq.run(PG:28)
06-01 22:24:38.002  2153  2316 W bxxo    : 	at fhtb.run(PG:153)
06-01 22:24:38.002  2153  2316 W bxxo    : 	at fgiu.run(PG:3)
06-01 22:24:38.002  2153  2316 W bxxo    : 	at fgiv.run(PG:64)
06-01 22:24:38.002  2153  2316 W bxxo    : 	at fggv.execute(PG:1)
06-01 22:24:38.002  2153  2316 W bxxo    : 	at fhth.execute(PG:3)
06-01 22:24:38.002  2153  2316 W bxxo    : 	at fgiw.execute(PG:34)
06-01 22:24:38.002  2153  2316 W bxxo    : 	at fhsy.execute(PG:11)
06-01 22:24:38.002  2153  2316 W bxxo    : 	at fhtj.b(PG:36)
06-01 22:24:38.002  2153  2316 W bxxo    : 	at fhtt.b(PG:63)
06-01 22:24:38.002  2153  2316 W bxxo    : 	at fhrl.b(PG:32)
06-01 22:24:38.002  2153  2316 W bxxo    : 	at fhtj.u(PG:102)
06-01 22:24:38.002  2153  2316 W bxxo    : 	at fhtj.n(PG:100)
06-01 22:24:38.002  2153  2316 W bxxo    : 	at fhtb.run(PG:249)
06-01 22:24:38.002  2153  2316 W bxxo    : 	at ewcq.run(PG:28)
06-01 22:24:38.002  2153  2316 W bxxo    : 	at fhtb.run(PG:153)
06-01 22:24:38.002  2153  2316 W bxxo    : 	at fgiu.run(PG:3)
06-01 22:24:38.002  2153  2316 W bxxo    : 	at fgiv.run(PG:64)
06-01 22:24:38.002  2153  2316 W bxxo    : 	at fggv.execute(PG:1)
06-01 22:24:38.002  2153  2316 W bxxo    : 	at fhth.execute(PG:3)
06-01 22:24:38.002  2153  2316 W bxxo    : 	at fgiw.execute(PG:34)
06-01 22:24:38.002  2153  2316 W bxxo    : 	at fhsy.execute(PG:11)
06-01 22:24:38.002  2153  2316 W bxxo    : 	at fhtj.b(PG:36)
06-01 22:24:38.002  2153  2316 W bxxo    : 	at fhtt.b(PG:63)
06-01 22:24:38.002  2153  2316 W bxxo    : 	at fhtj.u(PG:102)
06-01 22:24:38.002  2153  2316 W bxxo    : 	at fhtj.n(PG:100)
06-01 22:24:38.002  2153  2316 W bxxo    : 	at fhtb.run(PG:249)
06-01 22:24:38.002  2153  2316 W bxxo    : 	at ewcq.run(PG:28)
06-01 22:24:38.002  2153  2316 W bxxo    : 	at fhtb.run(PG:153)
06-01 22:24:38.002  2153  2316 W bxxo    : 	at fgiu.run(PG:3)
06-01 22:24:38.002  2153  2316 W bxxo    : 	at fgiv.run(PG:64)
06-01 22:24:38.002  2153  2316 W bxxo    : 	at fggv.execute(PG:1)
06-01 22:24:38.002  2153  2316 W bxxo    : 	at fhth.execute(PG:3)
06-01 22:24:38.002  2153  2316 W bxxo    : 	at fgiw.execute(PG:34)
06-01 22:24:38.002  2153  2316 W bxxo    : 	at fhsy.execute(PG:11)
06-01 22:24:38.002  2153  2316 W bxxo    : 	at fhtj.b(PG:36)
06-01 22:24:38.002  2153  2316 W bxxo    : 	at fhtt.b(PG:63)
06-01 22:24:38.002  2153  2316 W bxxo    : 	at fhtj.u(PG:102)
06-01 22:24:38.002  2153  2316 W bxxo    : 	at fhtj.k(PG:103)
06-01 22:24:38.002  2153  2316 W bxxo    : 	at fhtb.run(PG:205)
06-01 22:24:38.002  2153  2316 W bxxo    : 	at ewcq.run(PG:28)
06-01 22:24:38.002  2153  2316 W bxxo    : 	at fhtb.run(PG:153)
06-01 22:24:38.002  2153  2316 W bxxo    : 	at fgiv.run(PG:64)
06-01 22:24:38.002  2153  2316 W bxxo    : 	at fggv.execute(PG:1)
06-01 22:24:38.002  2153  2316 W bxxo    : 	at fhth.execute(PG:3)
06-01 22:24:38.002  2153  2316 W bxxo    : 	at fgiw.execute(PG:34)
06-01 22:24:38.002  2153  2316 W bxxo    : 	at fhsy.execute(PG:11)
06-01 22:24:38.002  2153  2316 W bxxo    : 	at fhtj.b(PG:36)
06-01 22:24:38.002  2153  2316 W bxxo    : 	at fhtt.b(PG:63)
06-01 22:24:38.002  2153  2316 W bxxo    : 	at evqd.run(PG:37)
06-01 22:24:38.002  2153  2316 W bxxo    : 	at ewch.run(PG:17)
06-01 22:24:38.002  2153  2316 W bxxo    : 	at evqe.b(PG:23)
06-01 22:24:38.002  2153  2316 W bxxo    : 	at fhtj.u(PG:102)
06-01 22:24:38.002  2153  2316 W bxxo    : 	at fhtj.k(PG:103)
