--------- beginning of main
06-01 22:48:41.264   688  1725 D SafetySourceDataValidat: No cert check requested for package com.google.android.permissioncontroller
06-01 22:48:41.108   688   688 W binder:688_B: type=1400 audit(0.0:61): avc:  denied  { getopt } for  scontext=u:r:system_server:s0 tcontext=u:r:shell:s0 tclass=unix_stream_socket permissive=0
06-01 22:48:41.278  1458  1458 W MediaProvider: WorkProfileOwnerApps cache is empty
06-01 22:48:41.280  1458  1458 D PickerSyncLockManager: Trying to acquire lock com.android.providers.media.photopicker.sync.CloseableReentrantLock@2edef11[Unlocked]. Lock Name = CLOUD_PROVIDER_LOCK. Threads that may be waiting to acquire this lock = []
06-01 22:48:41.280  1458  1458 D CloseableReentrantLock: Successfully acquired lock com.android.providers.media.photopicker.sync.CloseableReentrantLock@2edef11[Locked by thread main]. Lock Name = CLOUD_PROVIDER_LOCK. Threads that may be waiting to acquire this lock = []
06-01 22:48:41.281  1458  1458 D CloseableReentrantLock: Successfully released lock com.android.providers.media.photopicker.sync.CloseableReentrantLock@2edef11[Unlocked]. Lock Name = CLOUD_PROVIDER_LOCK. Threads that may be waiting to acquire this lock = []
06-01 22:48:41.287  3167  3167 I Finsky:background: [2] ajwj - Received: android.intent.action.PACKAGE_ADDED, [VnSdAoRqS0Csie51y2fWaADrFJpr7JWvD05KPu_jrLA]
06-01 22:48:41.298  3167  5589 I Finsky:background: [110] Wrote row to frosting DB: 2545
06-01 22:48:41.299   688   730 I system_server: AssetManager2(0x7bbe424b35f8) locale list changing from [] to [en-US]
06-01 22:48:41.302   688   793 I RoleService: Granting default roles...
06-01 22:48:41.305   688   730 I system_server: AssetManager2(0x7bbe424b8418) locale list changing from [] to [en-US]
06-01 22:48:41.327  3167  3167 I Finsky:background: [2] ajwj - Received: android.intent.action.PACKAGE_ADDED, [VnSdAoRqS0Csie51y2fWaADrFJpr7JWvD05KPu_jrLA]
06-01 22:48:41.332  3167  3248 I Finsky:background: [52] IQ:PSL: skipping onPackageRemoved(replacing=true) for untracked package=com.aistudio.ereader.xynk
06-01 22:48:41.339   688   688 D AppSearchAppsIndexerManagerS: userid in package receiver: 10225
06-01 22:48:41.350  3131  3131 I Finsky  : [2] ajwt - Received: android.intent.action.PACKAGE_ADDED, [VnSdAoRqS0Csie51y2fWaADrFJpr7JWvD05KPu_jrLA]
06-01 22:48:41.354  3131  5596 I Finsky  : [171] SCH: Received scheduling request: Id: 12-1, Constraints: [{ L: 15000, D: 86400000, C: CHARGING_NONE, I: IDLE_NONE, N: NET_ANY, B: BATTERY_ANY }]
06-01 22:48:41.389  3167  3167 I Finsky:background: [2] ajwj - Deduping intent android.intent.action.PACKAGE_ADDED
06-01 22:48:41.392  3167  5589 I Finsky:background: [110] Wrote row to frosting DB: 2546
06-01 22:48:41.393  1084  1842 W HWUI    : Failed to choose config with EGL_SWAP_BEHAVIOR_PRESERVED, retrying without...
06-01 22:48:41.395  1084  1842 W HWUI    : Failed to initialize 101010-2 format, error = EGL_SUCCESS
--------- beginning of system
06-01 22:48:41.409   688  1752 W AppOpService: Ignored setUidMode call for runtime permission app op: uid = 1001, code = RECEIVE_SMS, mode = allow, callingUid = 1001, oldMode = allow
06-01 22:48:41.416   688   898 D BackgroundInstallControlService: Package event received: 0
06-01 22:48:41.416   688   898 D BackgroundInstallControlService: Package event received: 0
06-01 22:48:41.417   688  1725 W AppOpService: Ignored setUidMode call for runtime permission app op: uid = 1001, code = RECEIVE_WAP_PUSH, mode = allow, callingUid = 1001, oldMode = allow
06-01 22:48:41.421   688  1752 W AppOpService: Ignored setUidMode call for runtime permission app op: uid = 1001, code = SEND_SMS, mode = allow, callingUid = 1001, oldMode = allow
06-01 22:48:41.426   688  2491 W SignedPackage: Package doesn't have required signing certificate: com.google.android.retaildemo
06-01 22:48:41.427   688  2491 E RoleControllerServiceImpl: Default/fallback role holder package doesn't qualify for the role, package: com.google.android.gms.supervision, role: android.app.role.SYSTEM_SUPERVISION
06-01 22:48:41.431  3167  5589 I Finsky:background: [110] Wrote row to frosting DB: 2547
06-01 22:48:41.435  1084  1120 W HWUI    : Image decoding logging dropped!
06-01 22:48:41.436  1084  1120 D AlphabeticIndexCompat: computeSectionName: cs: E-Reader sectionName: E
06-01 22:48:41.436  3167  3167 I Finsky:background: [2] ajwj - Received: android.intent.action.PACKAGE_ADDED, [VnSdAoRqS0Csie51y2fWaADrFJpr7JWvD05KPu_jrLA]
06-01 22:48:41.442  1084  1084 D AllAppsStore: setApps: apps.length=22
06-01 22:48:41.443  1084  1084 D AllAppsStore: notifyUpdate: notifying listeners
06-01 22:48:41.443  1084  1084 D ActivityAllAppsContainerView: onAppsUpdated; number of apps: 22
06-01 22:48:41.444  1084  1084 D ActivityAllAppsContainerView: rebindAdapters: force: false
06-01 22:48:41.444  1084  1084 D ActivityAllAppsContainerView: rebindAdapters: Not needed.
06-01 22:48:41.444  1084  1084 D StatsLog: LAUNCHER_ALLAPPS_COUNT
06-01 22:48:41.445  1084  1084 D AlphabeticalAppsList: Clearing FastScrollerSections.
06-01 22:48:41.447  1084  1084 D AlphabeticalAppsList: Adding apps with sections. HasPrivateApps: false
06-01 22:48:41.449  1084  1084 D AlphabeticalAppsList: addAppsWithSections: adding sectionName: C with appInfoTitle: Calendar
06-01 22:48:41.449  1084  1084 D AlphabeticalAppsList: addAppsWithSections: adding sectionName: D with appInfoTitle: DrDuc Translator
06-01 22:48:41.450  1084  1084 D AlphabeticalAppsList: addAppsWithSections: adding sectionName: E with appInfoTitle: E-Reader
06-01 22:48:41.450  1084  1084 D AlphabeticalAppsList: addAppsWithSections: adding sectionName: F with appInfoTitle: Files
06-01 22:48:41.451  1084  1084 D AlphabeticalAppsList: addAppsWithSections: adding sectionName: G with appInfoTitle: Gmail
06-01 22:48:41.451  1084  1084 D AlphabeticalAppsList: addAppsWithSections: adding sectionName: M with appInfoTitle: Maps
06-01 22:48:41.451  1084  1084 D AlphabeticalAppsList: addAppsWithSections: adding sectionName: P with appInfoTitle: Phone
06-01 22:48:41.451  1084  1084 D AlphabeticalAppsList: addAppsWithSections: adding sectionName: S with appInfoTitle: Safety
06-01 22:48:41.451  1084  1084 D AlphabeticalAppsList: addAppsWithSections: adding sectionName: T with appInfoTitle: TMoble
06-01 22:48:41.451  1084  1084 D AlphabeticalAppsList: addAppsWithSections: adding sectionName: V with appInfoTitle: Voice Access
06-01 22:48:41.451  1084  1084 D AlphabeticalAppsList: addAppsWithSections: adding sectionName: Y with appInfoTitle: YouTube
06-01 22:48:41.451  1084  1084 D AlphabeticalAppsList: Adding FastScrollSection duplicate to scroll to the bottom.
06-01 22:48:41.451  1084  1084 D AlphabeticalAppsList: Clearing FastScrollerSections.
06-01 22:48:41.454  1084  1084 D AlphabeticalAppsList: Adding apps with sections. HasPrivateApps: false
06-01 22:48:41.454  1084  1084 D AlphabeticalAppsList: addAppsWithSections: adding sectionName: C with appInfoTitle: Calendar
06-01 22:48:41.455  1084  1084 D AlphabeticalAppsList: addAppsWithSections: adding sectionName: D with appInfoTitle: DrDuc Translator
06-01 22:48:41.455  1084  1084 D AlphabeticalAppsList: addAppsWithSections: adding sectionName: E with appInfoTitle: E-Reader
06-01 22:48:41.455  1084  1084 D AlphabeticalAppsList: addAppsWithSections: adding sectionName: F with appInfoTitle: Files
06-01 22:48:41.455  1084  1084 D AlphabeticalAppsList: addAppsWithSections: adding sectionName: G with appInfoTitle: Gmail
06-01 22:48:41.455  1084  1084 D AlphabeticalAppsList: addAppsWithSections: adding sectionName: M with appInfoTitle: Maps
06-01 22:48:41.455  1084  1084 D AlphabeticalAppsList: addAppsWithSections: adding sectionName: P with appInfoTitle: Phone
06-01 22:48:41.455  1084  1084 D AlphabeticalAppsList: addAppsWithSections: adding sectionName: S with appInfoTitle: Safety
06-01 22:48:41.456  1084  1084 D AlphabeticalAppsList: addAppsWithSections: adding sectionName: T with appInfoTitle: TMoble
06-01 22:48:41.456  1084  1084 D AlphabeticalAppsList: addAppsWithSections: adding sectionName: V with appInfoTitle: Voice Access
06-01 22:48:41.456  1084  1084 D AlphabeticalAppsList: addAppsWithSections: adding sectionName: Y with appInfoTitle: YouTube
06-01 22:48:41.456  1084  1084 D AlphabeticalAppsList: Adding FastScrollSection duplicate to scroll to the bottom.
06-01 22:48:41.457   688  2491 W SignedPackage: Package doesn't have required signing certificate: com.google.android.apps.work.clouddpc
06-01 22:48:41.468  3167  3167 I Finsky:background: [2] ajwj - Deduping intent android.intent.action.PACKAGE_ADDED
06-01 22:48:41.471  3167  3249 I Finsky:background: [53] RECEIVER_PACKAGE_MONITOR_BACKGROUND#logWorkEndAndFinishGoAsync: SUCCESS
06-01 22:48:41.469  1084  1084 D b/387844520: getOutlineOffsetX: measured width = 173, mNormalizedIconSize = 159, last updated width = 173
06-01 22:48:41.480  3167  5589 I Finsky:background: [110] Wrote row to frosting DB: 2548
06-01 22:48:41.480   688  1714 W AppOpService: Ignored setUidMode call for runtime permission app op: uid = 1001, code = READ_CELL_BROADCASTS, mode = allow, callingUid = 1001, oldMode = allow
06-01 22:48:41.511  3131  3131 I Finsky  : [2] DTU: Received onPackageAdded, replacing: true
06-01 22:48:41.515  1374  5585 I PermissionControllerServiceImpl: Updating user sensitive for uid 10225
06-01 22:48:41.519  3167  5589 I Finsky:background: [110] Wrote row to frosting DB: 2549
06-01 22:48:41.520  3131  3131 I Finsky  : [2] ajwt - Received: android.intent.action.PACKAGE_ADDED, [VnSdAoRqS0Csie51y2fWaADrFJpr7JWvD05KPu_jrLA]
06-01 22:48:41.529  3131  5596 I Finsky  : [171] SCH: Received scheduling request: Id: 12-1, Constraints: [{ L: 15000, D: 86400000, C: CHARGING_NONE, I: IDLE_NONE, N: NET_ANY, B: BATTERY_ANY }]
06-01 22:48:41.548  3131  3131 I Finsky  : [2] ajwt - Deduping intent android.intent.action.PACKAGE_ADDED
06-01 22:48:41.554   688  2491 I Role    : com.google.android.gms not qualified for android.app.role.SYSTEM_DEPENDENCY_INSTALLER due to missing RequiredComponent{mIntentFilterData=IntentFilterData{mAction='android.content.pm.action.INSTALL_DEPENDENCY', mCategories='[]', mDataScheme='null', mDataType='null'}, mMinTargetSdkVersion=1, mFlags='0', mPermission='android.permission.BIND_DEPENDENCY_INSTALLER', mQueryFlags=0, mMetaData=[]}
06-01 22:48:41.554   688  2491 E RoleControllerServiceImpl: Default/fallback role holder package doesn't qualify for the role, package: com.google.android.gms, role: android.app.role.SYSTEM_DEPENDENCY_INSTALLER
06-01 22:48:41.555  3131  3131 I Finsky  : [2] ajwt - Received: android.intent.action.PACKAGE_ADDED, [VnSdAoRqS0Csie51y2fWaADrFJpr7JWvD05KPu_jrLA]
06-01 22:48:41.557  1069  1251 D ImsResolver: maybeAddedImsService, packageName: com.aistudio.ereader.xynk
06-01 22:48:41.560  1069  1251 V ImsResolver: searchForImsServices: package=com.aistudio.ereader.xynk, users=[UserHandle{0}]
06-01 22:48:41.561  1069  1251 V ImsResolver: searchForImsServices: package=com.aistudio.ereader.xynk, users=[UserHandle{0}]
06-01 22:48:41.582  3131  3131 I Finsky  : [2] ajwt - Deduping intent android.intent.action.PACKAGE_ADDED
06-01 22:48:41.586  3131  3198 I Finsky  : [43] RECEIVER_PACKAGE_MONITOR#logWorkEndAndFinishGoAsync: SUCCESS
06-01 22:48:41.669   688   688 D BackupManagerConstants: getFullBackupIntervalMilliseconds(...) returns 86400000
06-01 22:48:41.669   688   688 D BackupManagerConstants: getFullBackupRequiredNetworkType(...) returns 2
06-01 22:48:41.670   688   688 D BackupManagerConstants: getFullBackupRequireCharging(...) returns true
06-01 22:48:41.680   688  1750 D ActivityManager: sync unfroze 1600 com.google.android.gms for 6
06-01 22:48:41.700  1069  1069 W VvmPkgInstalledRcvr: carrierVvmPkgAdded: carrier vvm packages doesn't contain com.aistudio.ereader.xynk
06-01 22:48:41.701  1069  1069 D ActivityThread: Package [com.aistudio.ereader.xynk] reported as REPLACED, but missing application info. Assuming REMOVED.
06-01 22:48:41.701   688   714 V SafetySourceDataValidat: Package: com.android.vending has expected signature
06-01 22:48:41.701   688   714 V SafetySourceDataValidat: Package: com.android.vending has expected signature
06-01 22:48:41.702  1069  1069 D ActivityThread: Package [com.aistudio.ereader.xynk] reported as REPLACED, but missing application info. Assuming REMOVED.
06-01 22:48:41.704   688   688 W Looper  : Slow dispatch took 351ms main app=system_server main=true group=FOREGROUND h=android.app.ActivityThread$H c=android.app.LoadedApk$ReceiverDispatcher$Args$$ExternalSyntheticLambda0@49d16c0 m=0
06-01 22:48:41.704   688   688 D ActivityThread: Package [com.aistudio.ereader.xynk] reported as REPLACED, but missing application info. Assuming REMOVED.
06-01 22:48:41.708   688  1513 I system_server: AssetManager2(0x7bbe424349d8) locale list changing from [] to [en-US]
06-01 22:48:41.712   688   688 D ActivityThread: Package [com.aistudio.ereader.xynk] reported as REPLACED, but missing application info. Assuming REMOVED.
06-01 22:48:41.720   688  2491 E RoleControllerServiceImpl: Default/fallback role holder package doesn't qualify for the role, package: com.google.android.gms, role: android.app.role.WALLET
06-01 22:48:41.723  3167  3167 I Finsky:background: [2] Memory trim requested to level 40
06-01 22:48:41.734  1069  1069 D SatelliteController: packageStateChanged: package:com.aistudio.ereader.xynk DefaultSmsPackageName:com.google.android.apps.messaging
06-01 22:48:41.735  1069  1069 V SatelliteController: Neither SMS or SatelliteGateway package
06-01 22:48:41.745   688  2491 I system_server: AssetManager2(0x7bbe42436918) locale list changing from [] to [en-US]
06-01 22:48:41.752   688  2491 W SignedPackage: Cannot get ApplicationInfo for package: com.google.android.devicelockcontroller
06-01 22:48:41.766   688   688 D AppSearchAppsIndexerManagerS: userid in package receiver: 10225
06-01 22:48:41.785   688  1064 I ActivityManager: Force stopping com.aistudio.ereader.xynk appid=10225 user=0: from pid 5604
06-01 22:48:41.789   688   688 W IPCThreadState: Sending oneway calls to frozen process.
06-01 22:48:41.789   688   688 W IPCThreadState: Sending oneway calls to frozen process.
06-01 22:48:41.790   688   688 W IPCThreadState: Sending oneway calls to frozen process.
06-01 22:48:41.790   688   688 W IPCThreadState: Sending oneway calls to frozen process.
06-01 22:48:41.792   688   688 W IPCThreadState: Sending oneway calls to frozen process.
06-01 22:48:41.793   688   688 W IPCThreadState: Sending oneway calls to frozen process.
06-01 22:48:41.793   688   688 W IPCThreadState: Sending oneway calls to frozen process.
06-01 22:48:41.793   688   688 W IPCThreadState: Sending oneway calls to frozen process.
06-01 22:48:41.794   688   688 W AlarmManager: Package com.aistudio.ereader.xynk, uid 10225 lost permission to set exact alarms!
06-01 22:48:41.799   688  1064 W ProcessStats: Tracking association SourceState{85f72d7 com.google.android.apps.nexuslauncher/10182 BTop #3042} whose proc state 2 is better than process ProcessState{fc8ba0c com.google.android.apps.wellbeing/10147 pkg=com.google.android.apps.wellbeing} proc state 14 (0 skipped)
06-01 22:48:41.800   688  1064 I AppsFilter: interaction: PackageSetting{6dc56a4 com.android.microdroid.empty_payload/10196} -> PackageSetting{d770325 com.aistudio.ereader.xynk/10225} BLOCKED
06-01 22:48:41.801   688  1064 I AppsFilter: interaction: PackageSetting{cc41a28 com.drduc.translator/10217} -> PackageSetting{d770325 com.aistudio.ereader.xynk/10225} BLOCKED
06-01 22:48:41.812   688  1064 E AppOps  : attributionTag VCN not declared in manifest of android
06-01 22:48:41.858   688   688 W Looper  : Drained
06-01 22:48:41.870  1600  1600 D ActivityThread: Package [com.aistudio.ereader.xynk] reported as REPLACED, but missing application info. Assuming REMOVED.
06-01 22:48:41.876  1600  1600 D ActivityThread: Package [com.aistudio.ereader.xynk] reported as REPLACED, but missing application info. Assuming REMOVED.
06-01 22:48:41.923  3131  3204 I Finsky  : [48] WM::SCH: Logging work initialize for 12-1
06-01 22:48:41.934  3131  3204 I Finsky  : [48] WM::SCH: Logging work initialize for 12-1
06-01 22:48:41.938  3131  3131 I Finsky  : [2] Memory trim requested to level 40
06-01 22:48:41.938  3131  3131 I Finsky  : [2] Flushing in-memory image cache
06-01 22:48:41.940   948   957 W System  : A resource failed to call release. 
06-01 22:48:41.940   948   957 W System  : A resource failed to call release. 
06-01 22:48:41.940   948   957 W System  : A resource failed to call release. 
06-01 22:48:41.940   948   957 W System  : A resource failed to call release. 
06-01 22:48:41.941   948   957 W System  : A resource failed to call release. 
06-01 22:48:41.941   948   957 W System  : A resource failed to call release. 
06-01 22:48:41.941   948   957 W System  : A resource failed to call release. 
06-01 22:48:41.941   948   957 W System  : A resource failed to call release. 
06-01 22:48:41.960   688  1171 W ActivityTaskManager: callingPackage for (uid=2000, pid=5620) has no WPC
06-01 22:48:41.965   688  1171 V GrammaticalInflectionUtils: AttributionSource: android.content.AttributionSource@cd4b66e0 does not have READ_SYSTEM_GRAMMATICAL_GENDER permission.
06-01 22:48:41.965   688  1171 W OptProp : Cannot read opt property android.window.PROPERTY_COMPAT_ALLOW_USER_ASPECT_RATIO_OVERRIDE
06-01 22:48:41.965   688  1171 W OptProp : Cannot read opt property android.window.PROPERTY_COMPAT_ALLOW_USER_ASPECT_RATIO_FULLSCREEN_OVERRIDE
06-01 22:48:41.966   688  1171 W OptProp : Cannot read opt property android.window.PROPERTY_COMPAT_ALLOW_RESIZEABLE_ACTIVITY_OVERRIDES
06-01 22:48:41.966   688  1171 W OptProp : Cannot read opt property android.window.PROPERTY_COMPAT_ALLOW_MIN_ASPECT_RATIO_OVERRIDE
06-01 22:48:41.968  1069  1069 D CarrierSvcBindHelper: onHandleForceStop: [com.aistudio.ereader.xynk]
06-01 22:48:41.974  1069  1069 D CarrierSvcBindHelper: No carrier app for: 0
06-01 22:48:41.996  1600  1600 D BoundBrokerSvc: onUnbind: Intent { act=com.google.android.gms.common.BIND_SHARED_PREFS xflg=0x4 pkg=com.google.android.gms }
06-01 22:48:42.006  3131  3235 I Finsky  : [58] SCH: Scheduling phonesky job Id: 12-1, CT: 1780328921374, Constraints: [{ L: 15000, D: 86400000, C: CHARGING_NONE, I: IDLE_NONE, N: NET_ANY, B: BATTERY_ANY }]
06-01 22:48:42.016  3131  3238 I Finsky  : [59] SCH: Scheduling 1 system job(s)
06-01 22:48:42.023   688  1171 W OptProp : Cannot read opt property android.window.PROPERTY_COMPAT_ALLOW_ORIENTATION_OVERRIDE
06-01 22:48:42.028  3131  3238 I Finsky  : [59] SCH: Scheduling system job Id: 9469, L: 14358, D: 65838779, C: false, I: false, N: 1
06-01 22:48:42.039   560  1133 I BpBinder: onLastStrongRef automatically unlinking death recipients: 
06-01 22:48:42.052   688  1171 I ActivityTaskManager: START u0 {flg=0x10000000 xflg=0x5 cmp=com.aistudio.ereader.xynk/com.example.MainActivity} with LAUNCH_MULTIPLE from uid 2000 (BAL_ALLOW_PERMISSION) result code=0
06-01 22:48:42.061   948   991 V WindowManagerShell: Transition requested (#24): android.os.BinderProxy@5493921 TransitionRequestInfo { type = OPEN, triggerTask = TaskInfo{userId=0 taskId=170 effectiveUid=10225 displayId=0 isRunning=true baseIntent=Intent { flg=0x10000000 cmp=com.aistudio.ereader.xynk/com.example.MainActivity } baseActivity=ComponentInfo{com.aistudio.ereader.xynk/com.example.MainActivity} topActivity=ComponentInfo{com.aistudio.ereader.xynk/com.example.MainActivity} origActivity=null realActivity=ComponentInfo{com.aistudio.ereader.xynk/com.example.MainActivity} numActivities=1 lastActiveTime=1509738 supportsMultiWindow=true resizeMode=1 isResizeable=true minWidth=-1 minHeight=-1 defaultMinSize=220 token=WCT{android.window.IWindowContainerToken$Stub$Proxy@1b9146} topActivityType=1 pictureInPictureParams=null shouldDockBigOverlays=false launchIntoPipHostTaskId=-1 lastParentTaskIdBeforePip=-1 displayCutoutSafeInsets=Rect(0, 128 - 0, 0) topActivityInfo=ActivityInfo{4245f07 com.example.MainActivity} launchCookies=[] positionInParent=Point(0, 0) parentTaskId=-1 isFocused=false isVisible=false isVisibleRequested=false isTopActivityNoDisplay=false isSleeping=false locusId=null displayAreaFeatureId=1 isTopActivityTransparent=false isActivityStackTransparent=false lastNonFullscreenBounds=Rect(276, 692 - 804, 1772) capturedLink=null capturedLinkTimestamp=0 requestedVisibleTypes=-9 topActivityRequestOpenInBrowserEducationTimestamp=0 appCompatTaskInfo=AppCompatTaskInfo { topActivityInSizeCompat=false eligibleForLetterboxEducation= false isLetterboxEducationEnabled= true isLetterboxDoubleTapEnabled= false eligibleForUserAspectRatioButton= false topActivityBoundsLetterboxed= false isFromLetterboxDoubleTap= false topActivityLetterboxVerticalPosition= -1 topActivityLetterboxHorizontalPosition= -1 topActivityLetterboxWidth=-1 topActivityLetterboxHeight=-1 topActivityAppBounds=Rect(0, 0 - 1080, 2400) isUserFullscreenOverrideEnabled=false isSystemFullscreenOverrideEnabled=false hasMinAspectRatioOverride=false topActivityLetterboxBounds=null cameraCompatTaskInfo=CameraCompatTaskInfo { freeformCameraCompatMode=inactive}} topActivityMainWindowFrame=null}, pipChange = null, remoteTransition = null, displayChange = null, flags = 0, debugId = 24 }
06-01 22:48:42.063   948   991 D ShellSplitScreen: logExit: no-op, mLoggerSessionId is null
06-01 22:48:42.066   688   725 V GrammaticalInflectionUtils: AttributionSource: android.content.AttributionSource@cd4b66e0 does not have READ_SYSTEM_GRAMMATICAL_GENDER permission.
06-01 22:48:42.067  1084  1084 W SplitSelectStateCtor: Missing session instanceIds
06-01 22:48:42.067  1084  1084 D StatsLog: LAUNCHER_SPLIT_SELECTION_EXIT_INTERRUPTED
06-01 22:48:42.075   948  1081 I ndroid.systemui: AssetManager2(0x7bbe42463e18) locale list changing from [] to [en-US]
06-01 22:48:42.076   688  1064 I AppsFilter: interaction: PackageSetting{6dc56a4 com.android.microdroid.empty_payload/10196} -> PackageSetting{63eaae com.aistudio.ereader.xynk/10225} BLOCKED
06-01 22:48:42.076   688  1064 I AppsFilter: interaction: PackageSetting{cc41a28 com.drduc.translator/10217} -> PackageSetting{63eaae com.aistudio.ereader.xynk/10225} BLOCKED
06-01 22:48:42.077   688  1752 D CompatChangeReporter: Compat change id reported: 377864165; UID 10225; state: ENABLED
06-01 22:48:42.078   688   898 D BackgroundInstallControlService: Package event received: 0
06-01 22:48:42.094   486   486 D Zygote  : Forked child process 5631
06-01 22:48:42.107   948   991 D WindowManagerShell: setLauncherKeepClearAreaHeight: visible=false, height=527
06-01 22:48:42.119   560   560 I BpBinder: onLastStrongRef automatically unlinking death recipients: 
06-01 22:48:42.124  3131  3202 I Finsky  : [46] [ContentSync] finished, scheduled=true
06-01 22:48:42.125  3131  3232 I Finsky  : [56] SCH: Scheduling phonesky job Id: 12-1, CT: 1780328921529, Constraints: [{ L: 15000, D: 86400000, C: CHARGING_NONE, I: IDLE_NONE, N: NET_ANY, B: BATTERY_ANY }]
06-01 22:48:42.127  1279  5626 I ProximityAuth: [RecentAppsMediator] Package added: (user=UserHandle{0}) com.aistudio.ereader.xynk
06-01 22:48:42.134  1279  5626 I .gms.persistent: AssetManager2(0x7bbe42431198) locale list changing from [] to [en-US]
06-01 22:48:42.141  3131  3238 I Finsky  : [59] SCH: Scheduling 0 system job(s)
06-01 22:48:42.142  3131  3238 I Finsky  : [59] [ContentSync] finished, scheduled=true
06-01 22:48:42.167  5631  5631 I io.ereader.xynk: Late-enabling -Xcheck:jni
06-01 22:48:42.179  1600  5632 I GmscoreIpa: Starting mediastore instant index [CONTEXT service_id=255 ]
06-01 22:48:42.226  5631  5631 I io.ereader.xynk: Using CollectorTypeCMC GC.
06-01 22:48:42.227  5631  5631 W io.ereader.xynk: Unexpected CPU variant for x86: x86_64.
06-01 22:48:42.227  5631  5631 W io.ereader.xynk: Known variants: atom, sandybridge, silvermont, goldmont, goldmont-plus, goldmont-without-sha-xsaves, tremont, kabylake, alderlake, default
06-01 22:48:42.234   568   587 I adbd    : jdwp connection from 5631
06-01 22:48:42.251   688   732 W ActivityManager: Slow operation: 185ms so far, now at startProcess: done updating battery stats
06-01 22:48:42.251   688   732 W ActivityManager: Slow operation: 185ms so far, now at startProcess: building log message
06-01 22:48:42.251   688   732 I ActivityManager: Start proc 5631:com.aistudio.ereader.xynk/u0a225 for next-top-activity {com.aistudio.ereader.xynk/com.example.MainActivity}
06-01 22:48:42.251   688   732 W ActivityManager: Slow operation: 185ms so far, now at startProcess: starting to update pids map
06-01 22:48:42.251   688   732 I ActivityManager: ProcessObserver broadcast disabled
06-01 22:48:42.251   688   732 W ActivityManager: Slow operation: 186ms so far, now at startProcess: done updating pids map
06-01 22:48:42.264  5631  5631 D nativeloader: Load libframework-connectivity-tiramisu-jni.so using APEX ns com_android_tethering for caller /apex/com.android.tethering/javalib/framework-connectivity-t.jar: ok
06-01 22:48:42.299  1600  5638 I AppBackupStateCleanupIO: Backup state cleanup on uninstall is disabled. [CONTEXT service_id=229 ]
06-01 22:48:42.305  1600  5633 I gle.android.gms: AssetManager2(0x7bbe42432a98) locale list changing from [] to [en-US]
06-01 22:48:42.311  1600  5647 I PackageInstalledIntentO: Test flag v2 is disabled [CONTEXT service_id=469 ]
06-01 22:48:42.317   688  1171 W ActivityTaskManager: takeTaskSnapshot: taskId=135 not found or not visible
06-01 22:48:42.327   688   898 D BackgroundInstallControlService: Package event received: 0
06-01 22:48:42.329  1279  5616 I Fitness : (REDACTED) FitCleanupIntentOperation received Intent %s
06-01 22:48:42.354   948  5081 V WindowManagerShell: onTransitionReady(transaction=2954937501033)
06-01 22:48:42.355   948   991 V WindowManagerShell: onTransitionReady (#24) android.os.BinderProxy@5493921: {id=24 t=OPEN f=0x0 trk=0 r=[0@Point(0, 0)] c=[
06-01 22:48:42.355   948   991 V WindowManagerShell:         {m=OPEN f=NONE leash=Surface(name=Task=170)/@0x291ab0b sb=Rect(0, 0 - 1080, 2400) eb=Rect(0, 0 - 1080, 2400) epz=Point(1080, 2400) d=0 taskParent=-1},
06-01 22:48:42.355   948   991 V WindowManagerShell:         {m=TO_BACK f=SHOW_WALLPAPER leash=Surface(name=Task=1)/@0xfa55de8 sb=Rect(0, 0 - 1080, 2400) eb=Rect(0, 0 - 1080, 2400) epz=Point(1080, 2400) d=0 taskParent=-1},
06-01 22:48:42.355   948   991 V WindowManagerShell:         {m=TO_BACK f=IS_WALLPAPER leash=Surface(name=WallpaperWindowToken{26bd32e showWhenLocked=false})/@0x575dc01 sb=Rect(0, 0 - 1080, 2400) eb=Rect(0, 0 - 1080, 2400) epz=Point(1080, 2400) d=0}
06-01 22:48:42.355   948   991 V WindowManagerShell:     ]}
06-01 22:48:42.356  1279  5616 I FontLog : (REDACTED) Package %s has no metadata
06-01 22:48:42.399   948   991 V WindowManagerShell: Playing animation for (#24) android.os.BinderProxy@5493921@0
06-01 22:48:42.412   948   991 V ShellRecents: RecentsTransitionHandler.startAnimation: no controller found
06-01 22:48:42.413   948   991 V WindowManagerShell: Transition doesn't have explicit remote, search filters for match for {id=24 t=OPEN f=0x0 trk=0 r=[0@Point(0, 0)] c=[{m=OPEN f=NONE leash=Surface(name=Task=170)/@0x291ab0b sb=Rect(0, 0 - 1080, 2400) eb=Rect(0, 0 - 1080, 2400) epz=Point(1080, 2400) d=0 taskParent=-1},{m=TO_BACK f=SHOW_WALLPAPER leash=Surface(name=Task=1)/@0xfa55de8 sb=Rect(0, 0 - 1080, 2400) eb=Rect(0, 0 - 1080, 2400) epz=Point(1080, 2400) d=0 taskParent=-1},{m=TO_BACK f=IS_WALLPAPER leash=Surface(name=WallpaperWindowToken{26bd32e showWhenLocked=false})/@0x575dc01 sb=Rect(0, 0 - 1080, 2400) eb=Rect(0, 0 - 1080, 2400) epz=Point(1080, 2400) d=0}]}
06-01 22:48:42.413   948   991 V WindowManagerShell:  Checking filter Pair{{types=[] flags=0x0] notFlags=0x0 checks=[{atype=undefined independent=true modes=[CLOSE,TO_BACK] flags=IN_TASK_WITH_EMBEDDED_ACTIVITY mustBeTask=false order=ANY topActivity=null launchCookie=null taskFragmentToken=android.os.BinderProxy@54ecf4c windowingMode=undefined}]} RemoteTransition { remoteTransition = android.window.IRemoteTransition$Stub$Proxy@67f9b95, appThread = android.app.IApplicationThread$Stub$Proxy@ffad4aa, debugName = overlayBackTransition }}
06-01 22:48:42.414   948   991 V WindowManagerShell:  Checking filter Pair{{types=[] flags=0x0] notFlags=0x0 checks=[{atype=dream independent=true modes=[OPEN,TO_FRONT] flags=NONE mustBeTask=false order=ANY topActivity=null launchCookie=null windowingMode=undefined},{atype=home independent=true modes=[CLOSE,TO_BACK] flags=NONE mustBeTask=false order=ANY topActivity=null launchCookie=null windowingMode=undefined}]} RemoteTransition { remoteTransition = android.window.IRemoteTransition$Stub$Proxy@14889b, appThread = android.app.IApplicationThread$Stub$Proxy@d3f9438, debugName = LauncherToDream }}
06-01 22:48:42.414   948   991 V WindowManagerShell:  Checking filter Pair{{types=[] flags=0x0] notFlags=0x100 checks=[{atype=home independent=true modes=[OPEN,TO_FRONT] flags=NONE mustBeTask=false order=TOP topActivity=ComponentInfo{com.google.android.apps.nexuslauncher/com.google.android.apps.nexuslauncher.NexusLauncherActivity} launchCookie=null windowingMode=undefined},{atype=standard independent=true modes=[CLOSE,TO_BACK] flags=NONE mustBeTask=false order=ANY topActivity=null launchCookie=null windowingMode=undefined},{NOT atype=undefined independent=true modes=[] flags=NONE mustBeTask=true order=ANY topActivity=null launchCookie=null customAnim=true windowingMode=undefined}]} RemoteTransition { remoteTransition = android.window.IRemoteTransition$Stub$Proxy@e8b5c11, appThread = android.app.IApplicationThread$Stub$Proxy@d899176, debugName = QuickstepLaunchHome }}
06-01 22:48:42.414   948   991 V WindowManagerShell:  Delegate animation for (#24) to null
06-01 22:48:42.414   948   991 V WindowManagerShell: start default transition animation, info = {id=24 t=OPEN f=0x0 trk=0 r=[0@Point(0, 0)] c=[{m=OPEN f=NONE leash=Surface(name=Task=170)/@0x291ab0b sb=Rect(0, 0 - 1080, 2400) eb=Rect(0, 0 - 1080, 2400) epz=Point(1080, 2400) d=0 taskParent=-1},{m=TO_BACK f=SHOW_WALLPAPER leash=Surface(name=Task=1)/@0xfa55de8 sb=Rect(0, 0 - 1080, 2400) eb=Rect(0, 0 - 1080, 2400) epz=Point(1080, 2400) d=0 taskParent=-1},{m=TO_BACK f=IS_WALLPAPER leash=Surface(name=WallpaperWindowToken{26bd32e showWhenLocked=false})/@0x575dc01 sb=Rect(0, 0 - 1080, 2400) eb=Rect(0, 0 - 1080, 2400) epz=Point(1080, 2400) d=0}]}
06-01 22:48:42.431  1600  5623 I Auth    : (REDACTED) [SupervisedAccountIntentOperation] onHandleIntent: %s
06-01 22:48:42.431  1600  5638 I PackageInstalledIntentO: Test flag v2 is disabled [CONTEXT service_id=469 ]
06-01 22:48:42.432  1600  5654 W AppInstallOperation: FDL Migration::InstallIntentOperation by FDL Module [CONTEXT service_id=77 ]
06-01 22:48:42.438   688   710 W system_server: Suspending all threads took: 11.132ms
06-01 22:48:42.439   948   991 V WindowManagerShell: loadAnimation: anim=android.view.animation.AnimationSet@3627083 animAttr=0x13 type=OPEN isEntrance=false
06-01 22:48:42.440   948   991 V WindowManagerShell: loadAnimation: anim=android.view.animation.AnimationSet@2d191df animAttr=0x12 type=OPEN isEntrance=true
06-01 22:48:42.454   688   723 W Looper  : Slow dispatch took 131ms android.ui app=system_server main=false group=TOP_APP h=com.android.server.am.ActivityManagerService$UiHandler c=com.android.server.am.UidObserverController$$ExternalSyntheticLambda0@55f8c7 m=0
06-01 22:48:42.456   948   991 V WindowManagerShell:  animated by com.android.wm.shell.transition.DefaultTransitionHandler@b7cc292
06-01 22:48:42.457  1600  5650 W SQLiteLog: (28) double-quoted string literal: "com.aistudio.ereader.xynk"
06-01 22:48:42.474   688   722 V WindowManager: Sent Transition (#24) createdAt=06-01 22:48:41.968 via request=TransitionRequestInfo { type = OPEN, triggerTask = TaskInfo{userId=0 taskId=170 effectiveUid=10225 displayId=0 isRunning=true baseIntent=Intent { flg=0x10000000 cmp=com.aistudio.ereader.xynk/com.example.MainActivity } baseActivity=ComponentInfo{com.aistudio.ereader.xynk/com.example.MainActivity} topActivity=ComponentInfo{com.aistudio.ereader.xynk/com.example.MainActivity} origActivity=null realActivity=ComponentInfo{com.aistudio.ereader.xynk/com.example.MainActivity} numActivities=1 lastActiveTime=1509738 supportsMultiWindow=true resizeMode=1 isResizeable=true minWidth=-1 minHeight=-1 defaultMinSize=220 token=WCT{RemoteToken{9b9f827 Task{dfcdd57 #170 type=standard A=10225:com.aistudio.ereader.xynk}}} topActivityType=1 pictureInPictureParams=null shouldDockBigOverlays=false launchIntoPipHostTaskId=-1 lastParentTaskIdBeforePip=-1 displayCutoutSafeInsets=Rect(0, 128 - 0, 0) topActivityInfo=ActivityInfo{2f4bad4 com.example.MainActivity} launchCookies=[] positionInParent=Point(0, 0) parentTaskId=-1 isFocused=false isVisible=false isVisibleRequested=false isTopActivityNoDisplay=false isSleeping=false locusId=null displayAreaFeatureId=1 isTopActivityTransparent=false isActivityStackTransparent=false lastNonFullscreenBounds=Rect(276, 692 - 804, 1772) capturedLink=null capturedLinkTimestamp=0 requestedVisibleTypes=-9 topActivityRequestOpenInBrowserEducationTimestamp=0 appCompatTaskInfo=AppCompatTaskInfo { topActivityInSizeCompat=false eligibleForLetterboxEducation= false isLetterboxEducationEnabled= true isLetterboxDoubleTapEnabled= false eligibleForUserAspectRatioButton= false topActivityBoundsLetterboxed= false isFromLetterboxDoubleTap= false topActivityLetterboxVerticalPosition= -1 topActivityLetterboxHorizontalPosition= -1 topActivityLetterboxWidth=-1 topActivityLetterboxHeight=-1 topActivityAppBounds=Rect(0, 0 - 1080, 2400) isUserFullscreenOverrideEnabled=false isSystemFullscreenOverrideEnabled=false hasMinAspectRatioOverride=false topActivityLetterboxBounds=null cameraCompatTaskInfo=CameraCompatTaskInfo { freeformCameraCompatMode=inactive}} topActivityMainWindowFrame=null}, pipChange = null, remoteTransition = null, displayChange = null, flags = 0, debugId = 24 }
06-01 22:48:42.475   688   722 V WindowManager:     startWCT=WindowContainerTransaction { changes= {} hops= [] errorCallbackToken=null taskFragmentOrganizer=null }
06-01 22:48:42.475   688   722 V WindowManager:     info={id=24 t=OPEN f=0x0 trk=0 r=[0@Point(0, 0)] c=[
06-01 22:48:42.475   688   722 V WindowManager:         {WCT{RemoteToken{9b9f827 Task{dfcdd57 #170 type=standard A=10225:com.aistudio.ereader.xynk}}} m=OPEN f=NONE leash=Surface(name=Task=170)/@0x92fe1c2 sb=Rect(0, 0 - 1080, 2400) eb=Rect(0, 0 - 1080, 2400) epz=Point(1080, 2400) d=0 taskParent=-1},
06-01 22:48:42.475   688   722 V WindowManager:         {WCT{RemoteToken{5bab9fa Task{d96d4d8 #1 type=home}}} m=TO_BACK f=SHOW_WALLPAPER leash=Surface(name=Task=1)/@0x2527a97 sb=Rect(0, 0 - 1080, 2400) eb=Rect(0, 0 - 1080, 2400) epz=Point(1080, 2400) d=0 taskParent=-1},
06-01 22:48:42.475   688   722 V WindowManager:         {m=TO_BACK f=IS_WALLPAPER leash=Surface(name=WallpaperWindowToken{26bd32e showWhenLocked=false})/@0x6a9a116 sb=Rect(0, 0 - 1080, 2400) eb=Rect(0, 0 - 1080, 2400) epz=Point(1080, 2400) d=0}
06-01 22:48:42.475   688   722 V WindowManager:     ]}
06-01 22:48:42.510  1600  1966 I gle.android.gms: AssetManager2(0x7bbe4242d638) locale list changing from [] to [en-US]
06-01 22:48:42.551  1600  5657 I NearbyDiscovery: (REDACTED) processGrantSlicePermission: %s
06-01 22:48:42.625  1600  1600 D BoundBrokerSvc: onBind: Intent { act=com.google.android.gms.common.BIND_SHARED_PREFS xflg=0x4 pkg=com.google.android.gms }
06-01 22:48:42.625  1600  1600 D BoundBrokerSvc: Loading bound service for intent: Intent { act=com.google.android.gms.common.BIND_SHARED_PREFS xflg=0x4 pkg=com.google.android.gms }
06-01 22:48:42.771   948   991 V WindowManagerShell: Transition animation finished (aborted=false), notifying core (#24) android.os.BinderProxy@5493921@0
06-01 22:48:42.779   688   722 V WindowManager: Finish Transition (#24): created at 06-01 22:48:41.968 collect-started=0.9ms request-sent=83.89ms started=133.09ms ready=366.126ms sent=375.091ms commit=109.324ms finished=804.983ms
06-01 22:48:42.785  1084  1084 D VRI[NexusLauncherActivity]: visibilityChanged oldVisibility=true newVisibility=false
06-01 22:48:42.785   948   991 V WindowManagerShell: Track 0 became idle
06-01 22:48:42.785   948   991 V WindowManagerShell: All active transition animations finished
06-01 22:48:42.800  1084  1084 D NexusLauncherModelDelegate: notifySmartspaceEvent: SmartspaceTargetEvent{mSmartspaceTarget=null, mSmartspaceActionId='null', mEventType=7}
06-01 22:48:42.816  1600  2016 I Icing   : IndexChimeraService.getServiceInterface callingPackage=com.google.android.gms componentName=AppsCorpus serviceId=36
06-01 22:48:42.824  1600  1600 D BoundBrokerSvc: onBind: Intent { act=com.google.android.gms.feedback.internal.IFeedbackService dat=chimera-action:/... xflg=0x4 cmp=com.google.android.gms/.chimera.GmsBoundBrokerService }
06-01 22:48:42.824  1600  1600 D BoundBrokerSvc: Loading bound service for intent: Intent { act=com.google.android.gms.feedback.internal.IFeedbackService dat=chimera-action:/... xflg=0x4 cmp=com.google.android.gms/.chimera.GmsBoundBrokerService }
06-01 22:48:42.831   688   710 I system_server: Background concurrent mark compact GC freed 33MB AllocSpace bytes, 45(1020KB) LOS objects, 39% free, 36MB/60MB, paused 25.281ms,6.009ms total 2.014s
06-01 22:48:42.864   688   898 D BackgroundInstallControlService: Package event received: 0
06-01 22:48:42.878   688   712 W System  : A resource failed to call close. 
06-01 22:48:42.883   688   712 W System  : A resource failed to call release. 
06-01 22:48:42.884  1600  4261 I Icing   : IndexChimeraService.getServiceInterface callingPackage=com.google.android.gms componentName=null serviceId=30
06-01 22:48:42.929  1600  2003 I Icing   : Usage reports ok 1, Failed Usage reports 0, indexed 0, rejected 0
06-01 22:48:43.006  1600  2003 I Icing   : Usage reports ok 0, Failed Usage reports 0, indexed 0, rejected 0
06-01 22:48:43.025  1600  2003 I Icing   : Indexing com.google.android.gms-apps from com.google.android.gms
06-01 22:48:43.066  1600  2003 I Icing   : Indexing done com.google.android.gms-apps
06-01 22:48:43.339  5631  5631 D nativeloader: Configuring clns-9 for other apk /data/app/~~DxQv47guj4pXqn0wX6nz3w==/com.aistudio.ereader.xynk-GKxEpGvl4eWcjjl_vhrSdQ==/base.apk. target_sdk_version=36, uses_libraries=, library_path=/data/app/~~DxQv47guj4pXqn0wX6nz3w==/com.aistudio.ereader.xynk-GKxEpGvl4eWcjjl_vhrSdQ==/lib/x86_64:/data/app/~~DxQv47guj4pXqn0wX6nz3w==/com.aistudio.ereader.xynk-GKxEpGvl4eWcjjl_vhrSdQ==/base.apk!/lib/x86_64, permitted_path=/data:/mnt/expand:/data/user/0/com.aistudio.ereader.xynk
06-01 22:48:43.354  5631  5631 I io.ereader.xynk: AssetManager2(0x7bbe4242b6f8) locale list changing from [] to [en-US]
06-01 22:48:43.367  5631  5631 V GraphicsEnvironment: Currently set values for:
06-01 22:48:43.367  5631  5631 V GraphicsEnvironment:   angle_gl_driver_selection_pkgs=[]
06-01 22:48:43.367  5631  5631 V GraphicsEnvironment:   angle_gl_driver_selection_values=[]
06-01 22:48:43.367  5631  5631 V GraphicsEnvironment: com.aistudio.ereader.xynk is not listed in per-application setting
06-01 22:48:43.367  5631  5631 V GraphicsEnvironment: ANGLE allowlist from config: com.dreamgames.royalmatch com.dts.freefiremax com.dxx.firenow com.gramgames.mergedragons com.ludo.king com.mojang.minecraftpe com.my.defense com.nintendo.zaka com.os.airforce com.playrix.fishdomdd.gplay io.teslatech.callbreak jp.konami.prospia net.peakgames.toonblast
06-01 22:48:43.367  5631  5631 V GraphicsEnvironment: com.aistudio.ereader.xynk is not listed in ANGLE allowlist or settings, returning default
06-01 22:48:43.367  5631  5631 V GraphicsEnvironment: Neither updatable production driver nor prerelease driver is supported.
06-01 22:48:43.432  2063  2188 I .apps.wellbeing: AssetManager2(0x7bbe42447f38) locale list changing from [] to [en-US]
06-01 22:48:43.437  2063  2188 I .apps.wellbeing: AssetManager2(0x7bbe4243e938) locale list changing from [] to [en-US]
06-01 22:48:43.439  2063  2188 I .apps.wellbeing: AssetManager2(0x7bbe424440b8) locale list changing from [] to [en-US]
06-01 22:48:43.441  2063  2188 I .apps.wellbeing: AssetManager2(0x7bbe42445378) locale list changing from [] to [en-US]
06-01 22:48:43.444  2063  2188 I .apps.wellbeing: AssetManager2(0x7bbe42448ed8) locale list changing from [] to [en-US]
06-01 22:48:43.449  2063  2188 I .apps.wellbeing: AssetManager2(0x7bbe424556d8) locale list changing from [] to [en-US]
06-01 22:48:43.454  2063  2188 I .apps.wellbeing: AssetManager2(0x7bbe42446638) locale list changing from [] to [en-US]
06-01 22:48:43.457  2063  2188 I .apps.wellbeing: AssetManager2(0x7bbe424472b8) locale list changing from [] to [en-US]
06-01 22:48:43.460  2063  2188 I .apps.wellbeing: AssetManager2(0x7bbe42445698) locale list changing from [] to [en-US]
06-01 22:48:43.463  2063  2188 I .apps.wellbeing: AssetManager2(0x7bbe4244a7d8) locale list changing from [] to [en-US]
06-01 22:48:43.477  2063  2188 I .apps.wellbeing: AssetManager2(0x7bbe42448bb8) locale list changing from [] to [en-US]
06-01 22:48:43.479  2063  2188 I .apps.wellbeing: AssetManager2(0x7bbe42449518) locale list changing from [] to [en-US]
06-01 22:48:43.481  2063  2188 I .apps.wellbeing: AssetManager2(0x7bbe42446958) locale list changing from [] to [en-US]
06-01 22:48:43.484  2063  2188 I .apps.wellbeing: AssetManager2(0x7bbe424478f8) locale list changing from [] to [en-US]
06-01 22:48:43.486  5631  5631 D WM-WrkMgrInitializer: Initializing WorkManager with default configuration.
06-01 22:48:43.487  2063  2188 I .apps.wellbeing: AssetManager2(0x7bbe42443a78) locale list changing from [] to [en-US]
06-01 22:48:43.493  2063  2188 I .apps.wellbeing: AssetManager2(0x7bbe42448578) locale list changing from [] to [en-US]
06-01 22:48:43.496  2063  2188 I .apps.wellbeing: AssetManager2(0x7bbe424459b8) locale list changing from [] to [en-US]
06-01 22:48:43.509  2063  2188 I .apps.wellbeing: AssetManager2(0x7bbe42447c18) locale list changing from [] to [en-US]
06-01 22:48:43.523  2063  2188 I .apps.wellbeing: AssetManager2(0x7bbe42444a18) locale list changing from [] to [en-US]
06-01 22:48:43.526  2063  2188 I .apps.wellbeing: AssetManager2(0x7bbe424524d8) locale list changing from [] to [en-US]
06-01 22:48:43.529  2063  2188 I .apps.wellbeing: AssetManager2(0x7bbe4243fbf8) locale list changing from [] to [en-US]
06-01 22:48:43.532  2063  2188 I .apps.wellbeing: AssetManager2(0x7bbe42449b58) locale list changing from [] to [en-US]
06-01 22:48:43.534  2063  2188 I .apps.wellbeing: AssetManager2(0x7bbe4244d078) locale list changing from [] to [en-US]
06-01 22:48:43.536  2063  2188 I .apps.wellbeing: AssetManager2(0x7bbe424527f8) locale list changing from [] to [en-US]
06-01 22:48:43.540  2063  2188 I .apps.wellbeing: AssetManager2(0x7bbe42451538) locale list changing from [] to [en-US]
06-01 22:48:43.543  2063  2188 I .apps.wellbeing: AssetManager2(0x7bbe42456358) locale list changing from [] to [en-US]
06-01 22:48:43.546  2063  2188 I .apps.wellbeing: AssetManager2(0x7bbe42441b38) locale list changing from [] to [en-US]
06-01 22:48:43.547  2063  2188 I .apps.wellbeing: AssetManager2(0x7bbe42440b98) locale list changing from [] to [en-US]
06-01 22:48:43.552  2063  2188 I .apps.wellbeing: AssetManager2(0x7bbe42432138) locale list changing from [] to [en-US]
06-01 22:48:43.555  2063  2188 I .apps.wellbeing: AssetManager2(0x7bbe4243c6d8) locale list changing from [] to [en-US]
06-01 22:48:43.558  2063  2188 I .apps.wellbeing: AssetManager2(0x7bbe4244ff58) locale list changing from [] to [en-US]
06-01 22:48:43.562  2063  2188 I .apps.wellbeing: AssetManager2(0x7bbe4244ca38) locale list changing from [] to [en-US]
06-01 22:48:43.566  2063  2188 I .apps.wellbeing: AssetManager2(0x7bbe42450278) locale list changing from [] to [en-US]
06-01 22:48:43.569  2063  2188 I .apps.wellbeing: AssetManager2(0x7bbe4244e658) locale list changing from [] to [en-US]
06-01 22:48:43.574  2063  2188 I .apps.wellbeing: AssetManager2(0x7bbe4244e978) locale list changing from [] to [en-US]
06-01 22:48:43.578  2063  2188 I .apps.wellbeing: AssetManager2(0x7bbe4244e018) locale list changing from [] to [en-US]
06-01 22:48:43.580  2063  2188 I .apps.wellbeing: AssetManager2(0x7bbe4244fc38) locale list changing from [] to [en-US]
06-01 22:48:43.582  2063  2188 I .apps.wellbeing: AssetManager2(0x7bbe4244e338) locale list changing from [] to [en-US]
06-01 22:48:43.585  2063  2188 I .apps.wellbeing: AssetManager2(0x7bbe424414f8) locale list changing from [] to [en-US]
06-01 22:48:43.591  2063  2188 I .apps.wellbeing: AssetManager2(0x7bbe424427b8) locale list changing from [] to [en-US]
06-01 22:48:43.603  2063  2188 I .apps.wellbeing: AssetManager2(0x7bbe4243d038) locale list changing from [] to [en-US]
06-01 22:48:43.606  2063  2188 I .apps.wellbeing: AssetManager2(0x7bbe42440558) locale list changing from [] to [en-US]
06-01 22:48:43.609  2063  2188 I .apps.wellbeing: AssetManager2(0x7bbe42440878) locale list changing from [] to [en-US]
06-01 22:48:43.611  2063  2188 I .apps.wellbeing: AssetManager2(0x7bbe4243f298) locale list changing from [] to [en-US]
06-01 22:48:43.613  2063  2188 I .apps.wellbeing: AssetManager2(0x7bbe424411d8) locale list changing from [] to [en-US]
06-01 22:48:43.617  2063  2188 I .apps.wellbeing: AssetManager2(0x7bbe4243c3b8) locale list changing from [] to [en-US]
06-01 22:48:43.621  2063  2188 I .apps.wellbeing: AssetManager2(0x7bbe4243b738) locale list changing from [] to [en-US]
06-01 22:48:43.628  2063  2188 I .apps.wellbeing: AssetManager2(0x7bbe42459238) locale list changing from [] to [en-US]
06-01 22:48:43.630  2063  2188 I .apps.wellbeing: AssetManager2(0x7bbe42431198) locale list changing from [] to [en-US]
06-01 22:48:43.641  2063  2188 I .apps.wellbeing: AssetManager2(0x7bbe4242ec18) locale list changing from [] to [en-US]
06-01 22:48:43.646  2063  2188 I .apps.wellbeing: AssetManager2(0x7bbe4242df98) locale list changing from [] to [en-US]
06-01 22:48:43.649  2063  2188 I .apps.wellbeing: AssetManager2(0x7bbe4242e2b8) locale list changing from [] to [en-US]
06-01 22:48:43.652  2063  2188 I .apps.wellbeing: AssetManager2(0x7bbe4243c098) locale list changing from [] to [en-US]
06-01 22:48:43.654  2063  2188 I .apps.wellbeing: AssetManager2(0x7bbe42430518) locale list changing from [] to [en-US]
06-01 22:48:43.655  2063  2188 I .apps.wellbeing: AssetManager2(0x7bbe42440238) locale list changing from [] to [en-US]
06-01 22:48:43.658  2063  2188 I .apps.wellbeing: AssetManager2(0x7bbe42443118) locale list changing from [] to [en-US]
06-01 22:48:43.660  2063  2188 I .apps.wellbeing: AssetManager2(0x7bbe42435338) locale list changing from [] to [en-US]
06-01 22:48:43.665  2063  2188 I .apps.wellbeing: AssetManager2(0x7bbe42441e58) locale list changing from [] to [en-US]
06-01 22:48:43.669  2063  2188 I .apps.wellbeing: AssetManager2(0x7bbe4242a438) locale list changing from [] to [en-US]
06-01 22:48:43.673  2063  2188 I .apps.wellbeing: AssetManager2(0x7bbe4243b0f8) locale list changing from [] to [en-US]
06-01 22:48:43.675  2063  2188 I .apps.wellbeing: AssetManager2(0x7bbe4243b418) locale list changing from [] to [en-US]
06-01 22:48:43.678  2063  2188 I .apps.wellbeing: AssetManager2(0x7bbe4243cd18) locale list changing from [] to [en-US]
06-01 22:48:43.686  2063  2188 I .apps.wellbeing: AssetManager2(0x7bbe42435658) locale list changing from [] to [en-US]
06-01 22:48:43.689  2063  2188 I .apps.wellbeing: AssetManager2(0x7bbe424391b8) locale list changing from [] to [en-US]
06-01 22:48:43.691  2063  2188 I .apps.wellbeing: AssetManager2(0x7bbe42438538) locale list changing from [] to [en-US]
06-01 22:48:43.696  2063  2188 I .apps.wellbeing: AssetManager2(0x7bbe42438858) locale list changing from [] to [en-US]
06-01 22:48:43.700  2063  2188 I .apps.wellbeing: AssetManager2(0x7bbe42434078) locale list changing from [] to [en-US]
06-01 22:48:43.702  2063  2188 I .apps.wellbeing: AssetManager2(0x7bbe42439e38) locale list changing from [] to [en-US]
06-01 22:48:43.706  2063  2188 I .apps.wellbeing: AssetManager2(0x7bbe424333f8) locale list changing from [] to [en-US]
06-01 22:48:43.711  2063  2188 I .apps.wellbeing: AssetManager2(0x7bbe42425938) locale list changing from [] to [en-US]
06-01 22:48:43.714  2063  2188 I .apps.wellbeing: AssetManager2(0x7bbe424378b8) locale list changing from [] to [en-US]
06-01 22:48:43.716  2063  2188 I .apps.wellbeing: AssetManager2(0x7bbe4242d638) locale list changing from [] to [en-US]
06-01 22:48:43.721  2063  2188 I .apps.wellbeing: AssetManager2(0x7bbe4242dc78) locale list changing from [] to [en-US]
06-01 22:48:43.723  2063  2188 I .apps.wellbeing: AssetManager2(0x7bbe42432db8) locale list changing from [] to [en-US]
06-01 22:48:43.725  2063  2188 I .apps.wellbeing: AssetManager2(0x7bbe42431af8) locale list changing from [] to [en-US]
06-01 22:48:43.727  2063  2188 I .apps.wellbeing: AssetManager2(0x7bbe4242c698) locale list changing from [] to [en-US]
06-01 22:48:43.731  2063  2188 I .apps.wellbeing: AssetManager2(0x7bbe4243a158) locale list changing from [] to [en-US]
06-01 22:48:43.733  2063  2188 I .apps.wellbeing: AssetManager2(0x7bbe4242c378) locale list changing from [] to [en-US]
06-01 22:48:43.736  2063  2188 I .apps.wellbeing: AssetManager2(0x7bbe42439b18) locale list changing from [] to [en-US]
06-01 22:48:43.738  2063  2188 I .apps.wellbeing: AssetManager2(0x7bbe4242cff8) locale list changing from [] to [en-US]
06-01 22:48:43.740  2063  2188 I .apps.wellbeing: AssetManager2(0x7bbe424317d8) locale list changing from [] to [en-US]
06-01 22:48:43.742  2063  2188 I .apps.wellbeing: AssetManager2(0x7bbe4242fbb8) locale list changing from [] to [en-US]
06-01 22:48:43.746  2063  2188 I .apps.wellbeing: AssetManager2(0x7bbe4242f258) locale list changing from [] to [en-US]
06-01 22:48:43.749  2063  2188 I .apps.wellbeing: AssetManager2(0x7bbe42434398) locale list changing from [] to [en-US]
