06-01 17:17:17.274  2731  2843 E GoogleApiManager: 	at czrg.mD(:com.google.android.gms@261631038@26.16.31 (260800-900800821):1)
06-01 17:17:17.274  2731  2843 E GoogleApiManager: 	at czrg.dispatchMessage(:com.google.android.gms@261631038@26.16.31 (260800-900800821):5)
06-01 17:17:17.274  2731  2843 E GoogleApiManager: 	at android.os.Looper.loopOnce(Looper.java:248)
06-01 17:17:17.274  2731  2843 E GoogleApiManager: 	at android.os.Looper.loop(Looper.java:338)
06-01 17:17:17.274  2731  2843 E GoogleApiManager: 	at android.os.HandlerThread.run(HandlerThread.java:85)
06-01 17:17:17.274  2731  2843 W GoogleApiManager: Not showing notification since connectionResult is not user-facing: ConnectionResult{statusCode=DEVELOPER_ERROR, resolution=null, message=null, clientMethodKey=null}
06-01 17:17:17.279  2830  2830 I FirebaseInitProvider: FirebaseApp initialization successful
06-01 17:17:17.282  1265  1353 I NetworkScheduler.Stats: (REDACTED) Task %s/%s finished executing. cause:%s result: %s elapsed_millis: %s uptime_millis: %s exec_start_elapsed_seconds: %s
06-01 17:17:17.284  2731  2845 W FlagStore: Unable to update local snapshot for com.google.android.gms.providerinstaller#com.google.android.apps.docs, may result in stale flags.
06-01 17:17:17.284  2731  2845 W FlagStore: java.util.concurrent.ExecutionException: glbt: 17: 17: API: Phenotype.API is not available on this device. Connection failed with: ConnectionResult{statusCode=DEVELOPER_ERROR, resolution=null, message=null, clientMethodKey=null}
06-01 17:17:17.284  2731  2845 W FlagStore: 	at hkyn.j(:com.google.android.gms@261631038@26.16.31 (260800-900800821):21)
06-01 17:17:17.284  2731  2845 W FlagStore: 	at hkyw.t(:com.google.android.gms@261631038@26.16.31 (260800-900800821):24)
06-01 17:17:17.284  2731  2845 W FlagStore: 	at hkyn.get(:com.google.android.gms@261631038@26.16.31 (260800-900800821):1)
06-01 17:17:17.284  2731  2845 W FlagStore: 	at hldb.a(:com.google.android.gms@261631038@26.16.31 (260800-900800821):2)
06-01 17:17:17.284  2731  2845 W FlagStore: 	at hlbr.s(:com.google.android.gms@261631038@26.16.31 (260800-900800821):10)
06-01 17:17:17.284  2731  2845 W FlagStore: 	at glhi.d(:com.google.android.gms@261631038@26.16.31 (260800-900800821):1)
06-01 17:17:17.284  2731  2845 W FlagStore: 	at glgm.run(:com.google.android.gms@261631038@26.16.31 (260800-900800821):5)
06-01 17:17:17.284  2731  2845 W FlagStore: 	at java.util.concurrent.Executors$RunnableAdapter.call(Executors.java:524)
06-01 17:17:17.284  2731  2845 W FlagStore: 	at java.util.concurrent.FutureTask.run(FutureTask.java:317)
06-01 17:17:17.284  2731  2845 W FlagStore: 	at java.util.concurrent.ScheduledThreadPoolExecutor$ScheduledFutureTask.run(ScheduledThreadPoolExecutor.java:348)
06-01 17:17:17.284  2731  2845 W FlagStore: 	at java.util.concurrent.ThreadPoolExecutor.runWorker(ThreadPoolExecutor.java:1156)
06-01 17:17:17.284  2731  2845 W FlagStore: 	at java.util.concurrent.ThreadPoolExecutor$Worker.run(ThreadPoolExecutor.java:651)
06-01 17:17:17.284  2731  2845 W FlagStore: 	at java.lang.Thread.run(Thread.java:1119)
06-01 17:17:17.284  2731  2845 W FlagStore: Caused by: glbt: 17: 17: API: Phenotype.API is not available on this device. Connection failed with: ConnectionResult{statusCode=DEVELOPER_ERROR, resolution=null, message=null, clientMethodKey=null}
06-01 17:17:17.284  2731  2845 W FlagStore: 	at glbv.a(:com.google.android.gms@261631038@26.16.31 (260800-900800821):13)
06-01 17:17:17.284  2731  2845 W FlagStore: 	at hkyd.d(:com.google.android.gms@261631038@26.16.31 (260800-900800821):3)
06-01 17:17:17.284  2731  2845 W FlagStore: 	at hkyf.run(:com.google.android.gms@261631038@26.16.31 (260800-900800821):139)
06-01 17:17:17.284  2731  2845 W FlagStore: 	at hlan.execute(:com.google.android.gms@261631038@26.16.31 (260800-900800821):1)
06-01 17:17:17.284  2731  2845 W FlagStore: 	at hkyn.f(:com.google.android.gms@261631038@26.16.31 (260800-900800821):1)
06-01 17:17:17.284  2731  2845 W FlagStore: 	at hkyn.m(:com.google.android.gms@261631038@26.16.31 (260800-900800821):101)
06-01 17:17:17.284  2731  2845 W FlagStore: 	at hkyn.q(:com.google.android.gms@261631038@26.16.31 (260800-900800821):16)
06-01 17:17:17.284  2731  2845 W FlagStore: 	at gctb.hy(:com.google.android.gms@261631038@26.16.31 (260800-900800821):35)
06-01 17:17:17.284  2731  2845 W FlagStore: 	at fpgy.run(:com.google.android.gms@261631038@26.16.31 (260800-900800821):12)
06-01 17:17:17.284  2731  2845 W FlagStore: 	at hlan.execute(:com.google.android.gms@261631038@26.16.31 (260800-900800821):1)
06-01 17:17:17.284  2731  2845 W FlagStore: 	at fpgz.b(:com.google.android.gms@261631038@26.16.31 (260800-900800821):18)
06-01 17:17:17.284  2731  2845 W FlagStore: 	at fpho.b(:com.google.android.gms@261631038@26.16.31 (260800-900800821):34)
06-01 17:17:17.284  2731  2845 W FlagStore: 	at fphv.B(:com.google.android.gms@261631038@26.16.31 (260800-900800821):17)
06-01 17:17:17.284  2731  2845 W FlagStore: 	at fpgq.run(:com.google.android.gms@261631038@26.16.31 (260800-900800821):60)
06-01 17:17:17.284  2731  2845 W FlagStore: 	at hlan.execute(:com.google.android.gms@261631038@26.16.31 (260800-900800821):1)
06-01 17:17:17.284  2731  2845 W FlagStore: 	at fpgr.b(:com.google.android.gms@261631038@26.16.31 (260800-900800821):8)
06-01 17:17:17.284  2731  2845 W FlagStore: 	at fpho.b(:com.google.android.gms@261631038@26.16.31 (260800-900800821):34)
06-01 17:17:17.284  2731  2845 W FlagStore: 	at fphq.d(:com.google.android.gms@261631038@26.16.31 (260800-900800821):22)
06-01 17:17:17.284  2731  2845 W FlagStore: 	at bidp.e(:com.google.android.gms@261631038@26.16.31 (260800-900800821):9)
06-01 17:17:17.284  2731  2845 W FlagStore: 	at bigh.q(:com.google.android.gms@261631038@26.16.31 (260800-900800821):48)
06-01 17:17:17.284  2731  2845 W FlagStore: 	at bigh.d(:com.google.android.gms@261631038@26.16.31 (260800-900800821):10)
06-01 17:17:17.284  2731  2845 W FlagStore: 	at bigh.g(:com.google.android.gms@261631038@26.16.31 (260800-900800821):191)
06-01 17:17:17.284  2731  2845 W FlagStore: 	at bigh.onConnectionFailed(:com.google.android.gms@261631038@26.16.31 (260800-900800821):2)
06-01 17:17:17.284  2731  2845 W FlagStore: 	at bigj.run(:com.google.android.gms@261631038@26.16.31 (260800-900800821):70)
06-01 17:17:17.284  2731  2845 W FlagStore: 	at android.os.Handler.handleCallback(Handler.java:995)
06-01 17:17:17.284  2731  2845 W FlagStore: 	at android.os.Handler.dispatchMessage(Handler.java:103)
06-01 17:17:17.284  2731  2845 W FlagStore: 	at czrg.mD(:com.google.android.gms@261631038@26.16.31 (260800-900800821):1)
06-01 17:17:17.284  2731  2845 W FlagStore: 	at czrg.dispatchMessage(:com.google.android.gms@261631038@26.16.31 (260800-900800821):5)
06-01 17:17:17.284  2731  2845 W FlagStore: 	at android.os.Looper.loopOnce(Looper.java:248)
06-01 17:17:17.284  2731  2845 W FlagStore: 	at android.os.Looper.loop(Looper.java:338)
06-01 17:17:17.284  2731  2845 W FlagStore: 	at android.os.HandlerThread.run(HandlerThread.java:85)
06-01 17:17:17.284  2731  2845 W FlagStore: Caused by: bibu: 17: API: Phenotype.API is not available on this device. Connection failed with: ConnectionResult{statusCode=DEVELOPER_ERROR, resolution=null, message=null, clientMethodKey=null}
06-01 17:17:17.284  2731  2845 W FlagStore: 	at bizz.a(:com.google.android.gms@261631038@26.16.31 (260800-900800821):15)
06-01 17:17:17.284  2731  2845 W FlagStore: 	at bids.a(:com.google.android.gms@261631038@26.16.31 (260800-900800821):1)
06-01 17:17:17.284  2731  2845 W FlagStore: 	at bidp.e(:com.google.android.gms@261631038@26.16.31 (260800-900800821):5)
06-01 17:17:17.284  2731  2845 W FlagStore: 	... 12 more
06-01 17:17:17.301  1068  1300 V MmsProvider: accessRestricted=true
06-01 17:17:17.301  1068  1300 V MmsProvider: inside checkQueryParametersForSubqueries
06-01 17:17:17.301  1068  1300 V MmsProvider: checkQueryParametersForSubqueries checking proj: date
06-01 17:17:17.301  1068  1300 V MmsProvider: checkQueryParametersForSubqueries checking proj: _id
06-01 17:17:17.301  1068  1300 V MmsProvider: checkQueryParametersForSubqueries checking proj: msg_box
06-01 17:17:17.301  1068  1300 V MmsProvider: checkQueryParametersForSubqueries checking sel: date > ? AND (msg_box == ? OR msg_box == ?)
06-01 17:17:17.301  1068  1300 V MmsProvider: checkQueryParametersForSubqueries checking sort: date DESC
06-01 17:17:17.314  1561  2208 E DialerRestVvmCarrierService: com.android.dialer.voicemail.service.impl.vvmclients.rest.RestVvmCarrierService.getMsisdn:349 Retrieved phone number in an unexpected format: +15551234567 [CONTEXT disable_client_error_logging=true ]
06-01 17:17:17.314  1561  2208 E DialerRestVvmCarrierService: agpf: MEDIUM
06-01 17:17:17.314  1561  2208 E DialerRestVvmCarrierService: 	at a.dJ(PG:15)
06-01 17:17:17.314  1561  2208 E DialerRestVvmCarrierService: 	at uev.apply(PG:1052)
06-01 17:17:17.314  1561  2208 E DialerRestVvmCarrierService: 	at afsm.apply(PG:17)
06-01 17:17:17.314  1561  2208 E DialerRestVvmCarrierService: 	at ahcm.d(PG:3)
06-01 17:17:17.314  1561  2208 E DialerRestVvmCarrierService: 	at ahcn.run(PG:47)
06-01 17:17:17.314  1561  2208 E DialerRestVvmCarrierService: 	at zzb.run(PG:7)
06-01 17:17:17.314  1561  2208 E DialerRestVvmCarrierService: 	at agvr.run(PG:44)
06-01 17:17:17.314  1561  2208 E DialerRestVvmCarrierService: 	at zdo.run(PG:183)
06-01 17:17:17.314  1561  2208 E DialerRestVvmCarrierService: 	at vul.run(PG:315)
06-01 17:17:17.314  1561  2208 E DialerRestVvmCarrierService: 	at java.lang.Thread.run(Thread.java:1119)
06-01 17:17:17.314  1561  2208 E DialerRestVvmCarrierService: 	at aaac.run(PG:61)
06-01 17:17:17.316  1561  2208 I DialerLogcatLoggingBindings: com.android.dialer.logging.logcat.LogcatLoggingBindings.logImpression:54 Impression: ANDROID_API_UNEXPECTED_PHONE_NUMBER_FORMAT
06-01 17:17:17.321  1561  2225 D WM-SystemJobScheduler: Scheduling work ID b4d18c9a-38ee-4263-8d35-7f52c87a1512Job ID 301
06-01 17:17:17.348   679  1574 E JobScheduler.JobStatus: App com.google.android.apps.docs became active but still in NEVER bucket
06-01 17:17:17.361  1561  2225 D WM-GreedyScheduler: Ignoring {WorkSpec: 71f9f7b7-0e95-4142-92da-e8df3242f46c}. Requires device idle.
06-01 17:17:17.362  1561  2225 D WM-GreedyScheduler: Ignoring {WorkSpec: 82586dc0-2fcb-4952-a1e0-78d6f4eff466}. Requires device idle.
06-01 17:17:17.362  1561  2225 D WM-GreedyScheduler: Ignoring {WorkSpec: b46ff990-55a7-4bcf-b88c-4c581135cb05}. Requires device idle.
06-01 17:17:17.362  1561  2225 D WM-GreedyScheduler: Ignoring {WorkSpec: 891e70ff-277d-4d89-a55c-8d84058f688e}. Requires device idle.
06-01 17:17:17.362  1561  2225 D WM-GreedyScheduler: Ignoring {WorkSpec: bb701614-c815-4849-a026-151040b92d8a}. Requires device idle.
06-01 17:17:17.362  1561  2225 D WM-GreedyScheduler: Ignoring {WorkSpec: 6d4c483c-b7cc-45c5-802a-4411bc722a37}. Requires device idle.
06-01 17:17:17.362  1561  2225 D WM-GreedyScheduler: Ignoring {WorkSpec: 44edd83d-637c-4cab-80ff-dfeb84a1aa15}. Requires device idle.
06-01 17:17:17.362  1561  2225 D WM-GreedyScheduler: Ignoring {WorkSpec: 54c47f21-835a-4862-9aec-d8defeddd992}. Requires device idle.
06-01 17:17:17.362   679  1574 E JobScheduler.JobStatus: App com.google.android.apps.docs became active but still in NEVER bucket
06-01 17:17:17.367  1474  1958 I AiAiPeople: Pecan Pipeline (re)Initialized with 4 Labelers Loaded.
06-01 17:17:17.367  1474  1958 I AiAiStatsd: No op: the most recent atoms from the date 2026-05-31 have been uploaded.
06-01 17:17:17.379  1561  2208 I DialerSingletonScopedExternalsLogging: com.google.android.dialershared.externals.logging.SingletonScopedExternalsLogging.recordCallMethodInvocation:75 event: TELEPHONY_BOOTSTRAP_AUTHENTICATION_REQUEST, function parameters: [], return value: Default
06-01 17:17:17.380  1561  2208 I DialerLoggingConsentCheckerImpl: com.google.android.callingshared.logging.consent.impl.LoggingConsentCheckerImpl.getConsent:72 timer stop with success, timer present: false
06-01 17:17:17.380  1561  2208 I DialerLogcatLoggingBindings: com.android.dialer.logging.logcat.LogcatLoggingBindings.logImpression:47 Impression: VVM_SYNC_STARTED
06-01 17:17:17.391  1561  2215 W Settings: Setting airplane_mode_on has moved from android.provider.Settings.System to android.provider.Settings.Global, returning read-only value.
06-01 17:17:17.398  1474  1958 I AiAiStatsd: Successfully logged feature enablement for ECHO_ALL_APPS.
06-01 17:17:17.401  1561  2215 I DialerVoicemailStatusDataServiceImpl: com.android.dialer.voicemailstatus.dataservice.impl.VoicemailStatusDataServiceImpl.insertOrUpdateVoicemailStatus:253 merged status: # uss@1a918fc9
06-01 17:17:17.410  1593  1599 W gle.android.gms: Suspending all threads took: 54.380ms
06-01 17:17:17.426  1561  2208 W DialerGbaCredentialProvider: com.android.dialer.voicemail.service.impl.vvmclients.rest.GbaCredentialProvider$1.onAuthenticationFailure:105 GBA failed with reason: 1 [CONTEXT disable_client_error_logging=true ]
06-01 17:17:17.438   679   757 D FileUtils: Rounded bytes from 4110147584 to 8000000000
06-01 17:17:17.440   679   756 E JobScheduler.JobStatus: App com.google.android.apps.docs became active but still in NEVER bucket
06-01 17:17:17.447  1561  2215 I DialerLoggingConsentCheckerImpl: com.google.android.callingshared.logging.consent.impl.LoggingConsentCheckerImpl.getConsent:72 timer stop with success, timer present: false
06-01 17:17:17.448  1561  2215 W DialerVvmExecutorImpl: com.android.dialer.voicemail.service.impl.scheduler.VvmExecutorImpl.executeWorkOnCarrierService:533 Could not complete vvm work with action: SYNC_VOICEMAIL. [GeneralFailureReason: UNSPECIFIED, OmtpFailureReason: OMTP_UNSPECIFIED, RestFailureReason: GBA_AUTHENTICATION_FAILURE_FEATURE_NOT_SUPPORTED] [shouldBeRetried: true] (phoneAccount ComponentInfo{com.android.phone/com.android.services.telephony.TelephonyConnectionService}, 1, UserHandle{0})  [CONTEXT enable_persistent_logger=true ]
06-01 17:17:17.449  1561  2215 W DialerVvmExecutorImpl: com.android.dialer.voicemail.service.impl.scheduler.VvmExecutorImpl.executeWorkOnCarrierService:548 Could not complete vvm work with action: SYNC_VOICEMAIL. Error: [GeneralFailureReason: UNSPECIFIED, RestFailureReason: GBA_AUTHENTICATION_FAILURE_FEATURE_NOT_SUPPORTED, OmtpFailureReason: OMTP_UNSPECIFIED] for ComponentInfo{com.android.phone/com.android.services.telephony.TelephonyConnectionService}, 1, UserHandle{0} [CONTEXT disable_client_error_logging=true enable_persistent_logger=true ]
06-01 17:17:17.452  1561  2208 I DialerVvmExecutorImpl: com.android.dialer.voicemail.service.impl.scheduler.VvmExecutorImpl.executeWork:221 VvmResult is: # twm@c8e465f for ComponentInfo{com.android.phone/com.android.services.telephony.TelephonyConnectionService}, 1, UserHandle{0}
06-01 17:17:17.455  1068  1083 W System  : A resource failed to call AbstractCursor.close. 
06-01 17:17:17.462  1561  2208 I DialerVvmTaskWorkerDelegate: com.android.dialer.voicemail.service.impl.scheduler.VvmTaskWorker$VvmTaskWorkerDelegate.executeVvmJob:191 Beginning execution of job ID: 12
06-01 17:17:17.462  1561  2208 I DialerSingletonScopedExternalsLogging: com.google.android.dialershared.externals.logging.SingletonScopedExternalsLogging.recordCallMethodInvocation:66 event: VVM_TASK_WORKER_EXECUTE_VVM_JOB, function parameters: [12], return value: <empty> [CONTEXT enable_persistent_logger=true ]
06-01 17:17:17.462  1561  2215 I DialerSingletonScopedExternalsLogging: com.google.android.dialershared.externals.logging.SingletonScopedExternalsLogging.recordCallMethodInvocation:75 event: TIKTOK_WORK_EXECUTION_MONITOR_ON_WORK_FINISHED, function parameters: [39b816da-5e1c-443f-ada8-f0094dcb3405,com.android.dialer.voicemail.service.impl.VvmTaskWorker], return value: Retry
06-01 17:17:17.485  1561  2208 I DialerLoggingConsentCheckerImpl: com.google.android.callingshared.logging.consent.impl.LoggingConsentCheckerImpl.getConsent:72 timer stop with success, timer present: false
06-01 17:17:17.485  1474  1958 I AiAiStatsd: Successfully logged feature enablement for HYBRID_HOTSEAT.
06-01 17:17:17.485  1561  2225 D WM-GreedyScheduler: Cancelling work ID 6cee3b10-8fe4-464b-83c5-283ca9096d92
06-01 17:17:17.497  1561  2225 D WM-SystemJobScheduler: Scheduling work ID 6cee3b10-8fe4-464b-83c5-283ca9096d92Job ID 302
06-01 17:17:17.508  2830  2830 I pjc     : SslGuard completed installation.
06-01 17:17:17.517  1561  2225 D WM-GreedyScheduler: Ignoring {WorkSpec: 71f9f7b7-0e95-4142-92da-e8df3242f46c}. Requires device idle.
06-01 17:17:17.517  1561  2225 D WM-GreedyScheduler: Ignoring {WorkSpec: 82586dc0-2fcb-4952-a1e0-78d6f4eff466}. Requires device idle.
06-01 17:17:17.517  1561  2225 D WM-GreedyScheduler: Ignoring {WorkSpec: b46ff990-55a7-4bcf-b88c-4c581135cb05}. Requires device idle.
06-01 17:17:17.517  1561  2225 D WM-GreedyScheduler: Ignoring {WorkSpec: 891e70ff-277d-4d89-a55c-8d84058f688e}. Requires device idle.
06-01 17:17:17.517  1561  2225 D WM-GreedyScheduler: Ignoring {WorkSpec: bb701614-c815-4849-a026-151040b92d8a}. Requires device idle.
06-01 17:17:17.517  1561  2225 D WM-GreedyScheduler: Ignoring {WorkSpec: 6d4c483c-b7cc-45c5-802a-4411bc722a37}. Requires device idle.
06-01 17:17:17.517  1561  2225 D WM-GreedyScheduler: Ignoring {WorkSpec: 44edd83d-637c-4cab-80ff-dfeb84a1aa15}. Requires device idle.
06-01 17:17:17.517  1561  2225 D WM-GreedyScheduler: Ignoring {WorkSpec: 54c47f21-835a-4862-9aec-d8defeddd992}. Requires device idle.
06-01 17:17:17.525  1561  2215 I DialerVvmExecutorImpl: com.android.dialer.voicemail.service.impl.scheduler.VvmExecutorImpl.execute:256 Beginning VVM action: ACTIVATE with retryCount: 1 for ComponentInfo{com.android.phone/com.android.services.telephony.TelephonyConnectionService}, 1, UserHandle{0} [CONTEXT enable_persistent_logger=true ]
06-01 17:17:17.525  1561  2215 I DialerSyncWorkManagerPeriodicScheduler: com.google.apps.tiktok.sync.impl.workmanager.SyncWorkManagerPeriodicScheduler.scheduleNextSyncSystemWakeup:112 Successfully scheduled next periodic workers
06-01 17:17:17.529  1561  2171 I WM-WorkerWrapper: Worker result SUCCESS for Work [ id=d487fc89-5122-4ff9-a3c7-f56cb9cf4e34, tags={ com.google.apps.tiktok.contrib.work.TikTokListenableWorker,com.google.apps.tiktok.sync.impl.workmanager.SyncPeriodicWorker,sync_constraint:none,TikTokWorker#com.google.apps.tiktok.sync.impl.workmanager.SyncPeriodicWorker } ]
06-01 17:17:17.538  1561  1561 D WM-Processor: gfc d487fc89-5122-4ff9-a3c7-f56cb9cf4e34 executed; reschedule = false
06-01 17:17:17.542  1561  1561 D WM-SystemJobService: d487fc89-5122-4ff9-a3c7-f56cb9cf4e34 executed on JobScheduler
06-01 17:17:17.543  1561  2227 I WM-WorkerWrapper: Worker result SUCCESS for Work [ id=f789f5bc-8e23-4b08-84fa-94ec41dc1758, tags={ com.google.apps.tiktok.contrib.work.TikTokListenableWorker,vvm_notification_worker,TikTokWorker#com.android.dialer.voicemail.service.metrics.VvmNotificationWorker } ]
06-01 17:17:17.544  1593  2576 I gle.android.gms: AssetManager2(0x7184c5c13f38) locale list changing from [] to [en-US]
06-01 17:17:17.557  1561  2171 I WM-WorkerWrapper: Worker result SUCCESS for Work [ id=cdc59e06-2c12-471d-bd7c-4251d06b6736, tags={ com.google.apps.tiktok.contrib.work.TikTokListenableWorker,TikTokWorker#com.android.dialer.voicemail.notification.receivers.VoicemailNotificationWorker } ]
06-01 17:17:17.562  1561  2215 I DialerSingletonScopedExternalsLogging: com.google.android.dialershared.externals.logging.SingletonScopedExternalsLogging.recordCallMethodInvocation:75 event: TIKTOK_WORK_MANAGER_ENQUEUE, function parameters: [10], return value: 5daef235-8cc0-4c11-80a6-07c7003b1c2e
06-01 17:17:17.562  1561  2171 I WM-WorkerWrapper: Worker result RETRY for Work [ id=99dc6822-730f-4487-82b8-7ba8728750cc, tags={ com.google.apps.tiktok.contrib.work.TikTokListenableWorker,1,SYNC,TikTokWorker#com.android.dialer.voicemail.service.impl.VvmTaskWorker } ]
06-01 17:17:17.567  1561  1561 D WM-Processor: gfc f789f5bc-8e23-4b08-84fa-94ec41dc1758 executed; reschedule = false
06-01 17:17:17.567  1561  1561 D WM-SystemJobService: f789f5bc-8e23-4b08-84fa-94ec41dc1758 executed on JobScheduler
06-01 17:17:17.567  1561  1561 D WM-Processor: gfc cdc59e06-2c12-471d-bd7c-4251d06b6736 executed; reschedule = false
06-01 17:17:17.567  1561  1561 D WM-SystemJobService: cdc59e06-2c12-471d-bd7c-4251d06b6736 executed on JobScheduler
06-01 17:17:17.570   679   711 V GrammaticalInflectionUtils: AttributionSource: android.content.AttributionSource@4601c867 does not have READ_SYSTEM_GRAMMATICAL_GENDER permission.
06-01 17:17:17.571   679   711 D CompatChangeReporter: Compat change id reported: 135754954; UID 10132; state: ENABLED
06-01 17:17:17.575   679   712 D CompatChangeReporter: Compat change id reported: 143937733; UID 10132; state: ENABLED
06-01 17:17:17.578  2048  2133 I .apps.wellbeing: AssetManager2(0x7184c5c15e78) locale list changing from [] to [en-US]
06-01 17:17:17.589  1561  2208 I DialerSingletonScopedExternalsLogging: com.google.android.dialershared.externals.logging.SingletonScopedExternalsLogging.recordCallMethodInvocation:75 event: TIKTOK_WORK_MANAGER_ENQUEUE, function parameters: [12], return value: 8978c926-516c-490c-bd6d-cf3007bae3e4
06-01 17:17:17.590  1561  2215 I DialerVvmServiceSchedulerImpl: com.android.dialer.voicemail.service.impl.scheduler.VvmServiceSchedulerImpl.schedule:324 scheduling action: SYNC_VOICEMAIL [CONTEXT enable_persistent_logger=true ]
06-01 17:17:17.590  1561  2215 I DialerSingletonScopedExternalsLogging: com.google.android.dialershared.externals.logging.SingletonScopedExternalsLogging.recordCallMethodInvocation:75 event: TIKTOK_WORK_MANAGER_ENQUEUE, function parameters: [12], return value: 96d6df9f-ad03-4030-ad37-048a1f18af25
06-01 17:17:17.590  1561  2215 I DialerVvmServiceSchedulerImpl: com.android.dialer.voicemail.service.impl.scheduler.VvmServiceSchedulerImpl.schedule:324 scheduling action: SYNC_VOICEMAIL [CONTEXT enable_persistent_logger=true ]
06-01 17:17:17.591  1561  2227 I WM-WorkerWrapper: Worker result RETRY for Work [ id=d4c12ce9-ee64-43d4-9dd8-ed57b2e462f9, tags={ com.google.apps.tiktok.contrib.work.TikTokListenableWorker,1,UPDATE_STATUS,TikTokWorker#com.android.dialer.voicemail.service.impl.VvmTaskWorker } ]
06-01 17:17:17.594   482   482 D Zygote  : Forked child process 2878
06-01 17:17:17.596  1561  2215 I DialerLoggingConsentCheckerImpl: com.google.android.callingshared.logging.consent.impl.LoggingConsentCheckerImpl.getConsent:72 timer stop with success, timer present: false
06-01 17:17:17.599  1561  2227 I WM-WorkerWrapper: Worker result RETRY for Work [ id=39b816da-5e1c-443f-ada8-f0094dcb3405, tags={ com.google.apps.tiktok.contrib.work.TikTokListenableWorker,1,SYNC_VOICEMAIL,TikTokWorker#com.android.dialer.voicemail.service.impl.VvmTaskWorker } ]
06-01 17:17:17.602  1561  2227 D WM-GreedyScheduler: Cancelling work ID d487fc89-5122-4ff9-a3c7-f56cb9cf4e34
06-01 17:17:17.603  1561  1561 D WM-Processor: gfc 99dc6822-730f-4487-82b8-7ba8728750cc executed; reschedule = true
06-01 17:17:17.603  1561  1561 D WM-SystemJobService: 99dc6822-730f-4487-82b8-7ba8728750cc executed on JobScheduler
06-01 17:17:17.603  1561  1561 D WM-GreedyScheduler: Stopping tracking for WorkGenerationalId(workSpecId=99dc6822-730f-4487-82b8-7ba8728750cc, generation=0)
06-01 17:17:17.604  1561  1561 D WM-Processor: gfc d4c12ce9-ee64-43d4-9dd8-ed57b2e462f9 executed; reschedule = true
06-01 17:17:17.604  1561  1561 D WM-GreedyScheduler: Stopping tracking for WorkGenerationalId(workSpecId=d4c12ce9-ee64-43d4-9dd8-ed57b2e462f9, generation=0)
06-01 17:17:17.604  1561  1561 D WM-Processor: gfc 39b816da-5e1c-443f-ada8-f0094dcb3405 executed; reschedule = true
06-01 17:17:17.604  1561  1561 D WM-GreedyScheduler: Stopping tracking for WorkGenerationalId(workSpecId=39b816da-5e1c-443f-ada8-f0094dcb3405, generation=0)
06-01 17:17:17.605  2830  2830 I Safetyhub.DefaultProcessValidator: Validating WorkManager process
06-01 17:17:17.607  1561  2208 I DialerSingletonScopedExternalsLogging: com.google.android.dialershared.externals.logging.SingletonScopedExternalsLogging.recordCallMethodInvocation:75 event: TIKTOK_WORK_MANAGER_ENQUEUE, function parameters: [12], return value: a71f4300-584c-443b-99e2-25e3e35bf21c
06-01 17:17:17.608  1561  2208 I DialerVvmServiceSchedulerImpl: com.android.dialer.voicemail.service.impl.scheduler.VvmServiceSchedulerImpl.schedule:324 scheduling action: ACTIVATE [CONTEXT enable_persistent_logger=true ]
06-01 17:17:17.609  1561  2227 D WM-SystemJobScheduler: Scheduling work ID 2574cba3-db27-4178-92af-00bad5f6f681Job ID 276
06-01 17:17:17.609  2878  2878 I d.configupdater: Using CollectorTypeCMC GC.
06-01 17:17:17.610  2878  2878 W d.configupdater: Unexpected CPU variant for x86: x86_64.
06-01 17:17:17.610  2878  2878 W d.configupdater: Known variants: atom, sandybridge, silvermont, goldmont, goldmont-plus, goldmont-without-sha-xsaves, tremont, kabylake, alderlake, default
06-01 17:17:17.611   679  1562 D FileUtils: Rounded bytes from 4110147584 to 8000000000
06-01 17:17:17.612   679   712 I ActivityManager: Start proc 2878:com.google.android.configupdater/u0a132 for broadcast {com.google.android.configupdater/com.google.android.configupdater.MainReceiver}
06-01 17:17:17.613   679   712 I ActivityManager: ProcessObserver broadcast disabled
06-01 17:17:17.617  2878  2878 E d.configupdater: Not starting debugger since process cannot load the jdwp agent.
06-01 17:17:17.617  1561  2215 I DialerVoicemailStatusDataServiceImpl: com.android.dialer.voicemailstatus.dataservice.impl.VoicemailStatusDataServiceImpl.insertOrUpdateVoicemailStatus:241 enter
06-01 17:17:17.621  2878  2878 D nativeloader: Load libframework-connectivity-tiramisu-jni.so using APEX ns com_android_tethering for caller /apex/com.android.tethering/javalib/framework-connectivity-t.jar: ok
06-01 17:17:17.622  2048  2133 I .apps.wellbeing: AssetManager2(0x7184c5c16af8) locale list changing from [] to [en-US]
06-01 17:17:17.624  1593  1599 W gle.android.gms: Suspending all threads took: 38.313ms
06-01 17:17:17.624  2830  2872 I Safetyhub.DefaultProcessValidator: Processes: NONE, true, com.google.android.apps.safetyhub, com.google.android.apps.safetyhub
06-01 17:17:17.628  1561  2227 D WM-GreedyScheduler: Ignoring {WorkSpec: 71f9f7b7-0e95-4142-92da-e8df3242f46c}. Requires device idle.
06-01 17:17:17.628  1561  2227 D WM-GreedyScheduler: Ignoring {WorkSpec: 82586dc0-2fcb-4952-a1e0-78d6f4eff466}. Requires device idle.
06-01 17:17:17.628  1561  2227 D WM-GreedyScheduler: Ignoring {WorkSpec: b46ff990-55a7-4bcf-b88c-4c581135cb05}. Requires device idle.
06-01 17:17:17.628  1561  2227 D WM-GreedyScheduler: Ignoring {WorkSpec: 891e70ff-277d-4d89-a55c-8d84058f688e}. Requires device idle.
06-01 17:17:17.628  1561  2227 D WM-GreedyScheduler: Ignoring {WorkSpec: bb701614-c815-4849-a026-151040b92d8a}. Requires device idle.
06-01 17:17:17.628  1561  2227 D WM-GreedyScheduler: Ignoring {WorkSpec: 6d4c483c-b7cc-45c5-802a-4411bc722a37}. Requires device idle.
06-01 17:17:17.628  1561  2227 D WM-GreedyScheduler: Ignoring {WorkSpec: 44edd83d-637c-4cab-80ff-dfeb84a1aa15}. Requires device idle.
06-01 17:17:17.628  1561  2227 D WM-GreedyScheduler: Ignoring {WorkSpec: 54c47f21-835a-4862-9aec-d8defeddd992}. Requires device idle.
06-01 17:17:17.630  1593  1601 W System  : A resource failed to call close. 
06-01 17:17:17.632  1561  2223 D WM-GreedyScheduler: Cancelling work ID f789f5bc-8e23-4b08-84fa-94ec41dc1758
06-01 17:17:17.634  1561  2223 D WM-GreedyScheduler: Ignoring {WorkSpec: 71f9f7b7-0e95-4142-92da-e8df3242f46c}. Requires device idle.
06-01 17:17:17.634  1561  2223 D WM-GreedyScheduler: Ignoring {WorkSpec: 82586dc0-2fcb-4952-a1e0-78d6f4eff466}. Requires device idle.
06-01 17:17:17.634  1561  2223 D WM-GreedyScheduler: Ignoring {WorkSpec: b46ff990-55a7-4bcf-b88c-4c581135cb05}. Requires device idle.
06-01 17:17:17.634  1561  2223 D WM-GreedyScheduler: Ignoring {WorkSpec: 891e70ff-277d-4d89-a55c-8d84058f688e}. Requires device idle.
06-01 17:17:17.634  1561  2223 D WM-GreedyScheduler: Ignoring {WorkSpec: bb701614-c815-4849-a026-151040b92d8a}. Requires device idle.
06-01 17:17:17.634  1561  2223 D WM-GreedyScheduler: Ignoring {WorkSpec: 6d4c483c-b7cc-45c5-802a-4411bc722a37}. Requires device idle.
06-01 17:17:17.634  1561  2223 D WM-GreedyScheduler: Ignoring {WorkSpec: 44edd83d-637c-4cab-80ff-dfeb84a1aa15}. Requires device idle.
06-01 17:17:17.634  1561  2223 D WM-GreedyScheduler: Ignoring {WorkSpec: 54c47f21-835a-4862-9aec-d8defeddd992}. Requires device idle.
06-01 17:17:17.635  1593  2576 I Icing   : Usage reports ok 1, Failed Usage reports 0, indexed 0, rejected 0
06-01 17:17:17.639  1561  2223 D WM-GreedyScheduler: Cancelling work ID cdc59e06-2c12-471d-bd7c-4251d06b6736
06-01 17:17:17.642  1561  2223 D WM-GreedyScheduler: Ignoring {WorkSpec: 71f9f7b7-0e95-4142-92da-e8df3242f46c}. Requires device idle.
06-01 17:17:17.642  1561  2223 D WM-GreedyScheduler: Ignoring {WorkSpec: 82586dc0-2fcb-4952-a1e0-78d6f4eff466}. Requires device idle.
06-01 17:17:17.642  1561  2223 D WM-GreedyScheduler: Ignoring {WorkSpec: b46ff990-55a7-4bcf-b88c-4c581135cb05}. Requires device idle.
06-01 17:17:17.642  1561  2223 D WM-GreedyScheduler: Ignoring {WorkSpec: 891e70ff-277d-4d89-a55c-8d84058f688e}. Requires device idle.
06-01 17:17:17.642  1561  2223 D WM-GreedyScheduler: Ignoring {WorkSpec: bb701614-c815-4849-a026-151040b92d8a}. Requires device idle.
06-01 17:17:17.642  1561  2223 D WM-GreedyScheduler: Ignoring {WorkSpec: 6d4c483c-b7cc-45c5-802a-4411bc722a37}. Requires device idle.
06-01 17:17:17.642  1561  2223 D WM-GreedyScheduler: Ignoring {WorkSpec: 44edd83d-637c-4cab-80ff-dfeb84a1aa15}. Requires device idle.
06-01 17:17:17.642  1561  2223 D WM-GreedyScheduler: Ignoring {WorkSpec: 54c47f21-835a-4862-9aec-d8defeddd992}. Requires device idle.
06-01 17:17:17.645  1561  2208 I DialerSingletonScopedExternalsLogging: com.google.android.dialershared.externals.logging.SingletonScopedExternalsLogging.recordCallMethodInvocation:75 event: TIKTOK_WORK_MANAGER_ENQUEUE, function parameters: [9], return value: e8bbe858-5f68-4eae-9336-ac329f6f6070
06-01 17:17:17.647  1561  2223 D WM-GreedyScheduler: Cancelling work ID 99dc6822-730f-4487-82b8-7ba8728750cc
06-01 17:17:17.649  1561  2223 D WM-GreedyScheduler: Ignoring {WorkSpec: 71f9f7b7-0e95-4142-92da-e8df3242f46c}. Requires device idle.
06-01 17:17:17.649  1561  2223 D WM-GreedyScheduler: Ignoring {WorkSpec: 82586dc0-2fcb-4952-a1e0-78d6f4eff466}. Requires device idle.
06-01 17:17:17.649  1561  2223 D WM-GreedyScheduler: Ignoring {WorkSpec: b46ff990-55a7-4bcf-b88c-4c581135cb05}. Requires device idle.
06-01 17:17:17.649  1561  2223 D WM-GreedyScheduler: Ignoring {WorkSpec: 891e70ff-277d-4d89-a55c-8d84058f688e}. Requires device idle.
06-01 17:17:17.649  1561  2223 D WM-GreedyScheduler: Ignoring {WorkSpec: bb701614-c815-4849-a026-151040b92d8a}. Requires device idle.
06-01 17:17:17.649  1561  2223 D WM-GreedyScheduler: Ignoring {WorkSpec: 6d4c483c-b7cc-45c5-802a-4411bc722a37}. Requires device idle.
06-01 17:17:17.649  1561  2223 D WM-GreedyScheduler: Ignoring {WorkSpec: 44edd83d-637c-4cab-80ff-dfeb84a1aa15}. Requires device idle.
06-01 17:17:17.649  1561  2223 D WM-GreedyScheduler: Ignoring {WorkSpec: 54c47f21-835a-4862-9aec-d8defeddd992}. Requires device idle.
06-01 17:17:17.656  1561  2225 D WM-GreedyScheduler: Cancelling work ID d4c12ce9-ee64-43d4-9dd8-ed57b2e462f9
06-01 17:17:17.659  1561  2225 D WM-GreedyScheduler: Ignoring {WorkSpec: 71f9f7b7-0e95-4142-92da-e8df3242f46c}. Requires device idle.
06-01 17:17:17.660  1561  2225 D WM-GreedyScheduler: Ignoring {WorkSpec: 82586dc0-2fcb-4952-a1e0-78d6f4eff466}. Requires device idle.
06-01 17:17:17.660  1561  2225 D WM-GreedyScheduler: Ignoring {WorkSpec: b46ff990-55a7-4bcf-b88c-4c581135cb05}. Requires device idle.
06-01 17:17:17.660  1561  2225 D WM-GreedyScheduler: Ignoring {WorkSpec: 891e70ff-277d-4d89-a55c-8d84058f688e}. Requires device idle.
06-01 17:17:17.660  1561  2225 D WM-GreedyScheduler: Ignoring {WorkSpec: bb701614-c815-4849-a026-151040b92d8a}. Requires device idle.
06-01 17:17:17.660  1561  2225 D WM-GreedyScheduler: Ignoring {WorkSpec: 6d4c483c-b7cc-45c5-802a-4411bc722a37}. Requires device idle.
06-01 17:17:17.660  1561  2225 D WM-GreedyScheduler: Ignoring {WorkSpec: 44edd83d-637c-4cab-80ff-dfeb84a1aa15}. Requires device idle.
06-01 17:17:17.660  1561  2225 D WM-GreedyScheduler: Ignoring {WorkSpec: 54c47f21-835a-4862-9aec-d8defeddd992}. Requires device idle.
06-01 17:17:17.665  1561  2171 D WM-GreedyScheduler: Cancelling work ID 39b816da-5e1c-443f-ada8-f0094dcb3405
06-01 17:17:17.673  1561  2171 D WM-GreedyScheduler: Ignoring {WorkSpec: 71f9f7b7-0e95-4142-92da-e8df3242f46c}. Requires device idle.
06-01 17:17:17.673  1561  2171 D WM-GreedyScheduler: Ignoring {WorkSpec: 82586dc0-2fcb-4952-a1e0-78d6f4eff466}. Requires device idle.
06-01 17:17:17.673  1561  2171 D WM-GreedyScheduler: Ignoring {WorkSpec: b46ff990-55a7-4bcf-b88c-4c581135cb05}. Requires device idle.
06-01 17:17:17.673  1561  2171 D WM-GreedyScheduler: Ignoring {WorkSpec: 891e70ff-277d-4d89-a55c-8d84058f688e}. Requires device idle.
06-01 17:17:17.673  1561  2171 D WM-GreedyScheduler: Ignoring {WorkSpec: bb701614-c815-4849-a026-151040b92d8a}. Requires device idle.
06-01 17:17:17.673  1561  2171 D WM-GreedyScheduler: Ignoring {WorkSpec: 6d4c483c-b7cc-45c5-802a-4411bc722a37}. Requires device idle.
06-01 17:17:17.674  1561  2171 D WM-GreedyScheduler: Ignoring {WorkSpec: 44edd83d-637c-4cab-80ff-dfeb84a1aa15}. Requires device idle.
06-01 17:17:17.674  1561  2171 D WM-GreedyScheduler: Ignoring {WorkSpec: 54c47f21-835a-4862-9aec-d8defeddd992}. Requires device idle.
06-01 17:17:17.678  1561  2208 I DialerSingletonScopedExternalsLogging: com.google.android.dialershared.externals.logging.SingletonScopedExternalsLogging.recordCallMethodInvocation:75 event: TIKTOK_WORK_MANAGER_ENQUEUE, function parameters: [9], return value: 9d0dc19d-9c47-400d-984f-8a83fbf60fe9
06-01 17:17:17.689  2878  2878 D nativeloader: InitLlndkLibrariesProduct: libEGL.so:libGLESv1_CM.so:libGLESv2.so:libGLESv3.so:libRS.so:libandroid_net.so:libapexsupport.so:libavf.so:libbinder_ndk.so:libc.so:libcgrouprc.so:libclang_rt.asan-x86_64-android.so:libcom.android.tethering.connectivity_native.so:libdl.so:libft2.so:liblog.so:libm.so:libmediandk.so:libnativewindow.so:libneuralnetworks.so:libselinux.so:libsync.so:libvendorsupport.so:libvndksupport.so:libvulkan.so
06-01 17:17:17.689  2878  2878 D nativeloader: Configuring product-clns-9 for unbundled product apk /product/priv-app/ConfigUpdater/ConfigUpdater.apk. target_sdk_version=30, uses_libraries=, library_path=/product/priv-app/ConfigUpdater/lib/x86_64:/product/lib64:/system/product/lib64, permitted_path=/data:/mnt/expand:/data/user/0/com.google.android.configupdater:/product/lib64:/system/product/lib64
06-01 17:17:17.690  2878  2878 D nativeloader: InitVndkspLibrariesProduct: VNDK is deprecated with product
06-01 17:17:17.696  2878  2878 I d.configupdater: AssetManager2(0x7184c5c09fd8) locale list changing from [] to [en-US]
06-01 17:17:17.699  2878  2878 V GraphicsEnvironment: Currently set values for:
06-01 17:17:17.699  2878  2878 V GraphicsEnvironment:   angle_gl_driver_selection_pkgs=[]
06-01 17:17:17.699  2878  2878 V GraphicsEnvironment:   angle_gl_driver_selection_values=[]
06-01 17:17:17.699  2878  2878 V GraphicsEnvironment: com.google.android.configupdater is not listed in per-application setting
06-01 17:17:17.700  2878  2878 V GraphicsEnvironment: ANGLE allowlist from config: com.dreamgames.royalmatch com.dts.freefiremax com.dxx.firenow com.gramgames.mergedragons com.ludo.king com.mojang.minecraftpe com.my.defense com.nintendo.zaka com.os.airforce com.playrix.fishdomdd.gplay io.teslatech.callbreak jp.konami.prospia net.peakgames.toonblast
06-01 17:17:17.700  2878  2878 V GraphicsEnvironment: com.google.android.configupdater is not listed in ANGLE allowlist or settings, returning default
06-01 17:17:17.700  2878  2878 V GraphicsEnvironment: Neither updatable production driver nor prerelease driver is supported.
06-01 17:17:17.715  2830  2868 E ashmem  : Pinning is deprecated since Android Q. Please use trim or other methods.
06-01 17:17:17.725  1561  2208 E DialerRestVvmCarrierService: com.android.dialer.voicemail.service.impl.vvmclients.rest.RestVvmCarrierService.getMsisdn:349 Retrieved phone number in an unexpected format: +15551234567 [CONTEXT disable_client_error_logging=true ]
06-01 17:17:17.725  1561  2208 E DialerRestVvmCarrierService: agpf: MEDIUM
06-01 17:17:17.725  1561  2208 E DialerRestVvmCarrierService: 	at a.dJ(PG:15)
06-01 17:17:17.725  1561  2208 E DialerRestVvmCarrierService: 	at uev.apply(PG:1052)
06-01 17:17:17.725  1561  2208 E DialerRestVvmCarrierService: 	at afsm.apply(PG:17)
06-01 17:17:17.725  1561  2208 E DialerRestVvmCarrierService: 	at ahcm.d(PG:3)
06-01 17:17:17.725  1561  2208 E DialerRestVvmCarrierService: 	at ahcn.run(PG:47)
06-01 17:17:17.725  1561  2208 E DialerRestVvmCarrierService: 	at zzb.run(PG:7)
06-01 17:17:17.725  1561  2208 E DialerRestVvmCarrierService: 	at agvr.run(PG:44)
06-01 17:17:17.725  1561  2208 E DialerRestVvmCarrierService: 	at zdo.run(PG:183)
06-01 17:17:17.725  1561  2208 E DialerRestVvmCarrierService: 	at vul.run(PG:315)
06-01 17:17:17.725  1561  2208 E DialerRestVvmCarrierService: 	at java.lang.Thread.run(Thread.java:1119)
06-01 17:17:17.725  1561  2208 E DialerRestVvmCarrierService: 	at aaac.run(PG:61)
06-01 17:17:17.726  1561  2208 I DialerVvmActivation: com.android.dialer.voicemail.service.impl.vvmclients.rest.VvmActivation.activate:73 activate
06-01 17:17:17.735  2048  2133 I .apps.wellbeing: AssetManager2(0x7184c5c17a98) locale list changing from [] to [en-US]
06-01 17:17:17.741  1561  2208 I DialerSingletonScopedExternalsLogging: com.google.android.dialershared.externals.logging.SingletonScopedExternalsLogging.recordCallMethodInvocation:75 event: TELEPHONY_BOOTSTRAP_AUTHENTICATION_REQUEST, function parameters: [], return value: Default
06-01 17:17:17.742  1561  2208 I DialerLogcatLoggingBindings: com.android.dialer.logging.logcat.LogcatLoggingBindings.logImpression:54 Impression: ANDROID_API_UNEXPECTED_PHONE_NUMBER_FORMAT
06-01 17:17:17.742  1561  2208 W DialerGbaCredentialProvider: com.android.dialer.voicemail.service.impl.vvmclients.rest.GbaCredentialProvider$1.onAuthenticationFailure:105 GBA failed with reason: 1 [CONTEXT disable_client_error_logging=true ]
06-01 17:17:17.743  1561  2208 W DialerVvmExecutorImpl: com.android.dialer.voicemail.service.impl.scheduler.VvmExecutorImpl.executeWorkOnCarrierService:533 Could not complete vvm work with action: ACTIVATE. [GeneralFailureReason: UNSPECIFIED, OmtpFailureReason: OMTP_UNSPECIFIED, RestFailureReason: GBA_AUTHENTICATION_FAILURE_FEATURE_NOT_SUPPORTED] [shouldBeRetried: true] (phoneAccount ComponentInfo{com.android.phone/com.android.services.telephony.TelephonyConnectionService}, 1, UserHandle{0})  [CONTEXT enable_persistent_logger=true ]
06-01 17:17:17.744  1561  2208 W DialerVvmExecutorImpl: com.android.dialer.voicemail.service.impl.scheduler.VvmExecutorImpl.executeWorkOnCarrierService:548 Could not complete vvm work with action: ACTIVATE. Error: [GeneralFailureReason: UNSPECIFIED, RestFailureReason: GBA_AUTHENTICATION_FAILURE_FEATURE_NOT_SUPPORTED, OmtpFailureReason: OMTP_UNSPECIFIED] for ComponentInfo{com.android.phone/com.android.services.telephony.TelephonyConnectionService}, 1, UserHandle{0} [CONTEXT disable_client_error_logging=true enable_persistent_logger=true ]
06-01 17:17:17.744  1561  2208 I DialerVvmExecutorImpl: com.android.dialer.voicemail.service.impl.scheduler.VvmExecutorImpl.executeWork:221 VvmResult is: # twm@c8e465f for ComponentInfo{com.android.phone/com.android.services.telephony.TelephonyConnectionService}, 1, UserHandle{0}
06-01 17:17:17.759  2048  2133 I .apps.wellbeing: AssetManager2(0x7184c5c13c18) locale list changing from [] to [en-US]
06-01 17:17:17.774  2048  2133 I .apps.wellbeing: AssetManager2(0x7184c5c167d8) locale list changing from [] to [en-US]
06-01 17:17:17.778  2048  2133 I .apps.wellbeing: AssetManager2(0x7184c5c11698) locale list changing from [] to [en-US]
06-01 17:17:17.791  2048  2133 I .apps.wellbeing: AssetManager2(0x7184c5c15b58) locale list changing from [] to [en-US]
06-01 17:17:17.793   679   711 V GrammaticalInflectionUtils: AttributionSource: android.content.AttributionSource@ccd0a178 does not have READ_SYSTEM_GRAMMATICAL_GENDER permission.
06-01 17:17:17.802  1561  2215 W Settings: Setting airplane_mode_on has moved from android.provider.Settings.System to android.provider.Settings.Global, returning read-only value.
06-01 17:17:17.802  1561  2215 I DialerVoicemailStatusDataServiceImpl: com.android.dialer.voicemailstatus.dataservice.impl.VoicemailStatusDataServiceImpl.insertOrUpdateVoicemailStatus:253 merged status: # uss@1a918fc9
06-01 17:17:17.807  1561  2215 I DialerLoggingConsentCheckerImpl: com.google.android.callingshared.logging.consent.impl.LoggingConsentCheckerImpl.getConsent:72 timer stop with success, timer present: false
06-01 17:17:17.809  1561  2215 I DialerLoggingConsentCheckerImpl: com.google.android.callingshared.logging.consent.impl.LoggingConsentCheckerImpl.getConsent:72 timer stop with success, timer present: false
06-01 17:17:17.830  1561  2215 I DialerSingletonScopedExternalsLogging: com.google.android.dialershared.externals.logging.SingletonScopedExternalsLogging.recordCallMethodInvocation:75 event: TIKTOK_WORK_MANAGER_ENQUEUE, function parameters: [12], return value: 4af64f0f-fd70-44a3-a072-99e41efe7681
06-01 17:17:17.830  1561  2215 I DialerVvmServiceSchedulerImpl: com.android.dialer.voicemail.service.impl.scheduler.VvmServiceSchedulerImpl.schedule:324 scheduling action: SYNC [CONTEXT enable_persistent_logger=true ]
06-01 17:17:17.832   482   482 D Zygote  : Forked child process 2897
06-01 17:17:17.838  2878  2878 D ConfigUpdater: UpdateRequestReceiver constructed with Config: com.google.android.configupdater.CertPin.CertPinConfig@93efeb8, StoredState: com.google.android.configupdater.StoredState@bbeb491, DownloadManagerHelper: com.google.android.configupdater.DownloadManagerHelper@45d3ff6, FlagHelper: com.google.android.configupdater.GservicesHelper@3755ff7
06-01 17:17:17.838  2878  2878 D ConfigUpdater: Setting up preferences for StoredState, Downloader, and FlagHelper
06-01 17:17:17.839  2830  2872 W JobInfo : Requested important-while-foreground flag for job124 is ignored and takes no effect
06-01 17:17:17.841  2878  2878 D ConfigUpdater: Setting up DownloadManagerHelper
06-01 17:17:17.841  2878  2878 D ConfigUpdater: Loaded SharedPreferences: CertPinDownloads
06-01 17:17:17.845  1561  2215 I DialerSingletonScopedExternalsLogging: com.google.android.dialershared.externals.logging.SingletonScopedExternalsLogging.recordCallMethodInvocation:75 event: TIKTOK_WORK_EXECUTION_MONITOR_ON_WORK_FINISHED, function parameters: [108867ef-0509-4d24-948c-9048e73ad8d0,com.android.dialer.voicemail.service.impl.VvmTaskWorker], return value: Retry
06-01 17:17:17.846   679   712 W ActivityManager: Slow operation: 52ms so far, now at startProcess: done updating battery stats
06-01 17:17:17.846   679   712 W ActivityManager: Slow operation: 52ms so far, now at startProcess: building log message
06-01 17:17:17.846   679   712 I ActivityManager: Start proc 2897:com.google.android.federatedcompute/u0a211 for broadcast {com.google.android.federatedcompute/com.android.federatedcompute.services.FederatedComputeBroadcastReceiver}
06-01 17:17:17.848  1561  2223 I WM-WorkerWrapper: Worker result RETRY for Work [ id=108867ef-0509-4d24-948c-9048e73ad8d0, tags={ com.google.apps.tiktok.contrib.work.TikTokListenableWorker,1,ACTIVATE,TikTokWorker#com.android.dialer.voicemail.service.impl.VvmTaskWorker } ]
06-01 17:17:17.846   679   712 W ActivityManager: Slow operation: 52ms so far, now at startProcess: starting to update pids map
06-01 17:17:17.849   679   712 I ActivityManager: ProcessObserver broadcast disabled
06-01 17:17:17.849   679   712 W ActivityManager: Slow operation: 56ms so far, now at startProcess: done updating pids map
06-01 17:17:17.851  1561  2208 I DialerLoggingConsentCheckerImpl: com.google.android.callingshared.logging.consent.impl.LoggingConsentCheckerImpl.getConsent:72 timer stop with success, timer present: false
06-01 17:17:17.852  1561  1561 D WM-Processor: gfc 108867ef-0509-4d24-948c-9048e73ad8d0 executed; reschedule = true
06-01 17:17:17.853  1561  2215 I DialerSingletonScopedExternalsLogging: com.google.android.dialershared.externals.logging.SingletonScopedExternalsLogging.recordCallMethodInvocation:75 event: TIKTOK_WORK_MANAGER_ENQUEUE, function parameters: [11], return value: 6970c307-a396-4b2b-bf29-630de568ae19
06-01 17:17:17.854  1561  2215 I DialerSingletonScopedExternalsLogging: com.google.android.dialershared.externals.logging.SingletonScopedExternalsLogging.recordCallMethodInvocation:75 event: TIKTOK_WORK_EXECUTION_MONITOR_ON_WORK_FINISHED, function parameters: [8068322f-a6f9-40a5-afcc-e6edce3e7344,com.android.dialer.voicemail.service.receivers.VvmDailyWorker], return value: Success
06-01 17:17:17.856  2878  2878 D ConfigUpdater: Using Lollipop+ download directory: /data/user/0/com.google.android.configupdater/files/downloads
06-01 17:17:17.857  2878  2878 D ConfigUpdater: Got DownloadManager service
06-01 17:17:17.857  2878  2878 D ConfigUpdater: Is wearable device: false
06-01 17:17:17.857  2878  2878 D ConfigUpdater: Received intent with action: android.intent.action.BOOT_COMPLETED
06-01 17:17:17.857  2878  2878 D ConfigUpdater: Last update start time: 0, current time: 1780309037857, max delay: 21600000
06-01 17:17:17.857  2878  2878 E ConfigUpdater: ignoring update request
06-01 17:17:17.858  2878  2878 D ConfigUpdater: UpdateRequestReceiver constructed with Config: com.google.android.configupdater.IntentFirewall.IntentFirewallConfig@93857ce, StoredState: com.google.android.configupdater.StoredState@f1256ef, DownloadManagerHelper: com.google.android.configupdater.DownloadManagerHelper@d2605fc, FlagHelper: com.google.android.configupdater.GservicesHelper@beb8485
06-01 17:17:17.859  2878  2878 D ConfigUpdater: Setting up preferences for StoredState, Downloader, and FlagHelper
06-01 17:17:17.859  2878  2878 D ConfigUpdater: Setting up DownloadManagerHelper
06-01 17:17:17.859  1561  1561 D WM-GreedyScheduler: Stopping tracking for WorkGenerationalId(workSpecId=108867ef-0509-4d24-948c-9048e73ad8d0, generation=0)
06-01 17:17:17.859  2878  2878 D ConfigUpdater: Loaded SharedPreferences: IntentFirewallDownload
06-01 17:17:17.860  2878  2878 D ConfigUpdater: Using Lollipop+ download directory: /data/user/0/com.google.android.configupdater/files/downloads
06-01 17:17:17.860  2878  2878 D ConfigUpdater: Got DownloadManager service
06-01 17:17:17.860  2878  2878 D ConfigUpdater: Is wearable device: false
06-01 17:17:17.860  2878  2878 D ConfigUpdater: Received intent with action: android.intent.action.BOOT_COMPLETED
06-01 17:17:17.862  2878  2878 D ConfigUpdater: Last update start time: 0, current time: 1780309037862, max delay: 21600000
06-01 17:17:17.862  2878  2878 E ConfigUpdater: ignoring update request
06-01 17:17:17.865  2830  2830 V ActivityThread: getPackageInfo() caused update to cached ApplicationInfo for package com.google.android.apps.safetyhub
06-01 17:17:17.866  2830  2830 I .apps.safetyhub: AssetManager2(0x7184c5c0d818) locale list changing from [] to [en-US]
06-01 17:17:17.867  1561  2208 I DialerLoggingConsentCheckerImpl: com.google.android.callingshared.logging.consent.impl.LoggingConsentCheckerImpl.getConsent:72 timer stop with success, timer present: false
06-01 17:17:17.872  1561  2171 D WM-GreedyScheduler: Cancelling work ID 108867ef-0509-4d24-948c-9048e73ad8d0
06-01 17:17:17.873  1593  2493 I Icing   : IndexChimeraService.getServiceInterface callingPackage=com.google.android.gms componentName=null serviceId=36
06-01 17:17:17.873  1561  2171 D WM-GreedyScheduler: Ignoring {WorkSpec: 71f9f7b7-0e95-4142-92da-e8df3242f46c}. Requires device idle.
06-01 17:17:17.873  1561  2171 D WM-GreedyScheduler: Ignoring {WorkSpec: 82586dc0-2fcb-4952-a1e0-78d6f4eff466}. Requires device idle.
06-01 17:17:17.873  1561  2171 D WM-GreedyScheduler: Ignoring {WorkSpec: b46ff990-55a7-4bcf-b88c-4c581135cb05}. Requires device idle.
06-01 17:17:17.873  1561  2171 D WM-GreedyScheduler: Ignoring {WorkSpec: 891e70ff-277d-4d89-a55c-8d84058f688e}. Requires device idle.
06-01 17:17:17.873  1561  2171 D WM-GreedyScheduler: Ignoring {WorkSpec: bb701614-c815-4849-a026-151040b92d8a}. Requires device idle.
06-01 17:17:17.873  1561  2171 D WM-GreedyScheduler: Ignoring {WorkSpec: 6d4c483c-b7cc-45c5-802a-4411bc722a37}. Requires device idle.
06-01 17:17:17.873  1561  2171 D WM-GreedyScheduler: Ignoring {WorkSpec: 44edd83d-637c-4cab-80ff-dfeb84a1aa15}. Requires device idle.
06-01 17:17:17.874  1561  2171 D WM-GreedyScheduler: Ignoring {WorkSpec: 54c47f21-835a-4862-9aec-d8defeddd992}. Requires device idle.
06-01 17:17:17.875  1561  2171 D WM-WorkConstraintsTrack: NetworkRequestConstraintController unregister shared callback
06-01 17:17:17.876  2878  2878 D ConfigUpdater: UpdateRequestReceiver constructed with Config: com.google.android.configupdater.SmsShortCodes.SmsShortCodesConfig@8e4e401, StoredState: com.google.android.configupdater.StoredState@b392a6, DownloadManagerHelper: com.google.android.configupdater.DownloadManagerHelper@58834e7, FlagHelper: com.google.android.configupdater.GservicesHelper@cc71894
06-01 17:17:17.876  2878  2878 D ConfigUpdater: Setting up preferences for StoredState, Downloader, and FlagHelper
06-01 17:17:17.876  2878  2878 D ConfigUpdater: Setting up DownloadManagerHelper
06-01 17:17:17.876  2878  2878 D ConfigUpdater: Loaded SharedPreferences: SmsShortCodesDownload
06-01 17:17:17.876  2878  2878 D ConfigUpdater: Using Lollipop+ download directory: /data/user/0/com.google.android.configupdater/files/downloads
06-01 17:17:17.877  2878  2878 D ConfigUpdater: Got DownloadManager service
