06-01 22:48:43.753  2063  2188 I .apps.wellbeing: AssetManager2(0x7bbe424365f8) locale list changing from [] to [en-US]
06-01 22:48:43.756  2063  2188 I .apps.wellbeing: AssetManager2(0x7bbe42438b78) locale list changing from [] to [en-US]
06-01 22:48:43.757  2063  2188 I .apps.wellbeing: AssetManager2(0x7bbe42430838) locale list changing from [] to [en-US]
06-01 22:48:43.761  2063  2188 I .apps.wellbeing: AssetManager2(0x7bbe424349d8) locale list changing from [] to [en-US]
06-01 22:48:43.763  2063  2188 I .apps.wellbeing: AssetManager2(0x7bbe42438e98) locale list changing from [] to [en-US]
06-01 22:48:43.765  2063  2188 I .apps.wellbeing: AssetManager2(0x7bbe42431e18) locale list changing from [] to [en-US]
06-01 22:48:43.768  2063  2188 I .apps.wellbeing: AssetManager2(0x7bbe42438218) locale list changing from [] to [en-US]
06-01 22:48:43.770  2063  2188 I .apps.wellbeing: AssetManager2(0x7bbe4242f898) locale list changing from [] to [en-US]
06-01 22:48:43.780  2063  2188 I .apps.wellbeing: AssetManager2(0x7bbe42436f58) locale list changing from [] to [en-US]
06-01 22:48:43.782  2063  2188 I .apps.wellbeing: AssetManager2(0x7bbe42437bd8) locale list changing from [] to [en-US]
06-01 22:48:43.786  2063  2188 I .apps.wellbeing: AssetManager2(0x7bbe424394d8) locale list changing from [] to [en-US]
06-01 22:48:43.792  5631  5631 D WM-PackageManagerHelper: Skipping component enablement for androidx.work.impl.background.systemjob.SystemJobService
06-01 22:48:43.792  2063  2188 I .apps.wellbeing: AssetManager2(0x7bbe42448258) locale list changing from [] to [en-US]
06-01 22:48:43.792  5631  5631 D WM-Schedulers: Created SystemJobScheduler and enabled SystemJobService
06-01 22:48:43.796  2063  2188 I .apps.wellbeing: AssetManager2(0x7bbe42434cf8) locale list changing from [] to [en-US]
06-01 22:48:43.798  2063  2188 I .apps.wellbeing: AssetManager2(0x7bbe42448898) locale list changing from [] to [en-US]
06-01 22:48:43.803  2063  2188 I .apps.wellbeing: AssetManager2(0x7bbe424491f8) locale list changing from [] to [en-US]
06-01 22:48:43.810  2063  2188 I .apps.wellbeing: AssetManager2(0x7bbe4243bd78) locale list changing from [] to [en-US]
06-01 22:48:43.812  2063  2188 I .apps.wellbeing: AssetManager2(0x7bbe42442ad8) locale list changing from [] to [en-US]
06-01 22:48:43.819  2063  2188 I .apps.wellbeing: AssetManager2(0x7bbe4243ef78) locale list changing from [] to [en-US]
06-01 22:48:43.821  2063  2188 I .apps.wellbeing: AssetManager2(0x7bbe4243d358) locale list changing from [] to [en-US]
06-01 22:48:43.828  2063  2188 I .apps.wellbeing: AssetManager2(0x7bbe42442df8) locale list changing from [] to [en-US]
06-01 22:48:43.840  2063  2188 I .apps.wellbeing: AssetManager2(0x7bbe42445058) locale list changing from [] to [en-US]
06-01 22:48:43.844  2063  2188 I .apps.wellbeing: AssetManager2(0x7bbe4243e2f8) locale list changing from [] to [en-US]
06-01 22:48:43.847  2063  2188 I .apps.wellbeing: AssetManager2(0x7bbe4244ae18) locale list changing from [] to [en-US]
06-01 22:48:43.851  2063  2188 I .apps.wellbeing: AssetManager2(0x7bbe4243dfd8) locale list changing from [] to [en-US]
06-01 22:48:43.859  2063  2188 I .apps.wellbeing: AssetManager2(0x7bbe42442178) locale list changing from [] to [en-US]
06-01 22:48:43.861  2063  2188 I .apps.wellbeing: AssetManager2(0x7bbe4243ec58) locale list changing from [] to [en-US]
06-01 22:48:43.864  2063  2188 I .apps.wellbeing: AssetManager2(0x7bbe42444d38) locale list changing from [] to [en-US]
06-01 22:48:43.867  2063  2188 I .apps.wellbeing: AssetManager2(0x7bbe42445ff8) locale list changing from [] to [en-US]
06-01 22:48:43.871  2063  2188 I .apps.wellbeing: AssetManager2(0x7bbe42446318) locale list changing from [] to [en-US]
06-01 22:48:43.874  2063  2188 I .apps.wellbeing: AssetManager2(0x7bbe42443d98) locale list changing from [] to [en-US]
06-01 22:48:43.878  2063  2188 I .apps.wellbeing: AssetManager2(0x7bbe424446f8) locale list changing from [] to [en-US]
06-01 22:48:43.881  2063  2188 I .apps.wellbeing: AssetManager2(0x7bbe42450598) locale list changing from [] to [en-US]
06-01 22:48:43.882  2063  2188 I .apps.wellbeing: AssetManager2(0x7bbe42454d78) locale list changing from [] to [en-US]
06-01 22:48:43.889  2063  2188 I .apps.wellbeing: AssetManager2(0x7bbe4244ec98) locale list changing from [] to [en-US]
06-01 22:48:43.908  2063  2188 I .apps.wellbeing: AssetManager2(0x7bbe424521b8) locale list changing from [] to [en-US]
06-01 22:48:43.911  2063  2188 I .apps.wellbeing: AssetManager2(0x7bbe4244c3f8) locale list changing from [] to [en-US]
06-01 22:48:43.914  5631  5666 D WM-ForceStopRunnable: The default process name was not specified.
06-01 22:48:43.917  5631  5666 D WM-ForceStopRunnable: Performing cleanup operations.
06-01 22:48:43.927  2063  2188 I .apps.wellbeing: AssetManager2(0x7bbe424491f8) locale list changing from [] to [en-US]
06-01 22:48:43.939  2063  2188 I .apps.wellbeing: AssetManager2(0x7bbe4244ec98) locale list changing from [] to [en-US]
06-01 22:48:43.940  5631  5666 E ashmem  : Pinning is deprecated since Android Q. Please use trim or other methods.
06-01 22:48:43.945  2063  2188 I .apps.wellbeing: AssetManager2(0x7bbe42450598) locale list changing from [] to [en-US]
06-01 22:48:43.946  2063  2188 I .apps.wellbeing: AssetManager2(0x7bbe42454d78) locale list changing from [] to [en-US]
06-01 22:48:43.950  2063  2188 I .apps.wellbeing: AssetManager2(0x7bbe42454a58) locale list changing from [] to [en-US]
06-01 22:48:43.953  2063  2188 I .apps.wellbeing: AssetManager2(0x7bbe42443d98) locale list changing from [] to [en-US]
06-01 22:48:43.958  2063  2188 I .apps.wellbeing: AssetManager2(0x7bbe42446318) locale list changing from [] to [en-US]
06-01 22:48:44.124  5631  5666 D WM-PackageManagerHelper: Skipping component enablement for androidx.work.impl.background.systemalarm.RescheduleReceiver
06-01 22:48:44.162  5669  5669 W dumpsys : Thread Pool max thread count is 0. Cannot cache binder as linkToDeath cannot be implemented. serviceName: package
06-01 22:48:44.366  3901  3903 I artd    : GetBestInfo: odex next to the dex file (/data/app/~~oqHPZkItOTY-JdZP8j0YvQ==/com.google.android.gms-U8kK62mhhj2hUoGXPlJDnw==/oat/x86_64/base.odex) is kOatUpToDate with filter 'speed-profile' executable 'false'
06-01 22:48:44.370   688  1064 I ActivityManager: Background started FGS: Allowed [callingPackage: com.aistudio.ereader.xynk; callingUid: 10225; uidState: TOP ; uidBFSL: [BFSL]; intent: Intent { xflg=0x4 cmp=com.aistudio.ereader.xynk/com.example.web.LocalWebService }; code:PROC_STATE_TOP; tempAllowListReason:<null>; allowWiu:12; targetSdkVersion:36; callerTargetSdkVersion:36; startForegroundCount:0; bindFromPackage:null: isBindService:false]
06-01 22:48:44.371  3901  3903 I artd    : GetBestInfo: odex next to the dex file (/data/app/~~oqHPZkItOTY-JdZP8j0YvQ==/com.google.android.gms-U8kK62mhhj2hUoGXPlJDnw==/oat/x86_64/split_AdsDynamite_installtime.odex) is kOatUpToDate with filter 'speed' executable 'false'
06-01 22:48:44.374  3901  3903 I artd    : GetBestInfo: odex next to the dex file (/data/app/~~oqHPZkItOTY-JdZP8j0YvQ==/com.google.android.gms-U8kK62mhhj2hUoGXPlJDnw==/oat/x86_64/split_CronetDynamite_installtime.odex) is kOatUpToDate with filter 'speed-profile' executable 'false'
06-01 22:48:44.376   688  1064 W OptProp : Cannot read opt property android.window.PROPERTY_COMPAT_ENABLE_FAKE_FOCUS
06-01 22:48:44.377  3901  3903 I artd    : GetBestInfo: odex next to the dex file (/data/app/~~oqHPZkItOTY-JdZP8j0YvQ==/com.google.android.gms-U8kK62mhhj2hUoGXPlJDnw==/oat/x86_64/split_DynamiteLoader_installtime.odex) is kOatUpToDate with filter 'speed' executable 'false'
06-01 22:48:44.381  3901  3903 I artd    : GetBestInfo: odex next to the dex file (/data/app/~~oqHPZkItOTY-JdZP8j0YvQ==/com.google.android.gms-U8kK62mhhj2hUoGXPlJDnw==/oat/x86_64/split_DynamiteModulesA_installtime.odex) is kOatUpToDate with filter 'speed' executable 'false'
06-01 22:48:44.382   688   898 D BackgroundInstallControlService: Package event received: 0
06-01 22:48:44.384   688   898 D BackgroundInstallControlService: Package event received: 0
06-01 22:48:44.386  3901  3903 I artd    : GetBestInfo: odex next to the dex file (/data/app/~~oqHPZkItOTY-JdZP8j0YvQ==/com.google.android.gms-U8kK62mhhj2hUoGXPlJDnw==/oat/x86_64/split_DynamiteModulesC_installtime.odex) is kOatUpToDate with filter 'speed' executable 'false'
06-01 22:48:44.387  5631  5631 I Choreographer: Skipped 54 frames!  The application may be doing too much work on its main thread.
06-01 22:48:44.388  3901  3903 I artd    : GetBestInfo: odex next to the dex file (/data/app/~~oqHPZkItOTY-JdZP8j0YvQ==/com.google.android.gms-U8kK62mhhj2hUoGXPlJDnw==/oat/x86_64/split_GoogleCertificates_installtime.odex) is kOatUpToDate with filter 'speed' executable 'false'
06-01 22:48:44.393  3901  3903 I artd    : GetBestInfo: odex next to the dex file (/data/app/~~oqHPZkItOTY-JdZP8j0YvQ==/com.google.android.gms-U8kK62mhhj2hUoGXPlJDnw==/oat/x86_64/split_MapsDynamite_installtime.odex) is kOatUpToDate with filter 'speed' executable 'false'
06-01 22:48:44.394  5631  5673 I DisplayManager: Choreographer implicitly registered for the refresh rate.
06-01 22:48:44.396  3901  3903 I artd    : GetBestInfo: odex next to the dex file (/data/app/~~oqHPZkItOTY-JdZP8j0YvQ==/com.google.android.gms-U8kK62mhhj2hUoGXPlJDnw==/oat/x86_64/split_MeasurementDynamite_installtime.odex) is kOatUpToDate with filter 'speed' executable 'false'
06-01 22:48:44.397  5631  5631 I io.ereader.xynk: AssetManager2(0x7bbe4242a438) locale list changing from [] to [en-US]
06-01 22:48:44.399  3901  3903 I artd    : GetBestInfo: odex next to the dex file (/data/app/~~oqHPZkItOTY-JdZP8j0YvQ==/com.google.android.gms-U8kK62mhhj2hUoGXPlJDnw==/oat/x86_64/split_all_locale_splits.odex) is kOatUpToDate with filter 'speed' executable 'false'
06-01 22:48:44.400  3901  3902 I artd    : GetBestInfo: /data/user_de/0/com.google.android.gms/app_chimera/m/00000001/CronetDynamite.apk has no usable artifacts
06-01 22:48:44.400  3901  3903 I artd    : GetBestInfo: /data/user_de/0/com.google.android.gms/app_chimera/m/00000002/DynamiteLoader.apk has no usable artifacts
06-01 22:48:44.401  3901  3903 I artd    : GetBestInfo: /data/user_de/0/com.google.android.gms/app_chimera/m/00000015/dl-Appsearch.optional_261631100800.apk has no usable artifacts
06-01 22:48:44.403  3901  3902 I artd    : GetBestInfo: /data/user_de/0/com.google.android.gms/app_chimera/m/00000011/dl-MlkitBarcodeUi.optional_261631100800.apk has no usable artifacts
06-01 22:48:44.403  3901  3903 I artd    : GetBestInfo: /data/user_de/0/com.google.android.gms/app_chimera/m/00000005/GoogleCertificates.apk has no usable artifacts
06-01 22:48:44.404  3901  3903 I artd    : GetBestInfo: /data/user_de/0/com.google.android.gms/app_chimera/m/00000017/dl-TfliteDynamiteDynamite.integ_260580502100800.apk has no usable artifacts
06-01 22:48:44.405  3901  3903 I artd    : GetBestInfo: /data/user_de/0/com.google.android.gms/app_chimera/m/0000000d/dl-TfliteDynamiteDynamite.integ_252130102100800.apk has no usable artifacts
06-01 22:48:44.407  3901  3903 I artd    : GetBestInfo: /data/user_de/0/com.google.android.gms/app_chimera/m/00000016/dl-IdentityCredentialsPlatform.optional_261631100800.apk has no usable artifacts
06-01 22:48:44.408  3901  3903 I artd    : GetBestInfo: /data/user_de/0/com.google.android.gms/app_chimera/m/0000000a/dl-MlkitBarcodeUi.optional_250834100800.apk has no usable artifacts
06-01 22:48:44.410  3901  3903 I artd    : GetBestInfo: vdex next to the dex file (/data/user/0/com.google.android.gms/app_dg_cache/92659AEB0EFADECE4CBB22D1DF07B00702EAAC36/oat/x86_64/the.vdex) is kOatUpToDate with filter 'verify' executable 'false'
06-01 22:48:44.411  3901  3903 I artd    : GetBestInfo: /data/user_de/0/com.google.android.gms/app_chimera/m/00000014/dl-PlayCloudSearch.optional_261631100000.apk has no usable artifacts
06-01 22:48:44.412  3901  3903 I artd    : GetBestInfo: /data/user/0/com.google.android.gms/app_dg_cache/BBB8ADBA11F43674FC873CF50B06D4CFE87E958C/the.apk has no usable artifacts
06-01 22:48:44.412  3901  3903 W artd    : Could not get dex checksums for location /data/app/~~JlUJQFlc4ygp9jZhE_7qYA==/com.android.vending-cRWAZr3GHq-n4fdFyU9thA==/base.apk, fd=-1
06-01 22:48:44.471  5631  5673 I EGL_emulation: Opening libGLESv1_CM_emulation.so
06-01 22:48:44.471  5631  5673 I EGL_emulation: Opening libGLESv2_emulation.so
06-01 22:48:44.482  5631  5673 W HWUI    : Failed to choose config with EGL_SWAP_BEHAVIOR_PRESERVED, retrying without...
06-01 22:48:44.483  5631  5673 W HWUI    : Failed to initialize 101010-2 format, error = EGL_SUCCESS
06-01 22:48:44.501  5631  5631 D CompatChangeReporter: Compat change id reported: 377864165; UID 10225; state: ENABLED
06-01 22:48:44.504  5631  5631 D DesktopModeFlags: Toggle override initialized to: OVERRIDE_UNSET
06-01 22:48:44.622  5631  5631 W HWUI    : Unknown dataspace 0
06-01 22:48:44.705   688  1531 E TaskPersister: File error accessing recents directory (directory doesn't exist?).
06-01 22:48:44.838   688  1714 I ActivityManager: Background started FGS: Allowed [callingPackage: com.aistudio.ereader.xynk; callingUid: 10225; uidState: TOP ; uidBFSL: [BFSL]; intent: Intent { cmp=com.aistudio.ereader.xynk/com.example.web.LocalWebService }; code:PROC_STATE_TOP; tempAllowListReason:<fg-service-launch,reasonCode:SERVICE_LAUNCH,duration:30000,callingUid:10225>; allowWiu:12; targetSdkVersion:36; callerTargetSdkVersion:36; startForegroundCount:0; bindFromPackage:null: isBindService:false]
06-01 22:48:44.840   688   898 D BackgroundInstallControlService: Package event received: 0
06-01 22:48:44.840   688  1714 W ForegroundServiceTypeLoggerModule: Foreground service start for UID: 10225 does not have any types
06-01 22:48:44.847   688  1714 D CoreBackPreview: Window{e9caa57 u0 com.aistudio.ereader.xynk/com.example.MainActivity}: Setting back callback OnBackInvokedCallbackInfo{mCallback=android.window.IOnBackInvokedCallback$Stub$Proxy@3f9ebae, mPriority=-1, mIsAnimationCallback=false, mOverrideBehavior=0}
06-01 22:48:45.258  5631  5639 I io.ereader.xynk: Compiler allocated 5042KB to compile void android.view.ViewRootImpl.performTraversals()
06-01 22:48:46.338   688   799 W InputDispatcher: Not sending touch gesture to 44157ac ActivityRecordInputSink com.aistudio.ereader.xynk/com.example.MainActivity because it has config NO_INPUT_CHANNEL
06-01 22:48:46.449   688   722 I ActivityTaskManager: Displayed com.aistudio.ereader.xynk/com.example.MainActivity for user 0: +4s488ms
06-01 22:48:46.469  5631  5649 I HWUI    : Davey! duration=1821ms; Flags=1, FrameTimelineVsyncId=48490, IntendedVsync=1512319040000, Vsync=1512519039992, InputEventId=0, HandleInputStart=1512531701000, AnimationStart=1512531759400, PerformTraversalsStart=1512531844300, DrawStart=1514024128200, FrameDeadline=1512335706666, FrameStartTime=1512530396900, FrameInterval=16666666, WorkloadTarget=16666666, SyncQueued=1514068841400, SyncStart=1514069427500, IssueDrawCommandsStart=1514069642100, SwapBuffers=1514118468000, FrameCompleted=1514141142900, DequeueBufferDuration=33400, QueueBufferDuration=350900, GpuCompleted=1514141142900, SwapBuffersCompleted=1514123042500, DisplayPresentTime=0, CommandSubmissionCompleted=1514118468000, 
06-01 22:48:46.507  5631  5631 I Choreographer: Skipped 94 frames!  The application may be doing too much work on its main thread.
06-01 22:48:46.543   688   807 I ImeTracker: com.aistudio.ereader.xynk:e2eef022: onRequestHide at ORIGIN_SERVER reason HIDE_UNSPECIFIED_WINDOW fromUser false
06-01 22:48:46.554  1402  1402 I GoogleInputMethodService: GoogleInputMethodService.onFinishInput():2259 
06-01 22:48:46.556  1402  1402 I Module  : DeviceLockedStatusModuleProvider$Module.updateDeviceLockedStatus():103 repeatCheckTimes = 0, locked = false
06-01 22:48:46.559   688  1714 I ImeTracker: system_server:262d4d82: onRequestHide at ORIGIN_SERVER reason IME_REQUESTED_CHANGED_LISTENER fromUser false
06-01 22:48:46.561  1402  1402 I GoogleInputMethodService: GoogleInputMethodService.onStartInput():1446 onStartInput(EditorInfo{EditorInfo{packageName=com.aistudio.ereader.xynk, inputType=0, inputTypeString=NULL, enableLearning=false, autoCorrection=false, autoComplete=false, imeOptions=0, privateImeOptions=null, actionName=UNSPECIFIED, actionLabel=null, initialSelStart=-1, initialSelEnd=-1, initialCapsMode=0, label=null, fieldId=0, fieldName=null, extras=null, hintText=null, hintLocales=[]}}, false)
06-01 22:48:46.561  1402  1402 W AndroidIME: LatinIMEBase.updateInputViewCoverNavigation():327 Null input view, cannot update padding!
06-01 22:48:46.563  1402  1402 I Module  : DeviceLockedStatusModuleProvider$Module.updateDeviceLockedStatus():103 repeatCheckTimes = 1, locked = false
06-01 22:48:46.564  5631  5631 D InsetsController: hide(ime(), fromIme=false)
06-01 22:48:46.565  5631  5631 I ImeTracker: com.aistudio.ereader.xynk:e2eef022: onCancelled at PHASE_CLIENT_ALREADY_HIDDEN
06-01 22:48:46.565   688   725 I ImeTracker: system_server:262d4d82: onCancelled at PHASE_SERVER_SHOULD_HIDE
06-01 22:48:46.569   688  1064 W PackageConfigPersister: App-specific configuration not found for packageName: com.aistudio.ereader.xynk and userId: 0
06-01 22:48:46.573  5631  5645 I HWUI    : Davey! duration=1634ms; Flags=0, FrameTimelineVsyncId=48512, IntendedVsync=1512619039988, Vsync=1514185706592, InputEventId=0, HandleInputStart=1514194206800, AnimationStart=1514194279000, PerformTraversalsStart=1514217745700, DrawStart=1514219252300, FrameDeadline=1514169039926, FrameStartTime=1514193515900, FrameInterval=16666666, WorkloadTarget=16666666, SyncQueued=1514219714300, SyncStart=1514220121700, IssueDrawCommandsStart=1514222358300, SwapBuffers=1514223441000, FrameCompleted=1514254254900, DequeueBufferDuration=88400, QueueBufferDuration=2159400, GpuCompleted=1514254254900, SwapBuffersCompleted=1514242163300, DisplayPresentTime=0, CommandSubmissionCompleted=1514223441000, 
06-01 22:48:46.612  1279  1300 I FontLog : (REDACTED) Received query %s, URI %s
06-01 22:48:46.612  1279  1300 I FontLog : (REDACTED) Query [%s] resolved to %s
06-01 22:48:46.616  1279  1300 I FontLog : (REDACTED) Fetch %s end status %s
06-01 22:48:46.644  1279  1300 I FontLog : (REDACTED) Pulling font file for id = %d, cache size = %d
06-01 22:48:46.673  1279  1300 I FontLog : (REDACTED) Pulling font file for id = %d, cache size = %d
06-01 22:48:46.718  1084  1084 D BaseDepthController: setSurface:
06-01 22:48:46.718  1084  1084 D BaseDepthController: 	mWaitingOnSurfaceValidity: false
06-01 22:48:46.718  1084  1084 D BaseDepthController: 	mBaseSurface: null
06-01 22:48:46.719  1084  1084 D BaseDepthController: mSurface is null and mCurrentBlur is: 0
06-01 22:48:46.720  1084  1084 D StateManager: goToState - fromState: Normal, toState: Normal, partial trace:
06-01 22:48:46.720  1084  1084 D StateManager: 	at com.android.launcher3.statemanager.StateManager.moveToRestState(go/retraceme 72a59688580715d19f0e415c69e80376c2f062d1648c80db6730905005a27c20:4)
06-01 22:48:46.720  1084  1084 D StateManager: 	at com.android.launcher3.statemanager.StateManager.moveToRestState(go/retraceme 72a59688580715d19f0e415c69e80376c2f062d1648c80db6730905005a27c20:1)
06-01 22:48:46.720  1084  1084 D StateManager: 	at com.android.launcher3.statemanager.StatefulActivity.onStop(go/retraceme 72a59688580715d19f0e415c69e80376c2f062d1648c80db6730905005a27c20:34)
06-01 22:48:46.720  1084  1084 D StatsLog: LAUNCHER_ONSTOP
06-01 22:48:46.725  1084  1084 D StatsLog: LAUNCHER_GOOGLE_SEARCH_RESTORE_LIST_SIZE_AFTER_ACTIVITY_RESTART
06-01 22:48:46.732   688   898 D BackgroundInstallControlService: Package event received: 0
06-01 22:48:47.050   688  1064 D CompatChangeReporter: Compat change id reported: 349487600; UID 10225; state: ENABLED
06-01 22:48:47.053   688   848 D ConnectivityService: NetReassign [no changes] [c 1] [a 1] [i 0]
06-01 22:48:47.327  5631  5698 W HWUI    : Failed to choose config with EGL_SWAP_BEHAVIOR_PRESERVED, retrying without...
06-01 22:48:47.328  5631  5698 W HWUI    : Failed to initialize 101010-2 format, error = EGL_SUCCESS
06-01 22:48:47.395  5631  5690 W HWUI    : Image decoding logging dropped!
06-01 22:48:47.414  5631  5688 W HWUI    : Image decoding logging dropped!
06-01 22:48:48.967  1069  1255 D SatelliteController: iisInCarrierRoamingNbIotNtn: satellite is disabled
06-01 22:48:48.967   688  1064 W IPCThreadState: Sending oneway calls to frozen process.
06-01 22:48:49.509  5699  5699 D AndroidRuntime: >>>>>> START com.android.internal.os.RuntimeInit uid 2000 <<<<<<
06-01 22:48:49.517  5699  5699 I AndroidRuntime: Using default boot image
06-01 22:48:49.517  5699  5699 I AndroidRuntime: Leaving lock profiling enabled
06-01 22:48:49.519  5699  5699 I app_process: Using CollectorTypeCMC GC.
06-01 22:48:49.624  5699  5699 D nativeloader: InitDefaultPublicLibraries for_preload=1: libandroid.so:libaaudio.so:libamidi.so:libbinder_ndk.so:libc.so:libcamera2ndk.so:libdl.so:libEGL.so:libGLESv1_CM.so:libGLESv2.so:libGLESv3.so:libicu.so:libicui18n.so:libicuuc.so:libjnigraphics.so:liblog.so:libmediandk.so:libm.so:libnativehelper.so:libnativewindow.so:libOpenMAXAL.so:libOpenSLES.so:libRS.so:libstdc++.so:libsync.so:libvulkan.so:libwebviewchromium_plat_support.so:libz.so
06-01 22:48:49.634  5699  5699 D nativeloader: Load libicu_jni.so using APEX ns com_android_art for caller /apex/com.android.art/javalib/core-oj.jar: ok
06-01 22:48:49.635  5699  5699 D app_process: u_setTimeZoneFilesDirectory("/apex/com.android.tzdata/etc/tz/versioned/9/icu") succeeded. 
06-01 22:48:49.635  5699  5699 D app_process: I18n APEX ICU file found: /apex/com.android.i18n/etc/icu/icudt76l.dat
06-01 22:48:49.635  5699  5699 D nativeloader: Load libjavacore.so using APEX ns com_android_art for caller /apex/com.android.art/javalib/core-oj.jar: ok
06-01 22:48:49.636  5699  5699 D nativeloader: Load libopenjdk.so using APEX ns com_android_art for caller /apex/com.android.art/javalib/core-oj.jar: ok
06-01 22:48:49.638  5699  5699 W app_process: Unexpected CPU variant for x86: x86_64.
06-01 22:48:49.638  5699  5699 W app_process: Known variants: atom, sandybridge, silvermont, goldmont, goldmont-plus, goldmont-without-sha-xsaves, tremont, kabylake, alderlake, default
06-01 22:48:49.641  5699  5699 W app_process: ClassLoaderContext shared library size mismatch. Expected=2, found=0 (PCL[]{PCL[/system/framework/android.test.base.jar*2789897741]#PCL[/system/framework/android.test.mock.jar*3361312393]} | PCL[])
06-01 22:48:49.642  5699  5699 W app_process: ClassLoaderContext classpath size mismatch. expected=0, found=1 (PCL[]{PCL[/system/framework/android.test.runner.jar*895143020]#PCL[/system/framework/android.test.base.jar*2789897741]} | PCL[/system/framework/android.test.runner.jar*895143020])
06-01 22:48:49.663  5699  5699 D nativeloader: Load libframework-connectivity-tiramisu-jni.so using APEX ns com_android_tethering for caller /apex/com.android.tethering/javalib/framework-connectivity-t.jar: ok
06-01 22:48:49.664  5699  5699 D AndroidRuntime: Calling main entry com.android.commands.uiautomator.Launcher
06-01 22:48:49.668  5699  5699 I AconfigPackage: android.media.swcodec.flags is mapped to com.android.media.swcodec
06-01 22:48:49.668  5699  5699 I AconfigPackage: com.google.android.settings.simplemode.flags is mapped to system_ext
06-01 22:48:49.668  5699  5699 I AconfigPackage: com.google.android.systemui is mapped to system_ext
06-01 22:48:49.669  5699  5699 I AconfigPackage: com.google.android.apps.nexuslauncher is mapped to system_ext
06-01 22:48:49.669  5699  5699 I AconfigPackage: com.android.settings.accessibility is mapped to system_ext
06-01 22:48:49.669  5699  5699 I AconfigPackage: com.android.settings.flags is mapped to system_ext
06-01 22:48:49.669  5699  5699 I AconfigPackage: com.google.android.apps.miphone.aiai.matchmaker.overview.ui is mapped to system_ext
06-01 22:48:49.669  5699  5699 I AconfigPackage: com.google.android.settings.flags is mapped to system_ext
06-01 22:48:49.669  5699  5699 I AconfigPackage: com.android.launcher3 is mapped to system_ext
06-01 22:48:49.669  5699  5699 I AconfigPackage: com.android.wallpaper is mapped to system_ext
06-01 22:48:49.669  5699  5699 I AconfigPackage: com.android.settings.media_drm is mapped to system_ext
06-01 22:48:49.669  5699  5699 I AconfigPackage: com.android.systemui.accessibility.accessibilitymenu is mapped to system_ext
06-01 22:48:49.669  5699  5699 I AconfigPackage: com.android.settings.keyboard is mapped to system_ext
06-01 22:48:49.669  5699  5699 I AconfigPackage: com.android.server.policy.feature.flags is mapped to system_ext
06-01 22:48:49.669  5699  5699 I AconfigPackage: com.android.settings.factory_reset is mapped to system_ext
06-01 22:48:49.669  5699  5699 I AconfigPackage: com.google.android.haptics.flags is mapped to system_ext
06-01 22:48:49.670  5699  5699 I AconfigPackage: com.android.permission.flags is mapped to com.android.permission
06-01 22:48:49.670  5699  5699 I AconfigPackage: com.android.icu is mapped to com.android.i18n
06-01 22:48:49.670  5699  5699 I AconfigPackage: com.android.appsearch.flags is mapped to com.android.appsearch
06-01 22:48:49.671  5699  5699 I AconfigPackage: android.uprobestats.mainline.flags is mapped to com.android.uprobestats
06-01 22:48:49.671  5699  5699 I AconfigPackage: android.provider.flags is mapped to com.android.configinfrastructure
06-01 22:48:49.671  5699  5699 I AconfigPackage: com.android.server.deviceconfig is mapped to com.android.configinfrastructure
06-01 22:48:49.672  5699  5699 I AconfigPackage: com.android.nfc.flags is mapped to system
06-01 22:48:49.672  5699  5699 I AconfigPackage: android.app.admin.flags is mapped to system
06-01 22:48:49.672  5699  5699 I AconfigPackage: android.database.sqlite is mapped to system
06-01 22:48:49.672  5699  5699 I AconfigPackage: com.android.providers.calendar is mapped to system
06-01 22:48:49.672  5699  5699 I AconfigPackage: com.android.server.power.feature.flags is mapped to system
06-01 22:48:49.672  5699  5699 I AconfigPackage: com.android.media.performance.flags is mapped to system
06-01 22:48:49.672  5699  5699 I AconfigPackage: android.app.contextualsearch.flags is mapped to system
06-01 22:48:49.672  5699  5699 I AconfigPackage: android.app.ondeviceintelligence.flags is mapped to system
06-01 22:48:49.672  5699  5699 I AconfigPackage: com.android.media.projection.flags is mapped to system
06-01 22:48:49.672  5699  5699 I AconfigPackage: android.companion is mapped to system
06-01 22:48:49.672  5699  5699 I AconfigPackage: android.service.controls.flags is mapped to system
06-01 22:48:49.672  5699  5699 I AconfigPackage: com.android.text.flags is mapped to system
06-01 22:48:49.672  5699  5699 I AconfigPackage: com.android.providers.contactkeys.flags is mapped to system
06-01 22:48:49.672  5699  5699 I AconfigPackage: com.android.intentresolver is mapped to system
06-01 22:48:49.672  5699  5699 I AconfigPackage: android.companion.virtualdevice.flags is mapped to system
06-01 22:48:49.672  5699  5699 I AconfigPackage: android.uprobestats.flags is mapped to system
06-01 22:48:49.672  5699  5699 I AconfigPackage: com.android.net.thread.platform.flags is mapped to system
06-01 22:48:49.672  5699  5699 I AconfigPackage: android.view.contentprotection.flags is mapped to system
06-01 22:48:49.672  5699  5699 I AconfigPackage: com.android.server.dreams is mapped to system
06-01 22:48:49.672  5699  5699 I AconfigPackage: com.android.graphics.surfaceflinger.flags is mapped to system
06-01 22:48:49.672  5699  5699 I AconfigPackage: com.android.hardware.input is mapped to system
06-01 22:48:49.672  5699  5699 I AconfigPackage: android.sdk is mapped to system
06-01 22:48:49.672  5699  5699 I AconfigPackage: com.android.input.flags is mapped to system
06-01 22:48:49.672  5699  5699 I AconfigPackage: android.tracing is mapped to system
06-01 22:48:49.672  5699  5699 I AconfigPackage: com.android.server.biometrics is mapped to system
06-01 22:48:49.672  5699  5699 I AconfigPackage: android.view.contentcapture.flags is mapped to system
06-01 22:48:49.672  5699  5699 I AconfigPackage: android.app.job is mapped to system
06-01 22:48:49.672  5699  5699 I AconfigPackage: android.content.res is mapped to system
06-01 22:48:49.673  5699  5699 I AconfigPackage: android.net.platform.flags is mapped to system
06-01 22:48:49.673  5699  5699 I AconfigPackage: com.android.aconfig.flags is mapped to system
06-01 22:48:49.673  5699  5699 I AconfigPackage: com.android.graphics.flags is mapped to system
06-01 22:48:49.673  5699  5699 I AconfigPackage: android.server.app is mapped to system
06-01 22:48:49.673  5699  5699 I AconfigPackage: android.speech.flags is mapped to system
06-01 22:48:49.673  5699  5699 I AconfigPackage: com.android.server.stats is mapped to system
06-01 22:48:49.673  5699  5699 I AconfigPackage: android.hardware.biometrics is mapped to system
06-01 22:48:49.673  5699  5699 I AconfigPackage: android.car.feature is mapped to system
06-01 22:48:49.673  5699  5699 I AconfigPackage: android.adpf is mapped to system
06-01 22:48:49.673  5699  5699 I AconfigPackage: android.location.flags is mapped to system
06-01 22:48:49.673  5699  5699 I AconfigPackage: com.android.settingslib.flags is mapped to system
06-01 22:48:49.673  5699  5699 I AconfigPackage: com.android.managedprovisioning.flags is mapped to system
06-01 22:48:49.673  5699  5699 I AconfigPackage: android.app.assist.flags is mapped to system
06-01 22:48:49.673  5699  5699 I AconfigPackage: com.android.server.net is mapped to system
06-01 22:48:49.673  5699  5699 I AconfigPackage: com.android.settingslib.widget.flags is mapped to system
06-01 22:48:49.673  5699  5699 I AconfigPackage: com.android.internal.camera.flags is mapped to system
06-01 22:48:49.673  5699  5699 I AconfigPackage: com.android.hardware.libsensor.flags is mapped to system
06-01 22:48:49.673  5699  5699 I AconfigPackage: com.android.internal.jank is mapped to system
06-01 22:48:49.673  5699  5699 I AconfigPackage: com.android.providers.settings is mapped to system
06-01 22:48:49.673  5699  5699 I AconfigPackage: android.multiuser is mapped to system
06-01 22:48:49.673  5699  5699 I AconfigPackage: com.android.server.power.optimization is mapped to system
06-01 22:48:49.673  5699  5699 I AconfigPackage: com.android.calllogbackup is mapped to system
06-01 22:48:49.673  5699  5699 I AconfigPackage: com.android.media.flags is mapped to system
06-01 22:48:49.673  5699  5699 I AconfigPackage: com.android.server.flags is mapped to system
06-01 22:48:49.673  5699  5699 I AconfigPackage: com.android.graphics.libvulkan.flags is mapped to system
06-01 22:48:49.673  5699  5699 I AconfigPackage: android.app.appfunctions.flags is mapped to system
06-01 22:48:49.673  5699  5699 I AconfigPackage: android.app.smartspace.flags is mapped to system
06-01 22:48:49.673  5699  5699 I AconfigPackage: com.android.providers.contacts.flags is mapped to system
06-01 22:48:49.673  5699  5699 I AconfigPackage: com.android.shell.flags is mapped to system
06-01 22:48:49.673  5699  5699 I AconfigPackage: com.android.media.aaudio is mapped to system
06-01 22:48:49.673  5699  5699 I AconfigPackage: android.hardware.radio is mapped to system
06-01 22:48:49.674  5699  5699 I AconfigPackage: com.google.wear.services.infra.flags is mapped to system
06-01 22:48:49.674  5699  5699 I AconfigPackage: suspend_service.flags is mapped to system
06-01 22:48:49.674  5699  5699 I AconfigPackage: android.media.midi is mapped to system
06-01 22:48:49.674  5699  5699 I AconfigPackage: com.android.libcore.readonly is mapped to system
06-01 22:48:49.674  5699  5699 I AconfigPackage: com.android.settingslib.widget.selectorwithwidgetpreference.flags is mapped to system
06-01 22:48:49.674  5699  5699 I AconfigPackage: android.service.notification is mapped to system
06-01 22:48:49.674  5699  5699 I AconfigPackage: com.android.systemui.shared is mapped to system
06-01 22:48:49.674  5699  5699 I AconfigPackage: android.app.jank is mapped to system
06-01 22:48:49.674  5699  5699 I AconfigPackage: android.app.wearable is mapped to system
06-01 22:48:49.674  5699  5699 I AconfigPackage: com.android.media.audio is mapped to system
06-01 22:48:49.674  5699  5699 I AconfigPackage: android.service.chooser is mapped to system
06-01 22:48:49.674  5699  5699 I AconfigPackage: com.android.server.compat is mapped to system
06-01 22:48:49.674  5699  5699 I AconfigPackage: com.android.server.alarm is mapped to system
06-01 22:48:49.674  5699  5699 I AconfigPackage: com.android.apex.flags is mapped to system
06-01 22:48:49.674  5699  5699 I AconfigPackage: android.service.quickaccesswallet is mapped to system
06-01 22:48:49.674  5699  5699 I AconfigPackage: android.app.usage is mapped to system
06-01 22:48:49.674  5699  5699 I AconfigPackage: com.android.server.accessibility is mapped to system
06-01 22:48:49.674  5699  5699 I AconfigPackage: android.app.supervision.flags is mapped to system
06-01 22:48:49.674  5699  5699 I AconfigPackage: com.android.server.utils is mapped to system
06-01 22:48:49.674  5699  5699 I AconfigPackage: android.chre.flags is mapped to system
06-01 22:48:49.674  5699  5699 I AconfigPackage: android.content.flags is mapped to system
06-01 22:48:49.674  5699  5699 I AconfigPackage: android.media.codec is mapped to system
06-01 22:48:49.674  5699  5699 I AconfigPackage: com.android.internal.os is mapped to system
06-01 22:48:49.674  5699  5699 I AconfigPackage: com.android.nfc.nci.flags is mapped to system
06-01 22:48:49.674  5699  5699 I AconfigPackage: android.app is mapped to system
06-01 22:48:49.674  5699  5699 I AconfigPackage: android.security.keystore2 is mapped to system
06-01 22:48:49.674  5699  5699 I AconfigPackage: android.crashrecovery.flags is mapped to system
06-01 22:48:49.674  5699  5699 I AconfigPackage: com.android.tradeinmode.flags is mapped to system
06-01 22:48:49.674  5699  5699 I AconfigPackage: android.hardware.flags is mapped to system
06-01 22:48:49.674  5699  5699 I AconfigPackage: com.android.server.telecom.flags is mapped to system
06-01 22:48:49.674  5699  5699 I AconfigPackage: com.android.settingslib.media.flags is mapped to system
06-01 22:48:49.675  5699  5699 I AconfigPackage: com.android.server.policy is mapped to system
06-01 22:48:49.675  5699  5699 I AconfigPackage: android.media.audiopolicy is mapped to system
06-01 22:48:49.675  5699  5699 I AconfigPackage: com.android.egg.flags is mapped to system
06-01 22:48:49.675  5699  5699 I AconfigPackage: com.android.internal.compat.flags is mapped to system
06-01 22:48:49.675  5699  5699 I AconfigPackage: android.security is mapped to system
06-01 22:48:49.675  5699  5699 I AconfigPackage: android.service.autofill is mapped to system
06-01 22:48:49.675  5699  5699 I AconfigPackage: com.example.android.aconfig.demo.flags is mapped to system
06-01 22:48:49.675  5699  5699 I AconfigPackage: android.view.flags is mapped to system
06-01 22:48:49.675  5699  5699 I AconfigPackage: android.companion.virtual.flags is mapped to system
06-01 22:48:49.675  5699  5699 I AconfigPackage: com.android.aconfig_new_storage is mapped to system
06-01 22:48:49.675  5699  5699 I AconfigPackage: com.android.server.feature.flags is mapped to system
06-01 22:48:49.675  5699  5699 I AconfigPackage: com.android.systemui is mapped to system
06-01 22:48:49.675  5699  5699 I AconfigPackage: com.android.server.power.batterysaver is mapped to system
06-01 22:48:49.675  5699  5699 I AconfigPackage: android.widget.flags is mapped to system
06-01 22:48:49.675  5699  5699 I AconfigPackage: com.android.media.editing.flags is mapped to system
06-01 22:48:49.675  5699  5699 I AconfigPackage: com.android.media.codec.flags is mapped to system
06-01 22:48:49.675  5699  5699 I AconfigPackage: com.android.server.powerstats is mapped to system
06-01 22:48:49.675  5699  5699 I AconfigPackage: com.android.graphics.egl.flags is mapped to system
06-01 22:48:49.675  5699  5699 I AconfigPackage: com.android.media.audioserver is mapped to system
06-01 22:48:49.675  5699  5699 I AconfigPackage: com.android.server.deviceidle is mapped to system
06-01 22:48:49.675  5699  5699 I AconfigPackage: android.nfc is mapped to system
06-01 22:48:49.675  5699  5699 I AconfigPackage: android.permission.flags is mapped to system
06-01 22:48:49.675  5699  5699 I AconfigPackage: android.service.voice.flags is mapped to system
06-01 22:48:49.675  5699  5699 I AconfigPackage: android.content.pm is mapped to system
06-01 22:48:49.675  5699  5699 I AconfigPackage: com.android.server.power.hint is mapped to system
06-01 22:48:49.675  5699  5699 I AconfigPackage: android.os is mapped to system
06-01 22:48:49.675  5699  5699 I AconfigPackage: android.service.dreams is mapped to system
06-01 22:48:49.675  5699  5699 I AconfigPackage: com.android.graphics.libgui.flags is mapped to system
06-01 22:48:49.675  5699  5699 I AconfigPackage: android.hardware.usb.flags is mapped to system
06-01 22:48:49.675  5699  5699 I AconfigPackage: android.provider is mapped to system
06-01 22:48:49.675  5699  5699 I AconfigPackage: com.android.server.job is mapped to system
06-01 22:48:49.675  5699  5699 I AconfigPackage: com.android.internal.foldables.flags is mapped to system
06-01 22:48:49.675  5699  5699 I AconfigPackage: com.android.internal.telephony.flags is mapped to system
06-01 22:48:49.675  5699  5699 I AconfigPackage: android.webkit is mapped to system
06-01 22:48:49.675  5699  5699 I AconfigPackage: android.credentials.flags is mapped to system
06-01 22:48:49.675  5699  5699 I AconfigPackage: com.android.server.display.feature.flags is mapped to system
06-01 22:48:49.676  5699  5699 I AconfigPackage: com.android.server.notification is mapped to system
06-01 22:48:49.676  5699  5699 I AconfigPackage: android.appwidget.flags is mapped to system
06-01 22:48:49.676  5699  5699 I AconfigPackage: com.android.frameworks.sensorservice.flags is mapped to system
06-01 22:48:49.676  5699  5699 I AconfigPackage: com.android.printspooler.flags is mapped to system
06-01 22:48:49.676  5699  5699 I AconfigPackage: com.android.window.flags is mapped to system
06-01 22:48:49.676  5699  5699 I AconfigPackage: android.adaptiveauth is mapped to system
06-01 22:48:49.676  5699  5699 I AconfigPackage: android.net.wifi.flags is mapped to system
06-01 22:48:49.676  5699  5699 I AconfigPackage: android.media.tv.flags is mapped to system
06-01 22:48:49.676  5699  5699 I AconfigPackage: com.android.server.usb.flags is mapped to system
06-01 22:48:49.676  5699  5699 I AconfigPackage: android.os.vibrator is mapped to system
06-01 22:48:49.676  5699  5699 I AconfigPackage: android.hardware.devicestate.feature.flags is mapped to system
06-01 22:48:49.676  5699  5699 I AconfigPackage: com.android.server.usage is mapped to system
06-01 22:48:49.676  5699  5699 I AconfigPackage: android.server is mapped to system
06-01 22:48:49.676  5699  5699 I AconfigPackage: com.android.wm.shell is mapped to system
06-01 22:48:49.676  5699  5699 I AconfigPackage: android.view.inputmethod is mapped to system
06-01 22:48:49.676  5699  5699 I AconfigPackage: com.android.graphics.hwui.flags is mapped to system
06-01 22:48:49.676  5699  5699 I AconfigPackage: com.android.server.backup is mapped to system
06-01 22:48:49.676  5699  5699 I AconfigPackage: com.android.internal.pm.pkg.component.flags is mapped to system
06-01 22:48:49.676  5699  5699 I AconfigPackage: android.view.accessibility is mapped to system
06-01 22:48:49.676  5699  5699 I AconfigPackage: com.google.wear.sdk is mapped to system
06-01 22:48:49.676  5699  5699 I AconfigPackage: android.media.audio is mapped to system
06-01 22:48:49.676  5699  5699 I AconfigPackage: com.android.server.am is mapped to system
06-01 22:48:49.676  5699  5699 I AconfigPackage: com.android.media.playback.flags is mapped to system
06-01 22:48:49.677  5699  5699 I AconfigPackage: com.android.art.flags is mapped to com.android.art
06-01 22:48:49.677  5699  5699 I AconfigPackage: com.android.libcore is mapped to com.android.art
06-01 22:48:49.677  5699  5699 I AconfigPackage: com.android.media.extractor.flags is mapped to com.android.media
06-01 22:48:49.677  5699  5699 I AconfigPackage: com.android.media.mainline.flags is mapped to com.android.media
06-01 22:48:49.677  5699  5699 I AconfigPackage: com.android.wifi.flags is mapped to com.android.wifi
06-01 22:48:49.677  5699  5699 I AconfigPackage: com.android.org.conscrypt.flags is mapped to com.android.conscrypt
06-01 22:48:49.677  5699  5699 I AconfigPackage: com.android.healthfitness.flags is mapped to com.android.healthfitness
06-01 22:48:49.678  5699  5699 I AconfigPackage: com.google.android.input.twoshay.flags is mapped to vendor
06-01 22:48:49.678  5699  5699 I AconfigPackage: libgooglecamerahal.flags is mapped to vendor
06-01 22:48:49.678  5699  5699 I AconfigPackage: com.android.ipsec.flags is mapped to com.android.ipsec
06-01 22:48:49.678  5699  5699 I AconfigPackage: com.android.nfc.module.flags is mapped to com.android.nfcservices
06-01 22:48:49.678  5699  5699 I AconfigPackage: com.android.adservices.ondevicepersonalization.flags is mapped to com.android.ondevicepersonalization
06-01 22:48:49.679  5699  5699 I AconfigPackage: com.android.bluetooth.flags is mapped to com.android.bt
06-01 22:48:49.679  5699  5699 I AconfigPackage: com.android.devicelock.flags is mapped to com.android.devicelock
06-01 22:48:49.679  5699  5699 I AconfigPackage: android.os.profiling is mapped to com.android.profiling
06-01 22:48:49.679  5699  5699 I AconfigPackage: com.android.os.statsd.flags is mapped to com.android.os.statsd
06-01 22:48:49.679  5699  5699 I AconfigPackage: com.android.cellbroadcastreceiver.flags is mapped to com.android.cellbroadcast
06-01 22:48:49.680  5699  5699 I AconfigPackage: com.android.adservices.flags is mapped to com.android.adservices
06-01 22:48:49.680  5699  5699 I AconfigPackage: com.android.sdksandbox.flags is mapped to com.android.adservices
06-01 22:48:49.680  5699  5699 I AconfigPackage: com.android.uwb.flags is mapped to com.android.uwb
06-01 22:48:49.680  5699  5699 I AconfigPackage: com.android.ranging.flags is mapped to com.android.uwb
06-01 22:48:49.680  5699  5699 I AconfigPackage: android.graphics.pdf.flags is mapped to com.android.mediaprovider
06-01 22:48:49.680  5699  5699 I AconfigPackage: com.android.providers.media.flags is mapped to com.android.mediaprovider
06-01 22:48:49.680  5699  5699 I AconfigPackage: android.graphics.pdf.flags.readonly is mapped to com.android.mediaprovider
06-01 22:48:49.680  5699  5699 I AconfigPackage: com.android.net.ct.flags is mapped to com.android.tethering
06-01 22:48:49.680  5699  5699 I AconfigPackage: com.android.net.flags is mapped to com.android.tethering
06-01 22:48:49.681  5699  5699 I AconfigPackage: android.net.vcn is mapped to com.android.tethering
06-01 22:48:49.681  5699  5699 I AconfigPackage: com.android.nearby.flags is mapped to com.android.tethering
06-01 22:48:49.681  5699  5699 I AconfigPackage: android.net.http is mapped to com.android.tethering
06-01 22:48:49.681  5699  5699 I AconfigPackage: com.android.net.thread.flags is mapped to com.android.tethering
06-01 22:48:49.681  5699  5699 I AconfigPackage: com.android.system.virtualmachine.flags is mapped to com.android.virt
06-01 22:48:49.681  5699  5699 E FeatureFlagsImplExport: android.os.flagging.AconfigStorageReadException: ERROR_PACKAGE_NOT_FOUND: package android.xr cannot be found on the device
06-01 22:48:49.684  5699  5699 D UiAutomationConnection: Created on user UserHandle{0}
06-01 22:48:49.684  5699  5699 I UiAutomation: Initialized for user 0 on display 0
06-01 22:48:49.684  5699  5699 W UiAutomation: Created with deprecatead constructor, assumes DEFAULT_DISPLAY
06-01 22:48:49.688   688  1064 D AccessibilityManagerService: changeCurrentUserForTestAutomationIfNeededLocked(0): ignoring because device doesn't support visible background users
06-01 22:48:49.688   688  1064 I UiAutomationManager: Registering UiTestAutomationService (id=com.android.server.accessibility/UiAutomation, flags=0x0) when called by user 0
06-01 22:48:49.689   688  1064 V AccessibilityManagerService: onUserStateChangedLocked for userId: 0, forceUpdate: false
06-01 22:48:49.690   688  1064 W MagnificationConnectionManager: requestConnection duplicated request: connect=false, mConnectionState=DISCONNECTED
06-01 22:48:49.690  1474  2132 I AiAiEcho: Settings changed for uri: content://settings/secure/accessibility_enabled
06-01 22:48:49.692  1474  1863 I AiAiEcho: Predicting[0]:  [CONTEXT sampling_count=5 ]
06-01 22:48:49.692  1474  1863 I AiAiEcho: EchoTargets: 
06-01 22:48:49.692  1474  1863 I AiAiEcho: Filtered by AiAi flag check: 
06-01 22:48:49.692  1474  1863 I AiAiEcho: [CONTEXT ratelimit_period="10 SECONDS" ]
06-01 22:48:49.692   688   688 W IPCThreadState: Sending oneway calls to frozen process.
06-01 22:48:49.693   688   688 W IPCThreadState: Sending oneway calls to frozen process.
06-01 22:48:49.693   688   688 W IPCThreadState: Sending oneway calls to frozen process.
06-01 22:48:49.693   688   688 W IPCThreadState: Sending oneway calls to frozen process.
06-01 22:48:49.693  1474  1863 I AiAiEcho: #remoteViewsTwiddler: feature disabled.
06-01 22:48:49.694   688   688 W IPCThreadState: Sending oneway calls to frozen process.
06-01 22:48:49.694   688   688 W IPCThreadState: Sending oneway calls to frozen process.
06-01 22:48:49.694   688   688 W IPCThreadState: Sending oneway calls to frozen process.
06-01 22:48:49.694   688   688 W IPCThreadState: Sending oneway calls to frozen process.
06-01 22:48:49.695  1474  1863 I AiAiEcho: Predicting[0]:  [CONTEXT sampling_count=5 ]
06-01 22:48:49.695  1474  1863 I AiAiEcho: EchoTargets: 
06-01 22:48:49.695  1474  1863 I AiAiEcho: Filtered by AiAi flag check: 
06-01 22:48:49.695  1474  1863 I AiAiEcho: [CONTEXT ratelimit_period="10 SECONDS" ]
06-01 22:48:49.695  1474  1863 I AiAiEcho: #remoteViewsTwiddler: feature disabled.
06-01 22:48:49.695   688   688 W IPCThreadState: Sending oneway calls to frozen process.
06-01 22:48:49.696   688   688 W IPCThreadState: Sending oneway calls to frozen process.
06-01 22:48:49.696   688   688 W IPCThreadState: Sending oneway calls to frozen process.
06-01 22:48:49.696   688   688 W IPCThreadState: Sending oneway calls to frozen process.
06-01 22:48:49.698  1474  1863 I AiAiEcho: #postPredictionTargets: Sending updates to UISurface home with targets# 0 (types=[])
06-01 22:48:49.702   688   688 D BatterySaverPolicy: accessibility changed to true, updating policy.
06-01 22:48:49.703   688  1714 V AccessibilityManagerService: onUserStateChangedLocked for userId: 0, forceUpdate: false
06-01 22:48:49.704  1474  1863 I AiAiEcho: #postPredictionTargets: Sending updates to UISurface lockscreen with targets# 0 (types=[])
06-01 22:48:49.707   688  1714 W MagnificationConnectionManager: requestConnection duplicated request: connect=false, mConnectionState=DISCONNECTED
06-01 22:48:49.710  1474  2132 I AiAiEcho: Settings changed for uri: content://settings/secure/accessibility_enabled
06-01 22:48:49.712  1474  1863 I AiAiEcho: Predicting[0]:  [CONTEXT sampling_count=5 ]
06-01 22:48:49.712  1474  1863 I AiAiEcho: EchoTargets: 
06-01 22:48:49.712  1474  1863 I AiAiEcho: Filtered by AiAi flag check: 
06-01 22:48:49.712  1474  1863 I AiAiEcho: [CONTEXT ratelimit_period="10 SECONDS" ]
06-01 22:48:49.712   688   688 W IPCThreadState: Sending oneway calls to frozen process.
06-01 22:48:49.712   688   688 W IPCThreadState: Sending oneway calls to frozen process.
06-01 22:48:49.712   688   688 W IPCThreadState: Sending oneway calls to frozen process.
06-01 22:48:49.712   688   688 W IPCThreadState: Sending oneway calls to frozen process.
06-01 22:48:49.712  1474  1863 I AiAiEcho: #remoteViewsTwiddler: feature disabled.
06-01 22:48:49.713  1474  1863 I AiAiEcho: Predicting[0]:  [CONTEXT sampling_count=5 ]
06-01 22:48:49.713  1474  1863 I AiAiEcho: EchoTargets: 
06-01 22:48:49.713  1474  1863 I AiAiEcho: Filtered by AiAi flag check: 
06-01 22:48:49.713  1474  1863 I AiAiEcho: [CONTEXT ratelimit_period="10 SECONDS" ]
06-01 22:48:49.713   688   688 W IPCThreadState: Sending oneway calls to frozen process.
06-01 22:48:49.713   688   688 W IPCThreadState: Sending oneway calls to frozen process.
06-01 22:48:49.714   688   688 W IPCThreadState: Sending oneway calls to frozen process.
06-01 22:48:49.714   688   688 W IPCThreadState: Sending oneway calls to frozen process.
06-01 22:48:49.714  1474  1863 I AiAiEcho: #remoteViewsTwiddler: feature disabled.
06-01 22:48:49.717  1474  1863 I AiAiEcho: #postPredictionTargets: Sending updates to UISurface home with targets# 0 (types=[])
06-01 22:48:49.718  1474  1863 I AiAiEcho: #postPredictionTargets: Sending updates to UISurface lockscreen with targets# 0 (types=[])
06-01 22:48:49.719  1084  1084 D SsBaseTemplateCard: No text view can be set up
06-01 22:48:49.719  1084  1084 D SsBaseTemplateCard: Passed-in item info is null
06-01 22:48:49.719  1084  1084 D SsBaseTemplateCard: Passed-in item info is null
06-01 22:48:49.719  1084  1084 D SsBaseTemplateCard: Passed-in item info is null
06-01 22:48:49.719  1084  1084 I SsBaseTemplateCard: Secondary card pane is null
06-01 22:48:49.720  1084  1084 D SsBaseTemplateCard: No text view can be set up
06-01 22:48:49.720  1084  1084 D SsBaseTemplateCard: Passed-in item info is null
06-01 22:48:49.720  1084  1084 D SsBaseTemplateCard: Passed-in item info is null
06-01 22:48:49.720  1084  1084 D SsBaseTemplateCard: Passed-in item info is null
06-01 22:48:49.720  1084  1084 I SsBaseTemplateCard: Secondary card pane is null
06-01 22:48:49.723   948   948 W PageIndicator: Total number of pages invalid: 0. Assuming 1 page.
06-01 22:48:49.724  1374  1575 D AccessibilitySourceService: enabled a11y services count 0
06-01 22:48:49.724  1374  1575 D AccessibilitySourceService: a11y source sending 0 issue to sc
