06-02 06:33:35.926  1084  1084 I SsBaseTemplateCard: Secondary card pane is null
06-02 06:33:35.938   688   688 W IPCThreadState: Sending oneway calls to frozen process.
06-02 06:33:35.938   688   715 V AccessibilityManagerService: onUserStateChangedLocked for userId: 0, forceUpdate: false
06-02 06:33:35.938   688   688 W IPCThreadState: Sending oneway calls to frozen process.
06-02 06:33:35.938   688   688 W IPCThreadState: Sending oneway calls to frozen process.
06-02 06:33:35.943   688   715 W MagnificationConnectionManager: requestConnection duplicated request: connect=false, mConnectionState=DISCONNECTED
06-02 06:33:35.946   688   688 W IPCThreadState: Sending oneway calls to frozen process.
06-02 06:33:35.951   688   688 W IPCThreadState: Sending oneway calls to frozen process.
06-02 06:33:35.952   688   688 W IPCThreadState: Sending oneway calls to frozen process.
06-02 06:33:35.952   688   688 W IPCThreadState: Sending oneway calls to frozen process.
06-02 06:33:35.952   688   688 W IPCThreadState: Sending oneway calls to frozen process.
06-02 06:33:35.955   688   688 W IPCThreadState: Sending oneway calls to frozen process.
06-02 06:33:35.955   688   688 W IPCThreadState: Sending oneway calls to frozen process.
06-02 06:33:35.955   688   688 W IPCThreadState: Sending oneway calls to frozen process.
06-02 06:33:35.955   688   688 W IPCThreadState: Sending oneway calls to frozen process.
06-02 06:33:35.958   688   688 W IPCThreadState: Sending oneway calls to frozen process.
06-02 06:33:35.961  1474  2141 I AiAiEcho: Settings changed for uri: content://settings/secure/accessibility_enabled
06-02 06:33:35.962   688   688 W IPCThreadState: Sending oneway calls to frozen process.
06-02 06:33:35.962  1374  1576 D AccessibilitySourceService: enabled a11y services count 0
06-02 06:33:35.962  1374  1576 D AccessibilitySourceService: a11y source sending 0 issue to sc
06-02 06:33:35.962   688   688 W IPCThreadState: Sending oneway calls to frozen process.
06-02 06:33:35.962   688   688 W IPCThreadState: Sending oneway calls to frozen process.
06-02 06:33:35.963   688  1762 D SafetySourceDataValidat: No cert check requested for package com.google.android.permissioncontroller
06-02 06:33:35.963  1474  1863 I AiAiEcho: Predicting[0]:  [CONTEXT sampling_count=5 ]
06-02 06:33:35.963  1474  1863 I AiAiEcho: EchoTargets: 
06-02 06:33:35.963  1474  1863 I AiAiEcho: Filtered by AiAi flag check: 
06-02 06:33:35.963  1474  1863 I AiAiEcho: [CONTEXT ratelimit_period="10 SECONDS" ]
06-02 06:33:35.967   688   688 D BatterySaverPolicy: accessibility changed to true, updating policy.
06-02 06:33:35.968  1474  1863 I AiAiEcho: #remoteViewsTwiddler: feature disabled.
06-02 06:33:35.969  1474  1863 I AiAiEcho: Predicting[0]:  [CONTEXT sampling_count=5 ]
06-02 06:33:35.969  1474  1863 I AiAiEcho: EchoTargets: 
06-02 06:33:35.969  1474  1863 I AiAiEcho: Filtered by AiAi flag check: 
06-02 06:33:35.969  1474  1863 I AiAiEcho: [CONTEXT ratelimit_period="10 SECONDS" ]
06-02 06:33:35.969  1474  1863 I AiAiEcho: #remoteViewsTwiddler: feature disabled.
06-02 06:33:35.970  1474  1863 I AiAiEcho: #postPredictionTargets: Sending updates to UISurface home with targets# 0 (types=[])
06-02 06:33:35.971  1474  1863 I AiAiEcho: #postPredictionTargets: Sending updates to UISurface lockscreen with targets# 0 (types=[])
06-02 06:33:35.971  1084  1084 D SsBaseTemplateCard: No text view can be set up
06-02 06:33:35.971  1084  1084 D SsBaseTemplateCard: Passed-in item info is null
06-02 06:33:35.971  1084  1084 D SsBaseTemplateCard: Passed-in item info is null
06-02 06:33:35.971  1084  1084 D SsBaseTemplateCard: Passed-in item info is null
06-02 06:33:35.971  1084  1084 I SsBaseTemplateCard: Secondary card pane is null
06-02 06:33:35.982   948   948 W PageIndicator: Total number of pages invalid: 0. Assuming 1 page.
06-02 06:33:36.571 20862 20862 D VBookCrawler: source=000 COOKIE LOGIN FIXTURE-Codex script=home args= result=map(keys=data, next, data=list(0))
06-02 06:33:37.184 20932 20932 W AccessibilityNodeInfoDumper: Fetch time: 100ms
06-02 06:33:37.191   688  1745 V AccessibilityManagerService: onUserStateChangedLocked for userId: 0, forceUpdate: false
06-02 06:33:37.193  1474  2141 I AiAiEcho: Settings changed for uri: content://settings/secure/accessibility_enabled
06-02 06:33:37.194   688  1745 W MagnificationConnectionManager: requestConnection duplicated request: connect=false, mConnectionState=DISCONNECTED
06-02 06:33:37.194   688  1745 D AccessibilityManagerService: restoreCurrentUserForTestAutomationIfNeededLocked(): ignoring because device doesn't support visible background users
06-02 06:33:37.194  1474  1863 I AiAiEcho: Predicting[0]:  [CONTEXT sampling_count=5 ]
06-02 06:33:37.194  1474  1863 I AiAiEcho: EchoTargets: 
06-02 06:33:37.194  1474  1863 I AiAiEcho: Filtered by AiAi flag check: 
06-02 06:33:37.194  1474  1863 I AiAiEcho: [CONTEXT ratelimit_period="10 SECONDS" ]
06-02 06:33:37.194  1474  1863 I AiAiEcho: #remoteViewsTwiddler: feature disabled.
06-02 06:33:37.195  1474  1863 I AiAiEcho: Predicting[0]:  [CONTEXT sampling_count=5 ]
06-02 06:33:37.195  1474  1863 I AiAiEcho: EchoTargets: 
06-02 06:33:37.195  1474  1863 I AiAiEcho: Filtered by AiAi flag check: 
06-02 06:33:37.195  1474  1863 I AiAiEcho: [CONTEXT ratelimit_period="10 SECONDS" ]
06-02 06:33:37.195  1474  1863 I AiAiEcho: #remoteViewsTwiddler: feature disabled.
06-02 06:33:37.196 20932 20948 W IPCThreadState: call to talkWithDriver in joinThreadPool returned error: -9 (Bad file descriptor), FD: -1
06-02 06:33:37.196 20932 20932 D AndroidRuntime: Shutting down VM
06-02 06:33:37.196 20932 20947 W IPCThreadState: call to talkWithDriver in joinThreadPool returned error: -9 (Bad file descriptor), FD: -1
06-02 06:33:37.196  1474  1863 I AiAiEcho: #postPredictionTargets: Sending updates to UISurface home with targets# 0 (types=[])
06-02 06:33:37.196 20932 20951 W IPCThreadState: call to talkWithDriver in joinThreadPool returned error: -9 (Bad file descriptor), FD: -1
06-02 06:33:37.201  1084  1084 D SsBaseTemplateCard: No text view can be set up
06-02 06:33:37.201  1084  1084 D SsBaseTemplateCard: Passed-in item info is null
06-02 06:33:37.201  1084  1084 D SsBaseTemplateCard: Passed-in item info is null
06-02 06:33:37.201  1084  1084 D SsBaseTemplateCard: Passed-in item info is null
06-02 06:33:37.201  1084  1084 I SsBaseTemplateCard: Secondary card pane is null
06-02 06:33:37.202   688   688 W IPCThreadState: Sending oneway calls to frozen process.
06-02 06:33:37.204  1474  1863 I AiAiEcho: #postPredictionTargets: Sending updates to UISurface lockscreen with targets# 0 (types=[])
06-02 06:33:37.205   688   688 W IPCThreadState: Sending oneway calls to frozen process.
06-02 06:33:37.205   688   688 W IPCThreadState: Sending oneway calls to frozen process.
06-02 06:33:37.205   688   688 W IPCThreadState: Sending oneway calls to frozen process.
06-02 06:33:37.205   948   948 W PageIndicator: Total number of pages invalid: 0. Assuming 1 page.
06-02 06:33:37.206   688   688 W IPCThreadState: Sending oneway calls to frozen process.
06-02 06:33:37.207   688   688 W IPCThreadState: Sending oneway calls to frozen process.
06-02 06:33:37.207   688   688 W IPCThreadState: Sending oneway calls to frozen process.
06-02 06:33:37.207   688   688 W IPCThreadState: Sending oneway calls to frozen process.
06-02 06:33:37.208   688   688 W IPCThreadState: Sending oneway calls to frozen process.
06-02 06:33:37.212   688   688 W IPCThreadState: Sending oneway calls to frozen process.
06-02 06:33:37.212   688   688 W IPCThreadState: Sending oneway calls to frozen process.
06-02 06:33:37.212   688   688 W IPCThreadState: Sending oneway calls to frozen process.
06-02 06:33:37.212   688   688 D BatterySaverPolicy: accessibility changed to false, updating policy.
06-02 06:33:38.220   948   991 D ShellBackPreview: Finishing gesture with event action: 1
06-02 06:33:38.220   948   991 D ShellBackPreview: onGestureFinished called while no gesture is started
06-02 06:33:38.227 20862 20862 W WindowOnBackDispatcher: sendCancelIfRunning: isInProgress=false callback=androidx.activity.OnBackPressedDispatcher$Api34Impl$createOnBackAnimationCallback$1@eeb6983
06-02 06:33:38.231   688  1754 D CoreBackPreview: Window{243a374 u0 com.aistudio.ereader.xynk/com.example.MainActivity}: Setting back callback OnBackInvokedCallbackInfo{mCallback=android.window.IOnBackInvokedCallback$Stub$Proxy@575f381, mPriority=-1, mIsAnimationCallback=false, mOverrideBehavior=0}
06-02 06:33:38.253   688  1750 D CoreBackPreview: Window{243a374 u0 com.aistudio.ereader.xynk/com.example.MainActivity}: Setting back callback OnBackInvokedCallbackInfo{mCallback=android.window.IOnBackInvokedCallback$Stub$Proxy@a302c26, mPriority=0, mIsAnimationCallback=true, mOverrideBehavior=0}
06-02 06:33:38.639  1069  1255 D SatelliteController: iisInCarrierRoamingNbIotNtn: satellite is disabled
06-02 06:33:38.640   688  1750 W IPCThreadState: Sending oneway calls to frozen process.
06-02 06:33:38.820 20862 20862 I Choreographer: Skipped 33 frames!  The application may be doing too much work on its main thread.
06-02 06:33:38.971 20959 20959 D AndroidRuntime: >>>>>> START com.android.internal.os.RuntimeInit uid 2000 <<<<<<
06-02 06:33:38.979 20959 20959 I AndroidRuntime: Using default boot image
06-02 06:33:38.979 20959 20959 I AndroidRuntime: Leaving lock profiling enabled
06-02 06:33:38.983 20959 20959 I app_process: Using CollectorTypeCMC GC.
06-02 06:33:39.113 20959 20959 D nativeloader: InitDefaultPublicLibraries for_preload=1: libandroid.so:libaaudio.so:libamidi.so:libbinder_ndk.so:libc.so:libcamera2ndk.so:libdl.so:libEGL.so:libGLESv1_CM.so:libGLESv2.so:libGLESv3.so:libicu.so:libicui18n.so:libicuuc.so:libjnigraphics.so:liblog.so:libmediandk.so:libm.so:libnativehelper.so:libnativewindow.so:libOpenMAXAL.so:libOpenSLES.so:libRS.so:libstdc++.so:libsync.so:libvulkan.so:libwebviewchromium_plat_support.so:libz.so
06-02 06:33:39.124 20959 20959 D nativeloader: Load libicu_jni.so using APEX ns com_android_art for caller /apex/com.android.art/javalib/core-oj.jar: ok
06-02 06:33:39.124 20959 20959 D app_process: u_setTimeZoneFilesDirectory("/apex/com.android.tzdata/etc/tz/versioned/9/icu") succeeded. 
06-02 06:33:39.124 20959 20959 D app_process: I18n APEX ICU file found: /apex/com.android.i18n/etc/icu/icudt76l.dat
06-02 06:33:39.125 20959 20959 D nativeloader: Load libjavacore.so using APEX ns com_android_art for caller /apex/com.android.art/javalib/core-oj.jar: ok
06-02 06:33:39.126 20959 20959 D nativeloader: Load libopenjdk.so using APEX ns com_android_art for caller /apex/com.android.art/javalib/core-oj.jar: ok
06-02 06:33:39.127 20959 20959 W app_process: Unexpected CPU variant for x86: x86_64.
06-02 06:33:39.127 20959 20959 W app_process: Known variants: atom, sandybridge, silvermont, goldmont, goldmont-plus, goldmont-without-sha-xsaves, tremont, kabylake, alderlake, default
06-02 06:33:39.128 20959 20959 W app_process: ClassLoaderContext shared library size mismatch. Expected=2, found=0 (PCL[]{PCL[/system/framework/android.test.base.jar*2789897741]#PCL[/system/framework/android.test.mock.jar*3361312393]} | PCL[])
06-02 06:33:39.131 20959 20959 W app_process: ClassLoaderContext classpath size mismatch. expected=0, found=1 (PCL[]{PCL[/system/framework/android.test.runner.jar*895143020]#PCL[/system/framework/android.test.base.jar*2789897741]} | PCL[/system/framework/android.test.runner.jar*895143020])
06-02 06:33:39.164 20959 20959 D nativeloader: Load libframework-connectivity-tiramisu-jni.so using APEX ns com_android_tethering for caller /apex/com.android.tethering/javalib/framework-connectivity-t.jar: ok
06-02 06:33:39.164 20959 20959 D AndroidRuntime: Calling main entry com.android.commands.uiautomator.Launcher
06-02 06:33:39.171 20959 20959 I AconfigPackage: android.media.swcodec.flags is mapped to com.android.media.swcodec
06-02 06:33:39.172 20959 20959 I AconfigPackage: com.google.android.settings.simplemode.flags is mapped to system_ext
06-02 06:33:39.172 20959 20959 I AconfigPackage: com.google.android.systemui is mapped to system_ext
06-02 06:33:39.172 20959 20959 I AconfigPackage: com.google.android.apps.nexuslauncher is mapped to system_ext
06-02 06:33:39.172 20959 20959 I AconfigPackage: com.android.settings.accessibility is mapped to system_ext
06-02 06:33:39.172 20959 20959 I AconfigPackage: com.android.settings.flags is mapped to system_ext
06-02 06:33:39.172 20959 20959 I AconfigPackage: com.google.android.apps.miphone.aiai.matchmaker.overview.ui is mapped to system_ext
06-02 06:33:39.172 20959 20959 I AconfigPackage: com.google.android.settings.flags is mapped to system_ext
06-02 06:33:39.172 20959 20959 I AconfigPackage: com.android.launcher3 is mapped to system_ext
06-02 06:33:39.172 20959 20959 I AconfigPackage: com.android.wallpaper is mapped to system_ext
06-02 06:33:39.172 20959 20959 I AconfigPackage: com.android.settings.media_drm is mapped to system_ext
06-02 06:33:39.172 20959 20959 I AconfigPackage: com.android.systemui.accessibility.accessibilitymenu is mapped to system_ext
06-02 06:33:39.172 20959 20959 I AconfigPackage: com.android.settings.keyboard is mapped to system_ext
06-02 06:33:39.172 20959 20959 I AconfigPackage: com.android.server.policy.feature.flags is mapped to system_ext
06-02 06:33:39.172 20959 20959 I AconfigPackage: com.android.settings.factory_reset is mapped to system_ext
06-02 06:33:39.172 20959 20959 I AconfigPackage: com.google.android.haptics.flags is mapped to system_ext
06-02 06:33:39.172 20959 20959 I AconfigPackage: com.android.permission.flags is mapped to com.android.permission
06-02 06:33:39.173 20959 20959 I AconfigPackage: com.android.icu is mapped to com.android.i18n
06-02 06:33:39.173 20959 20959 I AconfigPackage: com.android.appsearch.flags is mapped to com.android.appsearch
06-02 06:33:39.174 20959 20959 I AconfigPackage: android.uprobestats.mainline.flags is mapped to com.android.uprobestats
06-02 06:33:39.175 20959 20959 I AconfigPackage: android.provider.flags is mapped to com.android.configinfrastructure
06-02 06:33:39.175 20959 20959 I AconfigPackage: com.android.server.deviceconfig is mapped to com.android.configinfrastructure
06-02 06:33:39.177 20959 20959 I AconfigPackage: com.android.nfc.flags is mapped to system
06-02 06:33:39.177 20959 20959 I AconfigPackage: android.app.admin.flags is mapped to system
06-02 06:33:39.178 20959 20959 I AconfigPackage: android.database.sqlite is mapped to system
06-02 06:33:39.178 20959 20959 I AconfigPackage: com.android.providers.calendar is mapped to system
06-02 06:33:39.178 20959 20959 I AconfigPackage: com.android.server.power.feature.flags is mapped to system
06-02 06:33:39.178 20959 20959 I AconfigPackage: com.android.media.performance.flags is mapped to system
06-02 06:33:39.178 20959 20959 I AconfigPackage: android.app.contextualsearch.flags is mapped to system
06-02 06:33:39.178 20959 20959 I AconfigPackage: android.app.ondeviceintelligence.flags is mapped to system
06-02 06:33:39.178 20959 20959 I AconfigPackage: com.android.media.projection.flags is mapped to system
06-02 06:33:39.178 20959 20959 I AconfigPackage: android.companion is mapped to system
06-02 06:33:39.178 20959 20959 I AconfigPackage: android.service.controls.flags is mapped to system
06-02 06:33:39.178 20959 20959 I AconfigPackage: com.android.text.flags is mapped to system
06-02 06:33:39.178 20959 20959 I AconfigPackage: com.android.providers.contactkeys.flags is mapped to system
06-02 06:33:39.178 20959 20959 I AconfigPackage: com.android.intentresolver is mapped to system
06-02 06:33:39.178 20959 20959 I AconfigPackage: android.companion.virtualdevice.flags is mapped to system
06-02 06:33:39.178 20959 20959 I AconfigPackage: android.uprobestats.flags is mapped to system
06-02 06:33:39.178 20959 20959 I AconfigPackage: com.android.net.thread.platform.flags is mapped to system
06-02 06:33:39.178 20959 20959 I AconfigPackage: android.view.contentprotection.flags is mapped to system
06-02 06:33:39.178 20959 20959 I AconfigPackage: com.android.server.dreams is mapped to system
06-02 06:33:39.178 20959 20959 I AconfigPackage: com.android.graphics.surfaceflinger.flags is mapped to system
06-02 06:33:39.178 20959 20959 I AconfigPackage: com.android.hardware.input is mapped to system
06-02 06:33:39.178 20959 20959 I AconfigPackage: android.sdk is mapped to system
06-02 06:33:39.178 20959 20959 I AconfigPackage: com.android.input.flags is mapped to system
06-02 06:33:39.178 20959 20959 I AconfigPackage: android.tracing is mapped to system
06-02 06:33:39.178 20959 20959 I AconfigPackage: com.android.server.biometrics is mapped to system
06-02 06:33:39.178 20959 20959 I AconfigPackage: android.view.contentcapture.flags is mapped to system
06-02 06:33:39.178 20959 20959 I AconfigPackage: android.app.job is mapped to system
06-02 06:33:39.178 20959 20959 I AconfigPackage: android.content.res is mapped to system
06-02 06:33:39.178 20959 20959 I AconfigPackage: android.net.platform.flags is mapped to system
06-02 06:33:39.178 20959 20959 I AconfigPackage: com.android.aconfig.flags is mapped to system
06-02 06:33:39.178 20959 20959 I AconfigPackage: com.android.graphics.flags is mapped to system
06-02 06:33:39.179 20959 20959 I AconfigPackage: android.server.app is mapped to system
06-02 06:33:39.179 20959 20959 I AconfigPackage: android.speech.flags is mapped to system
06-02 06:33:39.179 20959 20959 I AconfigPackage: com.android.server.stats is mapped to system
06-02 06:33:39.179 20959 20959 I AconfigPackage: android.hardware.biometrics is mapped to system
06-02 06:33:39.179 20959 20959 I AconfigPackage: android.car.feature is mapped to system
06-02 06:33:39.179 20959 20959 I AconfigPackage: android.adpf is mapped to system
06-02 06:33:39.179 20959 20959 I AconfigPackage: android.location.flags is mapped to system
06-02 06:33:39.179 20959 20959 I AconfigPackage: com.android.settingslib.flags is mapped to system
06-02 06:33:39.179 20959 20959 I AconfigPackage: com.android.managedprovisioning.flags is mapped to system
06-02 06:33:39.179 20959 20959 I AconfigPackage: android.app.assist.flags is mapped to system
06-02 06:33:39.179 20959 20959 I AconfigPackage: com.android.server.net is mapped to system
06-02 06:33:39.179 20959 20959 I AconfigPackage: com.android.settingslib.widget.flags is mapped to system
06-02 06:33:39.179 20959 20959 I AconfigPackage: com.android.internal.camera.flags is mapped to system
06-02 06:33:39.179 20959 20959 I AconfigPackage: com.android.hardware.libsensor.flags is mapped to system
06-02 06:33:39.179 20959 20959 I AconfigPackage: com.android.internal.jank is mapped to system
06-02 06:33:39.179 20959 20959 I AconfigPackage: com.android.providers.settings is mapped to system
06-02 06:33:39.179 20959 20959 I AconfigPackage: android.multiuser is mapped to system
06-02 06:33:39.179 20959 20959 I AconfigPackage: com.android.server.power.optimization is mapped to system
06-02 06:33:39.179 20959 20959 I AconfigPackage: com.android.calllogbackup is mapped to system
06-02 06:33:39.179 20959 20959 I AconfigPackage: com.android.media.flags is mapped to system
06-02 06:33:39.179 20959 20959 I AconfigPackage: com.android.server.flags is mapped to system
06-02 06:33:39.179 20959 20959 I AconfigPackage: com.android.graphics.libvulkan.flags is mapped to system
06-02 06:33:39.179 20959 20959 I AconfigPackage: android.app.appfunctions.flags is mapped to system
06-02 06:33:39.179 20959 20959 I AconfigPackage: android.app.smartspace.flags is mapped to system
06-02 06:33:39.179 20959 20959 I AconfigPackage: com.android.providers.contacts.flags is mapped to system
06-02 06:33:39.180 20959 20959 I AconfigPackage: com.android.shell.flags is mapped to system
06-02 06:33:39.180 20959 20959 I AconfigPackage: com.android.media.aaudio is mapped to system
06-02 06:33:39.180 20959 20959 I AconfigPackage: android.hardware.radio is mapped to system
06-02 06:33:39.180 20959 20959 I AconfigPackage: com.google.wear.services.infra.flags is mapped to system
06-02 06:33:39.180 20959 20959 I AconfigPackage: suspend_service.flags is mapped to system
06-02 06:33:39.180 20959 20959 I AconfigPackage: android.media.midi is mapped to system
06-02 06:33:39.180 20959 20959 I AconfigPackage: com.android.libcore.readonly is mapped to system
06-02 06:33:39.180 20959 20959 I AconfigPackage: com.android.settingslib.widget.selectorwithwidgetpreference.flags is mapped to system
06-02 06:33:39.180 20959 20959 I AconfigPackage: android.service.notification is mapped to system
06-02 06:33:39.180 20959 20959 I AconfigPackage: com.android.systemui.shared is mapped to system
06-02 06:33:39.180 20959 20959 I AconfigPackage: android.app.jank is mapped to system
06-02 06:33:39.180 20959 20959 I AconfigPackage: android.app.wearable is mapped to system
06-02 06:33:39.180 20959 20959 I AconfigPackage: com.android.media.audio is mapped to system
06-02 06:33:39.180 20959 20959 I AconfigPackage: android.service.chooser is mapped to system
06-02 06:33:39.180 20959 20959 I AconfigPackage: com.android.server.compat is mapped to system
06-02 06:33:39.180 20959 20959 I AconfigPackage: com.android.server.alarm is mapped to system
06-02 06:33:39.180 20959 20959 I AconfigPackage: com.android.apex.flags is mapped to system
06-02 06:33:39.180 20959 20959 I AconfigPackage: android.service.quickaccesswallet is mapped to system
06-02 06:33:39.180 20959 20959 I AconfigPackage: android.app.usage is mapped to system
06-02 06:33:39.180 20959 20959 I AconfigPackage: com.android.server.accessibility is mapped to system
06-02 06:33:39.180 20959 20959 I AconfigPackage: android.app.supervision.flags is mapped to system
06-02 06:33:39.180 20959 20959 I AconfigPackage: com.android.server.utils is mapped to system
06-02 06:33:39.180 20959 20959 I AconfigPackage: android.chre.flags is mapped to system
06-02 06:33:39.180 20959 20959 I AconfigPackage: android.content.flags is mapped to system
06-02 06:33:39.180 20959 20959 I AconfigPackage: android.media.codec is mapped to system
06-02 06:33:39.180 20959 20959 I AconfigPackage: com.android.internal.os is mapped to system
06-02 06:33:39.180 20959 20959 I AconfigPackage: com.android.nfc.nci.flags is mapped to system
06-02 06:33:39.180 20959 20959 I AconfigPackage: android.app is mapped to system
06-02 06:33:39.180 20959 20959 I AconfigPackage: android.security.keystore2 is mapped to system
06-02 06:33:39.180 20959 20959 I AconfigPackage: android.crashrecovery.flags is mapped to system
06-02 06:33:39.181 20959 20959 I AconfigPackage: com.android.tradeinmode.flags is mapped to system
06-02 06:33:39.181 20959 20959 I AconfigPackage: android.hardware.flags is mapped to system
06-02 06:33:39.181 20959 20959 I AconfigPackage: com.android.server.telecom.flags is mapped to system
06-02 06:33:39.181 20959 20959 I AconfigPackage: com.android.settingslib.media.flags is mapped to system
06-02 06:33:39.181 20959 20959 I AconfigPackage: com.android.server.policy is mapped to system
06-02 06:33:39.181 20959 20959 I AconfigPackage: android.media.audiopolicy is mapped to system
06-02 06:33:39.181 20959 20959 I AconfigPackage: com.android.egg.flags is mapped to system
06-02 06:33:39.181 20959 20959 I AconfigPackage: com.android.internal.compat.flags is mapped to system
06-02 06:33:39.181 20959 20959 I AconfigPackage: android.security is mapped to system
06-02 06:33:39.181 20959 20959 I AconfigPackage: android.service.autofill is mapped to system
06-02 06:33:39.181 20959 20959 I AconfigPackage: com.example.android.aconfig.demo.flags is mapped to system
06-02 06:33:39.181 20959 20959 I AconfigPackage: android.view.flags is mapped to system
06-02 06:33:39.181 20959 20959 I AconfigPackage: android.companion.virtual.flags is mapped to system
06-02 06:33:39.181 20959 20959 I AconfigPackage: com.android.aconfig_new_storage is mapped to system
06-02 06:33:39.181 20959 20959 I AconfigPackage: com.android.server.feature.flags is mapped to system
06-02 06:33:39.181 20959 20959 I AconfigPackage: com.android.systemui is mapped to system
06-02 06:33:39.181 20959 20959 I AconfigPackage: com.android.server.power.batterysaver is mapped to system
06-02 06:33:39.181 20959 20959 I AconfigPackage: android.widget.flags is mapped to system
06-02 06:33:39.181 20959 20959 I AconfigPackage: com.android.media.editing.flags is mapped to system
06-02 06:33:39.181 20959 20959 I AconfigPackage: com.android.media.codec.flags is mapped to system
06-02 06:33:39.182 20959 20959 I AconfigPackage: com.android.server.powerstats is mapped to system
06-02 06:33:39.182 20959 20959 I AconfigPackage: com.android.graphics.egl.flags is mapped to system
06-02 06:33:39.182 20959 20959 I AconfigPackage: com.android.media.audioserver is mapped to system
06-02 06:33:39.182 20959 20959 I AconfigPackage: com.android.server.deviceidle is mapped to system
06-02 06:33:39.182 20959 20959 I AconfigPackage: android.nfc is mapped to system
06-02 06:33:39.182 20959 20959 I AconfigPackage: android.permission.flags is mapped to system
06-02 06:33:39.182 20959 20959 I AconfigPackage: android.service.voice.flags is mapped to system
06-02 06:33:39.182 20959 20959 I AconfigPackage: android.content.pm is mapped to system
06-02 06:33:39.182 20959 20959 I AconfigPackage: com.android.server.power.hint is mapped to system
06-02 06:33:39.182 20959 20959 I AconfigPackage: android.os is mapped to system
06-02 06:33:39.182 20959 20959 I AconfigPackage: android.service.dreams is mapped to system
06-02 06:33:39.182 20959 20959 I AconfigPackage: com.android.graphics.libgui.flags is mapped to system
06-02 06:33:39.182 20959 20959 I AconfigPackage: android.hardware.usb.flags is mapped to system
06-02 06:33:39.182 20959 20959 I AconfigPackage: android.provider is mapped to system
06-02 06:33:39.182 20959 20959 I AconfigPackage: com.android.server.job is mapped to system
06-02 06:33:39.182 20959 20959 I AconfigPackage: com.android.internal.foldables.flags is mapped to system
06-02 06:33:39.182 20959 20959 I AconfigPackage: com.android.internal.telephony.flags is mapped to system
06-02 06:33:39.182 20959 20959 I AconfigPackage: android.webkit is mapped to system
06-02 06:33:39.182 20959 20959 I AconfigPackage: android.credentials.flags is mapped to system
06-02 06:33:39.182 20959 20959 I AconfigPackage: com.android.server.display.feature.flags is mapped to system
06-02 06:33:39.182 20959 20959 I AconfigPackage: com.android.server.notification is mapped to system
06-02 06:33:39.182 20959 20959 I AconfigPackage: android.appwidget.flags is mapped to system
06-02 06:33:39.182 20959 20959 I AconfigPackage: com.android.frameworks.sensorservice.flags is mapped to system
06-02 06:33:39.182 20959 20959 I AconfigPackage: com.android.printspooler.flags is mapped to system
06-02 06:33:39.183 20959 20959 I AconfigPackage: com.android.window.flags is mapped to system
06-02 06:33:39.183 20959 20959 I AconfigPackage: android.adaptiveauth is mapped to system
06-02 06:33:39.183 20959 20959 I AconfigPackage: android.net.wifi.flags is mapped to system
06-02 06:33:39.183 20959 20959 I AconfigPackage: android.media.tv.flags is mapped to system
06-02 06:33:39.183 20959 20959 I AconfigPackage: com.android.server.usb.flags is mapped to system
06-02 06:33:39.183 20959 20959 I AconfigPackage: android.os.vibrator is mapped to system
06-02 06:33:39.183 20959 20959 I AconfigPackage: android.hardware.devicestate.feature.flags is mapped to system
06-02 06:33:39.183 20959 20959 I AconfigPackage: com.android.server.usage is mapped to system
06-02 06:33:39.183 20959 20959 I AconfigPackage: android.server is mapped to system
06-02 06:33:39.183 20959 20959 I AconfigPackage: com.android.wm.shell is mapped to system
06-02 06:33:39.183 20959 20959 I AconfigPackage: android.view.inputmethod is mapped to system
06-02 06:33:39.183 20959 20959 I AconfigPackage: com.android.graphics.hwui.flags is mapped to system
06-02 06:33:39.183 20959 20959 I AconfigPackage: com.android.server.backup is mapped to system
06-02 06:33:39.183 20959 20959 I AconfigPackage: com.android.internal.pm.pkg.component.flags is mapped to system
06-02 06:33:39.183 20959 20959 I AconfigPackage: android.view.accessibility is mapped to system
06-02 06:33:39.183 20959 20959 I AconfigPackage: com.google.wear.sdk is mapped to system
06-02 06:33:39.183 20959 20959 I AconfigPackage: android.media.audio is mapped to system
06-02 06:33:39.183 20959 20959 I AconfigPackage: com.android.server.am is mapped to system
06-02 06:33:39.183 20959 20959 I AconfigPackage: com.android.media.playback.flags is mapped to system
06-02 06:33:39.184 20959 20959 I AconfigPackage: com.android.art.flags is mapped to com.android.art
06-02 06:33:39.184 20959 20959 I AconfigPackage: com.android.libcore is mapped to com.android.art
06-02 06:33:39.184 20959 20959 I AconfigPackage: com.android.media.extractor.flags is mapped to com.android.media
06-02 06:33:39.184 20959 20959 I AconfigPackage: com.android.media.mainline.flags is mapped to com.android.media
06-02 06:33:39.185 20959 20959 I AconfigPackage: com.android.wifi.flags is mapped to com.android.wifi
06-02 06:33:39.185 20959 20959 I AconfigPackage: com.android.org.conscrypt.flags is mapped to com.android.conscrypt
06-02 06:33:39.185 20959 20959 I AconfigPackage: com.android.healthfitness.flags is mapped to com.android.healthfitness
06-02 06:33:39.186 20959 20959 I AconfigPackage: com.google.android.input.twoshay.flags is mapped to vendor
06-02 06:33:39.186 20959 20959 I AconfigPackage: libgooglecamerahal.flags is mapped to vendor
06-02 06:33:39.187 20959 20959 I AconfigPackage: com.android.ipsec.flags is mapped to com.android.ipsec
06-02 06:33:39.187 20959 20959 I AconfigPackage: com.android.nfc.module.flags is mapped to com.android.nfcservices
06-02 06:33:39.187 20959 20959 I AconfigPackage: com.android.adservices.ondevicepersonalization.flags is mapped to com.android.ondevicepersonalization
06-02 06:33:39.187 20959 20959 I AconfigPackage: com.android.bluetooth.flags is mapped to com.android.bt
06-02 06:33:39.188 20959 20959 I AconfigPackage: com.android.devicelock.flags is mapped to com.android.devicelock
06-02 06:33:39.188 20959 20959 I AconfigPackage: android.os.profiling is mapped to com.android.profiling
06-02 06:33:39.188 20959 20959 I AconfigPackage: com.android.os.statsd.flags is mapped to com.android.os.statsd
06-02 06:33:39.188 20959 20959 I AconfigPackage: com.android.cellbroadcastreceiver.flags is mapped to com.android.cellbroadcast
06-02 06:33:39.189 20959 20959 I AconfigPackage: com.android.adservices.flags is mapped to com.android.adservices
06-02 06:33:39.189 20959 20959 I AconfigPackage: com.android.sdksandbox.flags is mapped to com.android.adservices
06-02 06:33:39.189 20959 20959 I AconfigPackage: com.android.uwb.flags is mapped to com.android.uwb
06-02 06:33:39.189 20959 20959 I AconfigPackage: com.android.ranging.flags is mapped to com.android.uwb
06-02 06:33:39.189 20959 20959 I AconfigPackage: android.graphics.pdf.flags is mapped to com.android.mediaprovider
06-02 06:33:39.189 20959 20959 I AconfigPackage: com.android.providers.media.flags is mapped to com.android.mediaprovider
06-02 06:33:39.189 20959 20959 I AconfigPackage: android.graphics.pdf.flags.readonly is mapped to com.android.mediaprovider
06-02 06:33:39.189 20959 20959 I AconfigPackage: com.android.net.ct.flags is mapped to com.android.tethering
06-02 06:33:39.189 20959 20959 I AconfigPackage: com.android.net.flags is mapped to com.android.tethering
06-02 06:33:39.189 20959 20959 I AconfigPackage: android.net.vcn is mapped to com.android.tethering
06-02 06:33:39.190 20959 20959 I AconfigPackage: com.android.nearby.flags is mapped to com.android.tethering
06-02 06:33:39.190 20959 20959 I AconfigPackage: android.net.http is mapped to com.android.tethering
06-02 06:33:39.190 20959 20959 I AconfigPackage: com.android.net.thread.flags is mapped to com.android.tethering
06-02 06:33:39.190 20959 20959 I AconfigPackage: com.android.system.virtualmachine.flags is mapped to com.android.virt
06-02 06:33:39.190 20959 20959 E FeatureFlagsImplExport: android.os.flagging.AconfigStorageReadException: ERROR_PACKAGE_NOT_FOUND: package android.xr cannot be found on the device
06-02 06:33:39.195 20959 20959 D UiAutomationConnection: Created on user UserHandle{0}
06-02 06:33:39.195 20959 20959 I UiAutomation: Initialized for user 0 on display 0
06-02 06:33:39.195 20959 20959 W UiAutomation: Created with deprecatead constructor, assumes DEFAULT_DISPLAY
06-02 06:33:39.197   688  1750 D AccessibilityManagerService: changeCurrentUserForTestAutomationIfNeededLocked(0): ignoring because device doesn't support visible background users
06-02 06:33:39.197   688  1750 I UiAutomationManager: Registering UiTestAutomationService (id=com.android.server.accessibility/UiAutomation, flags=0x0) when called by user 0
06-02 06:33:39.197   688  1750 V AccessibilityManagerService: onUserStateChangedLocked for userId: 0, forceUpdate: false
06-02 06:33:39.198   688  1750 W MagnificationConnectionManager: requestConnection duplicated request: connect=false, mConnectionState=DISCONNECTED
06-02 06:33:39.199  1474  2141 I AiAiEcho: Settings changed for uri: content://settings/secure/accessibility_enabled
06-02 06:33:39.200  1474  1863 I AiAiEcho: Predicting[0]:  [CONTEXT sampling_count=5 ]
06-02 06:33:39.200  1474  1863 I AiAiEcho: EchoTargets: 
06-02 06:33:39.200  1474  1863 I AiAiEcho: Filtered by AiAi flag check: 
06-02 06:33:39.200  1474  1863 I AiAiEcho: [CONTEXT ratelimit_period="10 SECONDS" ]
06-02 06:33:39.200  1474  1863 I AiAiEcho: #remoteViewsTwiddler: feature disabled.
06-02 06:33:39.200  1474  1863 I AiAiEcho: Predicting[0]:  [CONTEXT sampling_count=5 ]
06-02 06:33:39.201  1474  1863 I AiAiEcho: EchoTargets: 
06-02 06:33:39.201  1474  1863 I AiAiEcho: Filtered by AiAi flag check: 
06-02 06:33:39.201  1474  1863 I AiAiEcho: [CONTEXT ratelimit_period="10 SECONDS" ]
06-02 06:33:39.201   688   688 W IPCThreadState: Sending oneway calls to frozen process.
06-02 06:33:39.201  1474  1863 I AiAiEcho: #remoteViewsTwiddler: feature disabled.
06-02 06:33:39.201   688   688 W IPCThreadState: Sending oneway calls to frozen process.
06-02 06:33:39.201   688   688 W IPCThreadState: Sending oneway calls to frozen process.
06-02 06:33:39.201   688   688 W IPCThreadState: Sending oneway calls to frozen process.
06-02 06:33:39.202  1474  1863 I AiAiEcho: #postPredictionTargets: Sending updates to UISurface home with targets# 0 (types=[])
06-02 06:33:39.202   688   688 W IPCThreadState: Sending oneway calls to frozen process.
06-02 06:33:39.202   688   688 W IPCThreadState: Sending oneway calls to frozen process.
06-02 06:33:39.202   688   688 W IPCThreadState: Sending oneway calls to frozen process.
06-02 06:33:39.202   688   688 W IPCThreadState: Sending oneway calls to frozen process.
06-02 06:33:39.203  1474  1863 I AiAiEcho: #postPredictionTargets: Sending updates to UISurface lockscreen with targets# 0 (types=[])
06-02 06:33:39.203   688   688 W IPCThreadState: Sending oneway calls to frozen process.
06-02 06:33:39.203   688   688 W IPCThreadState: Sending oneway calls to frozen process.
06-02 06:33:39.203   688   688 W IPCThreadState: Sending oneway calls to frozen process.
06-02 06:33:39.203   688   688 W IPCThreadState: Sending oneway calls to frozen process.
06-02 06:33:39.204   688   688 D BatterySaverPolicy: accessibility changed to true, updating policy.
06-02 06:33:39.205  1084  1084 D SsBaseTemplateCard: No text view can be set up
06-02 06:33:39.205  1084  1084 D SsBaseTemplateCard: Passed-in item info is null
06-02 06:33:39.205  1084  1084 D SsBaseTemplateCard: Passed-in item info is null
06-02 06:33:39.205  1084  1084 D SsBaseTemplateCard: Passed-in item info is null
06-02 06:33:39.205  1084  1084 I SsBaseTemplateCard: Secondary card pane is null
06-02 06:33:39.206   688  1745 V AccessibilityManagerService: onUserStateChangedLocked for userId: 0, forceUpdate: false
06-02 06:33:39.211   688  1745 W MagnificationConnectionManager: requestConnection duplicated request: connect=false, mConnectionState=DISCONNECTED
06-02 06:33:39.212  1474  1483 I AiAiEcho: Settings changed for uri: content://settings/secure/accessibility_enabled
06-02 06:33:39.213  1474  1863 I AiAiEcho: Predicting[0]:  [CONTEXT sampling_count=5 ]
06-02 06:33:39.213  1474  1863 I AiAiEcho: EchoTargets: 
06-02 06:33:39.213  1474  1863 I AiAiEcho: Filtered by AiAi flag check: 
06-02 06:33:39.213  1474  1863 I AiAiEcho: [CONTEXT ratelimit_period="10 SECONDS" ]
06-02 06:33:39.214   688   688 W IPCThreadState: Sending oneway calls to frozen process.
06-02 06:33:39.214  1474  1863 I AiAiEcho: #remoteViewsTwiddler: feature disabled.
06-02 06:33:39.214   948   948 W PageIndicator: Total number of pages invalid: 0. Assuming 1 page.
06-02 06:33:39.214   688   688 W IPCThreadState: Sending oneway calls to frozen process.
06-02 06:33:39.214  1474  1863 I AiAiEcho: Predicting[0]:  [CONTEXT sampling_count=5 ]
06-02 06:33:39.214  1474  1863 I AiAiEcho: EchoTargets: 
06-02 06:33:39.214  1474  1863 I AiAiEcho: Filtered by AiAi flag check: 
06-02 06:33:39.214  1474  1863 I AiAiEcho: [CONTEXT ratelimit_period="10 SECONDS" ]
06-02 06:33:39.215   688   688 W IPCThreadState: Sending oneway calls to frozen process.
06-02 06:33:39.215   688   688 W IPCThreadState: Sending oneway calls to frozen process.
06-02 06:33:39.215  1474  1863 I AiAiEcho: #remoteViewsTwiddler: feature disabled.
06-02 06:33:39.216   688   688 W IPCThreadState: Sending oneway calls to frozen process.
06-02 06:33:39.216  1474  1863 I AiAiEcho: #postPredictionTargets: Sending updates to UISurface home with targets# 0 (types=[])
06-02 06:33:39.216   688   688 W IPCThreadState: Sending oneway calls to frozen process.
06-02 06:33:39.216   688   688 W IPCThreadState: Sending oneway calls to frozen process.
06-02 06:33:39.216   688   688 W IPCThreadState: Sending oneway calls to frozen process.
06-02 06:33:39.217  1474  1863 I AiAiEcho: #postPredictionTargets: Sending updates to UISurface lockscreen with targets# 0 (types=[])
06-02 06:33:39.218  1084  1084 D SsBaseTemplateCard: No text view can be set up
06-02 06:33:39.218  1084  1084 D SsBaseTemplateCard: Passed-in item info is null
06-02 06:33:39.218  1084  1084 D SsBaseTemplateCard: Passed-in item info is null
06-02 06:33:39.218  1084  1084 D SsBaseTemplateCard: Passed-in item info is null
06-02 06:33:39.218  1084  1084 I SsBaseTemplateCard: Secondary card pane is null
06-02 06:33:39.218  1374  1576 D AccessibilitySourceService: enabled a11y services count 0
06-02 06:33:39.219  1374  1576 D AccessibilitySourceService: a11y source sending 0 issue to sc
06-02 06:33:39.219   948   948 W PageIndicator: Total number of pages invalid: 0. Assuming 1 page.
06-02 06:33:39.219   688   715 D SafetySourceDataValidat: No cert check requested for package com.google.android.permissioncontroller
06-02 06:33:39.257   688   791 D ActivityManager: freezing 1374 com.google.android.permissioncontroller
06-02 06:33:39.259   688   848 D InetDiagMessage: Destroyed 0 sockets, proto=IPPROTO_TCP, family=AF_INET, states=14
06-02 06:33:39.260   688   848 D InetDiagMessage: Destroyed 0 sockets, proto=IPPROTO_TCP, family=AF_INET6, states=14
06-02 06:33:39.260   688   848 D InetDiagMessage: Destroyed live tcp sockets for uids={10207} in 2ms
06-02 06:33:40.473 20959 20959 W AccessibilityNodeInfoDumper: Fetch time: 240ms
06-02 06:33:40.478   688   715 V AccessibilityManagerService: onUserStateChangedLocked for userId: 0, forceUpdate: false
06-02 06:33:40.480   688   715 W MagnificationConnectionManager: requestConnection duplicated request: connect=false, mConnectionState=DISCONNECTED
06-02 06:33:40.480   688   715 D AccessibilityManagerService: restoreCurrentUserForTestAutomationIfNeededLocked(): ignoring because device doesn't support visible background users
06-02 06:33:40.480  1474  1483 I AiAiEcho: Settings changed for uri: content://settings/secure/accessibility_enabled
06-02 06:33:40.481   688   688 W IPCThreadState: Sending oneway calls to frozen process.
06-02 06:33:40.481   688   688 W IPCThreadState: Sending oneway calls to frozen process.
06-02 06:33:40.481   688   688 W IPCThreadState: Sending oneway calls to frozen process.
06-02 06:33:40.481   688   688 W IPCThreadState: Sending oneway calls to frozen process.
06-02 06:33:40.481   688   688 W IPCThreadState: Sending oneway calls to frozen process.
06-02 06:33:40.481  1474  1863 I AiAiEcho: Predicting[0]:  [CONTEXT sampling_count=5 ]
06-02 06:33:40.482  1474  1863 I AiAiEcho: EchoTargets: 
06-02 06:33:40.482  1474  1863 I AiAiEcho: Filtered by AiAi flag check: 
06-02 06:33:40.482  1474  1863 I AiAiEcho: [CONTEXT ratelimit_period="10 SECONDS" ]
06-02 06:33:40.482  1474  1863 I AiAiEcho: #remoteViewsTwiddler: feature disabled.
06-02 06:33:40.482   688   688 W IPCThreadState: Sending oneway calls to frozen process.
06-02 06:33:40.482   688   688 W IPCThreadState: Sending oneway calls to frozen process.
06-02 06:33:40.482   688   688 W IPCThreadState: Sending oneway calls to frozen process.
06-02 06:33:40.482   688   688 W IPCThreadState: Sending oneway calls to frozen process.
06-02 06:33:40.483   688   688 W IPCThreadState: Sending oneway calls to frozen process.
06-02 06:33:40.483 20959 20972 W IPCThreadState: call to talkWithDriver in joinThreadPool returned error: -9 (Bad file descriptor), FD: -1
06-02 06:33:40.483  1474  1863 I AiAiEcho: Predicting[0]:  [CONTEXT sampling_count=5 ]
06-02 06:33:40.483 20959 20968 W IPCThreadState: call to talkWithDriver in joinThreadPool returned error: -9 (Bad file descriptor), FD: -1
06-02 06:33:40.483  1474  1863 I AiAiEcho: EchoTargets: 
06-02 06:33:40.483  1474  1863 I AiAiEcho: Filtered by AiAi flag check: 
06-02 06:33:40.483  1474  1863 I AiAiEcho: [CONTEXT ratelimit_period="10 SECONDS" ]
06-02 06:33:40.484  1474  1863 I AiAiEcho: #remoteViewsTwiddler: feature disabled.
06-02 06:33:40.484 20959 20969 W IPCThreadState: call to talkWithDriver in joinThreadPool returned error: -9 (Bad file descriptor), FD: -1
06-02 06:33:40.485 20959 20959 D AndroidRuntime: Shutting down VM
06-02 06:33:40.487   688   688 W IPCThreadState: Sending oneway calls to frozen process.
06-02 06:33:40.487   688   688 W IPCThreadState: Sending oneway calls to frozen process.
06-02 06:33:40.489   688   688 W IPCThreadState: Sending oneway calls to frozen process.
06-02 06:33:40.489   688   688 W IPCThreadState: Sending oneway calls to frozen process.
06-02 06:33:40.489   688   688 W IPCThreadState: Sending oneway calls to frozen process.
06-02 06:33:40.489  1474  1863 I AiAiEcho: #postPredictionTargets: Sending updates to UISurface home with targets# 0 (types=[])
06-02 06:33:40.490   688   688 D BatterySaverPolicy: accessibility changed to false, updating policy.
06-02 06:33:40.490  1474  1863 I AiAiEcho: #postPredictionTargets: Sending updates to UISurface lockscreen with targets# 0 (types=[])
06-02 06:33:40.501  1084  1084 D SsBaseTemplateCard: No text view can be set up
06-02 06:33:40.501  1084  1084 D SsBaseTemplateCard: Passed-in item info is null
06-02 06:33:40.501  1084  1084 D SsBaseTemplateCard: Passed-in item info is null
06-02 06:33:40.501  1084  1084 D SsBaseTemplateCard: Passed-in item info is null
06-02 06:33:40.502  1084  1084 I SsBaseTemplateCard: Secondary card pane is null
06-02 06:33:40.512   948   948 W PageIndicator: Total number of pages invalid: 0. Assuming 1 page.
06-02 06:33:41.545   688  1745 V GrammaticalInflectionUtils: AttributionSource: android.content.AttributionSource@cd4b66e0 does not have READ_SYSTEM_GRAMMATICAL_GENDER permission.
06-02 06:33:41.546   688  1745 W OptProp : Cannot read opt property android.window.PROPERTY_COMPAT_ALLOW_USER_ASPECT_RATIO_OVERRIDE
06-02 06:33:41.546   688  1745 W OptProp : Cannot read opt property android.window.PROPERTY_COMPAT_ALLOW_USER_ASPECT_RATIO_FULLSCREEN_OVERRIDE
06-02 06:33:41.546   688  1745 W OptProp : Cannot read opt property android.window.PROPERTY_COMPAT_ALLOW_RESIZEABLE_ACTIVITY_OVERRIDES
06-02 06:33:41.547   688  1745 W OptProp : Cannot read opt property android.window.PROPERTY_COMPAT_ALLOW_MIN_ASPECT_RATIO_OVERRIDE
06-02 06:33:41.547   688  1745 D CompatChangeReporter: Compat change id reported: 358129114; UID 10225; state: ENABLED
06-02 06:33:41.549   688  1745 W OptProp : Cannot read opt property android.window.PROPERTY_COMPAT_ALLOW_ORIENTATION_OVERRIDE
06-02 06:33:41.554   560   578 I BpBinder: onLastStrongRef automatically unlinking death recipients: 
06-02 06:33:41.555   688  1745 I ActivityTaskManager: START u0 {xflg=0x4 cmp=com.aistudio.ereader.xynk/com.example.crawler.WebViewLoginActivity (has extras)} with LAUNCH_MULTIPLE from uid 10225 (sr=7587782) (BAL_ALLOW_VISIBLE_WINDOW) result code=0
06-02 06:33:41.557   948   991 V WindowManagerShell: Transition requested (#78): android.os.BinderProxy@d2b7244 TransitionRequestInfo { type = OPEN, triggerTask = TaskInfo{userId=0 taskId=191 effectiveUid=10225 displayId=0 isRunning=true baseIntent=Intent { flg=0x10000000 cmp=com.aistudio.ereader.xynk/com.example.MainActivity } baseActivity=ComponentInfo{com.aistudio.ereader.xynk/com.example.MainActivity} topActivity=ComponentInfo{com.aistudio.ereader.xynk/com.example.crawler.WebViewLoginActivity} origActivity=null realActivity=ComponentInfo{com.aistudio.ereader.xynk/com.example.MainActivity} numActivities=2 lastActiveTime=29409238 supportsMultiWindow=true resizeMode=1 isResizeable=true minWidth=-1 minHeight=-1 defaultMinSize=220 token=WCT{android.window.IWindowContainerToken$Stub$Proxy@ce88f2d} topActivityType=1 pictureInPictureParams=null shouldDockBigOverlays=false launchIntoPipHostTaskId=-1 lastParentTaskIdBeforePip=-1 displayCutoutSafeInsets=Rect(0, 0 - 0, 0) topActivityInfo=ActivityInfo{472dc62 com.example.crawler.WebViewLoginActivity} launchCookies=[] positionInParent=Point(0, 0) parentTaskId=-1 isFocused=true isVisible=true isVisibleRequested=true isTopActivityNoDisplay=false isSleeping=false locusId=null displayAreaFeatureId=1 isTopActivityTransparent=false isActivityStackTransparent=false lastNonFullscreenBounds=Rect(276, 692 - 804, 1772) capturedLink=null capturedLinkTimestamp=0 requestedVisibleTypes=-9 topActivityRequestOpenInBrowserEducationTimestamp=0 appCompatTaskInfo=AppCompatTaskInfo { topActivityInSizeCompat=false eligibleForLetterboxEducation= false isLetterboxEducationEnabled= true isLetterboxDoubleTapEnabled= false eligibleForUserAspectRatioButton= false topActivityBoundsLetterboxed= false isFromLetterboxDoubleTap= false topActivityLetterboxVerticalPosition= -1 topActivityLetterboxHorizontalPosition= -1 topActivityLetterboxWidth=-1 topActivityLetterboxHeight=-1 topActivityAppBounds=Rect(0, 0 - 1080, 2400) isUserFullscreenOverrideEnabled=false isSystemFullscreenOverrideEnabled=false hasMinAspectRatioOverride=false topActivityLetterboxBounds=null cameraCompatTaskInfo=CameraCompatTaskInfo { freeformCameraCompatMode=inactive}} topActivityMainWindowFrame=null}, pipChange = null, remoteTransition = null, displayChange = null, flags = 0, debugId = 78 }
06-02 06:33:41.559   948   991 D ShellSplitScreen: logExit: no-op, mLoggerSessionId is null
06-02 06:33:41.579   560   560 I BpBinder: onLastStrongRef automatically unlinking death recipients: 
06-02 06:33:41.584   688  1750 W OptProp : Cannot read opt property android.window.PROPERTY_COMPAT_ENABLE_FAKE_FOCUS
06-02 06:33:41.591   688   898 D BackgroundInstallControlService: Package event received: 0
06-02 06:33:41.596   688   898 D BackgroundInstallControlService: Package event received: 0
06-02 06:33:41.596   688   898 D BackgroundInstallControlService: Package event received: 0
06-02 06:33:41.599 20862 20862 I io.ereader.xynk: AssetManager2(0x7bbe4243e618) locale list changing from [] to [en-US]
06-02 06:33:41.614   688   725 W IPCThreadState: Sending oneway calls to frozen process.
06-02 06:33:41.614   688   725 W IPCThreadState: Sending oneway calls to frozen process.
06-02 06:33:41.614   688   725 W IPCThreadState: Sending oneway calls to frozen process.
06-02 06:33:41.614   688   725 W IPCThreadState: Sending oneway calls to frozen process.
06-02 06:33:41.615   688   725 W IPCThreadState: Sending oneway calls to frozen process.
06-02 06:33:41.615   688   725 W IPCThreadState: Sending oneway calls to frozen process.
06-02 06:33:41.615   688   725 W IPCThreadState: Sending oneway calls to frozen process.
06-02 06:33:41.615   688   725 W IPCThreadState: Sending oneway calls to frozen process.
06-02 06:33:41.618   688   725 W IPCThreadState: Sending oneway calls to frozen process.
06-02 06:33:41.628 20862 20862 I io.ereader.xynk: AssetManager2(0x7bbe424394d8) locale list changing from [] to [en-US]
06-02 06:33:41.629   688   725 W IPCThreadState: Sending oneway calls to frozen process.
06-02 06:33:41.629   688   725 W IPCThreadState: Sending oneway calls to frozen process.
06-02 06:33:41.629   688   725 W IPCThreadState: Sending oneway calls to frozen process.
06-02 06:33:41.629   688   725 W IPCThreadState: Sending oneway calls to frozen process.
06-02 06:33:41.630   688   725 W IPCThreadState: Sending oneway calls to frozen process.
06-02 06:33:41.630   688   725 W IPCThreadState: Sending oneway calls to frozen process.
06-02 06:33:41.630   688   725 W IPCThreadState: Sending oneway calls to frozen process.
06-02 06:33:41.630   688   725 W IPCThreadState: Sending oneway calls to frozen process.
06-02 06:33:41.630   688   725 W IPCThreadState: Sending oneway calls to frozen process.
06-02 06:33:41.631   688   725 W IPCThreadState: Sending oneway calls to frozen process.
06-02 06:33:41.631   688   725 W IPCThreadState: Sending oneway calls to frozen process.
06-02 06:33:41.633   688   725 W IPCThreadState: Sending oneway calls to frozen process.
06-02 06:33:41.638   688   725 W IPCThreadState: Sending oneway calls to frozen process.
06-02 06:33:41.638   688   725 W IPCThreadState: Sending oneway calls to frozen process.
