06-01 22:24:39.318  2802  2929 E GoogleApiManager: Failed to get service from broker. 
06-01 22:24:39.318  2802  2929 E GoogleApiManager: java.lang.SecurityException: Unknown calling package name 'com.google.android.gms'.
06-01 22:24:39.318  2802  2929 E GoogleApiManager: 	at android.os.Parcel.createExceptionOrNull(Parcel.java:3340)
06-01 22:24:39.318  2802  2929 E GoogleApiManager: 	at android.os.Parcel.createException(Parcel.java:3324)
06-01 22:24:39.318  2802  2929 E GoogleApiManager: 	at android.os.Parcel.readException(Parcel.java:3307)
06-01 22:24:39.318  2802  2929 E GoogleApiManager: 	at android.os.Parcel.readException(Parcel.java:3249)
06-01 22:24:39.318  2802  2929 E GoogleApiManager: 	at bjcr.a(:com.google.android.gms@261631038@26.16.31 (260800-900800821):36)
06-01 22:24:39.318  2802  2929 E GoogleApiManager: 	at bjan.z(:com.google.android.gms@261631038@26.16.31 (260800-900800821):143)
06-01 22:24:39.318  2802  2929 E GoogleApiManager: 	at bigj.run(:com.google.android.gms@261631038@26.16.31 (260800-900800821):42)
06-01 22:24:39.318  2802  2929 E GoogleApiManager: 	at android.os.Handler.handleCallback(Handler.java:995)
06-01 22:24:39.318  2802  2929 E GoogleApiManager: 	at android.os.Handler.dispatchMessage(Handler.java:103)
06-01 22:24:39.318  2802  2929 E GoogleApiManager: 	at czrg.mD(:com.google.android.gms@261631038@26.16.31 (260800-900800821):1)
06-01 22:24:39.318  2802  2929 E GoogleApiManager: 	at czrg.dispatchMessage(:com.google.android.gms@261631038@26.16.31 (260800-900800821):5)
06-01 22:24:39.318  2802  2929 E GoogleApiManager: 	at android.os.Looper.loopOnce(Looper.java:248)
06-01 22:24:39.318  2802  2929 E GoogleApiManager: 	at android.os.Looper.loop(Looper.java:338)
06-01 22:24:39.318  2802  2929 E GoogleApiManager: 	at android.os.HandlerThread.run(HandlerThread.java:85)
06-01 22:24:39.319  2802  2929 W GoogleApiManager: Not showing notification since connectionResult is not user-facing: ConnectionResult{statusCode=DEVELOPER_ERROR, resolution=null, message=null, clientMethodKey=null}
06-01 22:24:39.320  2802  2930 W FlagStore: Unable to update local snapshot for com.google.android.gms.providerinstaller#com.google.android.apps.docs, may result in stale flags.
06-01 22:24:39.320  2802  2930 W FlagStore: java.util.concurrent.ExecutionException: glbt: 17: 17: API: Phenotype.API is not available on this device. Connection failed with: ConnectionResult{statusCode=DEVELOPER_ERROR, resolution=null, message=null, clientMethodKey=null}
06-01 22:24:39.320  2802  2930 W FlagStore: 	at hkyn.j(:com.google.android.gms@261631038@26.16.31 (260800-900800821):21)
06-01 22:24:39.320  2802  2930 W FlagStore: 	at hkyw.t(:com.google.android.gms@261631038@26.16.31 (260800-900800821):24)
06-01 22:24:39.320  2802  2930 W FlagStore: 	at hkyn.get(:com.google.android.gms@261631038@26.16.31 (260800-900800821):1)
06-01 22:24:39.320  2802  2930 W FlagStore: 	at hldb.a(:com.google.android.gms@261631038@26.16.31 (260800-900800821):2)
06-01 22:24:39.320  2802  2930 W FlagStore: 	at hlbr.s(:com.google.android.gms@261631038@26.16.31 (260800-900800821):10)
06-01 22:24:39.320  2802  2930 W FlagStore: 	at glhi.d(:com.google.android.gms@261631038@26.16.31 (260800-900800821):1)
06-01 22:24:39.320  2802  2930 W FlagStore: 	at glgm.run(:com.google.android.gms@261631038@26.16.31 (260800-900800821):5)
06-01 22:24:39.320  2802  2930 W FlagStore: 	at java.util.concurrent.Executors$RunnableAdapter.call(Executors.java:524)
06-01 22:24:39.320  2802  2930 W FlagStore: 	at java.util.concurrent.FutureTask.run(FutureTask.java:317)
06-01 22:24:39.320  2802  2930 W FlagStore: 	at java.util.concurrent.ScheduledThreadPoolExecutor$ScheduledFutureTask.run(ScheduledThreadPoolExecutor.java:348)
06-01 22:24:39.320  2802  2930 W FlagStore: 	at java.util.concurrent.ThreadPoolExecutor.runWorker(ThreadPoolExecutor.java:1156)
06-01 22:24:39.320  2802  2930 W FlagStore: 	at java.util.concurrent.ThreadPoolExecutor$Worker.run(ThreadPoolExecutor.java:651)
06-01 22:24:39.320  2802  2930 W FlagStore: 	at java.lang.Thread.run(Thread.java:1119)
06-01 22:24:39.320  2802  2930 W FlagStore: Caused by: glbt: 17: 17: API: Phenotype.API is not available on this device. Connection failed with: ConnectionResult{statusCode=DEVELOPER_ERROR, resolution=null, message=null, clientMethodKey=null}
06-01 22:24:39.320  2802  2930 W FlagStore: 	at glbv.a(:com.google.android.gms@261631038@26.16.31 (260800-900800821):13)
06-01 22:24:39.320  2802  2930 W FlagStore: 	at hkyd.d(:com.google.android.gms@261631038@26.16.31 (260800-900800821):3)
06-01 22:24:39.320  2802  2930 W FlagStore: 	at hkyf.run(:com.google.android.gms@261631038@26.16.31 (260800-900800821):139)
06-01 22:24:39.320  2802  2930 W FlagStore: 	at hlan.execute(:com.google.android.gms@261631038@26.16.31 (260800-900800821):1)
06-01 22:24:39.320  2802  2930 W FlagStore: 	at hkyn.f(:com.google.android.gms@261631038@26.16.31 (260800-900800821):1)
06-01 22:24:39.320  2802  2930 W FlagStore: 	at hkyn.m(:com.google.android.gms@261631038@26.16.31 (260800-900800821):101)
06-01 22:24:39.320  2802  2930 W FlagStore: 	at hkyn.q(:com.google.android.gms@261631038@26.16.31 (260800-900800821):16)
06-01 22:24:39.320  2802  2930 W FlagStore: 	at gctb.hy(:com.google.android.gms@261631038@26.16.31 (260800-900800821):35)
06-01 22:24:39.320  2802  2930 W FlagStore: 	at fpgy.run(:com.google.android.gms@261631038@26.16.31 (260800-900800821):12)
06-01 22:24:39.320  2802  2930 W FlagStore: 	at hlan.execute(:com.google.android.gms@261631038@26.16.31 (260800-900800821):1)
06-01 22:24:39.320  2802  2930 W FlagStore: 	at fpgz.b(:com.google.android.gms@261631038@26.16.31 (260800-900800821):18)
06-01 22:24:39.320  2802  2930 W FlagStore: 	at fpho.b(:com.google.android.gms@261631038@26.16.31 (260800-900800821):34)
06-01 22:24:39.320  2802  2930 W FlagStore: 	at fphv.B(:com.google.android.gms@261631038@26.16.31 (260800-900800821):17)
06-01 22:24:39.320  2802  2930 W FlagStore: 	at fpgq.run(:com.google.android.gms@261631038@26.16.31 (260800-900800821):60)
06-01 22:24:39.320  2802  2930 W FlagStore: 	at hlan.execute(:com.google.android.gms@261631038@26.16.31 (260800-900800821):1)
06-01 22:24:39.320  2802  2930 W FlagStore: 	at fpgr.b(:com.google.android.gms@261631038@26.16.31 (260800-900800821):8)
06-01 22:24:39.320  2802  2930 W FlagStore: 	at fpho.b(:com.google.android.gms@261631038@26.16.31 (260800-900800821):34)
06-01 22:24:39.320  2802  2930 W FlagStore: 	at fphq.d(:com.google.android.gms@261631038@26.16.31 (260800-900800821):22)
06-01 22:24:39.320  2802  2930 W FlagStore: 	at bidp.e(:com.google.android.gms@261631038@26.16.31 (260800-900800821):9)
06-01 22:24:39.320  2802  2930 W FlagStore: 	at bigh.q(:com.google.android.gms@261631038@26.16.31 (260800-900800821):48)
06-01 22:24:39.320  2802  2930 W FlagStore: 	at bigh.d(:com.google.android.gms@261631038@26.16.31 (260800-900800821):10)
06-01 22:24:39.320  2802  2930 W FlagStore: 	at bigh.g(:com.google.android.gms@261631038@26.16.31 (260800-900800821):191)
06-01 22:24:39.320  2802  2930 W FlagStore: 	at bigh.onConnectionFailed(:com.google.android.gms@261631038@26.16.31 (260800-900800821):2)
06-01 22:24:39.320  2802  2930 W FlagStore: 	at bigj.run(:com.google.android.gms@261631038@26.16.31 (260800-900800821):70)
06-01 22:24:39.320  2802  2930 W FlagStore: 	at android.os.Handler.handleCallback(Handler.java:995)
06-01 22:24:39.320  2802  2930 W FlagStore: 	at android.os.Handler.dispatchMessage(Handler.java:103)
06-01 22:24:39.320  2802  2930 W FlagStore: 	at czrg.mD(:com.google.android.gms@261631038@26.16.31 (260800-900800821):1)
06-01 22:24:39.320  2802  2930 W FlagStore: 	at czrg.dispatchMessage(:com.google.android.gms@261631038@26.16.31 (260800-900800821):5)
06-01 22:24:39.320  2802  2930 W FlagStore: 	at android.os.Looper.loopOnce(Looper.java:248)
06-01 22:24:39.320  2802  2930 W FlagStore: 	at android.os.Looper.loop(Looper.java:338)
06-01 22:24:39.320  2802  2930 W FlagStore: 	at android.os.HandlerThread.run(HandlerThread.java:85)
06-01 22:24:39.320  2802  2930 W FlagStore: Caused by: bibu: 17: API: Phenotype.API is not available on this device. Connection failed with: ConnectionResult{statusCode=DEVELOPER_ERROR, resolution=null, message=null, clientMethodKey=null}
06-01 22:24:39.320  2802  2930 W FlagStore: 	at bizz.a(:com.google.android.gms@261631038@26.16.31 (260800-900800821):15)
06-01 22:24:39.320  2802  2930 W FlagStore: 	at bids.a(:com.google.android.gms@261631038@26.16.31 (260800-900800821):1)
06-01 22:24:39.320  2802  2930 W FlagStore: 	at bidp.e(:com.google.android.gms@261631038@26.16.31 (260800-900800821):5)
06-01 22:24:39.320  2802  2930 W FlagStore: 	... 12 more
06-01 22:24:39.323  2568  2696 I native  : I0000 00:00:1780327479.323781    2696 android_resource_loader.cc:100] Built resource disambiguation_rules
06-01 22:24:39.323  2568  2696 I native  : I0000 00:00:1780327479.323929    2696 android_resource_loader.cc:116] Loaded resource:disambiguation_rules
06-01 22:24:39.324  2568  2696 I native  : I0000 00:00:1780327479.323988    2696 data_source.cc:95] Opening data source "/data/user_de/0/com.google.android.tts/files/superpacks/en-us/en-us-x-multi-seanet-r83/engine_config_en_us_x_embedded_havoc.pb" (as: FILE) ...
06-01 22:24:39.324  2568  2696 I native  : I0000 00:00:1780327479.324268    2696 data_source.cc:99] ... Opened data source "/data/user_de/0/com.google.android.tts/files/superpacks/en-us/en-us-x-multi-seanet-r83/engine_config_en_us_x_embedded_havoc.pb" of size 54
06-01 22:24:39.325  2568  2696 I native  : I0000 00:00:1780327479.325450    2696 android_resource_loader.cc:100] Built resource engine_config
06-01 22:24:39.325  2568  2696 I native  : I0000 00:00:1780327479.325590    2696 android_resource_loader.cc:116] Loaded resource:engine_config
06-01 22:24:39.325  2568  2696 I native  : I0000 00:00:1780327479.325840    2696 android_resource_loader.cc:100] Built resource guided_synthesis
06-01 22:24:39.325  2568  2696 I native  : I0000 00:00:1780327479.325934    2696 android_resource_loader.cc:116] Loaded resource:guided_synthesis
06-01 22:24:39.326  2568  2696 I native  : I0000 00:00:1780327479.325986    2696 data_source.cc:95] Opening data source "/data/user_de/0/com.google.android.tts/files/superpacks/en-us/en-us-x-multi-seanet-r83/../en-us-x-multi-r83/mapping_grammar_en.far" (as: FILE) ...
06-01 22:24:39.326  2568  2696 I native  : I0000 00:00:1780327479.326125    2696 data_source.cc:99] ... Opened data source "/data/user_de/0/com.google.android.tts/files/superpacks/en-us/en-us-x-multi-seanet-r83/../en-us-x-multi-r83/mapping_grammar_en.far" of size 863
06-01 22:24:39.327  2568  2696 I native  : I0000 00:00:1780327479.327309    2696 android_resource_loader.cc:100] Built resource homograph_mapping_grammar
06-01 22:24:39.327  2568  2696 I native  : I0000 00:00:1780327479.327448    2696 android_resource_loader.cc:116] Loaded resource:homograph_mapping_grammar
06-01 22:24:39.327  2568  2696 I native  : I0000 00:00:1780327479.327503    2696 data_source.cc:95] Opening data source "/data/user_de/0/com.google.android.tts/files/superpacks/en-us/en-us-x-multi-seanet-r83/../en-us-x-multi-r83/lettuce_model.fb" (as: MEMORY) ...
06-01 22:24:39.327  2568  2696 I native  : I0000 00:00:1780327479.327633    2696 data_source.cc:99] ... Opened data source "/data/user_de/0/com.google.android.tts/files/superpacks/en-us/en-us-x-multi-seanet-r83/../en-us-x-multi-r83/lettuce_model.fb" of size 2100680
06-01 22:24:39.343  2568  2696 I native  : I0000 00:00:1780327479.342966    2696 android_resource_loader.cc:100] Built resource lettuce_model_resource
06-01 22:24:39.343  2568  2696 I native  : I0000 00:00:1780327479.343175    2696 android_resource_loader.cc:116] Loaded resource:lettuce_model_resource
06-01 22:24:39.343  2568  2696 I native  : I0000 00:00:1780327479.343374    2696 android_resource_loader.cc:100] Built resource lettuce_model_scorer
06-01 22:24:39.343  2568  2696 I native  : I0000 00:00:1780327479.343495    2696 android_resource_loader.cc:116] Loaded resource:lettuce_model_scorer
06-01 22:24:39.343  2568  2696 I native  : I0000 00:00:1780327479.343548    2696 data_source.cc:95] Opening data source "/data/user_de/0/com.google.android.tts/files/superpacks/en-us/en-us-x-multi-seanet-r83/../en-us-x-multi-r83/lettuce_classify_embedded_us_generated_android.far" (as: FILE) ...
06-01 22:24:39.343  2568  2696 I native  : I0000 00:00:1780327479.343665    2696 data_source.cc:99] ... Opened data source "/data/user_de/0/com.google.android.tts/files/superpacks/en-us/en-us-x-multi-seanet-r83/../en-us-x-multi-r83/lettuce_classify_embedded_us_generated_android.far" of size 4439801
06-01 22:24:39.363  2914  2914 W .apps.safetyhub: Failed to find entry 'classes.dex': Entry not found
06-01 22:24:39.364  2914  2914 W .apps.safetyhub: Failed to find entry 'classes.dex': Entry not found
06-01 22:24:39.366  2914  2914 D nativeloader: Configuring clns-9 for other apk /data/app/~~hMTMLA57n5PdrW5XyQW4hA==/com.google.android.apps.safetyhub-mCMuunIvahL3HoB5wUMDLQ==/base.apk:/data/app/~~hMTMLA57n5PdrW5XyQW4hA==/com.google.android.apps.safetyhub-mCMuunIvahL3HoB5wUMDLQ==/split_config.x86_64.apk:/data/app/~~hMTMLA57n5PdrW5XyQW4hA==/com.google.android.apps.safetyhub-mCMuunIvahL3HoB5wUMDLQ==/split_config.xxhdpi.apk. target_sdk_version=36, uses_libraries=, library_path=/data/app/~~hMTMLA57n5PdrW5XyQW4hA==/com.google.android.apps.safetyhub-mCMuunIvahL3HoB5wUMDLQ==/lib/x86_64:/data/app/~~hMTMLA57n5PdrW5XyQW4hA==/com.google.android.apps.safetyhub-mCMuunIvahL3HoB5wUMDLQ==/base.apk!/lib/x86_64:/data/app/~~hMTMLA57n5PdrW5XyQW4hA==/com.google.android.apps.safetyhub-mCMuunIvahL3HoB5wUMDLQ==/split_config.x86_64.apk!/lib/x86_64:/data/app/~~hMTMLA57n5PdrW5XyQW4hA==/com.google.android.apps.safetyhub-mCMuunIvahL3HoB5wUMDLQ==/split_config.xxhdpi.apk!/lib/x86_64, permitted_path=/data:/mnt/expand:/data/user/0/com.google.android.apps.safetyhub
06-01 22:24:39.395  2914  2914 I .apps.safetyhub: AssetManager2(0x7bbe4242b6f8) locale list changing from [] to [en-US]
06-01 22:24:39.414   568   568 E adbd    : failed to connect to socket 'tcp:1122': Connection refused
06-01 22:24:39.414  2914  2914 V GraphicsEnvironment: Currently set values for:
06-01 22:24:39.415  2914  2914 V GraphicsEnvironment:   angle_gl_driver_selection_pkgs=[]
06-01 22:24:39.415  2914  2914 V GraphicsEnvironment:   angle_gl_driver_selection_values=[]
06-01 22:24:39.415  2914  2914 V GraphicsEnvironment: com.google.android.apps.safetyhub is not listed in per-application setting
06-01 22:24:39.415  2914  2914 V GraphicsEnvironment: ANGLE allowlist from config: com.dreamgames.royalmatch com.dts.freefiremax com.dxx.firenow com.gramgames.mergedragons com.ludo.king com.mojang.minecraftpe com.my.defense com.nintendo.zaka com.os.airforce com.playrix.fishdomdd.gplay io.teslatech.callbreak jp.konami.prospia net.peakgames.toonblast
06-01 22:24:39.415  2914  2914 V GraphicsEnvironment: com.google.android.apps.safetyhub is not listed in ANGLE allowlist or settings, returning default
06-01 22:24:39.415  2914  2914 V GraphicsEnvironment: Neither updatable production driver nor prerelease driver is supported.
06-01 22:24:39.422   568   568 E adbd    : failed to connect to socket 'tcp:1122': Connection refused
06-01 22:24:39.433   568   568 E adbd    : failed to connect to socket 'tcp:1123': Connection refused
06-01 22:24:39.446   568   568 E adbd    : failed to connect to socket 'tcp:1123': Connection refused
06-01 22:24:39.451  2568  2696 I native  : I0000 00:00:1780327479.451234    2696 android_resource_loader.cc:100] Built resource lettuce_node_generator_grm
06-01 22:24:39.451  2568  2696 I native  : I0000 00:00:1780327479.451398    2696 android_resource_loader.cc:116] Loaded resource:lettuce_node_generator_grm
06-01 22:24:39.451  2568  2696 I native  : I0000 00:00:1780327479.451457    2696 data_source.cc:95] Opening data source "/data/user_de/0/com.google.android.tts/files/superpacks/en-us/en-us-x-multi-seanet-r83/../en-us-x-multi-r83/lucid_collection_android.far" (as: FILE) ...
06-01 22:24:39.451  2568  2696 I native  : I0000 00:00:1780327479.451574    2696 data_source.cc:99] ... Opened data source "/data/user_de/0/com.google.android.tts/files/superpacks/en-us/en-us-x-multi-seanet-r83/../en-us-x-multi-r83/lucid_collection_android.far" of size 306120
06-01 22:24:39.463  2568  2696 I native  : I0000 00:00:1780327479.463576    2696 android_resource_loader.cc:100] Built resource lucid_parser_grm_fst
06-01 22:24:39.463  2568  2696 I native  : I0000 00:00:1780327479.463748    2696 android_resource_loader.cc:116] Loaded resource:lucid_parser_grm_fst
06-01 22:24:39.463  2568  2696 I native  : I0000 00:00:1780327479.463793    2696 data_source.cc:95] Opening data source "/data/user_de/0/com.google.android.tts/files/superpacks/en-us/en-us-x-multi-seanet-r83/../en-us-x-multi-r83/markup_triggers.pb" (as: FILE) ...
06-01 22:24:39.463  2568  2696 I native  : I0000 00:00:1780327479.463911    2696 data_source.cc:99] ... Opened data source "/data/user_de/0/com.google.android.tts/files/superpacks/en-us/en-us-x-multi-seanet-r83/../en-us-x-multi-r83/markup_triggers.pb" of size 930
06-01 22:24:39.465  2568  2696 I native  : I0000 00:00:1780327479.465290    2696 android_resource_loader.cc:100] Built resource markup_triggers
06-01 22:24:39.465  2568  2696 I native  : I0000 00:00:1780327479.465377    2696 android_resource_loader.cc:116] Loaded resource:markup_triggers
06-01 22:24:39.465  2568  2696 I native  : I0000 00:00:1780327479.465432    2696 data_source.cc:95] Opening data source "/data/user_de/0/com.google.android.tts/files/superpacks/en-us/en-us-x-multi-seanet-r83/../en-us-x-multi-r83/morphosyntactic_mapping.pb" (as: FILE) ...
06-01 22:24:39.465  2568  2696 I native  : I0000 00:00:1780327479.465515    2696 data_source.cc:99] ... Opened data source "/data/user_de/0/com.google.android.tts/files/superpacks/en-us/en-us-x-multi-seanet-r83/../en-us-x-multi-r83/morphosyntactic_mapping.pb" of size 6
06-01 22:24:39.466   568   568 E adbd    : failed to connect to socket 'tcp:1124': Connection refused
06-01 22:24:39.468  2568  2696 I native  : I0000 00:00:1780327479.468675    2696 android_resource_loader.cc:100] Built resource morph_analyzer_attribute_map
06-01 22:24:39.468  2568  2696 I native  : I0000 00:00:1780327479.468917    2696 android_resource_loader.cc:116] Loaded resource:morph_analyzer_attribute_map
06-01 22:24:39.469  2568  2696 I native  : I0000 00:00:1780327479.469168    2696 android_resource_loader.cc:100] Built resource multilingual_capabilities
06-01 22:24:39.469  2568  2696 I native  : I0000 00:00:1780327479.469462    2696 android_resource_loader.cc:116] Loaded resource:multilingual_capabilities
06-01 22:24:39.469  2568  2696 I native  : I0000 00:00:1780327479.469730    2696 data_source.cc:95] Opening data source "/data/user_de/0/com.google.android.tts/files/superpacks/en-us/en-us-x-multi-seanet-r83/../en-us-x-multi-r83/en_us_phonology.pb" (as: FILE) ...
06-01 22:24:39.469  2568  2696 I native  : I0000 00:00:1780327479.469899    2696 data_source.cc:99] ... Opened data source "/data/user_de/0/com.google.android.tts/files/superpacks/en-us/en-us-x-multi-seanet-r83/../en-us-x-multi-r83/en_us_phonology.pb" of size 2196
06-01 22:24:39.471  2568  2696 W native  : W0000 00:00:1780327479.471349    2696 phonology.cc:80] Phonemes l, r\ have non-distinctive features. See b/111971558.
06-01 22:24:39.471  2568  2696 W native  : W0000 00:00:1780327479.471517    2696 phonology.cc:80] Phonemes @, @` have non-distinctive features. See b/111971558.
06-01 22:24:39.471  2568  2696 I native  : I0000 00:00:1780327479.471813    2696 android_resource_loader.cc:100] Built resource phonology
06-01 22:24:39.471  2568  2696 I native  : I0000 00:00:1780327479.471916    2696 android_resource_loader.cc:116] Loaded resource:phonology
06-01 22:24:39.472  2568  2696 I native  : I0000 00:00:1780327479.472179    2696 data_source.cc:95] Opening data source "/data/user_de/0/com.google.android.tts/files/superpacks/en-us/en-us-x-multi-seanet-r83/../en-us-x-multi-r83/en_morphology" (as: FILE) ...
06-01 22:24:39.472  2568  2696 I native  : I0000 00:00:1780327479.472333    2696 data_source.cc:99] ... Opened data source "/data/user_de/0/com.google.android.tts/files/superpacks/en-us/en-us-x-multi-seanet-r83/../en-us-x-multi-r83/en_morphology" of size 2753822
06-01 22:24:39.474   568   568 E adbd    : failed to connect to socket 'tcp:1124': Connection refused
06-01 22:24:39.486   568   568 E adbd    : failed to connect to socket 'tcp:1125': Connection refused
06-01 22:24:39.493   568   568 E adbd    : failed to connect to socket 'tcp:1125': Connection refused
06-01 22:24:39.508   568   568 E adbd    : failed to connect to socket 'tcp:1126': Connection refused
06-01 22:24:39.517   568   568 E adbd    : failed to connect to socket 'tcp:1126': Connection refused
06-01 22:24:39.522  2568  2696 I native  : I0000 00:00:1780327479.522551    2696 model-api.cc:46] Registered model under key morphology
06-01 22:24:39.528   568   568 E adbd    : failed to connect to socket 'tcp:1127': Connection refused
06-01 22:24:39.534  2568  2696 I native  : I0000 00:00:1780327479.534058    2696 android_resource_loader.cc:100] Built resource analyze_morphology_saft_portable_algo
06-01 22:24:39.534  2568  2696 I native  : I0000 00:00:1780327479.534207    2696 android_resource_loader.cc:116] Loaded resource:analyze_morphology_saft_portable_algo
06-01 22:24:39.534  2568  2696 I native  : I0000 00:00:1780327479.534333    2696 data_source.cc:95] Opening data source "/data/user_de/0/com.google.android.tts/files/superpacks/en-us/en-us-x-multi-seanet-r83/../en-us-x-multi-r83/ipa_to_tts_to-en_us.far" (as: FILE) ...
06-01 22:24:39.534  2568  2696 I native  : I0000 00:00:1780327479.534464    2696 data_source.cc:99] ... Opened data source "/data/user_de/0/com.google.android.tts/files/superpacks/en-us/en-us-x-multi-seanet-r83/../en-us-x-multi-r83/ipa_to_tts_to-en_us.far" of size 465858
06-01 22:24:39.535   568   568 E adbd    : failed to connect to socket 'tcp:1127': Connection refused
06-01 22:24:39.547  2568  2696 I native  : I0000 00:00:1780327479.547586    2696 android_resource_loader.cc:100] Built resource ipa_to_tts_phoneme_mapper
06-01 22:24:39.547  2568  2696 I native  : I0000 00:00:1780327479.547768    2696 android_resource_loader.cc:116] Loaded resource:ipa_to_tts_phoneme_mapper
06-01 22:24:39.547  2568  2696 I native  : I0000 00:00:1780327479.547868    2696 data_source.cc:95] Opening data source "/data/user_de/0/com.google.android.tts/files/superpacks/en-us/en-us-x-multi-seanet-r83/../en-us-x-multi-r83/en_us.hlex.bin" (as: MEMORY) ...
06-01 22:24:39.548  2568  2696 I native  : I0000 00:00:1780327479.548011    2696 data_source.cc:99] ... Opened data source "/data/user_de/0/com.google.android.tts/files/superpacks/en-us/en-us-x-multi-seanet-r83/../en-us-x-multi-r83/en_us.hlex.bin" of size 5117760
06-01 22:24:39.550   568   568 E adbd    : failed to connect to socket 'tcp:1128': Connection refused
06-01 22:24:39.558  1458  1800 I MediaProvider: End Intent { act=com.android.providers.media.action.SCAN_VOLUME (has extras) }
06-01 22:24:39.560   568   568 E adbd    : failed to connect to socket 'tcp:1128': Connection refused
06-01 22:24:39.573  1458  1800 I MediaProvider: Begin Intent { act=android.intent.action.MEDIA_MOUNTED dat=file:///... flg=0x5000010 xflg=0x4 cmp=com.google.android.providers.media.module/com.android.providers.media.MediaService (has extras) }
06-01 22:24:39.579   688   915 D FileUtils: Rounded bytes from 4110155776 to 8000000000
06-01 22:24:39.579   568   568 E adbd    : failed to connect to socket 'tcp:1129': Connection refused
06-01 22:24:39.590   568   568 E adbd    : failed to connect to socket 'tcp:1129': Connection refused
06-01 22:24:39.596  2568  2696 I native  : I0000 00:00:1780327479.596365    2696 android_resource_loader.cc:100] Built resource lexicon
06-01 22:24:39.596  2568  2696 I native  : I0000 00:00:1780327479.596495    2696 android_resource_loader.cc:116] Loaded resource:lexicon
06-01 22:24:39.596  2568  2696 I native  : I0000 00:00:1780327479.596631    2696 data_source.cc:95] Opening data source "/data/user_de/0/com.google.android.tts/files/superpacks/en-us/en-us-x-multi-seanet-r83/../en-us-x-multi-r83/homographs_model_en_us_embedded.bin" (as: MEMORY) ...
06-01 22:24:39.596  2568  2696 I native  : I0000 00:00:1780327479.596829    2696 data_source.cc:99] ... Opened data source "/data/user_de/0/com.google.android.tts/files/superpacks/en-us/en-us-x-multi-seanet-r83/../en-us-x-multi-r83/homographs_model_en_us_embedded.bin" of size 399120
06-01 22:24:39.601   568   568 E adbd    : failed to connect to socket 'tcp:1130': Connection refused
06-01 22:24:39.602  1279  2824 I NearbySharing: There is no account metadata, return default instance.
06-01 22:24:39.603  1279  2824 I NearbySharing: There is no account metadata, return default instance.
06-01 22:24:39.612   568   568 E adbd    : failed to connect to socket 'tcp:1130': Connection refused
06-01 22:24:39.620   568   568 E adbd    : failed to connect to socket 'tcp:1131': Connection refused
06-01 22:24:39.620  2802  2943 E ashmem  : Pinning is deprecated since Android Q. Please use trim or other methods.
06-01 22:24:39.625   568   568 E adbd    : failed to connect to socket 'tcp:1131': Connection refused
06-01 22:24:39.637   568   568 E adbd    : failed to connect to socket 'tcp:1132': Connection refused
06-01 22:24:39.643   568   568 E adbd    : failed to connect to socket 'tcp:1132': Connection refused
06-01 22:24:39.655  2568  2696 I native  : I0000 00:00:1780327479.655335    2696 android_resource_loader.cc:100] Built resource homograph_classifier_model_resource
06-01 22:24:39.655  2568  2696 I native  : I0000 00:00:1780327479.655588    2696 android_resource_loader.cc:116] Loaded resource:homograph_classifier_model_resource
06-01 22:24:39.656  2568  2696 I native  : I0000 00:00:1780327479.656488    2696 data_source.cc:95] Opening data source "/data/user_de/0/com.google.android.tts/files/superpacks/en-us/en-us-x-multi-seanet-r83/lettuce_node_generator_params_embedded_us_runtime.pb" (as: FILE) ...
06-01 22:24:39.656  2568  2696 I native  : I0000 00:00:1780327479.656713    2696 data_source.cc:99] ... Opened data source "/data/user_de/0/com.google.android.tts/files/superpacks/en-us/en-us-x-multi-seanet-r83/lettuce_node_generator_params_embedded_us_runtime.pb" of size 2599
06-01 22:24:39.692   688   898 D BackgroundInstallControlService: Package event received: 0
06-01 22:24:39.697   688   898 D BackgroundInstallControlService: Package event received: 0
06-01 22:24:39.698   688   898 D BackgroundInstallControlService: Package event received: 0
06-01 22:24:39.701   688   898 D BackgroundInstallControlService: Package event received: 0
06-01 22:24:39.714  1458  1800 I MediaProvider: Volume MediaVolume name: [external_primary] id: [emulated;0] user: [UserHandle{0}] path: [/storage/emulated/0] externallyManaged: [false] mPublicVolume: [false] already attached
06-01 22:24:39.714  1458  1800 I MediaProvider: End Intent { act=android.intent.action.MEDIA_MOUNTED dat=file:///... flg=0x5000010 xflg=0x4 cmp=com.google.android.providers.media.module/com.android.providers.media.MediaService (has extras) }
06-01 22:24:39.715  1458  1800 I MediaProvider: Begin Intent { act=android.intent.action.PACKAGE_DATA_CLEARED dat=package: flg=0x5000010 cmp=com.google.android.providers.media.module/com.android.providers.media.MediaService (has extras) }
06-01 22:24:39.733  1600  1966 I gle.android.gms: AssetManager2(0x7bbe424317d8) locale list changing from [] to [en-US]
06-01 22:24:39.739  2914  2914 I FirebaseApp: Device unlocked: initializing all Firebase APIs for app [DEFAULT]
06-01 22:24:39.741   688  1070 E JobScheduler.JobStatus: App com.google.android.apps.docs became active but still in NEVER bucket
06-01 22:24:39.767   688  1070 E JobScheduler.JobStatus: App com.google.android.apps.docs became active but still in NEVER bucket
06-01 22:24:39.768  1600  2003 I Icing   : Indexing com.google.android.gms-apps from com.google.android.gms
06-01 22:24:39.780  2914  2914 I FirebaseInitProvider: FirebaseApp initialization successful
06-01 22:24:39.792   688   768 E JobScheduler.JobStatus: App com.google.android.apps.docs became active but still in NEVER bucket
06-01 22:24:39.801  1458  1800 D MediaProvider: Deleted 0 Android/media items belonging to com.aistudio.ereader.xynk on /data/user/0/com.google.android.providers.media.module/databases/external.db
06-01 22:24:39.816  1600  2283 V Configuration: Updating configuration, locales updated from [] to [en_US]
06-01 22:24:39.824  1600  2283 I gle.android.gms: AssetManager2(0x7bbe42432778) locale list changing from [] to [en-US]
06-01 22:24:39.832  1616  1953 D WM-GreedyScheduler: Cancelling work ID 57f17419-5ddc-4b75-8209-ed8a4ab090c1
06-01 22:24:39.852  1616  1953 D WM-SystemJobScheduler: Scheduling work ID ac92f28e-5f60-4a3d-8bfc-c26d8a80940fJob ID 542
06-01 22:24:39.865   948   957 W System  : A resource failed to call release. 
06-01 22:24:39.865   948   957 W System  : A resource failed to call release. 
06-01 22:24:39.865   948   957 W System  : A resource failed to call release. 
06-01 22:24:39.879  1600  2283 W ProviderHelper: Unknown dynamite feature providerinstaller.dynamite
06-01 22:24:39.880  1600  2283 I DynamiteModule: Considering local module com.google.android.gms.providerinstaller.dynamite:1 and remote module com.google.android.gms.providerinstaller.dynamite:0
06-01 22:24:39.880  1600  2283 I DynamiteModule: Selected local version of com.google.android.gms.providerinstaller.dynamite
06-01 22:24:39.897  2153  2274 I WM-GreedyScheduler: Ignoring schedule request in a secondary process
06-01 22:24:39.907  1616  1953 D WM-SystemJobScheduler: Scheduling work ID 4acc2801-8d3f-4056-b7c4-d55ddf42f9b2Job ID 543
06-01 22:24:39.918  1458  1800 I FuseDaemon: Successfully deleted rows in leveldb for owner_id:  and ownerPackageIdentifier: com.aistudio.ereader.xynk::0
06-01 22:24:39.919  2063  2087 W WellbeingSettingsProvid: <DWB> Call failed: get_actions
06-01 22:24:39.919  2063  2087 W WellbeingSettingsProvid: java.util.concurrent.TimeoutException: Waited 5000 milliseconds (plus 844700 nanoseconds delay) for oop@e03f8af[status=PENDING, info=[inputFuture=[ooo@3d064bc[status=PENDING, setFuture=[onv@3d45c45[status=PENDING, info=[inputFuture=[oop@7e67f9a[status=PENDING, info=[inputFuture=[oop@32170cb[status=PENDING, info=[inputFuture=[opl@d9d10a8[status=PENDING, info=[futures=[oop@e377c1[status=PENDING, info=[inputFuture=[oop@f9cfb66[status=PENDING, info=[inputFuture=[oql@1544ea7[status=PENDING, info=[delegate=[ors@d068f54[status=PENDING, info=[task=[running=[NOT STARTED YET], propagating=[ect@a6ecefd]]]]]]]], function=[propagating=[ecd@8ed67f2]]]]], function=[propagating=[fiy@9ed2e43]]]]]]]], function=[propagating=[fen@8e74cc0]]]]], function=[propagating=[dzs@5e5df9]]]]], exceptionType=[class java.lang.Throwable], fallback=[propagating=[ecs@66113e]]]]]]], function=[propagating=[dzs@8aa6b9f]]]]
06-01 22:24:39.919  2063  2087 W WellbeingSettingsProvid: 	at oom.t(PG:370)
06-01 22:24:39.919  2063  2087 W WellbeingSettingsProvid: 	at ooe.get(PG:6)
06-01 22:24:39.919  2063  2087 W WellbeingSettingsProvid: 	at oqd.get(PG:10)
06-01 22:24:39.919  2063  2087 W WellbeingSettingsProvid: 	at com.google.android.apps.wellbeing.api.impl.WellbeingSettingsProvider.i(PG:9)
06-01 22:24:39.919  2063  2087 W WellbeingSettingsProvid: 	at com.google.android.apps.wellbeing.api.impl.WellbeingSettingsProvider.call(PG:150)
06-01 22:24:39.919  2063  2087 W WellbeingSettingsProvid: 	at android.content.ContentProvider.call(ContentProvider.java:2709)
06-01 22:24:39.919  2063  2087 W WellbeingSettingsProvid: 	at android.content.ContentProvider$Transport.call(ContentProvider.java:638)
06-01 22:24:39.919  2063  2087 W WellbeingSettingsProvid: 	at android.content.ContentProviderNative.onTransact(ContentProviderNative.java:307)
06-01 22:24:39.919  2063  2087 W WellbeingSettingsProvid: 	at android.os.Binder.execTransactInternal(Binder.java:1421)
06-01 22:24:39.919  2063  2087 W WellbeingSettingsProvid: 	at android.os.Binder.execTransact(Binder.java:1365)
06-01 22:24:39.942  1616  1953 D WM-SystemJobScheduler: Scheduling work ID 57f17419-5ddc-4b75-8209-ed8a4ab090c1Job ID 544
06-01 22:24:39.947  1616  1953 D WM-GreedyScheduler: Ignoring {WorkSpec: ea8a1d00-29d1-4555-b74d-1604ae991b65}. Requires device idle.
06-01 22:24:39.947  1458  1800 D MediaGrants: Removed 0 media_grants for 0 user for [com.aistudio.ereader.xynk, com.aistudio.ereader.xynk]. Reason: Package orphaned
06-01 22:24:39.959  1616  1953 D WM-GreedyScheduler: Starting tracking for a9f19216-b78e-44e1-8a6f-ae54eb914627,f189eea7-f40c-4cae-90d7-31fbcb99afbc,da9be75f-9540-4033-bb0e-fdecb4d2af8b,35614a1b-459f-4d52-8599-f2b2ed43db9c,7f6259ef-a196-4cb6-aa1a-1d704f7860e2,853a0f5d-d35d-4ccb-b98a-c1329792da13,78ccb6e0-f859-46b6-9b7b-4b8b69aa2938,a206116e-894f-45ec-8e50-5f3cab62f18a
06-01 22:24:39.973  2153  2274 I WM-GreedyScheduler: Ignoring schedule request in non-main process
06-01 22:24:40.014  1458  1800 I MediaProvider: End Intent { act=android.intent.action.PACKAGE_DATA_CLEARED dat=package: flg=0x5000010 cmp=com.google.android.providers.media.module/com.android.providers.media.MediaService (has extras) }
06-01 22:24:40.126  2914  2914 I pjc     : SslGuard completed installation.
06-01 22:24:40.144  2736  2736 V ActivityThread: getPackageInfo() caused update to cached ApplicationInfo for package com.android.providers.calendar
06-01 22:24:40.145  2736  2736 I viders.calendar: AssetManager2(0x7bbe4242a758) locale list changing from [] to [en-US]
06-01 22:24:40.155   568   568 E adbd    : failed to connect to socket 'tcp:1122': Connection refused
06-01 22:24:40.161   568   568 E adbd    : failed to connect to socket 'tcp:1122': Connection refused
06-01 22:24:40.170   568   568 E adbd    : failed to connect to socket 'tcp:1123': Connection refused
06-01 22:24:40.178   568   568 E adbd    : failed to connect to socket 'tcp:1123': Connection refused
06-01 22:24:40.185   568   568 E adbd    : failed to connect to socket 'tcp:1124': Connection refused
06-01 22:24:40.188  2153  2274 D WM-SystemJobScheduler: Scheduling work ID 7c3ed548-b7f1-4450-a71d-c3600e4b6ccdJob ID 545
06-01 22:24:40.197   568   568 E adbd    : failed to connect to socket 'tcp:1124': Connection refused
06-01 22:24:40.205   568   568 E adbd    : failed to connect to socket 'tcp:1125': Connection refused
06-01 22:24:40.211   568   568 E adbd    : failed to connect to socket 'tcp:1125': Connection refused
06-01 22:24:40.221   568   568 E adbd    : failed to connect to socket 'tcp:1126': Connection refused
06-01 22:24:40.228   568   568 E adbd    : failed to connect to socket 'tcp:1126': Connection refused
06-01 22:24:40.239   568   568 E adbd    : failed to connect to socket 'tcp:1127': Connection refused
06-01 22:24:40.248   568   568 E adbd    : failed to connect to socket 'tcp:1127': Connection refused
06-01 22:24:40.251  2153  2274 I WM-GreedyScheduler: Ignoring schedule request in a secondary process
06-01 22:24:40.259   568   568 E adbd    : failed to connect to socket 'tcp:1128': Connection refused
06-01 22:24:40.262   688   731 V GrammaticalInflectionUtils: AttributionSource: android.content.AttributionSource@2e98b51d does not have READ_SYSTEM_GRAMMATICAL_GENDER permission.
06-01 22:24:40.264   688   731 D CompatChangeReporter: Compat change id reported: 135754954; UID 10132; state: ENABLED
06-01 22:24:40.272   568   568 E adbd    : failed to connect to socket 'tcp:1128': Connection refused
06-01 22:24:40.274   688   732 D CompatChangeReporter: Compat change id reported: 143937733; UID 10132; state: ENABLED
06-01 22:24:40.284   568   568 E adbd    : failed to connect to socket 'tcp:1129': Connection refused
06-01 22:24:40.286  1279  1279 D BoundBrokerSvc: onUnbind: Intent { act=com.google.android.gms.common.telemetry.service.START dat=chimera-action:/... xflg=0x4 cmp=com.google.android.gms/.chimera.PersistentApiService }
06-01 22:24:40.300   568   568 E adbd    : failed to connect to socket 'tcp:1129': Connection refused
06-01 22:24:40.303   688  1070 D FileUtils: Rounded bytes from 4110155776 to 8000000000
06-01 22:24:40.310   568   568 E adbd    : failed to connect to socket 'tcp:1130': Connection refused
06-01 22:24:40.311  2914  2914 I Safetyhub.DefaultProcessValidator: Validating WorkManager process
06-01 22:24:40.314   486   486 D Zygote  : Forked child process 2966
06-01 22:24:40.315  2153  2274 I WM-GreedyScheduler: Ignoring schedule request in non-main process
06-01 22:24:40.316  2914  2955 I Safetyhub.DefaultProcessValidator: Processes: NONE, true, com.google.android.apps.safetyhub, com.google.android.apps.safetyhub
06-01 22:24:40.316   688   732 W ActivityManager: Slow operation: 52ms so far, now at startProcess: returned from zygote!
06-01 22:24:40.317   688   732 W ActivityManager: Slow operation: 53ms so far, now at startProcess: done updating battery stats
06-01 22:24:40.317   688   732 W ActivityManager: Slow operation: 53ms so far, now at startProcess: building log message
06-01 22:24:40.317   688   732 I ActivityManager: Start proc 2966:com.google.android.configupdater/u0a132 for broadcast {com.google.android.configupdater/com.google.android.configupdater.MainReceiver}
06-01 22:24:40.317   688   732 W ActivityManager: Slow operation: 53ms so far, now at startProcess: starting to update pids map
06-01 22:24:40.318   688   732 I ActivityManager: ProcessObserver broadcast disabled
06-01 22:24:40.319   688   732 W ActivityManager: Slow operation: 55ms so far, now at startProcess: done updating pids map
06-01 22:24:40.323   568   568 E adbd    : failed to connect to socket 'tcp:1130': Connection refused
06-01 22:24:40.339   568   568 E adbd    : failed to connect to socket 'tcp:1131': Connection refused
06-01 22:24:40.348   568   568 E adbd    : failed to connect to socket 'tcp:1131': Connection refused
06-01 22:24:40.359   568   568 E adbd    : failed to connect to socket 'tcp:1132': Connection refused
06-01 22:24:40.361  2914  2955 E ashmem  : Pinning is deprecated since Android Q. Please use trim or other methods.
06-01 22:24:40.363  2966  2966 I d.configupdater: Using CollectorTypeCMC GC.
06-01 22:24:40.365  1600  2003 I Icing   : Indexing done com.google.android.gms-apps
06-01 22:24:40.365  2966  2966 W d.configupdater: Unexpected CPU variant for x86: x86_64.
06-01 22:24:40.365  2966  2966 W d.configupdater: Known variants: atom, sandybridge, silvermont, goldmont, goldmont-plus, goldmont-without-sha-xsaves, tremont, kabylake, alderlake, default
06-01 22:24:40.367   568   568 E adbd    : failed to connect to socket 'tcp:1132': Connection refused
06-01 22:24:40.369  2966  2966 E d.configupdater: Not starting debugger since process cannot load the jdwp agent.
06-01 22:24:40.373  2966  2966 D nativeloader: Load libframework-connectivity-tiramisu-jni.so using APEX ns com_android_tethering for caller /apex/com.android.tethering/javalib/framework-connectivity-t.jar: ok
06-01 22:24:40.373  2153  2274 D WM-SystemJobScheduler: Scheduling work ID 853a0f5d-d35d-4ccb-b98a-c1329792da13Job ID 546
06-01 22:24:40.396  2914  2955 W JobInfo : Requested important-while-foreground flag for job119 is ignored and takes no effect
06-01 22:24:40.399  2501  2508 I io.ereader.xynk: Compiler allocated 5042KB to compile void android.view.ViewRootImpl.performTraversals()
06-01 22:24:40.401  1600  2283 V Configuration: Updating configuration, locales updated from [] to [en_US]
06-01 22:24:40.419  2153  2274 I WM-GreedyScheduler: Ignoring schedule request in a secondary process
06-01 22:24:40.423  1600  2283 I gle.android.gms: AssetManager2(0x7bbe42432778) locale list changing from [] to [en-US]
06-01 22:24:40.429  1600  2283 W ProviderHelper: Unknown dynamite feature providerinstaller.dynamite
06-01 22:24:40.435  1600  2283 I DynamiteModule: Considering local module com.google.android.gms.providerinstaller.dynamite:1 and remote module com.google.android.gms.providerinstaller.dynamite:0
06-01 22:24:40.435  1600  2283 I DynamiteModule: Selected local version of com.google.android.gms.providerinstaller.dynamite
06-01 22:24:40.439  2966  2966 D nativeloader: InitLlndkLibrariesProduct: libEGL.so:libGLESv1_CM.so:libGLESv2.so:libGLESv3.so:libRS.so:libandroid_net.so:libapexsupport.so:libavf.so:libbinder_ndk.so:libc.so:libcgrouprc.so:libclang_rt.asan-x86_64-android.so:libcom.android.tethering.connectivity_native.so:libdl.so:libft2.so:liblog.so:libm.so:libmediandk.so:libnativewindow.so:libneuralnetworks.so:libselinux.so:libsync.so:libvendorsupport.so:libvndksupport.so:libvulkan.so
06-01 22:24:40.439  2966  2966 D nativeloader: Configuring product-clns-9 for unbundled product apk /product/priv-app/ConfigUpdater/ConfigUpdater.apk. target_sdk_version=30, uses_libraries=, library_path=/product/priv-app/ConfigUpdater/lib/x86_64:/product/lib64:/system/product/lib64, permitted_path=/data:/mnt/expand:/data/user/0/com.google.android.configupdater:/product/lib64:/system/product/lib64
06-01 22:24:40.440  2966  2966 D nativeloader: InitVndkspLibrariesProduct: VNDK is deprecated with product
06-01 22:24:40.440  2914  2914 V ActivityThread: getPackageInfo() caused update to cached ApplicationInfo for package com.google.android.apps.safetyhub
06-01 22:24:40.440  2914  2914 I .apps.safetyhub: AssetManager2(0x7bbe42425938) locale list changing from [] to [en-US]
06-01 22:24:40.459  2914  2955 W JobInfo : Requested important-while-foreground flag for job125 is ignored and takes no effect
06-01 22:24:40.463  1600  2003 I Icing   : Indexing com.google.android.gms-apps from com.google.android.gms
06-01 22:24:40.467  2966  2966 I d.configupdater: AssetManager2(0x7bbe42430e78) locale list changing from [] to [en-US]
06-01 22:24:40.469  1600  1600 D BoundBrokerSvc: onUnbind: Intent { act=com.google.android.mobstore.service.START xflg=0x4 pkg=com.google.android.gms }
06-01 22:24:40.470  1600  2003 I Icing   : Indexing done com.google.android.gms-apps
06-01 22:24:40.479  1600  2003 I Icing   : Indexing com.google.android.gms-apps from com.google.android.gms
06-01 22:24:40.483  1616  2004 D WM-GreedyScheduler: Cancelling work ID ac92f28e-5f60-4a3d-8bfc-c26d8a80940f
06-01 22:24:40.486  2966  2966 V GraphicsEnvironment: Currently set values for:
06-01 22:24:40.486  2966  2966 V GraphicsEnvironment:   angle_gl_driver_selection_pkgs=[]
06-01 22:24:40.486  2966  2966 V GraphicsEnvironment:   angle_gl_driver_selection_values=[]
06-01 22:24:40.487  2966  2966 V GraphicsEnvironment: com.google.android.configupdater is not listed in per-application setting
06-01 22:24:40.487  2966  2966 V GraphicsEnvironment: ANGLE allowlist from config: com.dreamgames.royalmatch com.dts.freefiremax com.dxx.firenow com.gramgames.mergedragons com.ludo.king com.mojang.minecraftpe com.my.defense com.nintendo.zaka com.os.airforce com.playrix.fishdomdd.gplay io.teslatech.callbreak jp.konami.prospia net.peakgames.toonblast
06-01 22:24:40.487  2966  2966 V GraphicsEnvironment: com.google.android.configupdater is not listed in ANGLE allowlist or settings, returning default
06-01 22:24:40.487  2966  2966 V GraphicsEnvironment: Neither updatable production driver nor prerelease driver is supported.
06-01 22:24:40.492  1600  2003 I Icing   : Indexing done com.google.android.gms-apps
06-01 22:24:40.506   688   731 V GrammaticalInflectionUtils: AttributionSource: android.content.AttributionSource@b5678e2e does not have READ_SYSTEM_GRAMMATICAL_GENDER permission.
06-01 22:24:40.508  2914  2955 W JobInfo : Requested important-while-foreground flag for job128 is ignored and takes no effect
06-01 22:24:40.518   688  1070 E JobScheduler.JobStatus: App com.google.android.configupdater became active but still in NEVER bucket
06-01 22:24:40.525  1069  1352 V MmsProvider: inside checkQueryParametersForSubqueries
06-01 22:24:40.525  1069  1352 V MmsProvider: checkQueryParametersForSubqueries checking proj: address
06-01 22:24:40.525  1069  1352 V MmsProvider: checkQueryParametersForSubqueries checking proj: date
06-01 22:24:40.525  1069  1352 V MmsProvider: checkQueryParametersForSubqueries checking proj: type
06-01 22:24:40.525  1069  1352 V MmsProvider: checkQueryParametersForSubqueries checking proj: body
06-01 22:24:40.525  1069  1352 V MmsProvider: checkQueryParametersForSubqueries checking sel: date > ? AND (type == ? OR type == ?)
06-01 22:24:40.525  1069  1352 V MmsProvider: checkQueryParametersForSubqueries checking sort: date DESC
06-01 22:24:40.526   486   486 D Zygote  : Forked child process 2979
06-01 22:24:40.531  2966  2966 D ConfigUpdater: UpdateRequestReceiver constructed with Config: com.google.android.configupdater.CertPin.CertPinConfig@681de4c, StoredState: com.google.android.configupdater.StoredState@1cefe95, DownloadManagerHelper: com.google.android.configupdater.DownloadManagerHelper@2f1fbaa, FlagHelper: com.google.android.configupdater.GservicesHelper@b32239b
06-01 22:24:40.532  2966  2966 D ConfigUpdater: Setting up preferences for StoredState, Downloader, and FlagHelper
06-01 22:24:40.532  2966  2966 D ConfigUpdater: Setting up DownloadManagerHelper
06-01 22:24:40.532  2966  2966 D ConfigUpdater: Loaded SharedPreferences: CertPinDownloads
06-01 22:24:40.533   688   732 I ActivityManager: Start proc 2979:com.google.android.federatedcompute/u0a211 for broadcast {com.google.android.federatedcompute/com.android.federatedcompute.services.FederatedComputeBroadcastReceiver}
06-01 22:24:40.534  2966  2966 D ConfigUpdater: Using Lollipop+ download directory: /data/user/0/com.google.android.configupdater/files/downloads
06-01 22:24:40.534  2966  2966 D ConfigUpdater: Got DownloadManager service
06-01 22:24:40.534  2966  2966 D ConfigUpdater: Is wearable device: false
06-01 22:24:40.534  2966  2966 D ConfigUpdater: Received intent with action: android.intent.action.BOOT_COMPLETED
06-01 22:24:40.537  2966  2966 D ConfigUpdater: Last update start time: 0, current time: 1780327480537, max delay: 21600000
06-01 22:24:40.537  2966  2966 E ConfigUpdater: ignoring update request
06-01 22:24:40.539  1616  2004 D WM-GreedyScheduler: Ignoring {WorkSpec: ea8a1d00-29d1-4555-b74d-1604ae991b65}. Requires device idle.
06-01 22:24:40.544  2153  2264 I WM-GreedyScheduler: Ignoring schedule request in non-main process
06-01 22:24:40.554  2979  2979 I ederatedcompute: Using CollectorTypeCMC GC.
06-01 22:24:40.555  2979  2979 W ederatedcompute: Unexpected CPU variant for x86: x86_64.
06-01 22:24:40.555  2979  2979 W ederatedcompute: Known variants: atom, sandybridge, silvermont, goldmont, goldmont-plus, goldmont-without-sha-xsaves, tremont, kabylake, alderlake, default
06-01 22:24:40.555   688   732 I ActivityManager: ProcessObserver broadcast disabled
06-01 22:24:40.558  2979  2979 E ederatedcompute: Not starting debugger since process cannot load the jdwp agent.
06-01 22:24:40.561  2966  2966 D ConfigUpdater: UpdateRequestReceiver constructed with Config: com.google.android.configupdater.IntentFirewall.IntentFirewallConfig@4a5602, StoredState: com.google.android.configupdater.StoredState@d676b13, DownloadManagerHelper: com.google.android.configupdater.DownloadManagerHelper@b5a9150, FlagHelper: com.google.android.configupdater.GservicesHelper@1b66f49
06-01 22:24:40.561  2966  2966 D ConfigUpdater: Setting up preferences for StoredState, Downloader, and FlagHelper
06-01 22:24:40.562  2966  2966 D ConfigUpdater: Setting up DownloadManagerHelper
06-01 22:24:40.562  2966  2966 D ConfigUpdater: Loaded SharedPreferences: IntentFirewallDownload
06-01 22:24:40.562  2966  2966 D ConfigUpdater: Using Lollipop+ download directory: /data/user/0/com.google.android.configupdater/files/downloads
06-01 22:24:40.562  2966  2966 D ConfigUpdater: Got DownloadManager service
06-01 22:24:40.562  2966  2966 D ConfigUpdater: Is wearable device: false
06-01 22:24:40.562  2966  2966 D ConfigUpdater: Received intent with action: android.intent.action.BOOT_COMPLETED
06-01 22:24:40.563  1616  2004 D WM-GreedyScheduler: Starting tracking for a9f19216-b78e-44e1-8a6f-ae54eb914627,f189eea7-f40c-4cae-90d7-31fbcb99afbc,da9be75f-9540-4033-bb0e-fdecb4d2af8b,35614a1b-459f-4d52-8599-f2b2ed43db9c,7f6259ef-a196-4cb6-aa1a-1d704f7860e2,78ccb6e0-f859-46b6-9b7b-4b8b69aa2938,a206116e-894f-45ec-8e50-5f3cab62f18a
06-01 22:24:40.564  2979  2979 D nativeloader: Load libframework-connectivity-tiramisu-jni.so using APEX ns com_android_tethering for caller /apex/com.android.tethering/javalib/framework-connectivity-t.jar: ok
06-01 22:24:40.569  2966  2966 D ConfigUpdater: Last update start time: 0, current time: 1780327480569, max delay: 21600000
06-01 22:24:40.569  2966  2966 E ConfigUpdater: ignoring update request
06-01 22:24:40.580  2966  2966 D ConfigUpdater: UpdateRequestReceiver constructed with Config: com.google.android.configupdater.SmsShortCodes.SmsShortCodesConfig@e6db705, StoredState: com.google.android.configupdater.StoredState@558a35a, DownloadManagerHelper: com.google.android.configupdater.DownloadManagerHelper@a1f298b, FlagHelper: com.google.android.configupdater.GservicesHelper@a6f3a68
06-01 22:24:40.580  2966  2966 D ConfigUpdater: Setting up preferences for StoredState, Downloader, and FlagHelper
06-01 22:24:40.580  2966  2966 D ConfigUpdater: Setting up DownloadManagerHelper
06-01 22:24:40.580  2966  2966 D ConfigUpdater: Loaded SharedPreferences: SmsShortCodesDownload
06-01 22:24:40.580  2966  2966 D ConfigUpdater: Using Lollipop+ download directory: /data/user/0/com.google.android.configupdater/files/downloads
06-01 22:24:40.580  2966  2966 D ConfigUpdater: Got DownloadManager service
06-01 22:24:40.580  2966  2966 D ConfigUpdater: Is wearable device: false
06-01 22:24:40.580  2966  2966 D ConfigUpdater: Received intent with action: android.intent.action.BOOT_COMPLETED
06-01 22:24:40.582  2966  2966 D ConfigUpdater: Last update start time: 0, current time: 1780327480582, max delay: 21600000
