--------- beginning of main
06-01 17:17:11.491  2187  2309 D WM-GreedyScheduler: Ignoring {WorkSpec: 4bbe0f97-af1e-43da-a9f7-7023d6f90f1f}. Requires device idle.
06-01 17:17:11.491  2187  2309 D WM-GreedyScheduler: Ignoring {WorkSpec: 8a71ddeb-024a-42d9-b323-09743e6c7207}. Requires device idle.
06-01 17:17:11.491  2187  2309 D WM-GreedyScheduler: Ignoring {WorkSpec: 1cfeb8ce-0bc6-4456-aa4f-dc3cf66674cd}. Requires device idle.
06-01 17:17:11.491  2187  2309 D WM-GreedyScheduler: Ignoring {WorkSpec: 48ce0983-9fd2-4ccc-93f1-14e323aa9613}. Requires device idle.
06-01 17:17:11.501  2187  2309 D WM-GreedyScheduler: Starting work for 904fc63d-5241-48a3-b60a-045bac4223cc
06-01 17:17:11.502  2187  2309 D WM-GreedyScheduler: Starting tracking for ebaca6e0-5c09-44c6-b238-f678157b981d,08525ab9-08d3-4ca8-a010-da656a1db55f
06-01 17:17:11.507  1068  1258 I SatelliteAppTracker: onPackageUpdateFinished : com.aistudio.ereader.xynk
06-01 17:17:11.507  1068  1258 I SatelliteAppTracker: onPackageModified : com.aistudio.ereader.xynk
06-01 17:17:11.510  1593  2575 I ChimeraConfigurator: Starting update, reason: 2 urgentFeatures: 
06-01 17:17:11.511  1593  2576 I GmscoreIpa: (REDACTED) Using %s flags by method %d
06-01 17:17:11.527  1593  2577 I serviceentitlement: (REDACTED) [OgiMatcherDataGenerator] Matcher data to be registered: %s
06-01 17:17:11.530  1593  2573 I Checkin : [ExecutionManager] Checkin scheduled at 103840 with schedule delay: 50818
06-01 17:17:11.532  1593  2577 I serviceentitlement: (REDACTED) [CredManRegistrationManager] [%s] Data length [%d] to register
06-01 17:17:11.545  2187  2314 D WM-Processor: stt: processing WorkGenerationalId(workSpecId=ebaca6e0-5c09-44c6-b238-f678157b981d, generation=0)
06-01 17:17:11.550  1572  1927 D WM-SystemJobScheduler: Scheduling work ID 7c3ed548-b7f1-4450-a71d-c3600e4b6ccdJob ID 513
--------- beginning of system
06-01 17:17:11.552  2560  2560 D ActivityThread: Package [com.aistudio.ereader.xynk] reported as REPLACED, but missing application info. Assuming REMOVED.
06-01 17:17:11.554  2560  2560 D ActivityThread: Package [com.aistudio.ereader.xynk] reported as REPLACED, but missing application info. Assuming REMOVED.
06-01 17:17:11.558  2187  2309 D WM-Processor: stt: processing WorkGenerationalId(workSpecId=904fc63d-5241-48a3-b60a-045bac4223cc, generation=13)
06-01 17:17:11.568  1593  2577 I serviceentitlement: (REDACTED) [CredManRegistrationManager] [%s] register #1
06-01 17:17:11.569  1593  2577 I serviceentitlement: (REDACTED) [CredManRegistrationManager] [%s] register credential
06-01 17:17:11.569  1593  2577 I serviceentitlement: (REDACTED) [OgiMatcherDataGenerator] Number of registered carriers: %d
06-01 17:17:11.573  1593  2577 I serviceentitlement: (REDACTED) [CredManRegistrationManager] [%s] register #2
06-01 17:17:11.573  1593  2577 I serviceentitlement: (REDACTED) [CredManRegistrationManager] [%s] register credential
06-01 17:17:11.573  1593  2577 I serviceentitlement: (REDACTED) [OgiMatcherDataGenerator] Number of registered carriers: %d
06-01 17:17:11.574  1593  2577 I serviceentitlement: (REDACTED) [CredManRegistrationManager] [%s] start to register
06-01 17:17:11.579  1593  2577 I serviceentitlement: (REDACTED) [OgiMatcherDataGenerator] Configuration version : %s
06-01 17:17:11.582  2187  2314 D MddListenableWorkerFactory: createWorker for class: com.google.android.apps.messaging.shared.rcs.availability.metrics.RcsAvailabilityLogWorker
06-01 17:17:11.587  1593  2075 V Configuration: Updating configuration, locales updated from [] to [en_US]
06-01 17:17:11.587  1593  2075 I gle.android.gms: AssetManager2(0x7184c5c15518) locale list changing from [] to [en-US]
06-01 17:17:11.594  1593  2075 W ProviderHelper: Unknown dynamite feature providerinstaller.dynamite
06-01 17:17:11.594  1593  2075 I DynamiteModule: Considering local module com.google.android.gms.providerinstaller.dynamite:1 and remote module com.google.android.gms.providerinstaller.dynamite:0
06-01 17:17:11.594  2187  2187 D WM-WorkerWrapper: Starting work for com.google.android.apps.messaging.shared.rcs.availability.metrics.RcsAvailabilityLogWorker
06-01 17:17:11.595  2187  2309 D MddListenableWorkerFactory: createWorker for class: com.google.apps.tiktok.contrib.work.TikTokListenableWorker
06-01 17:17:11.596  1593  2075 I DynamiteModule: Selected local version of com.google.android.gms.providerinstaller.dynamite
06-01 17:17:11.597  1593  1609 I ConsentManagerApiServic: (REDACTED) ConsentManagerApiService onGetService success %s
06-01 17:17:11.610  1593  2577 I serviceentitlement: (REDACTED) [OgiMatcherDataGenerator] Matcher data to be registered: %s
06-01 17:17:11.610  1593  2577 I serviceentitlement: (REDACTED) [CredManRegistrationManager] [%s] Data length [%d] to register
06-01 17:17:11.611  1593  2577 I serviceentitlement: (REDACTED) [CredManRegistrationManager] [%s] register #1
06-01 17:17:11.612  1593  2577 I serviceentitlement: (REDACTED) [CredManRegistrationManager] [%s] register credential
06-01 17:17:11.623  1593  2577 I serviceentitlement: (REDACTED) [OgiMatcherDataGenerator] Number of registered carriers: %d
06-01 17:17:11.624  1593  2577 I serviceentitlement: (REDACTED) [CredManRegistrationManager] [%s] register #2
06-01 17:17:11.624  1593  2577 I serviceentitlement: (REDACTED) [CredManRegistrationManager] [%s] register credential
06-01 17:17:11.624  1593  2577 I serviceentitlement: (REDACTED) [OgiMatcherDataGenerator] Number of registered carriers: %d
06-01 17:17:11.628  2187  2187 D WM-WorkerWrapper: Starting work for com.google.apps.tiktok.contrib.work.TikTokListenableWorker
06-01 17:17:11.631  2187  2413 D WM-WorkConstraintsTrack: NetworkRequestConstraintController register shared callback
06-01 17:17:11.653  2187  2187 I DefaultProcessValidator: Validating WorkManager process
06-01 17:17:11.664  2187  2283 I DefaultProcessValidator: Processes: NONE, true, com.google.android.apps.messaging, com.google.android.apps.messaging
06-01 17:17:11.675  1593  2573 I gle.android.gms: AssetManager2(0x7184c5c14898) locale list changing from [] to [en-US]
06-01 17:17:11.688  1593  2573 W ContextImpl: Failed to ensure /data/user/0/com.google.android.gsf/files: mkdir failed: ENOENT (No such file or directory)
06-01 17:17:11.689   934   934 D AnimatableClockView: onTextChanged()
06-01 17:17:11.689  1593  2573 W ContextImpl: Failed to ensure /data/user/0/com.google.android.gsf/shared_prefs: mkdir failed: ENOENT (No such file or directory)
06-01 17:17:11.689   934   934 D CompatChangeReporter: Compat change id reported: 349519475; UID 10187; state: ENABLED
06-01 17:17:11.690   934   934 W Paint   : The elegant text height cannot be turned off.
06-01 17:17:11.690   934   934 D AnimatableClockView: onTextChanged()
06-01 17:17:11.693   934   934 D AnimatableClockView: refreshFormat(h:mm)
06-01 17:17:11.695   934   934 D AnimatableClockView: refreshTime: new formattedText=5:17
06-01 17:17:11.695   934   934 D AnimatableClockView: onTextChanged(5:17)
06-01 17:17:11.695   934   934 D AnimatableClockView: refreshTime: done setting new time text to: 5:17
06-01 17:17:11.696   934   934 D AnimatableClockView: refreshTime: after requestLayout
06-01 17:17:11.699  1561  1561 D WM-WorkerWrapper: Starting work for com.google.apps.tiktok.contrib.work.TikTokListenableWorker
06-01 17:17:11.700   934   934 D AnimatableClockView: animateDoze(isDozing=false, isAnimated=false)
06-01 17:17:11.701  1561  1561 I DialerVvmDailyWorker: com.android.dialer.voicemail.service.receivers.VvmDailyWorker.startWork:86 startWork
06-01 17:17:11.704   934   934 W Paint   : The elegant text height cannot be turned off.
06-01 17:17:11.704   934   934 D AnimatableClockView: onTextChanged()
06-01 17:17:11.704   934   934 D AnimatableClockView: refreshFormat(hh\nmm)
06-01 17:17:11.705   934   934 D AnimatableClockView: refreshTime: new formattedText=05\n17
06-01 17:17:11.705   934   934 D AnimatableClockView: onTextChanged(05\n17)
06-01 17:17:11.705   934   934 D AnimatableClockView: refreshTime: done setting new time text to: 05\n17
06-01 17:17:11.705   934   934 D AnimatableClockView: refreshTime: after requestLayout
06-01 17:17:11.705   934   934 D AnimatableClockView: animateDoze(isDozing=false, isAnimated=false)
06-01 17:17:11.708   679   841 E AppOps  : attributionTag VCN not declared in manifest of android
06-01 17:17:11.710  1572  1931 I cupy    : (REDACTED) remove request for trigger key: %s, isClientInitiated: %s
06-01 17:17:11.712   679   881 D ShortcutService: received package broadcast intent: Intent { act=android.intent.action.PACKAGE_REMOVED dat=package: flg=0x4000010 (has extras) }
06-01 17:17:11.713   679   704 I system_server: AssetManager2(0x7184c5c200f8) locale list changing from [] to [en-US]
06-01 17:17:11.713   679   881 D ShortcutService: received package broadcast intent: Intent { act=android.intent.action.PACKAGE_ADDED dat=package: flg=0x4000010 (has extras) }
06-01 17:17:11.714   679   881 D ShortcutService: replacing package: com.aistudio.ereader.xynk userId=0
06-01 17:17:11.715   679  1778 W AppOpService: Ignored setUidMode call for runtime permission app op: uid = 1001, code = READ_SMS, mode = allow, callingUid = 1001, oldMode = allow
06-01 17:17:11.716   679  1563 D ConnectivityService: requestNetwork for uid/pid:10143/2187 activeRequest: null callbackRequest: 105 [NetworkRequest [ TRACK_DEFAULT id=106, [ Capabilities: INTERNET&NOT_RESTRICTED&TRUSTED&NOT_VCN_MANAGED&NOT_BANDWIDTH_CONSTRAINED Uid: 10143 RequestorUid: 10143 RequestorPkg: com.google.android.apps.messaging UnderlyingNetworks: Null] ], NetworkRequest [ REQUEST id=107, [ Transports: SATELLITE Capabilities: INTERNET&TRUSTED&NOT_VCN_MANAGED Uid: 10143 RequestorUid: 10143 RequestorPkg: com.google.android.apps.messaging UnderlyingNetworks: Null] ]] callback flags: 0 order: 2147483647 isUidTracked: false declaredMethods: AVAIL|LOST|NC|BLK
06-01 17:17:11.718   934   934 I ClockEventController: isThemeDark: true
06-01 17:17:11.720   679  1809 W AppOpService: Ignored setUidMode call for runtime permission app op: uid = 1001, code = RECEIVE_SMS, mode = allow, callingUid = 1001, oldMode = allow
06-01 17:17:11.721   679   891 I SdkSandboxManager: No SDKs used. Skipping SDK data reconcilation for CallingInfo{mUid=10225, mPackageName='com.aistudio.ereader.xynk, mAppProcessToken='null'}
06-01 17:17:11.722   679   891 I SdkSandboxManager: No SDKs used. Skipping SDK data reconcilation for CallingInfo{mUid=10225, mPackageName='com.aistudio.ereader.xynk, mAppProcessToken='null'}
06-01 17:17:11.724   679  1809 W AppOpService: Ignored setUidMode call for runtime permission app op: uid = 1001, code = RECEIVE_WAP_PUSH, mode = allow, callingUid = 1001, oldMode = allow
06-01 17:17:11.725   679   711 V GrammaticalInflectionUtils: AttributionSource: android.content.AttributionSource@1b58a0e0 does not have READ_SYSTEM_GRAMMATICAL_GENDER permission.
06-01 17:17:11.725   679   711 W ActivityManager: Slow operation: 77ms so far, now at startProcess: done creating new process record
06-01 17:17:11.725   679   711 W ActivityManager: Slow operation: 77ms so far, now at startProcess: stepping in to startProcess
06-01 17:17:11.726   679  1809 W AppOpService: Ignored setUidMode call for runtime permission app op: uid = 1001, code = SEND_SMS, mode = allow, callingUid = 1001, oldMode = allow
06-01 17:17:11.727   679   902 W AppOpService: Ignored setUidMode call for runtime permission app op: uid = 1001, code = READ_CELL_BROADCASTS, mode = allow, callingUid = 1001, oldMode = allow
06-01 17:17:11.734   679   711 W ActivityManager: Slow operation: 86ms so far, now at startProcess: done starting proc!
06-01 17:17:11.737   679   702 W Looper  : Slow dispatch took 190ms android.ui app=system_server main=false group=TOP_APP h=com.android.server.am.ActivityManagerService$UiHandler c=null m=68
06-01 17:17:11.738   679   679 W Looper  : Slow dispatch took 135ms main app=system_server main=true group=FOREGROUND h=android.app.ActivityThread$H c=android.app.LoadedApk$ReceiverDispatcher$Args$$ExternalSyntheticLambda0@908b669 m=0
06-01 17:17:11.741  1572  1580 W earchbox:search: Suspending all threads took: 28.742ms
06-01 17:17:11.753   679   799 W MagnificationConnectionManager: requestConnection duplicated request: connect=false, mConnectionState=DISCONNECTED
06-01 17:17:11.760  1068  1068 D CarrierSvcBindHelper: onPackageUpdateFinished: com.aistudio.ereader.xynk
06-01 17:17:11.760  1068  1068 D CarrierSvcBindHelper: No carrier app for: 0
06-01 17:17:11.760  1068  1068 D CarrierSvcBindHelper: onPackageModified: com.aistudio.ereader.xynk
06-01 17:17:11.760  1068  1068 D CarrierSvcBindHelper: No carrier app for: 0
06-01 17:17:11.761   679   835 D ConnectivityService: NetReassign [106 : null → 100] [c 1] [a 1] [i 31]
06-01 17:17:11.766   679   710 I system_server: AssetManager2(0x7184c5c326b8) locale list changing from [] to [en-US]
06-01 17:17:11.772  1265  1265 D BoundBrokerSvc: onBind: Intent { act=com.google.android.gms.icing.LIGHTWEIGHT_INDEX_SERVICE dat=chimera-action:/... xflg=0x4 cmp=com.google.android.gms/.chimera.PersistentApiService }
06-01 17:17:11.772  1265  1265 D BoundBrokerSvc: Loading bound service for intent: Intent { act=com.google.android.gms.icing.LIGHTWEIGHT_INDEX_SERVICE dat=chimera-action:/... xflg=0x4 cmp=com.google.android.gms/.chimera.PersistentApiService }
06-01 17:17:11.773   679   710 I system_server: AssetManager2(0x7184c5c22678) locale list changing from [] to [en-US]
06-01 17:17:11.774   482   482 D Zygote  : Forked child process 2597
06-01 17:17:11.778  1265  2354 I NearbySharing: There is no account metadata, return default instance.
06-01 17:17:11.797  2597  2597 I gedprovisioning: Using CollectorTypeCMC GC.
06-01 17:17:11.799  2597  2597 W gedprovisioning: Unexpected CPU variant for x86: x86_64.
06-01 17:17:11.799  2597  2597 W gedprovisioning: Known variants: atom, sandybridge, silvermont, goldmont, goldmont-plus, goldmont-without-sha-xsaves, tremont, kabylake, alderlake, default
06-01 17:17:11.799  1572  1927 W JobInfo : Requested important-while-foreground flag for job510 is ignored and takes no effect
06-01 17:17:11.800  1572  1927 D WM-SystemJobScheduler: Scheduling work ID 853a0f5d-d35d-4ccb-b98a-c1329792da13Job ID 510
06-01 17:17:11.803  2597  2597 E gedprovisioning: Not starting debugger since process cannot load the jdwp agent.
06-01 17:17:11.803   934   934 D ActivityThread: Package [com.aistudio.ereader.xynk] reported as REPLACED, but missing application info. Assuming REMOVED.
06-01 17:17:11.806   934   934 D ActivityThread: Package [com.aistudio.ereader.xynk] reported as REPLACED, but missing application info. Assuming REMOVED.
06-01 17:17:11.812  1593  1599 W gle.android.gms: Suspending all threads took: 80.413ms
06-01 17:17:11.818  2187  2593 D WM-WorkConstraintsTrack: NetworkRequestConstraintController onCapabilitiesChanged callback
06-01 17:17:11.818  2187  2593 D WM-WorkConstraintsTrack: Not dispatching constraint state yet: isBlocked=null, capabilitiesInitialized=true
06-01 17:17:11.818  2187  2593 D WM-WorkConstraintsTrack: NetworkRequestConstraintController onBlockedStatusChanged callback false
06-01 17:17:11.822   679   712 W ActivityManager: Slow operation: 96ms so far, now at startProcess: done updating battery stats
06-01 17:17:11.822   679   712 W ActivityManager: Slow operation: 96ms so far, now at startProcess: building log message
06-01 17:17:11.822   679   712 I ActivityManager: Start proc 2597:com.android.managedprovisioning/u0a107 for broadcast {com.android.managedprovisioning/com.android.managedprovisioning.BootReminder}
06-01 17:17:11.822   679   712 W ActivityManager: Slow operation: 97ms so far, now at startProcess: starting to update pids map
06-01 17:17:11.826   679   712 I ActivityManager: ProcessObserver broadcast disabled
06-01 17:17:11.826   679   712 W ActivityManager: Slow operation: 100ms so far, now at startProcess: done updating pids map
06-01 17:17:11.821  2597  2597 D nativeloader: Load libframework-connectivity-tiramisu-jni.so using APEX ns com_android_tethering for caller /apex/com.android.tethering/javalib/framework-connectivity-t.jar: ok
06-01 17:17:11.830  1265  1265 W AxMediaRouter: Ignoring attempt to select selected route: MediaRouter.RouteInfo{ uniqueId=DEFAULT_ROUTE, name=Phone, description=null, iconUri=null, enabled=true, isSystemRoute=true, connectionState=0, canDisconnect=false, playbackType=0, playbackStream=3, deviceType=0, volumeHandling=1, volume=5, volumeMax=15, presentationDisplayId=-1, extras=null, settingsIntent=null, providerPackageName=android }
06-01 17:17:11.830   679   712 W ActivityManager: Slow operation: 95ms so far, now at startProcess: asking zygote to start proc
06-01 17:17:11.849  1572  1585 V ClearcutMetricXmitter: Transmission is done.
06-01 17:17:11.853   679   710 I system_server: AssetManager2(0x7184c5c2acd8) locale list changing from [] to [en-US]
06-01 17:17:11.853   482   482 D Zygote  : Forked child process 2612
06-01 17:17:11.854   679   712 W ActivityManager: Slow operation: 119ms so far, now at startProcess: returned from zygote!
06-01 17:17:11.866  1593  2076 I LocationHistory: (REDACTED) [IntentOperation] Handling action %s
06-01 17:17:11.868  2540  2540 I Analytics: Running on TYPE_PHONE
06-01 17:17:11.870  1593  2076 I LocationHistory: [IntentOperation] Device settings changed to ENABLED. Scheduling periodic tasks. [CONTEXT service_id=314 ]
06-01 17:17:11.873   679   883 D BackgroundInstallControlService: Package event received: 0
06-01 17:17:11.877   679   712 W ActivityManager: Slow operation: 141ms so far, now at startProcess: done updating battery stats
06-01 17:17:11.877   679   712 W ActivityManager: Slow operation: 141ms so far, now at startProcess: building log message
06-01 17:17:11.877   679   712 I ActivityManager: Start proc 2612:com.android.dynsystem:dynsystem/1000 for service {com.android.dynsystem/com.android.dynsystem.DynamicSystemInstallationService}
06-01 17:17:11.877   679   712 W ActivityManager: Slow operation: 141ms so far, now at startProcess: starting to update pids map
06-01 17:17:11.877   679   712 I ActivityManager: ProcessObserver broadcast disabled
06-01 17:17:11.877   679   712 W ActivityManager: Slow operation: 142ms so far, now at startProcess: done updating pids map
06-01 17:17:11.883  1593  1889 I Icing   : IndexChimeraService.getServiceInterface callingPackage=com.google.android.googlequicksearchbox componentName=AMBIENT_ASSISTANT serviceId=32
06-01 17:17:11.889  1593  2076 I SemanticLocation: (REDACTED) [Scheduler] Periodic Task %s.%s is scheduled to run %s
06-01 17:17:11.890  1593  2076 I SemanticLocation: (REDACTED) [Scheduler] Housekeeping Task %s.%s is scheduled to run at cadence %s
06-01 17:17:11.890  1593  2076 I SemanticLocation: (REDACTED) [Scheduler] Periodic Task %s.%s is scheduled to run %s
06-01 17:17:11.891  1593  2076 I SemanticLocation: (REDACTED) [Scheduler] Housekeeping Task %s.%s is scheduled to run at cadence %s
06-01 17:17:11.893  2612  2612 I ystem:dynsystem: Using CollectorTypeCMC GC.
06-01 17:17:11.894  2612  2612 W ystem:dynsystem: Unexpected CPU variant for x86: x86_64.
06-01 17:17:11.894  2612  2612 W ystem:dynsystem: Known variants: atom, sandybridge, silvermont, goldmont, goldmont-plus, goldmont-without-sha-xsaves, tremont, kabylake, alderlake, default
06-01 17:17:11.895  1593  2076 I SemanticLocation: (REDACTED) [Scheduler] Housekeeping Task %s.%s is scheduled to run at cadence %s
06-01 17:17:11.899   679   679 W Looper  : Slow delivery took 245ms main app=system_server main=true group=FOREGROUND h=android.app.ActivityThread$H c=android.app.LoadedApk$ReceiverDispatcher$Args$$ExternalSyntheticLambda0@ba9efd6 m=0
06-01 17:17:11.899   679   679 W Looper  : Slow dispatch took 141ms main app=system_server main=true group=FOREGROUND h=android.app.ActivityThread$H c=android.app.LoadedApk$ReceiverDispatcher$Args$$ExternalSyntheticLambda0@ba9efd6 m=0
06-01 17:17:11.900  1593  2076 I SemanticLocation: (REDACTED) [Scheduler] Housekeeping Task %s.%s is scheduled to run at cadence %s
06-01 17:17:11.900  2187  2309 D WM-ConstraintTracker: syb: initial state = true
06-01 17:17:11.900  2187  2309 D WM-BrdcstRcvrCnstrntTrc: syb: registering receiver
06-01 17:17:11.905  2612  2612 E ystem:dynsystem: Not starting debugger since process cannot load the jdwp agent.
06-01 17:17:11.909  2612  2612 D nativeloader: Load libframework-connectivity-tiramisu-jni.so using APEX ns com_android_tethering for caller /apex/com.android.tethering/javalib/framework-connectivity-t.jar: ok
06-01 17:17:11.929  1593  2076 I SemanticLocation: (REDACTED) [Scheduler] Housekeeping Task %s.%s is scheduled to run at cadence %s
06-01 17:17:11.930  1265  2387 I NearbySharing: There is no account metadata, return default instance.
06-01 17:17:11.930  1593  2076 I SemanticLocation: (REDACTED) [Scheduler] Periodic Task %s.%s is scheduled to run %s
06-01 17:17:11.932   679   679 I Telecom : CarModeTracker: Package com.aistudio.ereader.xynk is not tracked.: SSH.oR@AF4
06-01 17:17:11.932   679   679 I Telecom : InCallController: updateCarModeForConnections: car mode apps: : SSH.oR@AF4
06-01 17:17:11.932   679   679 I Telecom : InCallController: update carmode current:UserHandle{0} parent:null: SSH.oR@AF4
06-01 17:17:11.937  1593  2076 I SemanticLocation: (REDACTED) [Scheduler] Periodic Task %s.%s is scheduled to run %s
06-01 17:17:11.937  1593  2076 I SemanticLocation: (REDACTED) [Scheduler] Housekeeping Task %s.%s is scheduled to run at cadence %s
06-01 17:17:11.938  1593  2076 I SemanticLocation: (REDACTED) [Scheduler] Housekeeping Task %s.%s is scheduled to run at cadence %s
06-01 17:17:11.938  1593  2076 I SemanticLocation: (REDACTED) [Scheduler] Housekeeping Task %s.%s is scheduled to run at cadence %s
06-01 17:17:11.938  1593  2076 I SemanticLocation: (REDACTED) [Scheduler] Periodic Task %s.%s is scheduled to run %s
06-01 17:17:11.939  1593  2076 I SemanticLocation: (REDACTED) [Scheduler] Housekeeping Task %s.%s is scheduled to run at cadence %s
06-01 17:17:11.939  1593  2076 I SemanticLocation: (REDACTED) [Scheduler] Housekeeping Task %s.%s is scheduled to run at cadence %s
06-01 17:17:11.939  1593  2076 I SemanticLocation: (REDACTED) [Scheduler] Housekeeping Task %s.%s is scheduled to run at cadence %s
06-01 17:17:11.942  1593  2076 I SemanticLocation: (REDACTED) [Scheduler] Housekeeping Task %s.%s is scheduled to run at cadence %s
06-01 17:17:11.942  1593  2076 I SemanticLocation: (REDACTED) [Scheduler] Housekeeping Task %s.%s is scheduled to run at cadence %s
06-01 17:17:11.945  1593  2076 I SemanticLocation: (REDACTED) [Scheduler] Housekeeping Task %s.%s is scheduled to run at cadence %s
06-01 17:17:11.946  1593  2076 I SemanticLocation: (REDACTED) [Scheduler] Periodic Task %s.%s is scheduled to run %s
06-01 17:17:11.946  1593  2076 I SemanticLocation: (REDACTED) [Scheduler] Housekeeping Task %s.%s is scheduled to run at cadence %s
06-01 17:17:11.948  1593  1906 I GmsCoreXrpcWrapper: (REDACTED) Creating a custom channel provider with trafficStatsTag=%d trafficStatsUid=%d
06-01 17:17:11.948  2540  2540 I icz     : SslGuard completed installation.
06-01 17:17:11.950  1593  2076 I SemanticLocation: (REDACTED) [Scheduler] Housekeeping Task %s.%s is scheduled to run at cadence %s
06-01 17:17:11.953  1593  2076 I SemanticLocation: (REDACTED) [Scheduler] Housekeeping Task %s.%s is scheduled to run at cadence %s
06-01 17:17:11.954  1593  2076 I SemanticLocation: (REDACTED) [Scheduler] Housekeeping Task %s.%s is scheduled to run at cadence %s
06-01 17:17:11.955  1593  2076 I SemanticLocation: (REDACTED) [Scheduler] Housekeeping Task %s.%s is scheduled to run at cadence %s
06-01 17:17:11.960  1572  1927 D WM-SystemJobScheduler: Scheduling work ID 4acc2801-8d3f-4056-b7c4-d55ddf42f9b2Job ID 514
06-01 17:17:11.968  2187  2314 I RcsAvailabilityCache: Cached availability not found for simId: redacted-pii:sim_id[chars:20,last3:897]
06-01 17:17:11.972  2187  2412 I darh    : scheduleProvisioningForRcsProvisioningId: rcsProvisioningId: redacted-pii:sim_id[chars:20,last3:897] operationTrigger: 4 bugle trigger event: 17
06-01 17:17:11.973  2187  2412 I BugleRcsEngine: [SR]: Single Registration is disabled. Skipping Single Registration capability check for subId: 1 [CONTEXT thread_id=59 ]
06-01 17:17:11.973  2187  2412 I darh    : RcsProvisioningTrigger: DR is active, initializing DR provisioning. DUAL_REG
06-01 17:17:11.974  2187  2314 I RcsAvailabilityCache: Cached availability not found for simId: redacted-pii:sim_id[chars:20,last3:897]
06-01 17:17:11.974   679  1830 W ActivityTaskManager: callingPackage for (uid=2000, pid=2627) has no WPC
06-01 17:17:11.981  1265  1265 V MediaRouter: Selecting route: RouteInfo{ name=Phone, description=null, status=null, category=RouteCategory{ name=System types=ROUTE_TYPE_LIVE_AUDIO ROUTE_TYPE_LIVE_VIDEO  groupable=false }, supportedTypes=ROUTE_TYPE_LIVE_AUDIO ROUTE_TYPE_LIVE_VIDEO , presentationDisplay=null }
06-01 17:17:11.981  1265  1265 D ActivityThread: Package [com.aistudio.ereader.xynk] reported as REPLACED, but missing application info. Assuming REMOVED.
06-01 17:17:11.981   679  1830 I system_server: AssetManager2(0x7184c5c2bf98) locale list changing from [] to [en-US]
06-01 17:17:11.982   679  1830 V GrammaticalInflectionUtils: AttributionSource: android.content.AttributionSource@e4b47a2a does not have READ_SYSTEM_GRAMMATICAL_GENDER permission.
06-01 17:17:11.983   679  1830 W OptProp : Cannot read opt property android.window.PROPERTY_COMPAT_ALLOW_USER_ASPECT_RATIO_OVERRIDE
06-01 17:17:11.983   679  1830 W OptProp : Cannot read opt property android.window.PROPERTY_COMPAT_ALLOW_USER_ASPECT_RATIO_FULLSCREEN_OVERRIDE
06-01 17:17:11.984   679  1830 W OptProp : Cannot read opt property android.window.PROPERTY_COMPAT_ALLOW_RESIZEABLE_ACTIVITY_OVERRIDES
06-01 17:17:11.984   679  1830 W OptProp : Cannot read opt property android.window.PROPERTY_COMPAT_ALLOW_MIN_ASPECT_RATIO_OVERRIDE
06-01 17:17:11.986   679   799 V AccessibilityManagerService: onUserStateChangedLocked for userId: 0, forceUpdate: false
06-01 17:17:11.986   679  1065 W ActivityManager: Slow operation: 108ms so far, now at attachApplicationLocked: after updateOomAdjLocked
06-01 17:17:11.986  1265  1265 D ActivityThread: Package [com.aistudio.ereader.xynk] reported as REPLACED, but missing application info. Assuming REMOVED.
06-01 17:17:11.987   679  1820 W AppOpService: Ignored setUidMode call for runtime permission app op: uid = 1001, code = READ_SMS, mode = allow, callingUid = 1001, oldMode = allow
06-01 17:17:11.992  1593  1906 W MDM     : [GrpcFmdApiClient] No accounts found for FMD API [CONTEXT service_id=247 ]
06-01 17:17:11.992  1572  1931 I cury    : (REDACTED) #remove: subTriggerId=%s
06-01 17:17:11.994   679   781 I RoleService: Granting default roles...
06-01 17:17:11.995   679  1562 W AppOpService: Ignored setUidMode call for runtime permission app op: uid = 1001, code = RECEIVE_SMS, mode = allow, callingUid = 1001, oldMode = allow
06-01 17:17:11.997   679  1563 W AppOpService: Ignored setUidMode call for runtime permission app op: uid = 1001, code = RECEIVE_WAP_PUSH, mode = allow, callingUid = 1001, oldMode = allow
06-01 17:17:11.999  2540  2540 I NativeLibraryLoader: Beginning load of google_speech_sbg_tts_jni...
06-01 17:17:11.999   679  1563 W AppOpService: Ignored setUidMode call for runtime permission app op: uid = 1001, code = SEND_SMS, mode = allow, callingUid = 1001, oldMode = allow
06-01 17:17:12.000   679  1809 W AppOpService: Ignored setUidMode call for runtime permission app op: uid = 1001, code = READ_CELL_BROADCASTS, mode = allow, callingUid = 1001, oldMode = allow
06-01 17:17:12.010   679   883 D BackgroundInstallControlService: Package event received: 0
06-01 17:17:12.011   679  1830 W OptProp : Cannot read opt property android.window.PROPERTY_COMPAT_ALLOW_ORIENTATION_OVERRIDE
06-01 17:17:12.025  2187  2413 I BugleRcsEngine: [SR]: Single Registration is disabled. Skipping Single Registration capability check for subId: 1 [CONTEXT thread_id=60 ]
06-01 17:17:12.033  2597  2597 D ApplicationLoaders: Returning zygote-cached class loader: /system_ext/framework/androidx.window.extensions.jar
06-01 17:17:12.034  2187  2187 I BugleRestore: Returning restoreAnytimeCompatibleRestoreWorkflowSteps [CONTEXT ratelimit_period="10 SECONDS" ]
06-01 17:17:12.037  2597  2597 D ApplicationLoaders: Returning zygote-cached class loader: /system_ext/framework/androidx.window.sidecar.jar
06-01 17:17:12.042   934   993 I ndroid.systemui: AssetManager2(0x7184c5c196b8) locale list changing from [] to [en-US]
06-01 17:17:12.045   679  1562 D CompatChangeReporter: Compat change id reported: 377864165; UID 10225; state: ENABLED
06-01 17:17:12.052   679  2634 I system_server: AssetManager2(0x7184c5c2b318) locale list changing from [] to [en-US]
06-01 17:17:12.056   934   972 V WindowManagerShell: Transition requested (#10): android.os.BinderProxy@bdaeb98 TransitionRequestInfo { type = OPEN, triggerTask = TaskInfo{userId=0 taskId=157 effectiveUid=10225 displayId=0 isRunning=true baseIntent=Intent { flg=0x10000000 cmp=com.aistudio.ereader.xynk/com.example.MainActivity } baseActivity=ComponentInfo{com.aistudio.ereader.xynk/com.example.MainActivity} topActivity=ComponentInfo{com.aistudio.ereader.xynk/com.example.MainActivity} origActivity=null realActivity=ComponentInfo{com.aistudio.ereader.xynk/com.example.MainActivity} numActivities=1 lastActiveTime=53658 supportsMultiWindow=true resizeMode=1 isResizeable=true minWidth=-1 minHeight=-1 defaultMinSize=220 token=WCT{android.window.IWindowContainerToken$Stub$Proxy@f8ecff1} topActivityType=1 pictureInPictureParams=null shouldDockBigOverlays=false launchIntoPipHostTaskId=-1 lastParentTaskIdBeforePip=-1 displayCutoutSafeInsets=Rect(0, 128 - 0, 0) topActivityInfo=ActivityInfo{89027d6 com.example.MainActivity} launchCookies=[] positionInParent=Point(0, 0) parentTaskId=-1 isFocused=false isVisible=false isVisibleRequested=false isTopActivityNoDisplay=false isSleeping=false locusId=null displayAreaFeatureId=1 isTopActivityTransparent=false isActivityStackTransparent=false lastNonFullscreenBounds=Rect(276, 692 - 804, 1772) capturedLink=null capturedLinkTimestamp=0 requestedVisibleTypes=-9 topActivityRequestOpenInBrowserEducationTimestamp=0 appCompatTaskInfo=AppCompatTaskInfo { topActivityInSizeCompat=false eligibleForLetterboxEducation= false isLetterboxEducationEnabled= true isLetterboxDoubleTapEnabled= false eligibleForUserAspectRatioButton= false topActivityBoundsLetterboxed= false isFromLetterboxDoubleTap= false topActivityLetterboxVerticalPosition= -1 topActivityLetterboxHorizontalPosition= -1 topActivityLetterboxWidth=-1 topActivityLetterboxHeight=-1 topActivityAppBounds=Rect(0, 0 - 1080, 2400) isUserFullscreenOverrideEnabled=false isSystemFullscreenOverrideEnabled=false hasMinAspectRatioOverride=false topActivityLetterboxBounds=null cameraCompatTaskInfo=CameraCompatTaskInfo { freeformCameraCompatMode=inactive}} topActivityMainWindowFrame=null}, pipChange = null, remoteTransition = null, displayChange = null, flags = 0, debugId = 10 }
06-01 17:17:12.057   934   972 D ShellSplitScreen: logExit: no-op, mLoggerSessionId is null
06-01 17:17:12.063   679  1830 I ActivityTaskManager: START u0 {flg=0x10000000 xflg=0x5 cmp=com.aistudio.ereader.xynk/com.example.MainActivity} with LAUNCH_MULTIPLE from uid 2000 (BAL_ALLOW_PERMISSION) result code=0
06-01 17:17:12.068  1072  1072 W SplitSelectStateCtor: Missing session instanceIds
06-01 17:17:12.068  1072  1072 D StatsLog: LAUNCHER_SPLIT_SELECTION_EXIT_INTERRUPTED
06-01 17:17:12.080   679   883 D BackgroundInstallControlService: Package event received: 0
06-01 17:17:12.090  1561  2227 D WM-GreedyScheduler: Cancelling work ID 24a078af-f832-494c-aea5-eb72155f405d
06-01 17:17:12.093   555   555 I BpBinder: onLastStrongRef automatically unlinking death recipients: 
06-01 17:17:12.096  1572  1928 I dyue    : Building Device Properties.
06-01 17:17:12.098   679  1569 W ActivityManager: Slow operation: 57ms so far, now at finishAttachApplicationInner: after mServices.attachApplicationLocked
06-01 17:17:12.098   679  1569 W ActivityManager: Slow operation: 58ms so far, now at finishAttachApplicationInner: after dispatching broadcasts
06-01 17:17:12.100   934   972 D WindowManagerShell: setLauncherKeepClearAreaHeight: visible=false, height=527
06-01 17:17:12.104  2540  2540 D ActivityThread: Package [com.aistudio.ereader.xynk] reported as REPLACED, but missing application info. Assuming REMOVED.
06-01 17:17:12.107  2540  2540 D ActivityThread: Package [com.aistudio.ereader.xynk] reported as REPLACED, but missing application info. Assuming REMOVED.
06-01 17:17:12.116  2148  2148 W ActivityThread: getPackageInfo() called with an older ApplicationInfo than the cached version for package com.google.android.googlequicksearchbox
06-01 17:17:12.120  2148  2148 I GnpSdk  : (REDACTED) Intent received for action [%s] package [%s].
06-01 17:17:12.121  2148  2148 I GnpSdk  : Phenotype initialized.
06-01 17:17:12.125  2148  2148 I GnpSdk  : (REDACTED) Validation OK for action [%s].
06-01 17:17:12.145  2048  2205 W JobInfo : Requested important-while-foreground flag for job243 is ignored and takes no effect
06-01 17:17:12.162  1572  1927 D WM-SystemJobScheduler: Scheduling work ID dfb76e8f-00e0-48bd-94de-4ccc0ab619c1Job ID 511
06-01 17:17:12.173   679  2634 W SignedPackage: Package doesn't have required signing certificate: com.google.android.retaildemo
06-01 17:17:12.174   679  2634 E RoleControllerServiceImpl: Default/fallback role holder package doesn't qualify for the role, package: com.google.android.gms.supervision, role: android.app.role.SYSTEM_SUPERVISION
06-01 17:17:12.187   679  1573 W AppOpService: Ignored setUidMode call for runtime permission app op: uid = 1001, code = READ_SMS, mode = allow, callingUid = 1001, oldMode = allow
06-01 17:17:12.222  2148  2148 I GnpSdk  : (REDACTED) Submitting Broadcast execution [%d] to tiktok executor.
06-01 17:17:12.224   679   679 W Looper  : Slow dispatch took 102ms main app=system_server main=true group=FOREGROUND h=android.app.ActivityThread$H c=android.app.LoadedApk$ReceiverDispatcher$Args$$ExternalSyntheticLambda0@c7612c4 m=0
06-01 17:17:12.227   679   679 D AppSearchAppsIndexerManagerS: userid in package receiver: 10225
06-01 17:17:12.229  2148  2257 I GnpSdk  : (REDACTED) Executing action in BroadcastReceiver [%s].
06-01 17:17:12.229  2148  2257 I GnpSdk  : (REDACTED) Executing async action [%s] in Coroutine Scope.
06-01 17:17:12.237   679  2634 W SignedPackage: Package doesn't have required signing certificate: com.google.android.apps.work.clouddpc
06-01 17:17:12.242  1572  1931 I elrr    : (REDACTED) GLVM. isRobinUser: %b
06-01 17:17:12.242  1572  1931 I zvk     : (REDACTED) #shouldMigrate(): allowMobileLocaleSettingsDataMigration = %b,
06-01 17:17:12.250  2597  2597 D nativeloader: Configuring clns-shared-9 for other apk /system/priv-app/ManagedProvisioning/ManagedProvisioning.apk. target_sdk_version=36, uses_libraries=, library_path=/system/priv-app/ManagedProvisioning/lib/x86_64:/system/lib64:/system_ext/lib64, permitted_path=/data:/mnt/expand:/data/user/0/com.android.managedprovisioning:/system/priv-app/ManagedProvisioning:/system/lib64:/system_ext/lib64
06-01 17:17:12.267   679  1574 D FileUtils: Rounded bytes from 4110147584 to 8000000000
06-01 17:17:12.268   679   902 E AppOps  : attributionTag VCN not declared in manifest of android
06-01 17:17:12.276  1561  2227 D WM-SystemJobScheduler: Scheduling work ID 6cee3b10-8fe4-464b-83c5-283ca9096d92Job ID 294
06-01 17:17:12.277   679   704 V GrammaticalInflectionUtils: AttributionSource: android.content.AttributionSource@e4b47a2a does not have READ_SYSTEM_GRAMMATICAL_GENDER permission.
06-01 17:17:12.289  1593  2590 I PersonalSafety: ConnectivityProtectionLockingIntentOperation: cancelled task [CONTEXT service_id=310 ]
06-01 17:17:12.295   679   756 W AppOpService: Ignored setUidMode call for runtime permission app op: uid = 1001, code = RECEIVE_SMS, mode = allow, callingUid = 1001, oldMode = allow
06-01 17:17:12.301   679   893 I SdkSandboxManager: Reconciling sdk data package directories for 0
06-01 17:17:12.304   679   902 W AppOpService: Ignored setUidMode call for runtime permission app op: uid = 1001, code = RECEIVE_WAP_PUSH, mode = allow, callingUid = 1001, oldMode = allow
06-01 17:17:12.318   482   482 D Zygote  : Forked child process 2643
06-01 17:17:12.326   679   712 I ActivityManager: Start proc 2643:com.aistudio.ereader.xynk/u0a225 for next-top-activity {com.aistudio.ereader.xynk/com.example.MainActivity}
06-01 17:17:12.326   679   712 I ActivityManager: ProcessObserver broadcast disabled
06-01 17:17:12.333  1624  2613 E ashmem  : Pinning is deprecated since Android Q. Please use trim or other methods.
06-01 17:17:12.334  1561  2227 W JobInfo : Requested important-while-foreground flag for job295 is ignored and takes no effect
06-01 17:17:12.335  1561  2227 D WM-SystemJobScheduler: Scheduling work ID f789f5bc-8e23-4b08-84fa-94ec41dc1758Job ID 295
06-01 17:17:12.342  2187  2314 I Bugle   : Has Samsung system feature: false
06-01 17:17:12.354  2187  2413 I BugleRcsEngine: No RCS Configuration was found in Bugle for simID: redacted-pii:sim_id[chars:20,last3:897] [CONTEXT log_prefix="ProvisioningEngineDataRetriever" thread_id=60 ]
06-01 17:17:12.355   679   883 D BackgroundInstallControlService: Package event received: 0
06-01 17:17:12.355   679  1574 W AppOpService: Ignored setUidMode call for runtime permission app op: uid = 1001, code = SEND_SMS, mode = allow, callingUid = 1001, oldMode = allow
06-01 17:17:12.363  2187  2413 I RcsAvailabilityCache: Cached availability not found for simId: redacted-pii:sim_id[chars:20,last3:897]
06-01 17:17:12.365   679   757 W AppOpService: Ignored setUidMode call for runtime permission app op: uid = 1001, code = READ_CELL_BROADCASTS, mode = allow, callingUid = 1001, oldMode = allow
06-01 17:17:12.366  1561  2227 D WM-GreedyScheduler: Ignoring {WorkSpec: 71f9f7b7-0e95-4142-92da-e8df3242f46c}. Requires device idle.
06-01 17:17:12.366  1561  2227 D WM-GreedyScheduler: Ignoring {WorkSpec: 82586dc0-2fcb-4952-a1e0-78d6f4eff466}. Requires device idle.
06-01 17:17:12.366  1561  2227 D WM-GreedyScheduler: Ignoring {WorkSpec: b46ff990-55a7-4bcf-b88c-4c581135cb05}. Requires device idle.
06-01 17:17:12.366  1561  2227 D WM-GreedyScheduler: Ignoring {WorkSpec: 891e70ff-277d-4d89-a55c-8d84058f688e}. Requires device idle.
06-01 17:17:12.367  1561  2227 D WM-GreedyScheduler: Ignoring {WorkSpec: bb701614-c815-4849-a026-151040b92d8a}. Requires device idle.
06-01 17:17:12.367  1561  2227 D WM-GreedyScheduler: Ignoring {WorkSpec: 6d4c483c-b7cc-45c5-802a-4411bc722a37}. Requires device idle.
06-01 17:17:12.367  1561  2227 D WM-GreedyScheduler: Ignoring {WorkSpec: 44edd83d-637c-4cab-80ff-dfeb84a1aa15}. Requires device idle.
06-01 17:17:12.367  1561  2227 D WM-GreedyScheduler: Ignoring {WorkSpec: 54c47f21-835a-4862-9aec-d8defeddd992}. Requires device idle.
06-01 17:17:12.369   679   679 D BackupManagerConstants: getFullBackupIntervalMilliseconds(...) returns 86400000
06-01 17:17:12.372  1561  1561 D WM-WorkerWrapper: Starting work for com.google.apps.tiktok.contrib.work.TikTokListenableWorker
06-01 17:17:12.376  1572  1928 D AudioSystem: onNewService: media.audio_policy service obtained 0x718575c1ae70
06-01 17:17:12.377   679   679 D BackupManagerConstants: getFullBackupRequiredNetworkType(...) returns 2
06-01 17:17:12.377   679   679 D BackupManagerConstants: getFullBackupRequireCharging(...) returns true
06-01 17:17:12.388   679   883 D BackgroundInstallControlService: Package event received: 0
06-01 17:17:12.388  2187  2187 I SyncManagerImpl: #sync(). Running Synclets and scheduling next sync.
06-01 17:17:12.389  1265  1265 I RCNIntentOperation: RCN is disabled on this network.
06-01 17:17:12.392   934  1394 V WindowManagerShell: onTransitionReady(transaction=2916282794357)
06-01 17:17:12.395   934   972 V WindowManagerShell: onTransitionReady (#10) android.os.BinderProxy@bdaeb98: {id=10 t=OPEN f=0x0 trk=0 r=[0@Point(0, 0)] c=[
06-01 17:17:12.395   934   972 V WindowManagerShell:         {m=OPEN f=NONE leash=Surface(name=Task=157)/@0xbaf1ad1 sb=Rect(0, 0 - 1080, 2400) eb=Rect(0, 0 - 1080, 2400) epz=Point(1080, 2400) d=0 taskParent=-1},
06-01 17:17:12.395   934   972 V WindowManagerShell:         {m=TO_BACK f=SHOW_WALLPAPER leash=Surface(name=Task=1)/@0x2604936 sb=Rect(0, 0 - 1080, 2400) eb=Rect(0, 0 - 1080, 2400) epz=Point(1080, 2400) d=0 taskParent=-1},
06-01 17:17:12.395   934   972 V WindowManagerShell:         {m=TO_BACK f=IS_WALLPAPER leash=Surface(name=WallpaperWindowToken{7823da9 showWhenLocked=false})/@0xf11d037 sb=Rect(0, 0 - 1080, 2400) eb=Rect(0, 0 - 1080, 2400) epz=Point(1080, 2400) d=0}
06-01 17:17:12.395   934   972 V WindowManagerShell:     ]}
06-01 17:17:12.396   679   701 V WindowManager: Sent Transition (#10) createdAt=06-01 17:17:11.984 via request=TransitionRequestInfo { type = OPEN, triggerTask = TaskInfo{userId=0 taskId=157 effectiveUid=10225 displayId=0 isRunning=true baseIntent=Intent { flg=0x10000000 cmp=com.aistudio.ereader.xynk/com.example.MainActivity } baseActivity=ComponentInfo{com.aistudio.ereader.xynk/com.example.MainActivity} topActivity=ComponentInfo{com.aistudio.ereader.xynk/com.example.MainActivity} origActivity=null realActivity=ComponentInfo{com.aistudio.ereader.xynk/com.example.MainActivity} numActivities=1 lastActiveTime=53658 supportsMultiWindow=true resizeMode=1 isResizeable=true minWidth=-1 minHeight=-1 defaultMinSize=220 token=WCT{RemoteToken{441ba3e Task{4f29d46 #157 type=standard A=10225:com.aistudio.ereader.xynk}}} topActivityType=1 pictureInPictureParams=null shouldDockBigOverlays=false launchIntoPipHostTaskId=-1 lastParentTaskIdBeforePip=-1 displayCutoutSafeInsets=Rect(0, 128 - 0, 0) topActivityInfo=ActivityInfo{af609f com.example.MainActivity} launchCookies=[] positionInParent=Point(0, 0) parentTaskId=-1 isFocused=false isVisible=false isVisibleRequested=false isTopActivityNoDisplay=false isSleeping=false locusId=null displayAreaFeatureId=1 isTopActivityTransparent=false isActivityStackTransparent=false lastNonFullscreenBounds=Rect(276, 692 - 804, 1772) capturedLink=null capturedLinkTimestamp=0 requestedVisibleTypes=-9 topActivityRequestOpenInBrowserEducationTimestamp=0 appCompatTaskInfo=AppCompatTaskInfo { topActivityInSizeCompat=false eligibleForLetterboxEducation= false isLetterboxEducationEnabled= true isLetterboxDoubleTapEnabled= false eligibleForUserAspectRatioButton= false topActivityBoundsLetterboxed= false isFromLetterboxDoubleTap= false topActivityLetterboxVerticalPosition= -1 topActivityLetterboxHorizontalPosition= -1 topActivityLetterboxWidth=-1 topActivityLetterboxHeight=-1 topActivityAppBounds=Rect(0, 0 - 1080, 2400) isUserFullscreenOverrideEnabled=false isSystemFullscreenOverrideEnabled=false hasMinAspectRatioOverride=false topActivityLetterboxBounds=null cameraCompatTaskInfo=CameraCompatTaskInfo { freeformCameraCompatMode=inactive}} topActivityMainWindowFrame=null}, pipChange = null, remoteTransition = null, displayChange = null, flags = 0, debugId = 10 }
06-01 17:17:12.399   679   701 V WindowManager:     startWCT=WindowContainerTransaction { changes= {} hops= [] errorCallbackToken=null taskFragmentOrganizer=null }
06-01 17:17:12.399   679   701 V WindowManager:     info={id=10 t=OPEN f=0x0 trk=0 r=[0@Point(0, 0)] c=[
06-01 17:17:12.399   679   701 V WindowManager:         {WCT{RemoteToken{441ba3e Task{4f29d46 #157 type=standard A=10225:com.aistudio.ereader.xynk}}} m=OPEN f=NONE leash=Surface(name=Task=157)/@0xe931a8 sb=Rect(0, 0 - 1080, 2400) eb=Rect(0, 0 - 1080, 2400) epz=Point(1080, 2400) d=0 taskParent=-1},
06-01 17:17:12.399   679   701 V WindowManager:         {WCT{RemoteToken{416c5ec Task{e513825 #1 type=home}}} m=TO_BACK f=SHOW_WALLPAPER leash=Surface(name=Task=1)/@0x734c6e5 sb=Rect(0, 0 - 1080, 2400) eb=Rect(0, 0 - 1080, 2400) epz=Point(1080, 2400) d=0 taskParent=-1},
06-01 17:17:12.399   679   701 V WindowManager:         {m=TO_BACK f=IS_WALLPAPER leash=Surface(name=WallpaperWindowToken{7823da9 showWhenLocked=false})/@0xb7575cb sb=Rect(0, 0 - 1080, 2400) eb=Rect(0, 0 - 1080, 2400) epz=Point(1080, 2400) d=0}
06-01 17:17:12.399   679   701 V WindowManager:     ]}
06-01 17:17:12.402  2540  2646 I VoiceDataDownloader: Not already initialized. Initializing Superpacks.
06-01 17:17:12.403  2597  2597 I gedprovisioning: AssetManager2(0x7184c5c0f118) locale list changing from [] to [en-US]
06-01 17:17:12.407  2612  2612 D nativeloader: Configuring clns-shared-9 for other apk /system/priv-app/DynamicSystemInstallationService/DynamicSystemInstallationService.apk. target_sdk_version=36, uses_libraries=, library_path=/system/priv-app/DynamicSystemInstallationService/lib/x86_64:/system/priv-app/DynamicSystemInstallationService/DynamicSystemInstallationService.apk!/lib/x86_64:/system/lib64:/system_ext/lib64, permitted_path=/data:/mnt/expand:/data/user/0/com.android.dynsystem:/system/priv-app/DynamicSystemInstallationService:/system/lib64:/system_ext/lib64
06-01 17:17:12.410   679   883 D BackgroundInstallControlService: Package event received: 0
06-01 17:17:12.412  1572  1928 D AudioSystem: getService: checking for service media.audio_policy: 0x718575c1ae70
06-01 17:17:12.417   679  2634 I Role    : com.google.android.gms not qualified for android.app.role.SYSTEM_DEPENDENCY_INSTALLER due to missing RequiredComponent{mIntentFilterData=IntentFilterData{mAction='android.content.pm.action.INSTALL_DEPENDENCY', mCategories='[]', mDataScheme='null', mDataType='null'}, mMinTargetSdkVersion=1, mFlags='0', mPermission='android.permission.BIND_DEPENDENCY_INSTALLER', mQueryFlags=0, mMetaData=[]}
06-01 17:17:12.417   679  2634 E RoleControllerServiceImpl: Default/fallback role holder package doesn't qualify for the role, package: com.google.android.gms, role: android.app.role.SYSTEM_DEPENDENCY_INSTALLER
06-01 17:17:12.428  1561  1561 D WM-SystemJobService: onStopJob for WorkGenerationalId(workSpecId=e98659eb-a221-4b1e-8591-d753e5a59f45, generation=1)
06-01 17:17:12.432  2540  2646 I VoiceDataDownloader: Superpack object built.
06-01 17:17:12.432  2540  2646 I VoiceDataDownloader: Superpack slicing strategy registered
06-01 17:17:12.434  1593  1593 D BoundBrokerSvc: onBind: Intent { act=com.google.android.gms.auth.service.START xflg=0x4 pkg=com.google.android.gms }
06-01 17:17:12.434  1593  1593 D BoundBrokerSvc: Loading bound service for intent: Intent { act=com.google.android.gms.auth.service.START xflg=0x4 pkg=com.google.android.gms }
06-01 17:17:12.437  2540  2646 I VoiceDataDownloader: Superpack quota set for all voices.
06-01 17:17:12.439  2540  2646 I VoiceDataDownloader: Got bundled voice en-us-x-multi-r83
06-01 17:17:12.440  2612  2612 I ystem:dynsystem: AssetManager2(0x7184c5c0f118) locale list changing from [] to [en-US]
06-01 17:17:12.441   934   972 V WindowManagerShell: Playing animation for (#10) android.os.BinderProxy@bdaeb98@0
06-01 17:17:12.442   934   972 V ShellRecents: RecentsTransitionHandler.startAnimation: no controller found
06-01 17:17:12.442  1265  2098 I NetworkScheduler.Stats: (REDACTED) Task %s/%s started execution. cause:%s exec_start_elapsed_seconds: %s
06-01 17:17:12.442   934   972 V WindowManagerShell: Transition doesn't have explicit remote, search filters for match for {id=10 t=OPEN f=0x0 trk=0 r=[0@Point(0, 0)] c=[{m=OPEN f=NONE leash=Surface(name=Task=157)/@0xbaf1ad1 sb=Rect(0, 0 - 1080, 2400) eb=Rect(0, 0 - 1080, 2400) epz=Point(1080, 2400) d=0 taskParent=-1},{m=TO_BACK f=SHOW_WALLPAPER leash=Surface(name=Task=1)/@0x2604936 sb=Rect(0, 0 - 1080, 2400) eb=Rect(0, 0 - 1080, 2400) epz=Point(1080, 2400) d=0 taskParent=-1},{m=TO_BACK f=IS_WALLPAPER leash=Surface(name=WallpaperWindowToken{7823da9 showWhenLocked=false})/@0xf11d037 sb=Rect(0, 0 - 1080, 2400) eb=Rect(0, 0 - 1080, 2400) epz=Point(1080, 2400) d=0}]}
06-01 17:17:12.447  2597  2597 V GraphicsEnvironment: Currently set values for:
06-01 17:17:12.448  2597  2597 V GraphicsEnvironment:   angle_gl_driver_selection_pkgs=[]
06-01 17:17:12.448  2597  2597 V GraphicsEnvironment:   angle_gl_driver_selection_values=[]
06-01 17:17:12.448  2597  2597 V GraphicsEnvironment: com.android.managedprovisioning is not listed in per-application setting
06-01 17:17:12.448  2597  2597 V GraphicsEnvironment: ANGLE allowlist from config: com.dreamgames.royalmatch com.dts.freefiremax com.dxx.firenow com.gramgames.mergedragons com.ludo.king com.mojang.minecraftpe com.my.defense com.nintendo.zaka com.os.airforce com.playrix.fishdomdd.gplay io.teslatech.callbreak jp.konami.prospia net.peakgames.toonblast
06-01 17:17:12.448  2597  2597 V GraphicsEnvironment: com.android.managedprovisioning is not listed in ANGLE allowlist or settings, returning default
06-01 17:17:12.448  2597  2597 V GraphicsEnvironment: Neither updatable production driver nor prerelease driver is supported.
06-01 17:17:12.450  2187  2187 W ActivityThread: getPackageInfo() called with an older ApplicationInfo than the cached version for package com.google.android.apps.messaging
06-01 17:17:12.451   679  1778 W JobScheduler: Job didn't exist in JobStore: f8ba17a {androidx.work.systemjobscheduler} #u0a142/281 @androidx.work.systemjobscheduler@com.google.android.dialer/androidx.work.impl.background.systemjob.SystemJobService
06-01 17:17:12.453  2540  2540 I GoogleTtsServicePeer: Creating Google TTS service, version googletts.google-speech-apk_20260414.00_p0.899411192
06-01 17:17:12.455  2048  2054 W .apps.wellbeing: Suspending all threads took: 82.483ms
06-01 17:17:12.457  2540  2649 E ashmem  : Pinning is deprecated since Android Q. Please use trim or other methods.
06-01 17:17:12.457   679   883 D BackgroundInstallControlService: Package event received: 0
06-01 17:17:12.470  2540  2649 I SP      : Registering ttsvoices.3269, url: null, constraints: *:*:*:*, flags: *, requested: 3269, current: 3269
