06-01 22:49:07.287  3131  5812 I Finsky  : [177] SCH: Job 12-1 starting
06-01 22:49:07.289  3131  3131 I Finsky  : [2] WM::SCH: Logging work start for 12-1
06-01 22:49:07.295  3131  3131 I Finsky  : [2] [ContentSync] job started
06-01 22:49:07.392  3131  5813 I Finsky  : [178] App states replicator found 27 unowned apps
06-01 22:49:07.396  3131  3230 I Finsky  : [55] Completed 0 account content syncs with 0 successful.
06-01 22:49:07.397  3131  3131 I Finsky  : [2] [ContentSync] Installation state replication succeeded.
06-01 22:49:07.397  3131  3131 I Finsky  : [2] SCH: jobFinished: 12-1. TimeElapsed: 109ms.
06-01 22:49:07.397  3131  3131 I Finsky  : [2] WM::SCH: Logging work end for 12-1
06-01 22:49:07.442  3131  3238 I Finsky  : [59] SCH: Scheduling phonesky job Id: 1-1337, CT: 1780309052709, Constraints: [{ L: 42508086, D: 85708086, C: CHARGING_NONE, I: IDLE_NONE, N: NET_ANY, B: BATTERY_ANY }]
06-01 22:49:07.450  3131  3235 I Finsky  : [58] SCH: Scheduling 1 system job(s)
06-01 22:49:07.450  3131  3235 I Finsky  : [58] SCH: Scheduling system job Id: 9472, L: 22613345, D: 65813345, C: false, I: false, N: 1
06-01 22:49:07.478  3131  5812 I Finsky  : [177] SCH: job service finished with id 9469.
06-01 22:49:07.493  3131  3131 I Finsky  : [2] Memory trim requested to level 40
06-01 22:49:07.493  3131  3131 I Finsky  : [2] Flushing in-memory image cache
06-01 22:49:08.032   688   791 D ActivityManager: freezing 1600 com.google.android.gms
06-01 22:49:08.985  1069  1255 D SatelliteController: iisInCarrierRoamingNbIotNtn: satellite is disabled
06-01 22:49:08.986   688  1307 W IPCThreadState: Sending oneway calls to frozen process.
06-01 22:49:10.422   688   782 D ActivityManager: sync unfroze 3342 com.google.android.apps.photos for 6
06-01 22:49:10.459  3342  3342 D ActivityThread: Package [com.aistudio.ereader.xynk] reported as REPLACED, but missing application info. Assuming REMOVED.
06-01 22:49:10.461  3342  3342 D ActivityThread: Package [com.aistudio.ereader.xynk] reported as REPLACED, but missing application info. Assuming REMOVED.
06-01 22:49:10.477  3342  3487 W JobInfo : Requested important-while-foreground flag for job555000100 is ignored and takes no effect
06-01 22:49:10.495   688  1756 W JobInfo : Job 'com.google.android.apps.photos/com.google.android.libraries.social.async.BackgroundTaskJobService#1043' has a deadline with no functional constraints. The deadline won't improve job execution latency. Consider removing the deadline.
06-01 22:49:10.506   688  1595 D ConnectivityService: requestNetwork for uid/pid:10169/3342 activeRequest: null callbackRequest: 192 [NetworkRequest [ REQUEST id=193, [ Capabilities: INTERNET&NOT_RESTRICTED&TRUSTED&NOT_VCN_MANAGED&NOT_BANDWIDTH_CONSTRAINED Uid: 10169 RequestorUid: 10169 RequestorPkg: com.google.android.apps.photos UnderlyingNetworks: Null] ]] callback flags: 0 order: 2147483647 isUidTracked: false declaredMethods: AVAIL|LOST|NC|BLK
06-01 22:49:10.509   688   848 D ConnectivityService: NetReassign [193 : null → 100] [c 0] [a 1] [i 1]
06-01 22:49:10.510   688   842 D WifiNetworkFactory: got request NetworkRequest [ REQUEST id=193, [ Capabilities: INTERNET&NOT_RESTRICTED&TRUSTED&NOT_VCN_MANAGED&NOT_BANDWIDTH_CONSTRAINED Uid: 10169 RequestorUid: 10169 RequestorPkg: com.google.android.apps.photos UnderlyingNetworks: Null] ]
06-01 22:49:10.511   688   842 D UntrustedWifiNetworkFactory: got request NetworkRequest [ REQUEST id=193, [ Capabilities: INTERNET&NOT_RESTRICTED&TRUSTED&NOT_VCN_MANAGED&NOT_BANDWIDTH_CONSTRAINED Uid: 10169 RequestorUid: 10169 RequestorPkg: com.google.android.apps.photos UnderlyingNetworks: Null] ]
06-01 22:49:10.511   688   842 D OemPaidWifiNetworkFactory: got request NetworkRequest [ REQUEST id=193, [ Capabilities: INTERNET&NOT_RESTRICTED&TRUSTED&NOT_VCN_MANAGED&NOT_BANDWIDTH_CONSTRAINED Uid: 10169 RequestorUid: 10169 RequestorPkg: com.google.android.apps.photos UnderlyingNetworks: Null] ]
06-01 22:49:10.511   688   842 D MultiInternetWifiNetworkFactory: got request NetworkRequest [ REQUEST id=193, [ Capabilities: INTERNET&NOT_RESTRICTED&TRUSTED&NOT_VCN_MANAGED&NOT_BANDWIDTH_CONSTRAINED Uid: 10169 RequestorUid: 10169 RequestorPkg: com.google.android.apps.photos UnderlyingNetworks: Null] ]
06-01 22:49:10.561   688  1595 W JobScheduler: Job didn't exist in JobStore: 1d2591b #u0a169/1034 com.google.android.apps.photos/com.google.android.libraries.social.mediamonitor.MediaMonitorJobSchedulerService
06-01 22:49:10.572   688  1595 W UriGrantsManagerService: No permission grants found for com.google.android.apps.photos
06-01 22:49:10.573   688  1595 W UriGrantsManagerService: No permission grants found for com.google.android.apps.photos
06-01 22:49:10.631   688  1756 W UriGrantsManagerService: No permission grants found for com.google.android.apps.photos
06-01 22:49:10.632   688  1756 W UriGrantsManagerService: No permission grants found for com.google.android.apps.photos
06-01 22:49:10.657   688  1756 W UriGrantsManagerService: No permission grants found for com.google.android.apps.photos
06-01 22:49:10.658   688  1756 W UriGrantsManagerService: No permission grants found for com.google.android.apps.photos
06-01 22:49:10.813   688  1307 D ActivityManager: sync unfroze 1600 com.google.android.gms for 6
06-01 22:49:10.830  1279  5361 I NetworkScheduler.Stats: (REDACTED) Task %s/%s started execution. cause:%s exec_start_elapsed_seconds: %s
06-01 22:49:10.839  1279  5512 I NetworkScheduler.Stats: (REDACTED) Task %s/%s finished executing. cause:%s result: %s elapsed_millis: %s uptime_millis: %s exec_start_elapsed_seconds: %s
06-01 22:49:13.681  5821  5821 D AndroidRuntime: >>>>>> START com.android.internal.os.RuntimeInit uid 2000 <<<<<<
06-01 22:49:13.687  5821  5821 I AndroidRuntime: Using default boot image
06-01 22:49:13.687  5821  5821 I AndroidRuntime: Leaving lock profiling enabled
06-01 22:49:13.690  5821  5821 I app_process: Using CollectorTypeCMC GC.
06-01 22:49:13.783  5821  5821 D nativeloader: InitDefaultPublicLibraries for_preload=1: libandroid.so:libaaudio.so:libamidi.so:libbinder_ndk.so:libc.so:libcamera2ndk.so:libdl.so:libEGL.so:libGLESv1_CM.so:libGLESv2.so:libGLESv3.so:libicu.so:libicui18n.so:libicuuc.so:libjnigraphics.so:liblog.so:libmediandk.so:libm.so:libnativehelper.so:libnativewindow.so:libOpenMAXAL.so:libOpenSLES.so:libRS.so:libstdc++.so:libsync.so:libvulkan.so:libwebviewchromium_plat_support.so:libz.so
06-01 22:49:13.794  5821  5821 D nativeloader: Load libicu_jni.so using APEX ns com_android_art for caller /apex/com.android.art/javalib/core-oj.jar: ok
06-01 22:49:13.794  5821  5821 D app_process: u_setTimeZoneFilesDirectory("/apex/com.android.tzdata/etc/tz/versioned/9/icu") succeeded. 
06-01 22:49:13.794  5821  5821 D app_process: I18n APEX ICU file found: /apex/com.android.i18n/etc/icu/icudt76l.dat
06-01 22:49:13.795  5821  5821 D nativeloader: Load libjavacore.so using APEX ns com_android_art for caller /apex/com.android.art/javalib/core-oj.jar: ok
06-01 22:49:13.796  5821  5821 D nativeloader: Load libopenjdk.so using APEX ns com_android_art for caller /apex/com.android.art/javalib/core-oj.jar: ok
06-01 22:49:13.797  5821  5821 W app_process: Unexpected CPU variant for x86: x86_64.
06-01 22:49:13.797  5821  5821 W app_process: Known variants: atom, sandybridge, silvermont, goldmont, goldmont-plus, goldmont-without-sha-xsaves, tremont, kabylake, alderlake, default
06-01 22:49:13.799  5821  5821 W app_process: ClassLoaderContext shared library size mismatch. Expected=2, found=0 (PCL[]{PCL[/system/framework/android.test.base.jar*2789897741]#PCL[/system/framework/android.test.mock.jar*3361312393]} | PCL[])
06-01 22:49:13.800  5821  5821 W app_process: ClassLoaderContext classpath size mismatch. expected=0, found=1 (PCL[]{PCL[/system/framework/android.test.runner.jar*895143020]#PCL[/system/framework/android.test.base.jar*2789897741]} | PCL[/system/framework/android.test.runner.jar*895143020])
06-01 22:49:13.820  5821  5821 D nativeloader: Load libframework-connectivity-tiramisu-jni.so using APEX ns com_android_tethering for caller /apex/com.android.tethering/javalib/framework-connectivity-t.jar: ok
06-01 22:49:13.821  5821  5821 D AndroidRuntime: Calling main entry com.android.commands.uiautomator.Launcher
06-01 22:49:13.826  5821  5821 I AconfigPackage: android.media.swcodec.flags is mapped to com.android.media.swcodec
06-01 22:49:13.827  5821  5821 I AconfigPackage: com.google.android.settings.simplemode.flags is mapped to system_ext
06-01 22:49:13.827  5821  5821 I AconfigPackage: com.google.android.systemui is mapped to system_ext
06-01 22:49:13.827  5821  5821 I AconfigPackage: com.google.android.apps.nexuslauncher is mapped to system_ext
06-01 22:49:13.827  5821  5821 I AconfigPackage: com.android.settings.accessibility is mapped to system_ext
06-01 22:49:13.827  5821  5821 I AconfigPackage: com.android.settings.flags is mapped to system_ext
06-01 22:49:13.827  5821  5821 I AconfigPackage: com.google.android.apps.miphone.aiai.matchmaker.overview.ui is mapped to system_ext
06-01 22:49:13.827  5821  5821 I AconfigPackage: com.google.android.settings.flags is mapped to system_ext
06-01 22:49:13.827  5821  5821 I AconfigPackage: com.android.launcher3 is mapped to system_ext
06-01 22:49:13.827  5821  5821 I AconfigPackage: com.android.wallpaper is mapped to system_ext
06-01 22:49:13.827  5821  5821 I AconfigPackage: com.android.settings.media_drm is mapped to system_ext
06-01 22:49:13.827  5821  5821 I AconfigPackage: com.android.systemui.accessibility.accessibilitymenu is mapped to system_ext
06-01 22:49:13.827  5821  5821 I AconfigPackage: com.android.settings.keyboard is mapped to system_ext
06-01 22:49:13.827  5821  5821 I AconfigPackage: com.android.server.policy.feature.flags is mapped to system_ext
06-01 22:49:13.827  5821  5821 I AconfigPackage: com.android.settings.factory_reset is mapped to system_ext
06-01 22:49:13.827  5821  5821 I AconfigPackage: com.google.android.haptics.flags is mapped to system_ext
06-01 22:49:13.827  5821  5821 I AconfigPackage: com.android.permission.flags is mapped to com.android.permission
06-01 22:49:13.827  5821  5821 I AconfigPackage: com.android.icu is mapped to com.android.i18n
06-01 22:49:13.828  5821  5821 I AconfigPackage: com.android.appsearch.flags is mapped to com.android.appsearch
06-01 22:49:13.828  5821  5821 I AconfigPackage: android.uprobestats.mainline.flags is mapped to com.android.uprobestats
06-01 22:49:13.828  5821  5821 I AconfigPackage: android.provider.flags is mapped to com.android.configinfrastructure
06-01 22:49:13.828  5821  5821 I AconfigPackage: com.android.server.deviceconfig is mapped to com.android.configinfrastructure
06-01 22:49:13.829  5821  5821 I AconfigPackage: com.android.nfc.flags is mapped to system
06-01 22:49:13.829  5821  5821 I AconfigPackage: android.app.admin.flags is mapped to system
06-01 22:49:13.829  5821  5821 I AconfigPackage: android.database.sqlite is mapped to system
06-01 22:49:13.829  5821  5821 I AconfigPackage: com.android.providers.calendar is mapped to system
06-01 22:49:13.829  5821  5821 I AconfigPackage: com.android.server.power.feature.flags is mapped to system
06-01 22:49:13.829  5821  5821 I AconfigPackage: com.android.media.performance.flags is mapped to system
06-01 22:49:13.829  5821  5821 I AconfigPackage: android.app.contextualsearch.flags is mapped to system
06-01 22:49:13.829  5821  5821 I AconfigPackage: android.app.ondeviceintelligence.flags is mapped to system
06-01 22:49:13.829  5821  5821 I AconfigPackage: com.android.media.projection.flags is mapped to system
06-01 22:49:13.829  5821  5821 I AconfigPackage: android.companion is mapped to system
06-01 22:49:13.829  5821  5821 I AconfigPackage: android.service.controls.flags is mapped to system
06-01 22:49:13.829  5821  5821 I AconfigPackage: com.android.text.flags is mapped to system
06-01 22:49:13.829  5821  5821 I AconfigPackage: com.android.providers.contactkeys.flags is mapped to system
06-01 22:49:13.829  5821  5821 I AconfigPackage: com.android.intentresolver is mapped to system
06-01 22:49:13.829  5821  5821 I AconfigPackage: android.companion.virtualdevice.flags is mapped to system
06-01 22:49:13.829  5821  5821 I AconfigPackage: android.uprobestats.flags is mapped to system
06-01 22:49:13.829  5821  5821 I AconfigPackage: com.android.net.thread.platform.flags is mapped to system
06-01 22:49:13.829  5821  5821 I AconfigPackage: android.view.contentprotection.flags is mapped to system
06-01 22:49:13.829  5821  5821 I AconfigPackage: com.android.server.dreams is mapped to system
06-01 22:49:13.829  5821  5821 I AconfigPackage: com.android.graphics.surfaceflinger.flags is mapped to system
06-01 22:49:13.829  5821  5821 I AconfigPackage: com.android.hardware.input is mapped to system
06-01 22:49:13.829  5821  5821 I AconfigPackage: android.sdk is mapped to system
06-01 22:49:13.829  5821  5821 I AconfigPackage: com.android.input.flags is mapped to system
06-01 22:49:13.829  5821  5821 I AconfigPackage: android.tracing is mapped to system
06-01 22:49:13.829  5821  5821 I AconfigPackage: com.android.server.biometrics is mapped to system
06-01 22:49:13.829  5821  5821 I AconfigPackage: android.view.contentcapture.flags is mapped to system
06-01 22:49:13.829  5821  5821 I AconfigPackage: android.app.job is mapped to system
06-01 22:49:13.829  5821  5821 I AconfigPackage: android.content.res is mapped to system
06-01 22:49:13.830  5821  5821 I AconfigPackage: android.net.platform.flags is mapped to system
06-01 22:49:13.830  5821  5821 I AconfigPackage: com.android.aconfig.flags is mapped to system
06-01 22:49:13.830  5821  5821 I AconfigPackage: com.android.graphics.flags is mapped to system
06-01 22:49:13.830  5821  5821 I AconfigPackage: android.server.app is mapped to system
06-01 22:49:13.830  5821  5821 I AconfigPackage: android.speech.flags is mapped to system
06-01 22:49:13.830  5821  5821 I AconfigPackage: com.android.server.stats is mapped to system
06-01 22:49:13.830  5821  5821 I AconfigPackage: android.hardware.biometrics is mapped to system
06-01 22:49:13.830  5821  5821 I AconfigPackage: android.car.feature is mapped to system
06-01 22:49:13.830  5821  5821 I AconfigPackage: android.adpf is mapped to system
06-01 22:49:13.830  5821  5821 I AconfigPackage: android.location.flags is mapped to system
06-01 22:49:13.830  5821  5821 I AconfigPackage: com.android.settingslib.flags is mapped to system
06-01 22:49:13.830  5821  5821 I AconfigPackage: com.android.managedprovisioning.flags is mapped to system
06-01 22:49:13.830  5821  5821 I AconfigPackage: android.app.assist.flags is mapped to system
06-01 22:49:13.830  5821  5821 I AconfigPackage: com.android.server.net is mapped to system
06-01 22:49:13.830  5821  5821 I AconfigPackage: com.android.settingslib.widget.flags is mapped to system
06-01 22:49:13.830  5821  5821 I AconfigPackage: com.android.internal.camera.flags is mapped to system
06-01 22:49:13.830  5821  5821 I AconfigPackage: com.android.hardware.libsensor.flags is mapped to system
06-01 22:49:13.830  5821  5821 I AconfigPackage: com.android.internal.jank is mapped to system
06-01 22:49:13.830  5821  5821 I AconfigPackage: com.android.providers.settings is mapped to system
06-01 22:49:13.830  5821  5821 I AconfigPackage: android.multiuser is mapped to system
06-01 22:49:13.830  5821  5821 I AconfigPackage: com.android.server.power.optimization is mapped to system
06-01 22:49:13.830  5821  5821 I AconfigPackage: com.android.calllogbackup is mapped to system
06-01 22:49:13.830  5821  5821 I AconfigPackage: com.android.media.flags is mapped to system
06-01 22:49:13.830  5821  5821 I AconfigPackage: com.android.server.flags is mapped to system
06-01 22:49:13.830  5821  5821 I AconfigPackage: com.android.graphics.libvulkan.flags is mapped to system
06-01 22:49:13.830  5821  5821 I AconfigPackage: android.app.appfunctions.flags is mapped to system
06-01 22:49:13.830  5821  5821 I AconfigPackage: android.app.smartspace.flags is mapped to system
06-01 22:49:13.830  5821  5821 I AconfigPackage: com.android.providers.contacts.flags is mapped to system
06-01 22:49:13.830  5821  5821 I AconfigPackage: com.android.shell.flags is mapped to system
06-01 22:49:13.831  5821  5821 I AconfigPackage: com.android.media.aaudio is mapped to system
06-01 22:49:13.831  5821  5821 I AconfigPackage: android.hardware.radio is mapped to system
06-01 22:49:13.831  5821  5821 I AconfigPackage: com.google.wear.services.infra.flags is mapped to system
06-01 22:49:13.831  5821  5821 I AconfigPackage: suspend_service.flags is mapped to system
06-01 22:49:13.831  5821  5821 I AconfigPackage: android.media.midi is mapped to system
06-01 22:49:13.831  5821  5821 I AconfigPackage: com.android.libcore.readonly is mapped to system
06-01 22:49:13.831  5821  5821 I AconfigPackage: com.android.settingslib.widget.selectorwithwidgetpreference.flags is mapped to system
06-01 22:49:13.831  5821  5821 I AconfigPackage: android.service.notification is mapped to system
06-01 22:49:13.831  5821  5821 I AconfigPackage: com.android.systemui.shared is mapped to system
06-01 22:49:13.831  5821  5821 I AconfigPackage: android.app.jank is mapped to system
06-01 22:49:13.831  5821  5821 I AconfigPackage: android.app.wearable is mapped to system
06-01 22:49:13.831  5821  5821 I AconfigPackage: com.android.media.audio is mapped to system
06-01 22:49:13.831  5821  5821 I AconfigPackage: android.service.chooser is mapped to system
06-01 22:49:13.831  5821  5821 I AconfigPackage: com.android.server.compat is mapped to system
06-01 22:49:13.831  5821  5821 I AconfigPackage: com.android.server.alarm is mapped to system
06-01 22:49:13.831  5821  5821 I AconfigPackage: com.android.apex.flags is mapped to system
06-01 22:49:13.831  5821  5821 I AconfigPackage: android.service.quickaccesswallet is mapped to system
06-01 22:49:13.831  5821  5821 I AconfigPackage: android.app.usage is mapped to system
06-01 22:49:13.831  5821  5821 I AconfigPackage: com.android.server.accessibility is mapped to system
06-01 22:49:13.831  5821  5821 I AconfigPackage: android.app.supervision.flags is mapped to system
06-01 22:49:13.831  5821  5821 I AconfigPackage: com.android.server.utils is mapped to system
06-01 22:49:13.831  5821  5821 I AconfigPackage: android.chre.flags is mapped to system
06-01 22:49:13.831  5821  5821 I AconfigPackage: android.content.flags is mapped to system
06-01 22:49:13.831  5821  5821 I AconfigPackage: android.media.codec is mapped to system
06-01 22:49:13.831  5821  5821 I AconfigPackage: com.android.internal.os is mapped to system
06-01 22:49:13.831  5821  5821 I AconfigPackage: com.android.nfc.nci.flags is mapped to system
06-01 22:49:13.831  5821  5821 I AconfigPackage: android.app is mapped to system
06-01 22:49:13.831  5821  5821 I AconfigPackage: android.security.keystore2 is mapped to system
06-01 22:49:13.831  5821  5821 I AconfigPackage: android.crashrecovery.flags is mapped to system
06-01 22:49:13.831  5821  5821 I AconfigPackage: com.android.tradeinmode.flags is mapped to system
06-01 22:49:13.832  5821  5821 I AconfigPackage: android.hardware.flags is mapped to system
06-01 22:49:13.832  5821  5821 I AconfigPackage: com.android.server.telecom.flags is mapped to system
06-01 22:49:13.832  5821  5821 I AconfigPackage: com.android.settingslib.media.flags is mapped to system
06-01 22:49:13.832  5821  5821 I AconfigPackage: com.android.server.policy is mapped to system
06-01 22:49:13.832  5821  5821 I AconfigPackage: android.media.audiopolicy is mapped to system
06-01 22:49:13.832  5821  5821 I AconfigPackage: com.android.egg.flags is mapped to system
06-01 22:49:13.832  5821  5821 I AconfigPackage: com.android.internal.compat.flags is mapped to system
06-01 22:49:13.832  5821  5821 I AconfigPackage: android.security is mapped to system
06-01 22:49:13.832  5821  5821 I AconfigPackage: android.service.autofill is mapped to system
06-01 22:49:13.832  5821  5821 I AconfigPackage: com.example.android.aconfig.demo.flags is mapped to system
06-01 22:49:13.832  5821  5821 I AconfigPackage: android.view.flags is mapped to system
06-01 22:49:13.832  5821  5821 I AconfigPackage: android.companion.virtual.flags is mapped to system
06-01 22:49:13.832  5821  5821 I AconfigPackage: com.android.aconfig_new_storage is mapped to system
06-01 22:49:13.832  5821  5821 I AconfigPackage: com.android.server.feature.flags is mapped to system
06-01 22:49:13.832  5821  5821 I AconfigPackage: com.android.systemui is mapped to system
06-01 22:49:13.832  5821  5821 I AconfigPackage: com.android.server.power.batterysaver is mapped to system
06-01 22:49:13.832  5821  5821 I AconfigPackage: android.widget.flags is mapped to system
06-01 22:49:13.832  5821  5821 I AconfigPackage: com.android.media.editing.flags is mapped to system
06-01 22:49:13.832  5821  5821 I AconfigPackage: com.android.media.codec.flags is mapped to system
06-01 22:49:13.832  5821  5821 I AconfigPackage: com.android.server.powerstats is mapped to system
06-01 22:49:13.832  5821  5821 I AconfigPackage: com.android.graphics.egl.flags is mapped to system
06-01 22:49:13.832  5821  5821 I AconfigPackage: com.android.media.audioserver is mapped to system
06-01 22:49:13.832  5821  5821 I AconfigPackage: com.android.server.deviceidle is mapped to system
06-01 22:49:13.833  5821  5821 I AconfigPackage: android.nfc is mapped to system
06-01 22:49:13.833  5821  5821 I AconfigPackage: android.permission.flags is mapped to system
06-01 22:49:13.833  5821  5821 I AconfigPackage: android.service.voice.flags is mapped to system
06-01 22:49:13.833  5821  5821 I AconfigPackage: android.content.pm is mapped to system
06-01 22:49:13.833  5821  5821 I AconfigPackage: com.android.server.power.hint is mapped to system
06-01 22:49:13.833  5821  5821 I AconfigPackage: android.os is mapped to system
06-01 22:49:13.833  5821  5821 I AconfigPackage: android.service.dreams is mapped to system
06-01 22:49:13.833  5821  5821 I AconfigPackage: com.android.graphics.libgui.flags is mapped to system
06-01 22:49:13.833  5821  5821 I AconfigPackage: android.hardware.usb.flags is mapped to system
06-01 22:49:13.833  5821  5821 I AconfigPackage: android.provider is mapped to system
06-01 22:49:13.833  5821  5821 I AconfigPackage: com.android.server.job is mapped to system
06-01 22:49:13.833  5821  5821 I AconfigPackage: com.android.internal.foldables.flags is mapped to system
06-01 22:49:13.833  5821  5821 I AconfigPackage: com.android.internal.telephony.flags is mapped to system
06-01 22:49:13.833  5821  5821 I AconfigPackage: android.webkit is mapped to system
06-01 22:49:13.833  5821  5821 I AconfigPackage: android.credentials.flags is mapped to system
06-01 22:49:13.833  5821  5821 I AconfigPackage: com.android.server.display.feature.flags is mapped to system
06-01 22:49:13.833  5821  5821 I AconfigPackage: com.android.server.notification is mapped to system
06-01 22:49:13.833  5821  5821 I AconfigPackage: android.appwidget.flags is mapped to system
06-01 22:49:13.833  5821  5821 I AconfigPackage: com.android.frameworks.sensorservice.flags is mapped to system
06-01 22:49:13.833  5821  5821 I AconfigPackage: com.android.printspooler.flags is mapped to system
06-01 22:49:13.833  5821  5821 I AconfigPackage: com.android.window.flags is mapped to system
06-01 22:49:13.833  5821  5821 I AconfigPackage: android.adaptiveauth is mapped to system
06-01 22:49:13.833  5821  5821 I AconfigPackage: android.net.wifi.flags is mapped to system
06-01 22:49:13.833  5821  5821 I AconfigPackage: android.media.tv.flags is mapped to system
06-01 22:49:13.833  5821  5821 I AconfigPackage: com.android.server.usb.flags is mapped to system
06-01 22:49:13.833  5821  5821 I AconfigPackage: android.os.vibrator is mapped to system
06-01 22:49:13.833  5821  5821 I AconfigPackage: android.hardware.devicestate.feature.flags is mapped to system
06-01 22:49:13.833  5821  5821 I AconfigPackage: com.android.server.usage is mapped to system
06-01 22:49:13.833  5821  5821 I AconfigPackage: android.server is mapped to system
06-01 22:49:13.833  5821  5821 I AconfigPackage: com.android.wm.shell is mapped to system
06-01 22:49:13.833  5821  5821 I AconfigPackage: android.view.inputmethod is mapped to system
06-01 22:49:13.833  5821  5821 I AconfigPackage: com.android.graphics.hwui.flags is mapped to system
06-01 22:49:13.833  5821  5821 I AconfigPackage: com.android.server.backup is mapped to system
06-01 22:49:13.833  5821  5821 I AconfigPackage: com.android.internal.pm.pkg.component.flags is mapped to system
06-01 22:49:13.833  5821  5821 I AconfigPackage: android.view.accessibility is mapped to system
06-01 22:49:13.833  5821  5821 I AconfigPackage: com.google.wear.sdk is mapped to system
06-01 22:49:13.833  5821  5821 I AconfigPackage: android.media.audio is mapped to system
06-01 22:49:13.834  5821  5821 I AconfigPackage: com.android.server.am is mapped to system
06-01 22:49:13.834  5821  5821 I AconfigPackage: com.android.media.playback.flags is mapped to system
06-01 22:49:13.834  5821  5821 I AconfigPackage: com.android.art.flags is mapped to com.android.art
06-01 22:49:13.834  5821  5821 I AconfigPackage: com.android.libcore is mapped to com.android.art
06-01 22:49:13.834  5821  5821 I AconfigPackage: com.android.media.extractor.flags is mapped to com.android.media
06-01 22:49:13.834  5821  5821 I AconfigPackage: com.android.media.mainline.flags is mapped to com.android.media
06-01 22:49:13.834  5821  5821 I AconfigPackage: com.android.wifi.flags is mapped to com.android.wifi
06-01 22:49:13.834  5821  5821 I AconfigPackage: com.android.org.conscrypt.flags is mapped to com.android.conscrypt
06-01 22:49:13.835  5821  5821 I AconfigPackage: com.android.healthfitness.flags is mapped to com.android.healthfitness
06-01 22:49:13.835  5821  5821 I AconfigPackage: com.google.android.input.twoshay.flags is mapped to vendor
06-01 22:49:13.835  5821  5821 I AconfigPackage: libgooglecamerahal.flags is mapped to vendor
06-01 22:49:13.835  5821  5821 I AconfigPackage: com.android.ipsec.flags is mapped to com.android.ipsec
06-01 22:49:13.835  5821  5821 I AconfigPackage: com.android.nfc.module.flags is mapped to com.android.nfcservices
06-01 22:49:13.836  5821  5821 I AconfigPackage: com.android.adservices.ondevicepersonalization.flags is mapped to com.android.ondevicepersonalization
06-01 22:49:13.836  5821  5821 I AconfigPackage: com.android.bluetooth.flags is mapped to com.android.bt
06-01 22:49:13.836  5821  5821 I AconfigPackage: com.android.devicelock.flags is mapped to com.android.devicelock
06-01 22:49:13.836  5821  5821 I AconfigPackage: android.os.profiling is mapped to com.android.profiling
06-01 22:49:13.837  5821  5821 I AconfigPackage: com.android.os.statsd.flags is mapped to com.android.os.statsd
06-01 22:49:13.838  5821  5821 I AconfigPackage: com.android.cellbroadcastreceiver.flags is mapped to com.android.cellbroadcast
06-01 22:49:13.839  5821  5821 I AconfigPackage: com.android.adservices.flags is mapped to com.android.adservices
06-01 22:49:13.839  5821  5821 I AconfigPackage: com.android.sdksandbox.flags is mapped to com.android.adservices
06-01 22:49:13.839  5821  5821 I AconfigPackage: com.android.uwb.flags is mapped to com.android.uwb
06-01 22:49:13.839  5821  5821 I AconfigPackage: com.android.ranging.flags is mapped to com.android.uwb
06-01 22:49:13.839  5821  5821 I AconfigPackage: android.graphics.pdf.flags is mapped to com.android.mediaprovider
06-01 22:49:13.839  5821  5821 I AconfigPackage: com.android.providers.media.flags is mapped to com.android.mediaprovider
06-01 22:49:13.839  5821  5821 I AconfigPackage: android.graphics.pdf.flags.readonly is mapped to com.android.mediaprovider
06-01 22:49:13.839  5821  5821 I AconfigPackage: com.android.net.ct.flags is mapped to com.android.tethering
06-01 22:49:13.839  5821  5821 I AconfigPackage: com.android.net.flags is mapped to com.android.tethering
06-01 22:49:13.839  5821  5821 I AconfigPackage: android.net.vcn is mapped to com.android.tethering
06-01 22:49:13.839  5821  5821 I AconfigPackage: com.android.nearby.flags is mapped to com.android.tethering
06-01 22:49:13.840  5821  5821 I AconfigPackage: android.net.http is mapped to com.android.tethering
06-01 22:49:13.840  5821  5821 I AconfigPackage: com.android.net.thread.flags is mapped to com.android.tethering
06-01 22:49:13.840  5821  5821 I AconfigPackage: com.android.system.virtualmachine.flags is mapped to com.android.virt
06-01 22:49:13.840  5821  5821 E FeatureFlagsImplExport: android.os.flagging.AconfigStorageReadException: ERROR_PACKAGE_NOT_FOUND: package android.xr cannot be found on the device
06-01 22:49:13.843  5821  5821 D UiAutomationConnection: Created on user UserHandle{0}
06-01 22:49:13.843  5821  5821 I UiAutomation: Initialized for user 0 on display 0
06-01 22:49:13.843  5821  5821 W UiAutomation: Created with deprecatead constructor, assumes DEFAULT_DISPLAY
06-01 22:49:13.844   688  1595 D AccessibilityManagerService: changeCurrentUserForTestAutomationIfNeededLocked(0): ignoring because device doesn't support visible background users
06-01 22:49:13.844   688  1595 I UiAutomationManager: Registering UiTestAutomationService (id=com.android.server.accessibility/UiAutomation, flags=0x0) when called by user 0
06-01 22:49:13.844   688  1595 V AccessibilityManagerService: onUserStateChangedLocked for userId: 0, forceUpdate: false
06-01 22:49:13.845   688  1595 W MagnificationConnectionManager: requestConnection duplicated request: connect=false, mConnectionState=DISCONNECTED
06-01 22:49:13.846  1474  1483 I AiAiEcho: Settings changed for uri: content://settings/secure/accessibility_enabled
06-01 22:49:13.847  1474  1863 I AiAiEcho: Predicting[0]:  [CONTEXT sampling_count=5 ]
06-01 22:49:13.847  1474  1863 I AiAiEcho: EchoTargets: 
06-01 22:49:13.847  1474  1863 I AiAiEcho: Filtered by AiAi flag check: 
06-01 22:49:13.847  1474  1863 I AiAiEcho: [CONTEXT ratelimit_period="10 SECONDS" ]
06-01 22:49:13.848   688   688 W IPCThreadState: Sending oneway calls to frozen process.
06-01 22:49:13.848  1474  1863 I AiAiEcho: #remoteViewsTwiddler: feature disabled.
06-01 22:49:13.848   688   688 W IPCThreadState: Sending oneway calls to frozen process.
06-01 22:49:13.848  1474  1863 I AiAiEcho: Predicting[0]:  [CONTEXT sampling_count=5 ]
06-01 22:49:13.848   688   688 W IPCThreadState: Sending oneway calls to frozen process.
06-01 22:49:13.848  1474  1863 I AiAiEcho: EchoTargets: 
06-01 22:49:13.848  1474  1863 I AiAiEcho: Filtered by AiAi flag check: 
06-01 22:49:13.848  1474  1863 I AiAiEcho: [CONTEXT ratelimit_period="10 SECONDS" ]
06-01 22:49:13.849   688   688 W IPCThreadState: Sending oneway calls to frozen process.
06-01 22:49:13.849  1474  1863 I AiAiEcho: #remoteViewsTwiddler: feature disabled.
06-01 22:49:13.850   688   688 W IPCThreadState: Sending oneway calls to frozen process.
06-01 22:49:13.850   688   688 W IPCThreadState: Sending oneway calls to frozen process.
06-01 22:49:13.851   688   688 W IPCThreadState: Sending oneway calls to frozen process.
06-01 22:49:13.851   688   688 W IPCThreadState: Sending oneway calls to frozen process.
06-01 22:49:13.854   688   688 W IPCThreadState: Sending oneway calls to frozen process.
06-01 22:49:13.854   688   688 W IPCThreadState: Sending oneway calls to frozen process.
06-01 22:49:13.855  1474  1863 I AiAiEcho: #postPredictionTargets: Sending updates to UISurface home with targets# 0 (types=[])
06-01 22:49:13.856   688   688 W IPCThreadState: Sending oneway calls to frozen process.
06-01 22:49:13.856   688   688 W IPCThreadState: Sending oneway calls to frozen process.
06-01 22:49:13.857   688   688 D BatterySaverPolicy: accessibility changed to true, updating policy.
06-01 22:49:13.857  1474  1863 I AiAiEcho: #postPredictionTargets: Sending updates to UISurface lockscreen with targets# 0 (types=[])
06-01 22:49:13.864  1084  1084 D SsBaseTemplateCard: No text view can be set up
06-01 22:49:13.864  1084  1084 D SsBaseTemplateCard: Passed-in item info is null
06-01 22:49:13.864  1084  1084 D SsBaseTemplateCard: Passed-in item info is null
06-01 22:49:13.864  1084  1084 D SsBaseTemplateCard: Passed-in item info is null
06-01 22:49:13.864  1084  1084 I SsBaseTemplateCard: Secondary card pane is null
06-01 22:49:13.866   688   715 V AccessibilityManagerService: onUserStateChangedLocked for userId: 0, forceUpdate: false
06-01 22:49:13.867   948   948 W PageIndicator: Total number of pages invalid: 0. Assuming 1 page.
06-01 22:49:13.869   688   715 W MagnificationConnectionManager: requestConnection duplicated request: connect=false, mConnectionState=DISCONNECTED
06-01 22:49:13.870  1474  2141 I AiAiEcho: Settings changed for uri: content://settings/secure/accessibility_enabled
06-01 22:49:13.872  1474  1863 I AiAiEcho: Predicting[0]:  [CONTEXT sampling_count=5 ]
06-01 22:49:13.872  1474  1863 I AiAiEcho: EchoTargets: 
06-01 22:49:13.872  1474  1863 I AiAiEcho: Filtered by AiAi flag check: 
06-01 22:49:13.872  1474  1863 I AiAiEcho: [CONTEXT ratelimit_period="10 SECONDS" ]
06-01 22:49:13.873  1474  1863 I AiAiEcho: #remoteViewsTwiddler: feature disabled.
06-01 22:49:13.874  1474  1863 I AiAiEcho: Predicting[0]:  [CONTEXT sampling_count=5 ]
06-01 22:49:13.874  1474  1863 I AiAiEcho: EchoTargets: 
06-01 22:49:13.874  1474  1863 I AiAiEcho: Filtered by AiAi flag check: 
06-01 22:49:13.874  1474  1863 I AiAiEcho: [CONTEXT ratelimit_period="10 SECONDS" ]
06-01 22:49:13.875   688   688 W IPCThreadState: Sending oneway calls to frozen process.
06-01 22:49:13.875   688   688 W IPCThreadState: Sending oneway calls to frozen process.
06-01 22:49:13.875  1474  1863 I AiAiEcho: #remoteViewsTwiddler: feature disabled.
06-01 22:49:13.875   688   688 W IPCThreadState: Sending oneway calls to frozen process.
06-01 22:49:13.875   688   688 W IPCThreadState: Sending oneway calls to frozen process.
06-01 22:49:13.876  1474  1863 I AiAiEcho: #postPredictionTargets: Sending updates to UISurface home with targets# 0 (types=[])
06-01 22:49:13.876   688   688 W IPCThreadState: Sending oneway calls to frozen process.
06-01 22:49:13.876   688   688 W IPCThreadState: Sending oneway calls to frozen process.
06-01 22:49:13.876   688   688 W IPCThreadState: Sending oneway calls to frozen process.
06-01 22:49:13.876   688   688 W IPCThreadState: Sending oneway calls to frozen process.
06-01 22:49:13.877  1084  1084 D SsBaseTemplateCard: No text view can be set up
06-01 22:49:13.876  1474  1863 I AiAiEcho: #postPredictionTargets: Sending updates to UISurface lockscreen with targets# 0 (types=[])
06-01 22:49:13.877  1084  1084 D SsBaseTemplateCard: Passed-in item info is null
06-01 22:49:13.877  1084  1084 D SsBaseTemplateCard: Passed-in item info is null
06-01 22:49:13.877  1084  1084 D SsBaseTemplateCard: Passed-in item info is null
06-01 22:49:13.877  1084  1084 I SsBaseTemplateCard: Secondary card pane is null
06-01 22:49:13.878   948   948 W PageIndicator: Total number of pages invalid: 0. Assuming 1 page.
06-01 22:49:14.150  5834  5834 W dumpsys : Thread Pool max thread count is 0. Cannot cache binder as linkToDeath cannot be implemented. serviceName: package
06-01 22:49:14.313  3901  3903 I artd    : GetBestInfo: odex next to the dex file (/data/app/~~oqHPZkItOTY-JdZP8j0YvQ==/com.google.android.gms-U8kK62mhhj2hUoGXPlJDnw==/oat/x86_64/base.odex) is kOatUpToDate with filter 'speed-profile' executable 'false'
06-01 22:49:14.319  3901  3903 I artd    : GetBestInfo: odex next to the dex file (/data/app/~~oqHPZkItOTY-JdZP8j0YvQ==/com.google.android.gms-U8kK62mhhj2hUoGXPlJDnw==/oat/x86_64/split_AdsDynamite_installtime.odex) is kOatUpToDate with filter 'speed' executable 'false'
06-01 22:49:14.321  3901  3902 I artd    : GetBestInfo: odex next to the dex file (/data/app/~~oqHPZkItOTY-JdZP8j0YvQ==/com.google.android.gms-U8kK62mhhj2hUoGXPlJDnw==/oat/x86_64/split_CronetDynamite_installtime.odex) is kOatUpToDate with filter 'speed-profile' executable 'false'
06-01 22:49:14.323  3901  3902 I artd    : GetBestInfo: odex next to the dex file (/data/app/~~oqHPZkItOTY-JdZP8j0YvQ==/com.google.android.gms-U8kK62mhhj2hUoGXPlJDnw==/oat/x86_64/split_DynamiteLoader_installtime.odex) is kOatUpToDate with filter 'speed' executable 'false'
06-01 22:49:14.325  3901  3902 I artd    : GetBestInfo: odex next to the dex file (/data/app/~~oqHPZkItOTY-JdZP8j0YvQ==/com.google.android.gms-U8kK62mhhj2hUoGXPlJDnw==/oat/x86_64/split_DynamiteModulesA_installtime.odex) is kOatUpToDate with filter 'speed' executable 'false'
06-01 22:49:14.327  3901  3902 I artd    : GetBestInfo: odex next to the dex file (/data/app/~~oqHPZkItOTY-JdZP8j0YvQ==/com.google.android.gms-U8kK62mhhj2hUoGXPlJDnw==/oat/x86_64/split_DynamiteModulesC_installtime.odex) is kOatUpToDate with filter 'speed' executable 'false'
06-01 22:49:14.329  3901  3902 I artd    : GetBestInfo: odex next to the dex file (/data/app/~~oqHPZkItOTY-JdZP8j0YvQ==/com.google.android.gms-U8kK62mhhj2hUoGXPlJDnw==/oat/x86_64/split_GoogleCertificates_installtime.odex) is kOatUpToDate with filter 'speed' executable 'false'
06-01 22:49:14.330  3901  3902 I artd    : GetBestInfo: odex next to the dex file (/data/app/~~oqHPZkItOTY-JdZP8j0YvQ==/com.google.android.gms-U8kK62mhhj2hUoGXPlJDnw==/oat/x86_64/split_MapsDynamite_installtime.odex) is kOatUpToDate with filter 'speed' executable 'false'
06-01 22:49:14.332  3901  3902 I artd    : GetBestInfo: odex next to the dex file (/data/app/~~oqHPZkItOTY-JdZP8j0YvQ==/com.google.android.gms-U8kK62mhhj2hUoGXPlJDnw==/oat/x86_64/split_MeasurementDynamite_installtime.odex) is kOatUpToDate with filter 'speed' executable 'false'
06-01 22:49:14.334  3901  3902 I artd    : GetBestInfo: odex next to the dex file (/data/app/~~oqHPZkItOTY-JdZP8j0YvQ==/com.google.android.gms-U8kK62mhhj2hUoGXPlJDnw==/oat/x86_64/split_all_locale_splits.odex) is kOatUpToDate with filter 'speed' executable 'false'
06-01 22:49:14.336  3901  3902 I artd    : GetBestInfo: /data/user_de/0/com.google.android.gms/app_chimera/m/00000001/CronetDynamite.apk has no usable artifacts
06-01 22:49:14.337  3901  3902 I artd    : GetBestInfo: /data/user_de/0/com.google.android.gms/app_chimera/m/00000002/DynamiteLoader.apk has no usable artifacts
06-01 22:49:14.339  3901  3902 I artd    : GetBestInfo: /data/user_de/0/com.google.android.gms/app_chimera/m/00000015/dl-Appsearch.optional_261631100800.apk has no usable artifacts
06-01 22:49:14.340  3901  3902 I artd    : GetBestInfo: /data/user_de/0/com.google.android.gms/app_chimera/m/00000011/dl-MlkitBarcodeUi.optional_261631100800.apk has no usable artifacts
06-01 22:49:14.341  3901  3902 I artd    : GetBestInfo: /data/user_de/0/com.google.android.gms/app_chimera/m/00000005/GoogleCertificates.apk has no usable artifacts
06-01 22:49:14.343  3901  3902 I artd    : GetBestInfo: /data/user_de/0/com.google.android.gms/app_chimera/m/00000017/dl-TfliteDynamiteDynamite.integ_260580502100800.apk has no usable artifacts
06-01 22:49:14.344  3901  3902 I artd    : GetBestInfo: /data/user_de/0/com.google.android.gms/app_chimera/m/0000000d/dl-TfliteDynamiteDynamite.integ_252130102100800.apk has no usable artifacts
06-01 22:49:14.346  3901  3902 I artd    : GetBestInfo: /data/user_de/0/com.google.android.gms/app_chimera/m/00000016/dl-IdentityCredentialsPlatform.optional_261631100800.apk has no usable artifacts
06-01 22:49:14.348  3901  3902 I artd    : GetBestInfo: /data/user_de/0/com.google.android.gms/app_chimera/m/0000000a/dl-MlkitBarcodeUi.optional_250834100800.apk has no usable artifacts
06-01 22:49:14.351  3901  3902 I artd    : GetBestInfo: vdex next to the dex file (/data/user/0/com.google.android.gms/app_dg_cache/92659AEB0EFADECE4CBB22D1DF07B00702EAAC36/oat/x86_64/the.vdex) is kOatUpToDate with filter 'verify' executable 'false'
06-01 22:49:14.352  3901  3902 I artd    : GetBestInfo: /data/user_de/0/com.google.android.gms/app_chimera/m/00000014/dl-PlayCloudSearch.optional_261631100000.apk has no usable artifacts
06-01 22:49:14.354  3901  3902 I artd    : GetBestInfo: /data/user/0/com.google.android.gms/app_dg_cache/BBB8ADBA11F43674FC873CF50B06D4CFE87E958C/the.apk has no usable artifacts
06-01 22:49:14.355  3901  3902 W artd    : Could not get dex checksums for location /data/app/~~JlUJQFlc4ygp9jZhE_7qYA==/com.android.vending-cRWAZr3GHq-n4fdFyU9thA==/base.apk, fd=-1
06-01 22:49:14.494   688   710 I system_server: Background concurrent mark compact GC freed 25MB AllocSpace bytes, 12(484KB) LOS objects, 41% free, 34MB/58MB, paused 3.110ms,1.508ms total 130.842ms
06-01 22:49:14.875  1458  1673 W MediaProvider: isAppCloneUserPair for user 0: false
06-01 22:49:15.087  5821  5821 W AccessibilityNodeInfoDumper: Fetch time: 216ms
06-01 22:49:15.090   688  1712 V AccessibilityManagerService: onUserStateChangedLocked for userId: 0, forceUpdate: false
06-01 22:49:15.091   688  1712 W MagnificationConnectionManager: requestConnection duplicated request: connect=false, mConnectionState=DISCONNECTED
06-01 22:49:15.091   688  1712 D AccessibilityManagerService: restoreCurrentUserForTestAutomationIfNeededLocked(): ignoring because device doesn't support visible background users
06-01 22:49:15.091  1474  2141 I AiAiEcho: Settings changed for uri: content://settings/secure/accessibility_enabled
06-01 22:49:15.092   688   688 W IPCThreadState: Sending oneway calls to frozen process.
06-01 22:49:15.092  1474  1863 I AiAiEcho: Predicting[0]:  [CONTEXT sampling_count=5 ]
06-01 22:49:15.092  1474  1863 I AiAiEcho: EchoTargets: 
06-01 22:49:15.092  1474  1863 I AiAiEcho: Filtered by AiAi flag check: 
06-01 22:49:15.092  1474  1863 I AiAiEcho: [CONTEXT ratelimit_period="10 SECONDS" ]
06-01 22:49:15.092   688   688 W IPCThreadState: Sending oneway calls to frozen process.
06-01 22:49:15.092  1474  1863 I AiAiEcho: #remoteViewsTwiddler: feature disabled.
06-01 22:49:15.092   688   688 W IPCThreadState: Sending oneway calls to frozen process.
06-01 22:49:15.093   688   688 W IPCThreadState: Sending oneway calls to frozen process.
06-01 22:49:15.093  1474  1863 I AiAiEcho: #postPredictionTargets: Sending updates to UISurface home with targets# 0 (types=[])
06-01 22:49:15.093  5821  5830 W IPCThreadState: call to talkWithDriver in joinThreadPool returned error: -9 (Bad file descriptor), FD: -1
06-01 22:49:15.094  5821  5821 D AndroidRuntime: Shutting down VM
06-01 22:49:15.094   688   688 W IPCThreadState: Sending oneway calls to frozen process.
06-01 22:49:15.095  5821  5837 W IPCThreadState: call to talkWithDriver in joinThreadPool returned error: -9 (Bad file descriptor), FD: -1
06-01 22:49:15.095   688   688 W IPCThreadState: Sending oneway calls to frozen process.
06-01 22:49:15.096  1084  1084 D SsBaseTemplateCard: No text view can be set up
06-01 22:49:15.096  1084  1084 D SsBaseTemplateCard: Passed-in item info is null
06-01 22:49:15.096   688   688 W IPCThreadState: Sending oneway calls to frozen process.
06-01 22:49:15.096  1084  1084 D SsBaseTemplateCard: Passed-in item info is null
06-01 22:49:15.096   688   688 W IPCThreadState: Sending oneway calls to frozen process.
06-01 22:49:15.096  1084  1084 D SsBaseTemplateCard: Passed-in item info is null
06-01 22:49:15.096  1084  1084 I SsBaseTemplateCard: Secondary card pane is null
06-01 22:49:15.096  5821  5831 W IPCThreadState: call to talkWithDriver in joinThreadPool returned error: -9 (Bad file descriptor), FD: -1
06-01 22:49:15.098  1474  1863 I AiAiEcho: Predicting[0]:  [CONTEXT sampling_count=5 ]
06-01 22:49:15.098  1474  1863 I AiAiEcho: EchoTargets: 
06-01 22:49:15.098  1474  1863 I AiAiEcho: Filtered by AiAi flag check: 
06-01 22:49:15.098  1474  1863 I AiAiEcho: [CONTEXT ratelimit_period="10 SECONDS" ]
06-01 22:49:15.098  1474  1863 I AiAiEcho: #remoteViewsTwiddler: feature disabled.
06-01 22:49:15.099  1474  1863 I AiAiEcho: #postPredictionTargets: Sending updates to UISurface lockscreen with targets# 0 (types=[])
06-01 22:49:15.104   688   688 W IPCThreadState: Sending oneway calls to frozen process.
06-01 22:49:15.105   688   688 W IPCThreadState: Sending oneway calls to frozen process.
06-01 22:49:15.107   688   688 W IPCThreadState: Sending oneway calls to frozen process.
06-01 22:49:15.109   688   688 W IPCThreadState: Sending oneway calls to frozen process.
06-01 22:49:15.110   688   688 D BatterySaverPolicy: accessibility changed to false, updating policy.
06-01 22:49:15.111   948   948 W PageIndicator: Total number of pages invalid: 0. Assuming 1 page.
06-01 22:49:15.650   688   848 D InetDiagMessage: Destroyed 0 sockets, proto=IPPROTO_TCP, family=AF_INET, states=14
06-01 22:49:15.650   688   848 D InetDiagMessage: Destroyed 0 sockets, proto=IPPROTO_TCP, family=AF_INET6, states=14
06-01 22:49:15.651   688   848 D InetDiagMessage: Destroyed live tcp sockets for uids={10169} in 2ms
06-01 22:49:15.651   688   848 D InetDiagMessage: Destroyed 0 sockets, proto=IPPROTO_TCP, family=AF_INET, states=14
06-01 22:49:15.652   688   848 D InetDiagMessage: Destroyed 0 sockets, proto=IPPROTO_TCP, family=AF_INET6, states=14
06-01 22:49:15.652   688   848 D InetDiagMessage: Destroyed live tcp sockets for uids={20169} in 1ms
06-01 22:49:16.167  5839  5839 W screencap: Thread Pool max thread count is 0. Cannot cache binder as linkToDeath cannot be implemented. serviceName: SurfaceFlingerAIDL
06-01 22:49:16.168  5839  5839 W BpBinder: Linking to death on android.gui.ISurfaceComposer but there are no threads (yet?) listening to incoming transactions. See ProcessState::startThreadPool and ProcessState::setThreadPoolMaxThreadCount. Generally you should setup the binder threadpool before other initialization steps.
06-01 22:49:16.169  5839  5839 W ProcessState: Extra binder thread started, but 0 threads requested. Do not use *startThreadPool when zero threads are requested.
06-01 22:49:16.191   560   642 E HwcComposer: getLuts failed Status(-8, EX_SERVICE_SPECIFIC): '8: '
06-01 22:49:16.191   560   642 E HWComposer: getLuts: getLuts failed for display 4619827259835644672: UNSUPPORTED (8)
06-01 22:49:16.219  1458  1673 W MediaProvider: isAppCloneUserPair for user 0: false
06-01 22:49:16.746   688  1712 I ActivityManager: Broadcasting: Intent { act=android.intent.action.MEDIA_SCANNER_SCAN_FILE dat=file:///... flg=0x400000 }
06-01 22:49:16.747   688  1712 I ActivityManager: Enqueued broadcast Intent { act=android.intent.action.MEDIA_SCANNER_SCAN_FILE dat=file:///... flg=0x400000 }: 0
06-01 22:49:16.748   688   715 W JobInfo : Job 'com.google.android.providers.media.module/com.android.providers.media.MediaService#-300' has a deadline with no functional constraints. The deadline won't improve job execution latency. Consider removing the deadline.
06-01 22:49:16.755   688   722 I ActivityManager: Broadcast completed: result=0
06-01 22:49:16.758  1458  1800 I MediaProvider: Begin Intent { act=android.intent.action.MEDIA_SCANNER_SCAN_FILE dat=file:///... flg=0x1400010 cmp=com.google.android.providers.media.module/com.android.providers.media.MediaService }
06-01 22:49:16.784  1458  1800 I MediaProvider: End Intent { act=android.intent.action.MEDIA_SCANNER_SCAN_FILE dat=file:///... flg=0x1400010 cmp=com.google.android.providers.media.module/com.android.providers.media.MediaService }
06-01 22:49:16.794  1458  1593 D WM-SystemJobScheduler: Scheduling work ID 1ae3d5a3-4079-46ed-aeb3-b83dc315f68dJob ID 51
06-01 22:49:16.798  1458  1593 D WM-GreedyScheduler: Ignoring {WorkSpec: 1d4d0373-2b72-46f6-95a0-f3ae26891f04}. Requires device idle.
06-01 22:49:16.798  1458  1593 D WM-GreedyScheduler: Ignoring {WorkSpec: 55e912c5-91b1-4590-b65b-f14ea6d1ef35}. Requires device idle.
