06-01 22:45:14.164  5421  5421 I AconfigPackage: com.android.bluetooth.flags is mapped to com.android.bt
06-01 22:45:14.164  5421  5421 I AconfigPackage: com.android.devicelock.flags is mapped to com.android.devicelock
06-01 22:45:14.167  5421  5421 I AconfigPackage: android.os.profiling is mapped to com.android.profiling
06-01 22:45:14.167  5421  5421 I AconfigPackage: com.android.os.statsd.flags is mapped to com.android.os.statsd
06-01 22:45:14.167  5421  5421 I AconfigPackage: com.android.cellbroadcastreceiver.flags is mapped to com.android.cellbroadcast
06-01 22:45:14.168  5421  5421 I AconfigPackage: com.android.adservices.flags is mapped to com.android.adservices
06-01 22:45:14.168  5421  5421 I AconfigPackage: com.android.sdksandbox.flags is mapped to com.android.adservices
06-01 22:45:14.168  5421  5421 I AconfigPackage: com.android.uwb.flags is mapped to com.android.uwb
06-01 22:45:14.168  5421  5421 I AconfigPackage: com.android.ranging.flags is mapped to com.android.uwb
06-01 22:45:14.168  5421  5421 I AconfigPackage: android.graphics.pdf.flags is mapped to com.android.mediaprovider
06-01 22:45:14.168  5421  5421 I AconfigPackage: com.android.providers.media.flags is mapped to com.android.mediaprovider
06-01 22:45:14.168  5421  5421 I AconfigPackage: android.graphics.pdf.flags.readonly is mapped to com.android.mediaprovider
06-01 22:45:14.168  5421  5421 I AconfigPackage: com.android.net.ct.flags is mapped to com.android.tethering
06-01 22:45:14.169  5421  5421 I AconfigPackage: com.android.net.flags is mapped to com.android.tethering
06-01 22:45:14.170  5421  5421 I AconfigPackage: android.net.vcn is mapped to com.android.tethering
06-01 22:45:14.171  5421  5421 I AconfigPackage: com.android.nearby.flags is mapped to com.android.tethering
06-01 22:45:14.171  5421  5421 I AconfigPackage: android.net.http is mapped to com.android.tethering
06-01 22:45:14.171  5421  5421 I AconfigPackage: com.android.net.thread.flags is mapped to com.android.tethering
06-01 22:45:14.171  5421  5421 I AconfigPackage: com.android.system.virtualmachine.flags is mapped to com.android.virt
06-01 22:45:14.173  5421  5421 E FeatureFlagsImplExport: android.os.flagging.AconfigStorageReadException: ERROR_PACKAGE_NOT_FOUND: package android.xr cannot be found on the device
06-01 22:45:14.183  5421  5421 D UiAutomationConnection: Created on user UserHandle{0}
06-01 22:45:14.183  5421  5421 I UiAutomation: Initialized for user 0 on display 0
06-01 22:45:14.183  5421  5421 W UiAutomation: Created with deprecatead constructor, assumes DEFAULT_DISPLAY
06-01 22:45:14.185   688  1714 D AccessibilityManagerService: changeCurrentUserForTestAutomationIfNeededLocked(0): ignoring because device doesn't support visible background users
06-01 22:45:14.185   688  1714 I UiAutomationManager: Registering UiTestAutomationService (id=com.android.server.accessibility/UiAutomation, flags=0x0) when called by user 0
06-01 22:45:14.186   688  1714 V AccessibilityManagerService: onUserStateChangedLocked for userId: 0, forceUpdate: false
06-01 22:45:14.193   688  1714 W MagnificationConnectionManager: requestConnection duplicated request: connect=false, mConnectionState=DISCONNECTED
06-01 22:45:14.196  1474  2132 I AiAiEcho: Settings changed for uri: content://settings/secure/accessibility_enabled
06-01 22:45:14.199  1474  1863 I AiAiEcho: Predicting[0]:  [CONTEXT sampling_count=5 ]
06-01 22:45:14.200  1474  1863 I AiAiEcho: EchoTargets: 
06-01 22:45:14.200  1474  1863 I AiAiEcho: Filtered by AiAi flag check: 
06-01 22:45:14.200  1474  1863 I AiAiEcho: [CONTEXT ratelimit_period="10 SECONDS" ]
06-01 22:45:14.201  1474  1863 I AiAiEcho: #remoteViewsTwiddler: feature disabled.
06-01 22:45:14.201  1474  1863 I AiAiEcho: Predicting[0]:  [CONTEXT sampling_count=5 ]
06-01 22:45:14.201  1474  1863 I AiAiEcho: EchoTargets: 
06-01 22:45:14.201  1474  1863 I AiAiEcho: Filtered by AiAi flag check: 
06-01 22:45:14.201  1474  1863 I AiAiEcho: [CONTEXT ratelimit_period="10 SECONDS" ]
06-01 22:45:14.202  1474  1863 I AiAiEcho: #remoteViewsTwiddler: feature disabled.
06-01 22:45:14.207   688   688 W IPCThreadState: Sending oneway calls to frozen process.
06-01 22:45:14.208   688   688 W IPCThreadState: Sending oneway calls to frozen process.
06-01 22:45:14.208   688   688 W IPCThreadState: Sending oneway calls to frozen process.
06-01 22:45:14.208   688   688 W IPCThreadState: Sending oneway calls to frozen process.
06-01 22:45:14.213  1474  1863 I AiAiEcho: #postPredictionTargets: Sending updates to UISurface home with targets# 0 (types=[])
06-01 22:45:14.215   688   688 W IPCThreadState: Sending oneway calls to frozen process.
06-01 22:45:14.216   688   688 W IPCThreadState: Sending oneway calls to frozen process.
06-01 22:45:14.216  1474  1863 I AiAiEcho: #postPredictionTargets: Sending updates to UISurface lockscreen with targets# 0 (types=[])
06-01 22:45:14.217   688   688 W IPCThreadState: Sending oneway calls to frozen process.
06-01 22:45:14.218   688   688 W IPCThreadState: Sending oneway calls to frozen process.
06-01 22:45:14.219   688  1064 V AccessibilityManagerService: onUserStateChangedLocked for userId: 0, forceUpdate: false
06-01 22:45:14.220  1084  1084 D SsBaseTemplateCard: No text view can be set up
06-01 22:45:14.220  1084  1084 D SsBaseTemplateCard: Passed-in item info is null
06-01 22:45:14.220  1084  1084 D SsBaseTemplateCard: Passed-in item info is null
06-01 22:45:14.220  1084  1084 D SsBaseTemplateCard: Passed-in item info is null
06-01 22:45:14.220  1084  1084 I SsBaseTemplateCard: Secondary card pane is null
06-01 22:45:14.225   688  1064 W MagnificationConnectionManager: requestConnection duplicated request: connect=false, mConnectionState=DISCONNECTED
06-01 22:45:14.231   948   948 W PageIndicator: Total number of pages invalid: 0. Assuming 1 page.
06-01 22:45:14.231  1474  2132 I AiAiEcho: Settings changed for uri: content://settings/secure/accessibility_enabled
06-01 22:45:14.239   688   688 W IPCThreadState: Sending oneway calls to frozen process.
06-01 22:45:14.239   688   688 W IPCThreadState: Sending oneway calls to frozen process.
06-01 22:45:14.239   688   688 W IPCThreadState: Sending oneway calls to frozen process.
06-01 22:45:14.239   688   688 W IPCThreadState: Sending oneway calls to frozen process.
06-01 22:45:14.241   688   688 W IPCThreadState: Sending oneway calls to frozen process.
06-01 22:45:14.242  1474  1863 I AiAiEcho: Predicting[0]:  [CONTEXT sampling_count=5 ]
06-01 22:45:14.242   688   688 W IPCThreadState: Sending oneway calls to frozen process.
06-01 22:45:14.243   688   688 W IPCThreadState: Sending oneway calls to frozen process.
06-01 22:45:14.243   688   688 W IPCThreadState: Sending oneway calls to frozen process.
06-01 22:45:14.244  1474  1863 I AiAiEcho: EchoTargets: 
06-01 22:45:14.244  1474  1863 I AiAiEcho: Filtered by AiAi flag check: 
06-01 22:45:14.244  1474  1863 I AiAiEcho: [CONTEXT ratelimit_period="10 SECONDS" ]
06-01 22:45:14.246   688   688 W IPCThreadState: Sending oneway calls to frozen process.
06-01 22:45:14.247   688   688 W IPCThreadState: Sending oneway calls to frozen process.
06-01 22:45:14.248  1474  1863 I AiAiEcho: #remoteViewsTwiddler: feature disabled.
06-01 22:45:14.248   688   688 W IPCThreadState: Sending oneway calls to frozen process.
06-01 22:45:14.248  1474  1863 I AiAiEcho: Predicting[0]:  [CONTEXT sampling_count=5 ]
06-01 22:45:14.248  1474  1863 I AiAiEcho: EchoTargets: 
06-01 22:45:14.248  1474  1863 I AiAiEcho: Filtered by AiAi flag check: 
06-01 22:45:14.248  1474  1863 I AiAiEcho: [CONTEXT ratelimit_period="10 SECONDS" ]
06-01 22:45:14.248   688   688 W IPCThreadState: Sending oneway calls to frozen process.
06-01 22:45:14.249  1474  1863 I AiAiEcho: #remoteViewsTwiddler: feature disabled.
06-01 22:45:14.249  1474  1863 I AiAiEcho: #postPredictionTargets: Sending updates to UISurface home with targets# 0 (types=[])
06-01 22:45:14.250   688   688 D BatterySaverPolicy: accessibility changed to true, updating policy.
06-01 22:45:14.251  1374  1575 D AccessibilitySourceService: enabled a11y services count 0
06-01 22:45:14.252  1374  1575 D AccessibilitySourceService: a11y source sending 0 issue to sc
06-01 22:45:14.252  1084  1084 D SsBaseTemplateCard: No text view can be set up
06-01 22:45:14.252  1084  1084 D SsBaseTemplateCard: Passed-in item info is null
06-01 22:45:14.252  1084  1084 D SsBaseTemplateCard: Passed-in item info is null
06-01 22:45:14.252  1084  1084 D SsBaseTemplateCard: Passed-in item info is null
06-01 22:45:14.252  1084  1084 I SsBaseTemplateCard: Secondary card pane is null
06-01 22:45:14.253   688  1761 D SafetySourceDataValidat: No cert check requested for package com.google.android.permissioncontroller
06-01 22:45:14.261  1474  1863 I AiAiEcho: #postPredictionTargets: Sending updates to UISurface lockscreen with targets# 0 (types=[])
06-01 22:45:14.278   948   948 W PageIndicator: Total number of pages invalid: 0. Assuming 1 page.
06-01 22:45:14.344  3901  3902 I artd    : GetBestInfo: odex next to the dex file (/data/app/~~oqHPZkItOTY-JdZP8j0YvQ==/com.google.android.gms-U8kK62mhhj2hUoGXPlJDnw==/oat/x86_64/base.odex) is kOatUpToDate with filter 'speed-profile' executable 'false'
06-01 22:45:14.349  3901  3902 I artd    : GetBestInfo: odex next to the dex file (/data/app/~~oqHPZkItOTY-JdZP8j0YvQ==/com.google.android.gms-U8kK62mhhj2hUoGXPlJDnw==/oat/x86_64/split_AdsDynamite_installtime.odex) is kOatUpToDate with filter 'speed' executable 'false'
06-01 22:45:14.354  3901  3902 I artd    : GetBestInfo: odex next to the dex file (/data/app/~~oqHPZkItOTY-JdZP8j0YvQ==/com.google.android.gms-U8kK62mhhj2hUoGXPlJDnw==/oat/x86_64/split_CronetDynamite_installtime.odex) is kOatUpToDate with filter 'speed-profile' executable 'false'
06-01 22:45:14.357  3901  3902 I artd    : GetBestInfo: odex next to the dex file (/data/app/~~oqHPZkItOTY-JdZP8j0YvQ==/com.google.android.gms-U8kK62mhhj2hUoGXPlJDnw==/oat/x86_64/split_DynamiteLoader_installtime.odex) is kOatUpToDate with filter 'speed' executable 'false'
06-01 22:45:14.359  3901  3902 I artd    : GetBestInfo: odex next to the dex file (/data/app/~~oqHPZkItOTY-JdZP8j0YvQ==/com.google.android.gms-U8kK62mhhj2hUoGXPlJDnw==/oat/x86_64/split_DynamiteModulesA_installtime.odex) is kOatUpToDate with filter 'speed' executable 'false'
06-01 22:45:14.362  3901  3902 I artd    : GetBestInfo: odex next to the dex file (/data/app/~~oqHPZkItOTY-JdZP8j0YvQ==/com.google.android.gms-U8kK62mhhj2hUoGXPlJDnw==/oat/x86_64/split_DynamiteModulesC_installtime.odex) is kOatUpToDate with filter 'speed' executable 'false'
06-01 22:45:14.364  3901  3902 I artd    : GetBestInfo: odex next to the dex file (/data/app/~~oqHPZkItOTY-JdZP8j0YvQ==/com.google.android.gms-U8kK62mhhj2hUoGXPlJDnw==/oat/x86_64/split_GoogleCertificates_installtime.odex) is kOatUpToDate with filter 'speed' executable 'false'
06-01 22:45:14.366  3901  3902 I artd    : GetBestInfo: odex next to the dex file (/data/app/~~oqHPZkItOTY-JdZP8j0YvQ==/com.google.android.gms-U8kK62mhhj2hUoGXPlJDnw==/oat/x86_64/split_MapsDynamite_installtime.odex) is kOatUpToDate with filter 'speed' executable 'false'
06-01 22:45:14.369  3901  3902 I artd    : GetBestInfo: odex next to the dex file (/data/app/~~oqHPZkItOTY-JdZP8j0YvQ==/com.google.android.gms-U8kK62mhhj2hUoGXPlJDnw==/oat/x86_64/split_MeasurementDynamite_installtime.odex) is kOatUpToDate with filter 'speed' executable 'false'
06-01 22:45:14.373  3901  3902 I artd    : GetBestInfo: odex next to the dex file (/data/app/~~oqHPZkItOTY-JdZP8j0YvQ==/com.google.android.gms-U8kK62mhhj2hUoGXPlJDnw==/oat/x86_64/split_all_locale_splits.odex) is kOatUpToDate with filter 'speed' executable 'false'
06-01 22:45:14.373  3901  3902 I artd    : GetBestInfo: /data/user_de/0/com.google.android.gms/app_chimera/m/00000001/CronetDynamite.apk has no usable artifacts
06-01 22:45:14.374  3901  3902 I artd    : GetBestInfo: /data/user_de/0/com.google.android.gms/app_chimera/m/00000002/DynamiteLoader.apk has no usable artifacts
06-01 22:45:14.375  3901  3902 I artd    : GetBestInfo: /data/user_de/0/com.google.android.gms/app_chimera/m/00000015/dl-Appsearch.optional_261631100800.apk has no usable artifacts
06-01 22:45:14.377  3901  3902 I artd    : GetBestInfo: /data/user_de/0/com.google.android.gms/app_chimera/m/00000011/dl-MlkitBarcodeUi.optional_261631100800.apk has no usable artifacts
06-01 22:45:14.378  3901  3902 I artd    : GetBestInfo: /data/user_de/0/com.google.android.gms/app_chimera/m/00000005/GoogleCertificates.apk has no usable artifacts
06-01 22:45:14.379  3901  3902 I artd    : GetBestInfo: /data/user_de/0/com.google.android.gms/app_chimera/m/00000017/dl-TfliteDynamiteDynamite.integ_260580502100800.apk has no usable artifacts
06-01 22:45:14.381  3901  3902 I artd    : GetBestInfo: /data/user_de/0/com.google.android.gms/app_chimera/m/0000000d/dl-TfliteDynamiteDynamite.integ_252130102100800.apk has no usable artifacts
06-01 22:45:14.383  3901  3902 I artd    : GetBestInfo: /data/user_de/0/com.google.android.gms/app_chimera/m/00000016/dl-IdentityCredentialsPlatform.optional_261631100800.apk has no usable artifacts
06-01 22:45:14.384  3901  3902 I artd    : GetBestInfo: /data/user_de/0/com.google.android.gms/app_chimera/m/0000000a/dl-MlkitBarcodeUi.optional_250834100800.apk has no usable artifacts
06-01 22:45:14.388  3901  3902 I artd    : GetBestInfo: vdex next to the dex file (/data/user/0/com.google.android.gms/app_dg_cache/92659AEB0EFADECE4CBB22D1DF07B00702EAAC36/oat/x86_64/the.vdex) is kOatUpToDate with filter 'verify' executable 'false'
06-01 22:45:14.390  3901  3902 I artd    : GetBestInfo: /data/user_de/0/com.google.android.gms/app_chimera/m/00000014/dl-PlayCloudSearch.optional_261631100000.apk has no usable artifacts
06-01 22:45:14.391  3901  3902 I artd    : GetBestInfo: /data/user/0/com.google.android.gms/app_dg_cache/BBB8ADBA11F43674FC873CF50B06D4CFE87E958C/the.apk has no usable artifacts
06-01 22:45:14.392  3901  3902 W artd    : Could not get dex checksums for location /data/app/~~JlUJQFlc4ygp9jZhE_7qYA==/com.android.vending-cRWAZr3GHq-n4fdFyU9thA==/base.apk, fd=-1
06-01 22:45:15.434  5421  5421 W AccessibilityNodeInfoDumper: Fetch time: 176ms
06-01 22:45:15.437   688  1756 V AccessibilityManagerService: onUserStateChangedLocked for userId: 0, forceUpdate: false
06-01 22:45:15.439   688  1756 W MagnificationConnectionManager: requestConnection duplicated request: connect=false, mConnectionState=DISCONNECTED
06-01 22:45:15.439   688  1756 D AccessibilityManagerService: restoreCurrentUserForTestAutomationIfNeededLocked(): ignoring because device doesn't support visible background users
06-01 22:45:15.439  1474  2132 I AiAiEcho: Settings changed for uri: content://settings/secure/accessibility_enabled
06-01 22:45:15.440  1474  1863 I AiAiEcho: Predicting[0]:  [CONTEXT sampling_count=5 ]
06-01 22:45:15.440   688   688 W IPCThreadState: Sending oneway calls to frozen process.
06-01 22:45:15.440  1474  1863 I AiAiEcho: EchoTargets: 
06-01 22:45:15.440  1474  1863 I AiAiEcho: Filtered by AiAi flag check: 
06-01 22:45:15.440  1474  1863 I AiAiEcho: [CONTEXT ratelimit_period="10 SECONDS" ]
06-01 22:45:15.440   688   688 W IPCThreadState: Sending oneway calls to frozen process.
06-01 22:45:15.440   688   688 W IPCThreadState: Sending oneway calls to frozen process.
06-01 22:45:15.440   688   688 W IPCThreadState: Sending oneway calls to frozen process.
06-01 22:45:15.440  1474  1863 I AiAiEcho: #remoteViewsTwiddler: feature disabled.
06-01 22:45:15.441  1474  1863 I AiAiEcho: Predicting[0]:  [CONTEXT sampling_count=5 ]
06-01 22:45:15.441   688   688 W IPCThreadState: Sending oneway calls to frozen process.
06-01 22:45:15.441  1474  1863 I AiAiEcho: EchoTargets: 
06-01 22:45:15.441  1474  1863 I AiAiEcho: Filtered by AiAi flag check: 
06-01 22:45:15.441  1474  1863 I AiAiEcho: [CONTEXT ratelimit_period="10 SECONDS" ]
06-01 22:45:15.441   688   688 W IPCThreadState: Sending oneway calls to frozen process.
06-01 22:45:15.441   688   688 W IPCThreadState: Sending oneway calls to frozen process.
06-01 22:45:15.441   688   688 W IPCThreadState: Sending oneway calls to frozen process.
06-01 22:45:15.441  1474  1863 I AiAiEcho: #remoteViewsTwiddler: feature disabled.
06-01 22:45:15.442   688   688 W IPCThreadState: Sending oneway calls to frozen process.
06-01 22:45:15.442   688   688 W IPCThreadState: Sending oneway calls to frozen process.
06-01 22:45:15.442   688   688 W IPCThreadState: Sending oneway calls to frozen process.
06-01 22:45:15.442   688   688 W IPCThreadState: Sending oneway calls to frozen process.
06-01 22:45:15.442  1474  1863 I AiAiEcho: #postPredictionTargets: Sending updates to UISurface home with targets# 0 (types=[])
06-01 22:45:15.443  1474  1863 I AiAiEcho: #postPredictionTargets: Sending updates to UISurface lockscreen with targets# 0 (types=[])
06-01 22:45:15.444  5421  5421 D AndroidRuntime: Shutting down VM
06-01 22:45:15.444  5421  5433 W IPCThreadState: call to talkWithDriver in joinThreadPool returned error: -9 (Bad file descriptor), FD: -1
06-01 22:45:15.444  5421  5432 W IPCThreadState: call to talkWithDriver in joinThreadPool returned error: -9 (Bad file descriptor), FD: -1
06-01 22:45:15.451  1084  1084 D SsBaseTemplateCard: No text view can be set up
06-01 22:45:15.451  1084  1084 D SsBaseTemplateCard: Passed-in item info is null
06-01 22:45:15.451  1084  1084 D SsBaseTemplateCard: Passed-in item info is null
06-01 22:45:15.451  1084  1084 D SsBaseTemplateCard: Passed-in item info is null
06-01 22:45:15.451  1084  1084 I SsBaseTemplateCard: Secondary card pane is null
06-01 22:45:15.454   688   688 D BatterySaverPolicy: accessibility changed to false, updating policy.
06-01 22:45:15.455   948   948 W PageIndicator: Total number of pages invalid: 0. Assuming 1 page.
06-01 22:45:16.511   688  1761 D CoreBackPreview: Window{86a6b17 u0 Pop-Up Window}: Setting back callback OnBackInvokedCallbackInfo{mCallback=android.window.IOnBackInvokedCallback$Stub$Proxy@8ca16e9, mPriority=1000000, mIsAnimationCallback=false, mOverrideBehavior=0}
06-01 22:45:16.919   688   807 I ImeTracker: com.aistudio.ereader.xynk:1cbf0ccb: onRequestHide at ORIGIN_SERVER reason HIDE_UNSPECIFIED_WINDOW fromUser false
06-01 22:45:16.926  1402  1402 I GoogleInputMethodService: GoogleInputMethodService.onFinishInput():2259 
06-01 22:45:16.927  1402  1402 I Module  : DeviceLockedStatusModuleProvider$Module.updateDeviceLockedStatus():103 repeatCheckTimes = 0, locked = false
06-01 22:45:16.928   688  1761 I ImeTracker: system_server:32908bdb: onRequestHide at ORIGIN_SERVER reason IME_REQUESTED_CHANGED_LISTENER fromUser false
06-01 22:45:16.928   688   725 I ImeTracker: system_server:32908bdb: onCancelled at PHASE_SERVER_SHOULD_HIDE
06-01 22:45:16.929  1402  1402 I GoogleInputMethodService: GoogleInputMethodService.onStartInput():1446 onStartInput(EditorInfo{EditorInfo{packageName=com.aistudio.ereader.xynk, inputType=0, inputTypeString=NULL, enableLearning=false, autoCorrection=false, autoComplete=false, imeOptions=0, privateImeOptions=null, actionName=UNSPECIFIED, actionLabel=null, initialSelStart=-1, initialSelEnd=-1, initialCapsMode=0, label=null, fieldId=0, fieldName=null, extras=null, hintText=null, hintLocales=[]}}, false)
06-01 22:45:16.930  1402  1402 W AndroidIME: LatinIMEBase.updateInputViewCoverNavigation():327 Null input view, cannot update padding!
06-01 22:45:16.930  1402  1402 I Module  : DeviceLockedStatusModuleProvider$Module.updateDeviceLockedStatus():103 repeatCheckTimes = 1, locked = false
06-01 22:45:16.933   688  1761 W PackageConfigPersister: App-specific configuration not found for packageName: com.aistudio.ereader.xynk and userId: 0
06-01 22:45:16.993  5322  5322 D InsetsController: hide(ime(), fromIme=false)
06-01 22:45:16.993  5322  5322 I ImeTracker: com.aistudio.ereader.xynk:1cbf0ccb: onCancelled at PHASE_CLIENT_ALREADY_HIDDEN
06-01 22:45:17.076  1600  1600 D BoundBrokerSvc: onUnbind: Intent { act=com.google.android.gms.feedback.internal.IFeedbackService dat=chimera-action:/... xflg=0x4 cmp=com.google.android.gms/.chimera.GmsBoundBrokerService }
06-01 22:45:17.640  5445  5445 D AndroidRuntime: >>>>>> START com.android.internal.os.RuntimeInit uid 2000 <<<<<<
06-01 22:45:17.646  5445  5445 I AndroidRuntime: Using default boot image
06-01 22:45:17.646  5445  5445 I AndroidRuntime: Leaving lock profiling enabled
06-01 22:45:17.648  5445  5445 I app_process: Using CollectorTypeCMC GC.
06-01 22:45:17.755  5445  5445 D nativeloader: InitDefaultPublicLibraries for_preload=1: libandroid.so:libaaudio.so:libamidi.so:libbinder_ndk.so:libc.so:libcamera2ndk.so:libdl.so:libEGL.so:libGLESv1_CM.so:libGLESv2.so:libGLESv3.so:libicu.so:libicui18n.so:libicuuc.so:libjnigraphics.so:liblog.so:libmediandk.so:libm.so:libnativehelper.so:libnativewindow.so:libOpenMAXAL.so:libOpenSLES.so:libRS.so:libstdc++.so:libsync.so:libvulkan.so:libwebviewchromium_plat_support.so:libz.so
06-01 22:45:17.767  5445  5445 D nativeloader: Load libicu_jni.so using APEX ns com_android_art for caller /apex/com.android.art/javalib/core-oj.jar: ok
06-01 22:45:17.767  5445  5445 D app_process: u_setTimeZoneFilesDirectory("/apex/com.android.tzdata/etc/tz/versioned/9/icu") succeeded. 
06-01 22:45:17.767  5445  5445 D app_process: I18n APEX ICU file found: /apex/com.android.i18n/etc/icu/icudt76l.dat
06-01 22:45:17.768  5445  5445 D nativeloader: Load libjavacore.so using APEX ns com_android_art for caller /apex/com.android.art/javalib/core-oj.jar: ok
06-01 22:45:17.769  5445  5445 D nativeloader: Load libopenjdk.so using APEX ns com_android_art for caller /apex/com.android.art/javalib/core-oj.jar: ok
06-01 22:45:17.770  5445  5445 W app_process: Unexpected CPU variant for x86: x86_64.
06-01 22:45:17.770  5445  5445 W app_process: Known variants: atom, sandybridge, silvermont, goldmont, goldmont-plus, goldmont-without-sha-xsaves, tremont, kabylake, alderlake, default
06-01 22:45:17.772  5445  5445 W app_process: ClassLoaderContext shared library size mismatch. Expected=2, found=0 (PCL[]{PCL[/system/framework/android.test.base.jar*2789897741]#PCL[/system/framework/android.test.mock.jar*3361312393]} | PCL[])
06-01 22:45:17.773  5445  5445 W app_process: ClassLoaderContext classpath size mismatch. expected=0, found=1 (PCL[]{PCL[/system/framework/android.test.runner.jar*895143020]#PCL[/system/framework/android.test.base.jar*2789897741]} | PCL[/system/framework/android.test.runner.jar*895143020])
06-01 22:45:17.796  5445  5445 D nativeloader: Load libframework-connectivity-tiramisu-jni.so using APEX ns com_android_tethering for caller /apex/com.android.tethering/javalib/framework-connectivity-t.jar: ok
06-01 22:45:17.796  5445  5445 D AndroidRuntime: Calling main entry com.android.commands.uiautomator.Launcher
06-01 22:45:17.801  5445  5445 I AconfigPackage: android.media.swcodec.flags is mapped to com.android.media.swcodec
06-01 22:45:17.801  5445  5445 I AconfigPackage: com.google.android.settings.simplemode.flags is mapped to system_ext
06-01 22:45:17.801  5445  5445 I AconfigPackage: com.google.android.systemui is mapped to system_ext
06-01 22:45:17.801  5445  5445 I AconfigPackage: com.google.android.apps.nexuslauncher is mapped to system_ext
06-01 22:45:17.801  5445  5445 I AconfigPackage: com.android.settings.accessibility is mapped to system_ext
06-01 22:45:17.801  5445  5445 I AconfigPackage: com.android.settings.flags is mapped to system_ext
06-01 22:45:17.801  5445  5445 I AconfigPackage: com.google.android.apps.miphone.aiai.matchmaker.overview.ui is mapped to system_ext
06-01 22:45:17.801  5445  5445 I AconfigPackage: com.google.android.settings.flags is mapped to system_ext
06-01 22:45:17.801  5445  5445 I AconfigPackage: com.android.launcher3 is mapped to system_ext
06-01 22:45:17.801  5445  5445 I AconfigPackage: com.android.wallpaper is mapped to system_ext
06-01 22:45:17.801  5445  5445 I AconfigPackage: com.android.settings.media_drm is mapped to system_ext
06-01 22:45:17.801  5445  5445 I AconfigPackage: com.android.systemui.accessibility.accessibilitymenu is mapped to system_ext
06-01 22:45:17.801  5445  5445 I AconfigPackage: com.android.settings.keyboard is mapped to system_ext
06-01 22:45:17.801  5445  5445 I AconfigPackage: com.android.server.policy.feature.flags is mapped to system_ext
06-01 22:45:17.802  5445  5445 I AconfigPackage: com.android.settings.factory_reset is mapped to system_ext
06-01 22:45:17.802  5445  5445 I AconfigPackage: com.google.android.haptics.flags is mapped to system_ext
06-01 22:45:17.802  5445  5445 I AconfigPackage: com.android.permission.flags is mapped to com.android.permission
06-01 22:45:17.802  5445  5445 I AconfigPackage: com.android.icu is mapped to com.android.i18n
06-01 22:45:17.802  5445  5445 I AconfigPackage: com.android.appsearch.flags is mapped to com.android.appsearch
06-01 22:45:17.802  5445  5445 I AconfigPackage: android.uprobestats.mainline.flags is mapped to com.android.uprobestats
06-01 22:45:17.803  5445  5445 I AconfigPackage: android.provider.flags is mapped to com.android.configinfrastructure
06-01 22:45:17.803  5445  5445 I AconfigPackage: com.android.server.deviceconfig is mapped to com.android.configinfrastructure
06-01 22:45:17.803  5445  5445 I AconfigPackage: com.android.nfc.flags is mapped to system
06-01 22:45:17.803  5445  5445 I AconfigPackage: android.app.admin.flags is mapped to system
06-01 22:45:17.803  5445  5445 I AconfigPackage: android.database.sqlite is mapped to system
06-01 22:45:17.803  5445  5445 I AconfigPackage: com.android.providers.calendar is mapped to system
06-01 22:45:17.803  5445  5445 I AconfigPackage: com.android.server.power.feature.flags is mapped to system
06-01 22:45:17.803  5445  5445 I AconfigPackage: com.android.media.performance.flags is mapped to system
06-01 22:45:17.803  5445  5445 I AconfigPackage: android.app.contextualsearch.flags is mapped to system
06-01 22:45:17.803  5445  5445 I AconfigPackage: android.app.ondeviceintelligence.flags is mapped to system
06-01 22:45:17.803  5445  5445 I AconfigPackage: com.android.media.projection.flags is mapped to system
06-01 22:45:17.803  5445  5445 I AconfigPackage: android.companion is mapped to system
06-01 22:45:17.803  5445  5445 I AconfigPackage: android.service.controls.flags is mapped to system
06-01 22:45:17.804  5445  5445 I AconfigPackage: com.android.text.flags is mapped to system
06-01 22:45:17.804  5445  5445 I AconfigPackage: com.android.providers.contactkeys.flags is mapped to system
06-01 22:45:17.804  5445  5445 I AconfigPackage: com.android.intentresolver is mapped to system
06-01 22:45:17.804  5445  5445 I AconfigPackage: android.companion.virtualdevice.flags is mapped to system
06-01 22:45:17.804  5445  5445 I AconfigPackage: android.uprobestats.flags is mapped to system
06-01 22:45:17.804  5445  5445 I AconfigPackage: com.android.net.thread.platform.flags is mapped to system
06-01 22:45:17.804  5445  5445 I AconfigPackage: android.view.contentprotection.flags is mapped to system
06-01 22:45:17.804  5445  5445 I AconfigPackage: com.android.server.dreams is mapped to system
06-01 22:45:17.804  5445  5445 I AconfigPackage: com.android.graphics.surfaceflinger.flags is mapped to system
06-01 22:45:17.804  5445  5445 I AconfigPackage: com.android.hardware.input is mapped to system
06-01 22:45:17.804  5445  5445 I AconfigPackage: android.sdk is mapped to system
06-01 22:45:17.804  5445  5445 I AconfigPackage: com.android.input.flags is mapped to system
06-01 22:45:17.804  5445  5445 I AconfigPackage: android.tracing is mapped to system
06-01 22:45:17.804  5445  5445 I AconfigPackage: com.android.server.biometrics is mapped to system
06-01 22:45:17.804  5445  5445 I AconfigPackage: android.view.contentcapture.flags is mapped to system
06-01 22:45:17.804  5445  5445 I AconfigPackage: android.app.job is mapped to system
06-01 22:45:17.804  5445  5445 I AconfigPackage: android.content.res is mapped to system
06-01 22:45:17.804  5445  5445 I AconfigPackage: android.net.platform.flags is mapped to system
06-01 22:45:17.804  5445  5445 I AconfigPackage: com.android.aconfig.flags is mapped to system
06-01 22:45:17.804  5445  5445 I AconfigPackage: com.android.graphics.flags is mapped to system
06-01 22:45:17.804  5445  5445 I AconfigPackage: android.server.app is mapped to system
06-01 22:45:17.804  5445  5445 I AconfigPackage: android.speech.flags is mapped to system
06-01 22:45:17.804  5445  5445 I AconfigPackage: com.android.server.stats is mapped to system
06-01 22:45:17.804  5445  5445 I AconfigPackage: android.hardware.biometrics is mapped to system
06-01 22:45:17.804  5445  5445 I AconfigPackage: android.car.feature is mapped to system
06-01 22:45:17.804  5445  5445 I AconfigPackage: android.adpf is mapped to system
06-01 22:45:17.804  5445  5445 I AconfigPackage: android.location.flags is mapped to system
06-01 22:45:17.804  5445  5445 I AconfigPackage: com.android.settingslib.flags is mapped to system
06-01 22:45:17.804  5445  5445 I AconfigPackage: com.android.managedprovisioning.flags is mapped to system
06-01 22:45:17.804  5445  5445 I AconfigPackage: android.app.assist.flags is mapped to system
06-01 22:45:17.805  5445  5445 I AconfigPackage: com.android.server.net is mapped to system
06-01 22:45:17.805  5445  5445 I AconfigPackage: com.android.settingslib.widget.flags is mapped to system
06-01 22:45:17.805  5445  5445 I AconfigPackage: com.android.internal.camera.flags is mapped to system
06-01 22:45:17.805  5445  5445 I AconfigPackage: com.android.hardware.libsensor.flags is mapped to system
06-01 22:45:17.805  5445  5445 I AconfigPackage: com.android.internal.jank is mapped to system
06-01 22:45:17.805  5445  5445 I AconfigPackage: com.android.providers.settings is mapped to system
06-01 22:45:17.805  5445  5445 I AconfigPackage: android.multiuser is mapped to system
06-01 22:45:17.805  5445  5445 I AconfigPackage: com.android.server.power.optimization is mapped to system
06-01 22:45:17.805  5445  5445 I AconfigPackage: com.android.calllogbackup is mapped to system
06-01 22:45:17.805  5445  5445 I AconfigPackage: com.android.media.flags is mapped to system
06-01 22:45:17.805  5445  5445 I AconfigPackage: com.android.server.flags is mapped to system
06-01 22:45:17.805  5445  5445 I AconfigPackage: com.android.graphics.libvulkan.flags is mapped to system
06-01 22:45:17.805  5445  5445 I AconfigPackage: android.app.appfunctions.flags is mapped to system
06-01 22:45:17.805  5445  5445 I AconfigPackage: android.app.smartspace.flags is mapped to system
06-01 22:45:17.805  5445  5445 I AconfigPackage: com.android.providers.contacts.flags is mapped to system
06-01 22:45:17.805  5445  5445 I AconfigPackage: com.android.shell.flags is mapped to system
06-01 22:45:17.805  5445  5445 I AconfigPackage: com.android.media.aaudio is mapped to system
06-01 22:45:17.805  5445  5445 I AconfigPackage: android.hardware.radio is mapped to system
06-01 22:45:17.805  5445  5445 I AconfigPackage: com.google.wear.services.infra.flags is mapped to system
06-01 22:45:17.805  5445  5445 I AconfigPackage: suspend_service.flags is mapped to system
06-01 22:45:17.805  5445  5445 I AconfigPackage: android.media.midi is mapped to system
06-01 22:45:17.805  5445  5445 I AconfigPackage: com.android.libcore.readonly is mapped to system
06-01 22:45:17.805  5445  5445 I AconfigPackage: com.android.settingslib.widget.selectorwithwidgetpreference.flags is mapped to system
06-01 22:45:17.805  5445  5445 I AconfigPackage: android.service.notification is mapped to system
06-01 22:45:17.805  5445  5445 I AconfigPackage: com.android.systemui.shared is mapped to system
06-01 22:45:17.805  5445  5445 I AconfigPackage: android.app.jank is mapped to system
06-01 22:45:17.805  5445  5445 I AconfigPackage: android.app.wearable is mapped to system
06-01 22:45:17.805  5445  5445 I AconfigPackage: com.android.media.audio is mapped to system
06-01 22:45:17.805  5445  5445 I AconfigPackage: android.service.chooser is mapped to system
06-01 22:45:17.805  5445  5445 I AconfigPackage: com.android.server.compat is mapped to system
06-01 22:45:17.806  5445  5445 I AconfigPackage: com.android.server.alarm is mapped to system
06-01 22:45:17.806  5445  5445 I AconfigPackage: com.android.apex.flags is mapped to system
06-01 22:45:17.807  5445  5445 I AconfigPackage: android.service.quickaccesswallet is mapped to system
06-01 22:45:17.807  5445  5445 I AconfigPackage: android.app.usage is mapped to system
06-01 22:45:17.807  5445  5445 I AconfigPackage: com.android.server.accessibility is mapped to system
06-01 22:45:17.807  5445  5445 I AconfigPackage: android.app.supervision.flags is mapped to system
06-01 22:45:17.807  5445  5445 I AconfigPackage: com.android.server.utils is mapped to system
06-01 22:45:17.807  5445  5445 I AconfigPackage: android.chre.flags is mapped to system
06-01 22:45:17.807  5445  5445 I AconfigPackage: android.content.flags is mapped to system
06-01 22:45:17.807  5445  5445 I AconfigPackage: android.media.codec is mapped to system
06-01 22:45:17.807  5445  5445 I AconfigPackage: com.android.internal.os is mapped to system
06-01 22:45:17.807  5445  5445 I AconfigPackage: com.android.nfc.nci.flags is mapped to system
06-01 22:45:17.807  5445  5445 I AconfigPackage: android.app is mapped to system
06-01 22:45:17.807  5445  5445 I AconfigPackage: android.security.keystore2 is mapped to system
06-01 22:45:17.807  5445  5445 I AconfigPackage: android.crashrecovery.flags is mapped to system
06-01 22:45:17.807  5445  5445 I AconfigPackage: com.android.tradeinmode.flags is mapped to system
06-01 22:45:17.807  5445  5445 I AconfigPackage: android.hardware.flags is mapped to system
06-01 22:45:17.807  5445  5445 I AconfigPackage: com.android.server.telecom.flags is mapped to system
06-01 22:45:17.807  5445  5445 I AconfigPackage: com.android.settingslib.media.flags is mapped to system
06-01 22:45:17.807  5445  5445 I AconfigPackage: com.android.server.policy is mapped to system
06-01 22:45:17.807  5445  5445 I AconfigPackage: android.media.audiopolicy is mapped to system
06-01 22:45:17.807  5445  5445 I AconfigPackage: com.android.egg.flags is mapped to system
06-01 22:45:17.807  5445  5445 I AconfigPackage: com.android.internal.compat.flags is mapped to system
06-01 22:45:17.807  5445  5445 I AconfigPackage: android.security is mapped to system
06-01 22:45:17.808  5445  5445 I AconfigPackage: android.service.autofill is mapped to system
06-01 22:45:17.808  5445  5445 I AconfigPackage: com.example.android.aconfig.demo.flags is mapped to system
06-01 22:45:17.808  5445  5445 I AconfigPackage: android.view.flags is mapped to system
06-01 22:45:17.808  5445  5445 I AconfigPackage: android.companion.virtual.flags is mapped to system
06-01 22:45:17.808  5445  5445 I AconfigPackage: com.android.aconfig_new_storage is mapped to system
06-01 22:45:17.808  5445  5445 I AconfigPackage: com.android.server.feature.flags is mapped to system
06-01 22:45:17.808  5445  5445 I AconfigPackage: com.android.systemui is mapped to system
06-01 22:45:17.808  5445  5445 I AconfigPackage: com.android.server.power.batterysaver is mapped to system
06-01 22:45:17.808  5445  5445 I AconfigPackage: android.widget.flags is mapped to system
06-01 22:45:17.808  5445  5445 I AconfigPackage: com.android.media.editing.flags is mapped to system
06-01 22:45:17.808  5445  5445 I AconfigPackage: com.android.media.codec.flags is mapped to system
06-01 22:45:17.808  5445  5445 I AconfigPackage: com.android.server.powerstats is mapped to system
06-01 22:45:17.808  5445  5445 I AconfigPackage: com.android.graphics.egl.flags is mapped to system
06-01 22:45:17.808  5445  5445 I AconfigPackage: com.android.media.audioserver is mapped to system
06-01 22:45:17.808  5445  5445 I AconfigPackage: com.android.server.deviceidle is mapped to system
06-01 22:45:17.808  5445  5445 I AconfigPackage: android.nfc is mapped to system
06-01 22:45:17.808  5445  5445 I AconfigPackage: android.permission.flags is mapped to system
06-01 22:45:17.808  5445  5445 I AconfigPackage: android.service.voice.flags is mapped to system
06-01 22:45:17.808  5445  5445 I AconfigPackage: android.content.pm is mapped to system
06-01 22:45:17.808  5445  5445 I AconfigPackage: com.android.server.power.hint is mapped to system
06-01 22:45:17.808  5445  5445 I AconfigPackage: android.os is mapped to system
06-01 22:45:17.808  5445  5445 I AconfigPackage: android.service.dreams is mapped to system
06-01 22:45:17.808  5445  5445 I AconfigPackage: com.android.graphics.libgui.flags is mapped to system
06-01 22:45:17.808  5445  5445 I AconfigPackage: android.hardware.usb.flags is mapped to system
06-01 22:45:17.808  5445  5445 I AconfigPackage: android.provider is mapped to system
06-01 22:45:17.808  5445  5445 I AconfigPackage: com.android.server.job is mapped to system
06-01 22:45:17.808  5445  5445 I AconfigPackage: com.android.internal.foldables.flags is mapped to system
06-01 22:45:17.808  5445  5445 I AconfigPackage: com.android.internal.telephony.flags is mapped to system
06-01 22:45:17.808  5445  5445 I AconfigPackage: android.webkit is mapped to system
06-01 22:45:17.808  5445  5445 I AconfigPackage: android.credentials.flags is mapped to system
06-01 22:45:17.808  5445  5445 I AconfigPackage: com.android.server.display.feature.flags is mapped to system
06-01 22:45:17.808  5445  5445 I AconfigPackage: com.android.server.notification is mapped to system
06-01 22:45:17.808  5445  5445 I AconfigPackage: android.appwidget.flags is mapped to system
06-01 22:45:17.808  5445  5445 I AconfigPackage: com.android.frameworks.sensorservice.flags is mapped to system
06-01 22:45:17.808  5445  5445 I AconfigPackage: com.android.printspooler.flags is mapped to system
06-01 22:45:17.808  5445  5445 I AconfigPackage: com.android.window.flags is mapped to system
06-01 22:45:17.808  5445  5445 I AconfigPackage: android.adaptiveauth is mapped to system
06-01 22:45:17.808  5445  5445 I AconfigPackage: android.net.wifi.flags is mapped to system
06-01 22:45:17.808  5445  5445 I AconfigPackage: android.media.tv.flags is mapped to system
06-01 22:45:17.808  5445  5445 I AconfigPackage: com.android.server.usb.flags is mapped to system
06-01 22:45:17.808  5445  5445 I AconfigPackage: android.os.vibrator is mapped to system
06-01 22:45:17.808  5445  5445 I AconfigPackage: android.hardware.devicestate.feature.flags is mapped to system
06-01 22:45:17.808  5445  5445 I AconfigPackage: com.android.server.usage is mapped to system
06-01 22:45:17.808  5445  5445 I AconfigPackage: android.server is mapped to system
06-01 22:45:17.808  5445  5445 I AconfigPackage: com.android.wm.shell is mapped to system
06-01 22:45:17.808  5445  5445 I AconfigPackage: android.view.inputmethod is mapped to system
06-01 22:45:17.808  5445  5445 I AconfigPackage: com.android.graphics.hwui.flags is mapped to system
06-01 22:45:17.808  5445  5445 I AconfigPackage: com.android.server.backup is mapped to system
06-01 22:45:17.808  5445  5445 I AconfigPackage: com.android.internal.pm.pkg.component.flags is mapped to system
06-01 22:45:17.808  5445  5445 I AconfigPackage: android.view.accessibility is mapped to system
06-01 22:45:17.808  5445  5445 I AconfigPackage: com.google.wear.sdk is mapped to system
06-01 22:45:17.808  5445  5445 I AconfigPackage: android.media.audio is mapped to system
06-01 22:45:17.808  5445  5445 I AconfigPackage: com.android.server.am is mapped to system
06-01 22:45:17.808  5445  5445 I AconfigPackage: com.android.media.playback.flags is mapped to system
06-01 22:45:17.809  5445  5445 I AconfigPackage: com.android.art.flags is mapped to com.android.art
06-01 22:45:17.809  5445  5445 I AconfigPackage: com.android.libcore is mapped to com.android.art
06-01 22:45:17.809  5445  5445 I AconfigPackage: com.android.media.extractor.flags is mapped to com.android.media
06-01 22:45:17.809  5445  5445 I AconfigPackage: com.android.media.mainline.flags is mapped to com.android.media
06-01 22:45:17.809  5445  5445 I AconfigPackage: com.android.wifi.flags is mapped to com.android.wifi
06-01 22:45:17.810  5445  5445 I AconfigPackage: com.android.org.conscrypt.flags is mapped to com.android.conscrypt
06-01 22:45:17.810  5445  5445 I AconfigPackage: com.android.healthfitness.flags is mapped to com.android.healthfitness
06-01 22:45:17.810  5445  5445 I AconfigPackage: com.google.android.input.twoshay.flags is mapped to vendor
06-01 22:45:17.810  5445  5445 I AconfigPackage: libgooglecamerahal.flags is mapped to vendor
06-01 22:45:17.810  5445  5445 I AconfigPackage: com.android.ipsec.flags is mapped to com.android.ipsec
06-01 22:45:17.810  5445  5445 I AconfigPackage: com.android.nfc.module.flags is mapped to com.android.nfcservices
06-01 22:45:17.811  5445  5445 I AconfigPackage: com.android.adservices.ondevicepersonalization.flags is mapped to com.android.ondevicepersonalization
06-01 22:45:17.811  5445  5445 I AconfigPackage: com.android.bluetooth.flags is mapped to com.android.bt
06-01 22:45:17.811  5445  5445 I AconfigPackage: com.android.devicelock.flags is mapped to com.android.devicelock
06-01 22:45:17.811  5445  5445 I AconfigPackage: android.os.profiling is mapped to com.android.profiling
06-01 22:45:17.812  5445  5445 I AconfigPackage: com.android.os.statsd.flags is mapped to com.android.os.statsd
06-01 22:45:17.812  5445  5445 I AconfigPackage: com.android.cellbroadcastreceiver.flags is mapped to com.android.cellbroadcast
06-01 22:45:17.812  5445  5445 I AconfigPackage: com.android.adservices.flags is mapped to com.android.adservices
06-01 22:45:17.812  5445  5445 I AconfigPackage: com.android.sdksandbox.flags is mapped to com.android.adservices
06-01 22:45:17.812  5445  5445 I AconfigPackage: com.android.uwb.flags is mapped to com.android.uwb
06-01 22:45:17.812  5445  5445 I AconfigPackage: com.android.ranging.flags is mapped to com.android.uwb
06-01 22:45:17.812  5445  5445 I AconfigPackage: android.graphics.pdf.flags is mapped to com.android.mediaprovider
06-01 22:45:17.813  5445  5445 I AconfigPackage: com.android.providers.media.flags is mapped to com.android.mediaprovider
06-01 22:45:17.813  5445  5445 I AconfigPackage: android.graphics.pdf.flags.readonly is mapped to com.android.mediaprovider
06-01 22:45:17.813  5445  5445 I AconfigPackage: com.android.net.ct.flags is mapped to com.android.tethering
06-01 22:45:17.813  5445  5445 I AconfigPackage: com.android.net.flags is mapped to com.android.tethering
06-01 22:45:17.813  5445  5445 I AconfigPackage: android.net.vcn is mapped to com.android.tethering
06-01 22:45:17.813  5445  5445 I AconfigPackage: com.android.nearby.flags is mapped to com.android.tethering
06-01 22:45:17.813  5445  5445 I AconfigPackage: android.net.http is mapped to com.android.tethering
06-01 22:45:17.813  5445  5445 I AconfigPackage: com.android.net.thread.flags is mapped to com.android.tethering
06-01 22:45:17.813  5445  5445 I AconfigPackage: com.android.system.virtualmachine.flags is mapped to com.android.virt
06-01 22:45:17.813  5445  5445 E FeatureFlagsImplExport: android.os.flagging.AconfigStorageReadException: ERROR_PACKAGE_NOT_FOUND: package android.xr cannot be found on the device
06-01 22:45:17.817  5445  5445 D UiAutomationConnection: Created on user UserHandle{0}
06-01 22:45:17.817  5445  5445 I UiAutomation: Initialized for user 0 on display 0
06-01 22:45:17.817  5445  5445 W UiAutomation: Created with deprecatead constructor, assumes DEFAULT_DISPLAY
06-01 22:45:17.818   688  1761 D AccessibilityManagerService: changeCurrentUserForTestAutomationIfNeededLocked(0): ignoring because device doesn't support visible background users
06-01 22:45:17.818   688  1761 I UiAutomationManager: Registering UiTestAutomationService (id=com.android.server.accessibility/UiAutomation, flags=0x0) when called by user 0
06-01 22:45:17.819   688  1761 V AccessibilityManagerService: onUserStateChangedLocked for userId: 0, forceUpdate: false
06-01 22:45:17.820   688  1761 W MagnificationConnectionManager: requestConnection duplicated request: connect=false, mConnectionState=DISCONNECTED
06-01 22:45:17.821  1474  1483 I AiAiEcho: Settings changed for uri: content://settings/secure/accessibility_enabled
06-01 22:45:17.823  1474  1863 I AiAiEcho: Predicting[0]:  [CONTEXT sampling_count=5 ]
06-01 22:45:17.823  1474  1863 I AiAiEcho: EchoTargets: 
06-01 22:45:17.823  1474  1863 I AiAiEcho: Filtered by AiAi flag check: 
06-01 22:45:17.823  1474  1863 I AiAiEcho: [CONTEXT ratelimit_period="10 SECONDS" ]
06-01 22:45:17.823  1474  1863 I AiAiEcho: #remoteViewsTwiddler: feature disabled.
06-01 22:45:17.824  1474  1863 I AiAiEcho: Predicting[0]:  [CONTEXT sampling_count=5 ]
06-01 22:45:17.824  1474  1863 I AiAiEcho: EchoTargets: 
06-01 22:45:17.824  1474  1863 I AiAiEcho: Filtered by AiAi flag check: 
06-01 22:45:17.824  1474  1863 I AiAiEcho: [CONTEXT ratelimit_period="10 SECONDS" ]
06-01 22:45:17.824  1474  1863 I AiAiEcho: #remoteViewsTwiddler: feature disabled.
06-01 22:45:17.825  1474  1863 I AiAiEcho: #postPredictionTargets: Sending updates to UISurface home with targets# 0 (types=[])
06-01 22:45:17.825   688   688 W IPCThreadState: Sending oneway calls to frozen process.
06-01 22:45:17.825   688   688 W IPCThreadState: Sending oneway calls to frozen process.
06-01 22:45:17.826   688   688 W IPCThreadState: Sending oneway calls to frozen process.
06-01 22:45:17.826   688   688 W IPCThreadState: Sending oneway calls to frozen process.
06-01 22:45:17.826  1474  1863 I AiAiEcho: #postPredictionTargets: Sending updates to UISurface lockscreen with targets# 0 (types=[])
06-01 22:45:17.826   688   688 W IPCThreadState: Sending oneway calls to frozen process.
06-01 22:45:17.827   688   688 W IPCThreadState: Sending oneway calls to frozen process.
06-01 22:45:17.827   948   948 W PageIndicator: Total number of pages invalid: 0. Assuming 1 page.
06-01 22:45:17.827   688   688 W IPCThreadState: Sending oneway calls to frozen process.
06-01 22:45:17.827   688   688 W IPCThreadState: Sending oneway calls to frozen process.
06-01 22:45:17.835   688  1064 V AccessibilityManagerService: onUserStateChangedLocked for userId: 0, forceUpdate: false
06-01 22:45:17.836   688  1064 W MagnificationConnectionManager: requestConnection duplicated request: connect=false, mConnectionState=DISCONNECTED
06-01 22:45:17.839  1474  1483 I AiAiEcho: Settings changed for uri: content://settings/secure/accessibility_enabled
06-01 22:45:17.840  1084  1084 D SsBaseTemplateCard: No text view can be set up
06-01 22:45:17.840  1474  1863 I AiAiEcho: Predicting[0]:  [CONTEXT sampling_count=5 ]
06-01 22:45:17.840  1084  1084 D SsBaseTemplateCard: Passed-in item info is null
06-01 22:45:17.840  1084  1084 D SsBaseTemplateCard: Passed-in item info is null
06-01 22:45:17.840  1084  1084 D SsBaseTemplateCard: Passed-in item info is null
06-01 22:45:17.840  1084  1084 I SsBaseTemplateCard: Secondary card pane is null
06-01 22:45:17.838   688   688 W IPCThreadState: Sending oneway calls to frozen process.
06-01 22:45:17.841   688   688 W IPCThreadState: Sending oneway calls to frozen process.
06-01 22:45:17.841   688   688 W IPCThreadState: Sending oneway calls to frozen process.
06-01 22:45:17.841   688   688 W IPCThreadState: Sending oneway calls to frozen process.
06-01 22:45:17.842  1474  1863 I AiAiEcho: EchoTargets: 
06-01 22:45:17.842  1474  1863 I AiAiEcho: Filtered by AiAi flag check: 
06-01 22:45:17.842  1474  1863 I AiAiEcho: [CONTEXT ratelimit_period="10 SECONDS" ]
06-01 22:45:17.843   688   688 W IPCThreadState: Sending oneway calls to frozen process.
06-01 22:45:17.844  1474  1863 I AiAiEcho: #remoteViewsTwiddler: feature disabled.
06-01 22:45:17.844   688   688 W IPCThreadState: Sending oneway calls to frozen process.
06-01 22:45:17.844   688   688 W IPCThreadState: Sending oneway calls to frozen process.
06-01 22:45:17.844   688   688 W IPCThreadState: Sending oneway calls to frozen process.
06-01 22:45:17.845  1474  1863 I AiAiEcho: Predicting[0]:  [CONTEXT sampling_count=5 ]
06-01 22:45:17.845  1474  1863 I AiAiEcho: EchoTargets: 
06-01 22:45:17.845  1474  1863 I AiAiEcho: Filtered by AiAi flag check: 
06-01 22:45:17.845  1474  1863 I AiAiEcho: [CONTEXT ratelimit_period="10 SECONDS" ]
06-01 22:45:17.846  1474  1863 I AiAiEcho: #remoteViewsTwiddler: feature disabled.
06-01 22:45:17.848  1474  1863 I AiAiEcho: #postPredictionTargets: Sending updates to UISurface home with targets# 0 (types=[])
06-01 22:45:17.849   688   688 W IPCThreadState: Sending oneway calls to frozen process.
06-01 22:45:17.850  1474  1863 I AiAiEcho: #postPredictionTargets: Sending updates to UISurface lockscreen with targets# 0 (types=[])
06-01 22:45:17.850  1084  1084 D SsBaseTemplateCard: No text view can be set up
06-01 22:45:17.850  1084  1084 D SsBaseTemplateCard: Passed-in item info is null
06-01 22:45:17.850  1084  1084 D SsBaseTemplateCard: Passed-in item info is null
06-01 22:45:17.850  1084  1084 D SsBaseTemplateCard: Passed-in item info is null
06-01 22:45:17.850  1084  1084 I SsBaseTemplateCard: Secondary card pane is null
06-01 22:45:17.851   948   948 W PageIndicator: Total number of pages invalid: 0. Assuming 1 page.
06-01 22:45:17.851   688   688 W IPCThreadState: Sending oneway calls to frozen process.
06-01 22:45:17.851   688   688 W IPCThreadState: Sending oneway calls to frozen process.
06-01 22:45:17.852   688   688 W IPCThreadState: Sending oneway calls to frozen process.
06-01 22:45:17.854  1374  1575 D AccessibilitySourceService: enabled a11y services count 0
06-01 22:45:17.855  1374  1575 D AccessibilitySourceService: a11y source sending 0 issue to sc
06-01 22:45:17.856   688  1714 D SafetySourceDataValidat: No cert check requested for package com.google.android.permissioncontroller
06-01 22:45:17.857   688   688 D BatterySaverPolicy: accessibility changed to true, updating policy.
06-01 22:45:18.802  1069  1255 D SatelliteController: iisInCarrierRoamingNbIotNtn: satellite is disabled
