06-02 03:37:24.550  3901  9791 I artd    : GetBestInfo: odex next to the dex file (/data/app/~~oqHPZkItOTY-JdZP8j0YvQ==/com.google.android.gms-U8kK62mhhj2hUoGXPlJDnw==/oat/x86_64/split_MapsDynamite_installtime.odex) is kOatUpToDate with filter 'speed' executable 'false'
06-02 03:37:24.552  3901  9791 I artd    : GetBestInfo: odex next to the dex file (/data/app/~~oqHPZkItOTY-JdZP8j0YvQ==/com.google.android.gms-U8kK62mhhj2hUoGXPlJDnw==/oat/x86_64/split_MeasurementDynamite_installtime.odex) is kOatUpToDate with filter 'speed' executable 'false'
06-02 03:37:24.553  3901  9791 I artd    : GetBestInfo: odex next to the dex file (/data/app/~~oqHPZkItOTY-JdZP8j0YvQ==/com.google.android.gms-U8kK62mhhj2hUoGXPlJDnw==/oat/x86_64/split_all_locale_splits.odex) is kOatUpToDate with filter 'speed' executable 'false'
06-02 03:37:24.554  3901  9791 I artd    : GetBestInfo: /data/user_de/0/com.google.android.gms/app_chimera/m/00000001/CronetDynamite.apk has no usable artifacts
06-02 03:37:24.554  3901  9791 I artd    : GetBestInfo: /data/user_de/0/com.google.android.gms/app_chimera/m/00000002/DynamiteLoader.apk has no usable artifacts
06-02 03:37:24.555  3901  9791 I artd    : GetBestInfo: /data/user_de/0/com.google.android.gms/app_chimera/m/00000015/dl-Appsearch.optional_261631100800.apk has no usable artifacts
06-02 03:37:24.557  3901  9791 I artd    : GetBestInfo: /data/user_de/0/com.google.android.gms/app_chimera/m/00000011/dl-MlkitBarcodeUi.optional_261631100800.apk has no usable artifacts
06-02 03:37:24.557  3901  9791 I artd    : GetBestInfo: /data/user_de/0/com.google.android.gms/app_chimera/m/00000005/GoogleCertificates.apk has no usable artifacts
06-02 03:37:24.559  3901  9791 I artd    : GetBestInfo: /data/user_de/0/com.google.android.gms/app_chimera/m/00000017/dl-TfliteDynamiteDynamite.integ_260580502100800.apk has no usable artifacts
06-02 03:37:24.560  3901  9791 I artd    : GetBestInfo: /data/user_de/0/com.google.android.gms/app_chimera/m/0000000d/dl-TfliteDynamiteDynamite.integ_252130102100800.apk has no usable artifacts
06-02 03:37:24.561  3901  9791 I artd    : GetBestInfo: /data/user_de/0/com.google.android.gms/app_chimera/m/00000016/dl-IdentityCredentialsPlatform.optional_261631100800.apk has no usable artifacts
06-02 03:37:24.564  3901  9791 I artd    : GetBestInfo: /data/user_de/0/com.google.android.gms/app_chimera/m/0000000a/dl-MlkitBarcodeUi.optional_250834100800.apk has no usable artifacts
06-02 03:37:24.566  3901  9791 I artd    : GetBestInfo: vdex next to the dex file (/data/user/0/com.google.android.gms/app_dg_cache/92659AEB0EFADECE4CBB22D1DF07B00702EAAC36/oat/x86_64/the.vdex) is kOatUpToDate with filter 'verify' executable 'false'
06-02 03:37:24.567  3901  9791 I artd    : GetBestInfo: /data/user_de/0/com.google.android.gms/app_chimera/m/00000014/dl-PlayCloudSearch.optional_261631100000.apk has no usable artifacts
06-02 03:37:24.568  3901  9791 I artd    : GetBestInfo: /data/user/0/com.google.android.gms/app_dg_cache/BBB8ADBA11F43674FC873CF50B06D4CFE87E958C/the.apk has no usable artifacts
06-02 03:37:24.569  3901  9791 W artd    : Could not get dex checksums for location /data/app/~~JlUJQFlc4ygp9jZhE_7qYA==/com.android.vending-cRWAZr3GHq-n4fdFyU9thA==/base.apk, fd=-1
06-02 03:37:31.348  1069  1255 D SatelliteController: iisInCarrierRoamingNbIotNtn: satellite is disabled
06-02 03:37:31.349   688  1762 W IPCThreadState: Sending oneway calls to frozen process.
06-02 03:37:34.181 13215 13215 W dumpsys : Thread Pool max thread count is 0. Cannot cache binder as linkToDeath cannot be implemented. serviceName: package
06-02 03:37:34.533  3901  9791 I artd    : GetBestInfo: odex next to the dex file (/data/app/~~oqHPZkItOTY-JdZP8j0YvQ==/com.google.android.gms-U8kK62mhhj2hUoGXPlJDnw==/oat/x86_64/base.odex) is kOatUpToDate with filter 'speed-profile' executable 'false'
06-02 03:37:34.541  3901  9791 I artd    : GetBestInfo: odex next to the dex file (/data/app/~~oqHPZkItOTY-JdZP8j0YvQ==/com.google.android.gms-U8kK62mhhj2hUoGXPlJDnw==/oat/x86_64/split_AdsDynamite_installtime.odex) is kOatUpToDate with filter 'speed' executable 'false'
06-02 03:37:34.544  3901  9791 I artd    : GetBestInfo: odex next to the dex file (/data/app/~~oqHPZkItOTY-JdZP8j0YvQ==/com.google.android.gms-U8kK62mhhj2hUoGXPlJDnw==/oat/x86_64/split_CronetDynamite_installtime.odex) is kOatUpToDate with filter 'speed-profile' executable 'false'
06-02 03:37:34.547  3901  9791 I artd    : GetBestInfo: odex next to the dex file (/data/app/~~oqHPZkItOTY-JdZP8j0YvQ==/com.google.android.gms-U8kK62mhhj2hUoGXPlJDnw==/oat/x86_64/split_DynamiteLoader_installtime.odex) is kOatUpToDate with filter 'speed' executable 'false'
06-02 03:37:34.550  3901  9791 I artd    : GetBestInfo: odex next to the dex file (/data/app/~~oqHPZkItOTY-JdZP8j0YvQ==/com.google.android.gms-U8kK62mhhj2hUoGXPlJDnw==/oat/x86_64/split_DynamiteModulesA_installtime.odex) is kOatUpToDate with filter 'speed' executable 'false'
06-02 03:37:34.561  3901  9791 I artd    : GetBestInfo: odex next to the dex file (/data/app/~~oqHPZkItOTY-JdZP8j0YvQ==/com.google.android.gms-U8kK62mhhj2hUoGXPlJDnw==/oat/x86_64/split_DynamiteModulesC_installtime.odex) is kOatUpToDate with filter 'speed' executable 'false'
06-02 03:37:34.565  3901  9791 I artd    : GetBestInfo: odex next to the dex file (/data/app/~~oqHPZkItOTY-JdZP8j0YvQ==/com.google.android.gms-U8kK62mhhj2hUoGXPlJDnw==/oat/x86_64/split_GoogleCertificates_installtime.odex) is kOatUpToDate with filter 'speed' executable 'false'
06-02 03:37:34.569  3901  3902 I artd    : GetBestInfo: odex next to the dex file (/data/app/~~oqHPZkItOTY-JdZP8j0YvQ==/com.google.android.gms-U8kK62mhhj2hUoGXPlJDnw==/oat/x86_64/split_MapsDynamite_installtime.odex) is kOatUpToDate with filter 'speed' executable 'false'
06-02 03:37:34.572  3901  3902 I artd    : GetBestInfo: odex next to the dex file (/data/app/~~oqHPZkItOTY-JdZP8j0YvQ==/com.google.android.gms-U8kK62mhhj2hUoGXPlJDnw==/oat/x86_64/split_MeasurementDynamite_installtime.odex) is kOatUpToDate with filter 'speed' executable 'false'
06-02 03:37:34.574  3901  3902 I artd    : GetBestInfo: odex next to the dex file (/data/app/~~oqHPZkItOTY-JdZP8j0YvQ==/com.google.android.gms-U8kK62mhhj2hUoGXPlJDnw==/oat/x86_64/split_all_locale_splits.odex) is kOatUpToDate with filter 'speed' executable 'false'
06-02 03:37:34.575  3901  3902 I artd    : GetBestInfo: /data/user_de/0/com.google.android.gms/app_chimera/m/00000001/CronetDynamite.apk has no usable artifacts
06-02 03:37:34.577  3901  3902 I artd    : GetBestInfo: /data/user_de/0/com.google.android.gms/app_chimera/m/00000002/DynamiteLoader.apk has no usable artifacts
06-02 03:37:34.578  3901  3902 I artd    : GetBestInfo: /data/user_de/0/com.google.android.gms/app_chimera/m/00000015/dl-Appsearch.optional_261631100800.apk has no usable artifacts
06-02 03:37:34.580  3901  3902 I artd    : GetBestInfo: /data/user_de/0/com.google.android.gms/app_chimera/m/00000011/dl-MlkitBarcodeUi.optional_261631100800.apk has no usable artifacts
06-02 03:37:34.581  3901  3902 I artd    : GetBestInfo: /data/user_de/0/com.google.android.gms/app_chimera/m/00000005/GoogleCertificates.apk has no usable artifacts
06-02 03:37:34.582  3901  3902 I artd    : GetBestInfo: /data/user_de/0/com.google.android.gms/app_chimera/m/00000017/dl-TfliteDynamiteDynamite.integ_260580502100800.apk has no usable artifacts
06-02 03:37:34.584  3901  3902 I artd    : GetBestInfo: /data/user_de/0/com.google.android.gms/app_chimera/m/0000000d/dl-TfliteDynamiteDynamite.integ_252130102100800.apk has no usable artifacts
06-02 03:37:34.586  3901  3902 I artd    : GetBestInfo: /data/user_de/0/com.google.android.gms/app_chimera/m/00000016/dl-IdentityCredentialsPlatform.optional_261631100800.apk has no usable artifacts
06-02 03:37:34.587  3901  3902 I artd    : GetBestInfo: /data/user_de/0/com.google.android.gms/app_chimera/m/0000000a/dl-MlkitBarcodeUi.optional_250834100800.apk has no usable artifacts
06-02 03:37:34.591  3901  3902 I artd    : GetBestInfo: vdex next to the dex file (/data/user/0/com.google.android.gms/app_dg_cache/92659AEB0EFADECE4CBB22D1DF07B00702EAAC36/oat/x86_64/the.vdex) is kOatUpToDate with filter 'verify' executable 'false'
06-02 03:37:34.593  3901  3902 I artd    : GetBestInfo: /data/user_de/0/com.google.android.gms/app_chimera/m/00000014/dl-PlayCloudSearch.optional_261631100000.apk has no usable artifacts
06-02 03:37:34.594  3901  3902 I artd    : GetBestInfo: /data/user/0/com.google.android.gms/app_dg_cache/BBB8ADBA11F43674FC873CF50B06D4CFE87E958C/the.apk has no usable artifacts
06-02 03:37:34.595  3901  3902 W artd    : Could not get dex checksums for location /data/app/~~JlUJQFlc4ygp9jZhE_7qYA==/com.android.vending-cRWAZr3GHq-n4fdFyU9thA==/base.apk, fd=-1
06-02 03:37:34.759   688   710 I system_server: Background concurrent mark compact GC freed 23MB AllocSpace bytes, 7(140KB) LOS objects, 40% free, 34MB/58MB, paused 1.834ms,1.721ms total 154.621ms
06-02 03:37:35.680 13218 13218 D AndroidRuntime: >>>>>> START com.android.internal.os.RuntimeInit uid 2000 <<<<<<
06-02 03:37:35.687 13218 13218 I AndroidRuntime: Using default boot image
06-02 03:37:35.688 13218 13218 I AndroidRuntime: Leaving lock profiling enabled
06-02 03:37:35.697 13218 13218 I app_process: Using CollectorTypeCMC GC.
06-02 03:37:35.792 13218 13218 D nativeloader: InitDefaultPublicLibraries for_preload=1: libandroid.so:libaaudio.so:libamidi.so:libbinder_ndk.so:libc.so:libcamera2ndk.so:libdl.so:libEGL.so:libGLESv1_CM.so:libGLESv2.so:libGLESv3.so:libicu.so:libicui18n.so:libicuuc.so:libjnigraphics.so:liblog.so:libmediandk.so:libm.so:libnativehelper.so:libnativewindow.so:libOpenMAXAL.so:libOpenSLES.so:libRS.so:libstdc++.so:libsync.so:libvulkan.so:libwebviewchromium_plat_support.so:libz.so
06-02 03:37:35.810 13218 13218 D nativeloader: Load libicu_jni.so using APEX ns com_android_art for caller /apex/com.android.art/javalib/core-oj.jar: ok
06-02 03:37:35.810 13218 13218 D app_process: u_setTimeZoneFilesDirectory("/apex/com.android.tzdata/etc/tz/versioned/9/icu") succeeded. 
06-02 03:37:35.810 13218 13218 D app_process: I18n APEX ICU file found: /apex/com.android.i18n/etc/icu/icudt76l.dat
06-02 03:37:35.811 13218 13218 D nativeloader: Load libjavacore.so using APEX ns com_android_art for caller /apex/com.android.art/javalib/core-oj.jar: ok
06-02 03:37:35.812 13218 13218 D nativeloader: Load libopenjdk.so using APEX ns com_android_art for caller /apex/com.android.art/javalib/core-oj.jar: ok
06-02 03:37:35.813 13218 13218 W app_process: Unexpected CPU variant for x86: x86_64.
06-02 03:37:35.813 13218 13218 W app_process: Known variants: atom, sandybridge, silvermont, goldmont, goldmont-plus, goldmont-without-sha-xsaves, tremont, kabylake, alderlake, default
06-02 03:37:35.816 13218 13218 W app_process: ClassLoaderContext shared library size mismatch. Expected=2, found=0 (PCL[]{PCL[/system/framework/android.test.base.jar*2789897741]#PCL[/system/framework/android.test.mock.jar*3361312393]} | PCL[])
06-02 03:37:35.817 13218 13218 W app_process: ClassLoaderContext classpath size mismatch. expected=0, found=1 (PCL[]{PCL[/system/framework/android.test.runner.jar*895143020]#PCL[/system/framework/android.test.base.jar*2789897741]} | PCL[/system/framework/android.test.runner.jar*895143020])
06-02 03:37:35.839 13218 13218 D nativeloader: Load libframework-connectivity-tiramisu-jni.so using APEX ns com_android_tethering for caller /apex/com.android.tethering/javalib/framework-connectivity-t.jar: ok
06-02 03:37:35.839 13218 13218 D AndroidRuntime: Calling main entry com.android.commands.uiautomator.Launcher
06-02 03:37:35.843 13218 13218 I AconfigPackage: android.media.swcodec.flags is mapped to com.android.media.swcodec
06-02 03:37:35.843 13218 13218 I AconfigPackage: com.google.android.settings.simplemode.flags is mapped to system_ext
06-02 03:37:35.843 13218 13218 I AconfigPackage: com.google.android.systemui is mapped to system_ext
06-02 03:37:35.843 13218 13218 I AconfigPackage: com.google.android.apps.nexuslauncher is mapped to system_ext
06-02 03:37:35.844 13218 13218 I AconfigPackage: com.android.settings.accessibility is mapped to system_ext
06-02 03:37:35.844 13218 13218 I AconfigPackage: com.android.settings.flags is mapped to system_ext
06-02 03:37:35.844 13218 13218 I AconfigPackage: com.google.android.apps.miphone.aiai.matchmaker.overview.ui is mapped to system_ext
06-02 03:37:35.844 13218 13218 I AconfigPackage: com.google.android.settings.flags is mapped to system_ext
06-02 03:37:35.844 13218 13218 I AconfigPackage: com.android.launcher3 is mapped to system_ext
06-02 03:37:35.844 13218 13218 I AconfigPackage: com.android.wallpaper is mapped to system_ext
06-02 03:37:35.844 13218 13218 I AconfigPackage: com.android.settings.media_drm is mapped to system_ext
06-02 03:37:35.844 13218 13218 I AconfigPackage: com.android.systemui.accessibility.accessibilitymenu is mapped to system_ext
06-02 03:37:35.844 13218 13218 I AconfigPackage: com.android.settings.keyboard is mapped to system_ext
06-02 03:37:35.844 13218 13218 I AconfigPackage: com.android.server.policy.feature.flags is mapped to system_ext
06-02 03:37:35.844 13218 13218 I AconfigPackage: com.android.settings.factory_reset is mapped to system_ext
06-02 03:37:35.844 13218 13218 I AconfigPackage: com.google.android.haptics.flags is mapped to system_ext
06-02 03:37:35.844 13218 13218 I AconfigPackage: com.android.permission.flags is mapped to com.android.permission
06-02 03:37:35.844 13218 13218 I AconfigPackage: com.android.icu is mapped to com.android.i18n
06-02 03:37:35.845 13218 13218 I AconfigPackage: com.android.appsearch.flags is mapped to com.android.appsearch
06-02 03:37:35.845 13218 13218 I AconfigPackage: android.uprobestats.mainline.flags is mapped to com.android.uprobestats
06-02 03:37:35.845 13218 13218 I AconfigPackage: android.provider.flags is mapped to com.android.configinfrastructure
06-02 03:37:35.845 13218 13218 I AconfigPackage: com.android.server.deviceconfig is mapped to com.android.configinfrastructure
06-02 03:37:35.845 13218 13218 I AconfigPackage: com.android.nfc.flags is mapped to system
06-02 03:37:35.845 13218 13218 I AconfigPackage: android.app.admin.flags is mapped to system
06-02 03:37:35.845 13218 13218 I AconfigPackage: android.database.sqlite is mapped to system
06-02 03:37:35.845 13218 13218 I AconfigPackage: com.android.providers.calendar is mapped to system
06-02 03:37:35.846 13218 13218 I AconfigPackage: com.android.server.power.feature.flags is mapped to system
06-02 03:37:35.846 13218 13218 I AconfigPackage: com.android.media.performance.flags is mapped to system
06-02 03:37:35.846 13218 13218 I AconfigPackage: android.app.contextualsearch.flags is mapped to system
06-02 03:37:35.846 13218 13218 I AconfigPackage: android.app.ondeviceintelligence.flags is mapped to system
06-02 03:37:35.846 13218 13218 I AconfigPackage: com.android.media.projection.flags is mapped to system
06-02 03:37:35.846 13218 13218 I AconfigPackage: android.companion is mapped to system
06-02 03:37:35.846 13218 13218 I AconfigPackage: android.service.controls.flags is mapped to system
06-02 03:37:35.846 13218 13218 I AconfigPackage: com.android.text.flags is mapped to system
06-02 03:37:35.846 13218 13218 I AconfigPackage: com.android.providers.contactkeys.flags is mapped to system
06-02 03:37:35.846 13218 13218 I AconfigPackage: com.android.intentresolver is mapped to system
06-02 03:37:35.846 13218 13218 I AconfigPackage: android.companion.virtualdevice.flags is mapped to system
06-02 03:37:35.846 13218 13218 I AconfigPackage: android.uprobestats.flags is mapped to system
06-02 03:37:35.846 13218 13218 I AconfigPackage: com.android.net.thread.platform.flags is mapped to system
06-02 03:37:35.846 13218 13218 I AconfigPackage: android.view.contentprotection.flags is mapped to system
06-02 03:37:35.846 13218 13218 I AconfigPackage: com.android.server.dreams is mapped to system
06-02 03:37:35.846 13218 13218 I AconfigPackage: com.android.graphics.surfaceflinger.flags is mapped to system
06-02 03:37:35.846 13218 13218 I AconfigPackage: com.android.hardware.input is mapped to system
06-02 03:37:35.846 13218 13218 I AconfigPackage: android.sdk is mapped to system
06-02 03:37:35.846 13218 13218 I AconfigPackage: com.android.input.flags is mapped to system
06-02 03:37:35.846 13218 13218 I AconfigPackage: android.tracing is mapped to system
06-02 03:37:35.846 13218 13218 I AconfigPackage: com.android.server.biometrics is mapped to system
06-02 03:37:35.846 13218 13218 I AconfigPackage: android.view.contentcapture.flags is mapped to system
06-02 03:37:35.846 13218 13218 I AconfigPackage: android.app.job is mapped to system
06-02 03:37:35.846 13218 13218 I AconfigPackage: android.content.res is mapped to system
06-02 03:37:35.846 13218 13218 I AconfigPackage: android.net.platform.flags is mapped to system
06-02 03:37:35.846 13218 13218 I AconfigPackage: com.android.aconfig.flags is mapped to system
06-02 03:37:35.846 13218 13218 I AconfigPackage: com.android.graphics.flags is mapped to system
06-02 03:37:35.846 13218 13218 I AconfigPackage: android.server.app is mapped to system
06-02 03:37:35.846 13218 13218 I AconfigPackage: android.speech.flags is mapped to system
06-02 03:37:35.847 13218 13218 I AconfigPackage: com.android.server.stats is mapped to system
06-02 03:37:35.847 13218 13218 I AconfigPackage: android.hardware.biometrics is mapped to system
06-02 03:37:35.847 13218 13218 I AconfigPackage: android.car.feature is mapped to system
06-02 03:37:35.847 13218 13218 I AconfigPackage: android.adpf is mapped to system
06-02 03:37:35.847 13218 13218 I AconfigPackage: android.location.flags is mapped to system
06-02 03:37:35.847 13218 13218 I AconfigPackage: com.android.settingslib.flags is mapped to system
06-02 03:37:35.847 13218 13218 I AconfigPackage: com.android.managedprovisioning.flags is mapped to system
06-02 03:37:35.847 13218 13218 I AconfigPackage: android.app.assist.flags is mapped to system
06-02 03:37:35.847 13218 13218 I AconfigPackage: com.android.server.net is mapped to system
06-02 03:37:35.847 13218 13218 I AconfigPackage: com.android.settingslib.widget.flags is mapped to system
06-02 03:37:35.847 13218 13218 I AconfigPackage: com.android.internal.camera.flags is mapped to system
06-02 03:37:35.847 13218 13218 I AconfigPackage: com.android.hardware.libsensor.flags is mapped to system
06-02 03:37:35.847 13218 13218 I AconfigPackage: com.android.internal.jank is mapped to system
06-02 03:37:35.847 13218 13218 I AconfigPackage: com.android.providers.settings is mapped to system
06-02 03:37:35.847 13218 13218 I AconfigPackage: android.multiuser is mapped to system
06-02 03:37:35.847 13218 13218 I AconfigPackage: com.android.server.power.optimization is mapped to system
06-02 03:37:35.847 13218 13218 I AconfigPackage: com.android.calllogbackup is mapped to system
06-02 03:37:35.847 13218 13218 I AconfigPackage: com.android.media.flags is mapped to system
06-02 03:37:35.847 13218 13218 I AconfigPackage: com.android.server.flags is mapped to system
06-02 03:37:35.847 13218 13218 I AconfigPackage: com.android.graphics.libvulkan.flags is mapped to system
06-02 03:37:35.847 13218 13218 I AconfigPackage: android.app.appfunctions.flags is mapped to system
06-02 03:37:35.847 13218 13218 I AconfigPackage: android.app.smartspace.flags is mapped to system
06-02 03:37:35.847 13218 13218 I AconfigPackage: com.android.providers.contacts.flags is mapped to system
06-02 03:37:35.847 13218 13218 I AconfigPackage: com.android.shell.flags is mapped to system
06-02 03:37:35.847 13218 13218 I AconfigPackage: com.android.media.aaudio is mapped to system
06-02 03:37:35.847 13218 13218 I AconfigPackage: android.hardware.radio is mapped to system
06-02 03:37:35.847 13218 13218 I AconfigPackage: com.google.wear.services.infra.flags is mapped to system
06-02 03:37:35.847 13218 13218 I AconfigPackage: suspend_service.flags is mapped to system
06-02 03:37:35.847 13218 13218 I AconfigPackage: android.media.midi is mapped to system
06-02 03:37:35.847 13218 13218 I AconfigPackage: com.android.libcore.readonly is mapped to system
06-02 03:37:35.847 13218 13218 I AconfigPackage: com.android.settingslib.widget.selectorwithwidgetpreference.flags is mapped to system
06-02 03:37:35.847 13218 13218 I AconfigPackage: android.service.notification is mapped to system
06-02 03:37:35.847 13218 13218 I AconfigPackage: com.android.systemui.shared is mapped to system
06-02 03:37:35.847 13218 13218 I AconfigPackage: android.app.jank is mapped to system
06-02 03:37:35.847 13218 13218 I AconfigPackage: android.app.wearable is mapped to system
06-02 03:37:35.847 13218 13218 I AconfigPackage: com.android.media.audio is mapped to system
06-02 03:37:35.847 13218 13218 I AconfigPackage: android.service.chooser is mapped to system
06-02 03:37:35.848 13218 13218 I AconfigPackage: com.android.server.compat is mapped to system
06-02 03:37:35.848 13218 13218 I AconfigPackage: com.android.server.alarm is mapped to system
06-02 03:37:35.848 13218 13218 I AconfigPackage: com.android.apex.flags is mapped to system
06-02 03:37:35.848 13218 13218 I AconfigPackage: android.service.quickaccesswallet is mapped to system
06-02 03:37:35.848 13218 13218 I AconfigPackage: android.app.usage is mapped to system
06-02 03:37:35.848 13218 13218 I AconfigPackage: com.android.server.accessibility is mapped to system
06-02 03:37:35.848 13218 13218 I AconfigPackage: android.app.supervision.flags is mapped to system
06-02 03:37:35.848 13218 13218 I AconfigPackage: com.android.server.utils is mapped to system
06-02 03:37:35.848 13218 13218 I AconfigPackage: android.chre.flags is mapped to system
06-02 03:37:35.848 13218 13218 I AconfigPackage: android.content.flags is mapped to system
06-02 03:37:35.848 13218 13218 I AconfigPackage: android.media.codec is mapped to system
06-02 03:37:35.848 13218 13218 I AconfigPackage: com.android.internal.os is mapped to system
06-02 03:37:35.848 13218 13218 I AconfigPackage: com.android.nfc.nci.flags is mapped to system
06-02 03:37:35.848 13218 13218 I AconfigPackage: android.app is mapped to system
06-02 03:37:35.848 13218 13218 I AconfigPackage: android.security.keystore2 is mapped to system
06-02 03:37:35.848 13218 13218 I AconfigPackage: android.crashrecovery.flags is mapped to system
06-02 03:37:35.848 13218 13218 I AconfigPackage: com.android.tradeinmode.flags is mapped to system
06-02 03:37:35.848 13218 13218 I AconfigPackage: android.hardware.flags is mapped to system
06-02 03:37:35.848 13218 13218 I AconfigPackage: com.android.server.telecom.flags is mapped to system
06-02 03:37:35.848 13218 13218 I AconfigPackage: com.android.settingslib.media.flags is mapped to system
06-02 03:37:35.848 13218 13218 I AconfigPackage: com.android.server.policy is mapped to system
06-02 03:37:35.848 13218 13218 I AconfigPackage: android.media.audiopolicy is mapped to system
06-02 03:37:35.848 13218 13218 I AconfigPackage: com.android.egg.flags is mapped to system
06-02 03:37:35.848 13218 13218 I AconfigPackage: com.android.internal.compat.flags is mapped to system
06-02 03:37:35.848 13218 13218 I AconfigPackage: android.security is mapped to system
06-02 03:37:35.848 13218 13218 I AconfigPackage: android.service.autofill is mapped to system
06-02 03:37:35.848 13218 13218 I AconfigPackage: com.example.android.aconfig.demo.flags is mapped to system
06-02 03:37:35.848 13218 13218 I AconfigPackage: android.view.flags is mapped to system
06-02 03:37:35.848 13218 13218 I AconfigPackage: android.companion.virtual.flags is mapped to system
06-02 03:37:35.848 13218 13218 I AconfigPackage: com.android.aconfig_new_storage is mapped to system
06-02 03:37:35.849 13218 13218 I AconfigPackage: com.android.server.feature.flags is mapped to system
06-02 03:37:35.849 13218 13218 I AconfigPackage: com.android.systemui is mapped to system
06-02 03:37:35.849 13218 13218 I AconfigPackage: com.android.server.power.batterysaver is mapped to system
06-02 03:37:35.849 13218 13218 I AconfigPackage: android.widget.flags is mapped to system
06-02 03:37:35.849 13218 13218 I AconfigPackage: com.android.media.editing.flags is mapped to system
06-02 03:37:35.849 13218 13218 I AconfigPackage: com.android.media.codec.flags is mapped to system
06-02 03:37:35.849 13218 13218 I AconfigPackage: com.android.server.powerstats is mapped to system
06-02 03:37:35.849 13218 13218 I AconfigPackage: com.android.graphics.egl.flags is mapped to system
06-02 03:37:35.849 13218 13218 I AconfigPackage: com.android.media.audioserver is mapped to system
06-02 03:37:35.849 13218 13218 I AconfigPackage: com.android.server.deviceidle is mapped to system
06-02 03:37:35.849 13218 13218 I AconfigPackage: android.nfc is mapped to system
06-02 03:37:35.849 13218 13218 I AconfigPackage: android.permission.flags is mapped to system
06-02 03:37:35.849 13218 13218 I AconfigPackage: android.service.voice.flags is mapped to system
06-02 03:37:35.849 13218 13218 I AconfigPackage: android.content.pm is mapped to system
06-02 03:37:35.849 13218 13218 I AconfigPackage: com.android.server.power.hint is mapped to system
06-02 03:37:35.849 13218 13218 I AconfigPackage: android.os is mapped to system
06-02 03:37:35.849 13218 13218 I AconfigPackage: android.service.dreams is mapped to system
06-02 03:37:35.849 13218 13218 I AconfigPackage: com.android.graphics.libgui.flags is mapped to system
06-02 03:37:35.849 13218 13218 I AconfigPackage: android.hardware.usb.flags is mapped to system
06-02 03:37:35.849 13218 13218 I AconfigPackage: android.provider is mapped to system
06-02 03:37:35.849 13218 13218 I AconfigPackage: com.android.server.job is mapped to system
06-02 03:37:35.849 13218 13218 I AconfigPackage: com.android.internal.foldables.flags is mapped to system
06-02 03:37:35.849 13218 13218 I AconfigPackage: com.android.internal.telephony.flags is mapped to system
06-02 03:37:35.849 13218 13218 I AconfigPackage: android.webkit is mapped to system
06-02 03:37:35.849 13218 13218 I AconfigPackage: android.credentials.flags is mapped to system
06-02 03:37:35.849 13218 13218 I AconfigPackage: com.android.server.display.feature.flags is mapped to system
06-02 03:37:35.849 13218 13218 I AconfigPackage: com.android.server.notification is mapped to system
06-02 03:37:35.849 13218 13218 I AconfigPackage: android.appwidget.flags is mapped to system
06-02 03:37:35.849 13218 13218 I AconfigPackage: com.android.frameworks.sensorservice.flags is mapped to system
06-02 03:37:35.849 13218 13218 I AconfigPackage: com.android.printspooler.flags is mapped to system
06-02 03:37:35.849 13218 13218 I AconfigPackage: com.android.window.flags is mapped to system
06-02 03:37:35.849 13218 13218 I AconfigPackage: android.adaptiveauth is mapped to system
06-02 03:37:35.849 13218 13218 I AconfigPackage: android.net.wifi.flags is mapped to system
06-02 03:37:35.849 13218 13218 I AconfigPackage: android.media.tv.flags is mapped to system
06-02 03:37:35.850 13218 13218 I AconfigPackage: com.android.server.usb.flags is mapped to system
06-02 03:37:35.850 13218 13218 I AconfigPackage: android.os.vibrator is mapped to system
06-02 03:37:35.850 13218 13218 I AconfigPackage: android.hardware.devicestate.feature.flags is mapped to system
06-02 03:37:35.850 13218 13218 I AconfigPackage: com.android.server.usage is mapped to system
06-02 03:37:35.850 13218 13218 I AconfigPackage: android.server is mapped to system
06-02 03:37:35.850 13218 13218 I AconfigPackage: com.android.wm.shell is mapped to system
06-02 03:37:35.850 13218 13218 I AconfigPackage: android.view.inputmethod is mapped to system
06-02 03:37:35.850 13218 13218 I AconfigPackage: com.android.graphics.hwui.flags is mapped to system
06-02 03:37:35.850 13218 13218 I AconfigPackage: com.android.server.backup is mapped to system
06-02 03:37:35.850 13218 13218 I AconfigPackage: com.android.internal.pm.pkg.component.flags is mapped to system
06-02 03:37:35.850 13218 13218 I AconfigPackage: android.view.accessibility is mapped to system
06-02 03:37:35.850 13218 13218 I AconfigPackage: com.google.wear.sdk is mapped to system
06-02 03:37:35.850 13218 13218 I AconfigPackage: android.media.audio is mapped to system
06-02 03:37:35.850 13218 13218 I AconfigPackage: com.android.server.am is mapped to system
06-02 03:37:35.850 13218 13218 I AconfigPackage: com.android.media.playback.flags is mapped to system
06-02 03:37:35.850 13218 13218 I AconfigPackage: com.android.art.flags is mapped to com.android.art
06-02 03:37:35.850 13218 13218 I AconfigPackage: com.android.libcore is mapped to com.android.art
06-02 03:37:35.851 13218 13218 I AconfigPackage: com.android.media.extractor.flags is mapped to com.android.media
06-02 03:37:35.851 13218 13218 I AconfigPackage: com.android.media.mainline.flags is mapped to com.android.media
06-02 03:37:35.851 13218 13218 I AconfigPackage: com.android.wifi.flags is mapped to com.android.wifi
06-02 03:37:35.851 13218 13218 I AconfigPackage: com.android.org.conscrypt.flags is mapped to com.android.conscrypt
06-02 03:37:35.851 13218 13218 I AconfigPackage: com.android.healthfitness.flags is mapped to com.android.healthfitness
06-02 03:37:35.851 13218 13218 I AconfigPackage: com.google.android.input.twoshay.flags is mapped to vendor
06-02 03:37:35.852 13218 13218 I AconfigPackage: libgooglecamerahal.flags is mapped to vendor
06-02 03:37:35.852 13218 13218 I AconfigPackage: com.android.ipsec.flags is mapped to com.android.ipsec
06-02 03:37:35.852 13218 13218 I AconfigPackage: com.android.nfc.module.flags is mapped to com.android.nfcservices
06-02 03:37:35.855 13218 13218 I AconfigPackage: com.android.adservices.ondevicepersonalization.flags is mapped to com.android.ondevicepersonalization
06-02 03:37:35.855 13218 13218 I AconfigPackage: com.android.bluetooth.flags is mapped to com.android.bt
06-02 03:37:35.855 13218 13218 I AconfigPackage: com.android.devicelock.flags is mapped to com.android.devicelock
06-02 03:37:35.856 13218 13218 I AconfigPackage: android.os.profiling is mapped to com.android.profiling
06-02 03:37:35.856 13218 13218 I AconfigPackage: com.android.os.statsd.flags is mapped to com.android.os.statsd
06-02 03:37:35.856 13218 13218 I AconfigPackage: com.android.cellbroadcastreceiver.flags is mapped to com.android.cellbroadcast
06-02 03:37:35.856 13218 13218 I AconfigPackage: com.android.adservices.flags is mapped to com.android.adservices
06-02 03:37:35.857 13218 13218 I AconfigPackage: com.android.sdksandbox.flags is mapped to com.android.adservices
06-02 03:37:35.857 13218 13218 I AconfigPackage: com.android.uwb.flags is mapped to com.android.uwb
06-02 03:37:35.857 13218 13218 I AconfigPackage: com.android.ranging.flags is mapped to com.android.uwb
06-02 03:37:35.859 13218 13218 I AconfigPackage: android.graphics.pdf.flags is mapped to com.android.mediaprovider
06-02 03:37:35.860 13218 13218 I AconfigPackage: com.android.providers.media.flags is mapped to com.android.mediaprovider
06-02 03:37:35.860 13218 13218 I AconfigPackage: android.graphics.pdf.flags.readonly is mapped to com.android.mediaprovider
06-02 03:37:35.860 13218 13218 I AconfigPackage: com.android.net.ct.flags is mapped to com.android.tethering
06-02 03:37:35.860 13218 13218 I AconfigPackage: com.android.net.flags is mapped to com.android.tethering
06-02 03:37:35.861 13218 13218 I AconfigPackage: android.net.vcn is mapped to com.android.tethering
06-02 03:37:35.861 13218 13218 I AconfigPackage: com.android.nearby.flags is mapped to com.android.tethering
06-02 03:37:35.861 13218 13218 I AconfigPackage: android.net.http is mapped to com.android.tethering
06-02 03:37:35.861 13218 13218 I AconfigPackage: com.android.net.thread.flags is mapped to com.android.tethering
06-02 03:37:35.861 13218 13218 I AconfigPackage: com.android.system.virtualmachine.flags is mapped to com.android.virt
06-02 03:37:35.863 13218 13218 E FeatureFlagsImplExport: android.os.flagging.AconfigStorageReadException: ERROR_PACKAGE_NOT_FOUND: package android.xr cannot be found on the device
06-02 03:37:35.866 13218 13218 D UiAutomationConnection: Created on user UserHandle{0}
06-02 03:37:35.866 13218 13218 I UiAutomation: Initialized for user 0 on display 0
06-02 03:37:35.866 13218 13218 W UiAutomation: Created with deprecatead constructor, assumes DEFAULT_DISPLAY
06-02 03:37:35.870   688  1761 D AccessibilityManagerService: changeCurrentUserForTestAutomationIfNeededLocked(0): ignoring because device doesn't support visible background users
06-02 03:37:35.870   688  1761 I UiAutomationManager: Registering UiTestAutomationService (id=com.android.server.accessibility/UiAutomation, flags=0x0) when called by user 0
06-02 03:37:35.870   688  1761 V AccessibilityManagerService: onUserStateChangedLocked for userId: 0, forceUpdate: false
06-02 03:37:35.871   688  1761 W MagnificationConnectionManager: requestConnection duplicated request: connect=false, mConnectionState=DISCONNECTED
06-02 03:37:35.873  1474  2141 I AiAiEcho: Settings changed for uri: content://settings/secure/accessibility_enabled
06-02 03:37:35.873  1474  1863 I AiAiEcho: Predicting[0]:  [CONTEXT sampling_count=5 ]
06-02 03:37:35.873   688   688 W IPCThreadState: Sending oneway calls to frozen process.
06-02 03:37:35.873  1474  1863 I AiAiEcho: EchoTargets: 
06-02 03:37:35.873  1474  1863 I AiAiEcho: Filtered by AiAi flag check: 
06-02 03:37:35.873  1474  1863 I AiAiEcho: [CONTEXT ratelimit_period="10 SECONDS" ]
06-02 03:37:35.873   688   688 W IPCThreadState: Sending oneway calls to frozen process.
06-02 03:37:35.874   688   688 W IPCThreadState: Sending oneway calls to frozen process.
06-02 03:37:35.874  1474  1863 I AiAiEcho: #remoteViewsTwiddler: feature disabled.
06-02 03:37:35.874   688   688 W IPCThreadState: Sending oneway calls to frozen process.
06-02 03:37:35.874   688   688 W IPCThreadState: Sending oneway calls to frozen process.
06-02 03:37:35.874   688   688 W IPCThreadState: Sending oneway calls to frozen process.
06-02 03:37:35.874   688   688 W IPCThreadState: Sending oneway calls to frozen process.
06-02 03:37:35.874  1474  1863 I AiAiEcho: Predicting[0]:  [CONTEXT sampling_count=5 ]
06-02 03:37:35.874  1474  1863 I AiAiEcho: EchoTargets: 
06-02 03:37:35.874  1474  1863 I AiAiEcho: Filtered by AiAi flag check: 
06-02 03:37:35.874  1474  1863 I AiAiEcho: [CONTEXT ratelimit_period="10 SECONDS" ]
06-02 03:37:35.875  1474  1863 I AiAiEcho: #remoteViewsTwiddler: feature disabled.
06-02 03:37:35.875   688   688 W IPCThreadState: Sending oneway calls to frozen process.
06-02 03:37:35.875   688   688 W IPCThreadState: Sending oneway calls to frozen process.
06-02 03:37:35.876   688   688 W IPCThreadState: Sending oneway calls to frozen process.
06-02 03:37:35.876   688   688 W IPCThreadState: Sending oneway calls to frozen process.
06-02 03:37:35.876   688   688 W IPCThreadState: Sending oneway calls to frozen process.
06-02 03:37:35.876  1474  1863 I AiAiEcho: #postPredictionTargets: Sending updates to UISurface home with targets# 0 (types=[])
06-02 03:37:35.877   688   688 W IPCThreadState: Sending oneway calls to frozen process.
06-02 03:37:35.877   688   688 W IPCThreadState: Sending oneway calls to frozen process.
06-02 03:37:35.877   688  1173 V AccessibilityManagerService: onUserStateChangedLocked for userId: 0, forceUpdate: false
06-02 03:37:35.878  1474  1863 I AiAiEcho: #postPredictionTargets: Sending updates to UISurface lockscreen with targets# 0 (types=[])
06-02 03:37:35.879   688  1173 W MagnificationConnectionManager: requestConnection duplicated request: connect=false, mConnectionState=DISCONNECTED
06-02 03:37:35.880  1474  2141 I AiAiEcho: Settings changed for uri: content://settings/secure/accessibility_enabled
06-02 03:37:35.880  1474  1863 I AiAiEcho: Predicting[0]:  [CONTEXT sampling_count=5 ]
06-02 03:37:35.880   688   688 W IPCThreadState: Sending oneway calls to frozen process.
06-02 03:37:35.880  1474  1863 I AiAiEcho: EchoTargets: 
06-02 03:37:35.880  1474  1863 I AiAiEcho: Filtered by AiAi flag check: 
06-02 03:37:35.880  1474  1863 I AiAiEcho: [CONTEXT ratelimit_period="10 SECONDS" ]
06-02 03:37:35.881   688   688 W IPCThreadState: Sending oneway calls to frozen process.
06-02 03:37:35.881   688   688 W IPCThreadState: Sending oneway calls to frozen process.
06-02 03:37:35.881   688   688 W IPCThreadState: Sending oneway calls to frozen process.
06-02 03:37:35.881   688   688 W IPCThreadState: Sending oneway calls to frozen process.
06-02 03:37:35.881  1474  1863 I AiAiEcho: #remoteViewsTwiddler: feature disabled.
06-02 03:37:35.881   688   688 W IPCThreadState: Sending oneway calls to frozen process.
06-02 03:37:35.881   688   688 W IPCThreadState: Sending oneway calls to frozen process.
06-02 03:37:35.881  1474  1863 I AiAiEcho: Predicting[0]:  [CONTEXT sampling_count=5 ]
06-02 03:37:35.881  1474  1863 I AiAiEcho: EchoTargets: 
06-02 03:37:35.881  1474  1863 I AiAiEcho: Filtered by AiAi flag check: 
06-02 03:37:35.881  1474  1863 I AiAiEcho: [CONTEXT ratelimit_period="10 SECONDS" ]
06-02 03:37:35.882  1474  1863 I AiAiEcho: #remoteViewsTwiddler: feature disabled.
06-02 03:37:35.885  1474  1863 I AiAiEcho: #postPredictionTargets: Sending updates to UISurface home with targets# 0 (types=[])
06-02 03:37:35.886  1474  1863 I AiAiEcho: #postPredictionTargets: Sending updates to UISurface lockscreen with targets# 0 (types=[])
06-02 03:37:35.887   688   688 W IPCThreadState: Sending oneway calls to frozen process.
06-02 03:37:35.887   688   688 W IPCThreadState: Sending oneway calls to frozen process.
06-02 03:37:35.888  1084  1084 D SsBaseTemplateCard: No text view can be set up
06-02 03:37:35.888   688   688 W IPCThreadState: Sending oneway calls to frozen process.
06-02 03:37:35.889  1084  1084 D SsBaseTemplateCard: Passed-in item info is null
06-02 03:37:35.889  1084  1084 D SsBaseTemplateCard: Passed-in item info is null
06-02 03:37:35.889  1084  1084 D SsBaseTemplateCard: Passed-in item info is null
06-02 03:37:35.889  1084  1084 I SsBaseTemplateCard: Secondary card pane is null
06-02 03:37:35.890   688   688 W IPCThreadState: Sending oneway calls to frozen process.
06-02 03:37:35.890   688   688 W IPCThreadState: Sending oneway calls to frozen process.
06-02 03:37:35.890   688   688 W IPCThreadState: Sending oneway calls to frozen process.
06-02 03:37:35.892   688   688 W IPCThreadState: Sending oneway calls to frozen process.
06-02 03:37:35.892  1084  1084 D SsBaseTemplateCard: No text view can be set up
06-02 03:37:35.892  1084  1084 D SsBaseTemplateCard: Passed-in item info is null
06-02 03:37:35.892  1084  1084 D SsBaseTemplateCard: Passed-in item info is null
06-02 03:37:35.892  1084  1084 D SsBaseTemplateCard: Passed-in item info is null
06-02 03:37:35.892  1084  1084 I SsBaseTemplateCard: Secondary card pane is null
06-02 03:37:35.892   688   688 W IPCThreadState: Sending oneway calls to frozen process.
06-02 03:37:35.892   688   688 W IPCThreadState: Sending oneway calls to frozen process.
06-02 03:37:35.893   688   688 W IPCThreadState: Sending oneway calls to frozen process.
06-02 03:37:35.893   688   688 W IPCThreadState: Sending oneway calls to frozen process.
06-02 03:37:35.893   688   688 W IPCThreadState: Sending oneway calls to frozen process.
06-02 03:37:35.893   688   688 W IPCThreadState: Sending oneway calls to frozen process.
06-02 03:37:35.894   688   688 W IPCThreadState: Sending oneway calls to frozen process.
06-02 03:37:35.895   688   688 D BatterySaverPolicy: accessibility changed to true, updating policy.
06-02 03:37:35.896   948   948 W PageIndicator: Total number of pages invalid: 0. Assuming 1 page.
06-02 03:37:35.898   948   948 W PageIndicator: Total number of pages invalid: 0. Assuming 1 page.
06-02 03:37:37.072 13218 13218 W AccessibilityNodeInfoDumper: Fetch time: 158ms
06-02 03:37:37.074   688   715 V AccessibilityManagerService: onUserStateChangedLocked for userId: 0, forceUpdate: false
06-02 03:37:37.076   688   715 W MagnificationConnectionManager: requestConnection duplicated request: connect=false, mConnectionState=DISCONNECTED
06-02 03:37:37.076   688   715 D AccessibilityManagerService: restoreCurrentUserForTestAutomationIfNeededLocked(): ignoring because device doesn't support visible background users
06-02 03:37:37.077  1474  2141 I AiAiEcho: Settings changed for uri: content://settings/secure/accessibility_enabled
06-02 03:37:37.079  1474  1863 I AiAiEcho: Predicting[0]:  [CONTEXT sampling_count=5 ]
06-02 03:37:37.079  1474  1863 I AiAiEcho: EchoTargets: 
06-02 03:37:37.079  1474  1863 I AiAiEcho: Filtered by AiAi flag check: 
06-02 03:37:37.079  1474  1863 I AiAiEcho: [CONTEXT ratelimit_period="10 SECONDS" ]
06-02 03:37:37.079   688   688 W IPCThreadState: Sending oneway calls to frozen process.
06-02 03:37:37.079   688   688 W IPCThreadState: Sending oneway calls to frozen process.
06-02 03:37:37.079   688   688 W IPCThreadState: Sending oneway calls to frozen process.
06-02 03:37:37.079  1474  1863 I AiAiEcho: #remoteViewsTwiddler: feature disabled.
06-02 03:37:37.080  1474  1863 I AiAiEcho: Predicting[0]:  [CONTEXT sampling_count=5 ]
06-02 03:37:37.080  1474  1863 I AiAiEcho: EchoTargets: 
06-02 03:37:37.080  1474  1863 I AiAiEcho: Filtered by AiAi flag check: 
06-02 03:37:37.080  1474  1863 I AiAiEcho: [CONTEXT ratelimit_period="10 SECONDS" ]
06-02 03:37:37.080   688   688 W IPCThreadState: Sending oneway calls to frozen process.
06-02 03:37:37.080   688   688 W IPCThreadState: Sending oneway calls to frozen process.
06-02 03:37:37.080   688   688 W IPCThreadState: Sending oneway calls to frozen process.
06-02 03:37:37.080   688   688 W IPCThreadState: Sending oneway calls to frozen process.
06-02 03:37:37.080  1474  1863 I AiAiEcho: #remoteViewsTwiddler: feature disabled.
06-02 03:37:37.080 13218 13218 D AndroidRuntime: Shutting down VM
06-02 03:37:37.080   688   688 W IPCThreadState: Sending oneway calls to frozen process.
06-02 03:37:37.080   688   688 W IPCThreadState: Sending oneway calls to frozen process.
06-02 03:37:37.080 13218 13231 W IPCThreadState: call to talkWithDriver in joinThreadPool returned error: -9 (Bad file descriptor), FD: -1
06-02 03:37:37.081   688   688 W IPCThreadState: Sending oneway calls to frozen process.
06-02 03:37:37.081  1474  1863 I AiAiEcho: #postPredictionTargets: Sending updates to UISurface home with targets# 0 (types=[])
06-02 03:37:37.081   688   688 W IPCThreadState: Sending oneway calls to frozen process.
06-02 03:37:37.081 13218 13227 W IPCThreadState: call to talkWithDriver in joinThreadPool returned error: -9 (Bad file descriptor), FD: -1
06-02 03:37:37.081 13218 13228 W IPCThreadState: call to talkWithDriver in joinThreadPool returned error: -9 (Bad file descriptor), FD: -1
06-02 03:37:37.081  1474  1863 I AiAiEcho: #postPredictionTargets: Sending updates to UISurface lockscreen with targets# 0 (types=[])
06-02 03:37:37.082   688   688 W IPCThreadState: Sending oneway calls to frozen process.
06-02 03:37:37.082   688   688 W IPCThreadState: Sending oneway calls to frozen process.
06-02 03:37:37.082  1084  1084 D SsBaseTemplateCard: No text view can be set up
06-02 03:37:37.082   688   688 W IPCThreadState: Sending oneway calls to frozen process.
06-02 03:37:37.082  1084  1084 D SsBaseTemplateCard: Passed-in item info is null
06-02 03:37:37.082  1084  1084 D SsBaseTemplateCard: Passed-in item info is null
06-02 03:37:37.082  1084  1084 D SsBaseTemplateCard: Passed-in item info is null
06-02 03:37:37.082  1084  1084 I SsBaseTemplateCard: Secondary card pane is null
06-02 03:37:37.083   948   948 W PageIndicator: Total number of pages invalid: 0. Assuming 1 page.
06-02 03:37:37.086   688   688 W IPCThreadState: Sending oneway calls to frozen process.
06-02 03:37:37.086   688   688 W IPCThreadState: Sending oneway calls to frozen process.
06-02 03:37:37.086   688   688 W IPCThreadState: Sending oneway calls to frozen process.
06-02 03:37:37.086   688   688 W IPCThreadState: Sending oneway calls to frozen process.
06-02 03:37:37.086   688   688 W IPCThreadState: Sending oneway calls to frozen process.
06-02 03:37:37.086   688   688 W IPCThreadState: Sending oneway calls to frozen process.
06-02 03:37:37.087   688   688 W IPCThreadState: Sending oneway calls to frozen process.
06-02 03:37:37.088   688   688 D BatterySaverPolicy: accessibility changed to false, updating policy.
06-02 03:37:38.176 13235 13235 W screencap: Thread Pool max thread count is 0. Cannot cache binder as linkToDeath cannot be implemented. serviceName: SurfaceFlingerAIDL
06-02 03:37:38.176 13235 13235 W BpBinder: Linking to death on android.gui.ISurfaceComposer but there are no threads (yet?) listening to incoming transactions. See ProcessState::startThreadPool and ProcessState::setThreadPoolMaxThreadCount. Generally you should setup the binder threadpool before other initialization steps.
06-02 03:37:38.177 13235 13235 W ProcessState: Extra binder thread started, but 0 threads requested. Do not use *startThreadPool when zero threads are requested.
06-02 03:37:38.198   560   579 E HwcComposer: getLuts failed Status(-8, EX_SERVICE_SPECIFIC): '8: '
06-02 03:37:38.198   560   579 E HWComposer: getLuts: getLuts failed for display 4619827259835644672: UNSUPPORTED (8)
06-02 03:37:38.764  1084  1084 I ContextualSearchInvoker: Contextual Search invocation failed: no ContextualSearchManager
06-02 03:37:38.767  1084  1084 D StatsLog: LAUNCHER_LAUNCH_ASSISTANT_FAILED_SERVICE_ERROR
06-02 03:37:38.769  1084  1084 D OtherActivityInputConsumer: ACTION_DOWN: mIsDeferredDownTarget=false
06-02 03:37:38.797  1084  1084 D ContextTracker: Registering callback: com.android.launcher3.LauncherInitListener@36cdce0, reason=OtherActivityInputConsumer.startTouchTrackingForWindowAnimation
06-02 03:37:38.803  1084  1084 D RecentsView: onGestureAnimationStart - groupedTaskInfo: Desk ID= -1, Desk Display ID=-1, Tasks=[id=174 winMode=fullscreen visReq=true vis=true excluded=false baseIntent=com.aistudio.ereader.xynk/com.example.MainActivity], Type=FULLSCREEN, Minimized Task IDs=null
06-02 03:37:38.804  1084  1084 D RecentsView: showCurrentTask(onGestureAnimationStart) - groupedTaskInfo: Desk ID= -1, Desk Display ID=-1, Tasks=[id=174 winMode=fullscreen visReq=true vis=true excluded=false baseIntent=com.aistudio.ereader.xynk/com.example.MainActivity], Type=FULLSCREEN, Minimized Task IDs=null
06-02 03:37:38.817  1084  1084 D OverviewActionsView: updateForGroupedTask() called with: isGroupedTask = [false], canSaveAppPair = [false]
06-02 03:37:38.818  1084  1084 D OverviewActionsView: updateActionButtonsVisibility() called: showSingleTaskActions = [true], showGroupActions = [false]
06-02 03:37:38.819  1084  1084 D RecentsView: reloadIfNeeded - getTasks: 60
06-02 03:37:38.819  1084  1084 D OtherActivityInputConsumer: startTouchTrackingForWindowAnimation: isRecentsAnimationRunning=false
06-02 03:37:38.822  1084  1084 I NavHandleLongPressHandler: Contextual Search invocation: touch finished with reason: touch action up
06-02 03:37:38.829  1084  1084 D OtherActivityInputConsumer: finishTouchTracking: mPassedWindowMoveSlop=false
06-02 03:37:38.829   948   991 V ShellRecents: RecentsTransitionHandler.startRecentsTransition
06-02 03:37:38.830  1084  1084 D OtherActivityInputConsumer: finishTouchTracking: mInteractionHandler=com.android.quickstep.LauncherSwipeHandlerV2@985a272
06-02 03:37:38.830  1084  1084 D OtherActivityInputConsumer: finishTouchTracking: ev=MotionEvent { action=ACTION_UP, actionButton=0, id[0]=0, x[0]=405.0, y[0]=2330.0, toolType[0]=TOOL_TYPE_FINGER, buttonState=0, classification=NONE, metaState=0, flags=0x0, edgeFlags=0x0, pointerCount=1, historySize=0, eventTime=18846426, downTime=18846426, deviceId=-1, source=0x1002, displayId=0, eventId=-692953167 }
06-02 03:37:38.830  1084  1084 D OtherActivityInputConsumer: finishTouchTracking: mActiveCallbacks=com.android.quickstep.RecentsAnimationCallbacks@f884b40
06-02 03:37:38.830  1084  1084 D OtherActivityInputConsumer: finishTouchTracking: isRecentsAnimationRunning=false
06-02 03:37:38.830  1084  1084 D ContextTracker: Unregistering callback: com.android.launcher3.LauncherInitListener@36cdce0, reason=AbsSwipeUpHandler.invalidateHandler
06-02 03:37:38.831   948   991 V WindowManagerShell: Directly starting a new transition type=TO_FRONT wct=WindowContainerTransaction { changes= {} hops= [{pendingIntent: options=Bundle[{android.activity.splashScreenStyle=-1, android.activity.sourceInfo=Supplier{VAL_PARCELABLE@148+104}, android.pendingIntent.backgroundActivityAllowed=3, android:activity.animAbortListener=null, android.activity.transientLaunch=true}]}] errorCallbackToken=null taskFragmentOrganizer=null } handler=com.android.wm.shell.recents.RecentsTransitionHandler@84fbf4e
06-02 03:37:38.831  1084  1084 D OverviewActionsView: updateForGroupedTask() called with: isGroupedTask = [false], canSaveAppPair = [false]
06-02 03:37:38.831  1084  1084 D OverviewActionsView: updateActionButtonsVisibility() called: showSingleTaskActions = [true], showGroupActions = [false]
06-02 03:37:38.831  1084  1084 D OverviewActionsView: updateForGroupedTask() called with: isGroupedTask = [false], canSaveAppPair = [false]
06-02 03:37:38.831  1084  1084 D OverviewActionsView: updateActionButtonsVisibility() called: showSingleTaskActions = [true], showGroupActions = [false]
06-02 03:37:38.832  1084  1084 D RecentsView: onGestureAnimationEnd - mEnableDrawingLiveTile: false
06-02 03:37:38.833  1084  1084 D StateManager: goToState - fromState: Normal, toState: Normal, partial trace:
06-02 03:37:38.833  1084  1084 D StateManager: 	at com.android.quickstep.BaseActivityInterface.onTransitionCancelled(go/retraceme 72a59688580715d19f0e415c69e80376c2f062d1648c80db6730905005a27c20:57)
06-02 03:37:38.833  1084  1084 D StateManager: 	at com.android.quickstep.AbsSwipeUpHandler.resetStateForAnimationCancel(go/retraceme 72a59688580715d19f0e415c69e80376c2f062d1648c80db6730905005a27c20:22)
