--------- beginning of system
06-01 22:39:03.783   688   731 D ActivityManager: sync unfroze 1374 com.google.android.permissioncontroller for 3
--------- beginning of main
06-01 22:39:03.786  3131  3131 I Finsky  : [2] Memory trim requested to level 40
06-01 22:39:03.826  1084  1842 W HWUI    : Failed to choose config with EGL_SWAP_BEHAVIOR_PRESERVED, retrying without...
06-01 22:39:03.826  3167  3167 I Finsky:background: [2] Memory trim requested to level 40
06-01 22:39:03.826  1084  1842 W HWUI    : Failed to initialize 101010-2 format, error = EGL_SUCCESS
06-01 22:39:03.828  1458  1458 W MediaProvider: WorkProfileOwnerApps cache is empty
06-01 22:39:03.828  1458  1458 D PickerSyncLockManager: Trying to acquire lock com.android.providers.media.photopicker.sync.CloseableReentrantLock@2edef11[Unlocked]. Lock Name = CLOUD_PROVIDER_LOCK. Threads that may be waiting to acquire this lock = []
06-01 22:39:03.829  1458  1458 D CloseableReentrantLock: Successfully acquired lock com.android.providers.media.photopicker.sync.CloseableReentrantLock@2edef11[Locked by thread main]. Lock Name = CLOUD_PROVIDER_LOCK. Threads that may be waiting to acquire this lock = []
06-01 22:39:03.829  1458  1458 D CloseableReentrantLock: Successfully released lock com.android.providers.media.photopicker.sync.CloseableReentrantLock@2edef11[Unlocked]. Lock Name = CLOUD_PROVIDER_LOCK. Threads that may be waiting to acquire this lock = []
06-01 22:39:03.834  3167  3167 D ActivityThread: Package [com.aistudio.ereader.xynk] reported as REPLACED, but missing application info. Assuming REMOVED.
06-01 22:39:03.852  3131  3131 I Finsky  : [2] Flushing in-memory image cache
06-01 22:39:03.854   688  1761 W AppOpService: Ignored setUidMode call for runtime permission app op: uid = 1001, code = READ_SMS, mode = allow, callingUid = 1001, oldMode = allow
06-01 22:39:03.855   688  1761 W AppOpService: Ignored setUidMode call for runtime permission app op: uid = 1001, code = RECEIVE_SMS, mode = allow, callingUid = 1001, oldMode = allow
06-01 22:39:03.855   688  1761 W AppOpService: Ignored setUidMode call for runtime permission app op: uid = 1001, code = RECEIVE_WAP_PUSH, mode = allow, callingUid = 1001, oldMode = allow
06-01 22:39:03.861   688   769 W AppOpService: Ignored setUidMode call for runtime permission app op: uid = 1001, code = SEND_SMS, mode = allow, callingUid = 1001, oldMode = allow
06-01 22:39:03.861   688  1761 W AppOpService: Ignored setUidMode call for runtime permission app op: uid = 1001, code = READ_CELL_BROADCASTS, mode = allow, callingUid = 1001, oldMode = allow
06-01 22:39:03.866  3131  3131 D ActivityThread: Package [com.aistudio.ereader.xynk] reported as REPLACED, but missing application info. Assuming REMOVED.
06-01 22:39:03.867  3167  3167 D ActivityThread: Package [com.aistudio.ereader.xynk] reported as REPLACED, but missing application info. Assuming REMOVED.
06-01 22:39:03.869  3167  3167 I Finsky:background: [2] Memory trim requested to level 40
06-01 22:39:03.869  3167  3167 I Finsky:background: [2] Memory trim requested to level 40
06-01 22:39:03.879  3131  3131 D ActivityThread: Package [com.aistudio.ereader.xynk] reported as REPLACED, but missing application info. Assuming REMOVED.
06-01 22:39:03.887  1084  1120 W HWUI    : Image decoding logging dropped!
06-01 22:39:03.888  3131  3131 I Finsky  : [2] Memory trim requested to level 40
06-01 22:39:03.888  3131  3131 I Finsky  : [2] Flushing in-memory image cache
06-01 22:39:03.889  3131  3131 I Finsky  : [2] Memory trim requested to level 40
06-01 22:39:03.889  3131  3131 I Finsky  : [2] Flushing in-memory image cache
06-01 22:39:03.893  1084  1120 D AlphabeticIndexCompat: computeSectionName: cs: E-Reader sectionName: E
06-01 22:39:03.896  1374  1374 D ActivityThread: Package [com.aistudio.ereader.xynk] reported as REPLACED, but missing application info. Assuming REMOVED.
06-01 22:39:03.897  1374  1374 D ActivityThread: Package [com.aistudio.ereader.xynk] reported as REPLACED, but missing application info. Assuming REMOVED.
06-01 22:39:03.899  1374  1578 D AccessibilitySourceService: enabled a11y services count 0
06-01 22:39:03.899  1374  1578 D AccessibilitySourceService: a11y source sending 0 issue to sc
06-01 22:39:03.899  1084  1084 D AllAppsStore: setApps: apps.length=22
06-01 22:39:03.899  1084  1084 D AllAppsStore: notifyUpdate: notifying listeners
06-01 22:39:03.900  1084  1084 D ActivityAllAppsContainerView: onAppsUpdated; number of apps: 22
06-01 22:39:03.900  1084  1084 D ActivityAllAppsContainerView: rebindAdapters: force: false
06-01 22:39:03.900  1084  1084 D ActivityAllAppsContainerView: rebindAdapters: Not needed.
06-01 22:39:03.900  1084  1084 D StatsLog: LAUNCHER_ALLAPPS_COUNT
06-01 22:39:03.900  1084  1084 D AlphabeticalAppsList: Clearing FastScrollerSections.
06-01 22:39:03.900  1084  1084 D AlphabeticalAppsList: Adding apps with sections. HasPrivateApps: false
06-01 22:39:03.900  1084  1084 D AlphabeticalAppsList: addAppsWithSections: adding sectionName: C with appInfoTitle: Calendar
06-01 22:39:03.900  1084  1084 D AlphabeticalAppsList: addAppsWithSections: adding sectionName: D with appInfoTitle: DrDuc Translator
06-01 22:39:03.900  1084  1084 D AlphabeticalAppsList: addAppsWithSections: adding sectionName: E with appInfoTitle: E-Reader
06-01 22:39:03.900  1084  1084 D AlphabeticalAppsList: addAppsWithSections: adding sectionName: F with appInfoTitle: Files
06-01 22:39:03.900  1084  1084 D AlphabeticalAppsList: addAppsWithSections: adding sectionName: G with appInfoTitle: Gmail
06-01 22:39:03.900  1084  1084 D AlphabeticalAppsList: addAppsWithSections: adding sectionName: M with appInfoTitle: Maps
06-01 22:39:03.900  1084  1084 D AlphabeticalAppsList: addAppsWithSections: adding sectionName: P with appInfoTitle: Phone
06-01 22:39:03.900  1084  1084 D AlphabeticalAppsList: addAppsWithSections: adding sectionName: S with appInfoTitle: Safety
06-01 22:39:03.900  1084  1084 D AlphabeticalAppsList: addAppsWithSections: adding sectionName: T with appInfoTitle: TMoble
06-01 22:39:03.900  1084  1084 D AlphabeticalAppsList: addAppsWithSections: adding sectionName: V with appInfoTitle: Voice Access
06-01 22:39:03.900  1084  1084 D AlphabeticalAppsList: addAppsWithSections: adding sectionName: Y with appInfoTitle: YouTube
06-01 22:39:03.901  1084  1084 D AlphabeticalAppsList: Adding FastScrollSection duplicate to scroll to the bottom.
06-01 22:39:03.901  1084  1084 D AlphabeticalAppsList: Clearing FastScrollerSections.
06-01 22:39:03.901  1084  1084 D AlphabeticalAppsList: Adding apps with sections. HasPrivateApps: false
06-01 22:39:03.901  1084  1084 D AlphabeticalAppsList: addAppsWithSections: adding sectionName: C with appInfoTitle: Calendar
06-01 22:39:03.901  1084  1084 D AlphabeticalAppsList: addAppsWithSections: adding sectionName: D with appInfoTitle: DrDuc Translator
06-01 22:39:03.901  1084  1084 D AlphabeticalAppsList: addAppsWithSections: adding sectionName: E with appInfoTitle: E-Reader
06-01 22:39:03.901  1084  1084 D AlphabeticalAppsList: addAppsWithSections: adding sectionName: F with appInfoTitle: Files
06-01 22:39:03.901  1084  1084 D AlphabeticalAppsList: addAppsWithSections: adding sectionName: G with appInfoTitle: Gmail
06-01 22:39:03.901  1084  1084 D AlphabeticalAppsList: addAppsWithSections: adding sectionName: M with appInfoTitle: Maps
06-01 22:39:03.901  1084  1084 D AlphabeticalAppsList: addAppsWithSections: adding sectionName: P with appInfoTitle: Phone
06-01 22:39:03.901  1084  1084 D AlphabeticalAppsList: addAppsWithSections: adding sectionName: S with appInfoTitle: Safety
06-01 22:39:03.901  1084  1084 D AlphabeticalAppsList: addAppsWithSections: adding sectionName: T with appInfoTitle: TMoble
06-01 22:39:03.901  1084  1084 D AlphabeticalAppsList: addAppsWithSections: adding sectionName: V with appInfoTitle: Voice Access
06-01 22:39:03.901  1084  1084 D AlphabeticalAppsList: addAppsWithSections: adding sectionName: Y with appInfoTitle: YouTube
06-01 22:39:03.901  1084  1084 D AlphabeticalAppsList: Adding FastScrollSection duplicate to scroll to the bottom.
06-01 22:39:03.902   688  1761 D SafetySourceDataValidat: No cert check requested for package com.google.android.permissioncontroller
06-01 22:39:03.903   688   811 I system_server: AssetManager2(0x7bbe424b7ab8) locale list changing from [] to [en-US]
06-01 22:39:03.907  3167  3167 I Finsky:background: [2] ajwj - Received: android.intent.action.PACKAGE_REMOVED, [VnSdAoRqS0Csie51y2fWaADrFJpr7JWvD05KPu_jrLA]
06-01 22:39:03.909  3131  3131 I Finsky  : [2] ajwt - Received: android.intent.action.PACKAGE_REMOVED, [VnSdAoRqS0Csie51y2fWaADrFJpr7JWvD05KPu_jrLA]
06-01 22:39:03.910   688   688 W Looper  : Slow dispatch took 208ms main app=system_server main=true group=FOREGROUND h=android.app.ActivityThread$H c=android.app.LoadedApk$ReceiverDispatcher$Args$$ExternalSyntheticLambda0@7803407 m=0
06-01 22:39:03.912   688   688 I Telecom : CarModeTracker: Package com.aistudio.ereader.xynk is not tracked.: SSH.oR@AH4
06-01 22:39:03.912   688   688 I Telecom : InCallController: updateCarModeForConnections: car mode apps: : SSH.oR@AH4
06-01 22:39:03.912   688   688 I Telecom : InCallController: update carmode current:UserHandle{0} parent:null: SSH.oR@AH4
06-01 22:39:03.916  1374  1374 I SafetyLabelChangedBroadcastReceiver: received broadcast packageName: com.aistudio.ereader.xynk, current user: UserHandle{0}, packageChangeEvent: UPDATE, intent user: UserHandle{0}
06-01 22:39:03.928  1374  1578 D AccessibilitySourceService: enabled a11y services count 0
06-01 22:39:03.928  1374  1578 D AccessibilitySourceService: a11y source sending 0 issue to sc
06-01 22:39:03.937   688  1307 D SafetySourceDataValidat: No cert check requested for package com.google.android.permissioncontroller
06-01 22:39:03.942   688   811 V AccessibilityManagerService: onUserStateChangedLocked for userId: 0, forceUpdate: false
06-01 22:39:03.945   688   811 W MagnificationConnectionManager: requestConnection duplicated request: connect=false, mConnectionState=DISCONNECTED
06-01 22:39:03.951   688   811 V AccessibilityManagerService: onUserStateChangedLocked for userId: 0, forceUpdate: false
06-01 22:39:03.964   688   811 W MagnificationConnectionManager: requestConnection duplicated request: connect=false, mConnectionState=DISCONNECTED
06-01 22:39:03.969  1374  1578 D AccessibilitySourceService: enabled a11y services count 0
06-01 22:39:03.969  1374  1578 D AccessibilitySourceService: a11y source sending 0 issue to sc
06-01 22:39:03.970   688  1761 D SafetySourceDataValidat: No cert check requested for package com.google.android.permissioncontroller
06-01 22:39:03.976  1084  1084 D b/387844520: getOutlineOffsetX: measured width = 173, mNormalizedIconSize = 159, last updated width = 173
06-01 22:39:03.978  1474  1483 I AiAiEcho: Settings changed for uri: content://settings/secure/accessibility_enabled
06-01 22:39:03.991  1474  1863 I AiAiEcho: Predicting[0]:  [CONTEXT sampling_count=5 ]
06-01 22:39:03.992  1474  1863 I AiAiEcho: EchoTargets: 
06-01 22:39:03.992  1474  1863 I AiAiEcho: Filtered by AiAi flag check: 
06-01 22:39:03.992  1474  1863 I AiAiEcho: [CONTEXT ratelimit_period="10 SECONDS" ]
06-01 22:39:03.993  1474  1863 I AiAiEcho: #remoteViewsTwiddler: feature disabled.
06-01 22:39:03.997  1474  1863 I AiAiEcho: Predicting[0]:  [CONTEXT sampling_count=5 ]
06-01 22:39:03.999  1474  1863 I AiAiEcho: EchoTargets: 
06-01 22:39:03.999  1474  1863 I AiAiEcho: Filtered by AiAi flag check: 
06-01 22:39:03.999  1474  1863 I AiAiEcho: [CONTEXT ratelimit_period="10 SECONDS" ]
06-01 22:39:04.002  1474  1863 I AiAiEcho: #remoteViewsTwiddler: feature disabled.
06-01 22:39:04.004  1474  1863 I AiAiEcho: #postPredictionTargets: Sending updates to UISurface home with targets# 0 (types=[])
06-01 22:39:04.005  1474  1863 I AiAiEcho: #postPredictionTargets: Sending updates to UISurface lockscreen with targets# 0 (types=[])
06-01 22:39:04.015  1069  1251 D ImsResolver: maybeAddedImsService, packageName: com.aistudio.ereader.xynk
06-01 22:39:04.016  1069  1251 V ImsResolver: searchForImsServices: package=com.aistudio.ereader.xynk, users=[UserHandle{0}]
06-01 22:39:04.043   948   948 W PageIndicator: Total number of pages invalid: 0. Assuming 1 page.
06-01 22:39:04.047  1069  1251 V ImsResolver: searchForImsServices: package=com.aistudio.ereader.xynk, users=[UserHandle{0}]
06-01 22:39:04.053  1069  1069 W VvmPkgInstalledRcvr: carrierVvmPkgAdded: carrier vvm packages doesn't contain com.aistudio.ereader.xynk
06-01 22:39:04.053  1069  1069 D ActivityThread: Package [com.aistudio.ereader.xynk] reported as REPLACED, but missing application info. Assuming REMOVED.
06-01 22:39:04.061  1069  1069 D ActivityThread: Package [com.aistudio.ereader.xynk] reported as REPLACED, but missing application info. Assuming REMOVED.
06-01 22:39:04.063  3167  4725 I Finsky:background: [95] Wrote row to frosting DB: 2526
06-01 22:39:04.063   688   898 D BackgroundInstallControlService: Package event received: 0
06-01 22:39:04.075   688   688 W Looper  : Slow dispatch took 160ms main app=system_server main=true group=FOREGROUND h=android.app.ActivityThread$H c=android.app.LoadedApk$ReceiverDispatcher$Args$$ExternalSyntheticLambda0@da2143d m=0
06-01 22:39:04.086  1084  1084 D SsBaseTemplateCard: No text view can be set up
06-01 22:39:04.086  1084  1084 D SsBaseTemplateCard: Passed-in item info is null
06-01 22:39:04.086  1084  1084 D SsBaseTemplateCard: Passed-in item info is null
06-01 22:39:04.086  1084  1084 D SsBaseTemplateCard: Passed-in item info is null
06-01 22:39:04.086  1084  1084 I SsBaseTemplateCard: Secondary card pane is null
06-01 22:39:04.101   688   769 I ActivityManager: Force stopping com.aistudio.ereader.xynk appid=10225 user=0: from pid 4729
06-01 22:39:04.102   688   769 I WindowManager:   Force removing ActivityRecord{71249681 u0 com.aistudio.ereader.xynk/com.example.MainActivity t166 f} isExiting}
06-01 22:39:04.102   688   769 W WindowManager: removeAppToken: Attempted to remove non-existing token: Token{54d7a68 ActivityRecord{71249681 u0 com.aistudio.ereader.xynk/com.example.MainActivity t166 f} isExiting}}
06-01 22:39:04.110  3167  3167 I Finsky:background: [2] ajwj - Received: android.intent.action.PACKAGE_ADDED, [VnSdAoRqS0Csie51y2fWaADrFJpr7JWvD05KPu_jrLA]
06-01 22:39:04.115   688   769 W ProcessStats: Tracking association SourceState{85f72d7 com.google.android.apps.nexuslauncher/10182 BTop #2491} whose proc state 2 is better than process ProcessState{fc8ba0c com.google.android.apps.wellbeing/10147 pkg=com.google.android.apps.wellbeing} proc state 14 (0 skipped)
06-01 22:39:04.119   688   769 I AppsFilter: interaction: PackageSetting{6dc56a4 com.android.microdroid.empty_payload/10196} -> PackageSetting{eeb97c4 com.aistudio.ereader.xynk/10225} BLOCKED
06-01 22:39:04.119   688   769 I AppsFilter: interaction: PackageSetting{cc41a28 com.drduc.translator/10217} -> PackageSetting{eeb97c4 com.aistudio.ereader.xynk/10225} BLOCKED
06-01 22:39:04.135  3167  3253 I Finsky:background: [56] IQ:PSL: skipping onPackageRemoved(replacing=true) for untracked package=com.aistudio.ereader.xynk
06-01 22:39:04.152   688   793 I RoleService: Granting default roles...
06-01 22:39:04.161  3167  4725 I Finsky:background: [95] Wrote row to frosting DB: 2527
06-01 22:39:04.175   688   688 D AppSearchAppsIndexerManagerS: userid in package receiver: 10225
06-01 22:39:04.188  3167  4725 I Finsky:background: [95] Wrote row to frosting DB: 2528
06-01 22:39:04.197   688  2491 W SignedPackage: Package doesn't have required signing certificate: com.google.android.retaildemo
06-01 22:39:04.197  3131  4734 I Finsky  : [128] SCH: Received scheduling request: Id: 12-1, Constraints: [{ L: 15000, D: 86400000, C: CHARGING_NONE, I: IDLE_NONE, N: NET_ANY, B: BATTERY_ANY }]
06-01 22:39:04.198   688  2491 E RoleControllerServiceImpl: Default/fallback role holder package doesn't qualify for the role, package: com.google.android.gms.supervision, role: android.app.role.SYSTEM_SUPERVISION
06-01 22:39:04.201  1069  1069 D SatelliteController: packageStateChanged: package:com.aistudio.ereader.xynk DefaultSmsPackageName:com.google.android.apps.messaging
06-01 22:39:04.201  1069  1069 V SatelliteController: Neither SMS or SatelliteGateway package
06-01 22:39:04.216   688   688 D BackupManagerConstants: getFullBackupIntervalMilliseconds(...) returns 86400000
06-01 22:39:04.229  3131  3131 I Finsky  : [2] ajwt - Received: android.intent.action.PACKAGE_ADDED, [VnSdAoRqS0Csie51y2fWaADrFJpr7JWvD05KPu_jrLA]
06-01 22:39:04.232  4735  4735 W dumpsys : Thread Pool max thread count is 0. Cannot cache binder as linkToDeath cannot be implemented. serviceName: package
06-01 22:39:04.263  3167  4725 I Finsky:background: [95] Wrote row to frosting DB: 2529
06-01 22:39:04.271   688   688 D BackupManagerConstants: getFullBackupRequiredNetworkType(...) returns 2
06-01 22:39:04.271   688   688 D BackupManagerConstants: getFullBackupRequireCharging(...) returns true
06-01 22:39:04.282   688  1064 D ActivityManager: sync unfroze 1600 com.google.android.gms for 6
06-01 22:39:04.283   688   723 W Looper  : Slow dispatch took 153ms android.ui app=system_server main=false group=TOP_APP h=com.android.server.am.ActivityManagerService$UiHandler c=com.android.server.am.UidObserverController$$ExternalSyntheticLambda0@55f8c7 m=0
06-01 22:39:04.288  1084  1084 D ScalingWorkspaceRevealAnim: alpha of workspace at the end of animation: 1.0
06-01 22:39:04.312   948   991 V WindowManagerShell: Transition animation finished (aborted=false), notifying core (#17) android.os.BinderProxy@1b89cfe@0
06-01 22:39:04.319   688   722 V WindowManager: Finish Transition (#17): created at 06-01 22:39:03.082 collect-started=0.288ms request-sent=0.63ms started=18.538ms ready=27.663ms sent=171.441ms commit=52.295ms finished=1236.834ms
06-01 22:39:04.331  1069  1069 D CarrierSvcBindHelper: onHandleForceStop: [com.aistudio.ereader.xynk]
06-01 22:39:04.339  3167  3167 I Finsky:background: [2] ajwj - Received: android.intent.action.PACKAGE_ADDED, [VnSdAoRqS0Csie51y2fWaADrFJpr7JWvD05KPu_jrLA]
06-01 22:39:04.348   688  1761 E IPCThreadState: Binder transaction failure. id: 238405, BR_*: 29189, error: -22 (Invalid argument)
06-01 22:39:04.348   688  1761 W ActivityManager: pid 688 system sent binder code 7 with flags 1 to frozen apps and got error -32
06-01 22:39:04.349   688  1761 W WindowManager: Exception thrown during dispatchAppVisibility Window{cc6229 u0 com.aistudio.ereader.xynk/com.example.MainActivity EXITING}
06-01 22:39:04.349   688  1761 W WindowManager: android.os.DeadObjectException
06-01 22:39:04.349   688  1761 W WindowManager: 	at android.os.BinderProxy.transactNative(Native Method)
06-01 22:39:04.349   688  1761 W WindowManager: 	at android.os.BinderProxy.transact(BinderProxy.java:592)
06-01 22:39:04.349   688  1761 W WindowManager: 	at android.view.IWindow$Stub$Proxy.dispatchAppVisibility(IWindow.java:557)
06-01 22:39:04.349   688  1761 W WindowManager: 	at com.android.server.wm.WindowState.sendAppVisibilityToClients(WindowState.java:3151)
06-01 22:39:04.349   688  1761 W WindowManager: 	at com.android.server.wm.WindowContainer.sendAppVisibilityToClients(WindowContainer.java:1311)
06-01 22:39:04.349   688  1761 W WindowManager: 	at com.android.server.wm.WindowToken.setClientVisible(WindowToken.java:389)
06-01 22:39:04.349   688  1761 W WindowManager: 	at com.android.server.wm.ActivityRecord.setClientVisible(ActivityRecord.java:6650)
06-01 22:39:04.349   688  1761 W WindowManager: 	at com.android.server.wm.ActivityRecord.commitVisibility(ActivityRecord.java:5561)
06-01 22:39:04.349   688  1761 W WindowManager: 	at com.android.server.wm.Transition.finishTransition(Transition.java:1391)
06-01 22:39:04.349   688  1761 W WindowManager: 	at com.android.server.wm.TransitionController.finishTransition(TransitionController.java:1029)
06-01 22:39:04.349   688  1761 W WindowManager: 	at com.android.server.wm.WindowOrganizerController.finishTransition(WindowOrganizerController.java:496)
06-01 22:39:04.349   688  1761 W WindowManager: 	at android.window.IWindowOrganizerController$Stub.onTransact(IWindowOrganizerController.java:261)
06-01 22:39:04.349   688  1761 W WindowManager: 	at com.android.server.wm.WindowOrganizerController.onTransact(WindowOrganizerController.java:223)
06-01 22:39:04.349   688  1761 W WindowManager: 	at android.os.Binder.execTransactInternal(Binder.java:1426)
06-01 22:39:04.349   688  1761 W WindowManager: 	at android.os.Binder.execTransact(Binder.java:1365)
06-01 22:39:04.369   688  1761 W Process : Unable to open /proc/4391/status
06-01 22:39:04.374  1069  1069 D CarrierSvcBindHelper: No carrier app for: 0
06-01 22:39:04.374  3167  4725 I Finsky:background: [95] Wrote row to frosting DB: 2530
06-01 22:39:04.376  3167  3167 I Finsky:background: [2] ajwj - Deduping intent android.intent.action.PACKAGE_ADDED
06-01 22:39:04.382  3167  3167 I Finsky:background: [2] ajwj - Received: android.intent.action.PACKAGE_ADDED, [VnSdAoRqS0Csie51y2fWaADrFJpr7JWvD05KPu_jrLA]
06-01 22:39:04.411   688   769 E AppOps  : attributionTag VCN not declared in manifest of android
06-01 22:39:04.423   688   688 W Looper  : Slow dispatch took 233ms main app=system_server main=true group=FOREGROUND h=android.app.ActivityThread$H c=android.app.LoadedApk$ReceiverDispatcher$Args$$ExternalSyntheticLambda0@d5477af m=0
06-01 22:39:04.423   688  2491 W SignedPackage: Package doesn't have required signing certificate: com.google.android.apps.work.clouddpc
06-01 22:39:04.430  3167  4725 I Finsky:background: [95] Wrote row to frosting DB: 2531
06-01 22:39:04.486   688   898 D BackgroundInstallControlService: Package event received: 0
06-01 22:39:04.486   688   898 D BackgroundInstallControlService: Package event received: 0
06-01 22:39:04.492   948   991 V WindowManagerShell: Track 0 became idle
06-01 22:39:04.492   948   991 V WindowManagerShell: All active transition animations finished
06-01 22:39:04.493   688  1064 W ActivityTaskManager: callingPackage for (uid=2000, pid=4740) has no WPC
06-01 22:39:04.499  3167  3167 I Finsky:background: [2] ajwj - Deduping intent android.intent.action.PACKAGE_ADDED
06-01 22:39:04.500  3167  3249 I Finsky:background: [53] RECEIVER_PACKAGE_MONITOR_BACKGROUND#logWorkEndAndFinishGoAsync: SUCCESS
06-01 22:39:04.511  3131  4734 I Finsky  : [128] SCH: Received scheduling request: Id: 12-1, Constraints: [{ L: 15000, D: 86400000, C: CHARGING_NONE, I: IDLE_NONE, N: NET_ANY, B: BATTERY_ANY }]
06-01 22:39:04.522  1600  1600 D ActivityThread: Package [com.aistudio.ereader.xynk] reported as REPLACED, but missing application info. Assuming REMOVED.
06-01 22:39:04.544   688   924 W Looper  : Slow dispatch took 323ms android.perm app=system_server main=false group=FOREGROUND h=android.os.Handler c=com.android.internal.infra.ServiceConnector$Impl$$ExternalSyntheticLambda2@80af825 m=0
06-01 22:39:04.580  1600  1600 D ActivityThread: Package [com.aistudio.ereader.xynk] reported as REPLACED, but missing application info. Assuming REMOVED.
06-01 22:39:04.594  3167  3167 I Finsky:background: [2] Memory trim requested to level 40
06-01 22:39:04.610  3131  3131 I Finsky  : [2] DTU: Received onPackageAdded, replacing: true
06-01 22:39:04.660  3131  3131 I Finsky  : [2] ajwt - Received: android.intent.action.PACKAGE_ADDED, [VnSdAoRqS0Csie51y2fWaADrFJpr7JWvD05KPu_jrLA]
06-01 22:39:04.665  1374  4722 I PermissionControllerServiceImpl: Updating user sensitive for uid 10225
06-01 22:39:04.694   688  1064 I system_server: AssetManager2(0x7bbe424b5218) locale list changing from [] to [en-US]
06-01 22:39:04.696   688  1064 V GrammaticalInflectionUtils: AttributionSource: android.content.AttributionSource@cd4b66e0 does not have READ_SYSTEM_GRAMMATICAL_GENDER permission.
06-01 22:39:04.699  3131  3131 I Finsky  : [2] ajwt - Deduping intent android.intent.action.PACKAGE_ADDED
06-01 22:39:04.699   688  1064 W OptProp : Cannot read opt property android.window.PROPERTY_COMPAT_ALLOW_USER_ASPECT_RATIO_OVERRIDE
06-01 22:39:04.700   688  1064 W OptProp : Cannot read opt property android.window.PROPERTY_COMPAT_ALLOW_USER_ASPECT_RATIO_FULLSCREEN_OVERRIDE
06-01 22:39:04.709   688  1064 W OptProp : Cannot read opt property android.window.PROPERTY_COMPAT_ALLOW_RESIZEABLE_ACTIVITY_OVERRIDES
06-01 22:39:04.710  3131  3131 I Finsky  : [2] ajwt - Received: android.intent.action.PACKAGE_ADDED, [VnSdAoRqS0Csie51y2fWaADrFJpr7JWvD05KPu_jrLA]
06-01 22:39:04.712   688   688 W Looper  : Slow dispatch took 283ms main app=system_server main=true group=FOREGROUND h=android.app.ActivityThread$H c=android.app.LoadedApk$ReceiverDispatcher$Args$$ExternalSyntheticLambda0@3c4d967 m=0
06-01 22:39:04.715   688  1064 W OptProp : Cannot read opt property android.window.PROPERTY_COMPAT_ALLOW_MIN_ASPECT_RATIO_OVERRIDE
06-01 22:39:04.729   688  1173 V SafetySourceDataValidat: Package: com.android.vending has expected signature
06-01 22:39:04.731  3131  3131 I Finsky  : [2] ajwt - Deduping intent android.intent.action.PACKAGE_ADDED
06-01 22:39:04.735  3131  3199 I Finsky  : [44] RECEIVER_PACKAGE_MONITOR#logWorkEndAndFinishGoAsync: SUCCESS
06-01 22:39:04.743   688  1173 V SafetySourceDataValidat: Package: com.android.vending has expected signature
06-01 22:39:04.820   560   579 I BpBinder: onLastStrongRef automatically unlinking death recipients: 
06-01 22:39:04.832   688  1064 W OptProp : Cannot read opt property android.window.PROPERTY_COMPAT_ALLOW_ORIENTATION_OVERRIDE
06-01 22:39:04.842  3131  3131 I Finsky  : [2] Memory trim requested to level 40
06-01 22:39:04.842  3131  3131 I Finsky  : [2] Flushing in-memory image cache
06-01 22:39:04.852   948  1081 I ndroid.systemui: AssetManager2(0x7bbe42468918) locale list changing from [] to [en-US]
06-01 22:39:04.854   688  1171 D CompatChangeReporter: Compat change id reported: 377864165; UID 10225; state: ENABLED
06-01 22:39:04.862   688  1064 I ActivityTaskManager: START u0 {flg=0x10000000 xflg=0x5 cmp=com.aistudio.ereader.xynk/com.example.MainActivity} with LAUNCH_MULTIPLE from uid 2000 (BAL_ALLOW_PERMISSION) result code=0
06-01 22:39:04.868   948   991 V WindowManagerShell: Transition requested (#18): android.os.BinderProxy@4173547 TransitionRequestInfo { type = OPEN, triggerTask = TaskInfo{userId=0 taskId=167 effectiveUid=10225 displayId=0 isRunning=true baseIntent=Intent { flg=0x10000000 cmp=com.aistudio.ereader.xynk/com.example.MainActivity } baseActivity=ComponentInfo{com.aistudio.ereader.xynk/com.example.MainActivity} topActivity=ComponentInfo{com.aistudio.ereader.xynk/com.example.MainActivity} origActivity=null realActivity=ComponentInfo{com.aistudio.ereader.xynk/com.example.MainActivity} numActivities=1 lastActiveTime=932538 supportsMultiWindow=true resizeMode=1 isResizeable=true minWidth=-1 minHeight=-1 defaultMinSize=220 token=WCT{android.window.IWindowContainerToken$Stub$Proxy@c078174} topActivityType=1 pictureInPictureParams=null shouldDockBigOverlays=false launchIntoPipHostTaskId=-1 lastParentTaskIdBeforePip=-1 displayCutoutSafeInsets=Rect(0, 128 - 0, 0) topActivityInfo=ActivityInfo{c5ba69d com.example.MainActivity} launchCookies=[] positionInParent=Point(0, 0) parentTaskId=-1 isFocused=false isVisible=false isVisibleRequested=false isTopActivityNoDisplay=false isSleeping=false locusId=null displayAreaFeatureId=1 isTopActivityTransparent=false isActivityStackTransparent=false lastNonFullscreenBounds=Rect(276, 692 - 804, 1772) capturedLink=null capturedLinkTimestamp=0 requestedVisibleTypes=-9 topActivityRequestOpenInBrowserEducationTimestamp=0 appCompatTaskInfo=AppCompatTaskInfo { topActivityInSizeCompat=false eligibleForLetterboxEducation= false isLetterboxEducationEnabled= true isLetterboxDoubleTapEnabled= false eligibleForUserAspectRatioButton= false topActivityBoundsLetterboxed= false isFromLetterboxDoubleTap= false topActivityLetterboxVerticalPosition= -1 topActivityLetterboxHorizontalPosition= -1 topActivityLetterboxWidth=-1 topActivityLetterboxHeight=-1 topActivityAppBounds=Rect(0, 0 - 1080, 2400) isUserFullscreenOverrideEnabled=false isSystemFullscreenOverrideEnabled=false hasMinAspectRatioOverride=false topActivityLetterboxBounds=null cameraCompatTaskInfo=CameraCompatTaskInfo { freeformCameraCompatMode=inactive}} topActivityMainWindowFrame=null}, pipChange = null, remoteTransition = null, displayChange = null, flags = 0, debugId = 18 }
06-01 22:39:04.901  1084  1084 W SplitSelectStateCtor: Missing session instanceIds
06-01 22:39:04.901  1084  1084 D StatsLog: LAUNCHER_SPLIT_SELECTION_EXIT_INTERRUPTED
06-01 22:39:04.903   688   688 W Looper  : Slow dispatch took 190ms main app=system_server main=true group=FOREGROUND h=android.app.ActivityThread$H c=android.app.LoadedApk$ReceiverDispatcher$Args$$ExternalSyntheticLambda0@2dcbb62 m=0
06-01 22:39:04.907   688   688 D AppSearchAppsIndexerManagerS: userid in package receiver: 10225
06-01 22:39:04.912   688  1751 I AppsFilter: interaction: PackageSetting{6dc56a4 com.android.microdroid.empty_payload/10196} -> PackageSetting{58a9c29 com.aistudio.ereader.xynk/10225} BLOCKED
06-01 22:39:04.912   948   991 D ShellSplitScreen: logExit: no-op, mLoggerSessionId is null
06-01 22:39:04.912   688  1751 I AppsFilter: interaction: PackageSetting{cc41a28 com.drduc.translator/10217} -> PackageSetting{58a9c29 com.aistudio.ereader.xynk/10225} BLOCKED
06-01 22:39:04.932   688   688 W IPCThreadState: Sending oneway calls to frozen process.
06-01 22:39:04.932   688   688 W IPCThreadState: Sending oneway calls to frozen process.
06-01 22:39:04.932   688   688 W IPCThreadState: Sending oneway calls to frozen process.
06-01 22:39:04.933   688   688 W IPCThreadState: Sending oneway calls to frozen process.
06-01 22:39:04.935   560   560 E BpTransactionCompletedListener: Failed to transact (-32)
06-01 22:39:04.938   688   688 W IPCThreadState: Sending oneway calls to frozen process.
06-01 22:39:04.938   688   688 W IPCThreadState: Sending oneway calls to frozen process.
06-01 22:39:04.938   688   688 W IPCThreadState: Sending oneway calls to frozen process.
06-01 22:39:04.939   688   688 W IPCThreadState: Sending oneway calls to frozen process.
06-01 22:39:04.939  1084  1084 D RecentsView: onTaskRemoved: 166, not handling task stack changes
06-01 22:39:04.939  1084  1084 D RecentsView: onTaskRemoved: 166, not handling task stack changes
06-01 22:39:04.942   688   688 W AlarmManager: Package com.aistudio.ereader.xynk, uid 10225 lost permission to set exact alarms!
06-01 22:39:04.964   688   725 V GrammaticalInflectionUtils: AttributionSource: android.content.AttributionSource@cd4b66e0 does not have READ_SYSTEM_GRAMMATICAL_GENDER permission.
06-01 22:39:05.001   688   725 W ActivityManager: Slow operation: 56ms so far, now at startProcess: done starting proc!
06-01 22:39:05.044   688   732 W ActivityManager: Slow operation: 80ms so far, now at startProcess: asking zygote to start proc
06-01 22:39:05.050   948   991 D WindowManagerShell: setLauncherKeepClearAreaHeight: visible=false, height=527
06-01 22:39:05.052  3131  3203 I Finsky  : [47] WM::SCH: Logging work initialize for 12-1
06-01 22:39:05.055   560   560 I BpBinder: onLastStrongRef automatically unlinking death recipients: 
06-01 22:39:05.099   486   486 D Zygote  : Forked child process 4765
06-01 22:39:05.107   688   732 W ActivityManager: Slow operation: 143ms so far, now at startProcess: returned from zygote!
06-01 22:39:05.120   948   955 I ndroid.systemui: Background concurrent mark compact GC freed 5467KB AllocSpace bytes, 43(972KB) LOS objects, 49% free, 23MB/47MB, paused 2.242ms,14.357ms total 1.892s
06-01 22:39:05.132  1279  1291 W .gms.persistent: Suspending all threads took: 63.765ms
06-01 22:39:05.154  3131  3204 I Finsky  : [48] WM::SCH: Logging work initialize for 12-1
06-01 22:39:05.169   948   957 W System  : A resource failed to call release. 
06-01 22:39:05.171   688   898 D BackgroundInstallControlService: Package event received: 0
06-01 22:39:05.174  4765  4765 I io.ereader.xynk: Late-enabling -Xcheck:jni
06-01 22:39:05.206   948   957 W System  : A resource failed to call release. 
06-01 22:39:05.206   948   957 W System  : A resource failed to call release. 
06-01 22:39:05.206   948   957 W System  : A resource failed to call release. 
06-01 22:39:05.207   948   957 W System  : A resource failed to call release. 
06-01 22:39:05.208   948   957 W System  : A resource failed to call release. 
06-01 22:39:05.208   948   957 W System  : A resource failed to call release. 
06-01 22:39:05.211  3131  3230 I Finsky  : [55] SCH: Scheduling phonesky job Id: 12-1, CT: 1780328344511, Constraints: [{ L: 15000, D: 86400000, C: CHARGING_NONE, I: IDLE_NONE, N: NET_ANY, B: BATTERY_ANY }]
06-01 22:39:05.227   688   722 V WindowManager: Sent Transition (#18) createdAt=06-01 22:39:04.716 via request=TransitionRequestInfo { type = OPEN, triggerTask = TaskInfo{userId=0 taskId=167 effectiveUid=10225 displayId=0 isRunning=true baseIntent=Intent { flg=0x10000000 cmp=com.aistudio.ereader.xynk/com.example.MainActivity } baseActivity=ComponentInfo{com.aistudio.ereader.xynk/com.example.MainActivity} topActivity=ComponentInfo{com.aistudio.ereader.xynk/com.example.MainActivity} origActivity=null realActivity=ComponentInfo{com.aistudio.ereader.xynk/com.example.MainActivity} numActivities=1 lastActiveTime=932538 supportsMultiWindow=true resizeMode=1 isResizeable=true minWidth=-1 minHeight=-1 defaultMinSize=220 token=WCT{RemoteToken{619deab Task{35506fe #167 type=standard A=10225:com.aistudio.ereader.xynk}}} topActivityType=1 pictureInPictureParams=null shouldDockBigOverlays=false launchIntoPipHostTaskId=-1 lastParentTaskIdBeforePip=-1 displayCutoutSafeInsets=Rect(0, 128 - 0, 0) topActivityInfo=ActivityInfo{e1e1908 com.example.MainActivity} launchCookies=[] positionInParent=Point(0, 0) parentTaskId=-1 isFocused=false isVisible=false isVisibleRequested=false isTopActivityNoDisplay=false isSleeping=false locusId=null displayAreaFeatureId=1 isTopActivityTransparent=false isActivityStackTransparent=false lastNonFullscreenBounds=Rect(276, 692 - 804, 1772) capturedLink=null capturedLinkTimestamp=0 requestedVisibleTypes=-9 topActivityRequestOpenInBrowserEducationTimestamp=0 appCompatTaskInfo=AppCompatTaskInfo { topActivityInSizeCompat=false eligibleForLetterboxEducation= false isLetterboxEducationEnabled= true isLetterboxDoubleTapEnabled= false eligibleForUserAspectRatioButton= false topActivityBoundsLetterboxed= false isFromLetterboxDoubleTap= false topActivityLetterboxVerticalPosition= -1 topActivityLetterboxHorizontalPosition= -1 topActivityLetterboxWidth=-1 topActivityLetterboxHeight=-1 topActivityAppBounds=Rect(0, 0 - 1080, 2400) isUserFullscreenOverrideEnabled=false isSystemFullscreenOverrideEnabled=false hasMinAspectRatioOverride=false topActivityLetterboxBounds=null cameraCompatTaskInfo=CameraCompatTaskInfo { freeformCameraCompatMode=inactive}} topActivityMainWindowFrame=null}, pipChange = null, remoteTransition = null, displayChange = null, flags = 0, debugId = 18 }
06-01 22:39:05.227   688   722 V WindowManager:     startWCT=WindowContainerTransaction { changes= {} hops= [] errorCallbackToken=null taskFragmentOrganizer=null }
06-01 22:39:05.228   688   722 V WindowManager:     info={id=18 t=OPEN f=0x0 trk=0 r=[0@Point(0, 0)] c=[
06-01 22:39:05.228   688   722 V WindowManager:         {WCT{RemoteToken{619deab Task{35506fe #167 type=standard A=10225:com.aistudio.ereader.xynk}}} m=OPEN f=NONE leash=Surface(name=Task=167)/@0xe2fa71c sb=Rect(0, 0 - 1080, 2400) eb=Rect(0, 0 - 1080, 2400) epz=Point(1080, 2400) d=0 taskParent=-1},
06-01 22:39:05.228   688   722 V WindowManager:         {WCT{RemoteToken{5bab9fa Task{d96d4d8 #1 type=home}}} m=TO_BACK f=SHOW_WALLPAPER leash=Surface(name=Task=1)/@0x2527a97 sb=Rect(0, 0 - 1080, 2400) eb=Rect(0, 0 - 1080, 2400) epz=Point(1080, 2400) d=0 taskParent=-1},
06-01 22:39:05.228   688   722 V WindowManager:         {m=TO_BACK f=IS_WALLPAPER leash=Surface(name=WallpaperWindowToken{26bd32e showWhenLocked=false})/@0x6a9a116 sb=Rect(0, 0 - 1080, 2400) eb=Rect(0, 0 - 1080, 2400) epz=Point(1080, 2400) d=0}
06-01 22:39:05.228   688   722 V WindowManager:     ]}
06-01 22:39:05.233   948  4706 V WindowManagerShell: onTransitionReady(transaction=2954937500501)
06-01 22:39:05.239   948   991 V WindowManagerShell: onTransitionReady (#18) android.os.BinderProxy@4173547: {id=18 t=OPEN f=0x0 trk=0 r=[0@Point(0, 0)] c=[
06-01 22:39:05.239   948   991 V WindowManagerShell:         {m=OPEN f=NONE leash=Surface(name=Task=167)/@0xb7fcf3c sb=Rect(0, 0 - 1080, 2400) eb=Rect(0, 0 - 1080, 2400) epz=Point(1080, 2400) d=0 taskParent=-1},
06-01 22:39:05.239   948   991 V WindowManagerShell:         {m=TO_BACK f=SHOW_WALLPAPER leash=Surface(name=Task=1)/@0xaf7b4c5 sb=Rect(0, 0 - 1080, 2400) eb=Rect(0, 0 - 1080, 2400) epz=Point(1080, 2400) d=0 taskParent=-1},
06-01 22:39:05.239   948   991 V WindowManagerShell:         {m=TO_BACK f=IS_WALLPAPER leash=Surface(name=WallpaperWindowToken{26bd32e showWhenLocked=false})/@0x9ea2e1a sb=Rect(0, 0 - 1080, 2400) eb=Rect(0, 0 - 1080, 2400) epz=Point(1080, 2400) d=0}
06-01 22:39:05.239   948   991 V WindowManagerShell:     ]}
06-01 22:39:05.243   948   991 V WindowManagerShell: Playing animation for (#18) android.os.BinderProxy@4173547@0
06-01 22:39:05.244   948   991 V ShellRecents: RecentsTransitionHandler.startAnimation: no controller found
06-01 22:39:05.244   948   991 V WindowManagerShell: Transition doesn't have explicit remote, search filters for match for {id=18 t=OPEN f=0x0 trk=0 r=[0@Point(0, 0)] c=[{m=OPEN f=NONE leash=Surface(name=Task=167)/@0xb7fcf3c sb=Rect(0, 0 - 1080, 2400) eb=Rect(0, 0 - 1080, 2400) epz=Point(1080, 2400) d=0 taskParent=-1},{m=TO_BACK f=SHOW_WALLPAPER leash=Surface(name=Task=1)/@0xaf7b4c5 sb=Rect(0, 0 - 1080, 2400) eb=Rect(0, 0 - 1080, 2400) epz=Point(1080, 2400) d=0 taskParent=-1},{m=TO_BACK f=IS_WALLPAPER leash=Surface(name=WallpaperWindowToken{26bd32e showWhenLocked=false})/@0x9ea2e1a sb=Rect(0, 0 - 1080, 2400) eb=Rect(0, 0 - 1080, 2400) epz=Point(1080, 2400) d=0}]}
06-01 22:39:05.244   948   991 V WindowManagerShell:  Checking filter Pair{{types=[] flags=0x0] notFlags=0x0 checks=[{atype=undefined independent=true modes=[CLOSE,TO_BACK] flags=IN_TASK_WITH_EMBEDDED_ACTIVITY mustBeTask=false order=ANY topActivity=null launchCookie=null taskFragmentToken=android.os.BinderProxy@54ecf4c windowingMode=undefined}]} RemoteTransition { remoteTransition = android.window.IRemoteTransition$Stub$Proxy@67f9b95, appThread = android.app.IApplicationThread$Stub$Proxy@ffad4aa, debugName = overlayBackTransition }}
06-01 22:39:05.244   948   991 V WindowManagerShell:  Checking filter Pair{{types=[] flags=0x0] notFlags=0x0 checks=[{atype=dream independent=true modes=[OPEN,TO_FRONT] flags=NONE mustBeTask=false order=ANY topActivity=null launchCookie=null windowingMode=undefined},{atype=home independent=true modes=[CLOSE,TO_BACK] flags=NONE mustBeTask=false order=ANY topActivity=null launchCookie=null windowingMode=undefined}]} RemoteTransition { remoteTransition = android.window.IRemoteTransition$Stub$Proxy@14889b, appThread = android.app.IApplicationThread$Stub$Proxy@d3f9438, debugName = LauncherToDream }}
06-01 22:39:05.248   688   732 W ActivityManager: Slow operation: 284ms so far, now at startProcess: done updating battery stats
06-01 22:39:05.248   688   732 W ActivityManager: Slow operation: 284ms so far, now at startProcess: building log message
06-01 22:39:05.248   688   732 I ActivityManager: Start proc 4765:com.aistudio.ereader.xynk/u0a225 for next-top-activity {com.aistudio.ereader.xynk/com.example.MainActivity}
06-01 22:39:05.248   688   732 W ActivityManager: Slow operation: 284ms so far, now at startProcess: starting to update pids map
06-01 22:39:05.249   688   688 W Looper  : Drained
06-01 22:39:05.249   948   991 V WindowManagerShell:  Checking filter Pair{{types=[] flags=0x0] notFlags=0x100 checks=[{atype=home independent=true modes=[OPEN,TO_FRONT] flags=NONE mustBeTask=false order=TOP topActivity=ComponentInfo{com.google.android.apps.nexuslauncher/com.google.android.apps.nexuslauncher.NexusLauncherActivity} launchCookie=null windowingMode=undefined},{atype=standard independent=true modes=[CLOSE,TO_BACK] flags=NONE mustBeTask=false order=ANY topActivity=null launchCookie=null windowingMode=undefined},{NOT atype=undefined independent=true modes=[] flags=NONE mustBeTask=true order=ANY topActivity=null launchCookie=null customAnim=true windowingMode=undefined}]} RemoteTransition { remoteTransition = android.window.IRemoteTransition$Stub$Proxy@e8b5c11, appThread = android.app.IApplicationThread$Stub$Proxy@d899176, debugName = QuickstepLaunchHome }}
06-01 22:39:05.252   688   732 I ActivityManager: ProcessObserver broadcast disabled
06-01 22:39:05.259   688   732 W ActivityManager: Slow operation: 295ms so far, now at startProcess: done updating pids map
06-01 22:39:05.262  3131  3238 I Finsky  : [59] SCH: Scheduling 1 system job(s)
06-01 22:39:05.263  3131  3238 I Finsky  : [59] SCH: Scheduling system job Id: 9460, L: 14249, D: 66415533, C: false, I: false, N: 1
06-01 22:39:05.272  3901  4205 I artd    : GetBestInfo: odex next to the dex file (/data/app/~~oqHPZkItOTY-JdZP8j0YvQ==/com.google.android.gms-U8kK62mhhj2hUoGXPlJDnw==/oat/x86_64/base.odex) is kOatUpToDate with filter 'speed-profile' executable 'false'
06-01 22:39:05.289  3901  4205 I artd    : GetBestInfo: odex next to the dex file (/data/app/~~oqHPZkItOTY-JdZP8j0YvQ==/com.google.android.gms-U8kK62mhhj2hUoGXPlJDnw==/oat/x86_64/split_AdsDynamite_installtime.odex) is kOatUpToDate with filter 'speed' executable 'false'
06-01 22:39:05.298  3901  4205 I artd    : GetBestInfo: odex next to the dex file (/data/app/~~oqHPZkItOTY-JdZP8j0YvQ==/com.google.android.gms-U8kK62mhhj2hUoGXPlJDnw==/oat/x86_64/split_CronetDynamite_installtime.odex) is kOatUpToDate with filter 'speed-profile' executable 'false'
06-01 22:39:05.303  4765  4765 I io.ereader.xynk: Using CollectorTypeCMC GC.
06-01 22:39:05.305  4765  4765 W io.ereader.xynk: Unexpected CPU variant for x86: x86_64.
06-01 22:39:05.305  4765  4765 W io.ereader.xynk: Known variants: atom, sandybridge, silvermont, goldmont, goldmont-plus, goldmont-without-sha-xsaves, tremont, kabylake, alderlake, default
06-01 22:39:05.307  3901  4205 I artd    : GetBestInfo: odex next to the dex file (/data/app/~~oqHPZkItOTY-JdZP8j0YvQ==/com.google.android.gms-U8kK62mhhj2hUoGXPlJDnw==/oat/x86_64/split_DynamiteLoader_installtime.odex) is kOatUpToDate with filter 'speed' executable 'false'
06-01 22:39:05.312   568   587 I adbd    : jdwp connection from 4765
06-01 22:39:05.314  1600  4766 I GmscoreIpa: Starting mediastore instant index [CONTEXT service_id=255 ]
06-01 22:39:05.315  3901  4205 I artd    : GetBestInfo: odex next to the dex file (/data/app/~~oqHPZkItOTY-JdZP8j0YvQ==/com.google.android.gms-U8kK62mhhj2hUoGXPlJDnw==/oat/x86_64/split_DynamiteModulesA_installtime.odex) is kOatUpToDate with filter 'speed' executable 'false'
06-01 22:39:05.320  4765  4765 D nativeloader: Load libframework-connectivity-tiramisu-jni.so using APEX ns com_android_tethering for caller /apex/com.android.tethering/javalib/framework-connectivity-t.jar: ok
06-01 22:39:05.327   948   991 V WindowManagerShell:  Delegate animation for (#18) to null
06-01 22:39:05.329  3901  4205 I artd    : GetBestInfo: odex next to the dex file (/data/app/~~oqHPZkItOTY-JdZP8j0YvQ==/com.google.android.gms-U8kK62mhhj2hUoGXPlJDnw==/oat/x86_64/split_DynamiteModulesC_installtime.odex) is kOatUpToDate with filter 'speed' executable 'false'
06-01 22:39:05.338   948   991 V WindowManagerShell: start default transition animation, info = {id=18 t=OPEN f=0x0 trk=0 r=[0@Point(0, 0)] c=[{m=OPEN f=NONE leash=Surface(name=Task=167)/@0xb7fcf3c sb=Rect(0, 0 - 1080, 2400) eb=Rect(0, 0 - 1080, 2400) epz=Point(1080, 2400) d=0 taskParent=-1},{m=TO_BACK f=SHOW_WALLPAPER leash=Surface(name=Task=1)/@0xaf7b4c5 sb=Rect(0, 0 - 1080, 2400) eb=Rect(0, 0 - 1080, 2400) epz=Point(1080, 2400) d=0 taskParent=-1},{m=TO_BACK f=IS_WALLPAPER leash=Surface(name=WallpaperWindowToken{26bd32e showWhenLocked=false})/@0x9ea2e1a sb=Rect(0, 0 - 1080, 2400) eb=Rect(0, 0 - 1080, 2400) epz=Point(1080, 2400) d=0}]}
06-01 22:39:05.347   688  2491 I Role    : com.google.android.gms not qualified for android.app.role.SYSTEM_DEPENDENCY_INSTALLER due to missing RequiredComponent{mIntentFilterData=IntentFilterData{mAction='android.content.pm.action.INSTALL_DEPENDENCY', mCategories='[]', mDataScheme='null', mDataType='null'}, mMinTargetSdkVersion=1, mFlags='0', mPermission='android.permission.BIND_DEPENDENCY_INSTALLER', mQueryFlags=0, mMetaData=[]}
06-01 22:39:05.347   688  2491 E RoleControllerServiceImpl: Default/fallback role holder package doesn't qualify for the role, package: com.google.android.gms, role: android.app.role.SYSTEM_DEPENDENCY_INSTALLER
06-01 22:39:05.360  3901  4205 I artd    : GetBestInfo: odex next to the dex file (/data/app/~~oqHPZkItOTY-JdZP8j0YvQ==/com.google.android.gms-U8kK62mhhj2hUoGXPlJDnw==/oat/x86_64/split_GoogleCertificates_installtime.odex) is kOatUpToDate with filter 'speed' executable 'false'
06-01 22:39:05.361   688   723 W Looper  : Slow dispatch took 302ms android.ui app=system_server main=false group=TOP_APP h=com.android.server.am.ActivityManagerService$UiHandler c=com.android.server.am.UidObserverController$$ExternalSyntheticLambda0@55f8c7 m=0
06-01 22:39:05.365  3901  4205 I artd    : GetBestInfo: odex next to the dex file (/data/app/~~oqHPZkItOTY-JdZP8j0YvQ==/com.google.android.gms-U8kK62mhhj2hUoGXPlJDnw==/oat/x86_64/split_MapsDynamite_installtime.odex) is kOatUpToDate with filter 'speed' executable 'false'
06-01 22:39:05.374   948   991 V WindowManagerShell: loadAnimation: anim=android.view.animation.AnimationSet@8e8c9d4 animAttr=0x13 type=OPEN isEntrance=false
06-01 22:39:05.375  3131  3202 I Finsky  : [46] [ContentSync] finished, scheduled=true
06-01 22:39:05.376  3131  3230 I Finsky  : [55] SCH: Scheduling phonesky job Id: 12-1, CT: 1780328344198, Constraints: [{ L: 15000, D: 86400000, C: CHARGING_NONE, I: IDLE_NONE, N: NET_ANY, B: BATTERY_ANY }]
06-01 22:39:05.378  3901  4205 I artd    : GetBestInfo: odex next to the dex file (/data/app/~~oqHPZkItOTY-JdZP8j0YvQ==/com.google.android.gms-U8kK62mhhj2hUoGXPlJDnw==/oat/x86_64/split_MeasurementDynamite_installtime.odex) is kOatUpToDate with filter 'speed' executable 'false'
06-01 22:39:05.380   688  1714 W ActivityTaskManager: takeTaskSnapshot: taskId=135 not found or not visible
06-01 22:39:05.388  3901  4205 I artd    : GetBestInfo: odex next to the dex file (/data/app/~~oqHPZkItOTY-JdZP8j0YvQ==/com.google.android.gms-U8kK62mhhj2hUoGXPlJDnw==/oat/x86_64/split_all_locale_splits.odex) is kOatUpToDate with filter 'speed' executable 'false'
06-01 22:39:05.389   948   991 V WindowManagerShell: loadAnimation: anim=android.view.animation.AnimationSet@cf2af40 animAttr=0x12 type=OPEN isEntrance=true
06-01 22:39:05.391  3901  4205 I artd    : GetBestInfo: /data/user_de/0/com.google.android.gms/app_chimera/m/00000001/CronetDynamite.apk has no usable artifacts
06-01 22:39:05.392  3131  3238 I Finsky  : [59] SCH: Scheduling 1 system job(s)
06-01 22:39:05.392  3131  3238 I Finsky  : [59] SCH: Scheduling system job Id: 9460, L: 13806, D: 66415403, C: false, I: false, N: 1
06-01 22:39:05.396   948   991 V WindowManagerShell:  animated by com.android.wm.shell.transition.DefaultTransitionHandler@b7cc292
06-01 22:39:05.398  3901  4205 I artd    : GetBestInfo: /data/user_de/0/com.google.android.gms/app_chimera/m/00000002/DynamiteLoader.apk has no usable artifacts
06-01 22:39:05.403  3901  4205 I artd    : GetBestInfo: /data/user_de/0/com.google.android.gms/app_chimera/m/00000015/dl-Appsearch.optional_261631100800.apk has no usable artifacts
06-01 22:39:05.410  3901  4205 I artd    : GetBestInfo: /data/user_de/0/com.google.android.gms/app_chimera/m/00000011/dl-MlkitBarcodeUi.optional_261631100800.apk has no usable artifacts
06-01 22:39:05.420   688   898 D BackgroundInstallControlService: Package event received: 0
06-01 22:39:05.420  3901  4205 I artd    : GetBestInfo: /data/user_de/0/com.google.android.gms/app_chimera/m/00000005/GoogleCertificates.apk has no usable artifacts
06-01 22:39:05.426  3901  4205 I artd    : GetBestInfo: /data/user_de/0/com.google.android.gms/app_chimera/m/00000017/dl-TfliteDynamiteDynamite.integ_260580502100800.apk has no usable artifacts
06-01 22:39:05.432  1600  4767 I AppBackupStateCleanupIO: Backup state cleanup on uninstall is disabled. [CONTEXT service_id=229 ]
06-01 22:39:05.439  1600  4781 I PackageInstalledIntentO: Test flag v2 is disabled [CONTEXT service_id=469 ]
06-01 22:39:05.441  3901  4205 I artd    : GetBestInfo: /data/user_de/0/com.google.android.gms/app_chimera/m/0000000d/dl-TfliteDynamiteDynamite.integ_252130102100800.apk has no usable artifacts
06-01 22:39:05.448  1600  4766 I gle.android.gms: AssetManager2(0x7bbe42438538) locale list changing from [] to [en-US]
06-01 22:39:05.448  3901  4205 I artd    : GetBestInfo: /data/user_de/0/com.google.android.gms/app_chimera/m/00000016/dl-IdentityCredentialsPlatform.optional_261631100800.apk has no usable artifacts
06-01 22:39:05.456  3901  4205 I artd    : GetBestInfo: /data/user_de/0/com.google.android.gms/app_chimera/m/0000000a/dl-MlkitBarcodeUi.optional_250834100800.apk has no usable artifacts
06-01 22:39:05.459  3901  4205 I artd    : GetBestInfo: vdex next to the dex file (/data/user/0/com.google.android.gms/app_dg_cache/92659AEB0EFADECE4CBB22D1DF07B00702EAAC36/oat/x86_64/the.vdex) is kOatUpToDate with filter 'verify' executable 'false'
06-01 22:39:05.462  3901  4205 I artd    : GetBestInfo: /data/user_de/0/com.google.android.gms/app_chimera/m/00000014/dl-PlayCloudSearch.optional_261631100000.apk has no usable artifacts
06-01 22:39:05.497  3901  4205 I artd    : GetBestInfo: /data/user/0/com.google.android.gms/app_dg_cache/BBB8ADBA11F43674FC873CF50B06D4CFE87E958C/the.apk has no usable artifacts
