06-01 22:45:01.299   688   688 W IPCThreadState: Sending oneway calls to frozen process.
06-01 22:45:01.299   688   688 W IPCThreadState: Sending oneway calls to frozen process.
06-01 22:45:01.299   688   688 W IPCThreadState: Sending oneway calls to frozen process.
06-01 22:45:01.299   688   688 W IPCThreadState: Sending oneway calls to frozen process.
06-01 22:45:01.300   688  2491 I Role    : com.google.android.gms not qualified for android.app.role.SYSTEM_DEPENDENCY_INSTALLER due to missing RequiredComponent{mIntentFilterData=IntentFilterData{mAction='android.content.pm.action.INSTALL_DEPENDENCY', mCategories='[]', mDataScheme='null', mDataType='null'}, mMinTargetSdkVersion=1, mFlags='0', mPermission='android.permission.BIND_DEPENDENCY_INSTALLER', mQueryFlags=0, mMetaData=[]}
06-01 22:45:01.300   688  2491 E RoleControllerServiceImpl: Default/fallback role holder package doesn't qualify for the role, package: com.google.android.gms, role: android.app.role.SYSTEM_DEPENDENCY_INSTALLER
06-01 22:45:01.301   688   688 W IPCThreadState: Sending oneway calls to frozen process.
06-01 22:45:01.301   688   688 W IPCThreadState: Sending oneway calls to frozen process.
06-01 22:45:01.301   688   688 W IPCThreadState: Sending oneway calls to frozen process.
06-01 22:45:01.301   688   688 W IPCThreadState: Sending oneway calls to frozen process.
06-01 22:45:01.302   688   688 D AppSearchAppsIndexerManagerS: userid in package receiver: 10225
06-01 22:45:01.363  1374  4722 I PermissionControllerServiceImpl: Updating user sensitive for uid 10225
06-01 22:45:01.365   688   688 D BackupManagerConstants: getFullBackupIntervalMilliseconds(...) returns 86400000
06-01 22:45:01.366   688   688 D BackupManagerConstants: getFullBackupRequiredNetworkType(...) returns 2
06-01 22:45:01.368   688   688 D BackupManagerConstants: getFullBackupRequireCharging(...) returns true
06-01 22:45:01.373  1069  1069 D CarrierSvcBindHelper: onHandleForceStop: [com.aistudio.ereader.xynk]
06-01 22:45:01.388  1069  1069 D CarrierSvcBindHelper: No carrier app for: 0
06-01 22:45:01.391   688   898 D BackgroundInstallControlService: Package event received: 0
06-01 22:45:01.393   688   898 D BackgroundInstallControlService: Package event received: 0
06-01 22:45:01.394   688   898 D BackgroundInstallControlService: Package event received: 0
06-01 22:45:01.427   688   730 I system_server: AssetManager2(0x7bbe4249c538) locale list changing from [] to [en-US]
06-01 22:45:01.435   688   730 I system_server: AssetManager2(0x7bbe42449518) locale list changing from [] to [en-US]
06-01 22:45:01.437   688   730 I system_server: AssetManager2(0x7bbe424ba998) locale list changing from [] to [en-US]
06-01 22:45:01.472  3131  3205 I Finsky  : [49] [ContentSync] finished, scheduled=true
06-01 22:45:01.473  3131  3230 I Finsky  : [55] SCH: Scheduling phonesky job Id: 12-1, CT: 1780328700378, Constraints: [{ L: 15000, D: 86400000, C: CHARGING_NONE, I: IDLE_NONE, N: NET_ANY, B: BATTERY_ANY }]
06-01 22:45:01.476   688  1725 D TelephonyManager: requestModemActivityInfo: Sending result to app: ModemActivityInfo{ mTimestamp=1289132 mSleepTimeMs=126 mIdleTimeMs=42 mActivityStatsTechSpecificInfo=[{mRat=UNKNOWN,mFrequencyRange=UNKNOWN,mTxTimeMs[]=[3, 9, 18, 24, 27],mRxTimeMs=27}]}
06-01 22:45:01.483  3131  3238 I Finsky  : [59] SCH: Scheduling 0 system job(s)
06-01 22:45:01.484  3131  3238 I Finsky  : [59] [ContentSync] finished, scheduled=true
06-01 22:45:01.519  2063  2074 W .apps.wellbeing: Suspending all threads took: 111.455ms
06-01 22:45:01.528   948   991 V WindowManagerShell: Transition animation finished (aborted=false), notifying core (#22) android.os.BinderProxy@19a5339@1
06-01 22:45:01.531   688   722 V WindowManager: Finish Transition (#22): created at 06-01 22:45:00.613 collect-started=0.123ms request-sent=154.284ms started=164.762ms ready=537.908ms sent=545.879ms commit=62.594ms finished=916.944ms
06-01 22:45:01.537   560   560 E BpTransactionCompletedListener: Failed to transact (-32)
06-01 22:45:01.546  1084  1084 D VRI[NexusLauncherActivity]: visibilityChanged oldVisibility=true newVisibility=false
06-01 22:45:01.553   948   991 V WindowManagerShell: Track 1 became idle
06-01 22:45:01.553   948   991 V WindowManagerShell: All active transition animations finished
06-01 22:45:01.559  1084  1084 D NexusLauncherModelDelegate: notifySmartspaceEvent: SmartspaceTargetEvent{mSmartspaceTarget=null, mSmartspaceActionId='null', mEventType=7}
06-01 22:45:01.591  1600  5336 I gle.android.gms: AssetManager2(0x7bbe4242d638) locale list changing from [] to [en-US]
06-01 22:45:01.623  1600  5336 I AppBackupStateCleanupIO: Backup state cleanup on uninstall is disabled. [CONTEXT service_id=229 ]
06-01 22:45:01.626  1600  5336 I PackageInstalledIntentO: Test flag v2 is disabled [CONTEXT service_id=469 ]
06-01 22:45:01.652   688   688 W Looper  : Slow dispatch took 330ms main app=system_server main=true group=FOREGROUND h=android.app.ActivityThread$H c=android.app.LoadedApk$ReceiverDispatcher$Args$$ExternalSyntheticLambda0@e36af17 m=0
06-01 22:45:01.677  1279  5345 I Fitness : (REDACTED) FitCleanupIntentOperation received Intent %s
06-01 22:45:01.706   688   688 D AppSearchAppsIndexerManagerS: userid in package receiver: 10225
06-01 22:45:01.721  1600  5357 I Auth    : (REDACTED) [SupervisedAccountIntentOperation] onHandleIntent: %s
06-01 22:45:01.723  1600  5352 W AppInstallOperation: FDL Migration::InstallIntentOperation by FDL Module [CONTEXT service_id=77 ]
06-01 22:45:01.724  1600  5340 I PackageInstalledIntentO: Test flag v2 is disabled [CONTEXT service_id=469 ]
06-01 22:45:01.739  1600  2003 I gle.android.gms: AssetManager2(0x7bbe42432a98) locale list changing from [] to [en-US]
06-01 22:45:01.748  1279  5345 I ProximityAuth: [RecentAppsMediator] Package added: (user=UserHandle{0}) com.aistudio.ereader.xynk
06-01 22:45:01.752  1279  5345 I .gms.persistent: AssetManager2(0x7bbe4243fbf8) locale list changing from [] to [en-US]
06-01 22:45:01.753  1600  5350 W SQLiteLog: (28) double-quoted string literal: "com.aistudio.ereader.xynk"
06-01 22:45:01.769  1279  5339 I FontLog : (REDACTED) Package %s has no metadata
06-01 22:45:01.780  1600  1600 D BoundBrokerSvc: onBind: Intent { act=com.google.android.gms.common.BIND_SHARED_PREFS xflg=0x4 pkg=com.google.android.gms }
06-01 22:45:01.780  1600  1600 D BoundBrokerSvc: Loading bound service for intent: Intent { act=com.google.android.gms.common.BIND_SHARED_PREFS xflg=0x4 pkg=com.google.android.gms }
06-01 22:45:01.793  1600  5340 I NearbyDiscovery: (REDACTED) processGrantSlicePermission: %s
06-01 22:45:01.844   688  2491 E RoleControllerServiceImpl: Default/fallback role holder package doesn't qualify for the role, package: com.google.android.gms, role: android.app.role.WALLET
06-01 22:45:01.862   688  2491 I system_server: AssetManager2(0x7bbe424b5218) locale list changing from [] to [en-US]
06-01 22:45:01.866   688  2491 W SignedPackage: Cannot get ApplicationInfo for package: com.google.android.devicelockcontroller
06-01 22:45:01.875  1600  4261 I Icing   : IndexChimeraService.getServiceInterface callingPackage=com.google.android.gms componentName=AppsCorpus serviceId=36
06-01 22:45:01.919   688   688 W Looper  : Slow dispatch took 197ms main app=system_server main=true group=FOREGROUND h=android.app.ActivityThread$H c=android.app.LoadedApk$ReceiverDispatcher$Args$$ExternalSyntheticLambda0@1c221da m=0
06-01 22:45:01.946   688   688 W AlarmManager: Package com.aistudio.ereader.xynk, uid 10225 lost permission to set exact alarms!
06-01 22:45:01.984   688   688 W Looper  : Drained
06-01 22:45:01.994  1600  1600 D BoundBrokerSvc: onBind: Intent { act=com.google.android.gms.feedback.internal.IFeedbackService dat=chimera-action:/... xflg=0x4 cmp=com.google.android.gms/.chimera.GmsBoundBrokerService }
06-01 22:45:01.995  1600  1600 D BoundBrokerSvc: Loading bound service for intent: Intent { act=com.google.android.gms.feedback.internal.IFeedbackService dat=chimera-action:/... xflg=0x4 cmp=com.google.android.gms/.chimera.GmsBoundBrokerService }
06-01 22:45:02.002   688   898 D BackgroundInstallControlService: Package event received: 0
06-01 22:45:02.014  1600  2016 I Icing   : IndexChimeraService.getServiceInterface callingPackage=com.google.android.gms componentName=null serviceId=30
06-01 22:45:02.038  1600  5111 I Icing   : Usage reports ok 1, Failed Usage reports 0, indexed 0, rejected 0
06-01 22:45:02.114  1600  5111 I Icing   : Usage reports ok 0, Failed Usage reports 0, indexed 0, rejected 0
06-01 22:45:02.144  1600  5111 I Icing   : Indexing com.google.android.gms-apps from com.google.android.gms
06-01 22:45:02.203  1600  5111 I Icing   : Indexing done com.google.android.gms-apps
06-01 22:45:02.276  5322  5322 D nativeloader: Configuring clns-9 for other apk /data/app/~~DH7Lw-ok9TWonbp51g54hg==/com.aistudio.ereader.xynk-1w-QzwsEs0qkNCYZIWX2wg==/base.apk. target_sdk_version=36, uses_libraries=, library_path=/data/app/~~DH7Lw-ok9TWonbp51g54hg==/com.aistudio.ereader.xynk-1w-QzwsEs0qkNCYZIWX2wg==/lib/x86_64:/data/app/~~DH7Lw-ok9TWonbp51g54hg==/com.aistudio.ereader.xynk-1w-QzwsEs0qkNCYZIWX2wg==/base.apk!/lib/x86_64, permitted_path=/data:/mnt/expand:/data/user/0/com.aistudio.ereader.xynk
06-01 22:45:02.285  5322  5322 I io.ereader.xynk: AssetManager2(0x7bbe4242b6f8) locale list changing from [] to [en-US]
06-01 22:45:02.296  5322  5322 V GraphicsEnvironment: Currently set values for:
06-01 22:45:02.296  5322  5322 V GraphicsEnvironment:   angle_gl_driver_selection_pkgs=[]
06-01 22:45:02.296  5322  5322 V GraphicsEnvironment:   angle_gl_driver_selection_values=[]
06-01 22:45:02.296  5322  5322 V GraphicsEnvironment: com.aistudio.ereader.xynk is not listed in per-application setting
06-01 22:45:02.297  5322  5322 V GraphicsEnvironment: ANGLE allowlist from config: com.dreamgames.royalmatch com.dts.freefiremax com.dxx.firenow com.gramgames.mergedragons com.ludo.king com.mojang.minecraftpe com.my.defense com.nintendo.zaka com.os.airforce com.playrix.fishdomdd.gplay io.teslatech.callbreak jp.konami.prospia net.peakgames.toonblast
06-01 22:45:02.297  5322  5322 V GraphicsEnvironment: com.aistudio.ereader.xynk is not listed in ANGLE allowlist or settings, returning default
06-01 22:45:02.297  5322  5322 V GraphicsEnvironment: Neither updatable production driver nor prerelease driver is supported.
06-01 22:45:02.305   688   710 I system_server: Background concurrent mark compact GC freed 30MB AllocSpace bytes, 50(1376KB) LOS objects, 40% free, 34MB/58MB, paused 3.762ms,13.362ms total 2.587s
06-01 22:45:02.323   688   712 W System  : A resource failed to call close. 
06-01 22:45:02.328   688   712 W System  : A resource failed to call release. 
06-01 22:45:02.412  5322  5322 D WM-WrkMgrInitializer: Initializing WorkManager with default configuration.
06-01 22:45:02.691  2063  2182 I .apps.wellbeing: AssetManager2(0x7bbe4243d358) locale list changing from [] to [en-US]
06-01 22:45:02.695  2063  2182 I .apps.wellbeing: AssetManager2(0x7bbe4243ef78) locale list changing from [] to [en-US]
06-01 22:45:02.698  2063  2182 I .apps.wellbeing: AssetManager2(0x7bbe42440eb8) locale list changing from [] to [en-US]
06-01 22:45:02.702  2063  2182 I .apps.wellbeing: AssetManager2(0x7bbe42442ad8) locale list changing from [] to [en-US]
06-01 22:45:02.706  2063  2182 I .apps.wellbeing: AssetManager2(0x7bbe4243e618) locale list changing from [] to [en-US]
06-01 22:45:02.710  2063  2182 I .apps.wellbeing: AssetManager2(0x7bbe42449838) locale list changing from [] to [en-US]
06-01 22:45:02.711  5322  5322 D WM-PackageManagerHelper: Skipping component enablement for androidx.work.impl.background.systemjob.SystemJobService
06-01 22:45:02.711  5322  5322 D WM-Schedulers: Created SystemJobScheduler and enabled SystemJobService
06-01 22:45:02.713  2063  2182 I .apps.wellbeing: AssetManager2(0x7bbe4243bd78) locale list changing from [] to [en-US]
06-01 22:45:02.717  2063  2182 I .apps.wellbeing: AssetManager2(0x7bbe42448898) locale list changing from [] to [en-US]
06-01 22:45:02.718  2063  2182 I .apps.wellbeing: AssetManager2(0x7bbe42445cd8) locale list changing from [] to [en-US]
06-01 22:45:02.719  2063  2182 I .apps.wellbeing: AssetManager2(0x7bbe42434cf8) locale list changing from [] to [en-US]
06-01 22:45:02.723  2063  2182 I .apps.wellbeing: AssetManager2(0x7bbe42433d58) locale list changing from [] to [en-US]
06-01 22:45:02.724  2063  2182 I .apps.wellbeing: AssetManager2(0x7bbe42448258) locale list changing from [] to [en-US]
06-01 22:45:02.725  2063  2182 I .apps.wellbeing: AssetManager2(0x7bbe42435978) locale list changing from [] to [en-US]
06-01 22:45:02.726  2063  2182 I .apps.wellbeing: AssetManager2(0x7bbe42437ef8) locale list changing from [] to [en-US]
06-01 22:45:02.727  2063  2182 I .apps.wellbeing: AssetManager2(0x7bbe424394d8) locale list changing from [] to [en-US]
06-01 22:45:02.731  2063  2182 I .apps.wellbeing: AssetManager2(0x7bbe42437bd8) locale list changing from [] to [en-US]
06-01 22:45:02.732  2063  2182 I .apps.wellbeing: AssetManager2(0x7bbe4242e8f8) locale list changing from [] to [en-US]
06-01 22:45:02.735  2063  2182 I .apps.wellbeing: AssetManager2(0x7bbe424475d8) locale list changing from [] to [en-US]
06-01 22:45:02.739  2063  2182 I .apps.wellbeing: AssetManager2(0x7bbe42442498) locale list changing from [] to [en-US]
06-01 22:45:02.740  2063  2182 I .apps.wellbeing: AssetManager2(0x7bbe424346b8) locale list changing from [] to [en-US]
06-01 22:45:02.741  2063  2182 I .apps.wellbeing: AssetManager2(0x7bbe42438218) locale list changing from [] to [en-US]
06-01 22:45:02.743  2063  2182 I .apps.wellbeing: AssetManager2(0x7bbe4242f898) locale list changing from [] to [en-US]
06-01 22:45:02.744  2063  2182 I .apps.wellbeing: AssetManager2(0x7bbe42438e98) locale list changing from [] to [en-US]
06-01 22:45:02.745  2063  2182 I .apps.wellbeing: AssetManager2(0x7bbe424362d8) locale list changing from [] to [en-US]
06-01 22:45:02.749  2063  2182 I .apps.wellbeing: AssetManager2(0x7bbe42432778) locale list changing from [] to [en-US]
06-01 22:45:02.750  2063  2182 I .apps.wellbeing: AssetManager2(0x7bbe42438b78) locale list changing from [] to [en-US]
06-01 22:45:02.752  2063  2182 I .apps.wellbeing: AssetManager2(0x7bbe424349d8) locale list changing from [] to [en-US]
06-01 22:45:02.754  2063  2182 I .apps.wellbeing: AssetManager2(0x7bbe4242d318) locale list changing from [] to [en-US]
06-01 22:45:02.758  2063  2182 I .apps.wellbeing: AssetManager2(0x7bbe4242fbb8) locale list changing from [] to [en-US]
06-01 22:45:02.762  2063  2182 I .apps.wellbeing: AssetManager2(0x7bbe4243aab8) locale list changing from [] to [en-US]
06-01 22:45:02.764  2063  2182 I .apps.wellbeing: AssetManager2(0x7bbe42439b18) locale list changing from [] to [en-US]
06-01 22:45:02.768  2063  2182 I .apps.wellbeing: AssetManager2(0x7bbe424317d8) locale list changing from [] to [en-US]
06-01 22:45:02.772  2063  2182 I .apps.wellbeing: AssetManager2(0x7bbe4242ccd8) locale list changing from [] to [en-US]
06-01 22:45:02.773  2063  2182 I .apps.wellbeing: AssetManager2(0x7bbe4242c698) locale list changing from [] to [en-US]
06-01 22:45:02.777  2063  2182 I .apps.wellbeing: AssetManager2(0x7bbe42432db8) locale list changing from [] to [en-US]
06-01 22:45:02.782  2063  2182 I .apps.wellbeing: AssetManager2(0x7bbe4242d638) locale list changing from [] to [en-US]
06-01 22:45:02.783  2063  2182 I .apps.wellbeing: AssetManager2(0x7bbe42425938) locale list changing from [] to [en-US]
06-01 22:45:02.786  2063  2182 I .apps.wellbeing: AssetManager2(0x7bbe424333f8) locale list changing from [] to [en-US]
06-01 22:45:02.790  2063  2182 I .apps.wellbeing: AssetManager2(0x7bbe4242bd38) locale list changing from [] to [en-US]
06-01 22:45:02.796  2063  2182 I .apps.wellbeing: AssetManager2(0x7bbe424391b8) locale list changing from [] to [en-US]
06-01 22:45:02.807  2063  2182 I .apps.wellbeing: AssetManager2(0x7bbe42434078) locale list changing from [] to [en-US]
06-01 22:45:02.810  2063  2182 I .apps.wellbeing: AssetManager2(0x7bbe42435658) locale list changing from [] to [en-US]
06-01 22:45:02.813  2063  2182 I .apps.wellbeing: AssetManager2(0x7bbe42437598) locale list changing from [] to [en-US]
06-01 22:45:02.816  2063  2182 I .apps.wellbeing: AssetManager2(0x7bbe424397f8) locale list changing from [] to [en-US]
06-01 22:45:02.819  2063  2182 I .apps.wellbeing: AssetManager2(0x7bbe42435c98) locale list changing from [] to [en-US]
06-01 22:45:02.825  2063  2182 I .apps.wellbeing: AssetManager2(0x7bbe4243a798) locale list changing from [] to [en-US]
06-01 22:45:02.829  2063  2182 I .apps.wellbeing: AssetManager2(0x7bbe4243b418) locale list changing from [] to [en-US]
06-01 22:45:02.835  5322  5367 D WM-ForceStopRunnable: The default process name was not specified.
06-01 22:45:02.837  5322  5367 D WM-ForceStopRunnable: Performing cleanup operations.
06-01 22:45:02.838  2063  2182 I .apps.wellbeing: AssetManager2(0x7bbe4243b0f8) locale list changing from [] to [en-US]
06-01 22:45:02.841  2063  2182 I .apps.wellbeing: AssetManager2(0x7bbe42437278) locale list changing from [] to [en-US]
06-01 22:45:02.852  2063  2182 I .apps.wellbeing: AssetManager2(0x7bbe4242a438) locale list changing from [] to [en-US]
06-01 22:45:02.857  2063  2182 I .apps.wellbeing: AssetManager2(0x7bbe42441e58) locale list changing from [] to [en-US]
06-01 22:45:02.860  2063  2182 I .apps.wellbeing: AssetManager2(0x7bbe42435338) locale list changing from [] to [en-US]
06-01 22:45:02.862  2063  2182 I .apps.wellbeing: AssetManager2(0x7bbe42443118) locale list changing from [] to [en-US]
06-01 22:45:02.864  2063  2182 I .apps.wellbeing: AssetManager2(0x7bbe4242ef38) locale list changing from [] to [en-US]
06-01 22:45:02.865  2063  2182 I .apps.wellbeing: AssetManager2(0x7bbe42430518) locale list changing from [] to [en-US]
06-01 22:45:02.868  2063  2182 I .apps.wellbeing: AssetManager2(0x7bbe4242f578) locale list changing from [] to [en-US]
06-01 22:45:02.868  5322  5367 E ashmem  : Pinning is deprecated since Android Q. Please use trim or other methods.
06-01 22:45:02.870  2063  2182 I .apps.wellbeing: AssetManager2(0x7bbe4242e2b8) locale list changing from [] to [en-US]
06-01 22:45:02.875  2063  2182 I .apps.wellbeing: AssetManager2(0x7bbe4242df98) locale list changing from [] to [en-US]
06-01 22:45:02.877  2063  2182 I .apps.wellbeing: AssetManager2(0x7bbe4242ec18) locale list changing from [] to [en-US]
06-01 22:45:02.880  2063  2182 I .apps.wellbeing: AssetManager2(0x7bbe42432a98) locale list changing from [] to [en-US]
06-01 22:45:02.882  2063  2182 I .apps.wellbeing: AssetManager2(0x7bbe4243b738) locale list changing from [] to [en-US]
06-01 22:45:02.884  2063  2182 I .apps.wellbeing: AssetManager2(0x7bbe424411d8) locale list changing from [] to [en-US]
06-01 22:45:02.900  2063  2182 I .apps.wellbeing: AssetManager2(0x7bbe4243d038) locale list changing from [] to [en-US]
06-01 22:45:02.906  2063  2182 I .apps.wellbeing: AssetManager2(0x7bbe42459238) locale list changing from [] to [en-US]
06-01 22:45:02.908  2063  2182 I .apps.wellbeing: AssetManager2(0x7bbe424427b8) locale list changing from [] to [en-US]
06-01 22:45:02.912  2063  2182 I .apps.wellbeing: AssetManager2(0x7bbe4243c9f8) locale list changing from [] to [en-US]
06-01 22:45:02.915  2063  2182 I .apps.wellbeing: AssetManager2(0x7bbe424414f8) locale list changing from [] to [en-US]
06-01 22:45:02.920  2063  2182 I .apps.wellbeing: AssetManager2(0x7bbe42454418) locale list changing from [] to [en-US]
06-01 22:45:02.922  2063  2182 I .apps.wellbeing: AssetManager2(0x7bbe42443758) locale list changing from [] to [en-US]
06-01 22:45:02.938  2063  2182 I .apps.wellbeing: AssetManager2(0x7bbe42447f38) locale list changing from [] to [en-US]
06-01 22:45:02.940  2063  2182 I .apps.wellbeing: AssetManager2(0x7bbe424440b8) locale list changing from [] to [en-US]
06-01 22:45:02.941  2063  2182 I .apps.wellbeing: AssetManager2(0x7bbe4243e938) locale list changing from [] to [en-US]
06-01 22:45:02.943  2063  2182 I .apps.wellbeing: AssetManager2(0x7bbe42446f98) locale list changing from [] to [en-US]
06-01 22:45:02.944  2063  2182 I .apps.wellbeing: AssetManager2(0x7bbe42448ed8) locale list changing from [] to [en-US]
06-01 22:45:02.945  2063  2182 I .apps.wellbeing: AssetManager2(0x7bbe42445378) locale list changing from [] to [en-US]
06-01 22:45:02.946  2063  2182 I .apps.wellbeing: AssetManager2(0x7bbe4244a4b8) locale list changing from [] to [en-US]
06-01 22:45:02.949  2063  2182 I .apps.wellbeing: AssetManager2(0x7bbe424556d8) locale list changing from [] to [en-US]
06-01 22:45:02.951  2063  2182 I .apps.wellbeing: AssetManager2(0x7bbe4244aaf8) locale list changing from [] to [en-US]
06-01 22:45:02.953  2063  2182 I .apps.wellbeing: AssetManager2(0x7bbe42446638) locale list changing from [] to [en-US]
06-01 22:45:02.954  2063  2182 I .apps.wellbeing: AssetManager2(0x7bbe42445698) locale list changing from [] to [en-US]
06-01 22:45:02.956  2063  2182 I .apps.wellbeing: AssetManager2(0x7bbe42447c18) locale list changing from [] to [en-US]
06-01 22:45:02.958  2063  2182 I .apps.wellbeing: AssetManager2(0x7bbe42448bb8) locale list changing from [] to [en-US]
06-01 22:45:02.960  2063  2182 I .apps.wellbeing: AssetManager2(0x7bbe4244a7d8) locale list changing from [] to [en-US]
06-01 22:45:02.962  2063  2182 I .apps.wellbeing: AssetManager2(0x7bbe42443a78) locale list changing from [] to [en-US]
06-01 22:45:02.967  2063  2182 I .apps.wellbeing: AssetManager2(0x7bbe42448578) locale list changing from [] to [en-US]
06-01 22:45:02.977  2063  2182 I .apps.wellbeing: AssetManager2(0x7bbe424459b8) locale list changing from [] to [en-US]
06-01 22:45:02.978  2063  2182 I .apps.wellbeing: AssetManager2(0x7bbe42446958) locale list changing from [] to [en-US]
06-01 22:45:02.982  2063  2182 I .apps.wellbeing: AssetManager2(0x7bbe4244a198) locale list changing from [] to [en-US]
06-01 22:45:02.985  2063  2182 I .apps.wellbeing: AssetManager2(0x7bbe4244cd58) locale list changing from [] to [en-US]
06-01 22:45:02.986  2063  2182 I .apps.wellbeing: AssetManager2(0x7bbe42451538) locale list changing from [] to [en-US]
06-01 22:45:02.988  2063  2182 I .apps.wellbeing: AssetManager2(0x7bbe4244d078) locale list changing from [] to [en-US]
06-01 22:45:02.990  2063  2182 I .apps.wellbeing: AssetManager2(0x7bbe424508b8) locale list changing from [] to [en-US]
06-01 22:45:02.997  2063  2182 I .apps.wellbeing: AssetManager2(0x7bbe4244ba98) locale list changing from [] to [en-US]
06-01 22:45:02.999  2063  2182 I .apps.wellbeing: AssetManager2(0x7bbe4244fc38) locale list changing from [] to [en-US]
06-01 22:45:03.001  2063  2182 I .apps.wellbeing: AssetManager2(0x7bbe4244e338) locale list changing from [] to [en-US]
06-01 22:45:03.004  2063  2182 I .apps.wellbeing: AssetManager2(0x7bbe4244e658) locale list changing from [] to [en-US]
06-01 22:45:03.007  2063  2182 I .apps.wellbeing: AssetManager2(0x7bbe4244e978) locale list changing from [] to [en-US]
06-01 22:45:03.009  2063  2182 I .apps.wellbeing: AssetManager2(0x7bbe4244b458) locale list changing from [] to [en-US]
06-01 22:45:03.031  2063  2182 I .apps.wellbeing: AssetManager2(0x7bbe4244ff58) locale list changing from [] to [en-US]
06-01 22:45:03.035  2063  2182 I .apps.wellbeing: AssetManager2(0x7bbe42451858) locale list changing from [] to [en-US]
06-01 22:45:03.039  2063  2182 I .apps.wellbeing: AssetManager2(0x7bbe4243c6d8) locale list changing from [] to [en-US]
06-01 22:45:03.057  2063  2182 I .apps.wellbeing: AssetManager2(0x7bbe42441818) locale list changing from [] to [en-US]
06-01 22:45:03.060  5322  5369 D WM-PackageManagerHelper: Skipping component enablement for androidx.work.impl.background.systemalarm.RescheduleReceiver
06-01 22:45:03.063  2063  2182 I .apps.wellbeing: AssetManager2(0x7bbe42440b98) locale list changing from [] to [en-US]
06-01 22:45:03.081  2063  2182 I .apps.wellbeing: AssetManager2(0x7bbe42441b38) locale list changing from [] to [en-US]
06-01 22:45:03.092  2063  2182 I .apps.wellbeing: AssetManager2(0x7bbe4244b138) locale list changing from [] to [en-US]
06-01 22:45:03.095  2063  2182 I .apps.wellbeing: AssetManager2(0x7bbe424527f8) locale list changing from [] to [en-US]
06-01 22:45:03.098  2063  2182 I .apps.wellbeing: AssetManager2(0x7bbe4244d078) locale list changing from [] to [en-US]
06-01 22:45:03.101  2063  2182 I .apps.wellbeing: AssetManager2(0x7bbe42451538) locale list changing from [] to [en-US]
06-01 22:45:03.106  2063  2182 I .apps.wellbeing: AssetManager2(0x7bbe4243fbf8) locale list changing from [] to [en-US]
06-01 22:45:03.107  2063  2182 I .apps.wellbeing: AssetManager2(0x7bbe42444a18) locale list changing from [] to [en-US]
06-01 22:45:03.109  2063  2182 I .apps.wellbeing: AssetManager2(0x7bbe4244a198) locale list changing from [] to [en-US]
06-01 22:45:03.111  2063  2182 I .apps.wellbeing: AssetManager2(0x7bbe424459b8) locale list changing from [] to [en-US]
06-01 22:45:03.114  2063  2182 I .apps.wellbeing: AssetManager2(0x7bbe42448578) locale list changing from [] to [en-US]
06-01 22:45:03.117  2063  2182 I .apps.wellbeing: AssetManager2(0x7bbe42443a78) locale list changing from [] to [en-US]
06-01 22:45:03.121  2063  2182 I .apps.wellbeing: AssetManager2(0x7bbe42446958) locale list changing from [] to [en-US]
06-01 22:45:03.124  2063  2182 I .apps.wellbeing: AssetManager2(0x7bbe42448bb8) locale list changing from [] to [en-US]
06-01 22:45:03.126  2063  2182 I .apps.wellbeing: AssetManager2(0x7bbe4244a7d8) locale list changing from [] to [en-US]
06-01 22:45:03.128  2063  2182 I .apps.wellbeing: AssetManager2(0x7bbe42445698) locale list changing from [] to [en-US]
06-01 22:45:03.132  2063  2182 I .apps.wellbeing: AssetManager2(0x7bbe42447c18) locale list changing from [] to [en-US]
06-01 22:45:03.133  2063  2182 I .apps.wellbeing: AssetManager2(0x7bbe4244aaf8) locale list changing from [] to [en-US]
06-01 22:45:03.138  2063  2182 I .apps.wellbeing: AssetManager2(0x7bbe42446638) locale list changing from [] to [en-US]
06-01 22:45:03.144  2063  2182 I .apps.wellbeing: AssetManager2(0x7bbe42443438) locale list changing from [] to [en-US]
06-01 22:45:03.153  2063  2182 I .apps.wellbeing: AssetManager2(0x7bbe42445378) locale list changing from [] to [en-US]
06-01 22:45:03.155  2063  2182 I .apps.wellbeing: AssetManager2(0x7bbe4244a4b8) locale list changing from [] to [en-US]
06-01 22:45:03.157  2063  2182 I .apps.wellbeing: AssetManager2(0x7bbe4243e938) locale list changing from [] to [en-US]
06-01 22:45:03.160  2063  2182 I .apps.wellbeing: AssetManager2(0x7bbe424440b8) locale list changing from [] to [en-US]
06-01 22:45:03.164  2063  2182 I .apps.wellbeing: AssetManager2(0x7bbe42447f38) locale list changing from [] to [en-US]
06-01 22:45:03.275   688  1756 I ActivityManager: Background started FGS: Allowed [callingPackage: com.aistudio.ereader.xynk; callingUid: 10225; uidState: TOP ; uidBFSL: [BFSL]; intent: Intent { xflg=0x4 cmp=com.aistudio.ereader.xynk/com.example.web.LocalWebService }; code:PROC_STATE_TOP; tempAllowListReason:<null>; allowWiu:12; targetSdkVersion:36; callerTargetSdkVersion:36; startForegroundCount:0; bindFromPackage:null: isBindService:false]
06-01 22:45:03.280   688  1730 W OptProp : Cannot read opt property android.window.PROPERTY_COMPAT_ENABLE_FAKE_FOCUS
06-01 22:45:03.286  5322  5322 I Choreographer: Skipped 53 frames!  The application may be doing too much work on its main thread.
06-01 22:45:03.288   688   898 D BackgroundInstallControlService: Package event received: 0
06-01 22:45:03.292  5322  5371 I DisplayManager: Choreographer implicitly registered for the refresh rate.
06-01 22:45:03.295   688   898 D BackgroundInstallControlService: Package event received: 0
06-01 22:45:03.297  5322  5322 I io.ereader.xynk: AssetManager2(0x7bbe4242a758) locale list changing from [] to [en-US]
06-01 22:45:03.350  5322  5371 I EGL_emulation: Opening libGLESv1_CM_emulation.so
06-01 22:45:03.351  5322  5371 I EGL_emulation: Opening libGLESv2_emulation.so
06-01 22:45:03.361  5322  5371 W HWUI    : Failed to choose config with EGL_SWAP_BEHAVIOR_PRESERVED, retrying without...
06-01 22:45:03.361  5322  5371 W HWUI    : Failed to initialize 101010-2 format, error = EGL_SUCCESS
06-01 22:45:03.385  5322  5322 D CompatChangeReporter: Compat change id reported: 377864165; UID 10225; state: ENABLED
06-01 22:45:03.387  5322  5322 D DesktopModeFlags: Toggle override initialized to: OVERRIDE_UNSET
06-01 22:45:03.504  5322  5322 W HWUI    : Unknown dataspace 0
06-01 22:45:03.731   688  1756 I ActivityManager: Background started FGS: Allowed [callingPackage: com.aistudio.ereader.xynk; callingUid: 10225; uidState: TOP ; uidBFSL: [BFSL]; intent: Intent { cmp=com.aistudio.ereader.xynk/com.example.web.LocalWebService }; code:PROC_STATE_TOP; tempAllowListReason:<fg-service-launch,reasonCode:SERVICE_LAUNCH,duration:30000,callingUid:10225>; allowWiu:12; targetSdkVersion:36; callerTargetSdkVersion:36; startForegroundCount:0; bindFromPackage:null: isBindService:false]
06-01 22:45:03.733   688  1756 W ForegroundServiceTypeLoggerModule: Foreground service start for UID: 10225 does not have any types
06-01 22:45:03.733   688   898 D BackgroundInstallControlService: Package event received: 0
06-01 22:45:03.740   688  1064 D CoreBackPreview: Window{76b9316 u0 com.aistudio.ereader.xynk/com.example.MainActivity}: Setting back callback OnBackInvokedCallbackInfo{mCallback=android.window.IOnBackInvokedCallback$Stub$Proxy@1a5a6f0, mPriority=-1, mIsAnimationCallback=false, mOverrideBehavior=0}
06-01 22:45:04.183  5378  5378 W dumpsys : Thread Pool max thread count is 0. Cannot cache binder as linkToDeath cannot be implemented. serviceName: package
06-01 22:45:04.296  5322  5327 I io.ereader.xynk: Compiler allocated 5042KB to compile void android.view.ViewRootImpl.performTraversals()
06-01 22:45:04.327   688  1531 E TaskPersister: File error accessing recents directory (directory doesn't exist?).
06-01 22:45:04.363  3901  4205 I artd    : GetBestInfo: odex next to the dex file (/data/app/~~oqHPZkItOTY-JdZP8j0YvQ==/com.google.android.gms-U8kK62mhhj2hUoGXPlJDnw==/oat/x86_64/base.odex) is kOatUpToDate with filter 'speed-profile' executable 'false'
06-01 22:45:04.375  3901  4205 I artd    : GetBestInfo: odex next to the dex file (/data/app/~~oqHPZkItOTY-JdZP8j0YvQ==/com.google.android.gms-U8kK62mhhj2hUoGXPlJDnw==/oat/x86_64/split_AdsDynamite_installtime.odex) is kOatUpToDate with filter 'speed' executable 'false'
06-01 22:45:04.386  3901  4205 I artd    : GetBestInfo: odex next to the dex file (/data/app/~~oqHPZkItOTY-JdZP8j0YvQ==/com.google.android.gms-U8kK62mhhj2hUoGXPlJDnw==/oat/x86_64/split_CronetDynamite_installtime.odex) is kOatUpToDate with filter 'speed-profile' executable 'false'
06-01 22:45:04.389  3901  3902 I artd    : GetBestInfo: odex next to the dex file (/data/app/~~oqHPZkItOTY-JdZP8j0YvQ==/com.google.android.gms-U8kK62mhhj2hUoGXPlJDnw==/oat/x86_64/split_DynamiteLoader_installtime.odex) is kOatUpToDate with filter 'speed' executable 'false'
06-01 22:45:04.403  3901  3902 I artd    : GetBestInfo: odex next to the dex file (/data/app/~~oqHPZkItOTY-JdZP8j0YvQ==/com.google.android.gms-U8kK62mhhj2hUoGXPlJDnw==/oat/x86_64/split_DynamiteModulesA_installtime.odex) is kOatUpToDate with filter 'speed' executable 'false'
06-01 22:45:04.406  3901  3902 I artd    : GetBestInfo: odex next to the dex file (/data/app/~~oqHPZkItOTY-JdZP8j0YvQ==/com.google.android.gms-U8kK62mhhj2hUoGXPlJDnw==/oat/x86_64/split_DynamiteModulesC_installtime.odex) is kOatUpToDate with filter 'speed' executable 'false'
06-01 22:45:04.409  3901  3902 I artd    : GetBestInfo: odex next to the dex file (/data/app/~~oqHPZkItOTY-JdZP8j0YvQ==/com.google.android.gms-U8kK62mhhj2hUoGXPlJDnw==/oat/x86_64/split_GoogleCertificates_installtime.odex) is kOatUpToDate with filter 'speed' executable 'false'
06-01 22:45:04.412  3901  3902 I artd    : GetBestInfo: odex next to the dex file (/data/app/~~oqHPZkItOTY-JdZP8j0YvQ==/com.google.android.gms-U8kK62mhhj2hUoGXPlJDnw==/oat/x86_64/split_MapsDynamite_installtime.odex) is kOatUpToDate with filter 'speed' executable 'false'
06-01 22:45:04.418  3901  3902 I artd    : GetBestInfo: odex next to the dex file (/data/app/~~oqHPZkItOTY-JdZP8j0YvQ==/com.google.android.gms-U8kK62mhhj2hUoGXPlJDnw==/oat/x86_64/split_MeasurementDynamite_installtime.odex) is kOatUpToDate with filter 'speed' executable 'false'
06-01 22:45:04.421  3901  3902 I artd    : GetBestInfo: odex next to the dex file (/data/app/~~oqHPZkItOTY-JdZP8j0YvQ==/com.google.android.gms-U8kK62mhhj2hUoGXPlJDnw==/oat/x86_64/split_all_locale_splits.odex) is kOatUpToDate with filter 'speed' executable 'false'
06-01 22:45:04.422  3901  3902 I artd    : GetBestInfo: /data/user_de/0/com.google.android.gms/app_chimera/m/00000001/CronetDynamite.apk has no usable artifacts
06-01 22:45:04.423  3901  3902 I artd    : GetBestInfo: /data/user_de/0/com.google.android.gms/app_chimera/m/00000002/DynamiteLoader.apk has no usable artifacts
06-01 22:45:04.424  3901  3902 I artd    : GetBestInfo: /data/user_de/0/com.google.android.gms/app_chimera/m/00000015/dl-Appsearch.optional_261631100800.apk has no usable artifacts
06-01 22:45:04.426  3901  3902 I artd    : GetBestInfo: /data/user_de/0/com.google.android.gms/app_chimera/m/00000011/dl-MlkitBarcodeUi.optional_261631100800.apk has no usable artifacts
06-01 22:45:04.428  3901  3902 I artd    : GetBestInfo: /data/user_de/0/com.google.android.gms/app_chimera/m/00000005/GoogleCertificates.apk has no usable artifacts
06-01 22:45:04.430  3901  3902 I artd    : GetBestInfo: /data/user_de/0/com.google.android.gms/app_chimera/m/00000017/dl-TfliteDynamiteDynamite.integ_260580502100800.apk has no usable artifacts
06-01 22:45:04.434  3901  3902 I artd    : GetBestInfo: /data/user_de/0/com.google.android.gms/app_chimera/m/0000000d/dl-TfliteDynamiteDynamite.integ_252130102100800.apk has no usable artifacts
06-01 22:45:04.436  3901  3902 I artd    : GetBestInfo: /data/user_de/0/com.google.android.gms/app_chimera/m/00000016/dl-IdentityCredentialsPlatform.optional_261631100800.apk has no usable artifacts
06-01 22:45:04.438  3901  3902 I artd    : GetBestInfo: /data/user_de/0/com.google.android.gms/app_chimera/m/0000000a/dl-MlkitBarcodeUi.optional_250834100800.apk has no usable artifacts
06-01 22:45:04.441  3901  3902 I artd    : GetBestInfo: vdex next to the dex file (/data/user/0/com.google.android.gms/app_dg_cache/92659AEB0EFADECE4CBB22D1DF07B00702EAAC36/oat/x86_64/the.vdex) is kOatUpToDate with filter 'verify' executable 'false'
06-01 22:45:04.443  3901  3902 I artd    : GetBestInfo: /data/user_de/0/com.google.android.gms/app_chimera/m/00000014/dl-PlayCloudSearch.optional_261631100000.apk has no usable artifacts
06-01 22:45:04.445  3901  3902 I artd    : GetBestInfo: /data/user/0/com.google.android.gms/app_dg_cache/BBB8ADBA11F43674FC873CF50B06D4CFE87E958C/the.apk has no usable artifacts
06-01 22:45:04.447  3901  3902 W artd    : Could not get dex checksums for location /data/app/~~JlUJQFlc4ygp9jZhE_7qYA==/com.android.vending-cRWAZr3GHq-n4fdFyU9thA==/base.apk, fd=-1
06-01 22:45:05.035   688   799 W InputDispatcher: Not sending touch gesture to 7e1bf56 ActivityRecordInputSink com.aistudio.ereader.xynk/com.example.MainActivity because it has config NO_INPUT_CHANNEL
06-01 22:45:05.788   688   722 I ActivityTaskManager: Displayed com.aistudio.ereader.xynk/com.example.MainActivity for user 0: +5s333ms
06-01 22:45:05.797  5322  5342 I HWUI    : Davey! duration=2269ms; Flags=1, FrameTimelineVsyncId=43859, IntendedVsync=1291202382178, Vsync=1291419048836, InputEventId=0, HandleInputStart=1291425174800, AnimationStart=1291425200500, PerformTraversalsStart=1291425234000, DrawStart=1293311801300, FrameDeadline=1291219048844, FrameStartTime=1291424413700, FrameInterval=16666666, WorkloadTarget=16666666, SyncQueued=1293385778200, SyncStart=1293386872100, IssueDrawCommandsStart=1293387263300, SwapBuffers=1293447640800, FrameCompleted=1293473007100, DequeueBufferDuration=31900, QueueBufferDuration=413500, GpuCompleted=1293473007100, SwapBuffersCompleted=1293453407100, DisplayPresentTime=0, CommandSubmissionCompleted=1293447640800, 
06-01 22:45:05.867  5322  5322 I Choreographer: Skipped 121 frames!  The application may be doing too much work on its main thread.
06-01 22:45:05.919   688   807 I ImeTracker: com.aistudio.ereader.xynk:47d38dc2: onRequestHide at ORIGIN_SERVER reason HIDE_UNSPECIFIED_WINDOW fromUser false
06-01 22:45:05.935  1402  1402 I GoogleInputMethodService: GoogleInputMethodService.onFinishInput():2259 
06-01 22:45:05.940  1402  1402 I Module  : DeviceLockedStatusModuleProvider$Module.updateDeviceLockedStatus():103 repeatCheckTimes = 0, locked = false
06-01 22:45:05.940   688  1756 I ImeTracker: system_server:96511764: onRequestHide at ORIGIN_SERVER reason IME_REQUESTED_CHANGED_LISTENER fromUser false
06-01 22:45:05.944  1402  1402 I GoogleInputMethodService: GoogleInputMethodService.onStartInput():1446 onStartInput(EditorInfo{EditorInfo{packageName=com.aistudio.ereader.xynk, inputType=0, inputTypeString=NULL, enableLearning=false, autoCorrection=false, autoComplete=false, imeOptions=0, privateImeOptions=null, actionName=UNSPECIFIED, actionLabel=null, initialSelStart=-1, initialSelEnd=-1, initialCapsMode=0, label=null, fieldId=0, fieldName=null, extras=null, hintText=null, hintLocales=[]}}, false)
06-01 22:45:05.944  1402  1402 W AndroidIME: LatinIMEBase.updateInputViewCoverNavigation():327 Null input view, cannot update padding!
06-01 22:45:05.945  1402  1402 I Module  : DeviceLockedStatusModuleProvider$Module.updateDeviceLockedStatus():103 repeatCheckTimes = 1, locked = false
06-01 22:45:05.949   688   725 I ImeTracker: system_server:96511764: onCancelled at PHASE_SERVER_SHOULD_HIDE
06-01 22:45:05.951   688  1730 W PackageConfigPersister: App-specific configuration not found for packageName: com.aistudio.ereader.xynk and userId: 0
06-01 22:45:05.957  5322  5341 I HWUI    : Davey! duration=2088ms; Flags=0, FrameTimelineVsyncId=43889, IntendedVsync=1291535715498, Vsync=1293552382084, InputEventId=0, HandleInputStart=1293554816800, AnimationStart=1293555203300, PerformTraversalsStart=1293583097800, DrawStart=1293585258700, FrameDeadline=1293502382086, FrameStartTime=1293553889800, FrameInterval=16666666, WorkloadTarget=16666666, SyncQueued=1293586120600, SyncStart=1293586647400, IssueDrawCommandsStart=1293586876500, SwapBuffers=1293588259700, FrameCompleted=1293624429600, DequeueBufferDuration=43000, QueueBufferDuration=564800, GpuCompleted=1293624429600, SwapBuffersCompleted=1293617377200, DisplayPresentTime=0, CommandSubmissionCompleted=1293588259700, 
06-01 22:45:05.961  5322  5322 D InsetsController: hide(ime(), fromIme=false)
06-01 22:45:05.961  5322  5322 I ImeTracker: com.aistudio.ereader.xynk:47d38dc2: onCancelled at PHASE_CLIENT_ALREADY_HIDDEN
06-01 22:45:05.981  1279  3752 I FontLog : (REDACTED) Received query %s, URI %s
06-01 22:45:05.982  1279  3752 I FontLog : (REDACTED) Query [%s] resolved to %s
06-01 22:45:05.985  1279  3752 I FontLog : (REDACTED) Fetch %s end status %s
06-01 22:45:06.010  1279  3752 I FontLog : (REDACTED) Pulling font file for id = %d, cache size = %d
06-01 22:45:06.019  1279  3752 I FontLog : (REDACTED) Pulling font file for id = %d, cache size = %d
06-01 22:45:06.109  1084  1084 D BaseDepthController: setSurface:
06-01 22:45:06.109  1084  1084 D BaseDepthController: 	mWaitingOnSurfaceValidity: false
06-01 22:45:06.109  1084  1084 D BaseDepthController: 	mBaseSurface: null
06-01 22:45:06.110  1084  1084 D BaseDepthController: mSurface is null and mCurrentBlur is: 0
06-01 22:45:06.110  1084  1084 D StateManager: goToState - fromState: Normal, toState: Normal, partial trace:
06-01 22:45:06.110  1084  1084 D StateManager: 	at com.android.launcher3.statemanager.StateManager.moveToRestState(go/retraceme 72a59688580715d19f0e415c69e80376c2f062d1648c80db6730905005a27c20:4)
06-01 22:45:06.110  1084  1084 D StateManager: 	at com.android.launcher3.statemanager.StateManager.moveToRestState(go/retraceme 72a59688580715d19f0e415c69e80376c2f062d1648c80db6730905005a27c20:1)
06-01 22:45:06.110  1084  1084 D StateManager: 	at com.android.launcher3.statemanager.StatefulActivity.onStop(go/retraceme 72a59688580715d19f0e415c69e80376c2f062d1648c80db6730905005a27c20:34)
06-01 22:45:06.111  1084  1084 D StatsLog: LAUNCHER_ONSTOP
06-01 22:45:06.113  1084  1084 D StatsLog: LAUNCHER_GOOGLE_SEARCH_RESTORE_LIST_SIZE_AFTER_ACTIVITY_RESTART
06-01 22:45:06.148   688   898 D BackgroundInstallControlService: Package event received: 0
06-01 22:45:06.485   688  1730 D CompatChangeReporter: Compat change id reported: 349487600; UID 10225; state: ENABLED
06-01 22:45:06.498   688   848 D ConnectivityService: NetReassign [no changes] [c 0] [a 5] [i 0]
06-01 22:45:06.749  5322  5398 W HWUI    : Failed to choose config with EGL_SWAP_BEHAVIOR_PRESERVED, retrying without...
06-01 22:45:06.750  5322  5398 W HWUI    : Failed to initialize 101010-2 format, error = EGL_SUCCESS
06-01 22:45:06.814  5322  5388 W HWUI    : Image decoding logging dropped!
06-01 22:45:06.833  5322  5390 W HWUI    : Image decoding logging dropped!
06-01 22:45:08.221  5399  5399 D AndroidRuntime: >>>>>> START com.android.internal.os.RuntimeInit uid 2000 <<<<<<
06-01 22:45:08.226  5399  5399 I AndroidRuntime: Using default boot image
06-01 22:45:08.226  5399  5399 I AndroidRuntime: Leaving lock profiling enabled
06-01 22:45:08.228  5399  5399 I app_process: Using CollectorTypeCMC GC.
06-01 22:45:08.327  5399  5399 D nativeloader: InitDefaultPublicLibraries for_preload=1: libandroid.so:libaaudio.so:libamidi.so:libbinder_ndk.so:libc.so:libcamera2ndk.so:libdl.so:libEGL.so:libGLESv1_CM.so:libGLESv2.so:libGLESv3.so:libicu.so:libicui18n.so:libicuuc.so:libjnigraphics.so:liblog.so:libmediandk.so:libm.so:libnativehelper.so:libnativewindow.so:libOpenMAXAL.so:libOpenSLES.so:libRS.so:libstdc++.so:libsync.so:libvulkan.so:libwebviewchromium_plat_support.so:libz.so
06-01 22:45:08.339  5399  5399 D nativeloader: Load libicu_jni.so using APEX ns com_android_art for caller /apex/com.android.art/javalib/core-oj.jar: ok
06-01 22:45:08.339  5399  5399 D app_process: u_setTimeZoneFilesDirectory("/apex/com.android.tzdata/etc/tz/versioned/9/icu") succeeded. 
06-01 22:45:08.339  5399  5399 D app_process: I18n APEX ICU file found: /apex/com.android.i18n/etc/icu/icudt76l.dat
06-01 22:45:08.340  5399  5399 D nativeloader: Load libjavacore.so using APEX ns com_android_art for caller /apex/com.android.art/javalib/core-oj.jar: ok
06-01 22:45:08.341  5399  5399 D nativeloader: Load libopenjdk.so using APEX ns com_android_art for caller /apex/com.android.art/javalib/core-oj.jar: ok
06-01 22:45:08.342  5399  5399 W app_process: Unexpected CPU variant for x86: x86_64.
06-01 22:45:08.342  5399  5399 W app_process: Known variants: atom, sandybridge, silvermont, goldmont, goldmont-plus, goldmont-without-sha-xsaves, tremont, kabylake, alderlake, default
06-01 22:45:08.344  5399  5399 W app_process: ClassLoaderContext shared library size mismatch. Expected=2, found=0 (PCL[]{PCL[/system/framework/android.test.base.jar*2789897741]#PCL[/system/framework/android.test.mock.jar*3361312393]} | PCL[])
06-01 22:45:08.345  5399  5399 W app_process: ClassLoaderContext classpath size mismatch. expected=0, found=1 (PCL[]{PCL[/system/framework/android.test.runner.jar*895143020]#PCL[/system/framework/android.test.base.jar*2789897741]} | PCL[/system/framework/android.test.runner.jar*895143020])
06-01 22:45:08.363  5399  5399 D nativeloader: Load libframework-connectivity-tiramisu-jni.so using APEX ns com_android_tethering for caller /apex/com.android.tethering/javalib/framework-connectivity-t.jar: ok
06-01 22:45:08.364  5399  5399 D AndroidRuntime: Calling main entry com.android.commands.uiautomator.Launcher
06-01 22:45:08.369  5399  5399 I AconfigPackage: android.media.swcodec.flags is mapped to com.android.media.swcodec
06-01 22:45:08.369  5399  5399 I AconfigPackage: com.google.android.settings.simplemode.flags is mapped to system_ext
06-01 22:45:08.369  5399  5399 I AconfigPackage: com.google.android.systemui is mapped to system_ext
06-01 22:45:08.369  5399  5399 I AconfigPackage: com.google.android.apps.nexuslauncher is mapped to system_ext
06-01 22:45:08.369  5399  5399 I AconfigPackage: com.android.settings.accessibility is mapped to system_ext
06-01 22:45:08.369  5399  5399 I AconfigPackage: com.android.settings.flags is mapped to system_ext
06-01 22:45:08.369  5399  5399 I AconfigPackage: com.google.android.apps.miphone.aiai.matchmaker.overview.ui is mapped to system_ext
06-01 22:45:08.369  5399  5399 I AconfigPackage: com.google.android.settings.flags is mapped to system_ext
06-01 22:45:08.369  5399  5399 I AconfigPackage: com.android.launcher3 is mapped to system_ext
06-01 22:45:08.369  5399  5399 I AconfigPackage: com.android.wallpaper is mapped to system_ext
06-01 22:45:08.369  5399  5399 I AconfigPackage: com.android.settings.media_drm is mapped to system_ext
06-01 22:45:08.369  5399  5399 I AconfigPackage: com.android.systemui.accessibility.accessibilitymenu is mapped to system_ext
06-01 22:45:08.369  5399  5399 I AconfigPackage: com.android.settings.keyboard is mapped to system_ext
06-01 22:45:08.369  5399  5399 I AconfigPackage: com.android.server.policy.feature.flags is mapped to system_ext
06-01 22:45:08.369  5399  5399 I AconfigPackage: com.android.settings.factory_reset is mapped to system_ext
06-01 22:45:08.369  5399  5399 I AconfigPackage: com.google.android.haptics.flags is mapped to system_ext
06-01 22:45:08.369  5399  5399 I AconfigPackage: com.android.permission.flags is mapped to com.android.permission
06-01 22:45:08.370  5399  5399 I AconfigPackage: com.android.icu is mapped to com.android.i18n
06-01 22:45:08.370  5399  5399 I AconfigPackage: com.android.appsearch.flags is mapped to com.android.appsearch
06-01 22:45:08.370  5399  5399 I AconfigPackage: android.uprobestats.mainline.flags is mapped to com.android.uprobestats
06-01 22:45:08.370  5399  5399 I AconfigPackage: android.provider.flags is mapped to com.android.configinfrastructure
06-01 22:45:08.370  5399  5399 I AconfigPackage: com.android.server.deviceconfig is mapped to com.android.configinfrastructure
06-01 22:45:08.371  5399  5399 I AconfigPackage: com.android.nfc.flags is mapped to system
06-01 22:45:08.371  5399  5399 I AconfigPackage: android.app.admin.flags is mapped to system
06-01 22:45:08.371  5399  5399 I AconfigPackage: android.database.sqlite is mapped to system
06-01 22:45:08.371  5399  5399 I AconfigPackage: com.android.providers.calendar is mapped to system
06-01 22:45:08.371  5399  5399 I AconfigPackage: com.android.server.power.feature.flags is mapped to system
06-01 22:45:08.371  5399  5399 I AconfigPackage: com.android.media.performance.flags is mapped to system
06-01 22:45:08.371  5399  5399 I AconfigPackage: android.app.contextualsearch.flags is mapped to system
06-01 22:45:08.371  5399  5399 I AconfigPackage: android.app.ondeviceintelligence.flags is mapped to system
06-01 22:45:08.371  5399  5399 I AconfigPackage: com.android.media.projection.flags is mapped to system
06-01 22:45:08.371  5399  5399 I AconfigPackage: android.companion is mapped to system
06-01 22:45:08.371  5399  5399 I AconfigPackage: android.service.controls.flags is mapped to system
06-01 22:45:08.371  5399  5399 I AconfigPackage: com.android.text.flags is mapped to system
06-01 22:45:08.371  5399  5399 I AconfigPackage: com.android.providers.contactkeys.flags is mapped to system
06-01 22:45:08.371  5399  5399 I AconfigPackage: com.android.intentresolver is mapped to system
06-01 22:45:08.371  5399  5399 I AconfigPackage: android.companion.virtualdevice.flags is mapped to system
06-01 22:45:08.371  5399  5399 I AconfigPackage: android.uprobestats.flags is mapped to system
06-01 22:45:08.371  5399  5399 I AconfigPackage: com.android.net.thread.platform.flags is mapped to system
06-01 22:45:08.371  5399  5399 I AconfigPackage: android.view.contentprotection.flags is mapped to system
06-01 22:45:08.371  5399  5399 I AconfigPackage: com.android.server.dreams is mapped to system
06-01 22:45:08.371  5399  5399 I AconfigPackage: com.android.graphics.surfaceflinger.flags is mapped to system
06-01 22:45:08.371  5399  5399 I AconfigPackage: com.android.hardware.input is mapped to system
06-01 22:45:08.371  5399  5399 I AconfigPackage: android.sdk is mapped to system
06-01 22:45:08.371  5399  5399 I AconfigPackage: com.android.input.flags is mapped to system
06-01 22:45:08.371  5399  5399 I AconfigPackage: android.tracing is mapped to system
06-01 22:45:08.371  5399  5399 I AconfigPackage: com.android.server.biometrics is mapped to system
06-01 22:45:08.371  5399  5399 I AconfigPackage: android.view.contentcapture.flags is mapped to system
06-01 22:45:08.371  5399  5399 I AconfigPackage: android.app.job is mapped to system
06-01 22:45:08.371  5399  5399 I AconfigPackage: android.content.res is mapped to system
06-01 22:45:08.371  5399  5399 I AconfigPackage: android.net.platform.flags is mapped to system
06-01 22:45:08.371  5399  5399 I AconfigPackage: com.android.aconfig.flags is mapped to system
06-01 22:45:08.371  5399  5399 I AconfigPackage: com.android.graphics.flags is mapped to system
06-01 22:45:08.371  5399  5399 I AconfigPackage: android.server.app is mapped to system
06-01 22:45:08.372  5399  5399 I AconfigPackage: android.speech.flags is mapped to system
06-01 22:45:08.372  5399  5399 I AconfigPackage: com.android.server.stats is mapped to system
06-01 22:45:08.372  5399  5399 I AconfigPackage: android.hardware.biometrics is mapped to system
06-01 22:45:08.372  5399  5399 I AconfigPackage: android.car.feature is mapped to system
06-01 22:45:08.372  5399  5399 I AconfigPackage: android.adpf is mapped to system
06-01 22:45:08.372  5399  5399 I AconfigPackage: android.location.flags is mapped to system
