06-02 01:47:34.472  3901  9791 I artd    : GetBestInfo: odex next to the dex file (/data/app/~~oqHPZkItOTY-JdZP8j0YvQ==/com.google.android.gms-U8kK62mhhj2hUoGXPlJDnw==/oat/x86_64/split_MapsDynamite_installtime.odex) is kOatUpToDate with filter 'speed' executable 'false'
06-02 01:47:34.474  3901  9791 I artd    : GetBestInfo: odex next to the dex file (/data/app/~~oqHPZkItOTY-JdZP8j0YvQ==/com.google.android.gms-U8kK62mhhj2hUoGXPlJDnw==/oat/x86_64/split_MeasurementDynamite_installtime.odex) is kOatUpToDate with filter 'speed' executable 'false'
06-02 01:47:34.476  3901  9791 I artd    : GetBestInfo: odex next to the dex file (/data/app/~~oqHPZkItOTY-JdZP8j0YvQ==/com.google.android.gms-U8kK62mhhj2hUoGXPlJDnw==/oat/x86_64/split_all_locale_splits.odex) is kOatUpToDate with filter 'speed' executable 'false'
06-02 01:47:34.477  3901  9791 I artd    : GetBestInfo: /data/user_de/0/com.google.android.gms/app_chimera/m/00000001/CronetDynamite.apk has no usable artifacts
06-02 01:47:34.477  3901  9791 I artd    : GetBestInfo: /data/user_de/0/com.google.android.gms/app_chimera/m/00000002/DynamiteLoader.apk has no usable artifacts
06-02 01:47:34.478  3901  9791 I artd    : GetBestInfo: /data/user_de/0/com.google.android.gms/app_chimera/m/00000015/dl-Appsearch.optional_261631100800.apk has no usable artifacts
06-02 01:47:34.479  3901  9791 I artd    : GetBestInfo: /data/user_de/0/com.google.android.gms/app_chimera/m/00000011/dl-MlkitBarcodeUi.optional_261631100800.apk has no usable artifacts
06-02 01:47:34.480  3901  9791 I artd    : GetBestInfo: /data/user_de/0/com.google.android.gms/app_chimera/m/00000005/GoogleCertificates.apk has no usable artifacts
06-02 01:47:34.481  3901  9791 I artd    : GetBestInfo: /data/user_de/0/com.google.android.gms/app_chimera/m/00000017/dl-TfliteDynamiteDynamite.integ_260580502100800.apk has no usable artifacts
06-02 01:47:34.483  3901  9791 I artd    : GetBestInfo: /data/user_de/0/com.google.android.gms/app_chimera/m/0000000d/dl-TfliteDynamiteDynamite.integ_252130102100800.apk has no usable artifacts
06-02 01:47:34.484  3901  9791 I artd    : GetBestInfo: /data/user_de/0/com.google.android.gms/app_chimera/m/00000016/dl-IdentityCredentialsPlatform.optional_261631100800.apk has no usable artifacts
06-02 01:47:34.486  3901  9791 I artd    : GetBestInfo: /data/user_de/0/com.google.android.gms/app_chimera/m/0000000a/dl-MlkitBarcodeUi.optional_250834100800.apk has no usable artifacts
06-02 01:47:34.488  3901  9791 I artd    : GetBestInfo: vdex next to the dex file (/data/user/0/com.google.android.gms/app_dg_cache/92659AEB0EFADECE4CBB22D1DF07B00702EAAC36/oat/x86_64/the.vdex) is kOatUpToDate with filter 'verify' executable 'false'
06-02 01:47:34.489  3901  9791 I artd    : GetBestInfo: /data/user_de/0/com.google.android.gms/app_chimera/m/00000014/dl-PlayCloudSearch.optional_261631100000.apk has no usable artifacts
06-02 01:47:34.491  3901  9791 I artd    : GetBestInfo: /data/user/0/com.google.android.gms/app_dg_cache/BBB8ADBA11F43674FC873CF50B06D4CFE87E958C/the.apk has no usable artifacts
06-02 01:47:34.491  3901  9791 W artd    : Could not get dex checksums for location /data/app/~~JlUJQFlc4ygp9jZhE_7qYA==/com.android.vending-cRWAZr3GHq-n4fdFyU9thA==/base.apk, fd=-1
06-02 01:47:35.219 10101 10522 D VBookCrawler: source=Truyện Full-vBook script=home args= result=map(keys=data, next, data=list(15))
06-02 01:47:35.786 10101 10522 D VBookCrawler: source=Truyện Full-vBook script=gen.js args=https://truyenfull.today/danh-sach/truyen-moi/, 1 result=map(keys=data, next, data=list(27))
06-02 01:47:36.011 10101 10522 D VBookCrawler: source=Truyện Full-vBook script=detail args=https://truyenfull.today/dai-su-ty-ca-man-nhung-bi-ep-vo-dich/ result=map(keys=data, next, data=map(keys=name, cover, author, description, detail, ongoing, genres, suggests, host, data=null))
06-02 01:47:36.175 10101 10522 D VBookCrawler: source=Truyện Full-vBook script=page args=https://truyenfull.today/dai-su-ty-ca-man-nhung-bi-ep-vo-dich/ result=map(keys=data, next, data=list(8))
06-02 01:47:36.321 10101 10522 D VBookCrawler: source=Truyện Full-vBook script=toc args=https://truyenfull.today/ajax.php?type=list_chapter&tid=43150&tascii=dai-su-ty-ca-man-nhung-bi-ep-vo-dich&page=1&totalp=8 result=map(keys=data, next, data=list(50))
06-02 01:47:36.474 10101 10522 D VBookCrawler: source=Truyện Full-vBook script=toc args=https://truyenfull.today/ajax.php?type=list_chapter&tid=43150&tascii=dai-su-ty-ca-man-nhung-bi-ep-vo-dich&page=2&totalp=8 result=map(keys=data, next, data=list(50))
06-02 01:47:36.574  1069  1255 D SatelliteController: iisInCarrierRoamingNbIotNtn: satellite is disabled
06-02 01:47:36.578   688  1749 W IPCThreadState: Sending oneway calls to frozen process.
06-02 01:47:36.623 10101 10522 D VBookCrawler: source=Truyện Full-vBook script=toc args=https://truyenfull.today/ajax.php?type=list_chapter&tid=43150&tascii=dai-su-ty-ca-man-nhung-bi-ep-vo-dich&page=3&totalp=8 result=map(keys=data, next, data=list(50))
06-02 01:47:36.767 10101 10522 D VBookCrawler: source=Truyện Full-vBook script=toc args=https://truyenfull.today/ajax.php?type=list_chapter&tid=43150&tascii=dai-su-ty-ca-man-nhung-bi-ep-vo-dich&page=4&totalp=8 result=map(keys=data, next, data=list(50))
06-02 01:47:36.926 10101 10522 D VBookCrawler: source=Truyện Full-vBook script=toc args=https://truyenfull.today/ajax.php?type=list_chapter&tid=43150&tascii=dai-su-ty-ca-man-nhung-bi-ep-vo-dich&page=5&totalp=8 result=map(keys=data, next, data=list(50))
06-02 01:47:37.067 10101 10522 D VBookCrawler: source=Truyện Full-vBook script=toc args=https://truyenfull.today/ajax.php?type=list_chapter&tid=43150&tascii=dai-su-ty-ca-man-nhung-bi-ep-vo-dich&page=6&totalp=8 result=map(keys=data, next, data=list(50))
06-02 01:47:37.207 10101 10522 D VBookCrawler: source=Truyện Full-vBook script=toc args=https://truyenfull.today/ajax.php?type=list_chapter&tid=43150&tascii=dai-su-ty-ca-man-nhung-bi-ep-vo-dich&page=7&totalp=8 result=map(keys=data, next, data=list(50))
06-02 01:47:37.315 10101 10522 D VBookCrawler: source=Truyện Full-vBook script=toc args=https://truyenfull.today/ajax.php?type=list_chapter&tid=43150&tascii=dai-su-ty-ca-man-nhung-bi-ep-vo-dich&page=8&totalp=8 result=map(keys=data, next, data=list(30))
06-02 01:47:37.528 10101 10522 D VBookCrawler: source=quanben - repo duongden-hajljnopera script=home args= result=map(keys=data, next, data=list(18))
06-02 01:47:38.186 10101 10522 D VBookCrawler: source=quanben - repo duongden-hajljnopera script=gen.js args=/c/xuanhuan_{0}.html, 1 result=map(keys=error, data=null)
06-02 01:47:38.847 10101 10522 D VBookCrawler: source=quanben - repo duongden-hajljnopera script=gen.js args=/c/dushi_{0}.html, 1 result=map(keys=error, data=null)
06-02 01:47:39.515 10101 10522 D VBookCrawler: source=quanben - repo duongden-hajljnopera script=gen.js args=/c/yanqing_{0}.html, 1 result=map(keys=error, data=null)
06-02 01:47:40.178 10101 10522 D VBookCrawler: source=quanben - repo duongden-hajljnopera script=gen.js args=/c/chuanyue_{0}.html, 1 result=map(keys=error, data=null)
06-02 01:47:40.855 10101 10522 D VBookCrawler: source=quanben - repo duongden-hajljnopera script=gen.js args=/c/qingchun_{0}.html, 1 result=map(keys=error, data=null)
06-02 01:47:40.922 10101 10522 D VBookCrawler: source=言情小说阁 (APP)-Nhocconsr script=home args= result=map(keys=data, next, data=list(2))
06-02 01:47:41.648 10101 10522 D VBookCrawler: source=言情小说阁 (APP)-Nhocconsr script=gen.js args=lejRej, 1 result=null
06-02 01:47:43.009 10101 10522 D VBookCrawler: source=言情小说阁 (APP)-Nhocconsr script=gen.js args=nel5aK, 1 result=map(keys=data, next, data=list(15))
06-02 01:47:43.502 10101 10522 D VBookCrawler: source=言情小说阁 (APP)-Nhocconsr script=detail args=http://api.beiniai.com/novel/eX5zll result=map(keys=data, next, data=String)
06-02 01:47:43.573 10101 10522 D VBookCrawler: source=Người Lao Động-Đường đen script=home args= result=map(keys=data, next, data=list(1))
06-02 01:47:43.935 10101 10522 D VBookCrawler: source=Người Lao Động-Đường đen script=gen.js args=/, 1 result=map(keys=data, next, data=list(40))
06-02 01:47:44.152 10551 10551 W dumpsys : Thread Pool max thread count is 0. Cannot cache binder as linkToDeath cannot be implemented. serviceName: package
06-02 01:47:44.154 10101 10522 D VBookCrawler: source=Người Lao Động-Đường đen script=detail args=https://nld.com.vn/pho-cuc-truong-thuoc-bo-cong-thuong-noi-ly-do-khong-ban-xang-khoang-196260601171337887.htm result=map(keys=data, next, data=map(keys=name, cover, author, description, detail, host, data=null))
06-02 01:47:44.372 10101 10522 D VBookCrawler: source=Người Lao Động-Đường đen script=toc args=https://nld.com.vn/pho-cuc-truong-thuoc-bo-cong-thuong-noi-ly-do-khong-ban-xang-khoang-196260601171337887.htm result=map(keys=data, next, data=list(1))
06-02 01:47:44.457  3901  9791 I artd    : GetBestInfo: odex next to the dex file (/data/app/~~oqHPZkItOTY-JdZP8j0YvQ==/com.google.android.gms-U8kK62mhhj2hUoGXPlJDnw==/oat/x86_64/base.odex) is kOatUpToDate with filter 'speed-profile' executable 'false'
06-02 01:47:44.463  3901  9791 I artd    : GetBestInfo: odex next to the dex file (/data/app/~~oqHPZkItOTY-JdZP8j0YvQ==/com.google.android.gms-U8kK62mhhj2hUoGXPlJDnw==/oat/x86_64/split_AdsDynamite_installtime.odex) is kOatUpToDate with filter 'speed' executable 'false'
06-02 01:47:44.466 10101 10120 I io.ereader.xynk: Background concurrent mark compact GC freed 7422KB AllocSpace bytes, 68(2600KB) LOS objects, 49% free, 11MB/23MB, paused 1.427ms,18.787ms total 120.882ms
06-02 01:47:44.468  3901  9791 I artd    : GetBestInfo: odex next to the dex file (/data/app/~~oqHPZkItOTY-JdZP8j0YvQ==/com.google.android.gms-U8kK62mhhj2hUoGXPlJDnw==/oat/x86_64/split_CronetDynamite_installtime.odex) is kOatUpToDate with filter 'speed-profile' executable 'false'
06-02 01:47:44.472  3901  9791 I artd    : GetBestInfo: odex next to the dex file (/data/app/~~oqHPZkItOTY-JdZP8j0YvQ==/com.google.android.gms-U8kK62mhhj2hUoGXPlJDnw==/oat/x86_64/split_DynamiteLoader_installtime.odex) is kOatUpToDate with filter 'speed' executable 'false'
06-02 01:47:44.473  3901  9791 I artd    : GetBestInfo: odex next to the dex file (/data/app/~~oqHPZkItOTY-JdZP8j0YvQ==/com.google.android.gms-U8kK62mhhj2hUoGXPlJDnw==/oat/x86_64/split_DynamiteModulesA_installtime.odex) is kOatUpToDate with filter 'speed' executable 'false'
06-02 01:47:44.475  3901  9791 I artd    : GetBestInfo: odex next to the dex file (/data/app/~~oqHPZkItOTY-JdZP8j0YvQ==/com.google.android.gms-U8kK62mhhj2hUoGXPlJDnw==/oat/x86_64/split_DynamiteModulesC_installtime.odex) is kOatUpToDate with filter 'speed' executable 'false'
06-02 01:47:44.477  3901  9791 I artd    : GetBestInfo: odex next to the dex file (/data/app/~~oqHPZkItOTY-JdZP8j0YvQ==/com.google.android.gms-U8kK62mhhj2hUoGXPlJDnw==/oat/x86_64/split_GoogleCertificates_installtime.odex) is kOatUpToDate with filter 'speed' executable 'false'
06-02 01:47:44.479  3901  9791 I artd    : GetBestInfo: odex next to the dex file (/data/app/~~oqHPZkItOTY-JdZP8j0YvQ==/com.google.android.gms-U8kK62mhhj2hUoGXPlJDnw==/oat/x86_64/split_MapsDynamite_installtime.odex) is kOatUpToDate with filter 'speed' executable 'false'
06-02 01:47:44.481  3901  9791 I artd    : GetBestInfo: odex next to the dex file (/data/app/~~oqHPZkItOTY-JdZP8j0YvQ==/com.google.android.gms-U8kK62mhhj2hUoGXPlJDnw==/oat/x86_64/split_MeasurementDynamite_installtime.odex) is kOatUpToDate with filter 'speed' executable 'false'
06-02 01:47:44.482  3901  9791 I artd    : GetBestInfo: odex next to the dex file (/data/app/~~oqHPZkItOTY-JdZP8j0YvQ==/com.google.android.gms-U8kK62mhhj2hUoGXPlJDnw==/oat/x86_64/split_all_locale_splits.odex) is kOatUpToDate with filter 'speed' executable 'false'
06-02 01:47:44.483  3901  9791 I artd    : GetBestInfo: /data/user_de/0/com.google.android.gms/app_chimera/m/00000001/CronetDynamite.apk has no usable artifacts
06-02 01:47:44.483  3901  9791 I artd    : GetBestInfo: /data/user_de/0/com.google.android.gms/app_chimera/m/00000002/DynamiteLoader.apk has no usable artifacts
06-02 01:47:44.486  3901  9791 I artd    : GetBestInfo: /data/user_de/0/com.google.android.gms/app_chimera/m/00000015/dl-Appsearch.optional_261631100800.apk has no usable artifacts
06-02 01:47:44.488  3901  9791 I artd    : GetBestInfo: /data/user_de/0/com.google.android.gms/app_chimera/m/00000011/dl-MlkitBarcodeUi.optional_261631100800.apk has no usable artifacts
06-02 01:47:44.488  3901  9791 I artd    : GetBestInfo: /data/user_de/0/com.google.android.gms/app_chimera/m/00000005/GoogleCertificates.apk has no usable artifacts
06-02 01:47:44.490  3901  9791 I artd    : GetBestInfo: /data/user_de/0/com.google.android.gms/app_chimera/m/00000017/dl-TfliteDynamiteDynamite.integ_260580502100800.apk has no usable artifacts
06-02 01:47:44.492  3901  9791 I artd    : GetBestInfo: /data/user_de/0/com.google.android.gms/app_chimera/m/0000000d/dl-TfliteDynamiteDynamite.integ_252130102100800.apk has no usable artifacts
06-02 01:47:44.493  3901  9791 I artd    : GetBestInfo: /data/user_de/0/com.google.android.gms/app_chimera/m/00000016/dl-IdentityCredentialsPlatform.optional_261631100800.apk has no usable artifacts
06-02 01:47:44.495  3901  9791 I artd    : GetBestInfo: /data/user_de/0/com.google.android.gms/app_chimera/m/0000000a/dl-MlkitBarcodeUi.optional_250834100800.apk has no usable artifacts
06-02 01:47:44.496  3901  9791 I artd    : GetBestInfo: vdex next to the dex file (/data/user/0/com.google.android.gms/app_dg_cache/92659AEB0EFADECE4CBB22D1DF07B00702EAAC36/oat/x86_64/the.vdex) is kOatUpToDate with filter 'verify' executable 'false'
06-02 01:47:44.497  3901  9791 I artd    : GetBestInfo: /data/user_de/0/com.google.android.gms/app_chimera/m/00000014/dl-PlayCloudSearch.optional_261631100000.apk has no usable artifacts
06-02 01:47:44.499  3901  9791 I artd    : GetBestInfo: /data/user/0/com.google.android.gms/app_dg_cache/BBB8ADBA11F43674FC873CF50B06D4CFE87E958C/the.apk has no usable artifacts
06-02 01:47:44.499  3901  9791 W artd    : Could not get dex checksums for location /data/app/~~JlUJQFlc4ygp9jZhE_7qYA==/com.android.vending-cRWAZr3GHq-n4fdFyU9thA==/base.apk, fd=-1
06-02 01:47:44.577 10101 10522 D VBookCrawler: source=vietnamnet-Đường đen script=home args= result=map(keys=data, next, data=list(25))
06-02 01:47:45.039 10101 10522 D VBookCrawler: source=vietnamnet-Đường đen script=gen.js args=/chinh-tri, 1 result=map(keys=data, next, data=list(25))
06-02 01:47:45.279 10101 10522 D VBookCrawler: source=vietnamnet-Đường đen script=detail args=https://vietnamnet.vn/tong-bi-thu-chu-tich-nuoc-dang-hoa-tai-tuong-chu-tich-ho-chi-minh-o-singapore-2520913.html result=map(keys=data, next, data=map(keys=name, cover, description, detail, host, data=null))
06-02 01:47:45.410 10101 10522 D VBookCrawler: source=vietnamnet-Đường đen script=toc args=https://vietnamnet.vn/tong-bi-thu-chu-tich-nuoc-dang-hoa-tai-tuong-chu-tich-ho-chi-minh-o-singapore-2520913.html result=map(keys=data, next, data=list(1))
06-02 01:47:45.607 10101 10522 D VBookCrawler: source=Tuổi Trẻ-Đường đen script=home args= result=map(keys=data, next, data=list(1))
06-02 01:47:45.777 10101 10200 D VBookJs : https://tuoitre.vn/timeline/0/trang-1.htm
06-02 01:47:45.814 10101 10522 D VBookCrawler: source=Tuổi Trẻ-Đường đen script=zen2.js args=/timeline/0/, 1 result=map(keys=data, next, data=list(21))
06-02 01:47:46.121 10101 10120 I io.ereader.xynk: Background concurrent mark compact GC freed 10126KB AllocSpace bytes, 107(3132KB) LOS objects, 49% free, 11MB/23MB, paused 9.189ms,2.614ms total 154.259ms
06-02 01:47:46.133 10101 10522 D VBookCrawler: source=Tuổi Trẻ-Đường đen script=detail args=https://tuoitre.vn/son-tung-len-tieng-giua-tranh-cai-mv-come-my-way-20260601222324372.htm result=map(keys=data, next, data=map(keys=name, cover, author, description, detail, host, data=null))
06-02 01:47:46.311 10101 10522 D VBookCrawler: source=Tuổi Trẻ-Đường đen script=toc args=https://tuoitre.vn/son-tung-len-tieng-giua-tranh-cai-mv-come-my-way-20260601222324372.htm result=map(keys=error, data=null)
06-02 01:47:46.380 10101 10522 D VBookCrawler: source=vnexpress-Đường đen script=home args= result=map(keys=data, next, data=list(13))
06-02 01:47:46.587  1069  1255 D SatelliteController: iisInCarrierRoamingNbIotNtn: satellite is disabled
06-02 01:47:46.588   688   915 W IPCThreadState: Sending oneway calls to frozen process.
06-02 01:47:47.026 10101 10522 D VBookCrawler: source=vnexpress-Đường đen script=gen.js args=/thoi-su, 1 result=map(keys=data, next, data=list(33))
06-02 01:47:47.194 10101 10522 D VBookCrawler: source=vnexpress-Đường đen script=detail args=https://vnexpress.net/cuu-hai-thieu-nien-ket-o-tang-ba-nha-chay-5080478.html result=map(keys=data, next, data=map(keys=name, cover, description, detail, host, data=null))
06-02 01:47:47.277 10101 10522 D VBookCrawler: source=vnexpress-Đường đen script=toc args=https://vnexpress.net/cuu-hai-thieu-nien-ket-o-tang-ba-nha-chay-5080478.html result=map(keys=data, next, data=list(1))
06-02 01:47:47.471 10101 10522 D VBookCrawler: source=soha-Đường đen script=home args= result=map(keys=data, next, data=list(1))
06-02 01:47:48.301 10101 10522 D VBookCrawler: source=soha-Đường đen script=zen2.js args=/, 1 result=map(keys=data, next, data=list(52))
06-02 01:47:48.536 10101 10522 D VBookCrawler: source=soha-Đường đen script=detail args=https://m.soha.vn/tu-hom-nay-viet-nam-ban-xang-e10-tren-toan-quoc-my-trung-quoc-thai-lan-co-dung-khong-198260601165630087.htm result=map(keys=data, next, data=map(keys=name, cover, author, description, detail, host, data=null))
06-02 01:47:48.652 10101 10522 D VBookCrawler: source=soha-Đường đen script=toc args=https://m.soha.vn/tu-hom-nay-viet-nam-ban-xang-e10-tren-toan-quoc-my-trung-quoc-thai-lan-co-dung-khong-198260601165630087.htm result=map(keys=data, next, data=list(1))
06-02 01:47:48.844 10101 10522 D VBookCrawler: source=x33xs4-Đường đen script=home args= result=map(keys=data, next, data=list(1))
06-02 01:47:49.807 10101 10522 D VBookCrawler: source=x33xs4-Đường đen script=gen.js args=/, 1 result=null
06-02 01:47:49.878 10101 10522 D VBookCrawler: source=Tinh Linh-Đường đen script=home args= result=map(keys=data, next, data=list(13))
06-02 01:47:50.211 10101 10522 D VBookCrawler: source=Tinh Linh-Đường đen script=gen.js args=/ngon-tinh-sung, 1 result=map(keys=data, next, data=list(24))
06-02 01:47:50.397 10101 10522 D VBookCrawler: source=Tinh Linh-Đường đen script=detail args=https://tinhlinh.com/truyen/co-tong-lai-phat-dien-roi-06b35303136 result=map(keys=data, next, data=map(keys=name, cover, genres, host, author, description, detail, data=null))
06-02 01:47:50.584 10101 10522 D VBookCrawler: source=Tinh Linh-Đường đen script=toc args=https://tinhlinh.com/truyen/co-tong-lai-phat-dien-roi-06b35303136 result=map(keys=data, next, data=list(300))
06-02 01:47:50.776 10101 10522 D VBookCrawler: source=Dịch truyện tự động từ Qidian-Đường đen script=home args= result=map(keys=data, next, data=list(9))
06-02 01:47:52.592 10101 10522 D VBookCrawler: source=Dịch truyện tự động từ Qidian-Đường đen script=gen.js args=/latest, 1 result=map(keys=data, next, data=list(12))
06-02 01:47:52.883   688   915 D WifiNl80211Manager: Scan result ready event
06-02 01:47:52.883   688   915 D WifiNative: Scan result ready event
06-02 01:47:52.886  1279  2475 I WifiScanner: onFullResults
06-02 01:47:52.886  1279  2138 I WifiScanner: onFullResults
06-02 01:47:52.889   688   842 I HalDevMgr: bestIfaceCreationProposal is null, requestIface=STA, existingIface=[name=wlan0 type=STA]
06-02 01:47:54.145 10578 10578 W dumpsys : Thread Pool max thread count is 0. Cannot cache binder as linkToDeath cannot be implemented. serviceName: package
06-02 01:47:54.182 10101 10522 D VBookCrawler: source=Dịch truyện tự động từ Qidian-Đường đen script=detail args=https://q.kyhuyen.com/can-nuot-cuu-chuyen-chi-ton--6131363730 result=map(keys=data, next, data=map(keys=name, cover, author, genres, description, detail, suggests, host, data=null))
06-02 01:47:54.456  3901  9791 I artd    : GetBestInfo: odex next to the dex file (/data/app/~~oqHPZkItOTY-JdZP8j0YvQ==/com.google.android.gms-U8kK62mhhj2hUoGXPlJDnw==/oat/x86_64/base.odex) is kOatUpToDate with filter 'speed-profile' executable 'false'
06-02 01:47:54.461  3901  3902 I artd    : GetBestInfo: odex next to the dex file (/data/app/~~oqHPZkItOTY-JdZP8j0YvQ==/com.google.android.gms-U8kK62mhhj2hUoGXPlJDnw==/oat/x86_64/split_AdsDynamite_installtime.odex) is kOatUpToDate with filter 'speed' executable 'false'
06-02 01:47:54.465  3901  9791 I artd    : GetBestInfo: odex next to the dex file (/data/app/~~oqHPZkItOTY-JdZP8j0YvQ==/com.google.android.gms-U8kK62mhhj2hUoGXPlJDnw==/oat/x86_64/split_CronetDynamite_installtime.odex) is kOatUpToDate with filter 'speed-profile' executable 'false'
06-02 01:47:54.468  3901  9791 I artd    : GetBestInfo: odex next to the dex file (/data/app/~~oqHPZkItOTY-JdZP8j0YvQ==/com.google.android.gms-U8kK62mhhj2hUoGXPlJDnw==/oat/x86_64/split_DynamiteLoader_installtime.odex) is kOatUpToDate with filter 'speed' executable 'false'
06-02 01:47:54.471  3901  9791 I artd    : GetBestInfo: odex next to the dex file (/data/app/~~oqHPZkItOTY-JdZP8j0YvQ==/com.google.android.gms-U8kK62mhhj2hUoGXPlJDnw==/oat/x86_64/split_DynamiteModulesA_installtime.odex) is kOatUpToDate with filter 'speed' executable 'false'
06-02 01:47:54.472  3901  9791 I artd    : GetBestInfo: odex next to the dex file (/data/app/~~oqHPZkItOTY-JdZP8j0YvQ==/com.google.android.gms-U8kK62mhhj2hUoGXPlJDnw==/oat/x86_64/split_DynamiteModulesC_installtime.odex) is kOatUpToDate with filter 'speed' executable 'false'
06-02 01:47:54.474  3901  9791 I artd    : GetBestInfo: odex next to the dex file (/data/app/~~oqHPZkItOTY-JdZP8j0YvQ==/com.google.android.gms-U8kK62mhhj2hUoGXPlJDnw==/oat/x86_64/split_GoogleCertificates_installtime.odex) is kOatUpToDate with filter 'speed' executable 'false'
06-02 01:47:54.476  3901  9791 I artd    : GetBestInfo: odex next to the dex file (/data/app/~~oqHPZkItOTY-JdZP8j0YvQ==/com.google.android.gms-U8kK62mhhj2hUoGXPlJDnw==/oat/x86_64/split_MapsDynamite_installtime.odex) is kOatUpToDate with filter 'speed' executable 'false'
06-02 01:47:54.477  3901  9791 I artd    : GetBestInfo: odex next to the dex file (/data/app/~~oqHPZkItOTY-JdZP8j0YvQ==/com.google.android.gms-U8kK62mhhj2hUoGXPlJDnw==/oat/x86_64/split_MeasurementDynamite_installtime.odex) is kOatUpToDate with filter 'speed' executable 'false'
06-02 01:47:54.479  3901  9791 I artd    : GetBestInfo: odex next to the dex file (/data/app/~~oqHPZkItOTY-JdZP8j0YvQ==/com.google.android.gms-U8kK62mhhj2hUoGXPlJDnw==/oat/x86_64/split_all_locale_splits.odex) is kOatUpToDate with filter 'speed' executable 'false'
06-02 01:47:54.480  3901  9791 I artd    : GetBestInfo: /data/user_de/0/com.google.android.gms/app_chimera/m/00000001/CronetDynamite.apk has no usable artifacts
06-02 01:47:54.480  3901  9791 I artd    : GetBestInfo: /data/user_de/0/com.google.android.gms/app_chimera/m/00000002/DynamiteLoader.apk has no usable artifacts
06-02 01:47:54.481  3901  9791 I artd    : GetBestInfo: /data/user_de/0/com.google.android.gms/app_chimera/m/00000015/dl-Appsearch.optional_261631100800.apk has no usable artifacts
06-02 01:47:54.483  3901  9791 I artd    : GetBestInfo: /data/user_de/0/com.google.android.gms/app_chimera/m/00000011/dl-MlkitBarcodeUi.optional_261631100800.apk has no usable artifacts
06-02 01:47:54.484  3901  9791 I artd    : GetBestInfo: /data/user_de/0/com.google.android.gms/app_chimera/m/00000005/GoogleCertificates.apk has no usable artifacts
06-02 01:47:54.486  3901  9791 I artd    : GetBestInfo: /data/user_de/0/com.google.android.gms/app_chimera/m/00000017/dl-TfliteDynamiteDynamite.integ_260580502100800.apk has no usable artifacts
06-02 01:47:54.488  3901  9791 I artd    : GetBestInfo: /data/user_de/0/com.google.android.gms/app_chimera/m/0000000d/dl-TfliteDynamiteDynamite.integ_252130102100800.apk has no usable artifacts
06-02 01:47:54.491  3901  9791 I artd    : GetBestInfo: /data/user_de/0/com.google.android.gms/app_chimera/m/00000016/dl-IdentityCredentialsPlatform.optional_261631100800.apk has no usable artifacts
06-02 01:47:54.492  3901  9791 I artd    : GetBestInfo: /data/user_de/0/com.google.android.gms/app_chimera/m/0000000a/dl-MlkitBarcodeUi.optional_250834100800.apk has no usable artifacts
06-02 01:47:54.494  3901  9791 I artd    : GetBestInfo: vdex next to the dex file (/data/user/0/com.google.android.gms/app_dg_cache/92659AEB0EFADECE4CBB22D1DF07B00702EAAC36/oat/x86_64/the.vdex) is kOatUpToDate with filter 'verify' executable 'false'
06-02 01:47:54.497  3901  9791 I artd    : GetBestInfo: /data/user_de/0/com.google.android.gms/app_chimera/m/00000014/dl-PlayCloudSearch.optional_261631100000.apk has no usable artifacts
06-02 01:47:54.498  3901  9791 I artd    : GetBestInfo: /data/user/0/com.google.android.gms/app_dg_cache/BBB8ADBA11F43674FC873CF50B06D4CFE87E958C/the.apk has no usable artifacts
06-02 01:47:54.501  3901  9791 W artd    : Could not get dex checksums for location /data/app/~~JlUJQFlc4ygp9jZhE_7qYA==/com.android.vending-cRWAZr3GHq-n4fdFyU9thA==/base.apk, fd=-1
06-02 01:47:55.310 10101 10522 D VBookCrawler: source=Dịch truyện tự động từ Qidian-Đường đen script=toc args=https://q.kyhuyen.com/can-nuot-cuu-chuyen-chi-ton--6131363730 result=map(keys=data, next, data=list(88))
06-02 01:47:55.498 10101 10522 D VBookCrawler: source=ebookbao-Đường đen script=home args= result=map(keys=data, next, data=list(1))
06-02 01:47:56.089 10101 10522 D VBookCrawler: source=ebookbao-Đường đen script=gen.js args=/, 1 result=null
06-02 01:47:56.603  1069  1255 D SatelliteController: iisInCarrierRoamingNbIotNtn: satellite is disabled
06-02 01:47:56.605   688  1749 W IPCThreadState: Sending oneway calls to frozen process.
06-02 01:48:04.161 10584 10584 W dumpsys : Thread Pool max thread count is 0. Cannot cache binder as linkToDeath cannot be implemented. serviceName: package
06-02 01:48:04.231   688   915 D TelephonyManager: requestModemActivityInfo: Sending result to app: ModemActivityInfo{ mTimestamp=12271914 mSleepTimeMs=1344 mIdleTimeMs=448 mActivityStatsTechSpecificInfo=[{mRat=UNKNOWN,mFrequencyRange=UNKNOWN,mTxTimeMs[]=[32, 96, 192, 256, 288],mRxTimeMs=288}]}
06-02 01:48:04.457  3901  9791 I artd    : GetBestInfo: odex next to the dex file (/data/app/~~oqHPZkItOTY-JdZP8j0YvQ==/com.google.android.gms-U8kK62mhhj2hUoGXPlJDnw==/oat/x86_64/base.odex) is kOatUpToDate with filter 'speed-profile' executable 'false'
06-02 01:48:04.461  3901  9791 I artd    : GetBestInfo: odex next to the dex file (/data/app/~~oqHPZkItOTY-JdZP8j0YvQ==/com.google.android.gms-U8kK62mhhj2hUoGXPlJDnw==/oat/x86_64/split_AdsDynamite_installtime.odex) is kOatUpToDate with filter 'speed' executable 'false'
06-02 01:48:04.464  3901  9791 I artd    : GetBestInfo: odex next to the dex file (/data/app/~~oqHPZkItOTY-JdZP8j0YvQ==/com.google.android.gms-U8kK62mhhj2hUoGXPlJDnw==/oat/x86_64/split_CronetDynamite_installtime.odex) is kOatUpToDate with filter 'speed-profile' executable 'false'
06-02 01:48:04.466  3901  9791 I artd    : GetBestInfo: odex next to the dex file (/data/app/~~oqHPZkItOTY-JdZP8j0YvQ==/com.google.android.gms-U8kK62mhhj2hUoGXPlJDnw==/oat/x86_64/split_DynamiteLoader_installtime.odex) is kOatUpToDate with filter 'speed' executable 'false'
06-02 01:48:04.468  3901  9791 I artd    : GetBestInfo: odex next to the dex file (/data/app/~~oqHPZkItOTY-JdZP8j0YvQ==/com.google.android.gms-U8kK62mhhj2hUoGXPlJDnw==/oat/x86_64/split_DynamiteModulesA_installtime.odex) is kOatUpToDate with filter 'speed' executable 'false'
06-02 01:48:04.470  3901  9791 I artd    : GetBestInfo: odex next to the dex file (/data/app/~~oqHPZkItOTY-JdZP8j0YvQ==/com.google.android.gms-U8kK62mhhj2hUoGXPlJDnw==/oat/x86_64/split_DynamiteModulesC_installtime.odex) is kOatUpToDate with filter 'speed' executable 'false'
06-02 01:48:04.472  3901  9791 I artd    : GetBestInfo: odex next to the dex file (/data/app/~~oqHPZkItOTY-JdZP8j0YvQ==/com.google.android.gms-U8kK62mhhj2hUoGXPlJDnw==/oat/x86_64/split_GoogleCertificates_installtime.odex) is kOatUpToDate with filter 'speed' executable 'false'
06-02 01:48:04.475  3901  9791 I artd    : GetBestInfo: odex next to the dex file (/data/app/~~oqHPZkItOTY-JdZP8j0YvQ==/com.google.android.gms-U8kK62mhhj2hUoGXPlJDnw==/oat/x86_64/split_MapsDynamite_installtime.odex) is kOatUpToDate with filter 'speed' executable 'false'
06-02 01:48:04.478  3901  9791 I artd    : GetBestInfo: odex next to the dex file (/data/app/~~oqHPZkItOTY-JdZP8j0YvQ==/com.google.android.gms-U8kK62mhhj2hUoGXPlJDnw==/oat/x86_64/split_MeasurementDynamite_installtime.odex) is kOatUpToDate with filter 'speed' executable 'false'
06-02 01:48:04.480  3901  9791 I artd    : GetBestInfo: odex next to the dex file (/data/app/~~oqHPZkItOTY-JdZP8j0YvQ==/com.google.android.gms-U8kK62mhhj2hUoGXPlJDnw==/oat/x86_64/split_all_locale_splits.odex) is kOatUpToDate with filter 'speed' executable 'false'
06-02 01:48:04.481  3901  9791 I artd    : GetBestInfo: /data/user_de/0/com.google.android.gms/app_chimera/m/00000001/CronetDynamite.apk has no usable artifacts
06-02 01:48:04.482  3901  9791 I artd    : GetBestInfo: /data/user_de/0/com.google.android.gms/app_chimera/m/00000002/DynamiteLoader.apk has no usable artifacts
06-02 01:48:04.484  3901  9791 I artd    : GetBestInfo: /data/user_de/0/com.google.android.gms/app_chimera/m/00000015/dl-Appsearch.optional_261631100800.apk has no usable artifacts
06-02 01:48:04.485  3901  9791 I artd    : GetBestInfo: /data/user_de/0/com.google.android.gms/app_chimera/m/00000011/dl-MlkitBarcodeUi.optional_261631100800.apk has no usable artifacts
06-02 01:48:04.486  3901  9791 I artd    : GetBestInfo: /data/user_de/0/com.google.android.gms/app_chimera/m/00000005/GoogleCertificates.apk has no usable artifacts
06-02 01:48:04.488  3901  9791 I artd    : GetBestInfo: /data/user_de/0/com.google.android.gms/app_chimera/m/00000017/dl-TfliteDynamiteDynamite.integ_260580502100800.apk has no usable artifacts
06-02 01:48:04.489  3901  9791 I artd    : GetBestInfo: /data/user_de/0/com.google.android.gms/app_chimera/m/0000000d/dl-TfliteDynamiteDynamite.integ_252130102100800.apk has no usable artifacts
06-02 01:48:04.493  3901  9791 I artd    : GetBestInfo: /data/user_de/0/com.google.android.gms/app_chimera/m/00000016/dl-IdentityCredentialsPlatform.optional_261631100800.apk has no usable artifacts
06-02 01:48:04.495  3901  9791 I artd    : GetBestInfo: /data/user_de/0/com.google.android.gms/app_chimera/m/0000000a/dl-MlkitBarcodeUi.optional_250834100800.apk has no usable artifacts
06-02 01:48:04.498  3901  9791 I artd    : GetBestInfo: vdex next to the dex file (/data/user/0/com.google.android.gms/app_dg_cache/92659AEB0EFADECE4CBB22D1DF07B00702EAAC36/oat/x86_64/the.vdex) is kOatUpToDate with filter 'verify' executable 'false'
06-02 01:48:04.500  3901  9791 I artd    : GetBestInfo: /data/user_de/0/com.google.android.gms/app_chimera/m/00000014/dl-PlayCloudSearch.optional_261631100000.apk has no usable artifacts
06-02 01:48:04.501  3901  9791 I artd    : GetBestInfo: /data/user/0/com.google.android.gms/app_dg_cache/BBB8ADBA11F43674FC873CF50B06D4CFE87E958C/the.apk has no usable artifacts
06-02 01:48:04.502  3901  9791 W artd    : Could not get dex checksums for location /data/app/~~JlUJQFlc4ygp9jZhE_7qYA==/com.android.vending-cRWAZr3GHq-n4fdFyU9thA==/base.apk, fd=-1
06-02 01:48:06.615  1069  1255 D SatelliteController: iisInCarrierRoamingNbIotNtn: satellite is disabled
06-02 01:48:06.616   688  1749 W IPCThreadState: Sending oneway calls to frozen process.
