06-02 01:46:24.409  3901  9791 I artd    : GetBestInfo: /data/user_de/0/com.google.android.gms/app_chimera/m/00000001/CronetDynamite.apk has no usable artifacts
06-02 01:46:24.410  3901  9791 I artd    : GetBestInfo: /data/user_de/0/com.google.android.gms/app_chimera/m/00000002/DynamiteLoader.apk has no usable artifacts
06-02 01:46:24.411  3901  9791 I artd    : GetBestInfo: /data/user_de/0/com.google.android.gms/app_chimera/m/00000015/dl-Appsearch.optional_261631100800.apk has no usable artifacts
06-02 01:46:24.412  3901  9791 I artd    : GetBestInfo: /data/user_de/0/com.google.android.gms/app_chimera/m/00000011/dl-MlkitBarcodeUi.optional_261631100800.apk has no usable artifacts
06-02 01:46:24.414  3901  9791 I artd    : GetBestInfo: /data/user_de/0/com.google.android.gms/app_chimera/m/00000005/GoogleCertificates.apk has no usable artifacts
06-02 01:46:24.416  3901  9791 I artd    : GetBestInfo: /data/user_de/0/com.google.android.gms/app_chimera/m/00000017/dl-TfliteDynamiteDynamite.integ_260580502100800.apk has no usable artifacts
06-02 01:46:24.417  3901  9791 I artd    : GetBestInfo: /data/user_de/0/com.google.android.gms/app_chimera/m/0000000d/dl-TfliteDynamiteDynamite.integ_252130102100800.apk has no usable artifacts
06-02 01:46:24.420  3901  9791 I artd    : GetBestInfo: /data/user_de/0/com.google.android.gms/app_chimera/m/00000016/dl-IdentityCredentialsPlatform.optional_261631100800.apk has no usable artifacts
06-02 01:46:24.421  3901  9791 I artd    : GetBestInfo: /data/user_de/0/com.google.android.gms/app_chimera/m/0000000a/dl-MlkitBarcodeUi.optional_250834100800.apk has no usable artifacts
06-02 01:46:24.423  3901  9791 I artd    : GetBestInfo: vdex next to the dex file (/data/user/0/com.google.android.gms/app_dg_cache/92659AEB0EFADECE4CBB22D1DF07B00702EAAC36/oat/x86_64/the.vdex) is kOatUpToDate with filter 'verify' executable 'false'
06-02 01:46:24.425  3901  9791 I artd    : GetBestInfo: /data/user_de/0/com.google.android.gms/app_chimera/m/00000014/dl-PlayCloudSearch.optional_261631100000.apk has no usable artifacts
06-02 01:46:24.426  3901  9791 I artd    : GetBestInfo: /data/user/0/com.google.android.gms/app_dg_cache/BBB8ADBA11F43674FC873CF50B06D4CFE87E958C/the.apk has no usable artifacts
06-02 01:46:24.427  3901  9791 W artd    : Could not get dex checksums for location /data/app/~~JlUJQFlc4ygp9jZhE_7qYA==/com.android.vending-cRWAZr3GHq-n4fdFyU9thA==/base.apk, fd=-1
06-02 01:46:25.288 10101 10372 D VBookCrawler: source=Dịch truyện tự động từ Qidian-Đường đen script=detail args=https://q.kyhuyen.com/can-nuot-cuu-chuyen-chi-ton--6131363730 result=map(keys=data, next, data=map(keys=name, cover, author, genres, description, detail, suggests, host, data=null))
06-02 01:46:26.495 10101 10372 D VBookCrawler: source=Dịch truyện tự động từ Qidian-Đường đen script=toc args=https://q.kyhuyen.com/can-nuot-cuu-chuyen-chi-ton--6131363730 result=map(keys=data, next, data=list(88))
06-02 01:46:26.532  1069  1255 D SatelliteController: iisInCarrierRoamingNbIotNtn: satellite is disabled
06-02 01:46:26.533   688  1723 W IPCThreadState: Sending oneway calls to frozen process.
06-02 01:46:26.689 10101 10372 D VBookCrawler: source=ebookbao-Đường đen script=home args= result=map(keys=data, next, data=list(1))
06-02 01:46:27.014 10101 10372 D VBookCrawler: source=ebookbao-Đường đen script=gen.js args=/, 1 result=null
06-02 01:46:34.154 10437 10437 W dumpsys : Thread Pool max thread count is 0. Cannot cache binder as linkToDeath cannot be implemented. serviceName: package
06-02 01:46:34.456  3901  9791 I artd    : GetBestInfo: odex next to the dex file (/data/app/~~oqHPZkItOTY-JdZP8j0YvQ==/com.google.android.gms-U8kK62mhhj2hUoGXPlJDnw==/oat/x86_64/base.odex) is kOatUpToDate with filter 'speed-profile' executable 'false'
06-02 01:46:34.458  3901  9791 I artd    : GetBestInfo: odex next to the dex file (/data/app/~~oqHPZkItOTY-JdZP8j0YvQ==/com.google.android.gms-U8kK62mhhj2hUoGXPlJDnw==/oat/x86_64/split_AdsDynamite_installtime.odex) is kOatUpToDate with filter 'speed' executable 'false'
06-02 01:46:34.462  3901  9791 I artd    : GetBestInfo: odex next to the dex file (/data/app/~~oqHPZkItOTY-JdZP8j0YvQ==/com.google.android.gms-U8kK62mhhj2hUoGXPlJDnw==/oat/x86_64/split_CronetDynamite_installtime.odex) is kOatUpToDate with filter 'speed-profile' executable 'false'
06-02 01:46:34.465  3901  9791 I artd    : GetBestInfo: odex next to the dex file (/data/app/~~oqHPZkItOTY-JdZP8j0YvQ==/com.google.android.gms-U8kK62mhhj2hUoGXPlJDnw==/oat/x86_64/split_DynamiteLoader_installtime.odex) is kOatUpToDate with filter 'speed' executable 'false'
06-02 01:46:34.467  3901  9791 I artd    : GetBestInfo: odex next to the dex file (/data/app/~~oqHPZkItOTY-JdZP8j0YvQ==/com.google.android.gms-U8kK62mhhj2hUoGXPlJDnw==/oat/x86_64/split_DynamiteModulesA_installtime.odex) is kOatUpToDate with filter 'speed' executable 'false'
06-02 01:46:34.470  3901  9791 I artd    : GetBestInfo: odex next to the dex file (/data/app/~~oqHPZkItOTY-JdZP8j0YvQ==/com.google.android.gms-U8kK62mhhj2hUoGXPlJDnw==/oat/x86_64/split_DynamiteModulesC_installtime.odex) is kOatUpToDate with filter 'speed' executable 'false'
06-02 01:46:34.472  3901  9791 I artd    : GetBestInfo: odex next to the dex file (/data/app/~~oqHPZkItOTY-JdZP8j0YvQ==/com.google.android.gms-U8kK62mhhj2hUoGXPlJDnw==/oat/x86_64/split_GoogleCertificates_installtime.odex) is kOatUpToDate with filter 'speed' executable 'false'
06-02 01:46:34.476  3901  9791 I artd    : GetBestInfo: odex next to the dex file (/data/app/~~oqHPZkItOTY-JdZP8j0YvQ==/com.google.android.gms-U8kK62mhhj2hUoGXPlJDnw==/oat/x86_64/split_MapsDynamite_installtime.odex) is kOatUpToDate with filter 'speed' executable 'false'
06-02 01:46:34.479  3901  9791 I artd    : GetBestInfo: odex next to the dex file (/data/app/~~oqHPZkItOTY-JdZP8j0YvQ==/com.google.android.gms-U8kK62mhhj2hUoGXPlJDnw==/oat/x86_64/split_MeasurementDynamite_installtime.odex) is kOatUpToDate with filter 'speed' executable 'false'
06-02 01:46:34.482  3901  9791 I artd    : GetBestInfo: odex next to the dex file (/data/app/~~oqHPZkItOTY-JdZP8j0YvQ==/com.google.android.gms-U8kK62mhhj2hUoGXPlJDnw==/oat/x86_64/split_all_locale_splits.odex) is kOatUpToDate with filter 'speed' executable 'false'
06-02 01:46:34.483  3901  9791 I artd    : GetBestInfo: /data/user_de/0/com.google.android.gms/app_chimera/m/00000001/CronetDynamite.apk has no usable artifacts
06-02 01:46:34.484  3901  9791 I artd    : GetBestInfo: /data/user_de/0/com.google.android.gms/app_chimera/m/00000002/DynamiteLoader.apk has no usable artifacts
06-02 01:46:34.486  3901  9791 I artd    : GetBestInfo: /data/user_de/0/com.google.android.gms/app_chimera/m/00000015/dl-Appsearch.optional_261631100800.apk has no usable artifacts
06-02 01:46:34.487  3901  9791 I artd    : GetBestInfo: /data/user_de/0/com.google.android.gms/app_chimera/m/00000011/dl-MlkitBarcodeUi.optional_261631100800.apk has no usable artifacts
06-02 01:46:34.489  3901  9791 I artd    : GetBestInfo: /data/user_de/0/com.google.android.gms/app_chimera/m/00000005/GoogleCertificates.apk has no usable artifacts
06-02 01:46:34.491  3901  9791 I artd    : GetBestInfo: /data/user_de/0/com.google.android.gms/app_chimera/m/00000017/dl-TfliteDynamiteDynamite.integ_260580502100800.apk has no usable artifacts
06-02 01:46:34.494  3901  9791 I artd    : GetBestInfo: /data/user_de/0/com.google.android.gms/app_chimera/m/0000000d/dl-TfliteDynamiteDynamite.integ_252130102100800.apk has no usable artifacts
06-02 01:46:34.495  3901  9791 I artd    : GetBestInfo: /data/user_de/0/com.google.android.gms/app_chimera/m/00000016/dl-IdentityCredentialsPlatform.optional_261631100800.apk has no usable artifacts
06-02 01:46:34.497  3901  9791 I artd    : GetBestInfo: /data/user_de/0/com.google.android.gms/app_chimera/m/0000000a/dl-MlkitBarcodeUi.optional_250834100800.apk has no usable artifacts
06-02 01:46:34.499  3901  9791 I artd    : GetBestInfo: vdex next to the dex file (/data/user/0/com.google.android.gms/app_dg_cache/92659AEB0EFADECE4CBB22D1DF07B00702EAAC36/oat/x86_64/the.vdex) is kOatUpToDate with filter 'verify' executable 'false'
06-02 01:46:34.500  3901  9791 I artd    : GetBestInfo: /data/user_de/0/com.google.android.gms/app_chimera/m/00000014/dl-PlayCloudSearch.optional_261631100000.apk has no usable artifacts
06-02 01:46:34.502  3901  9791 I artd    : GetBestInfo: /data/user/0/com.google.android.gms/app_dg_cache/BBB8ADBA11F43674FC873CF50B06D4CFE87E958C/the.apk has no usable artifacts
06-02 01:46:34.502  3901  9791 W artd    : Could not get dex checksums for location /data/app/~~JlUJQFlc4ygp9jZhE_7qYA==/com.android.vending-cRWAZr3GHq-n4fdFyU9thA==/base.apk, fd=-1
06-02 01:46:36.540  1069  1255 D SatelliteController: iisInCarrierRoamingNbIotNtn: satellite is disabled
06-02 01:46:36.541   688  1723 W IPCThreadState: Sending oneway calls to frozen process.
06-02 01:46:41.261   688   898 D BackgroundInstallControlService: Package event received: 0
06-02 01:46:41.857   688  1723 W AppOps  : Noting op not finished: uid 10148 pkg com.google.android.gms code 79 startTime of in progress event=1780327490134
06-02 01:46:41.860   688   915 W AppOps  : Noting op not finished: uid 10148 pkg com.google.android.gms code 113 startTime of in progress event=1780327462701
06-02 01:46:41.892  1279  1914 I ActivityScheduler: nextTriggerTime: 12427678, in 238100ms, detectorType: 39, FULL_TYPE alarmWindowMillis: 80000
06-02 01:46:42.864   688   915 W AppOps  : Noting op not finished: uid 10148 pkg com.google.android.gms code 113 startTime of in progress event=1780327462701
06-02 01:46:44.144 10452 10452 W dumpsys : Thread Pool max thread count is 0. Cannot cache binder as linkToDeath cannot be implemented. serviceName: package
06-02 01:46:44.460  3901  9791 I artd    : GetBestInfo: odex next to the dex file (/data/app/~~oqHPZkItOTY-JdZP8j0YvQ==/com.google.android.gms-U8kK62mhhj2hUoGXPlJDnw==/oat/x86_64/base.odex) is kOatUpToDate with filter 'speed-profile' executable 'false'
06-02 01:46:44.466  3901  9791 I artd    : GetBestInfo: odex next to the dex file (/data/app/~~oqHPZkItOTY-JdZP8j0YvQ==/com.google.android.gms-U8kK62mhhj2hUoGXPlJDnw==/oat/x86_64/split_AdsDynamite_installtime.odex) is kOatUpToDate with filter 'speed' executable 'false'
06-02 01:46:44.469  3901  9791 I artd    : GetBestInfo: odex next to the dex file (/data/app/~~oqHPZkItOTY-JdZP8j0YvQ==/com.google.android.gms-U8kK62mhhj2hUoGXPlJDnw==/oat/x86_64/split_CronetDynamite_installtime.odex) is kOatUpToDate with filter 'speed-profile' executable 'false'
06-02 01:46:44.471  3901  9791 I artd    : GetBestInfo: odex next to the dex file (/data/app/~~oqHPZkItOTY-JdZP8j0YvQ==/com.google.android.gms-U8kK62mhhj2hUoGXPlJDnw==/oat/x86_64/split_DynamiteLoader_installtime.odex) is kOatUpToDate with filter 'speed' executable 'false'
06-02 01:46:44.473  3901  9791 I artd    : GetBestInfo: odex next to the dex file (/data/app/~~oqHPZkItOTY-JdZP8j0YvQ==/com.google.android.gms-U8kK62mhhj2hUoGXPlJDnw==/oat/x86_64/split_DynamiteModulesA_installtime.odex) is kOatUpToDate with filter 'speed' executable 'false'
06-02 01:46:44.475  3901  9791 I artd    : GetBestInfo: odex next to the dex file (/data/app/~~oqHPZkItOTY-JdZP8j0YvQ==/com.google.android.gms-U8kK62mhhj2hUoGXPlJDnw==/oat/x86_64/split_DynamiteModulesC_installtime.odex) is kOatUpToDate with filter 'speed' executable 'false'
06-02 01:46:44.476  3901  9791 I artd    : GetBestInfo: odex next to the dex file (/data/app/~~oqHPZkItOTY-JdZP8j0YvQ==/com.google.android.gms-U8kK62mhhj2hUoGXPlJDnw==/oat/x86_64/split_GoogleCertificates_installtime.odex) is kOatUpToDate with filter 'speed' executable 'false'
06-02 01:46:44.479  3901  9791 I artd    : GetBestInfo: odex next to the dex file (/data/app/~~oqHPZkItOTY-JdZP8j0YvQ==/com.google.android.gms-U8kK62mhhj2hUoGXPlJDnw==/oat/x86_64/split_MapsDynamite_installtime.odex) is kOatUpToDate with filter 'speed' executable 'false'
06-02 01:46:44.481  3901  9791 I artd    : GetBestInfo: odex next to the dex file (/data/app/~~oqHPZkItOTY-JdZP8j0YvQ==/com.google.android.gms-U8kK62mhhj2hUoGXPlJDnw==/oat/x86_64/split_MeasurementDynamite_installtime.odex) is kOatUpToDate with filter 'speed' executable 'false'
06-02 01:46:44.484  3901  9791 I artd    : GetBestInfo: odex next to the dex file (/data/app/~~oqHPZkItOTY-JdZP8j0YvQ==/com.google.android.gms-U8kK62mhhj2hUoGXPlJDnw==/oat/x86_64/split_all_locale_splits.odex) is kOatUpToDate with filter 'speed' executable 'false'
06-02 01:46:44.486  3901  9791 I artd    : GetBestInfo: /data/user_de/0/com.google.android.gms/app_chimera/m/00000001/CronetDynamite.apk has no usable artifacts
06-02 01:46:44.490  3901  9791 I artd    : GetBestInfo: /data/user_de/0/com.google.android.gms/app_chimera/m/00000002/DynamiteLoader.apk has no usable artifacts
06-02 01:46:44.493  3901  9791 I artd    : GetBestInfo: /data/user_de/0/com.google.android.gms/app_chimera/m/00000015/dl-Appsearch.optional_261631100800.apk has no usable artifacts
06-02 01:46:44.496  3901  9791 I artd    : GetBestInfo: /data/user_de/0/com.google.android.gms/app_chimera/m/00000011/dl-MlkitBarcodeUi.optional_261631100800.apk has no usable artifacts
06-02 01:46:44.497  3901  9791 I artd    : GetBestInfo: /data/user_de/0/com.google.android.gms/app_chimera/m/00000005/GoogleCertificates.apk has no usable artifacts
06-02 01:46:44.502  3901  9791 I artd    : GetBestInfo: /data/user_de/0/com.google.android.gms/app_chimera/m/00000017/dl-TfliteDynamiteDynamite.integ_260580502100800.apk has no usable artifacts
06-02 01:46:44.503  3901  9791 I artd    : GetBestInfo: /data/user_de/0/com.google.android.gms/app_chimera/m/0000000d/dl-TfliteDynamiteDynamite.integ_252130102100800.apk has no usable artifacts
06-02 01:46:44.505  3901  9791 I artd    : GetBestInfo: /data/user_de/0/com.google.android.gms/app_chimera/m/00000016/dl-IdentityCredentialsPlatform.optional_261631100800.apk has no usable artifacts
06-02 01:46:44.506  3901  9791 I artd    : GetBestInfo: /data/user_de/0/com.google.android.gms/app_chimera/m/0000000a/dl-MlkitBarcodeUi.optional_250834100800.apk has no usable artifacts
06-02 01:46:44.508  3901  9791 I artd    : GetBestInfo: vdex next to the dex file (/data/user/0/com.google.android.gms/app_dg_cache/92659AEB0EFADECE4CBB22D1DF07B00702EAAC36/oat/x86_64/the.vdex) is kOatUpToDate with filter 'verify' executable 'false'
06-02 01:46:44.509  3901  9791 I artd    : GetBestInfo: /data/user_de/0/com.google.android.gms/app_chimera/m/00000014/dl-PlayCloudSearch.optional_261631100000.apk has no usable artifacts
06-02 01:46:44.510  3901  9791 I artd    : GetBestInfo: /data/user/0/com.google.android.gms/app_dg_cache/BBB8ADBA11F43674FC873CF50B06D4CFE87E958C/the.apk has no usable artifacts
06-02 01:46:44.511  3901  9791 W artd    : Could not get dex checksums for location /data/app/~~JlUJQFlc4ygp9jZhE_7qYA==/com.android.vending-cRWAZr3GHq-n4fdFyU9thA==/base.apk, fd=-1
06-02 01:46:44.636 10101 10445 D VBookCrawler: source=Truyện Full-vBook script=home args= result=map(keys=data, next, data=list(15))
06-02 01:46:45.176 10101 10445 D VBookCrawler: source=Truyện Full-vBook script=gen.js args=https://truyenfull.today/danh-sach/truyen-moi/, 1 result=map(keys=data, next, data=list(27))
06-02 01:46:45.381 10101 10445 D VBookCrawler: source=Truyện Full-vBook script=detail args=https://truyenfull.today/dai-su-ty-ca-man-nhung-bi-ep-vo-dich/ result=map(keys=data, next, data=map(keys=name, cover, author, description, detail, ongoing, genres, suggests, host, data=null))
06-02 01:46:45.514 10101 10445 D VBookCrawler: source=Truyện Full-vBook script=page args=https://truyenfull.today/dai-su-ty-ca-man-nhung-bi-ep-vo-dich/ result=map(keys=data, next, data=list(8))
06-02 01:46:45.667 10101 10445 D VBookCrawler: source=Truyện Full-vBook script=toc args=https://truyenfull.today/ajax.php?type=list_chapter&tid=43150&tascii=dai-su-ty-ca-man-nhung-bi-ep-vo-dich&page=1&totalp=8 result=map(keys=data, next, data=list(50))
06-02 01:46:45.780 10101 10445 D VBookCrawler: source=Truyện Full-vBook script=toc args=https://truyenfull.today/ajax.php?type=list_chapter&tid=43150&tascii=dai-su-ty-ca-man-nhung-bi-ep-vo-dich&page=2&totalp=8 result=map(keys=data, next, data=list(50))
06-02 01:46:45.899 10101 10445 D VBookCrawler: source=Truyện Full-vBook script=toc args=https://truyenfull.today/ajax.php?type=list_chapter&tid=43150&tascii=dai-su-ty-ca-man-nhung-bi-ep-vo-dich&page=3&totalp=8 result=map(keys=data, next, data=list(50))
06-02 01:46:46.061 10101 10445 D VBookCrawler: source=Truyện Full-vBook script=toc args=https://truyenfull.today/ajax.php?type=list_chapter&tid=43150&tascii=dai-su-ty-ca-man-nhung-bi-ep-vo-dich&page=4&totalp=8 result=map(keys=data, next, data=list(50))
06-02 01:46:46.225 10101 10445 D VBookCrawler: source=Truyện Full-vBook script=toc args=https://truyenfull.today/ajax.php?type=list_chapter&tid=43150&tascii=dai-su-ty-ca-man-nhung-bi-ep-vo-dich&page=5&totalp=8 result=map(keys=data, next, data=list(50))
06-02 01:46:46.373 10101 10445 D VBookCrawler: source=Truyện Full-vBook script=toc args=https://truyenfull.today/ajax.php?type=list_chapter&tid=43150&tascii=dai-su-ty-ca-man-nhung-bi-ep-vo-dich&page=6&totalp=8 result=map(keys=data, next, data=list(50))
06-02 01:46:46.512 10101 10445 D VBookCrawler: source=Truyện Full-vBook script=toc args=https://truyenfull.today/ajax.php?type=list_chapter&tid=43150&tascii=dai-su-ty-ca-man-nhung-bi-ep-vo-dich&page=7&totalp=8 result=map(keys=data, next, data=list(50))
06-02 01:46:46.548  1069  1255 D SatelliteController: iisInCarrierRoamingNbIotNtn: satellite is disabled
06-02 01:46:46.548   688  1173 W IPCThreadState: Sending oneway calls to frozen process.
06-02 01:46:46.621 10101 10445 D VBookCrawler: source=Truyện Full-vBook script=toc args=https://truyenfull.today/ajax.php?type=list_chapter&tid=43150&tascii=dai-su-ty-ca-man-nhung-bi-ep-vo-dich&page=8&totalp=8 result=map(keys=data, next, data=list(30))
06-02 01:46:46.836 10101 10445 D VBookCrawler: source=quanben - repo duongden-hajljnopera script=home args= result=map(keys=data, next, data=list(18))
06-02 01:46:47.514 10101 10445 D VBookCrawler: source=quanben - repo duongden-hajljnopera script=gen.js args=/c/xuanhuan_{0}.html, 1 result=map(keys=error, data=null)
06-02 01:46:48.191 10101 10445 D VBookCrawler: source=quanben - repo duongden-hajljnopera script=gen.js args=/c/dushi_{0}.html, 1 result=map(keys=error, data=null)
06-02 01:46:48.848 10101 10445 D VBookCrawler: source=quanben - repo duongden-hajljnopera script=gen.js args=/c/yanqing_{0}.html, 1 result=map(keys=error, data=null)
06-02 01:46:49.522 10101 10445 D VBookCrawler: source=quanben - repo duongden-hajljnopera script=gen.js args=/c/chuanyue_{0}.html, 1 result=map(keys=error, data=null)
06-02 01:46:50.185 10101 10445 D VBookCrawler: source=quanben - repo duongden-hajljnopera script=gen.js args=/c/qingchun_{0}.html, 1 result=map(keys=error, data=null)
06-02 01:46:50.267 10101 10445 D VBookCrawler: source=言情小说阁 (APP)-Nhocconsr script=home args= result=map(keys=data, next, data=list(2))
06-02 01:46:51.599 10101 10445 D VBookCrawler: source=言情小说阁 (APP)-Nhocconsr script=gen.js args=lejRej, 1 result=map(keys=data, next, data=list(15))
06-02 01:46:52.433 10101 10445 D VBookCrawler: source=言情小说阁 (APP)-Nhocconsr script=detail args=http://api.beiniai.com/novel/aQnGo9 result=map(keys=data, next, data=map(keys=name, cover, author, description, detail, ongoing, suggests, data=null))
06-02 01:46:53.202 10101 10445 D VBookCrawler: source=言情小说阁 (APP)-Nhocconsr script=toc args=http://api.beiniai.com/novel/aQnGo9 result=null
06-02 01:46:53.277 10101 10445 D VBookCrawler: source=Người Lao Động-Đường đen script=home args= result=map(keys=data, next, data=list(1))
06-02 01:46:53.684 10101 10445 D VBookCrawler: source=Người Lao Động-Đường đen script=gen.js args=/, 1 result=map(keys=data, next, data=list(40))
06-02 01:46:53.921 10101 10445 D VBookCrawler: source=Người Lao Động-Đường đen script=detail args=https://nld.com.vn/pho-cuc-truong-thuoc-bo-cong-thuong-noi-ly-do-khong-ban-xang-khoang-196260601171337887.htm result=map(keys=data, next, data=map(keys=name, cover, author, description, detail, host, data=null))
06-02 01:46:54.055 10101 10445 D VBookCrawler: source=Người Lao Động-Đường đen script=toc args=https://nld.com.vn/pho-cuc-truong-thuoc-bo-cong-thuong-noi-ly-do-khong-ban-xang-khoang-196260601171337887.htm result=map(keys=data, next, data=list(1))
06-02 01:46:54.160 10477 10477 W dumpsys : Thread Pool max thread count is 0. Cannot cache binder as linkToDeath cannot be implemented. serviceName: package
06-02 01:46:54.259 10101 10445 D VBookCrawler: source=vietnamnet-Đường đen script=home args= result=map(keys=data, next, data=list(25))
06-02 01:46:54.423  3901  9791 I artd    : GetBestInfo: odex next to the dex file (/data/app/~~oqHPZkItOTY-JdZP8j0YvQ==/com.google.android.gms-U8kK62mhhj2hUoGXPlJDnw==/oat/x86_64/base.odex) is kOatUpToDate with filter 'speed-profile' executable 'false'
06-02 01:46:54.426  3901  9791 I artd    : GetBestInfo: odex next to the dex file (/data/app/~~oqHPZkItOTY-JdZP8j0YvQ==/com.google.android.gms-U8kK62mhhj2hUoGXPlJDnw==/oat/x86_64/split_AdsDynamite_installtime.odex) is kOatUpToDate with filter 'speed' executable 'false'
06-02 01:46:54.428  3901  9791 I artd    : GetBestInfo: odex next to the dex file (/data/app/~~oqHPZkItOTY-JdZP8j0YvQ==/com.google.android.gms-U8kK62mhhj2hUoGXPlJDnw==/oat/x86_64/split_CronetDynamite_installtime.odex) is kOatUpToDate with filter 'speed-profile' executable 'false'
06-02 01:46:54.430  3901  9791 I artd    : GetBestInfo: odex next to the dex file (/data/app/~~oqHPZkItOTY-JdZP8j0YvQ==/com.google.android.gms-U8kK62mhhj2hUoGXPlJDnw==/oat/x86_64/split_DynamiteLoader_installtime.odex) is kOatUpToDate with filter 'speed' executable 'false'
06-02 01:46:54.431  3901  9791 I artd    : GetBestInfo: odex next to the dex file (/data/app/~~oqHPZkItOTY-JdZP8j0YvQ==/com.google.android.gms-U8kK62mhhj2hUoGXPlJDnw==/oat/x86_64/split_DynamiteModulesA_installtime.odex) is kOatUpToDate with filter 'speed' executable 'false'
06-02 01:46:54.433  3901  9791 I artd    : GetBestInfo: odex next to the dex file (/data/app/~~oqHPZkItOTY-JdZP8j0YvQ==/com.google.android.gms-U8kK62mhhj2hUoGXPlJDnw==/oat/x86_64/split_DynamiteModulesC_installtime.odex) is kOatUpToDate with filter 'speed' executable 'false'
06-02 01:46:54.436  3901  9791 I artd    : GetBestInfo: odex next to the dex file (/data/app/~~oqHPZkItOTY-JdZP8j0YvQ==/com.google.android.gms-U8kK62mhhj2hUoGXPlJDnw==/oat/x86_64/split_GoogleCertificates_installtime.odex) is kOatUpToDate with filter 'speed' executable 'false'
06-02 01:46:54.441  3901  9791 I artd    : GetBestInfo: odex next to the dex file (/data/app/~~oqHPZkItOTY-JdZP8j0YvQ==/com.google.android.gms-U8kK62mhhj2hUoGXPlJDnw==/oat/x86_64/split_MapsDynamite_installtime.odex) is kOatUpToDate with filter 'speed' executable 'false'
06-02 01:46:54.444  3901  9791 I artd    : GetBestInfo: odex next to the dex file (/data/app/~~oqHPZkItOTY-JdZP8j0YvQ==/com.google.android.gms-U8kK62mhhj2hUoGXPlJDnw==/oat/x86_64/split_MeasurementDynamite_installtime.odex) is kOatUpToDate with filter 'speed' executable 'false'
06-02 01:46:54.448  3901  9791 I artd    : GetBestInfo: odex next to the dex file (/data/app/~~oqHPZkItOTY-JdZP8j0YvQ==/com.google.android.gms-U8kK62mhhj2hUoGXPlJDnw==/oat/x86_64/split_all_locale_splits.odex) is kOatUpToDate with filter 'speed' executable 'false'
06-02 01:46:54.448  3901  9791 I artd    : GetBestInfo: /data/user_de/0/com.google.android.gms/app_chimera/m/00000001/CronetDynamite.apk has no usable artifacts
06-02 01:46:54.449  3901  9791 I artd    : GetBestInfo: /data/user_de/0/com.google.android.gms/app_chimera/m/00000002/DynamiteLoader.apk has no usable artifacts
06-02 01:46:54.452  3901  9791 I artd    : GetBestInfo: /data/user_de/0/com.google.android.gms/app_chimera/m/00000015/dl-Appsearch.optional_261631100800.apk has no usable artifacts
06-02 01:46:54.453  3901  9791 I artd    : GetBestInfo: /data/user_de/0/com.google.android.gms/app_chimera/m/00000011/dl-MlkitBarcodeUi.optional_261631100800.apk has no usable artifacts
06-02 01:46:54.454  3901  9791 I artd    : GetBestInfo: /data/user_de/0/com.google.android.gms/app_chimera/m/00000005/GoogleCertificates.apk has no usable artifacts
06-02 01:46:54.455  3901  9791 I artd    : GetBestInfo: /data/user_de/0/com.google.android.gms/app_chimera/m/00000017/dl-TfliteDynamiteDynamite.integ_260580502100800.apk has no usable artifacts
06-02 01:46:54.456  3901  9791 I artd    : GetBestInfo: /data/user_de/0/com.google.android.gms/app_chimera/m/0000000d/dl-TfliteDynamiteDynamite.integ_252130102100800.apk has no usable artifacts
06-02 01:46:54.457  3901  9791 I artd    : GetBestInfo: /data/user_de/0/com.google.android.gms/app_chimera/m/00000016/dl-IdentityCredentialsPlatform.optional_261631100800.apk has no usable artifacts
06-02 01:46:54.459  3901  9791 I artd    : GetBestInfo: /data/user_de/0/com.google.android.gms/app_chimera/m/0000000a/dl-MlkitBarcodeUi.optional_250834100800.apk has no usable artifacts
06-02 01:46:54.460  3901  9791 I artd    : GetBestInfo: vdex next to the dex file (/data/user/0/com.google.android.gms/app_dg_cache/92659AEB0EFADECE4CBB22D1DF07B00702EAAC36/oat/x86_64/the.vdex) is kOatUpToDate with filter 'verify' executable 'false'
06-02 01:46:54.462  3901  9791 I artd    : GetBestInfo: /data/user_de/0/com.google.android.gms/app_chimera/m/00000014/dl-PlayCloudSearch.optional_261631100000.apk has no usable artifacts
06-02 01:46:54.463  3901  9791 I artd    : GetBestInfo: /data/user/0/com.google.android.gms/app_dg_cache/BBB8ADBA11F43674FC873CF50B06D4CFE87E958C/the.apk has no usable artifacts
06-02 01:46:54.463  3901  9791 W artd    : Could not get dex checksums for location /data/app/~~JlUJQFlc4ygp9jZhE_7qYA==/com.android.vending-cRWAZr3GHq-n4fdFyU9thA==/base.apk, fd=-1
06-02 01:46:54.682 10101 10120 I io.ereader.xynk: Background concurrent mark compact GC freed 7065KB AllocSpace bytes, 79(3156KB) LOS objects, 49% free, 10MB/21MB, paused 7.414ms,5.622ms total 118.327ms
06-02 01:46:54.713 10101 10445 D VBookCrawler: source=vietnamnet-Đường đen script=gen.js args=/chinh-tri, 1 result=map(keys=data, next, data=list(25))
06-02 01:46:55.110 10101 10445 D VBookCrawler: source=vietnamnet-Đường đen script=detail args=https://vietnamnet.vn/tong-bi-thu-chu-tich-nuoc-dang-hoa-tai-tuong-chu-tich-ho-chi-minh-o-singapore-2520913.html result=map(keys=data, next, data=map(keys=name, cover, description, detail, host, data=null))
06-02 01:46:55.348 10101 10445 D VBookCrawler: source=vietnamnet-Đường đen script=toc args=https://vietnamnet.vn/tong-bi-thu-chu-tich-nuoc-dang-hoa-tai-tuong-chu-tich-ho-chi-minh-o-singapore-2520913.html result=map(keys=data, next, data=list(1))
06-02 01:46:55.540 10101 10445 D VBookCrawler: source=Tuổi Trẻ-Đường đen script=home args= result=map(keys=data, next, data=list(1))
06-02 01:46:55.703 10101 10200 D VBookJs : https://tuoitre.vn/timeline/0/trang-1.htm
06-02 01:46:55.734 10101 10445 D VBookCrawler: source=Tuổi Trẻ-Đường đen script=zen2.js args=/timeline/0/, 1 result=map(keys=data, next, data=list(21))
06-02 01:46:55.975 10101 10445 D VBookCrawler: source=Tuổi Trẻ-Đường đen script=detail args=https://tuoitre.vn/son-tung-len-tieng-giua-tranh-cai-mv-come-my-way-20260601222324372.htm result=map(keys=error, data=null)
06-02 01:46:56.042 10101 10445 D VBookCrawler: source=vnexpress-Đường đen script=home args= result=map(keys=data, next, data=list(13))
06-02 01:46:56.549  1069  1255 D SatelliteController: iisInCarrierRoamingNbIotNtn: satellite is disabled
06-02 01:46:56.552   688   915 W IPCThreadState: Sending oneway calls to frozen process.
06-02 01:46:56.711 10101 10445 D VBookCrawler: source=vnexpress-Đường đen script=gen.js args=/thoi-su, 1 result=map(keys=data, next, data=list(33))
06-02 01:46:56.850 10101 10445 D VBookCrawler: source=vnexpress-Đường đen script=detail args=https://vnexpress.net/cuu-hai-thieu-nien-ket-o-tang-ba-nha-chay-5080478.html result=map(keys=data, next, data=map(keys=name, cover, description, detail, host, data=null))
06-02 01:46:56.929 10101 10445 D VBookCrawler: source=vnexpress-Đường đen script=toc args=https://vnexpress.net/cuu-hai-thieu-nien-ket-o-tang-ba-nha-chay-5080478.html result=map(keys=data, next, data=list(1))
06-02 01:46:57.131 10101 10445 D VBookCrawler: source=soha-Đường đen script=home args= result=map(keys=data, next, data=list(1))
06-02 01:46:57.434 10101 10445 D VBookCrawler: source=soha-Đường đen script=zen2.js args=/, 1 result=map(keys=data, next, data=list(52))
06-02 01:46:57.656 10101 10445 D VBookCrawler: source=soha-Đường đen script=detail args=https://m.soha.vn/tu-hom-nay-viet-nam-ban-xang-e10-tren-toan-quoc-my-trung-quoc-thai-lan-co-dung-khong-198260601165630087.htm result=map(keys=data, next, data=map(keys=name, cover, author, description, detail, host, data=null))
06-02 01:46:57.751 10101 10445 D VBookCrawler: source=soha-Đường đen script=toc args=https://m.soha.vn/tu-hom-nay-viet-nam-ban-xang-e10-tren-toan-quoc-my-trung-quoc-thai-lan-co-dung-khong-198260601165630087.htm result=map(keys=data, next, data=list(1))
06-02 01:46:57.934 10101 10445 D VBookCrawler: source=x33xs4-Đường đen script=home args= result=map(keys=data, next, data=list(1))
06-02 01:46:58.195 10101 10445 D VBookCrawler: source=x33xs4-Đường đen script=gen.js args=/, 1 result=null
06-02 01:46:58.262 10101 10445 D VBookCrawler: source=Tinh Linh-Đường đen script=home args= result=map(keys=data, next, data=list(13))
06-02 01:46:58.609 10101 10445 D VBookCrawler: source=Tinh Linh-Đường đen script=gen.js args=/ngon-tinh-sung, 1 result=map(keys=data, next, data=list(24))
06-02 01:46:58.811 10101 10445 D VBookCrawler: source=Tinh Linh-Đường đen script=detail args=https://tinhlinh.com/truyen/co-tong-lai-phat-dien-roi-06b35303136 result=map(keys=data, next, data=map(keys=name, cover, genres, host, author, description, detail, data=null))
06-02 01:46:59.018 10101 10445 D VBookCrawler: source=Tinh Linh-Đường đen script=toc args=https://tinhlinh.com/truyen/co-tong-lai-phat-dien-roi-06b35303136 result=map(keys=data, next, data=list(300))
06-02 01:46:59.212 10101 10445 D VBookCrawler: source=Dịch truyện tự động từ Qidian-Đường đen script=home args= result=map(keys=data, next, data=list(9))
06-02 01:47:00.951 10101 10445 D VBookCrawler: source=Dịch truyện tự động từ Qidian-Đường đen script=gen.js args=/latest, 1 result=map(keys=data, next, data=list(12))
06-02 01:47:02.971 10101 10445 D VBookCrawler: source=Dịch truyện tự động từ Qidian-Đường đen script=detail args=https://q.kyhuyen.com/can-nuot-cuu-chuyen-chi-ton--6131363730 result=map(keys=data, next, data=map(keys=name, cover, author, genres, description, detail, suggests, host, data=null))
06-02 01:47:04.153 10505 10505 W dumpsys : Thread Pool max thread count is 0. Cannot cache binder as linkToDeath cannot be implemented. serviceName: package
06-02 01:47:04.167 10101 10445 D VBookCrawler: source=Dịch truyện tự động từ Qidian-Đường đen script=toc args=https://q.kyhuyen.com/can-nuot-cuu-chuyen-chi-ton--6131363730 result=map(keys=data, next, data=list(88))
06-02 01:47:04.413 10101 10445 D VBookCrawler: source=ebookbao-Đường đen script=home args= result=map(keys=data, next, data=list(1))
06-02 01:47:04.432  3901  9791 I artd    : GetBestInfo: odex next to the dex file (/data/app/~~oqHPZkItOTY-JdZP8j0YvQ==/com.google.android.gms-U8kK62mhhj2hUoGXPlJDnw==/oat/x86_64/base.odex) is kOatUpToDate with filter 'speed-profile' executable 'false'
06-02 01:47:04.436  3901  9791 I artd    : GetBestInfo: odex next to the dex file (/data/app/~~oqHPZkItOTY-JdZP8j0YvQ==/com.google.android.gms-U8kK62mhhj2hUoGXPlJDnw==/oat/x86_64/split_AdsDynamite_installtime.odex) is kOatUpToDate with filter 'speed' executable 'false'
06-02 01:47:04.439  3901  9791 I artd    : GetBestInfo: odex next to the dex file (/data/app/~~oqHPZkItOTY-JdZP8j0YvQ==/com.google.android.gms-U8kK62mhhj2hUoGXPlJDnw==/oat/x86_64/split_CronetDynamite_installtime.odex) is kOatUpToDate with filter 'speed-profile' executable 'false'
06-02 01:47:04.441  3901  9791 I artd    : GetBestInfo: odex next to the dex file (/data/app/~~oqHPZkItOTY-JdZP8j0YvQ==/com.google.android.gms-U8kK62mhhj2hUoGXPlJDnw==/oat/x86_64/split_DynamiteLoader_installtime.odex) is kOatUpToDate with filter 'speed' executable 'false'
06-02 01:47:04.442  3901  9791 I artd    : GetBestInfo: odex next to the dex file (/data/app/~~oqHPZkItOTY-JdZP8j0YvQ==/com.google.android.gms-U8kK62mhhj2hUoGXPlJDnw==/oat/x86_64/split_DynamiteModulesA_installtime.odex) is kOatUpToDate with filter 'speed' executable 'false'
06-02 01:47:04.444  3901  9791 I artd    : GetBestInfo: odex next to the dex file (/data/app/~~oqHPZkItOTY-JdZP8j0YvQ==/com.google.android.gms-U8kK62mhhj2hUoGXPlJDnw==/oat/x86_64/split_DynamiteModulesC_installtime.odex) is kOatUpToDate with filter 'speed' executable 'false'
06-02 01:47:04.446  3901  9791 I artd    : GetBestInfo: odex next to the dex file (/data/app/~~oqHPZkItOTY-JdZP8j0YvQ==/com.google.android.gms-U8kK62mhhj2hUoGXPlJDnw==/oat/x86_64/split_GoogleCertificates_installtime.odex) is kOatUpToDate with filter 'speed' executable 'false'
06-02 01:47:04.448  3901  9791 I artd    : GetBestInfo: odex next to the dex file (/data/app/~~oqHPZkItOTY-JdZP8j0YvQ==/com.google.android.gms-U8kK62mhhj2hUoGXPlJDnw==/oat/x86_64/split_MapsDynamite_installtime.odex) is kOatUpToDate with filter 'speed' executable 'false'
06-02 01:47:04.452  3901  9791 I artd    : GetBestInfo: odex next to the dex file (/data/app/~~oqHPZkItOTY-JdZP8j0YvQ==/com.google.android.gms-U8kK62mhhj2hUoGXPlJDnw==/oat/x86_64/split_MeasurementDynamite_installtime.odex) is kOatUpToDate with filter 'speed' executable 'false'
06-02 01:47:04.454  3901  9791 I artd    : GetBestInfo: odex next to the dex file (/data/app/~~oqHPZkItOTY-JdZP8j0YvQ==/com.google.android.gms-U8kK62mhhj2hUoGXPlJDnw==/oat/x86_64/split_all_locale_splits.odex) is kOatUpToDate with filter 'speed' executable 'false'
06-02 01:47:04.455  3901  9791 I artd    : GetBestInfo: /data/user_de/0/com.google.android.gms/app_chimera/m/00000001/CronetDynamite.apk has no usable artifacts
06-02 01:47:04.455  3901  9791 I artd    : GetBestInfo: /data/user_de/0/com.google.android.gms/app_chimera/m/00000002/DynamiteLoader.apk has no usable artifacts
06-02 01:47:04.456  3901  9791 I artd    : GetBestInfo: /data/user_de/0/com.google.android.gms/app_chimera/m/00000015/dl-Appsearch.optional_261631100800.apk has no usable artifacts
06-02 01:47:04.457  3901  9791 I artd    : GetBestInfo: /data/user_de/0/com.google.android.gms/app_chimera/m/00000011/dl-MlkitBarcodeUi.optional_261631100800.apk has no usable artifacts
06-02 01:47:04.458  3901  9791 I artd    : GetBestInfo: /data/user_de/0/com.google.android.gms/app_chimera/m/00000005/GoogleCertificates.apk has no usable artifacts
06-02 01:47:04.459  3901  9791 I artd    : GetBestInfo: /data/user_de/0/com.google.android.gms/app_chimera/m/00000017/dl-TfliteDynamiteDynamite.integ_260580502100800.apk has no usable artifacts
06-02 01:47:04.461  3901  9791 I artd    : GetBestInfo: /data/user_de/0/com.google.android.gms/app_chimera/m/0000000d/dl-TfliteDynamiteDynamite.integ_252130102100800.apk has no usable artifacts
06-02 01:47:04.462  3901  9791 I artd    : GetBestInfo: /data/user_de/0/com.google.android.gms/app_chimera/m/00000016/dl-IdentityCredentialsPlatform.optional_261631100800.apk has no usable artifacts
06-02 01:47:04.464  3901  9791 I artd    : GetBestInfo: /data/user_de/0/com.google.android.gms/app_chimera/m/0000000a/dl-MlkitBarcodeUi.optional_250834100800.apk has no usable artifacts
06-02 01:47:04.466  3901  9791 I artd    : GetBestInfo: vdex next to the dex file (/data/user/0/com.google.android.gms/app_dg_cache/92659AEB0EFADECE4CBB22D1DF07B00702EAAC36/oat/x86_64/the.vdex) is kOatUpToDate with filter 'verify' executable 'false'
06-02 01:47:04.471  3901  9791 I artd    : GetBestInfo: /data/user_de/0/com.google.android.gms/app_chimera/m/00000014/dl-PlayCloudSearch.optional_261631100000.apk has no usable artifacts
06-02 01:47:04.475  3901  9791 I artd    : GetBestInfo: /data/user/0/com.google.android.gms/app_dg_cache/BBB8ADBA11F43674FC873CF50B06D4CFE87E958C/the.apk has no usable artifacts
06-02 01:47:04.475  3901  9791 W artd    : Could not get dex checksums for location /data/app/~~JlUJQFlc4ygp9jZhE_7qYA==/com.android.vending-cRWAZr3GHq-n4fdFyU9thA==/base.apk, fd=-1
06-02 01:47:04.871 10101 10445 D VBookCrawler: source=ebookbao-Đường đen script=gen.js args=/, 1 result=null
06-02 01:47:06.548  1069  1255 D SatelliteController: iisInCarrierRoamingNbIotNtn: satellite is disabled
06-02 01:47:06.549   688   915 W IPCThreadState: Sending oneway calls to frozen process.
06-02 01:47:14.150 10511 10511 W dumpsys : Thread Pool max thread count is 0. Cannot cache binder as linkToDeath cannot be implemented. serviceName: package
06-02 01:47:14.395   688   710 I system_server: Background concurrent mark compact GC freed 25MB AllocSpace bytes, 8(160KB) LOS objects, 40% free, 35MB/59MB, paused 11.880ms,4.143ms total 243.104ms
06-02 01:47:14.398  3901  9791 I artd    : GetBestInfo: odex next to the dex file (/data/app/~~oqHPZkItOTY-JdZP8j0YvQ==/com.google.android.gms-U8kK62mhhj2hUoGXPlJDnw==/oat/x86_64/base.odex) is kOatUpToDate with filter 'speed-profile' executable 'false'
06-02 01:47:14.402  3901  9791 I artd    : GetBestInfo: odex next to the dex file (/data/app/~~oqHPZkItOTY-JdZP8j0YvQ==/com.google.android.gms-U8kK62mhhj2hUoGXPlJDnw==/oat/x86_64/split_AdsDynamite_installtime.odex) is kOatUpToDate with filter 'speed' executable 'false'
06-02 01:47:14.404  3901  9791 I artd    : GetBestInfo: odex next to the dex file (/data/app/~~oqHPZkItOTY-JdZP8j0YvQ==/com.google.android.gms-U8kK62mhhj2hUoGXPlJDnw==/oat/x86_64/split_CronetDynamite_installtime.odex) is kOatUpToDate with filter 'speed-profile' executable 'false'
06-02 01:47:14.406  3901  9791 I artd    : GetBestInfo: odex next to the dex file (/data/app/~~oqHPZkItOTY-JdZP8j0YvQ==/com.google.android.gms-U8kK62mhhj2hUoGXPlJDnw==/oat/x86_64/split_DynamiteLoader_installtime.odex) is kOatUpToDate with filter 'speed' executable 'false'
06-02 01:47:14.408  3901  9791 I artd    : GetBestInfo: odex next to the dex file (/data/app/~~oqHPZkItOTY-JdZP8j0YvQ==/com.google.android.gms-U8kK62mhhj2hUoGXPlJDnw==/oat/x86_64/split_DynamiteModulesA_installtime.odex) is kOatUpToDate with filter 'speed' executable 'false'
06-02 01:47:14.410  3901  9791 I artd    : GetBestInfo: odex next to the dex file (/data/app/~~oqHPZkItOTY-JdZP8j0YvQ==/com.google.android.gms-U8kK62mhhj2hUoGXPlJDnw==/oat/x86_64/split_DynamiteModulesC_installtime.odex) is kOatUpToDate with filter 'speed' executable 'false'
06-02 01:47:14.412  3901  9791 I artd    : GetBestInfo: odex next to the dex file (/data/app/~~oqHPZkItOTY-JdZP8j0YvQ==/com.google.android.gms-U8kK62mhhj2hUoGXPlJDnw==/oat/x86_64/split_GoogleCertificates_installtime.odex) is kOatUpToDate with filter 'speed' executable 'false'
06-02 01:47:14.414  3901  9791 I artd    : GetBestInfo: odex next to the dex file (/data/app/~~oqHPZkItOTY-JdZP8j0YvQ==/com.google.android.gms-U8kK62mhhj2hUoGXPlJDnw==/oat/x86_64/split_MapsDynamite_installtime.odex) is kOatUpToDate with filter 'speed' executable 'false'
06-02 01:47:14.415  3901  9791 I artd    : GetBestInfo: odex next to the dex file (/data/app/~~oqHPZkItOTY-JdZP8j0YvQ==/com.google.android.gms-U8kK62mhhj2hUoGXPlJDnw==/oat/x86_64/split_MeasurementDynamite_installtime.odex) is kOatUpToDate with filter 'speed' executable 'false'
06-02 01:47:14.417  3901  9791 I artd    : GetBestInfo: odex next to the dex file (/data/app/~~oqHPZkItOTY-JdZP8j0YvQ==/com.google.android.gms-U8kK62mhhj2hUoGXPlJDnw==/oat/x86_64/split_all_locale_splits.odex) is kOatUpToDate with filter 'speed' executable 'false'
06-02 01:47:14.418  3901  9791 I artd    : GetBestInfo: /data/user_de/0/com.google.android.gms/app_chimera/m/00000001/CronetDynamite.apk has no usable artifacts
06-02 01:47:14.418  3901  9791 I artd    : GetBestInfo: /data/user_de/0/com.google.android.gms/app_chimera/m/00000002/DynamiteLoader.apk has no usable artifacts
06-02 01:47:14.419  3901  9791 I artd    : GetBestInfo: /data/user_de/0/com.google.android.gms/app_chimera/m/00000015/dl-Appsearch.optional_261631100800.apk has no usable artifacts
06-02 01:47:14.421  3901  9791 I artd    : GetBestInfo: /data/user_de/0/com.google.android.gms/app_chimera/m/00000011/dl-MlkitBarcodeUi.optional_261631100800.apk has no usable artifacts
06-02 01:47:14.422  3901  9791 I artd    : GetBestInfo: /data/user_de/0/com.google.android.gms/app_chimera/m/00000005/GoogleCertificates.apk has no usable artifacts
06-02 01:47:14.424  3901  9791 I artd    : GetBestInfo: /data/user_de/0/com.google.android.gms/app_chimera/m/00000017/dl-TfliteDynamiteDynamite.integ_260580502100800.apk has no usable artifacts
06-02 01:47:14.426  3901  9791 I artd    : GetBestInfo: /data/user_de/0/com.google.android.gms/app_chimera/m/0000000d/dl-TfliteDynamiteDynamite.integ_252130102100800.apk has no usable artifacts
06-02 01:47:14.428  3901  9791 I artd    : GetBestInfo: /data/user_de/0/com.google.android.gms/app_chimera/m/00000016/dl-IdentityCredentialsPlatform.optional_261631100800.apk has no usable artifacts
06-02 01:47:14.430  3901  9791 I artd    : GetBestInfo: /data/user_de/0/com.google.android.gms/app_chimera/m/0000000a/dl-MlkitBarcodeUi.optional_250834100800.apk has no usable artifacts
06-02 01:47:14.432  3901  9791 I artd    : GetBestInfo: vdex next to the dex file (/data/user/0/com.google.android.gms/app_dg_cache/92659AEB0EFADECE4CBB22D1DF07B00702EAAC36/oat/x86_64/the.vdex) is kOatUpToDate with filter 'verify' executable 'false'
06-02 01:47:14.433  3901  9791 I artd    : GetBestInfo: /data/user_de/0/com.google.android.gms/app_chimera/m/00000014/dl-PlayCloudSearch.optional_261631100000.apk has no usable artifacts
06-02 01:47:14.434  3901  9791 I artd    : GetBestInfo: /data/user/0/com.google.android.gms/app_dg_cache/BBB8ADBA11F43674FC873CF50B06D4CFE87E958C/the.apk has no usable artifacts
06-02 01:47:14.434  3901  9791 W artd    : Could not get dex checksums for location /data/app/~~JlUJQFlc4ygp9jZhE_7qYA==/com.android.vending-cRWAZr3GHq-n4fdFyU9thA==/base.apk, fd=-1
06-02 01:47:16.554  1069  1255 D SatelliteController: iisInCarrierRoamingNbIotNtn: satellite is disabled
06-02 01:47:16.554   688   915 W IPCThreadState: Sending oneway calls to frozen process.
06-02 01:47:24.152 10514 10514 W dumpsys : Thread Pool max thread count is 0. Cannot cache binder as linkToDeath cannot be implemented. serviceName: package
06-02 01:47:24.355  3901  9791 I artd    : GetBestInfo: odex next to the dex file (/data/app/~~oqHPZkItOTY-JdZP8j0YvQ==/com.google.android.gms-U8kK62mhhj2hUoGXPlJDnw==/oat/x86_64/base.odex) is kOatUpToDate with filter 'speed-profile' executable 'false'
06-02 01:47:24.360  3901  9791 I artd    : GetBestInfo: odex next to the dex file (/data/app/~~oqHPZkItOTY-JdZP8j0YvQ==/com.google.android.gms-U8kK62mhhj2hUoGXPlJDnw==/oat/x86_64/split_AdsDynamite_installtime.odex) is kOatUpToDate with filter 'speed' executable 'false'
06-02 01:47:24.363  3901  9791 I artd    : GetBestInfo: odex next to the dex file (/data/app/~~oqHPZkItOTY-JdZP8j0YvQ==/com.google.android.gms-U8kK62mhhj2hUoGXPlJDnw==/oat/x86_64/split_CronetDynamite_installtime.odex) is kOatUpToDate with filter 'speed-profile' executable 'false'
06-02 01:47:24.365  3901  9791 I artd    : GetBestInfo: odex next to the dex file (/data/app/~~oqHPZkItOTY-JdZP8j0YvQ==/com.google.android.gms-U8kK62mhhj2hUoGXPlJDnw==/oat/x86_64/split_DynamiteLoader_installtime.odex) is kOatUpToDate with filter 'speed' executable 'false'
06-02 01:47:24.367  3901  9791 I artd    : GetBestInfo: odex next to the dex file (/data/app/~~oqHPZkItOTY-JdZP8j0YvQ==/com.google.android.gms-U8kK62mhhj2hUoGXPlJDnw==/oat/x86_64/split_DynamiteModulesA_installtime.odex) is kOatUpToDate with filter 'speed' executable 'false'
06-02 01:47:24.369  3901  9791 I artd    : GetBestInfo: odex next to the dex file (/data/app/~~oqHPZkItOTY-JdZP8j0YvQ==/com.google.android.gms-U8kK62mhhj2hUoGXPlJDnw==/oat/x86_64/split_DynamiteModulesC_installtime.odex) is kOatUpToDate with filter 'speed' executable 'false'
06-02 01:47:24.371  3901  9791 I artd    : GetBestInfo: odex next to the dex file (/data/app/~~oqHPZkItOTY-JdZP8j0YvQ==/com.google.android.gms-U8kK62mhhj2hUoGXPlJDnw==/oat/x86_64/split_GoogleCertificates_installtime.odex) is kOatUpToDate with filter 'speed' executable 'false'
06-02 01:47:24.374  3901  9791 I artd    : GetBestInfo: odex next to the dex file (/data/app/~~oqHPZkItOTY-JdZP8j0YvQ==/com.google.android.gms-U8kK62mhhj2hUoGXPlJDnw==/oat/x86_64/split_MapsDynamite_installtime.odex) is kOatUpToDate with filter 'speed' executable 'false'
06-02 01:47:24.376  3901  9791 I artd    : GetBestInfo: odex next to the dex file (/data/app/~~oqHPZkItOTY-JdZP8j0YvQ==/com.google.android.gms-U8kK62mhhj2hUoGXPlJDnw==/oat/x86_64/split_MeasurementDynamite_installtime.odex) is kOatUpToDate with filter 'speed' executable 'false'
06-02 01:47:24.378  3901  9791 I artd    : GetBestInfo: odex next to the dex file (/data/app/~~oqHPZkItOTY-JdZP8j0YvQ==/com.google.android.gms-U8kK62mhhj2hUoGXPlJDnw==/oat/x86_64/split_all_locale_splits.odex) is kOatUpToDate with filter 'speed' executable 'false'
06-02 01:47:24.378  3901  9791 I artd    : GetBestInfo: /data/user_de/0/com.google.android.gms/app_chimera/m/00000001/CronetDynamite.apk has no usable artifacts
06-02 01:47:24.379  3901  9791 I artd    : GetBestInfo: /data/user_de/0/com.google.android.gms/app_chimera/m/00000002/DynamiteLoader.apk has no usable artifacts
06-02 01:47:24.380  3901  9791 I artd    : GetBestInfo: /data/user_de/0/com.google.android.gms/app_chimera/m/00000015/dl-Appsearch.optional_261631100800.apk has no usable artifacts
06-02 01:47:24.382  3901  9791 I artd    : GetBestInfo: /data/user_de/0/com.google.android.gms/app_chimera/m/00000011/dl-MlkitBarcodeUi.optional_261631100800.apk has no usable artifacts
06-02 01:47:24.383  3901  9791 I artd    : GetBestInfo: /data/user_de/0/com.google.android.gms/app_chimera/m/00000005/GoogleCertificates.apk has no usable artifacts
06-02 01:47:24.385  3901  9791 I artd    : GetBestInfo: /data/user_de/0/com.google.android.gms/app_chimera/m/00000017/dl-TfliteDynamiteDynamite.integ_260580502100800.apk has no usable artifacts
06-02 01:47:24.386  3901  9791 I artd    : GetBestInfo: /data/user_de/0/com.google.android.gms/app_chimera/m/0000000d/dl-TfliteDynamiteDynamite.integ_252130102100800.apk has no usable artifacts
06-02 01:47:24.388  3901  9791 I artd    : GetBestInfo: /data/user_de/0/com.google.android.gms/app_chimera/m/00000016/dl-IdentityCredentialsPlatform.optional_261631100800.apk has no usable artifacts
06-02 01:47:24.391  3901  9791 I artd    : GetBestInfo: /data/user_de/0/com.google.android.gms/app_chimera/m/0000000a/dl-MlkitBarcodeUi.optional_250834100800.apk has no usable artifacts
06-02 01:47:24.392  3901  9791 I artd    : GetBestInfo: vdex next to the dex file (/data/user/0/com.google.android.gms/app_dg_cache/92659AEB0EFADECE4CBB22D1DF07B00702EAAC36/oat/x86_64/the.vdex) is kOatUpToDate with filter 'verify' executable 'false'
06-02 01:47:24.395  3901  9791 I artd    : GetBestInfo: /data/user_de/0/com.google.android.gms/app_chimera/m/00000014/dl-PlayCloudSearch.optional_261631100000.apk has no usable artifacts
06-02 01:47:24.396  3901  9791 I artd    : GetBestInfo: /data/user/0/com.google.android.gms/app_dg_cache/BBB8ADBA11F43674FC873CF50B06D4CFE87E958C/the.apk has no usable artifacts
06-02 01:47:24.397  3901  9791 W artd    : Could not get dex checksums for location /data/app/~~JlUJQFlc4ygp9jZhE_7qYA==/com.android.vending-cRWAZr3GHq-n4fdFyU9thA==/base.apk, fd=-1
06-02 01:47:26.564  1069  1255 D SatelliteController: iisInCarrierRoamingNbIotNtn: satellite is disabled
06-02 01:47:26.565   688  1749 W IPCThreadState: Sending oneway calls to frozen process.
06-02 01:47:34.149 10526 10526 W dumpsys : Thread Pool max thread count is 0. Cannot cache binder as linkToDeath cannot be implemented. serviceName: package
06-02 01:47:34.445  3901  9791 I artd    : GetBestInfo: odex next to the dex file (/data/app/~~oqHPZkItOTY-JdZP8j0YvQ==/com.google.android.gms-U8kK62mhhj2hUoGXPlJDnw==/oat/x86_64/base.odex) is kOatUpToDate with filter 'speed-profile' executable 'false'
06-02 01:47:34.449  3901  9791 I artd    : GetBestInfo: odex next to the dex file (/data/app/~~oqHPZkItOTY-JdZP8j0YvQ==/com.google.android.gms-U8kK62mhhj2hUoGXPlJDnw==/oat/x86_64/split_AdsDynamite_installtime.odex) is kOatUpToDate with filter 'speed' executable 'false'
06-02 01:47:34.453  3901  9791 I artd    : GetBestInfo: odex next to the dex file (/data/app/~~oqHPZkItOTY-JdZP8j0YvQ==/com.google.android.gms-U8kK62mhhj2hUoGXPlJDnw==/oat/x86_64/split_CronetDynamite_installtime.odex) is kOatUpToDate with filter 'speed-profile' executable 'false'
06-02 01:47:34.456  3901  9791 I artd    : GetBestInfo: odex next to the dex file (/data/app/~~oqHPZkItOTY-JdZP8j0YvQ==/com.google.android.gms-U8kK62mhhj2hUoGXPlJDnw==/oat/x86_64/split_DynamiteLoader_installtime.odex) is kOatUpToDate with filter 'speed' executable 'false'
06-02 01:47:34.462  3901  9791 I artd    : GetBestInfo: odex next to the dex file (/data/app/~~oqHPZkItOTY-JdZP8j0YvQ==/com.google.android.gms-U8kK62mhhj2hUoGXPlJDnw==/oat/x86_64/split_DynamiteModulesA_installtime.odex) is kOatUpToDate with filter 'speed' executable 'false'
06-02 01:47:34.468  3901  9791 I artd    : GetBestInfo: odex next to the dex file (/data/app/~~oqHPZkItOTY-JdZP8j0YvQ==/com.google.android.gms-U8kK62mhhj2hUoGXPlJDnw==/oat/x86_64/split_DynamiteModulesC_installtime.odex) is kOatUpToDate with filter 'speed' executable 'false'
06-02 01:47:34.469  3901  9791 I artd    : GetBestInfo: odex next to the dex file (/data/app/~~oqHPZkItOTY-JdZP8j0YvQ==/com.google.android.gms-U8kK62mhhj2hUoGXPlJDnw==/oat/x86_64/split_GoogleCertificates_installtime.odex) is kOatUpToDate with filter 'speed' executable 'false'
