06-01 22:39:05.506  1600  4768 I Auth    : (REDACTED) [SupervisedAccountIntentOperation] onHandleIntent: %s
06-01 22:39:05.512  1600  4769 W AppInstallOperation: FDL Migration::InstallIntentOperation by FDL Module [CONTEXT service_id=77 ]
06-01 22:39:05.514  1600  4787 I PackageInstalledIntentO: Test flag v2 is disabled [CONTEXT service_id=469 ]
06-01 22:39:05.527   688   710 W system_server: Suspending all threads took: 29.897ms
06-01 22:39:05.542  3901  4205 W artd    : Could not get dex checksums for location /data/app/~~JlUJQFlc4ygp9jZhE_7qYA==/com.android.vending-cRWAZr3GHq-n4fdFyU9thA==/base.apk, fd=-1
06-01 22:39:05.560  1600  4782 I NearbyDiscovery: (REDACTED) processGrantSlicePermission: %s
06-01 22:39:05.612  1600  2003 I gle.android.gms: AssetManager2(0x7bbe42432db8) locale list changing from [] to [en-US]
06-01 22:39:05.667  3131  3204 I Finsky  : [48] [ContentSync] finished, scheduled=true
06-01 22:39:05.691   948   991 V WindowManagerShell: Transition animation finished (aborted=false), notifying core (#18) android.os.BinderProxy@4173547@0
06-01 22:39:05.701   688   722 V WindowManager: Finish Transition (#18): created at 06-01 22:39:04.716 collect-started=0.088ms request-sent=137.859ms started=320.56ms ready=450.132ms sent=508.583ms commit=180.099ms finished=978.641ms
06-01 22:39:05.705  1600  1600 D BoundBrokerSvc: onBind: Intent { act=com.google.android.gms.common.BIND_SHARED_PREFS xflg=0x4 pkg=com.google.android.gms }
06-01 22:39:05.705  1600  1600 D BoundBrokerSvc: Loading bound service for intent: Intent { act=com.google.android.gms.common.BIND_SHARED_PREFS xflg=0x4 pkg=com.google.android.gms }
06-01 22:39:05.734  1084  1084 D VRI[NexusLauncherActivity]: visibilityChanged oldVisibility=true newVisibility=false
06-01 22:39:05.735   948   991 V WindowManagerShell: Track 0 became idle
06-01 22:39:05.735   948   991 V WindowManagerShell: All active transition animations finished
06-01 22:39:05.742  1600  4781 W SQLiteLog: (28) double-quoted string literal: "com.aistudio.ereader.xynk"
06-01 22:39:05.765  1084  1084 D NexusLauncherModelDelegate: notifySmartspaceEvent: SmartspaceTargetEvent{mSmartspaceTarget=null, mSmartspaceActionId='null', mEventType=7}
06-01 22:39:05.776  1279  4760 I ProximityAuth: [RecentAppsMediator] Package added: (user=UserHandle{0}) com.aistudio.ereader.xynk
06-01 22:39:05.777  1279  4759 I Fitness : (REDACTED) FitCleanupIntentOperation received Intent %s
06-01 22:39:05.779  1279  4785 I FontLog : (REDACTED) Package %s has no metadata
06-01 22:39:05.786   688  2491 E RoleControllerServiceImpl: Default/fallback role holder package doesn't qualify for the role, package: com.google.android.gms, role: android.app.role.WALLET
06-01 22:39:05.789  1279  4760 I .gms.persistent: AssetManager2(0x7bbe42435fb8) locale list changing from [] to [en-US]
06-01 22:39:05.802   688  2491 I system_server: AssetManager2(0x7bbe4243aab8) locale list changing from [] to [en-US]
06-01 22:39:05.820   688  2491 W SignedPackage: Cannot get ApplicationInfo for package: com.google.android.devicelockcontroller
06-01 22:39:05.852  1600  2016 I Icing   : IndexChimeraService.getServiceInterface callingPackage=com.google.android.gms componentName=AppsCorpus serviceId=36
06-01 22:39:05.892  1600  1600 D BoundBrokerSvc: onBind: Intent { act=com.google.android.gms.feedback.internal.IFeedbackService dat=chimera-action:/... xflg=0x4 cmp=com.google.android.gms/.chimera.GmsBoundBrokerService }
06-01 22:39:05.893  1600  1600 D BoundBrokerSvc: Loading bound service for intent: Intent { act=com.google.android.gms.feedback.internal.IFeedbackService dat=chimera-action:/... xflg=0x4 cmp=com.google.android.gms/.chimera.GmsBoundBrokerService }
06-01 22:39:05.921   688   898 D BackgroundInstallControlService: Package event received: 0
06-01 22:39:05.941   688   710 I system_server: Background concurrent mark compact GC freed 31MB AllocSpace bytes, 48(1192KB) LOS objects, 38% free, 37MB/61MB, paused 40.572ms,17.746ms total 2.701s
06-01 22:39:05.944   688   712 W System  : A resource failed to call close. 
06-01 22:39:05.944  1600  4783 I Icing   : Usage reports ok 1, Failed Usage reports 0, indexed 0, rejected 0
06-01 22:39:05.957   688   712 W System  : A resource failed to call release. 
06-01 22:39:05.961  1600  4261 I Icing   : IndexChimeraService.getServiceInterface callingPackage=com.google.android.gms componentName=null serviceId=30
06-01 22:39:06.040  1600  4783 I Icing   : Usage reports ok 0, Failed Usage reports 0, indexed 0, rejected 0
06-01 22:39:06.074  1600  4783 I Icing   : Indexing com.google.android.gms-apps from com.google.android.gms
06-01 22:39:06.109  1600  4783 I Icing   : Indexing done com.google.android.gms-apps
06-01 22:39:06.387  4765  4765 D nativeloader: Configuring clns-9 for other apk /data/app/~~b_-D6N7sOwvrwL2VD9js_w==/com.aistudio.ereader.xynk-R5fQGde_IvrOepXqbGCEBg==/base.apk. target_sdk_version=36, uses_libraries=, library_path=/data/app/~~b_-D6N7sOwvrwL2VD9js_w==/com.aistudio.ereader.xynk-R5fQGde_IvrOepXqbGCEBg==/lib/x86_64:/data/app/~~b_-D6N7sOwvrwL2VD9js_w==/com.aistudio.ereader.xynk-R5fQGde_IvrOepXqbGCEBg==/base.apk!/lib/x86_64, permitted_path=/data:/mnt/expand:/data/user/0/com.aistudio.ereader.xynk
06-01 22:39:06.402  4765  4765 I io.ereader.xynk: AssetManager2(0x7bbe4242b6f8) locale list changing from [] to [en-US]
06-01 22:39:06.413  4765  4765 V GraphicsEnvironment: Currently set values for:
06-01 22:39:06.413  4765  4765 V GraphicsEnvironment:   angle_gl_driver_selection_pkgs=[]
06-01 22:39:06.413  4765  4765 V GraphicsEnvironment:   angle_gl_driver_selection_values=[]
06-01 22:39:06.413  4765  4765 V GraphicsEnvironment: com.aistudio.ereader.xynk is not listed in per-application setting
06-01 22:39:06.413  4765  4765 V GraphicsEnvironment: ANGLE allowlist from config: com.dreamgames.royalmatch com.dts.freefiremax com.dxx.firenow com.gramgames.mergedragons com.ludo.king com.mojang.minecraftpe com.my.defense com.nintendo.zaka com.os.airforce com.playrix.fishdomdd.gplay io.teslatech.callbreak jp.konami.prospia net.peakgames.toonblast
06-01 22:39:06.413  4765  4765 V GraphicsEnvironment: com.aistudio.ereader.xynk is not listed in ANGLE allowlist or settings, returning default
06-01 22:39:06.414  4765  4765 V GraphicsEnvironment: Neither updatable production driver nor prerelease driver is supported.
06-01 22:39:06.516  4765  4765 D WM-WrkMgrInitializer: Initializing WorkManager with default configuration.
06-01 22:39:06.537  2063  2229 I .apps.wellbeing: AssetManager2(0x7bbe42440eb8) locale list changing from [] to [en-US]
06-01 22:39:06.541  2063  2229 I .apps.wellbeing: AssetManager2(0x7bbe4243dcb8) locale list changing from [] to [en-US]
06-01 22:39:06.556  2063  2229 I .apps.wellbeing: AssetManager2(0x7bbe4243e2f8) locale list changing from [] to [en-US]
06-01 22:39:06.560  2063  2229 I .apps.wellbeing: AssetManager2(0x7bbe4243dfd8) locale list changing from [] to [en-US]
06-01 22:39:06.582  2063  2229 I .apps.wellbeing: AssetManager2(0x7bbe4243ec58) locale list changing from [] to [en-US]
06-01 22:39:06.584  2063  2229 I .apps.wellbeing: AssetManager2(0x7bbe42449e78) locale list changing from [] to [en-US]
06-01 22:39:06.587  2063  2229 I .apps.wellbeing: AssetManager2(0x7bbe424446f8) locale list changing from [] to [en-US]
06-01 22:39:06.593  2063  2229 I .apps.wellbeing: AssetManager2(0x7bbe42444d38) locale list changing from [] to [en-US]
06-01 22:39:06.596  2063  2229 I .apps.wellbeing: AssetManager2(0x7bbe42443d98) locale list changing from [] to [en-US]
06-01 22:39:06.599  2063  2229 I .apps.wellbeing: AssetManager2(0x7bbe42446318) locale list changing from [] to [en-US]
06-01 22:39:06.615  2063  2229 I .apps.wellbeing: AssetManager2(0x7bbe42445ff8) locale list changing from [] to [en-US]
06-01 22:39:06.618  2063  2229 I .apps.wellbeing: AssetManager2(0x7bbe424491f8) locale list changing from [] to [en-US]
06-01 22:39:06.619  2063  2229 I .apps.wellbeing: AssetManager2(0x7bbe424475d8) locale list changing from [] to [en-US]
06-01 22:39:06.622  2063  2229 I .apps.wellbeing: AssetManager2(0x7bbe42448898) locale list changing from [] to [en-US]
06-01 22:39:06.626  2063  2229 I .apps.wellbeing: AssetManager2(0x7bbe42445cd8) locale list changing from [] to [en-US]
06-01 22:39:06.634  2063  2229 I .apps.wellbeing: AssetManager2(0x7bbe42449838) locale list changing from [] to [en-US]
06-01 22:39:06.637  2063  2229 I .apps.wellbeing: AssetManager2(0x7bbe42433d58) locale list changing from [] to [en-US]
06-01 22:39:06.651  2063  2229 I .apps.wellbeing: AssetManager2(0x7bbe42448258) locale list changing from [] to [en-US]
06-01 22:39:06.665  2063  2229 I .apps.wellbeing: AssetManager2(0x7bbe42435978) locale list changing from [] to [en-US]
06-01 22:39:06.668  2063  2229 I .apps.wellbeing: AssetManager2(0x7bbe424394d8) locale list changing from [] to [en-US]
06-01 22:39:06.670  2063  2229 I .apps.wellbeing: AssetManager2(0x7bbe42437bd8) locale list changing from [] to [en-US]
06-01 22:39:06.673  2063  2229 I .apps.wellbeing: AssetManager2(0x7bbe42436f58) locale list changing from [] to [en-US]
06-01 22:39:06.675  2063  2229 I .apps.wellbeing: AssetManager2(0x7bbe4242f898) locale list changing from [] to [en-US]
06-01 22:39:06.677  2063  2229 I .apps.wellbeing: AssetManager2(0x7bbe42437ef8) locale list changing from [] to [en-US]
06-01 22:39:06.680  2063  2229 I .apps.wellbeing: AssetManager2(0x7bbe42438218) locale list changing from [] to [en-US]
06-01 22:39:06.682  2063  2229 I .apps.wellbeing: AssetManager2(0x7bbe424346b8) locale list changing from [] to [en-US]
06-01 22:39:06.684  2063  2229 I .apps.wellbeing: AssetManager2(0x7bbe42438e98) locale list changing from [] to [en-US]
06-01 22:39:06.687  2063  2229 I .apps.wellbeing: AssetManager2(0x7bbe4242fed8) locale list changing from [] to [en-US]
06-01 22:39:06.693  2063  2229 I .apps.wellbeing: AssetManager2(0x7bbe42430838) locale list changing from [] to [en-US]
06-01 22:39:06.695  2063  2229 I .apps.wellbeing: AssetManager2(0x7bbe42438b78) locale list changing from [] to [en-US]
06-01 22:39:06.697  2063  2229 I .apps.wellbeing: AssetManager2(0x7bbe42434398) locale list changing from [] to [en-US]
06-01 22:39:06.701  2063  2229 I .apps.wellbeing: AssetManager2(0x7bbe4242fbb8) locale list changing from [] to [en-US]
06-01 22:39:06.707  2063  2229 I .apps.wellbeing: AssetManager2(0x7bbe4243aab8) locale list changing from [] to [en-US]
06-01 22:39:06.709  2063  2229 I .apps.wellbeing: AssetManager2(0x7bbe4242f258) locale list changing from [] to [en-US]
06-01 22:39:06.714  2063  2229 I .apps.wellbeing: AssetManager2(0x7bbe4242cff8) locale list changing from [] to [en-US]
06-01 22:39:06.720  2063  2229 I .apps.wellbeing: AssetManager2(0x7bbe4242c378) locale list changing from [] to [en-US]
06-01 22:39:06.721  2063  2229 I .apps.wellbeing: AssetManager2(0x7bbe4242c698) locale list changing from [] to [en-US]
06-01 22:39:06.725  2063  2229 I .apps.wellbeing: AssetManager2(0x7bbe4242d638) locale list changing from [] to [en-US]
06-01 22:39:06.728  2063  2229 I .apps.wellbeing: AssetManager2(0x7bbe42425938) locale list changing from [] to [en-US]
06-01 22:39:06.735  2063  2229 I .apps.wellbeing: AssetManager2(0x7bbe42433a38) locale list changing from [] to [en-US]
06-01 22:39:06.746  2063  2229 I .apps.wellbeing: AssetManager2(0x7bbe4243a478) locale list changing from [] to [en-US]
06-01 22:39:06.751  2063  2229 I .apps.wellbeing: AssetManager2(0x7bbe4242bd38) locale list changing from [] to [en-US]
06-01 22:39:06.754  2063  2229 I .apps.wellbeing: AssetManager2(0x7bbe42438858) locale list changing from [] to [en-US]
06-01 22:39:06.758  2063  2229 I .apps.wellbeing: AssetManager2(0x7bbe4243a158) locale list changing from [] to [en-US]
06-01 22:39:06.761  2063  2229 I .apps.wellbeing: AssetManager2(0x7bbe424391b8) locale list changing from [] to [en-US]
06-01 22:39:06.766  2063  2229 I .apps.wellbeing: AssetManager2(0x7bbe42438538) locale list changing from [] to [en-US]
06-01 22:39:06.771  2063  2229 I .apps.wellbeing: AssetManager2(0x7bbe42435658) locale list changing from [] to [en-US]
06-01 22:39:06.777  2063  2229 I .apps.wellbeing: AssetManager2(0x7bbe4243b0f8) locale list changing from [] to [en-US]
06-01 22:39:06.780  2063  2229 I .apps.wellbeing: AssetManager2(0x7bbe42435c98) locale list changing from [] to [en-US]
06-01 22:39:06.790  2063  2229 I .apps.wellbeing: AssetManager2(0x7bbe424397f8) locale list changing from [] to [en-US]
06-01 22:39:06.796  2063  2229 I .apps.wellbeing: AssetManager2(0x7bbe4243a798) locale list changing from [] to [en-US]
06-01 22:39:06.799  2063  2229 I .apps.wellbeing: AssetManager2(0x7bbe4243b418) locale list changing from [] to [en-US]
06-01 22:39:06.802  2063  2229 I .apps.wellbeing: AssetManager2(0x7bbe42437278) locale list changing from [] to [en-US]
06-01 22:39:06.803  2063  2229 I .apps.wellbeing: AssetManager2(0x7bbe42443118) locale list changing from [] to [en-US]
06-01 22:39:06.805  2063  2229 I .apps.wellbeing: AssetManager2(0x7bbe42441e58) locale list changing from [] to [en-US]
06-01 22:39:06.808  2063  2229 I .apps.wellbeing: AssetManager2(0x7bbe4243d998) locale list changing from [] to [en-US]
06-01 22:39:06.812  2063  2229 I .apps.wellbeing: AssetManager2(0x7bbe4243f5b8) locale list changing from [] to [en-US]
06-01 22:39:06.816  2063  2229 I .apps.wellbeing: AssetManager2(0x7bbe4242ef38) locale list changing from [] to [en-US]
06-01 22:39:06.818  2063  2229 I .apps.wellbeing: AssetManager2(0x7bbe4243cd18) locale list changing from [] to [en-US]
06-01 22:39:06.820  2063  2229 I .apps.wellbeing: AssetManager2(0x7bbe4243c098) locale list changing from [] to [en-US]
06-01 22:39:06.822  4765  4765 D WM-PackageManagerHelper: Skipping component enablement for androidx.work.impl.background.systemjob.SystemJobService
06-01 22:39:06.822  4765  4765 D WM-Schedulers: Created SystemJobScheduler and enabled SystemJobService
06-01 22:39:06.824  2063  2229 I .apps.wellbeing: AssetManager2(0x7bbe4242f578) locale list changing from [] to [en-US]
06-01 22:39:06.830  2063  2229 I .apps.wellbeing: AssetManager2(0x7bbe4242ec18) locale list changing from [] to [en-US]
06-01 22:39:06.837  2063  2229 I .apps.wellbeing: AssetManager2(0x7bbe424411d8) locale list changing from [] to [en-US]
06-01 22:39:06.846  2063  2229 I .apps.wellbeing: AssetManager2(0x7bbe4243c3b8) locale list changing from [] to [en-US]
06-01 22:39:06.853  2063  2229 I .apps.wellbeing: AssetManager2(0x7bbe42440558) locale list changing from [] to [en-US]
06-01 22:39:06.860  2063  2229 I .apps.wellbeing: AssetManager2(0x7bbe4243b738) locale list changing from [] to [en-US]
06-01 22:39:06.867  2063  2229 I .apps.wellbeing: AssetManager2(0x7bbe4243d038) locale list changing from [] to [en-US]
06-01 22:39:06.871  2063  2229 I .apps.wellbeing: AssetManager2(0x7bbe4243f298) locale list changing from [] to [en-US]
06-01 22:39:06.877  2063  2229 I .apps.wellbeing: AssetManager2(0x7bbe4243c9f8) locale list changing from [] to [en-US]
06-01 22:39:06.881  2063  2229 I .apps.wellbeing: AssetManager2(0x7bbe4243d678) locale list changing from [] to [en-US]
06-01 22:39:06.883  2063  2229 I .apps.wellbeing: AssetManager2(0x7bbe42457f78) locale list changing from [] to [en-US]
06-01 22:39:06.886  2063  2229 I .apps.wellbeing: AssetManager2(0x7bbe42459238) locale list changing from [] to [en-US]
06-01 22:39:06.892  2063  2229 I .apps.wellbeing: AssetManager2(0x7bbe42454418) locale list changing from [] to [en-US]
06-01 22:39:06.894  2063  2229 I .apps.wellbeing: AssetManager2(0x7bbe424556d8) locale list changing from [] to [en-US]
06-01 22:39:06.897  2063  2229 I .apps.wellbeing: AssetManager2(0x7bbe42443758) locale list changing from [] to [en-US]
06-01 22:39:06.899  2063  2229 I .apps.wellbeing: AssetManager2(0x7bbe424443d8) locale list changing from [] to [en-US]
06-01 22:39:06.901  2063  2229 I .apps.wellbeing: AssetManager2(0x7bbe4243e938) locale list changing from [] to [en-US]
06-01 22:39:06.905  2063  2229 I .apps.wellbeing: AssetManager2(0x7bbe42446f98) locale list changing from [] to [en-US]
06-01 22:39:06.908  2063  2229 I .apps.wellbeing: AssetManager2(0x7bbe42448ed8) locale list changing from [] to [en-US]
06-01 22:39:06.910  2063  2229 I .apps.wellbeing: AssetManager2(0x7bbe4244a4b8) locale list changing from [] to [en-US]
06-01 22:39:06.912  2063  2229 I .apps.wellbeing: AssetManager2(0x7bbe424440b8) locale list changing from [] to [en-US]
06-01 22:39:06.914  2063  2229 I .apps.wellbeing: AssetManager2(0x7bbe4244aaf8) locale list changing from [] to [en-US]
06-01 22:39:06.916  2063  2229 I .apps.wellbeing: AssetManager2(0x7bbe42446638) locale list changing from [] to [en-US]
06-01 22:39:06.919  2063  2229 I .apps.wellbeing: AssetManager2(0x7bbe424472b8) locale list changing from [] to [en-US]
06-01 22:39:06.922  2063  2229 I .apps.wellbeing: AssetManager2(0x7bbe4244a7d8) locale list changing from [] to [en-US]
06-01 22:39:06.924  2063  2229 I .apps.wellbeing: AssetManager2(0x7bbe42448bb8) locale list changing from [] to [en-US]
06-01 22:39:06.926  2063  2229 I .apps.wellbeing: AssetManager2(0x7bbe42449518) locale list changing from [] to [en-US]
06-01 22:39:06.930  2063  2229 I .apps.wellbeing: AssetManager2(0x7bbe42443a78) locale list changing from [] to [en-US]
06-01 22:39:06.932  2063  2229 I .apps.wellbeing: AssetManager2(0x7bbe42448578) locale list changing from [] to [en-US]
06-01 22:39:06.936  2063  2229 I .apps.wellbeing: AssetManager2(0x7bbe424459b8) locale list changing from [] to [en-US]
06-01 22:39:06.938  2063  2229 I .apps.wellbeing: AssetManager2(0x7bbe42449b58) locale list changing from [] to [en-US]
06-01 22:39:06.941  2063  2229 I .apps.wellbeing: AssetManager2(0x7bbe42446958) locale list changing from [] to [en-US]
06-01 22:39:06.948  2063  2229 I .apps.wellbeing: AssetManager2(0x7bbe424524d8) locale list changing from [] to [en-US]
06-01 22:39:06.951  4765  4799 D WM-ForceStopRunnable: The default process name was not specified.
06-01 22:39:06.952  2063  2229 I .apps.wellbeing: AssetManager2(0x7bbe4244d078) locale list changing from [] to [en-US]
06-01 22:39:06.954  4765  4799 D WM-ForceStopRunnable: Performing cleanup operations.
06-01 22:39:06.955  2063  2229 I .apps.wellbeing: AssetManager2(0x7bbe42451538) locale list changing from [] to [en-US]
06-01 22:39:06.960  2063  2229 I .apps.wellbeing: AssetManager2(0x7bbe424527f8) locale list changing from [] to [en-US]
06-01 22:39:06.969  2063  2229 I .apps.wellbeing: AssetManager2(0x7bbe4244d6b8) locale list changing from [] to [en-US]
06-01 22:39:06.973  2063  2229 I .apps.wellbeing: AssetManager2(0x7bbe4244fc38) locale list changing from [] to [en-US]
06-01 22:39:06.978  2063  2229 I .apps.wellbeing: AssetManager2(0x7bbe4244e658) locale list changing from [] to [en-US]
06-01 22:39:06.983  4765  4799 E ashmem  : Pinning is deprecated since Android Q. Please use trim or other methods.
06-01 22:39:06.986  2063  2229 I .apps.wellbeing: AssetManager2(0x7bbe42450278) locale list changing from [] to [en-US]
06-01 22:39:06.988  2063  2229 I .apps.wellbeing: AssetManager2(0x7bbe4244e978) locale list changing from [] to [en-US]
06-01 22:39:06.998  2063  2229 I .apps.wellbeing: AssetManager2(0x7bbe4244c0d8) locale list changing from [] to [en-US]
06-01 22:39:07.000  2063  2229 I .apps.wellbeing: AssetManager2(0x7bbe4244efb8) locale list changing from [] to [en-US]
06-01 22:39:07.010  2063  2229 I .apps.wellbeing: AssetManager2(0x7bbe42450598) locale list changing from [] to [en-US]
06-01 22:39:07.020  2063  2229 I .apps.wellbeing: AssetManager2(0x7bbe4244dcf8) locale list changing from [] to [en-US]
06-01 22:39:07.023  2063  2229 I .apps.wellbeing: AssetManager2(0x7bbe424521b8) locale list changing from [] to [en-US]
06-01 22:39:07.029  2063  2229 I .apps.wellbeing: AssetManager2(0x7bbe4244ec98) locale list changing from [] to [en-US]
06-01 22:39:07.034  2063  2229 I .apps.wellbeing: AssetManager2(0x7bbe4244f918) locale list changing from [] to [en-US]
06-01 22:39:07.038  2063  2229 I .apps.wellbeing: AssetManager2(0x7bbe4244c3f8) locale list changing from [] to [en-US]
06-01 22:39:07.039  2063  2229 I .apps.wellbeing: AssetManager2(0x7bbe42451218) locale list changing from [] to [en-US]
06-01 22:39:07.043  2063  2229 I .apps.wellbeing: AssetManager2(0x7bbe42451e98) locale list changing from [] to [en-US]
06-01 22:39:07.044  2063  2229 I .apps.wellbeing: AssetManager2(0x7bbe42450bd8) locale list changing from [] to [en-US]
06-01 22:39:07.047  2063  2229 I .apps.wellbeing: AssetManager2(0x7bbe4244f5f8) locale list changing from [] to [en-US]
06-01 22:39:07.051  2063  2229 I .apps.wellbeing: AssetManager2(0x7bbe4244b778) locale list changing from [] to [en-US]
06-01 22:39:07.055  2063  2229 I .apps.wellbeing: AssetManager2(0x7bbe42451b78) locale list changing from [] to [en-US]
06-01 22:39:07.058  2063  2229 I .apps.wellbeing: AssetManager2(0x7bbe4244c718) locale list changing from [] to [en-US]
06-01 22:39:07.061  2063  2229 I .apps.wellbeing: AssetManager2(0x7bbe42432138) locale list changing from [] to [en-US]
06-01 22:39:07.068  2063  2229 I .apps.wellbeing: AssetManager2(0x7bbe42441818) locale list changing from [] to [en-US]
06-01 22:39:07.072  2063  2229 I .apps.wellbeing: AssetManager2(0x7bbe42440b98) locale list changing from [] to [en-US]
06-01 22:39:07.075  2063  2229 I .apps.wellbeing: AssetManager2(0x7bbe42435018) locale list changing from [] to [en-US]
06-01 22:39:07.077  2063  2229 I .apps.wellbeing: AssetManager2(0x7bbe4243fbf8) locale list changing from [] to [en-US]
06-01 22:39:07.091  2063  2229 I .apps.wellbeing: AssetManager2(0x7bbe42456358) locale list changing from [] to [en-US]
06-01 22:39:07.094  2063  2229 I .apps.wellbeing: AssetManager2(0x7bbe42454a58) locale list changing from [] to [en-US]
06-01 22:39:07.097  2063  2229 I .apps.wellbeing: AssetManager2(0x7bbe42433718) locale list changing from [] to [en-US]
06-01 22:39:07.099  2063  2229 I .apps.wellbeing: AssetManager2(0x7bbe42454d78) locale list changing from [] to [en-US]
06-01 22:39:07.101  2063  2229 I .apps.wellbeing: AssetManager2(0x7bbe424553b8) locale list changing from [] to [en-US]
06-01 22:39:07.105  2063  2229 I .apps.wellbeing: AssetManager2(0x7bbe42458f18) locale list changing from [] to [en-US]
06-01 22:39:07.197  4765  4801 D WM-PackageManagerHelper: Skipping component enablement for androidx.work.impl.background.systemalarm.RescheduleReceiver
06-01 22:39:07.310   688  1725 I ActivityManager: Background started FGS: Allowed [callingPackage: com.aistudio.ereader.xynk; callingUid: 10225; uidState: TOP ; uidBFSL: [BFSL]; intent: Intent { xflg=0x4 cmp=com.aistudio.ereader.xynk/com.example.web.LocalWebService }; code:PROC_STATE_TOP; tempAllowListReason:<null>; allowWiu:12; targetSdkVersion:36; callerTargetSdkVersion:36; startForegroundCount:0; bindFromPackage:null: isBindService:false]
06-01 22:39:07.316   688  1171 W OptProp : Cannot read opt property android.window.PROPERTY_COMPAT_ENABLE_FAKE_FOCUS
06-01 22:39:07.322   688   898 D BackgroundInstallControlService: Package event received: 0
06-01 22:39:07.323  4765  4765 I Choreographer: Skipped 49 frames!  The application may be doing too much work on its main thread.
06-01 22:39:07.323   688   898 D BackgroundInstallControlService: Package event received: 0
06-01 22:39:07.329  4765  4803 I DisplayManager: Choreographer implicitly registered for the refresh rate.
06-01 22:39:07.335  4765  4765 I io.ereader.xynk: AssetManager2(0x7bbe4242a438) locale list changing from [] to [en-US]
06-01 22:39:07.394  4765  4803 I EGL_emulation: Opening libGLESv1_CM_emulation.so
06-01 22:39:07.396  4765  4803 I EGL_emulation: Opening libGLESv2_emulation.so
06-01 22:39:07.407  4765  4803 W HWUI    : Failed to choose config with EGL_SWAP_BEHAVIOR_PRESERVED, retrying without...
06-01 22:39:07.408  4765  4803 W HWUI    : Failed to initialize 101010-2 format, error = EGL_SUCCESS
06-01 22:39:07.431  4765  4765 D CompatChangeReporter: Compat change id reported: 377864165; UID 10225; state: ENABLED
06-01 22:39:07.434  4765  4765 D DesktopModeFlags: Toggle override initialized to: OVERRIDE_UNSET
06-01 22:39:07.564  4765  4765 W HWUI    : Unknown dataspace 0
06-01 22:39:07.788   688  1307 I ActivityManager: Background started FGS: Allowed [callingPackage: com.aistudio.ereader.xynk; callingUid: 10225; uidState: TOP ; uidBFSL: [BFSL]; intent: Intent { cmp=com.aistudio.ereader.xynk/com.example.web.LocalWebService }; code:PROC_STATE_TOP; tempAllowListReason:<fg-service-launch,reasonCode:SERVICE_LAUNCH,duration:30000,callingUid:10225>; allowWiu:12; targetSdkVersion:36; callerTargetSdkVersion:36; startForegroundCount:0; bindFromPackage:null: isBindService:false]
06-01 22:39:07.789   688  1307 W ForegroundServiceTypeLoggerModule: Foreground service start for UID: 10225 does not have any types
06-01 22:39:07.791   688   898 D BackgroundInstallControlService: Package event received: 0
06-01 22:39:07.796   688  1725 D CoreBackPreview: Window{e8ae172 u0 com.aistudio.ereader.xynk/com.example.MainActivity}: Setting back callback OnBackInvokedCallbackInfo{mCallback=android.window.IOnBackInvokedCallback$Stub$Proxy@dca226c, mPriority=-1, mIsAnimationCallback=false, mOverrideBehavior=0}
06-01 22:39:08.186  4765  4773 I io.ereader.xynk: Compiler allocated 5042KB to compile void android.view.ViewRootImpl.performTraversals()
06-01 22:39:08.500   688  1531 E TaskPersister: File error accessing recents directory (directory doesn't exist?).
06-01 22:39:08.540  1069  1255 D SatelliteController: iisInCarrierRoamingNbIotNtn: satellite is disabled
06-01 22:39:08.541   688  1725 W IPCThreadState: Sending oneway calls to frozen process.
06-01 22:39:09.187   688   799 W InputDispatcher: Not sending touch gesture to b8f37bd ActivityRecordInputSink com.aistudio.ereader.xynk/com.example.MainActivity because it has config NO_INPUT_CHANNEL
06-01 22:39:09.630   688   722 I ActivityTaskManager: Displayed com.aistudio.ereader.xynk/com.example.MainActivity for user 0: +5s311ms
06-01 22:39:09.685  4765  4780 I HWUI    : Davey! duration=2061ms; Flags=1, FrameTimelineVsyncId=34082, IntendedVsync=935269063082, Vsync=935469063074, InputEventId=0, HandleInputStart=935480611600, AnimationStart=935480643200, PerformTraversalsStart=935480745500, DrawStart=937209749600, FrameDeadline=935285729748, FrameStartTime=935480002200, FrameInterval=16666666, WorkloadTarget=16666666, SyncQueued=937253467500, SyncStart=937254267600, IssueDrawCommandsStart=937256946100, SwapBuffers=937304773600, FrameCompleted=937331309400, DequeueBufferDuration=38200, QueueBufferDuration=564700, GpuCompleted=937331309400, SwapBuffersCompleted=937309338600, DisplayPresentTime=0, CommandSubmissionCompleted=937304773600, 
06-01 22:39:09.698  4765  4765 I Choreographer: Skipped 107 frames!  The application may be doing too much work on its main thread.
06-01 22:39:09.746   688   807 I ImeTracker: com.aistudio.ereader.xynk:84b80c45: onRequestHide at ORIGIN_SERVER reason HIDE_UNSPECIFIED_WINDOW fromUser false
06-01 22:39:09.770  4765  4784 I HWUI    : Davey! duration=1856ms; Flags=0, FrameTimelineVsyncId=34111, IntendedVsync=935585729736, Vsync=937369062998, InputEventId=0, HandleInputStart=937392437800, AnimationStart=937392477500, PerformTraversalsStart=937408037800, DrawStart=937409932600, FrameDeadline=937352396332, FrameStartTime=937384314300, FrameInterval=16666666, WorkloadTarget=16666666, SyncQueued=937410390900, SyncStart=937411010300, IssueDrawCommandsStart=937411855400, SwapBuffers=937414766900, FrameCompleted=937443324800, DequeueBufferDuration=41300, QueueBufferDuration=8405700, GpuCompleted=937443324800, SwapBuffersCompleted=937429480400, DisplayPresentTime=0, CommandSubmissionCompleted=937414766900, 
06-01 22:39:09.773  4765  4765 D InsetsController: hide(ime(), fromIme=false)
06-01 22:39:09.773  4765  4765 I ImeTracker: com.aistudio.ereader.xynk:84b80c45: onCancelled at PHASE_CLIENT_ALREADY_HIDDEN
06-01 22:39:09.779  1402  1402 I GoogleInputMethodService: GoogleInputMethodService.onFinishInput():2259 
06-01 22:39:09.779  1402  1402 I Module  : DeviceLockedStatusModuleProvider$Module.updateDeviceLockedStatus():103 repeatCheckTimes = 0, locked = false
06-01 22:39:09.781  1402  1402 I GoogleInputMethodService: GoogleInputMethodService.onStartInput():1446 onStartInput(EditorInfo{EditorInfo{packageName=com.aistudio.ereader.xynk, inputType=0, inputTypeString=NULL, enableLearning=false, autoCorrection=false, autoComplete=false, imeOptions=0, privateImeOptions=null, actionName=UNSPECIFIED, actionLabel=null, initialSelStart=-1, initialSelEnd=-1, initialCapsMode=0, label=null, fieldId=0, fieldName=null, extras=null, hintText=null, hintLocales=[]}}, false)
06-01 22:39:09.782  1402  1402 W AndroidIME: LatinIMEBase.updateInputViewCoverNavigation():327 Null input view, cannot update padding!
06-01 22:39:09.782  1402  1402 I Module  : DeviceLockedStatusModuleProvider$Module.updateDeviceLockedStatus():103 repeatCheckTimes = 1, locked = false
06-01 22:39:09.783   688  1171 I ImeTracker: system_server:d81313d6: onRequestHide at ORIGIN_SERVER reason IME_REQUESTED_CHANGED_LISTENER fromUser false
06-01 22:39:09.784   688   725 I ImeTracker: system_server:d81313d6: onCancelled at PHASE_SERVER_SHOULD_HIDE
06-01 22:39:09.786   688  1171 W PackageConfigPersister: App-specific configuration not found for packageName: com.aistudio.ereader.xynk and userId: 0
06-01 22:39:09.804  1279  2130 I FontLog : (REDACTED) Received query %s, URI %s
06-01 22:39:09.804  1279  2130 I FontLog : (REDACTED) Query [%s] resolved to %s
06-01 22:39:09.810  1279  2130 I FontLog : (REDACTED) Fetch %s end status %s
06-01 22:39:09.831  1279  2130 I FontLog : (REDACTED) Pulling font file for id = %d, cache size = %d
06-01 22:39:09.845  1279  2130 I FontLog : (REDACTED) Pulling font file for id = %d, cache size = %d
06-01 22:39:10.067  1084  1084 D BaseDepthController: setSurface:
06-01 22:39:10.067  1084  1084 D BaseDepthController: 	mWaitingOnSurfaceValidity: false
06-01 22:39:10.067  1084  1084 D BaseDepthController: 	mBaseSurface: null
06-01 22:39:10.068  1084  1084 D BaseDepthController: mSurface is null and mCurrentBlur is: 0
06-01 22:39:10.071  1084  1084 D StateManager: goToState - fromState: Normal, toState: Normal, partial trace:
06-01 22:39:10.071  1084  1084 D StateManager: 	at com.android.launcher3.statemanager.StateManager.moveToRestState(go/retraceme 72a59688580715d19f0e415c69e80376c2f062d1648c80db6730905005a27c20:4)
06-01 22:39:10.071  1084  1084 D StateManager: 	at com.android.launcher3.statemanager.StateManager.moveToRestState(go/retraceme 72a59688580715d19f0e415c69e80376c2f062d1648c80db6730905005a27c20:1)
06-01 22:39:10.071  1084  1084 D StateManager: 	at com.android.launcher3.statemanager.StatefulActivity.onStop(go/retraceme 72a59688580715d19f0e415c69e80376c2f062d1648c80db6730905005a27c20:34)
06-01 22:39:10.071  1084  1084 D StatsLog: LAUNCHER_ONSTOP
06-01 22:39:10.077  1084  1084 D StatsLog: LAUNCHER_GOOGLE_SEARCH_RESTORE_LIST_SIZE_AFTER_ACTIVITY_RESTART
06-01 22:39:10.097   688   898 D BackgroundInstallControlService: Package event received: 0
06-01 22:39:10.373   688  1171 D CompatChangeReporter: Compat change id reported: 349487600; UID 10225; state: ENABLED
06-01 22:39:10.375   688   848 D ConnectivityService: NetReassign [no changes] [c 0] [a 1] [i 1]
06-01 22:39:10.439  4765  4765 I Choreographer: Skipped 30 frames!  The application may be doing too much work on its main thread.
06-01 22:39:10.623  4765  4826 W HWUI    : Failed to choose config with EGL_SWAP_BEHAVIOR_PRESERVED, retrying without...
06-01 22:39:10.623  4765  4826 W HWUI    : Failed to initialize 101010-2 format, error = EGL_SUCCESS
06-01 22:39:10.696  4765  4818 W HWUI    : Image decoding logging dropped!
06-01 22:39:10.714  4765  4820 W HWUI    : Image decoding logging dropped!
06-01 22:39:12.446  4765  4827 D ProfileInstaller: Installing profile for com.aistudio.ereader.xynk
06-01 22:39:14.169  4834  4834 W dumpsys : Thread Pool max thread count is 0. Cannot cache binder as linkToDeath cannot be implemented. serviceName: package
06-01 22:39:14.345  3901  4205 I artd    : GetBestInfo: odex next to the dex file (/data/app/~~oqHPZkItOTY-JdZP8j0YvQ==/com.google.android.gms-U8kK62mhhj2hUoGXPlJDnw==/oat/x86_64/base.odex) is kOatUpToDate with filter 'speed-profile' executable 'false'
06-01 22:39:14.348  3901  4205 I artd    : GetBestInfo: odex next to the dex file (/data/app/~~oqHPZkItOTY-JdZP8j0YvQ==/com.google.android.gms-U8kK62mhhj2hUoGXPlJDnw==/oat/x86_64/split_AdsDynamite_installtime.odex) is kOatUpToDate with filter 'speed' executable 'false'
06-01 22:39:14.350  3901  4205 I artd    : GetBestInfo: odex next to the dex file (/data/app/~~oqHPZkItOTY-JdZP8j0YvQ==/com.google.android.gms-U8kK62mhhj2hUoGXPlJDnw==/oat/x86_64/split_CronetDynamite_installtime.odex) is kOatUpToDate with filter 'speed-profile' executable 'false'
06-01 22:39:14.351  3901  4205 I artd    : GetBestInfo: odex next to the dex file (/data/app/~~oqHPZkItOTY-JdZP8j0YvQ==/com.google.android.gms-U8kK62mhhj2hUoGXPlJDnw==/oat/x86_64/split_DynamiteLoader_installtime.odex) is kOatUpToDate with filter 'speed' executable 'false'
06-01 22:39:14.353  3901  4205 I artd    : GetBestInfo: odex next to the dex file (/data/app/~~oqHPZkItOTY-JdZP8j0YvQ==/com.google.android.gms-U8kK62mhhj2hUoGXPlJDnw==/oat/x86_64/split_DynamiteModulesA_installtime.odex) is kOatUpToDate with filter 'speed' executable 'false'
06-01 22:39:14.355  3901  4205 I artd    : GetBestInfo: odex next to the dex file (/data/app/~~oqHPZkItOTY-JdZP8j0YvQ==/com.google.android.gms-U8kK62mhhj2hUoGXPlJDnw==/oat/x86_64/split_DynamiteModulesC_installtime.odex) is kOatUpToDate with filter 'speed' executable 'false'
06-01 22:39:14.357  3901  4205 I artd    : GetBestInfo: odex next to the dex file (/data/app/~~oqHPZkItOTY-JdZP8j0YvQ==/com.google.android.gms-U8kK62mhhj2hUoGXPlJDnw==/oat/x86_64/split_GoogleCertificates_installtime.odex) is kOatUpToDate with filter 'speed' executable 'false'
06-01 22:39:14.358  3901  4205 I artd    : GetBestInfo: odex next to the dex file (/data/app/~~oqHPZkItOTY-JdZP8j0YvQ==/com.google.android.gms-U8kK62mhhj2hUoGXPlJDnw==/oat/x86_64/split_MapsDynamite_installtime.odex) is kOatUpToDate with filter 'speed' executable 'false'
06-01 22:39:14.361  3901  4205 I artd    : GetBestInfo: odex next to the dex file (/data/app/~~oqHPZkItOTY-JdZP8j0YvQ==/com.google.android.gms-U8kK62mhhj2hUoGXPlJDnw==/oat/x86_64/split_MeasurementDynamite_installtime.odex) is kOatUpToDate with filter 'speed' executable 'false'
06-01 22:39:14.363  3901  4205 I artd    : GetBestInfo: odex next to the dex file (/data/app/~~oqHPZkItOTY-JdZP8j0YvQ==/com.google.android.gms-U8kK62mhhj2hUoGXPlJDnw==/oat/x86_64/split_all_locale_splits.odex) is kOatUpToDate with filter 'speed' executable 'false'
06-01 22:39:14.363  3901  4205 I artd    : GetBestInfo: /data/user_de/0/com.google.android.gms/app_chimera/m/00000001/CronetDynamite.apk has no usable artifacts
06-01 22:39:14.364  3901  4205 I artd    : GetBestInfo: /data/user_de/0/com.google.android.gms/app_chimera/m/00000002/DynamiteLoader.apk has no usable artifacts
06-01 22:39:14.365  3901  4205 I artd    : GetBestInfo: /data/user_de/0/com.google.android.gms/app_chimera/m/00000015/dl-Appsearch.optional_261631100800.apk has no usable artifacts
06-01 22:39:14.366  3901  4205 I artd    : GetBestInfo: /data/user_de/0/com.google.android.gms/app_chimera/m/00000011/dl-MlkitBarcodeUi.optional_261631100800.apk has no usable artifacts
06-01 22:39:14.367  3901  4205 I artd    : GetBestInfo: /data/user_de/0/com.google.android.gms/app_chimera/m/00000005/GoogleCertificates.apk has no usable artifacts
06-01 22:39:14.368  3901  4205 I artd    : GetBestInfo: /data/user_de/0/com.google.android.gms/app_chimera/m/00000017/dl-TfliteDynamiteDynamite.integ_260580502100800.apk has no usable artifacts
06-01 22:39:14.369  3901  4205 I artd    : GetBestInfo: /data/user_de/0/com.google.android.gms/app_chimera/m/0000000d/dl-TfliteDynamiteDynamite.integ_252130102100800.apk has no usable artifacts
06-01 22:39:14.371  3901  4205 I artd    : GetBestInfo: /data/user_de/0/com.google.android.gms/app_chimera/m/00000016/dl-IdentityCredentialsPlatform.optional_261631100800.apk has no usable artifacts
06-01 22:39:14.373  3901  4205 I artd    : GetBestInfo: /data/user_de/0/com.google.android.gms/app_chimera/m/0000000a/dl-MlkitBarcodeUi.optional_250834100800.apk has no usable artifacts
06-01 22:39:14.377  3901  4205 I artd    : GetBestInfo: vdex next to the dex file (/data/user/0/com.google.android.gms/app_dg_cache/92659AEB0EFADECE4CBB22D1DF07B00702EAAC36/oat/x86_64/the.vdex) is kOatUpToDate with filter 'verify' executable 'false'
06-01 22:39:14.379  3901  4205 I artd    : GetBestInfo: /data/user_de/0/com.google.android.gms/app_chimera/m/00000014/dl-PlayCloudSearch.optional_261631100000.apk has no usable artifacts
06-01 22:39:14.381  3901  4205 I artd    : GetBestInfo: /data/user/0/com.google.android.gms/app_dg_cache/BBB8ADBA11F43674FC873CF50B06D4CFE87E958C/the.apk has no usable artifacts
06-01 22:39:14.382  3901  4205 W artd    : Could not get dex checksums for location /data/app/~~JlUJQFlc4ygp9jZhE_7qYA==/com.android.vending-cRWAZr3GHq-n4fdFyU9thA==/base.apk, fd=-1
06-01 22:39:14.518  4837  4837 D AndroidRuntime: >>>>>> START com.android.internal.os.RuntimeInit uid 2000 <<<<<<
06-01 22:39:14.523  4837  4837 I AndroidRuntime: Using default boot image
06-01 22:39:14.523  4837  4837 I AndroidRuntime: Leaving lock profiling enabled
06-01 22:39:14.526  4837  4837 I app_process: Using CollectorTypeCMC GC.
06-01 22:39:14.595   688   791 D ActivityManager: freezing 3167 com.android.vending:background
06-01 22:39:14.632  4837  4837 D nativeloader: InitDefaultPublicLibraries for_preload=1: libandroid.so:libaaudio.so:libamidi.so:libbinder_ndk.so:libc.so:libcamera2ndk.so:libdl.so:libEGL.so:libGLESv1_CM.so:libGLESv2.so:libGLESv3.so:libicu.so:libicui18n.so:libicuuc.so:libjnigraphics.so:liblog.so:libmediandk.so:libm.so:libnativehelper.so:libnativewindow.so:libOpenMAXAL.so:libOpenSLES.so:libRS.so:libstdc++.so:libsync.so:libvulkan.so:libwebviewchromium_plat_support.so:libz.so
06-01 22:39:14.643  4837  4837 D nativeloader: Load libicu_jni.so using APEX ns com_android_art for caller /apex/com.android.art/javalib/core-oj.jar: ok
06-01 22:39:14.644  4837  4837 D app_process: u_setTimeZoneFilesDirectory("/apex/com.android.tzdata/etc/tz/versioned/9/icu") succeeded. 
06-01 22:39:14.644  4837  4837 D app_process: I18n APEX ICU file found: /apex/com.android.i18n/etc/icu/icudt76l.dat
06-01 22:39:14.645  4837  4837 D nativeloader: Load libjavacore.so using APEX ns com_android_art for caller /apex/com.android.art/javalib/core-oj.jar: ok
06-01 22:39:14.646  4837  4837 D nativeloader: Load libopenjdk.so using APEX ns com_android_art for caller /apex/com.android.art/javalib/core-oj.jar: ok
06-01 22:39:14.647  4837  4837 W app_process: Unexpected CPU variant for x86: x86_64.
06-01 22:39:14.647  4837  4837 W app_process: Known variants: atom, sandybridge, silvermont, goldmont, goldmont-plus, goldmont-without-sha-xsaves, tremont, kabylake, alderlake, default
06-01 22:39:14.649  4837  4837 W app_process: ClassLoaderContext shared library size mismatch. Expected=2, found=0 (PCL[]{PCL[/system/framework/android.test.base.jar*2789897741]#PCL[/system/framework/android.test.mock.jar*3361312393]} | PCL[])
06-01 22:39:14.650  4837  4837 W app_process: ClassLoaderContext classpath size mismatch. expected=0, found=1 (PCL[]{PCL[/system/framework/android.test.runner.jar*895143020]#PCL[/system/framework/android.test.base.jar*2789897741]} | PCL[/system/framework/android.test.runner.jar*895143020])
06-01 22:39:14.670  4837  4837 D nativeloader: Load libframework-connectivity-tiramisu-jni.so using APEX ns com_android_tethering for caller /apex/com.android.tethering/javalib/framework-connectivity-t.jar: ok
06-01 22:39:14.670  4837  4837 D AndroidRuntime: Calling main entry com.android.commands.uiautomator.Launcher
06-01 22:39:14.679  4837  4837 I AconfigPackage: android.media.swcodec.flags is mapped to com.android.media.swcodec
06-01 22:39:14.679  4837  4837 I AconfigPackage: com.google.android.settings.simplemode.flags is mapped to system_ext
06-01 22:39:14.679  4837  4837 I AconfigPackage: com.google.android.systemui is mapped to system_ext
06-01 22:39:14.679  4837  4837 I AconfigPackage: com.google.android.apps.nexuslauncher is mapped to system_ext
06-01 22:39:14.679  4837  4837 I AconfigPackage: com.android.settings.accessibility is mapped to system_ext
06-01 22:39:14.679  4837  4837 I AconfigPackage: com.android.settings.flags is mapped to system_ext
06-01 22:39:14.679  4837  4837 I AconfigPackage: com.google.android.apps.miphone.aiai.matchmaker.overview.ui is mapped to system_ext
06-01 22:39:14.680  4837  4837 I AconfigPackage: com.google.android.settings.flags is mapped to system_ext
06-01 22:39:14.680  4837  4837 I AconfigPackage: com.android.launcher3 is mapped to system_ext
06-01 22:39:14.680  4837  4837 I AconfigPackage: com.android.wallpaper is mapped to system_ext
06-01 22:39:14.680  4837  4837 I AconfigPackage: com.android.settings.media_drm is mapped to system_ext
06-01 22:39:14.680  4837  4837 I AconfigPackage: com.android.systemui.accessibility.accessibilitymenu is mapped to system_ext
06-01 22:39:14.680  4837  4837 I AconfigPackage: com.android.settings.keyboard is mapped to system_ext
06-01 22:39:14.680  4837  4837 I AconfigPackage: com.android.server.policy.feature.flags is mapped to system_ext
06-01 22:39:14.680  4837  4837 I AconfigPackage: com.android.settings.factory_reset is mapped to system_ext
06-01 22:39:14.680  4837  4837 I AconfigPackage: com.google.android.haptics.flags is mapped to system_ext
06-01 22:39:14.680  4837  4837 I AconfigPackage: com.android.permission.flags is mapped to com.android.permission
06-01 22:39:14.680  4837  4837 I AconfigPackage: com.android.icu is mapped to com.android.i18n
06-01 22:39:14.680  4837  4837 I AconfigPackage: com.android.appsearch.flags is mapped to com.android.appsearch
06-01 22:39:14.681  4837  4837 I AconfigPackage: android.uprobestats.mainline.flags is mapped to com.android.uprobestats
06-01 22:39:14.681  4837  4837 I AconfigPackage: android.provider.flags is mapped to com.android.configinfrastructure
06-01 22:39:14.681  4837  4837 I AconfigPackage: com.android.server.deviceconfig is mapped to com.android.configinfrastructure
06-01 22:39:14.681  4837  4837 I AconfigPackage: com.android.nfc.flags is mapped to system
06-01 22:39:14.681  4837  4837 I AconfigPackage: android.app.admin.flags is mapped to system
06-01 22:39:14.681  4837  4837 I AconfigPackage: android.database.sqlite is mapped to system
06-01 22:39:14.681  4837  4837 I AconfigPackage: com.android.providers.calendar is mapped to system
06-01 22:39:14.681  4837  4837 I AconfigPackage: com.android.server.power.feature.flags is mapped to system
06-01 22:39:14.681  4837  4837 I AconfigPackage: com.android.media.performance.flags is mapped to system
06-01 22:39:14.681  4837  4837 I AconfigPackage: android.app.contextualsearch.flags is mapped to system
06-01 22:39:14.681  4837  4837 I AconfigPackage: android.app.ondeviceintelligence.flags is mapped to system
06-01 22:39:14.681  4837  4837 I AconfigPackage: com.android.media.projection.flags is mapped to system
06-01 22:39:14.681  4837  4837 I AconfigPackage: android.companion is mapped to system
06-01 22:39:14.681  4837  4837 I AconfigPackage: android.service.controls.flags is mapped to system
06-01 22:39:14.681  4837  4837 I AconfigPackage: com.android.text.flags is mapped to system
06-01 22:39:14.681  4837  4837 I AconfigPackage: com.android.providers.contactkeys.flags is mapped to system
06-01 22:39:14.681  4837  4837 I AconfigPackage: com.android.intentresolver is mapped to system
06-01 22:39:14.681  4837  4837 I AconfigPackage: android.companion.virtualdevice.flags is mapped to system
06-01 22:39:14.682  4837  4837 I AconfigPackage: android.uprobestats.flags is mapped to system
06-01 22:39:14.682  4837  4837 I AconfigPackage: com.android.net.thread.platform.flags is mapped to system
06-01 22:39:14.682  4837  4837 I AconfigPackage: android.view.contentprotection.flags is mapped to system
06-01 22:39:14.682  4837  4837 I AconfigPackage: com.android.server.dreams is mapped to system
06-01 22:39:14.682  4837  4837 I AconfigPackage: com.android.graphics.surfaceflinger.flags is mapped to system
06-01 22:39:14.682  4837  4837 I AconfigPackage: com.android.hardware.input is mapped to system
06-01 22:39:14.682  4837  4837 I AconfigPackage: android.sdk is mapped to system
06-01 22:39:14.682  4837  4837 I AconfigPackage: com.android.input.flags is mapped to system
06-01 22:39:14.682  4837  4837 I AconfigPackage: android.tracing is mapped to system
06-01 22:39:14.682  4837  4837 I AconfigPackage: com.android.server.biometrics is mapped to system
06-01 22:39:14.682  4837  4837 I AconfigPackage: android.view.contentcapture.flags is mapped to system
06-01 22:39:14.682  4837  4837 I AconfigPackage: android.app.job is mapped to system
06-01 22:39:14.682  4837  4837 I AconfigPackage: android.content.res is mapped to system
06-01 22:39:14.682  4837  4837 I AconfigPackage: android.net.platform.flags is mapped to system
06-01 22:39:14.682  4837  4837 I AconfigPackage: com.android.aconfig.flags is mapped to system
06-01 22:39:14.682  4837  4837 I AconfigPackage: com.android.graphics.flags is mapped to system
06-01 22:39:14.682  4837  4837 I AconfigPackage: android.server.app is mapped to system
06-01 22:39:14.682  4837  4837 I AconfigPackage: android.speech.flags is mapped to system
06-01 22:39:14.682  4837  4837 I AconfigPackage: com.android.server.stats is mapped to system
06-01 22:39:14.682  4837  4837 I AconfigPackage: android.hardware.biometrics is mapped to system
06-01 22:39:14.682  4837  4837 I AconfigPackage: android.car.feature is mapped to system
06-01 22:39:14.682  4837  4837 I AconfigPackage: android.adpf is mapped to system
06-01 22:39:14.682  4837  4837 I AconfigPackage: android.location.flags is mapped to system
06-01 22:39:14.682  4837  4837 I AconfigPackage: com.android.settingslib.flags is mapped to system
06-01 22:39:14.682  4837  4837 I AconfigPackage: com.android.managedprovisioning.flags is mapped to system
06-01 22:39:14.682  4837  4837 I AconfigPackage: android.app.assist.flags is mapped to system
06-01 22:39:14.682  4837  4837 I AconfigPackage: com.android.server.net is mapped to system
06-01 22:39:14.682  4837  4837 I AconfigPackage: com.android.settingslib.widget.flags is mapped to system
06-01 22:39:14.682  4837  4837 I AconfigPackage: com.android.internal.camera.flags is mapped to system
06-01 22:39:14.682  4837  4837 I AconfigPackage: com.android.hardware.libsensor.flags is mapped to system
06-01 22:39:14.682  4837  4837 I AconfigPackage: com.android.internal.jank is mapped to system
06-01 22:39:14.682  4837  4837 I AconfigPackage: com.android.providers.settings is mapped to system
06-01 22:39:14.682  4837  4837 I AconfigPackage: android.multiuser is mapped to system
06-01 22:39:14.682  4837  4837 I AconfigPackage: com.android.server.power.optimization is mapped to system
06-01 22:39:14.682  4837  4837 I AconfigPackage: com.android.calllogbackup is mapped to system
06-01 22:39:14.683  4837  4837 I AconfigPackage: com.android.media.flags is mapped to system
06-01 22:39:14.683  4837  4837 I AconfigPackage: com.android.server.flags is mapped to system
06-01 22:39:14.683  4837  4837 I AconfigPackage: com.android.graphics.libvulkan.flags is mapped to system
06-01 22:39:14.683  4837  4837 I AconfigPackage: android.app.appfunctions.flags is mapped to system
06-01 22:39:14.683  4837  4837 I AconfigPackage: android.app.smartspace.flags is mapped to system
06-01 22:39:14.683  4837  4837 I AconfigPackage: com.android.providers.contacts.flags is mapped to system
06-01 22:39:14.683  4837  4837 I AconfigPackage: com.android.shell.flags is mapped to system
06-01 22:39:14.683  4837  4837 I AconfigPackage: com.android.media.aaudio is mapped to system
06-01 22:39:14.683  4837  4837 I AconfigPackage: android.hardware.radio is mapped to system
06-01 22:39:14.683  4837  4837 I AconfigPackage: com.google.wear.services.infra.flags is mapped to system
06-01 22:39:14.683  4837  4837 I AconfigPackage: suspend_service.flags is mapped to system
06-01 22:39:14.683  4837  4837 I AconfigPackage: android.media.midi is mapped to system
06-01 22:39:14.683  4837  4837 I AconfigPackage: com.android.libcore.readonly is mapped to system
06-01 22:39:14.683  4837  4837 I AconfigPackage: com.android.settingslib.widget.selectorwithwidgetpreference.flags is mapped to system
06-01 22:39:14.683  4837  4837 I AconfigPackage: android.service.notification is mapped to system
06-01 22:39:14.683  4837  4837 I AconfigPackage: com.android.systemui.shared is mapped to system
06-01 22:39:14.683  4837  4837 I AconfigPackage: android.app.jank is mapped to system
06-01 22:39:14.683  4837  4837 I AconfigPackage: android.app.wearable is mapped to system
06-01 22:39:14.683  4837  4837 I AconfigPackage: com.android.media.audio is mapped to system
06-01 22:39:14.683  4837  4837 I AconfigPackage: android.service.chooser is mapped to system
06-01 22:39:14.683  4837  4837 I AconfigPackage: com.android.server.compat is mapped to system
06-01 22:39:14.683  4837  4837 I AconfigPackage: com.android.server.alarm is mapped to system
06-01 22:39:14.683  4837  4837 I AconfigPackage: com.android.apex.flags is mapped to system
06-01 22:39:14.683  4837  4837 I AconfigPackage: android.service.quickaccesswallet is mapped to system
06-01 22:39:14.683  4837  4837 I AconfigPackage: android.app.usage is mapped to system
06-01 22:39:14.683  4837  4837 I AconfigPackage: com.android.server.accessibility is mapped to system
06-01 22:39:14.683  4837  4837 I AconfigPackage: android.app.supervision.flags is mapped to system
06-01 22:39:14.683  4837  4837 I AconfigPackage: com.android.server.utils is mapped to system
