--------- beginning of main
06-02 06:33:17.617   688  1725 E IPCThreadState: Binder transaction failure. id: 2586606, BR_*: 29189, error: -22 (Invalid argument)
06-02 06:33:17.617   688  1725 W Process : Unable to open /proc/20411/status
06-02 06:33:17.655  3131  3131 I Finsky  : [2] Memory trim requested to level 40
06-02 06:33:17.668  3131  3131 I Finsky  : [2] Flushing in-memory image cache
06-02 06:33:17.670   688  2491 W SignedPackage: Cannot get ApplicationInfo for package: com.google.android.devicelockcontroller
06-02 06:33:17.703  3131  3131 I Finsky  : [2] Memory trim requested to level 40
06-02 06:33:17.703  3131  3131 I Finsky  : [2] Flushing in-memory image cache
06-02 06:33:17.703  3131  3131 I Finsky  : [2] Memory trim requested to level 40
06-02 06:33:17.703  3131  3131 I Finsky  : [2] Flushing in-memory image cache
06-02 06:33:17.703  3131  3131 I Finsky  : [2] Memory trim requested to level 40
06-02 06:33:17.703  3131  3131 I Finsky  : [2] Flushing in-memory image cache
06-02 06:33:17.703  3131  3131 I Finsky  : [2] Memory trim requested to level 40
06-02 06:33:17.704  3131  3131 I Finsky  : [2] Flushing in-memory image cache
--------- beginning of system
06-02 06:33:17.718  3131  3131 D ActivityThread: Package [com.aistudio.ereader.xynk] reported as REPLACED, but missing application info. Assuming REMOVED.
06-02 06:33:17.720   688   731 D ActivityManager: sync unfroze 1374 com.google.android.permissioncontroller for 3
06-02 06:33:17.726   688  1751 E AppOps  : attributionTag VCN not declared in manifest of android
06-02 06:33:17.729  3131  3131 D ActivityThread: Package [com.aistudio.ereader.xynk] reported as REPLACED, but missing application info. Assuming REMOVED.
06-02 06:33:17.731  3131  3131 I Finsky  : [2] Memory trim requested to level 40
06-02 06:33:17.732  3131  3131 I Finsky  : [2] Flushing in-memory image cache
06-02 06:33:17.733  3131  3131 I Finsky  : [2] Memory trim requested to level 40
06-02 06:33:17.733  3131  3131 I Finsky  : [2] Flushing in-memory image cache
06-02 06:33:17.739  3131  3131 I Finsky  : [2] ajwt - Received: android.intent.action.PACKAGE_REMOVED, [VnSdAoRqS0Csie51y2fWaADrFJpr7JWvD05KPu_jrLA]
06-02 06:33:17.744   560   560 E BpTransactionCompletedListener: Failed to transact (-32)
06-02 06:33:17.755  1458  1458 W MediaProvider: WorkProfileOwnerApps cache is empty
06-02 06:33:17.755  1458  1458 D PickerSyncLockManager: Trying to acquire lock com.android.providers.media.photopicker.sync.CloseableReentrantLock@2edef11[Unlocked]. Lock Name = CLOUD_PROVIDER_LOCK. Threads that may be waiting to acquire this lock = []
06-02 06:33:17.755  1458  1458 D CloseableReentrantLock: Successfully acquired lock com.android.providers.media.photopicker.sync.CloseableReentrantLock@2edef11[Locked by thread main]. Lock Name = CLOUD_PROVIDER_LOCK. Threads that may be waiting to acquire this lock = []
06-02 06:33:17.755  1458  1458 D CloseableReentrantLock: Successfully released lock com.android.providers.media.photopicker.sync.CloseableReentrantLock@2edef11[Unlocked]. Lock Name = CLOUD_PROVIDER_LOCK. Threads that may be waiting to acquire this lock = []
06-02 06:33:17.759  1374  1374 D ActivityThread: Package [com.aistudio.ereader.xynk] reported as REPLACED, but missing application info. Assuming REMOVED.
06-02 06:33:17.768  1374  1374 D ActivityThread: Package [com.aistudio.ereader.xynk] reported as REPLACED, but missing application info. Assuming REMOVED.
06-02 06:33:17.778   688  1513 I system_server: AssetManager2(0x7bbe4248d7b8) locale list changing from [] to [en-US]
06-02 06:33:17.789  1374  1374 I SafetyLabelChangedBroadcastReceiver: received broadcast packageName: com.aistudio.ereader.xynk, current user: UserHandle{0}, packageChangeEvent: UPDATE, intent user: UserHandle{0}
06-02 06:33:17.848   688   725 W ProcessStats: Tracking association SourceState{6f545d0 com.google.android.apps.nexuslauncher/10182 BTop #7732} whose proc state 2 is better than process ProcessState{fc8ba0c com.google.android.apps.wellbeing/10147 pkg=com.google.android.apps.wellbeing} proc state 15 (0 skipped)
06-02 06:33:17.852   688   811 V AccessibilityManagerService: onUserStateChangedLocked for userId: 0, forceUpdate: false
06-02 06:33:17.857  3167 20743 I Finsky:background: [180] Wrote row to frosting DB: 2592
06-02 06:33:17.859   688   811 W MagnificationConnectionManager: requestConnection duplicated request: connect=false, mConnectionState=DISCONNECTED
06-02 06:33:17.861   688   688 W IPCThreadState: Sending oneway calls to frozen process.
06-02 06:33:17.889   688   688 W IPCThreadState: Sending oneway calls to frozen process.
06-02 06:33:17.891   688   688 W IPCThreadState: Sending oneway calls to frozen process.
06-02 06:33:17.892   688   688 W IPCThreadState: Sending oneway calls to frozen process.
06-02 06:33:17.940  1374  1576 D AccessibilitySourceService: enabled a11y services count 0
06-02 06:33:17.941   688   811 V AccessibilityManagerService: onUserStateChangedLocked for userId: 0, forceUpdate: false
06-02 06:33:17.945  1374  1576 D AccessibilitySourceService: a11y source sending 0 issue to sc
06-02 06:33:17.949  1084  1084 D RecentsView: onTaskRemoved: 189, not handling task stack changes
06-02 06:33:17.960   688   811 W MagnificationConnectionManager: requestConnection duplicated request: connect=false, mConnectionState=DISCONNECTED
06-02 06:33:17.961   688   688 W IPCThreadState: Sending oneway calls to frozen process.
06-02 06:33:17.961   688   688 W IPCThreadState: Sending oneway calls to frozen process.
06-02 06:33:17.961   688   688 W IPCThreadState: Sending oneway calls to frozen process.
06-02 06:33:17.961   688   688 W IPCThreadState: Sending oneway calls to frozen process.
06-02 06:33:17.966   688  1745 D SafetySourceDataValidat: No cert check requested for package com.google.android.permissioncontroller
06-02 06:33:17.969  1084  1084 D RecentsView: onTaskRemoved: 189, not handling task stack changes
06-02 06:33:18.000  1474  2141 I AiAiEcho: Settings changed for uri: content://settings/secure/accessibility_enabled
06-02 06:33:18.003  1474  1863 I AiAiEcho: Predicting[0]:  [CONTEXT sampling_count=5 ]
06-02 06:33:18.004  1474  1863 I AiAiEcho: EchoTargets: 
06-02 06:33:18.004  1474  1863 I AiAiEcho: Filtered by AiAi flag check: 
06-02 06:33:18.004  1474  1863 I AiAiEcho: [CONTEXT ratelimit_period="10 SECONDS" ]
06-02 06:33:18.004  1474  1863 I AiAiEcho: #remoteViewsTwiddler: feature disabled.
06-02 06:33:18.005  1474  1863 I AiAiEcho: Predicting[0]:  [CONTEXT sampling_count=5 ]
06-02 06:33:18.005  1474  1863 I AiAiEcho: EchoTargets: 
06-02 06:33:18.005  1474  1863 I AiAiEcho: Filtered by AiAi flag check: 
06-02 06:33:18.005  1474  1863 I AiAiEcho: [CONTEXT ratelimit_period="10 SECONDS" ]
06-02 06:33:18.005  1474  1863 I AiAiEcho: #remoteViewsTwiddler: feature disabled.
06-02 06:33:18.005  3167 20743 I Finsky:background: [180] Wrote row to frosting DB: 2593
06-02 06:33:18.006  1474  1863 I AiAiEcho: #postPredictionTargets: Sending updates to UISurface home with targets# 0 (types=[])
06-02 06:33:18.007  1474  1863 I AiAiEcho: #postPredictionTargets: Sending updates to UISurface lockscreen with targets# 0 (types=[])
06-02 06:33:18.009   688   898 D BackgroundInstallControlService: Package event received: 0
06-02 06:33:18.009   688   898 D BackgroundInstallControlService: Package event received: 0
06-02 06:33:18.018  1084  1084 D SsBaseTemplateCard: No text view can be set up
06-02 06:33:18.018  1084  1084 D SsBaseTemplateCard: Passed-in item info is null
06-02 06:33:18.018  1084  1084 D SsBaseTemplateCard: Passed-in item info is null
06-02 06:33:18.018  1084  1084 D SsBaseTemplateCard: Passed-in item info is null
06-02 06:33:18.018  1084  1084 I SsBaseTemplateCard: Secondary card pane is null
06-02 06:33:18.042  3167  3167 I Finsky:background: [2] ajwj - Received: android.intent.action.PACKAGE_ADDED, [VnSdAoRqS0Csie51y2fWaADrFJpr7JWvD05KPu_jrLA]
06-02 06:33:18.054   688   715 W ActivityTaskManager: callingPackage for (uid=2000, pid=20748) has no WPC
06-02 06:33:18.063   948   948 W PageIndicator: Total number of pages invalid: 0. Assuming 1 page.
06-02 06:33:18.064   688  1723 W AppOpService: Ignored setUidMode call for runtime permission app op: uid = 1001, code = READ_SMS, mode = allow, callingUid = 1001, oldMode = allow
06-02 06:33:18.065   688  1725 W AppOpService: Ignored setUidMode call for runtime permission app op: uid = 1001, code = RECEIVE_SMS, mode = allow, callingUid = 1001, oldMode = allow
06-02 06:33:18.065   688  1725 W AppOpService: Ignored setUidMode call for runtime permission app op: uid = 1001, code = RECEIVE_WAP_PUSH, mode = allow, callingUid = 1001, oldMode = allow
06-02 06:33:18.066   688  1725 W AppOpService: Ignored setUidMode call for runtime permission app op: uid = 1001, code = SEND_SMS, mode = allow, callingUid = 1001, oldMode = allow
06-02 06:33:18.066   688  1725 W AppOpService: Ignored setUidMode call for runtime permission app op: uid = 1001, code = READ_CELL_BROADCASTS, mode = allow, callingUid = 1001, oldMode = allow
06-02 06:33:18.105  3167  3248 I Finsky:background: [52] IQ:PSL: skipping onPackageRemoved(replacing=true) for untracked package=com.aistudio.ereader.xynk
06-02 06:33:18.130  3167 20743 I Finsky:background: [180] Wrote row to frosting DB: 2594
06-02 06:33:18.147   688   715 V GrammaticalInflectionUtils: AttributionSource: android.content.AttributionSource@cd4b66e0 does not have READ_SYSTEM_GRAMMATICAL_GENDER permission.
06-02 06:33:18.155   688   715 W OptProp : Cannot read opt property android.window.PROPERTY_COMPAT_ALLOW_USER_ASPECT_RATIO_OVERRIDE
06-02 06:33:18.157   688   715 W OptProp : Cannot read opt property android.window.PROPERTY_COMPAT_ALLOW_USER_ASPECT_RATIO_FULLSCREEN_OVERRIDE
06-02 06:33:18.168   688   715 W OptProp : Cannot read opt property android.window.PROPERTY_COMPAT_ALLOW_RESIZEABLE_ACTIVITY_OVERRIDES
06-02 06:33:18.169  3131 20753 I Finsky  : [318] SCH: Received scheduling request: Id: 12-1, Constraints: [{ L: 15000, D: 86400000, C: CHARGING_NONE, I: IDLE_NONE, N: NET_ANY, B: BATTERY_ANY }]
06-02 06:33:18.172   688   715 W OptProp : Cannot read opt property android.window.PROPERTY_COMPAT_ALLOW_MIN_ASPECT_RATIO_OVERRIDE
06-02 06:33:18.173  3167  3167 I Finsky:background: [2] ajwj - Received: android.intent.action.PACKAGE_ADDED, [VnSdAoRqS0Csie51y2fWaADrFJpr7JWvD05KPu_jrLA]
06-02 06:33:18.191  3167  3167 I Finsky:background: [2] ajwj - Deduping intent android.intent.action.PACKAGE_ADDED
06-02 06:33:18.203  3167  3167 I Finsky:background: [2] ajwj - Received: android.intent.action.PACKAGE_ADDED, [VnSdAoRqS0Csie51y2fWaADrFJpr7JWvD05KPu_jrLA]
06-02 06:33:18.216   560   642 I BpBinder: onLastStrongRef automatically unlinking death recipients: 
06-02 06:33:18.217  3167 20743 I Finsky:background: [180] Wrote row to frosting DB: 2595
06-02 06:33:18.234   948   957 W System  : A resource failed to call release. 
06-02 06:33:18.234   948   957 W System  : A resource failed to call release. 
06-02 06:33:18.234   948   957 W System  : A resource failed to call release. 
06-02 06:33:18.234   948   957 W System  : A resource failed to call release. 
06-02 06:33:18.234   688   715 W OptProp : Cannot read opt property android.window.PROPERTY_COMPAT_ALLOW_ORIENTATION_OVERRIDE
06-02 06:33:18.234   948   957 W System  : A resource failed to call release. 
06-02 06:33:18.234   948   957 W System  : A resource failed to call release. 
06-02 06:33:18.234   948   957 W System  : A resource failed to call release. 
06-02 06:33:18.235   948   957 W System  : A resource failed to call release. 
06-02 06:33:18.235   948   957 W System  : A resource failed to call release. 
06-02 06:33:18.272  3131  3131 I Finsky  : [2] ajwt - Received: android.intent.action.PACKAGE_ADDED, [VnSdAoRqS0Csie51y2fWaADrFJpr7JWvD05KPu_jrLA]
06-02 06:33:18.278  3167  3167 I Finsky:background: [2] ajwj - Deduping intent android.intent.action.PACKAGE_ADDED
06-02 06:33:18.300  3167  3249 I Finsky:background: [53] RECEIVER_PACKAGE_MONITOR_BACKGROUND#logWorkEndAndFinishGoAsync: SUCCESS
06-02 06:33:18.308   948  1081 I ndroid.systemui: AssetManager2(0x7bbe42470f78) locale list changing from [] to [en-US]
06-02 06:33:18.312   688  1723 D CompatChangeReporter: Compat change id reported: 377864165; UID 10225; state: ENABLED
06-02 06:33:18.326   688  1730 W AppOpService: Ignored setUidMode call for runtime permission app op: uid = 1001, code = READ_SMS, mode = allow, callingUid = 1001, oldMode = allow
06-02 06:33:18.344   688  1723 W AppOpService: Ignored setUidMode call for runtime permission app op: uid = 1001, code = RECEIVE_SMS, mode = allow, callingUid = 1001, oldMode = allow
06-02 06:33:18.355   688  1749 W AppOpService: Ignored setUidMode call for runtime permission app op: uid = 1001, code = RECEIVE_WAP_PUSH, mode = allow, callingUid = 1001, oldMode = allow
06-02 06:33:18.357   688  1749 W AppOpService: Ignored setUidMode call for runtime permission app op: uid = 1001, code = SEND_SMS, mode = allow, callingUid = 1001, oldMode = allow
06-02 06:33:18.365   688  1723 W AppOpService: Ignored setUidMode call for runtime permission app op: uid = 1001, code = READ_CELL_BROADCASTS, mode = allow, callingUid = 1001, oldMode = allow
06-02 06:33:18.371   688   715 I ActivityTaskManager: START u0 {flg=0x10000000 xflg=0x5 cmp=com.aistudio.ereader.xynk/com.example.MainActivity} with LAUNCH_MULTIPLE from uid 2000 (BAL_ALLOW_PERMISSION) result code=0
06-02 06:33:18.376  3167 20743 I Finsky:background: [180] Wrote row to frosting DB: 2596
06-02 06:33:18.381   948   991 V WindowManagerShell: Transition requested (#75): android.os.BinderProxy@9534766 TransitionRequestInfo { type = OPEN, triggerTask = TaskInfo{userId=0 taskId=190 effectiveUid=10225 displayId=0 isRunning=true baseIntent=Intent { flg=0x10000000 cmp=com.aistudio.ereader.xynk/com.example.MainActivity } baseActivity=ComponentInfo{com.aistudio.ereader.xynk/com.example.MainActivity} topActivity=ComponentInfo{com.aistudio.ereader.xynk/com.example.MainActivity} origActivity=null realActivity=ComponentInfo{com.aistudio.ereader.xynk/com.example.MainActivity} numActivities=1 lastActiveTime=29386046 supportsMultiWindow=true resizeMode=1 isResizeable=true minWidth=-1 minHeight=-1 defaultMinSize=220 token=WCT{android.window.IWindowContainerToken$Stub$Proxy@71aaaa7} topActivityType=1 pictureInPictureParams=null shouldDockBigOverlays=false launchIntoPipHostTaskId=-1 lastParentTaskIdBeforePip=-1 displayCutoutSafeInsets=Rect(0, 128 - 0, 0) topActivityInfo=ActivityInfo{a83bb54 com.example.MainActivity} launchCookies=[] positionInParent=Point(0, 0) parentTaskId=-1 isFocused=false isVisible=false isVisibleRequested=false isTopActivityNoDisplay=false isSleeping=false locusId=null displayAreaFeatureId=1 isTopActivityTransparent=false isActivityStackTransparent=false lastNonFullscreenBounds=Rect(276, 692 - 804, 1772) capturedLink=null capturedLinkTimestamp=0 requestedVisibleTypes=-9 topActivityRequestOpenInBrowserEducationTimestamp=0 appCompatTaskInfo=AppCompatTaskInfo { topActivityInSizeCompat=false eligibleForLetterboxEducation= false isLetterboxEducationEnabled= true isLetterboxDoubleTapEnabled= false eligibleForUserAspectRatioButton= false topActivityBoundsLetterboxed= false isFromLetterboxDoubleTap= false topActivityLetterboxVerticalPosition= -1 topActivityLetterboxHorizontalPosition= -1 topActivityLetterboxWidth=-1 topActivityLetterboxHeight=-1 topActivityAppBounds=Rect(0, 0 - 1080, 2400) isUserFullscreenOverrideEnabled=false isSystemFullscreenOverrideEnabled=false hasMinAspectRatioOverride=false topActivityLetterboxBounds=null cameraCompatTaskInfo=CameraCompatTaskInfo { freeformCameraCompatMode=inactive}} topActivityMainWindowFrame=null}, pipChange = null, remoteTransition = null, displayChange = null, flags = 0, debugId = 75 }
06-02 06:33:18.403   948   991 D ShellSplitScreen: logExit: no-op, mLoggerSessionId is null
06-02 06:33:18.413  1084  1084 W SplitSelectStateCtor: Missing session instanceIds
06-02 06:33:18.414  1084  1084 D StatsLog: LAUNCHER_SPLIT_SELECTION_EXIT_INTERRUPTED
06-02 06:33:18.433   948   991 D WindowManagerShell: setLauncherKeepClearAreaHeight: visible=false, height=527
06-02 06:33:18.433   560   560 I BpBinder: onLastStrongRef automatically unlinking death recipients: 
06-02 06:33:18.459  3131 20753 I Finsky  : [318] SCH: Received scheduling request: Id: 12-1, Constraints: [{ L: 15000, D: 86400000, C: CHARGING_NONE, I: IDLE_NONE, N: NET_ANY, B: BATTERY_ANY }]
06-02 06:33:18.479  3167 20743 I Finsky:background: [180] Wrote row to frosting DB: 2597
06-02 06:33:18.488  1069  1251 D ImsResolver: maybeAddedImsService, packageName: com.aistudio.ereader.xynk
06-02 06:33:18.494  1069  1251 V ImsResolver: searchForImsServices: package=com.aistudio.ereader.xynk, users=[UserHandle{0}]
06-02 06:33:18.498  1069  1251 V ImsResolver: searchForImsServices: package=com.aistudio.ereader.xynk, users=[UserHandle{0}]
06-02 06:33:18.542  3131  3131 I Finsky  : [2] DTU: Received onPackageAdded, replacing: true
06-02 06:33:18.610  1069  1069 W VvmPkgInstalledRcvr: carrierVvmPkgAdded: carrier vvm packages doesn't contain com.aistudio.ereader.xynk
06-02 06:33:18.640  1069  1069 D ActivityThread: Package [com.aistudio.ereader.xynk] reported as REPLACED, but missing application info. Assuming REMOVED.
06-02 06:33:18.640  1069  1069 D ActivityThread: Package [com.aistudio.ereader.xynk] reported as REPLACED, but missing application info. Assuming REMOVED.
06-02 06:33:18.652   688   924 W Looper  : Slow dispatch took 955ms android.perm app=system_server main=false group=FOREGROUND h=android.os.Handler c=com.android.internal.infra.ServiceConnector$Impl$$ExternalSyntheticLambda2@66f559b m=0
06-02 06:33:18.719   688  1745 D ActivityManager: sync unfroze 1600 com.google.android.gms for 6
06-02 06:33:18.760   688   688 W Looper  : Slow dispatch took 628ms main app=system_server main=true group=FOREGROUND h=com.android.server.notification.NotificationManagerService$WorkerHandler c=com.android.server.notification.NotificationManagerService$CancelNotificationRunnable@cb50d4d m=0
06-02 06:33:18.764   688   688 W Looper  : Slow delivery took 450ms main app=system_server main=true group=FOREGROUND h=com.android.server.power.Notifier$NotifierHandler c=null m=7
06-02 06:33:18.817   948  1398 V WindowManagerShell: onTransitionReady(transaction=2954937504554)
06-02 06:33:18.822   688   722 V WindowManager: Sent Transition (#75) createdAt=06-02 06:33:18.190 via request=TransitionRequestInfo { type = OPEN, triggerTask = TaskInfo{userId=0 taskId=190 effectiveUid=10225 displayId=0 isRunning=true baseIntent=Intent { flg=0x10000000 cmp=com.aistudio.ereader.xynk/com.example.MainActivity } baseActivity=ComponentInfo{com.aistudio.ereader.xynk/com.example.MainActivity} topActivity=ComponentInfo{com.aistudio.ereader.xynk/com.example.MainActivity} origActivity=null realActivity=ComponentInfo{com.aistudio.ereader.xynk/com.example.MainActivity} numActivities=1 lastActiveTime=29386046 supportsMultiWindow=true resizeMode=1 isResizeable=true minWidth=-1 minHeight=-1 defaultMinSize=220 token=WCT{RemoteToken{8e00468 Task{6e38e18 #190 type=standard A=10225:com.aistudio.ereader.xynk}}} topActivityType=1 pictureInPictureParams=null shouldDockBigOverlays=false launchIntoPipHostTaskId=-1 lastParentTaskIdBeforePip=-1 displayCutoutSafeInsets=Rect(0, 128 - 0, 0) topActivityInfo=ActivityInfo{929c081 com.example.MainActivity} launchCookies=[] positionInParent=Point(0, 0) parentTaskId=-1 isFocused=false isVisible=false isVisibleRequested=false isTopActivityNoDisplay=false isSleeping=false locusId=null displayAreaFeatureId=1 isTopActivityTransparent=false isActivityStackTransparent=false lastNonFullscreenBounds=Rect(276, 692 - 804, 1772) capturedLink=null capturedLinkTimestamp=0 requestedVisibleTypes=-9 topActivityRequestOpenInBrowserEducationTimestamp=0 appCompatTaskInfo=AppCompatTaskInfo { topActivityInSizeCompat=false eligibleForLetterboxEducation= false isLetterboxEducationEnabled= true isLetterboxDoubleTapEnabled= false eligibleForUserAspectRatioButton= false topActivityBoundsLetterboxed= false isFromLetterboxDoubleTap= false topActivityLetterboxVerticalPosition= -1 topActivityLetterboxHorizontalPosition= -1 topActivityLetterboxWidth=-1 topActivityLetterboxHeight=-1 topActivityAppBounds=Rect(0, 0 - 1080, 2400) isUserFullscreenOverrideEnabled=false isSystemFullscreenOverrideEnabled=false hasMinAspectRatioOverride=false topActivityLetterboxBounds=null cameraCompatTaskInfo=CameraCompatTaskInfo { freeformCameraCompatMode=inactive}} topActivityMainWindowFrame=null}, pipChange = null, remoteTransition = null, displayChange = null, flags = 0, debugId = 75 }
06-02 06:33:18.822   688   722 V WindowManager:     startWCT=WindowContainerTransaction { changes= {} hops= [] errorCallbackToken=null taskFragmentOrganizer=null }
06-02 06:33:18.822   688   722 V WindowManager:     info={id=75 t=OPEN f=0x0 trk=0 r=[0@Point(0, 0)] c=[
06-02 06:33:18.822   688   722 V WindowManager:         {WCT{RemoteToken{8e00468 Task{6e38e18 #190 type=standard A=10225:com.aistudio.ereader.xynk}}} m=OPEN f=NONE leash=Surface(name=Task=190)/@0x7641b50 sb=Rect(0, 0 - 1080, 2400) eb=Rect(0, 0 - 1080, 2400) epz=Point(1080, 2400) d=0 taskParent=-1},
06-02 06:33:18.822   688   722 V WindowManager:         {WCT{RemoteToken{5bab9fa Task{d96d4d8 #1 type=home}}} m=TO_BACK f=SHOW_WALLPAPER leash=Surface(name=Task=1)/@0x2527a97 sb=Rect(0, 0 - 1080, 2400) eb=Rect(0, 0 - 1080, 2400) epz=Point(1080, 2400) d=0 taskParent=-1},
06-02 06:33:18.822   688   722 V WindowManager:         {m=TO_BACK f=IS_WALLPAPER leash=Surface(name=WallpaperWindowToken{26bd32e showWhenLocked=false})/@0x6a9a116 sb=Rect(0, 0 - 1080, 2400) eb=Rect(0, 0 - 1080, 2400) epz=Point(1080, 2400) d=0}
06-02 06:33:18.822   688   722 V WindowManager:     ]}
06-02 06:33:18.835   948   991 V WindowManagerShell: onTransitionReady (#75) android.os.BinderProxy@9534766: {id=75 t=OPEN f=0x0 trk=0 r=[0@Point(0, 0)] c=[
06-02 06:33:18.835   948   991 V WindowManagerShell:         {m=OPEN f=NONE leash=Surface(name=Task=190)/@0xc0d1cb5 sb=Rect(0, 0 - 1080, 2400) eb=Rect(0, 0 - 1080, 2400) epz=Point(1080, 2400) d=0 taskParent=-1},
06-02 06:33:18.835   948   991 V WindowManagerShell:         {m=TO_BACK f=SHOW_WALLPAPER leash=Surface(name=Task=1)/@0x9528f4a sb=Rect(0, 0 - 1080, 2400) eb=Rect(0, 0 - 1080, 2400) epz=Point(1080, 2400) d=0 taskParent=-1},
06-02 06:33:18.835   948   991 V WindowManagerShell:         {m=TO_BACK f=IS_WALLPAPER leash=Surface(name=WallpaperWindowToken{26bd32e showWhenLocked=false})/@0xd0bbebb sb=Rect(0, 0 - 1080, 2400) eb=Rect(0, 0 - 1080, 2400) epz=Point(1080, 2400) d=0}
06-02 06:33:18.835   948   991 V WindowManagerShell:     ]}
06-02 06:33:18.836   948   991 V WindowManagerShell: Playing animation for (#75) android.os.BinderProxy@9534766@0
06-02 06:33:18.836   948   991 V ShellRecents: RecentsTransitionHandler.startAnimation: no controller found
06-02 06:33:18.836   948   991 V WindowManagerShell: Transition doesn't have explicit remote, search filters for match for {id=75 t=OPEN f=0x0 trk=0 r=[0@Point(0, 0)] c=[{m=OPEN f=NONE leash=Surface(name=Task=190)/@0xc0d1cb5 sb=Rect(0, 0 - 1080, 2400) eb=Rect(0, 0 - 1080, 2400) epz=Point(1080, 2400) d=0 taskParent=-1},{m=TO_BACK f=SHOW_WALLPAPER leash=Surface(name=Task=1)/@0x9528f4a sb=Rect(0, 0 - 1080, 2400) eb=Rect(0, 0 - 1080, 2400) epz=Point(1080, 2400) d=0 taskParent=-1},{m=TO_BACK f=IS_WALLPAPER leash=Surface(name=WallpaperWindowToken{26bd32e showWhenLocked=false})/@0xd0bbebb sb=Rect(0, 0 - 1080, 2400) eb=Rect(0, 0 - 1080, 2400) epz=Point(1080, 2400) d=0}]}
06-02 06:33:18.845   948   991 V WindowManagerShell:  Checking filter Pair{{types=[] flags=0x0] notFlags=0x0 checks=[{atype=undefined independent=true modes=[CLOSE,TO_BACK] flags=IN_TASK_WITH_EMBEDDED_ACTIVITY mustBeTask=false order=ANY topActivity=null launchCookie=null taskFragmentToken=android.os.BinderProxy@54ecf4c windowingMode=undefined}]} RemoteTransition { remoteTransition = android.window.IRemoteTransition$Stub$Proxy@67f9b95, appThread = android.app.IApplicationThread$Stub$Proxy@ffad4aa, debugName = overlayBackTransition }}
06-02 06:33:18.846   948   991 V WindowManagerShell:  Checking filter Pair{{types=[] flags=0x0] notFlags=0x0 checks=[{atype=dream independent=true modes=[OPEN,TO_FRONT] flags=NONE mustBeTask=false order=ANY topActivity=null launchCookie=null windowingMode=undefined},{atype=home independent=true modes=[CLOSE,TO_BACK] flags=NONE mustBeTask=false order=ANY topActivity=null launchCookie=null windowingMode=undefined}]} RemoteTransition { remoteTransition = android.window.IRemoteTransition$Stub$Proxy@14889b, appThread = android.app.IApplicationThread$Stub$Proxy@d3f9438, debugName = LauncherToDream }}
06-02 06:33:18.846   948   991 V WindowManagerShell:  Checking filter Pair{{types=[] flags=0x0] notFlags=0x100 checks=[{atype=home independent=true modes=[OPEN,TO_FRONT] flags=NONE mustBeTask=false order=TOP topActivity=ComponentInfo{com.google.android.apps.nexuslauncher/com.google.android.apps.nexuslauncher.NexusLauncherActivity} launchCookie=null windowingMode=undefined},{atype=standard independent=true modes=[CLOSE,TO_BACK] flags=NONE mustBeTask=false order=ANY topActivity=null launchCookie=null windowingMode=undefined},{NOT atype=undefined independent=true modes=[] flags=NONE mustBeTask=true order=ANY topActivity=null launchCookie=null customAnim=true windowingMode=undefined}]} RemoteTransition { remoteTransition = android.window.IRemoteTransition$Stub$Proxy@e8b5c11, appThread = android.app.IApplicationThread$Stub$Proxy@d899176, debugName = QuickstepLaunchHome }}
06-02 06:33:18.846   948   991 V WindowManagerShell:  Delegate animation for (#75) to null
06-02 06:33:18.846   948   991 V WindowManagerShell: start default transition animation, info = {id=75 t=OPEN f=0x0 trk=0 r=[0@Point(0, 0)] c=[{m=OPEN f=NONE leash=Surface(name=Task=190)/@0xc0d1cb5 sb=Rect(0, 0 - 1080, 2400) eb=Rect(0, 0 - 1080, 2400) epz=Point(1080, 2400) d=0 taskParent=-1},{m=TO_BACK f=SHOW_WALLPAPER leash=Surface(name=Task=1)/@0x9528f4a sb=Rect(0, 0 - 1080, 2400) eb=Rect(0, 0 - 1080, 2400) epz=Point(1080, 2400) d=0 taskParent=-1},{m=TO_BACK f=IS_WALLPAPER leash=Surface(name=WallpaperWindowToken{26bd32e showWhenLocked=false})/@0xd0bbebb sb=Rect(0, 0 - 1080, 2400) eb=Rect(0, 0 - 1080, 2400) epz=Point(1080, 2400) d=0}]}
06-02 06:33:18.857   948   991 V WindowManagerShell: loadAnimation: anim=android.view.animation.AnimationSet@a112d6d animAttr=0x13 type=OPEN isEntrance=false
06-02 06:33:18.860   948   991 V WindowManagerShell: loadAnimation: anim=android.view.animation.AnimationSet@be51f0 animAttr=0x12 type=OPEN isEntrance=true
06-02 06:33:18.862   948   991 V WindowManagerShell:  animated by com.android.wm.shell.transition.DefaultTransitionHandler@b7cc292
06-02 06:33:18.865   688   725 V GrammaticalInflectionUtils: AttributionSource: android.content.AttributionSource@cd4b66e0 does not have READ_SYSTEM_GRAMMATICAL_GENDER permission.
06-02 06:33:18.866   688  1761 V SafetySourceDataValidat: Package: com.android.vending has expected signature
06-02 06:33:18.866   688  1761 V SafetySourceDataValidat: Package: com.android.vending has expected signature
06-02 06:33:18.918   688   688 W Looper  : Drained
06-02 06:33:18.919  3131  3131 I Finsky  : [2] ajwt - Received: android.intent.action.PACKAGE_ADDED, [VnSdAoRqS0Csie51y2fWaADrFJpr7JWvD05KPu_jrLA]
06-02 06:33:18.925   611 17022 W IPCThreadState: Sending oneway calls to frozen process.
06-02 06:33:18.925   611 17022 W IPCThreadState: Sending oneway calls to frozen process.
06-02 06:33:18.931  1069  1069 D SatelliteController: packageStateChanged: package:com.aistudio.ereader.xynk DefaultSmsPackageName:com.google.android.apps.messaging
06-02 06:33:18.932  1069  1069 V SatelliteController: Neither SMS or SatelliteGateway package
06-02 06:33:18.932  1069  1255 D SatelliteController: iisInCarrierRoamingNbIotNtn: satellite is disabled
06-02 06:33:18.932  1374  5887 I PermissionControllerServiceImpl: Updating user sensitive for uid 10225
06-02 06:33:18.934   688  1754 W IPCThreadState: Sending oneway calls to frozen process.
06-02 06:33:18.936  1600  1600 D ActivityThread: Package [com.aistudio.ereader.xynk] reported as REPLACED, but missing application info. Assuming REMOVED.
06-02 06:33:18.937  1600  1600 D ActivityThread: Package [com.aistudio.ereader.xynk] reported as REPLACED, but missing application info. Assuming REMOVED.
06-02 06:33:18.946   486   486 D Zygote  : Forked child process 20761
06-02 06:33:18.959   688   732 W ActivityManager: Slow operation: 94ms so far, now at startProcess: returned from zygote!
06-02 06:33:18.963  3131  3131 I Finsky  : [2] ajwt - Deduping intent android.intent.action.PACKAGE_ADDED
06-02 06:33:18.964   688   898 D BackgroundInstallControlService: Package event received: 0
06-02 06:33:18.982 20761 20761 I io.ereader.xynk: Late-enabling -Xcheck:jni
06-02 06:33:18.991  3131  3131 I Finsky  : [2] ajwt - Received: android.intent.action.PACKAGE_ADDED, [VnSdAoRqS0Csie51y2fWaADrFJpr7JWvD05KPu_jrLA]
06-02 06:33:19.025  3131  3131 I Finsky  : [2] ajwt - Deduping intent android.intent.action.PACKAGE_ADDED
06-02 06:33:19.033 20761 20761 I io.ereader.xynk: Using CollectorTypeCMC GC.
06-02 06:33:19.035 20761 20761 W io.ereader.xynk: Unexpected CPU variant for x86: x86_64.
06-02 06:33:19.035 20761 20761 W io.ereader.xynk: Known variants: atom, sandybridge, silvermont, goldmont, goldmont-plus, goldmont-without-sha-xsaves, tremont, kabylake, alderlake, default
06-02 06:33:19.041  3131  3198 I Finsky  : [43] RECEIVER_PACKAGE_MONITOR#logWorkEndAndFinishGoAsync: SUCCESS
06-02 06:33:19.076   568   587 I adbd    : jdwp connection from 20761
06-02 06:33:19.164   688   732 W ActivityManager: Slow operation: 300ms so far, now at startProcess: done updating battery stats
06-02 06:33:19.166   688   732 W ActivityManager: Slow operation: 301ms so far, now at startProcess: building log message
06-02 06:33:19.166   688   732 I ActivityManager: Start proc 20761:com.aistudio.ereader.xynk/u0a225 for next-top-activity {com.aistudio.ereader.xynk/com.example.MainActivity}
06-02 06:33:19.166   688   732 W ActivityManager: Slow operation: 301ms so far, now at startProcess: starting to update pids map
06-02 06:33:19.172   688   732 I ActivityManager: ProcessObserver broadcast disabled
06-02 06:33:19.173   688   732 W ActivityManager: Slow operation: 308ms so far, now at startProcess: done updating pids map
06-02 06:33:19.189  3131  3131 I Finsky  : [2] Memory trim requested to level 40
06-02 06:33:19.189  3131  3131 I Finsky  : [2] Flushing in-memory image cache
06-02 06:33:19.193  3167  3167 I Finsky:background: [2] Memory trim requested to level 40
06-02 06:33:19.214   688  1725 W ActivityTaskManager: takeTaskSnapshot: taskId=135 not found or not visible
06-02 06:33:19.243 20761 20761 D nativeloader: Load libframework-connectivity-tiramisu-jni.so using APEX ns com_android_tethering for caller /apex/com.android.tethering/javalib/framework-connectivity-t.jar: ok
06-02 06:33:19.258   948   991 V WindowManagerShell: Transition animation finished (aborted=false), notifying core (#75) android.os.BinderProxy@9534766@0
06-02 06:33:19.268   688   722 V WindowManager: Finish Transition (#75): created at 06-02 06:33:18.190 collect-started=0.139ms request-sent=180.506ms started=238.072ms ready=613.384ms sent=619.404ms commit=61.947ms finished=1077.976ms
06-02 06:33:19.279  1084  1084 D VRI[NexusLauncherActivity]: visibilityChanged oldVisibility=true newVisibility=false
06-02 06:33:19.282   948   991 V WindowManagerShell: Track 0 became idle
06-02 06:33:19.282   948   991 V WindowManagerShell: All active transition animations finished
06-02 06:33:19.304  1084  1084 D NexusLauncherModelDelegate: notifySmartspaceEvent: SmartspaceTargetEvent{mSmartspaceTarget=null, mSmartspaceActionId='null', mEventType=7}
06-02 06:33:19.351   688   898 D BackgroundInstallControlService: Package event received: 0
06-02 06:33:19.357  3131  3202 I Finsky  : [46] WM::SCH: Logging work initialize for 12-1
06-02 06:33:19.440  3131  3204 I Finsky  : [48] WM::SCH: Logging work initialize for 12-1
06-02 06:33:19.466  3131  3238 I Finsky  : [59] SCH: Scheduling phonesky job Id: 12-1, CT: 1780356798173, Constraints: [{ L: 15000, D: 86400000, C: CHARGING_NONE, I: IDLE_NONE, N: NET_ANY, B: BATTERY_ANY }]
06-02 06:33:19.539  3131  3235 I Finsky  : [58] SCH: Scheduling 1 system job(s)
06-02 06:33:19.540  3131  3235 I Finsky  : [58] SCH: Scheduling system job Id: 9516, L: 13634, D: 81161287, C: false, I: false, N: 1
06-02 06:33:19.612  3131  3238 I Finsky  : [59] SCH: Scheduling phonesky job Id: 12-1, CT: 1780356798466, Constraints: [{ L: 15000, D: 86400000, C: CHARGING_NONE, I: IDLE_NONE, N: NET_ANY, B: BATTERY_ANY }]
06-02 06:33:19.613  3131  3203 I Finsky  : [47] [ContentSync] finished, scheduled=true
06-02 06:33:19.626  3131  3230 I Finsky  : [55] SCH: Scheduling 0 system job(s)
06-02 06:33:19.626  3131  3230 I Finsky  : [55] [ContentSync] finished, scheduled=true
06-02 06:33:19.676  1600 20791 I AppBackupStateCleanupIO: Backup state cleanup on uninstall is disabled. [CONTEXT service_id=229 ]
06-02 06:33:19.679  1600 20780 I PackageInstalledIntentO: Test flag v2 is disabled [CONTEXT service_id=469 ]
06-02 06:33:19.693  1279 20785 I Fitness : (REDACTED) FitCleanupIntentOperation received Intent %s
06-02 06:33:19.722  1279 20790 I ProximityAuth: [RecentAppsMediator] Package added: (user=UserHandle{0}) com.aistudio.ereader.xynk
06-02 06:33:19.725  1279 20790 I .gms.persistent: AssetManager2(0x7bbe42438218) locale list changing from [] to [en-US]
06-02 06:33:19.749  1600 20778 I gle.android.gms: AssetManager2(0x7bbe42432db8) locale list changing from [] to [en-US]
06-02 06:33:19.835  1600 20792 I Auth    : (REDACTED) [SupervisedAccountIntentOperation] onHandleIntent: %s
06-02 06:33:19.837  1600 20796 W AppInstallOperation: FDL Migration::InstallIntentOperation by FDL Module [CONTEXT service_id=77 ]
06-02 06:33:19.839  1600 20791 I PackageInstalledIntentO: Test flag v2 is disabled [CONTEXT service_id=469 ]
06-02 06:33:19.858  1600  1600 D BoundBrokerSvc: onBind: Intent { act=com.google.android.gms.common.BIND_SHARED_PREFS xflg=0x4 pkg=com.google.android.gms }
06-02 06:33:19.858  1600  1600 D BoundBrokerSvc: Loading bound service for intent: Intent { act=com.google.android.gms.common.BIND_SHARED_PREFS xflg=0x4 pkg=com.google.android.gms }
06-02 06:33:19.887  1279 20760 I FontLog : (REDACTED) Package %s has no metadata
06-02 06:33:19.888  1600 20797 W SQLiteLog: (28) double-quoted string literal: "com.aistudio.ereader.xynk"
06-02 06:33:19.890  1600 20792 I NearbyDiscovery: (REDACTED) processGrantSlicePermission: %s
06-02 06:33:19.961  1600 14986 I gle.android.gms: AssetManager2(0x7bbe42432a98) locale list changing from [] to [en-US]
06-02 06:33:20.042  1600  4262 I Icing   : IndexChimeraService.getServiceInterface callingPackage=com.google.android.gms componentName=AppsCorpus serviceId=36
06-02 06:33:20.071  1600  1600 D BoundBrokerSvc: onBind: Intent { act=com.google.android.gms.feedback.internal.IFeedbackService dat=chimera-action:/... xflg=0x4 cmp=com.google.android.gms/.chimera.GmsBoundBrokerService }
06-02 06:33:20.071  1600  1600 D BoundBrokerSvc: Loading bound service for intent: Intent { act=com.google.android.gms.feedback.internal.IFeedbackService dat=chimera-action:/... xflg=0x4 cmp=com.google.android.gms/.chimera.GmsBoundBrokerService }
06-02 06:33:20.084   688   898 D BackgroundInstallControlService: Package event received: 0
06-02 06:33:20.091   688   710 I system_server: Background concurrent mark compact GC freed 18MB AllocSpace bytes, 39(964KB) LOS objects, 39% free, 37MB/61MB, paused 3.531ms,6.918ms total 3.635s
06-02 06:33:20.107  1600  4261 I Icing   : IndexChimeraService.getServiceInterface callingPackage=com.google.android.gms componentName=null serviceId=30
06-02 06:33:20.121  1600 19821 I Icing   : Usage reports ok 1, Failed Usage reports 0, indexed 0, rejected 0
06-02 06:33:20.147   688   712 W System  : A resource failed to call close. 
06-02 06:33:20.171   688   712 W System  : A resource failed to call release. 
06-02 06:33:20.196  1600 19821 I Icing   : Usage reports ok 0, Failed Usage reports 0, indexed 0, rejected 0
06-02 06:33:20.246  1600 19821 I Icing   : Indexing com.google.android.gms-apps from com.google.android.gms
06-02 06:33:20.273   688  1751 W AppOps  : Noting op not finished: uid 10148 pkg com.google.android.gms code 79 startTime of in progress event=1780327490134
06-02 06:33:20.278   688  1751 W AppOps  : Noting op not finished: uid 10148 pkg com.google.android.gms code 113 startTime of in progress event=1780327462701
06-02 06:33:20.331 20761 20761 D nativeloader: Configuring clns-9 for other apk /data/app/~~TYWhks8lXAhHVO9GcFJrIg==/com.aistudio.ereader.xynk-lQGRBlRTw2Wvj9nQ0Je-Ug==/base.apk. target_sdk_version=36, uses_libraries=, library_path=/data/app/~~TYWhks8lXAhHVO9GcFJrIg==/com.aistudio.ereader.xynk-lQGRBlRTw2Wvj9nQ0Je-Ug==/lib/x86_64:/data/app/~~TYWhks8lXAhHVO9GcFJrIg==/com.aistudio.ereader.xynk-lQGRBlRTw2Wvj9nQ0Je-Ug==/base.apk!/lib/x86_64, permitted_path=/data:/mnt/expand:/data/user/0/com.aistudio.ereader.xynk
06-02 06:33:20.336 20761 20761 I io.ereader.xynk: AssetManager2(0x7bbe4242b6f8) locale list changing from [] to [en-US]
06-02 06:33:20.350 20761 20761 V GraphicsEnvironment: Currently set values for:
06-02 06:33:20.350 20761 20761 V GraphicsEnvironment:   angle_gl_driver_selection_pkgs=[]
06-02 06:33:20.350 20761 20761 V GraphicsEnvironment:   angle_gl_driver_selection_values=[]
06-02 06:33:20.350 20761 20761 V GraphicsEnvironment: com.aistudio.ereader.xynk is not listed in per-application setting
06-02 06:33:20.350 20761 20761 V GraphicsEnvironment: ANGLE allowlist from config: com.dreamgames.royalmatch com.dts.freefiremax com.dxx.firenow com.gramgames.mergedragons com.ludo.king com.mojang.minecraftpe com.my.defense com.nintendo.zaka com.os.airforce com.playrix.fishdomdd.gplay io.teslatech.callbreak jp.konami.prospia net.peakgames.toonblast
06-02 06:33:20.350 20761 20761 V GraphicsEnvironment: com.aistudio.ereader.xynk is not listed in ANGLE allowlist or settings, returning default
06-02 06:33:20.350 20761 20761 V GraphicsEnvironment: Neither updatable production driver nor prerelease driver is supported.
06-02 06:33:20.362  1600 19821 I Icing   : Indexing done com.google.android.gms-apps
06-02 06:33:20.390  1279  1914 I ActivityScheduler: nextTriggerTime: 29626176, in 238100ms, detectorType: 39, FULL_TYPE alarmWindowMillis: 80000
06-02 06:33:20.466 20761 20761 D WM-WrkMgrInitializer: Initializing WorkManager with default configuration.
06-02 06:33:20.790 20761 20761 D WM-PackageManagerHelper: Skipping component enablement for androidx.work.impl.background.systemjob.SystemJobService
06-02 06:33:20.790 20761 20761 D WM-Schedulers: Created SystemJobScheduler and enabled SystemJobService
06-02 06:33:20.860  2063  2188 I .apps.wellbeing: AssetManager2(0x7bbe424459b8) locale list changing from [] to [en-US]
06-02 06:33:20.862  2063  2188 I .apps.wellbeing: AssetManager2(0x7bbe4244a7d8) locale list changing from [] to [en-US]
06-02 06:33:20.864  2063  2188 I .apps.wellbeing: AssetManager2(0x7bbe42448578) locale list changing from [] to [en-US]
06-02 06:33:20.865  2063  2188 I .apps.wellbeing: AssetManager2(0x7bbe42430518) locale list changing from [] to [en-US]
06-02 06:33:20.867  2063  2188 I .apps.wellbeing: AssetManager2(0x7bbe42449518) locale list changing from [] to [en-US]
06-02 06:33:20.871  2063  2188 I .apps.wellbeing: AssetManager2(0x7bbe4243fbf8) locale list changing from [] to [en-US]
06-02 06:33:20.887  2063  2188 I .apps.wellbeing: AssetManager2(0x7bbe4242a438) locale list changing from [] to [en-US]
06-02 06:33:20.891  2063  2188 I .apps.wellbeing: AssetManager2(0x7bbe42443a78) locale list changing from [] to [en-US]
06-02 06:33:20.894  2063  2188 I .apps.wellbeing: AssetManager2(0x7bbe42435c98) locale list changing from [] to [en-US]
06-02 06:33:20.896  2063  2188 I .apps.wellbeing: AssetManager2(0x7bbe424391b8) locale list changing from [] to [en-US]
06-02 06:33:20.915  2063  2188 I .apps.wellbeing: AssetManager2(0x7bbe4243a798) locale list changing from [] to [en-US]
06-02 06:33:20.917  2063  2188 I .apps.wellbeing: AssetManager2(0x7bbe4242bd38) locale list changing from [] to [en-US]
06-02 06:33:20.918  2063  2188 I .apps.wellbeing: AssetManager2(0x7bbe42437598) locale list changing from [] to [en-US]
06-02 06:33:20.920  2063  2188 I .apps.wellbeing: AssetManager2(0x7bbe42434078) locale list changing from [] to [en-US]
06-02 06:33:20.925  2063  2188 I .apps.wellbeing: AssetManager2(0x7bbe424333f8) locale list changing from [] to [en-US]
06-02 06:33:20.932  2063  2188 I .apps.wellbeing: AssetManager2(0x7bbe424397f8) locale list changing from [] to [en-US]
06-02 06:33:20.934  2063  2188 I .apps.wellbeing: AssetManager2(0x7bbe4243a478) locale list changing from [] to [en-US]
06-02 06:33:20.947  2063  2188 I .apps.wellbeing: AssetManager2(0x7bbe42435658) locale list changing from [] to [en-US]
06-02 06:33:20.949 20761 20809 D WM-ForceStopRunnable: The default process name was not specified.
06-02 06:33:20.956 20761 20809 D WM-ForceStopRunnable: Performing cleanup operations.
06-02 06:33:20.959  2063  2188 I .apps.wellbeing: AssetManager2(0x7bbe42432db8) locale list changing from [] to [en-US]
06-02 06:33:20.961  2063  2188 I .apps.wellbeing: AssetManager2(0x7bbe42433a38) locale list changing from [] to [en-US]
06-02 06:33:20.962  2063  2188 I .apps.wellbeing: AssetManager2(0x7bbe4242dc78) locale list changing from [] to [en-US]
06-02 06:33:20.965  2063  2188 I .apps.wellbeing: AssetManager2(0x7bbe42438858) locale list changing from [] to [en-US]
06-02 06:33:20.967  2063  2188 I .apps.wellbeing: AssetManager2(0x7bbe42425938) locale list changing from [] to [en-US]
06-02 06:33:20.969  2063  2188 I .apps.wellbeing: AssetManager2(0x7bbe4242c378) locale list changing from [] to [en-US]
06-02 06:33:20.972  2063  2188 I .apps.wellbeing: AssetManager2(0x7bbe4242d638) locale list changing from [] to [en-US]
06-02 06:33:20.973  2063  2188 I .apps.wellbeing: AssetManager2(0x7bbe42432a98) locale list changing from [] to [en-US]
06-02 06:33:20.977  2063  2188 I .apps.wellbeing: AssetManager2(0x7bbe4243a158) locale list changing from [] to [en-US]
06-02 06:33:20.979  2063  2188 I .apps.wellbeing: AssetManager2(0x7bbe42439e38) locale list changing from [] to [en-US]
06-02 06:33:20.979 20761 20809 E ashmem  : Pinning is deprecated since Android Q. Please use trim or other methods.
06-02 06:33:20.983  2063  2188 I .apps.wellbeing: AssetManager2(0x7bbe42459238) locale list changing from [] to [en-US]
06-02 06:33:21.002  2063  2188 I .apps.wellbeing: AssetManager2(0x7bbe42436c38) locale list changing from [] to [en-US]
06-02 06:33:21.003  2063  2188 I .apps.wellbeing: AssetManager2(0x7bbe42446c78) locale list changing from [] to [en-US]
06-02 06:33:21.007  2063  2188 I .apps.wellbeing: AssetManager2(0x7bbe4243ec58) locale list changing from [] to [en-US]
06-02 06:33:21.011  2063  2188 I .apps.wellbeing: AssetManager2(0x7bbe42442df8) locale list changing from [] to [en-US]
06-02 06:33:21.013  2063  2188 I .apps.wellbeing: AssetManager2(0x7bbe42443438) locale list changing from [] to [en-US]
06-02 06:33:21.019  2063  2188 I .apps.wellbeing: AssetManager2(0x7bbe424440b8) locale list changing from [] to [en-US]
06-02 06:33:21.024  2063  2188 I .apps.wellbeing: AssetManager2(0x7bbe4244bdb8) locale list changing from [] to [en-US]
06-02 06:33:21.025  2063  2188 I .apps.wellbeing: AssetManager2(0x7bbe42445378) locale list changing from [] to [en-US]
06-02 06:33:21.028  2063  2188 I .apps.wellbeing: AssetManager2(0x7bbe42448ed8) locale list changing from [] to [en-US]
06-02 06:33:21.033  2063  2188 I .apps.wellbeing: AssetManager2(0x7bbe424414f8) locale list changing from [] to [en-US]
06-02 06:33:21.036 20761 20809 D WM-SystemJobScheduler: Reconciling jobs
06-02 06:33:21.037  2063  2188 I .apps.wellbeing: AssetManager2(0x7bbe4244fc38) locale list changing from [] to [en-US]
06-02 06:33:21.042  2063  2188 I .apps.wellbeing: AssetManager2(0x7bbe42432138) locale list changing from [] to [en-US]
06-02 06:33:21.043  2063  2188 I .apps.wellbeing: AssetManager2(0x7bbe4242f578) locale list changing from [] to [en-US]
06-02 06:33:21.048  2063  2188 I .apps.wellbeing: AssetManager2(0x7bbe4244b458) locale list changing from [] to [en-US]
06-02 06:33:21.049  2063  2188 I .apps.wellbeing: AssetManager2(0x7bbe4244ca38) locale list changing from [] to [en-US]
06-02 06:33:21.051  2063  2188 I .apps.wellbeing: AssetManager2(0x7bbe4244e658) locale list changing from [] to [en-US]
06-02 06:33:21.053  2063  2188 I .apps.wellbeing: AssetManager2(0x7bbe4244e978) locale list changing from [] to [en-US]
06-02 06:33:21.055  2063  2188 I .apps.wellbeing: AssetManager2(0x7bbe4243c3b8) locale list changing from [] to [en-US]
06-02 06:33:21.062  2063  2188 I .apps.wellbeing: AssetManager2(0x7bbe4242ec18) locale list changing from [] to [en-US]
06-02 06:33:21.065  2063  2188 I .apps.wellbeing: AssetManager2(0x7bbe4244ff58) locale list changing from [] to [en-US]
06-02 06:33:21.080 20761 20809 D WM-ForceStopRunnable: Found unfinished work, scheduling it.
06-02 06:33:21.082  2063  2188 I .apps.wellbeing: AssetManager2(0x7bbe42441b38) locale list changing from [] to [en-US]
06-02 06:33:21.092  2063  2188 I .apps.wellbeing: AssetManager2(0x7bbe42441818) locale list changing from [] to [en-US]
06-02 06:33:21.094  2063  2188 I .apps.wellbeing: AssetManager2(0x7bbe42451858) locale list changing from [] to [en-US]
06-02 06:33:21.101  2063  2188 I .apps.wellbeing: AssetManager2(0x7bbe4244c0d8) locale list changing from [] to [en-US]
06-02 06:33:21.105  2063  2188 I .apps.wellbeing: AssetManager2(0x7bbe4243d358) locale list changing from [] to [en-US]
06-02 06:33:21.108  2063  2188 I .apps.wellbeing: AssetManager2(0x7bbe42450278) locale list changing from [] to [en-US]
06-02 06:33:21.110  2063  2188 I .apps.wellbeing: AssetManager2(0x7bbe424527f8) locale list changing from [] to [en-US]
06-02 06:33:21.120  2063  2188 I .apps.wellbeing: AssetManager2(0x7bbe42451858) locale list changing from [] to [en-US]
06-02 06:33:21.125  2063  2188 I .apps.wellbeing: AssetManager2(0x7bbe4244ff58) locale list changing from [] to [en-US]
06-02 06:33:21.127  2063  2188 I .apps.wellbeing: AssetManager2(0x7bbe4242ec18) locale list changing from [] to [en-US]
06-02 06:33:21.129  2063  2188 I .apps.wellbeing: AssetManager2(0x7bbe4243c3b8) locale list changing from [] to [en-US]
06-02 06:33:21.130  2063  2188 I .apps.wellbeing: AssetManager2(0x7bbe4244e658) locale list changing from [] to [en-US]
06-02 06:33:21.132  2063  2188 I .apps.wellbeing: AssetManager2(0x7bbe4244e978) locale list changing from [] to [en-US]
06-02 06:33:21.141  2063  2188 I .apps.wellbeing: AssetManager2(0x7bbe4244fc38) locale list changing from [] to [en-US]
06-02 06:33:21.145  2063  2188 I .apps.wellbeing: AssetManager2(0x7bbe4244ba98) locale list changing from [] to [en-US]
06-02 06:33:21.147  2063  2188 I .apps.wellbeing: AssetManager2(0x7bbe424414f8) locale list changing from [] to [en-US]
06-02 06:33:21.151  2063  2188 I .apps.wellbeing: AssetManager2(0x7bbe4243ef78) locale list changing from [] to [en-US]
06-02 06:33:21.155  2063  2188 I .apps.wellbeing: AssetManager2(0x7bbe42431198) locale list changing from [] to [en-US]
06-02 06:33:21.157  2063  2188 I .apps.wellbeing: AssetManager2(0x7bbe42448ed8) locale list changing from [] to [en-US]
06-02 06:33:21.159  2063  2188 I .apps.wellbeing: AssetManager2(0x7bbe42445378) locale list changing from [] to [en-US]
06-02 06:33:21.163  2063  2188 I .apps.wellbeing: AssetManager2(0x7bbe4244bdb8) locale list changing from [] to [en-US]
06-02 06:33:21.165  2063  2188 I .apps.wellbeing: AssetManager2(0x7bbe424475d8) locale list changing from [] to [en-US]
06-02 06:33:21.168  2063  2188 I .apps.wellbeing: AssetManager2(0x7bbe424440b8) locale list changing from [] to [en-US]
06-02 06:33:21.172  2063  2188 I .apps.wellbeing: AssetManager2(0x7bbe4244e018) locale list changing from [] to [en-US]
06-02 06:33:21.174  2063  2188 I .apps.wellbeing: AssetManager2(0x7bbe42443438) locale list changing from [] to [en-US]
06-02 06:33:21.186  2063  2188 I .apps.wellbeing: AssetManager2(0x7bbe42442df8) locale list changing from [] to [en-US]
06-02 06:33:21.186  2063  2188 I .apps.wellbeing: AssetManager2(0x7bbe4243ec58) locale list changing from [] to [en-US]
06-02 06:33:21.187  2063  2188 I .apps.wellbeing: AssetManager2(0x7bbe4243e938) locale list changing from [] to [en-US]
06-02 06:33:21.189  2063  2188 I .apps.wellbeing: AssetManager2(0x7bbe4244f918) locale list changing from [] to [en-US]
06-02 06:33:21.191  2063  2188 I .apps.wellbeing: AssetManager2(0x7bbe42436c38) locale list changing from [] to [en-US]
06-02 06:33:21.192  2063  2188 I .apps.wellbeing: AssetManager2(0x7bbe424446f8) locale list changing from [] to [en-US]
06-02 06:33:21.194  2063  2188 I .apps.wellbeing: AssetManager2(0x7bbe42446c78) locale list changing from [] to [en-US]
06-02 06:33:21.196  2063  2188 I .apps.wellbeing: AssetManager2(0x7bbe42445ff8) locale list changing from [] to [en-US]
06-02 06:33:21.197  2063  2188 I .apps.wellbeing: AssetManager2(0x7bbe4243f298) locale list changing from [] to [en-US]
06-02 06:33:21.201  2063  2188 I .apps.wellbeing: AssetManager2(0x7bbe4243a158) locale list changing from [] to [en-US]
06-02 06:33:21.205  2063  2188 I .apps.wellbeing: AssetManager2(0x7bbe42439b18) locale list changing from [] to [en-US]
06-02 06:33:21.206  2063  2188 I .apps.wellbeing: AssetManager2(0x7bbe4242d638) locale list changing from [] to [en-US]
06-02 06:33:21.208  2063  2188 I .apps.wellbeing: AssetManager2(0x7bbe42434398) locale list changing from [] to [en-US]
06-02 06:33:21.211  2063  2188 I .apps.wellbeing: AssetManager2(0x7bbe42432a98) locale list changing from [] to [en-US]
