06-02 06:33:53.080   948   991 V WindowManagerShell:  Checking filter Pair{{types=[] flags=0x0] notFlags=0x0 checks=[{atype=dream independent=true modes=[OPEN,TO_FRONT] flags=NONE mustBeTask=false order=ANY topActivity=null launchCookie=null windowingMode=undefined},{atype=home independent=true modes=[CLOSE,TO_BACK] flags=NONE mustBeTask=false order=ANY topActivity=null launchCookie=null windowingMode=undefined}]} RemoteTransition { remoteTransition = android.window.IRemoteTransition$Stub$Proxy@14889b, appThread = android.app.IApplicationThread$Stub$Proxy@d3f9438, debugName = LauncherToDream }}
06-02 06:33:53.080   948   991 V WindowManagerShell:  Checking filter Pair{{types=[] flags=0x0] notFlags=0x100 checks=[{atype=home independent=true modes=[OPEN,TO_FRONT] flags=NONE mustBeTask=false order=TOP topActivity=ComponentInfo{com.google.android.apps.nexuslauncher/com.google.android.apps.nexuslauncher.NexusLauncherActivity} launchCookie=null windowingMode=undefined},{atype=standard independent=true modes=[CLOSE,TO_BACK] flags=NONE mustBeTask=false order=ANY topActivity=null launchCookie=null windowingMode=undefined},{NOT atype=undefined independent=true modes=[] flags=NONE mustBeTask=true order=ANY topActivity=null launchCookie=null customAnim=true windowingMode=undefined}]} RemoteTransition { remoteTransition = android.window.IRemoteTransition$Stub$Proxy@e8b5c11, appThread = android.app.IApplicationThread$Stub$Proxy@d899176, debugName = QuickstepLaunchHome }}
06-02 06:33:53.087   948   991 V WindowManagerShell:  Delegate animation for (#80) to null
06-02 06:33:53.087   948   991 V WindowManagerShell: start default transition animation, info = {id=80 t=OPEN f=0x0 trk=0 r=[0@Point(0, 0)] c=[{m=OPEN f=NONE leash=Surface(name=Task=192)/@0xd0f6628 sb=Rect(0, 0 - 1080, 2400) eb=Rect(0, 0 - 1080, 2400) epz=Point(1080, 2400) d=0 taskParent=-1},{m=TO_BACK f=SHOW_WALLPAPER leash=Surface(name=Task=1)/@0xb9edf41 sb=Rect(0, 0 - 1080, 2400) eb=Rect(0, 0 - 1080, 2400) epz=Point(1080, 2400) d=0 taskParent=-1},{m=TO_BACK f=IS_WALLPAPER leash=Surface(name=WallpaperWindowToken{26bd32e showWhenLocked=false})/@0x7f10ce6 sb=Rect(0, 0 - 1080, 2400) eb=Rect(0, 0 - 1080, 2400) epz=Point(1080, 2400) d=0}]}
06-02 06:33:53.088   948   991 V WindowManagerShell: loadAnimation: anim=android.view.animation.AnimationSet@4311172 animAttr=0x13 type=OPEN isEntrance=false
06-02 06:33:53.089   948   991 V WindowManagerShell: loadAnimation: anim=android.view.animation.AnimationSet@b2f3579 animAttr=0x12 type=OPEN isEntrance=true
06-02 06:33:53.090   948   991 V WindowManagerShell:  animated by com.android.wm.shell.transition.DefaultTransitionHandler@b7cc292
06-02 06:33:53.116  1084  1084 D RecentsView: onTaskRemoved: 191, not handling task stack changes
06-02 06:33:53.121  1084  1084 D RecentsView: onTaskRemoved: 191, not handling task stack changes
06-02 06:33:53.122   560   560 E BpTransactionCompletedListener: Failed to transact (-32)
06-02 06:33:53.393   948   991 V WindowManagerShell: Transition animation finished (aborted=false), notifying core (#80) android.os.BinderProxy@8575fd1@0
06-02 06:33:53.409   688   722 V WindowManager: Finish Transition (#80): created at 06-02 06:33:52.755 collect-started=0.1ms request-sent=17.955ms started=25.982ms ready=228.562ms sent=247.654ms commit=120.261ms finished=653.818ms
06-02 06:33:53.427   948   991 V WindowManagerShell: Track 0 became idle
06-02 06:33:53.428   948   991 V WindowManagerShell: All active transition animations finished
06-02 06:33:53.474  1084  1084 D VRI[NexusLauncherActivity]: visibilityChanged oldVisibility=true newVisibility=false
06-02 06:33:53.476  1084  1084 D NexusLauncherModelDelegate: notifySmartspaceEvent: SmartspaceTargetEvent{mSmartspaceTarget=null, mSmartspaceActionId='null', mEventType=7}
06-02 06:33:53.624  1084  1084 D ScalingWorkspaceRevealAnim: alpha of workspace at the end of animation: 1.0
06-02 06:33:53.955 21088 21088 D nativeloader: Configuring clns-9 for other apk /data/app/~~TYWhks8lXAhHVO9GcFJrIg==/com.aistudio.ereader.xynk-lQGRBlRTw2Wvj9nQ0Je-Ug==/base.apk. target_sdk_version=36, uses_libraries=, library_path=/data/app/~~TYWhks8lXAhHVO9GcFJrIg==/com.aistudio.ereader.xynk-lQGRBlRTw2Wvj9nQ0Je-Ug==/lib/x86_64:/data/app/~~TYWhks8lXAhHVO9GcFJrIg==/com.aistudio.ereader.xynk-lQGRBlRTw2Wvj9nQ0Je-Ug==/base.apk!/lib/x86_64, permitted_path=/data:/mnt/expand:/data/user/0/com.aistudio.ereader.xynk
06-02 06:33:53.970 21088 21088 I io.ereader.xynk: AssetManager2(0x7bbe4242dc78) locale list changing from [] to [en-US]
06-02 06:33:53.983 21088 21088 V GraphicsEnvironment: Currently set values for:
06-02 06:33:53.983 21088 21088 V GraphicsEnvironment:   angle_gl_driver_selection_pkgs=[]
06-02 06:33:53.983 21088 21088 V GraphicsEnvironment:   angle_gl_driver_selection_values=[]
06-02 06:33:53.983 21088 21088 V GraphicsEnvironment: com.aistudio.ereader.xynk is not listed in per-application setting
06-02 06:33:53.983 21088 21088 V GraphicsEnvironment: ANGLE allowlist from config: com.dreamgames.royalmatch com.dts.freefiremax com.dxx.firenow com.gramgames.mergedragons com.ludo.king com.mojang.minecraftpe com.my.defense com.nintendo.zaka com.os.airforce com.playrix.fishdomdd.gplay io.teslatech.callbreak jp.konami.prospia net.peakgames.toonblast
06-02 06:33:53.983 21088 21088 V GraphicsEnvironment: com.aistudio.ereader.xynk is not listed in ANGLE allowlist or settings, returning default
06-02 06:33:53.983 21088 21088 V GraphicsEnvironment: Neither updatable production driver nor prerelease driver is supported.
06-02 06:33:54.050 21088 21088 D WM-WrkMgrInitializer: Initializing WorkManager with default configuration.
06-02 06:33:54.269 21102 21102 W dumpsys : Thread Pool max thread count is 0. Cannot cache binder as linkToDeath cannot be implemented. serviceName: package
06-02 06:33:54.423 21088 21088 D WM-PackageManagerHelper: Skipping component enablement for androidx.work.impl.background.systemjob.SystemJobService
06-02 06:33:54.423 21088 21088 D WM-Schedulers: Created SystemJobScheduler and enabled SystemJobService
06-02 06:33:54.499   688   791 D ActivityManager: freezing 3131 com.android.vending
06-02 06:33:54.524   688   791 D ActivityManager: freezing 3167 com.android.vending:background
06-02 06:33:54.761  3901  3902 I artd    : GetBestInfo: odex next to the dex file (/data/app/~~oqHPZkItOTY-JdZP8j0YvQ==/com.google.android.gms-U8kK62mhhj2hUoGXPlJDnw==/oat/x86_64/base.odex) is kOatUpToDate with filter 'speed-profile' executable 'false'
06-02 06:33:54.764  3901  3902 I artd    : GetBestInfo: odex next to the dex file (/data/app/~~oqHPZkItOTY-JdZP8j0YvQ==/com.google.android.gms-U8kK62mhhj2hUoGXPlJDnw==/oat/x86_64/split_AdsDynamite_installtime.odex) is kOatUpToDate with filter 'speed' executable 'false'
06-02 06:33:54.767  3901  3902 I artd    : GetBestInfo: odex next to the dex file (/data/app/~~oqHPZkItOTY-JdZP8j0YvQ==/com.google.android.gms-U8kK62mhhj2hUoGXPlJDnw==/oat/x86_64/split_CronetDynamite_installtime.odex) is kOatUpToDate with filter 'speed-profile' executable 'false'
06-02 06:33:54.770  3901  3902 I artd    : GetBestInfo: odex next to the dex file (/data/app/~~oqHPZkItOTY-JdZP8j0YvQ==/com.google.android.gms-U8kK62mhhj2hUoGXPlJDnw==/oat/x86_64/split_DynamiteLoader_installtime.odex) is kOatUpToDate with filter 'speed' executable 'false'
06-02 06:33:54.772  3901  3902 I artd    : GetBestInfo: odex next to the dex file (/data/app/~~oqHPZkItOTY-JdZP8j0YvQ==/com.google.android.gms-U8kK62mhhj2hUoGXPlJDnw==/oat/x86_64/split_DynamiteModulesA_installtime.odex) is kOatUpToDate with filter 'speed' executable 'false'
06-02 06:33:54.774  3901  3902 I artd    : GetBestInfo: odex next to the dex file (/data/app/~~oqHPZkItOTY-JdZP8j0YvQ==/com.google.android.gms-U8kK62mhhj2hUoGXPlJDnw==/oat/x86_64/split_DynamiteModulesC_installtime.odex) is kOatUpToDate with filter 'speed' executable 'false'
06-02 06:33:54.779  3901  3902 I artd    : GetBestInfo: odex next to the dex file (/data/app/~~oqHPZkItOTY-JdZP8j0YvQ==/com.google.android.gms-U8kK62mhhj2hUoGXPlJDnw==/oat/x86_64/split_GoogleCertificates_installtime.odex) is kOatUpToDate with filter 'speed' executable 'false'
06-02 06:33:54.781  3901  3902 I artd    : GetBestInfo: odex next to the dex file (/data/app/~~oqHPZkItOTY-JdZP8j0YvQ==/com.google.android.gms-U8kK62mhhj2hUoGXPlJDnw==/oat/x86_64/split_MapsDynamite_installtime.odex) is kOatUpToDate with filter 'speed' executable 'false'
06-02 06:33:54.794  3901  3902 I artd    : GetBestInfo: odex next to the dex file (/data/app/~~oqHPZkItOTY-JdZP8j0YvQ==/com.google.android.gms-U8kK62mhhj2hUoGXPlJDnw==/oat/x86_64/split_MeasurementDynamite_installtime.odex) is kOatUpToDate with filter 'speed' executable 'false'
06-02 06:33:54.797  3901  3902 I artd    : GetBestInfo: odex next to the dex file (/data/app/~~oqHPZkItOTY-JdZP8j0YvQ==/com.google.android.gms-U8kK62mhhj2hUoGXPlJDnw==/oat/x86_64/split_all_locale_splits.odex) is kOatUpToDate with filter 'speed' executable 'false'
06-02 06:33:54.798  3901  3902 I artd    : GetBestInfo: /data/user_de/0/com.google.android.gms/app_chimera/m/00000001/CronetDynamite.apk has no usable artifacts
06-02 06:33:54.798  3901  3902 I artd    : GetBestInfo: /data/user_de/0/com.google.android.gms/app_chimera/m/00000002/DynamiteLoader.apk has no usable artifacts
06-02 06:33:54.800  3901  3902 I artd    : GetBestInfo: /data/user_de/0/com.google.android.gms/app_chimera/m/00000015/dl-Appsearch.optional_261631100800.apk has no usable artifacts
06-02 06:33:54.802  3901  3902 I artd    : GetBestInfo: /data/user_de/0/com.google.android.gms/app_chimera/m/00000011/dl-MlkitBarcodeUi.optional_261631100800.apk has no usable artifacts
06-02 06:33:54.804  3901  3902 I artd    : GetBestInfo: /data/user_de/0/com.google.android.gms/app_chimera/m/00000005/GoogleCertificates.apk has no usable artifacts
06-02 06:33:54.808  3901  3902 I artd    : GetBestInfo: /data/user_de/0/com.google.android.gms/app_chimera/m/00000017/dl-TfliteDynamiteDynamite.integ_260580502100800.apk has no usable artifacts
06-02 06:33:54.812  3901  3902 I artd    : GetBestInfo: /data/user_de/0/com.google.android.gms/app_chimera/m/0000000d/dl-TfliteDynamiteDynamite.integ_252130102100800.apk has no usable artifacts
06-02 06:33:54.814 21088 21105 D WM-ForceStopRunnable: The default process name was not specified.
06-02 06:33:54.815  3901  3902 I artd    : GetBestInfo: /data/user_de/0/com.google.android.gms/app_chimera/m/00000016/dl-IdentityCredentialsPlatform.optional_261631100800.apk has no usable artifacts
06-02 06:33:54.816 21088 21105 D WM-ForceStopRunnable: Performing cleanup operations.
06-02 06:33:54.818  3901  3902 I artd    : GetBestInfo: /data/user_de/0/com.google.android.gms/app_chimera/m/0000000a/dl-MlkitBarcodeUi.optional_250834100800.apk has no usable artifacts
06-02 06:33:54.821  3901  3902 I artd    : GetBestInfo: vdex next to the dex file (/data/user/0/com.google.android.gms/app_dg_cache/92659AEB0EFADECE4CBB22D1DF07B00702EAAC36/oat/x86_64/the.vdex) is kOatUpToDate with filter 'verify' executable 'false'
06-02 06:33:54.825  3901  3902 I artd    : GetBestInfo: /data/user_de/0/com.google.android.gms/app_chimera/m/00000014/dl-PlayCloudSearch.optional_261631100000.apk has no usable artifacts
06-02 06:33:54.832  3901  3902 I artd    : GetBestInfo: /data/user/0/com.google.android.gms/app_dg_cache/BBB8ADBA11F43674FC873CF50B06D4CFE87E958C/the.apk has no usable artifacts
06-02 06:33:54.833  3901  3902 W artd    : Could not get dex checksums for location /data/app/~~JlUJQFlc4ygp9jZhE_7qYA==/com.android.vending-cRWAZr3GHq-n4fdFyU9thA==/base.apk, fd=-1
06-02 06:33:54.852 21088 21105 E ashmem  : Pinning is deprecated since Android Q. Please use trim or other methods.
06-02 06:33:54.917 21088 21105 D WM-SystemJobScheduler: Reconciling jobs
06-02 06:33:54.931   688   848 D InetDiagMessage: Destroyed 0 sockets, proto=IPPROTO_TCP, family=AF_INET, states=14
06-02 06:33:54.932   688   848 D InetDiagMessage: Destroyed 0 sockets, proto=IPPROTO_TCP, family=AF_INET6, states=14
06-02 06:33:54.932   688   848 D InetDiagMessage: Destroyed live tcp sockets for uids={10144} in 3ms
06-02 06:33:54.960 21088 21105 D WM-ForceStopRunnable: Application was force-stopped, rescheduling.
06-02 06:33:55.057 21088 21105 D WM-PackageManagerHelper: Skipping component enablement for androidx.work.impl.background.systemalarm.RescheduleReceiver
06-02 06:33:55.237   688  1714 I ActivityManager: Background started FGS: Allowed [callingPackage: com.aistudio.ereader.xynk; callingUid: 10225; uidState: TOP ; uidBFSL: [BFSL]; intent: Intent { xflg=0x4 cmp=com.aistudio.ereader.xynk/com.example.web.LocalWebService }; code:PROC_STATE_TOP; tempAllowListReason:<null>; allowWiu:12; targetSdkVersion:36; callerTargetSdkVersion:36; startForegroundCount:0; bindFromPackage:null: isBindService:false]
06-02 06:33:55.240   688   769 W OptProp : Cannot read opt property android.window.PROPERTY_COMPAT_ENABLE_FAKE_FOCUS
06-02 06:33:55.246   688   898 D BackgroundInstallControlService: Package event received: 0
06-02 06:33:55.247   688   898 D BackgroundInstallControlService: Package event received: 0
06-02 06:33:55.255 21088 21109 I DisplayManager: Choreographer implicitly registered for the refresh rate.
06-02 06:33:55.259   688   730 W IPCThreadState: Sending oneway calls to frozen process.
06-02 06:33:55.262 21088 21088 I io.ereader.xynk: AssetManager2(0x7bbe4242ef38) locale list changing from [] to [en-US]
06-02 06:33:55.324 21088 21109 I EGL_emulation: Opening libGLESv1_CM_emulation.so
06-02 06:33:55.326 21088 21109 I EGL_emulation: Opening libGLESv2_emulation.so
06-02 06:33:55.360 21088 21109 W HWUI    : Failed to choose config with EGL_SWAP_BEHAVIOR_PRESERVED, retrying without...
06-02 06:33:55.361 21088 21109 W HWUI    : Failed to initialize 101010-2 format, error = EGL_SUCCESS
06-02 06:33:55.378 21088 21088 D CompatChangeReporter: Compat change id reported: 377864165; UID 10225; state: ENABLED
06-02 06:33:55.382 21088 21088 D DesktopModeFlags: Toggle override initialized to: OVERRIDE_UNSET
06-02 06:33:55.505 21088 21088 W HWUI    : Unknown dataspace 0
06-02 06:33:55.729   688  1714 I ActivityManager: Background started FGS: Allowed [callingPackage: com.aistudio.ereader.xynk; callingUid: 10225; uidState: TOP ; uidBFSL: [BFSL]; intent: Intent { cmp=com.aistudio.ereader.xynk/com.example.web.LocalWebService }; code:PROC_STATE_TOP; tempAllowListReason:<fg-service-launch,reasonCode:SERVICE_LAUNCH,duration:30000,callingUid:10225>; allowWiu:12; targetSdkVersion:36; callerTargetSdkVersion:36; startForegroundCount:0; bindFromPackage:null: isBindService:false]
06-02 06:33:55.730   688  1714 W ForegroundServiceTypeLoggerModule: Foreground service start for UID: 10225 does not have any types
06-02 06:33:55.735   688   898 D BackgroundInstallControlService: Package event received: 0
06-02 06:33:55.743   688  1714 D CoreBackPreview: Window{d6c988 u0 com.aistudio.ereader.xynk/com.example.MainActivity}: Setting back callback OnBackInvokedCallbackInfo{mCallback=android.window.IOnBackInvokedCallback$Stub$Proxy@a6659d2, mPriority=-1, mIsAnimationCallback=false, mOverrideBehavior=0}
06-02 06:33:56.239 21088 21092 I io.ereader.xynk: Compiler allocated 5042KB to compile void android.view.ViewRootImpl.performTraversals()
06-02 06:33:56.714   688   791 D ActivityManager: freezing 1636 com.android.keychain
06-02 06:33:56.714   688   791 D ActivityManager: freezing 1193 com.android.settings
06-02 06:33:56.715   688   791 D ActivityManager: freezing 2699 com.android.dynsystem:dynsystem
06-02 06:33:56.716   688   791 D ActivityManager: freezing 2677 com.android.dynsystem
06-02 06:33:56.716   688   791 D ActivityManager: freezing 1787 com.android.localtransport
06-02 06:33:56.808   688  1531 E TaskPersister: File error accessing recents directory (directory doesn't exist?).
06-02 06:33:56.918   688   791 D ActivityManager: freezing 2063 com.google.android.apps.wellbeing
06-02 06:33:56.934   688   848 D InetDiagMessage: Destroyed 0 sockets, proto=IPPROTO_TCP, family=AF_INET, states=14
06-02 06:33:56.935   688   848 D InetDiagMessage: Destroyed 0 sockets, proto=IPPROTO_TCP, family=AF_INET6, states=14
06-02 06:33:56.935   688   848 D InetDiagMessage: Destroyed live tcp sockets for uids={10147} in 1ms
06-02 06:33:57.548   688   722 I ActivityTaskManager: Displayed com.aistudio.ereader.xynk/com.example.MainActivity for user 0: +4s797ms
06-02 06:33:57.576 21088 21099 I HWUI    : Davey! duration=2039ms; Flags=1, FrameTimelineVsyncId=198902, IntendedVsync=29423201256898, Vsync=29423417923556, InputEventId=0, HandleInputStart=29423428516400, AnimationStart=29423428554900, PerformTraversalsStart=29423428605000, DrawStart=29425126406600, FrameDeadline=29423217923564, FrameStartTime=29423427905800, FrameInterval=16666666, WorkloadTarget=16666666, SyncQueued=29425170366500, SyncStart=29425171095700, IssueDrawCommandsStart=29425171335300, SwapBuffers=29425222128900, FrameCompleted=29425241914100, DequeueBufferDuration=164300, QueueBufferDuration=521500, GpuCompleted=29425241914100, SwapBuffersCompleted=29425229239200, DisplayPresentTime=0, CommandSubmissionCompleted=29425222128900, 
06-02 06:33:57.639 21088 21088 I Choreographer: Skipped 107 frames!  The application may be doing too much work on its main thread.
06-02 06:33:57.707   688   807 I ImeTracker: com.aistudio.ereader.xynk:e1367cad: onRequestHide at ORIGIN_SERVER reason HIDE_UNSPECIFIED_WINDOW fromUser false
06-02 06:33:57.728  1402  1402 I GoogleInputMethodService: GoogleInputMethodService.onFinishInput():2259 
06-02 06:33:57.729  1402  1402 I Module  : DeviceLockedStatusModuleProvider$Module.updateDeviceLockedStatus():103 repeatCheckTimes = 0, locked = false
06-02 06:33:57.733   688   769 I ImeTracker: system_server:fe7aa000: onRequestHide at ORIGIN_SERVER reason IME_REQUESTED_CHANGED_LISTENER fromUser false
06-02 06:33:57.737 21088 21088 D InsetsController: hide(ime(), fromIme=false)
06-02 06:33:57.737 21088 21088 I ImeTracker: com.aistudio.ereader.xynk:e1367cad: onCancelled at PHASE_CLIENT_ALREADY_HIDDEN
06-02 06:33:57.738 21088 21098 I HWUI    : Davey! duration=1870ms; Flags=0, FrameTimelineVsyncId=198933, IntendedVsync=29423534590218, Vsync=29425317923480, InputEventId=0, HandleInputStart=29425327514900, AnimationStart=29425327554100, PerformTraversalsStart=29425360767300, DrawStart=29425362658100, FrameDeadline=29425267923482, FrameStartTime=29425325932200, FrameInterval=16666666, WorkloadTarget=16666666, SyncQueued=29425363238100, SyncStart=29425363760600, IssueDrawCommandsStart=29425364068600, SwapBuffers=29425368373700, FrameCompleted=29425405476200, DequeueBufferDuration=40600, QueueBufferDuration=13737000, GpuCompleted=29425405276300, SwapBuffersCompleted=29425405476200, DisplayPresentTime=0, CommandSubmissionCompleted=29425368373700, 
06-02 06:33:57.740   688   725 I ImeTracker: system_server:fe7aa000: onCancelled at PHASE_SERVER_SHOULD_HIDE
06-02 06:33:57.746  1402  1402 I GoogleInputMethodService: GoogleInputMethodService.onStartInput():1446 onStartInput(EditorInfo{EditorInfo{packageName=com.aistudio.ereader.xynk, inputType=0, inputTypeString=NULL, enableLearning=false, autoCorrection=false, autoComplete=false, imeOptions=0, privateImeOptions=null, actionName=UNSPECIFIED, actionLabel=null, initialSelStart=-1, initialSelEnd=-1, initialCapsMode=0, label=null, fieldId=0, fieldName=null, extras=null, hintText=null, hintLocales=[]}}, false)
06-02 06:33:57.748  1402  1402 I AndroidIME: LatinIMEBase.updateInputViewCoverNavigation():322 Update input view padding, isNavbarOverInputWindow=true, bottom inset=63
06-02 06:33:57.753  1402  1402 I Module  : DeviceLockedStatusModuleProvider$Module.updateDeviceLockedStatus():103 repeatCheckTimes = 1, locked = false
06-02 06:33:57.768   688  1595 W PackageConfigPersister: App-specific configuration not found for packageName: com.aistudio.ereader.xynk and userId: 0
06-02 06:33:57.780  1279 11440 I FontLog : (REDACTED) Received query %s, URI %s
06-02 06:33:57.780  1279 11440 I FontLog : (REDACTED) Query [%s] resolved to %s
06-02 06:33:57.782  1279 11440 I FontLog : (REDACTED) Fetch %s end status %s
06-02 06:33:57.808  1279 11440 I FontLog : (REDACTED) Pulling font file for id = %d, cache size = %d
06-02 06:33:57.863  1279 11440 I FontLog : (REDACTED) Pulling font file for id = %d, cache size = %d
06-02 06:33:57.957   611   653 W IPCThreadState: Sending oneway calls to frozen process.
06-02 06:33:57.957   611   653 W IPCThreadState: Sending oneway calls to frozen process.
06-02 06:33:57.957   611   653 W IPCThreadState: Sending oneway calls to frozen process.
06-02 06:33:57.980  1084  1084 D BaseDepthController: setSurface:
06-02 06:33:57.980  1084  1084 D BaseDepthController: 	mWaitingOnSurfaceValidity: false
06-02 06:33:57.980  1084  1084 D BaseDepthController: 	mBaseSurface: null
06-02 06:33:57.980  1084  1084 D BaseDepthController: mSurface is null and mCurrentBlur is: 0
06-02 06:33:57.981   688   725 W IPCThreadState: Sending oneway calls to frozen process.
06-02 06:33:57.982  1084  1084 D StateManager: goToState - fromState: Normal, toState: Normal, partial trace:
06-02 06:33:57.982  1084  1084 D StateManager: 	at com.android.launcher3.statemanager.StateManager.moveToRestState(go/retraceme 72a59688580715d19f0e415c69e80376c2f062d1648c80db6730905005a27c20:4)
06-02 06:33:57.982  1084  1084 D StateManager: 	at com.android.launcher3.statemanager.StateManager.moveToRestState(go/retraceme 72a59688580715d19f0e415c69e80376c2f062d1648c80db6730905005a27c20:1)
06-02 06:33:57.982  1084  1084 D StateManager: 	at com.android.launcher3.statemanager.StatefulActivity.onStop(go/retraceme 72a59688580715d19f0e415c69e80376c2f062d1648c80db6730905005a27c20:34)
06-02 06:33:57.982   688   725 W IPCThreadState: Sending oneway calls to frozen process.
06-02 06:33:57.982   688   725 W IPCThreadState: Sending oneway calls to frozen process.
06-02 06:33:57.982   688   725 W IPCThreadState: Sending oneway calls to frozen process.
06-02 06:33:57.982  1084  1084 D StatsLog: LAUNCHER_ONSTOP
06-02 06:33:57.982   688   725 W IPCThreadState: Sending oneway calls to frozen process.
06-02 06:33:57.983   688   725 W IPCThreadState: Sending oneway calls to frozen process.
06-02 06:33:57.983   688   725 W IPCThreadState: Sending oneway calls to frozen process.
06-02 06:33:57.983   688   725 W IPCThreadState: Sending oneway calls to frozen process.
06-02 06:33:57.984  1084  1084 D StatsLog: LAUNCHER_GOOGLE_SEARCH_RESTORE_LIST_SIZE_AFTER_ACTIVITY_RESTART
06-02 06:33:57.995   688   898 D BackgroundInstallControlService: Package event received: 0
06-02 06:33:58.416 21127 21127 D AndroidRuntime: >>>>>> START com.android.internal.os.RuntimeInit uid 2000 <<<<<<
06-02 06:33:58.422 21127 21127 I AndroidRuntime: Using default boot image
06-02 06:33:58.422 21127 21127 I AndroidRuntime: Leaving lock profiling enabled
06-02 06:33:58.425 21127 21127 I app_process: Using CollectorTypeCMC GC.
06-02 06:33:58.446   688   848 D ConnectivityService: NetReassign [no changes] [c 0] [a 1] [i 0]
06-02 06:33:58.579 21127 21127 D nativeloader: InitDefaultPublicLibraries for_preload=1: libandroid.so:libaaudio.so:libamidi.so:libbinder_ndk.so:libc.so:libcamera2ndk.so:libdl.so:libEGL.so:libGLESv1_CM.so:libGLESv2.so:libGLESv3.so:libicu.so:libicui18n.so:libicuuc.so:libjnigraphics.so:liblog.so:libmediandk.so:libm.so:libnativehelper.so:libnativewindow.so:libOpenMAXAL.so:libOpenSLES.so:libRS.so:libstdc++.so:libsync.so:libvulkan.so:libwebviewchromium_plat_support.so:libz.so
06-02 06:33:58.596 21127 21127 D nativeloader: Load libicu_jni.so using APEX ns com_android_art for caller /apex/com.android.art/javalib/core-oj.jar: ok
06-02 06:33:58.596 21127 21127 D app_process: u_setTimeZoneFilesDirectory("/apex/com.android.tzdata/etc/tz/versioned/9/icu") succeeded. 
06-02 06:33:58.596 21127 21127 D app_process: I18n APEX ICU file found: /apex/com.android.i18n/etc/icu/icudt76l.dat
06-02 06:33:58.597 21127 21127 D nativeloader: Load libjavacore.so using APEX ns com_android_art for caller /apex/com.android.art/javalib/core-oj.jar: ok
06-02 06:33:58.599 21127 21127 D nativeloader: Load libopenjdk.so using APEX ns com_android_art for caller /apex/com.android.art/javalib/core-oj.jar: ok
06-02 06:33:58.602 21127 21127 W app_process: Unexpected CPU variant for x86: x86_64.
06-02 06:33:58.602 21127 21127 W app_process: Known variants: atom, sandybridge, silvermont, goldmont, goldmont-plus, goldmont-without-sha-xsaves, tremont, kabylake, alderlake, default
06-02 06:33:58.604 21127 21127 W app_process: ClassLoaderContext shared library size mismatch. Expected=2, found=0 (PCL[]{PCL[/system/framework/android.test.base.jar*2789897741]#PCL[/system/framework/android.test.mock.jar*3361312393]} | PCL[])
06-02 06:33:58.605 21127 21127 W app_process: ClassLoaderContext classpath size mismatch. expected=0, found=1 (PCL[]{PCL[/system/framework/android.test.runner.jar*895143020]#PCL[/system/framework/android.test.base.jar*2789897741]} | PCL[/system/framework/android.test.runner.jar*895143020])
06-02 06:33:58.634 21127 21127 D nativeloader: Load libframework-connectivity-tiramisu-jni.so using APEX ns com_android_tethering for caller /apex/com.android.tethering/javalib/framework-connectivity-t.jar: ok
06-02 06:33:58.635 21127 21127 D AndroidRuntime: Calling main entry com.android.commands.uiautomator.Launcher
06-02 06:33:58.640 21127 21127 I AconfigPackage: android.media.swcodec.flags is mapped to com.android.media.swcodec
06-02 06:33:58.641 21127 21127 I AconfigPackage: com.google.android.settings.simplemode.flags is mapped to system_ext
06-02 06:33:58.641 21127 21127 I AconfigPackage: com.google.android.systemui is mapped to system_ext
06-02 06:33:58.641 21127 21127 I AconfigPackage: com.google.android.apps.nexuslauncher is mapped to system_ext
06-02 06:33:58.641 21127 21127 I AconfigPackage: com.android.settings.accessibility is mapped to system_ext
06-02 06:33:58.641 21127 21127 I AconfigPackage: com.android.settings.flags is mapped to system_ext
06-02 06:33:58.641 21127 21127 I AconfigPackage: com.google.android.apps.miphone.aiai.matchmaker.overview.ui is mapped to system_ext
06-02 06:33:58.641 21127 21127 I AconfigPackage: com.google.android.settings.flags is mapped to system_ext
06-02 06:33:58.641 21127 21127 I AconfigPackage: com.android.launcher3 is mapped to system_ext
06-02 06:33:58.641 21127 21127 I AconfigPackage: com.android.wallpaper is mapped to system_ext
06-02 06:33:58.641 21127 21127 I AconfigPackage: com.android.settings.media_drm is mapped to system_ext
06-02 06:33:58.641 21127 21127 I AconfigPackage: com.android.systemui.accessibility.accessibilitymenu is mapped to system_ext
06-02 06:33:58.641 21127 21127 I AconfigPackage: com.android.settings.keyboard is mapped to system_ext
06-02 06:33:58.641 21127 21127 I AconfigPackage: com.android.server.policy.feature.flags is mapped to system_ext
06-02 06:33:58.641 21127 21127 I AconfigPackage: com.android.settings.factory_reset is mapped to system_ext
06-02 06:33:58.641 21127 21127 I AconfigPackage: com.google.android.haptics.flags is mapped to system_ext
06-02 06:33:58.642 21127 21127 I AconfigPackage: com.android.permission.flags is mapped to com.android.permission
06-02 06:33:58.642 21127 21127 I AconfigPackage: com.android.icu is mapped to com.android.i18n
06-02 06:33:58.642 21127 21127 I AconfigPackage: com.android.appsearch.flags is mapped to com.android.appsearch
06-02 06:33:58.642 21127 21127 I AconfigPackage: android.uprobestats.mainline.flags is mapped to com.android.uprobestats
06-02 06:33:58.643 21127 21127 I AconfigPackage: android.provider.flags is mapped to com.android.configinfrastructure
06-02 06:33:58.643 21127 21127 I AconfigPackage: com.android.server.deviceconfig is mapped to com.android.configinfrastructure
06-02 06:33:58.643 21127 21127 I AconfigPackage: com.android.nfc.flags is mapped to system
06-02 06:33:58.644 21127 21127 I AconfigPackage: android.app.admin.flags is mapped to system
06-02 06:33:58.644 21127 21127 I AconfigPackage: android.database.sqlite is mapped to system
06-02 06:33:58.644 21127 21127 I AconfigPackage: com.android.providers.calendar is mapped to system
06-02 06:33:58.644 21127 21127 I AconfigPackage: com.android.server.power.feature.flags is mapped to system
06-02 06:33:58.644 21127 21127 I AconfigPackage: com.android.media.performance.flags is mapped to system
06-02 06:33:58.644 21127 21127 I AconfigPackage: android.app.contextualsearch.flags is mapped to system
06-02 06:33:58.644 21127 21127 I AconfigPackage: android.app.ondeviceintelligence.flags is mapped to system
06-02 06:33:58.644 21127 21127 I AconfigPackage: com.android.media.projection.flags is mapped to system
06-02 06:33:58.644 21127 21127 I AconfigPackage: android.companion is mapped to system
06-02 06:33:58.644 21127 21127 I AconfigPackage: android.service.controls.flags is mapped to system
06-02 06:33:58.644 21127 21127 I AconfigPackage: com.android.text.flags is mapped to system
06-02 06:33:58.644 21127 21127 I AconfigPackage: com.android.providers.contactkeys.flags is mapped to system
06-02 06:33:58.644 21127 21127 I AconfigPackage: com.android.intentresolver is mapped to system
06-02 06:33:58.644 21127 21127 I AconfigPackage: android.companion.virtualdevice.flags is mapped to system
06-02 06:33:58.644 21127 21127 I AconfigPackage: android.uprobestats.flags is mapped to system
06-02 06:33:58.644 21127 21127 I AconfigPackage: com.android.net.thread.platform.flags is mapped to system
06-02 06:33:58.644 21127 21127 I AconfigPackage: android.view.contentprotection.flags is mapped to system
06-02 06:33:58.644 21127 21127 I AconfigPackage: com.android.server.dreams is mapped to system
06-02 06:33:58.645 21127 21127 I AconfigPackage: com.android.graphics.surfaceflinger.flags is mapped to system
06-02 06:33:58.645 21127 21127 I AconfigPackage: com.android.hardware.input is mapped to system
06-02 06:33:58.645 21127 21127 I AconfigPackage: android.sdk is mapped to system
06-02 06:33:58.645 21127 21127 I AconfigPackage: com.android.input.flags is mapped to system
06-02 06:33:58.645 21127 21127 I AconfigPackage: android.tracing is mapped to system
06-02 06:33:58.645 21127 21127 I AconfigPackage: com.android.server.biometrics is mapped to system
06-02 06:33:58.645 21127 21127 I AconfigPackage: android.view.contentcapture.flags is mapped to system
06-02 06:33:58.645 21127 21127 I AconfigPackage: android.app.job is mapped to system
06-02 06:33:58.645 21127 21127 I AconfigPackage: android.content.res is mapped to system
06-02 06:33:58.645 21127 21127 I AconfigPackage: android.net.platform.flags is mapped to system
06-02 06:33:58.645 21127 21127 I AconfigPackage: com.android.aconfig.flags is mapped to system
06-02 06:33:58.645 21127 21127 I AconfigPackage: com.android.graphics.flags is mapped to system
06-02 06:33:58.645 21127 21127 I AconfigPackage: android.server.app is mapped to system
06-02 06:33:58.645 21127 21127 I AconfigPackage: android.speech.flags is mapped to system
06-02 06:33:58.645 21127 21127 I AconfigPackage: com.android.server.stats is mapped to system
06-02 06:33:58.648 21127 21127 I AconfigPackage: android.hardware.biometrics is mapped to system
06-02 06:33:58.648 21127 21127 I AconfigPackage: android.car.feature is mapped to system
06-02 06:33:58.648 21127 21127 I AconfigPackage: android.adpf is mapped to system
06-02 06:33:58.648 21127 21127 I AconfigPackage: android.location.flags is mapped to system
06-02 06:33:58.648 21127 21127 I AconfigPackage: com.android.settingslib.flags is mapped to system
06-02 06:33:58.648 21127 21127 I AconfigPackage: com.android.managedprovisioning.flags is mapped to system
06-02 06:33:58.648 21127 21127 I AconfigPackage: android.app.assist.flags is mapped to system
06-02 06:33:58.648 21127 21127 I AconfigPackage: com.android.server.net is mapped to system
06-02 06:33:58.648 21127 21127 I AconfigPackage: com.android.settingslib.widget.flags is mapped to system
06-02 06:33:58.648 21127 21127 I AconfigPackage: com.android.internal.camera.flags is mapped to system
06-02 06:33:58.648 21127 21127 I AconfigPackage: com.android.hardware.libsensor.flags is mapped to system
06-02 06:33:58.648 21127 21127 I AconfigPackage: com.android.internal.jank is mapped to system
06-02 06:33:58.648 21127 21127 I AconfigPackage: com.android.providers.settings is mapped to system
06-02 06:33:58.648 21127 21127 I AconfigPackage: android.multiuser is mapped to system
06-02 06:33:58.648 21127 21127 I AconfigPackage: com.android.server.power.optimization is mapped to system
06-02 06:33:58.648 21127 21127 I AconfigPackage: com.android.calllogbackup is mapped to system
06-02 06:33:58.648 21127 21127 I AconfigPackage: com.android.media.flags is mapped to system
06-02 06:33:58.648 21127 21127 I AconfigPackage: com.android.server.flags is mapped to system
06-02 06:33:58.648 21127 21127 I AconfigPackage: com.android.graphics.libvulkan.flags is mapped to system
06-02 06:33:58.648 21127 21127 I AconfigPackage: android.app.appfunctions.flags is mapped to system
06-02 06:33:58.648 21127 21127 I AconfigPackage: android.app.smartspace.flags is mapped to system
06-02 06:33:58.648 21127 21127 I AconfigPackage: com.android.providers.contacts.flags is mapped to system
06-02 06:33:58.648 21127 21127 I AconfigPackage: com.android.shell.flags is mapped to system
06-02 06:33:58.649 21127 21127 I AconfigPackage: com.android.media.aaudio is mapped to system
06-02 06:33:58.649 21127 21127 I AconfigPackage: android.hardware.radio is mapped to system
06-02 06:33:58.649 21127 21127 I AconfigPackage: com.google.wear.services.infra.flags is mapped to system
06-02 06:33:58.649 21127 21127 I AconfigPackage: suspend_service.flags is mapped to system
06-02 06:33:58.649 21127 21127 I AconfigPackage: android.media.midi is mapped to system
06-02 06:33:58.649 21127 21127 I AconfigPackage: com.android.libcore.readonly is mapped to system
06-02 06:33:58.649 21127 21127 I AconfigPackage: com.android.settingslib.widget.selectorwithwidgetpreference.flags is mapped to system
06-02 06:33:58.649 21127 21127 I AconfigPackage: android.service.notification is mapped to system
06-02 06:33:58.649 21127 21127 I AconfigPackage: com.android.systemui.shared is mapped to system
06-02 06:33:58.649 21127 21127 I AconfigPackage: android.app.jank is mapped to system
06-02 06:33:58.649 21127 21127 I AconfigPackage: android.app.wearable is mapped to system
06-02 06:33:58.649 21127 21127 I AconfigPackage: com.android.media.audio is mapped to system
06-02 06:33:58.649 21127 21127 I AconfigPackage: android.service.chooser is mapped to system
06-02 06:33:58.649 21127 21127 I AconfigPackage: com.android.server.compat is mapped to system
06-02 06:33:58.649 21127 21127 I AconfigPackage: com.android.server.alarm is mapped to system
06-02 06:33:58.649 21127 21127 I AconfigPackage: com.android.apex.flags is mapped to system
06-02 06:33:58.649 21127 21127 I AconfigPackage: android.service.quickaccesswallet is mapped to system
06-02 06:33:58.649 21127 21127 I AconfigPackage: android.app.usage is mapped to system
06-02 06:33:58.649 21127 21127 I AconfigPackage: com.android.server.accessibility is mapped to system
06-02 06:33:58.649 21127 21127 I AconfigPackage: android.app.supervision.flags is mapped to system
06-02 06:33:58.649 21127 21127 I AconfigPackage: com.android.server.utils is mapped to system
06-02 06:33:58.649 21127 21127 I AconfigPackage: android.chre.flags is mapped to system
06-02 06:33:58.649 21127 21127 I AconfigPackage: android.content.flags is mapped to system
06-02 06:33:58.649 21127 21127 I AconfigPackage: android.media.codec is mapped to system
06-02 06:33:58.649 21127 21127 I AconfigPackage: com.android.internal.os is mapped to system
06-02 06:33:58.649 21127 21127 I AconfigPackage: com.android.nfc.nci.flags is mapped to system
06-02 06:33:58.649 21127 21127 I AconfigPackage: android.app is mapped to system
06-02 06:33:58.649 21127 21127 I AconfigPackage: android.security.keystore2 is mapped to system
06-02 06:33:58.649 21127 21127 I AconfigPackage: android.crashrecovery.flags is mapped to system
06-02 06:33:58.649 21127 21127 I AconfigPackage: com.android.tradeinmode.flags is mapped to system
06-02 06:33:58.649 21127 21127 I AconfigPackage: android.hardware.flags is mapped to system
06-02 06:33:58.649 21127 21127 I AconfigPackage: com.android.server.telecom.flags is mapped to system
06-02 06:33:58.649 21127 21127 I AconfigPackage: com.android.settingslib.media.flags is mapped to system
06-02 06:33:58.649 21127 21127 I AconfigPackage: com.android.server.policy is mapped to system
06-02 06:33:58.649 21127 21127 I AconfigPackage: android.media.audiopolicy is mapped to system
06-02 06:33:58.649 21127 21127 I AconfigPackage: com.android.egg.flags is mapped to system
06-02 06:33:58.649 21127 21127 I AconfigPackage: com.android.internal.compat.flags is mapped to system
06-02 06:33:58.649 21127 21127 I AconfigPackage: android.security is mapped to system
06-02 06:33:58.649 21127 21127 I AconfigPackage: android.service.autofill is mapped to system
06-02 06:33:58.649 21127 21127 I AconfigPackage: com.example.android.aconfig.demo.flags is mapped to system
06-02 06:33:58.650 21127 21127 I AconfigPackage: android.view.flags is mapped to system
06-02 06:33:58.650 21127 21127 I AconfigPackage: android.companion.virtual.flags is mapped to system
06-02 06:33:58.650 21127 21127 I AconfigPackage: com.android.aconfig_new_storage is mapped to system
06-02 06:33:58.650 21127 21127 I AconfigPackage: com.android.server.feature.flags is mapped to system
06-02 06:33:58.650 21127 21127 I AconfigPackage: com.android.systemui is mapped to system
06-02 06:33:58.650 21127 21127 I AconfigPackage: com.android.server.power.batterysaver is mapped to system
06-02 06:33:58.650 21127 21127 I AconfigPackage: android.widget.flags is mapped to system
06-02 06:33:58.650 21127 21127 I AconfigPackage: com.android.media.editing.flags is mapped to system
06-02 06:33:58.650 21127 21127 I AconfigPackage: com.android.media.codec.flags is mapped to system
06-02 06:33:58.650 21127 21127 I AconfigPackage: com.android.server.powerstats is mapped to system
06-02 06:33:58.650 21127 21127 I AconfigPackage: com.android.graphics.egl.flags is mapped to system
06-02 06:33:58.650 21127 21127 I AconfigPackage: com.android.media.audioserver is mapped to system
06-02 06:33:58.650 21127 21127 I AconfigPackage: com.android.server.deviceidle is mapped to system
06-02 06:33:58.650 21127 21127 I AconfigPackage: android.nfc is mapped to system
06-02 06:33:58.650 21127 21127 I AconfigPackage: android.permission.flags is mapped to system
06-02 06:33:58.650 21127 21127 I AconfigPackage: android.service.voice.flags is mapped to system
06-02 06:33:58.650 21127 21127 I AconfigPackage: android.content.pm is mapped to system
06-02 06:33:58.650 21127 21127 I AconfigPackage: com.android.server.power.hint is mapped to system
06-02 06:33:58.650 21127 21127 I AconfigPackage: android.os is mapped to system
06-02 06:33:58.650 21127 21127 I AconfigPackage: android.service.dreams is mapped to system
06-02 06:33:58.650 21127 21127 I AconfigPackage: com.android.graphics.libgui.flags is mapped to system
06-02 06:33:58.650  1069  1255 D SatelliteController: iisInCarrierRoamingNbIotNtn: satellite is disabled
06-02 06:33:58.650 21127 21127 I AconfigPackage: android.hardware.usb.flags is mapped to system
06-02 06:33:58.650 21127 21127 I AconfigPackage: android.provider is mapped to system
06-02 06:33:58.650 21127 21127 I AconfigPackage: com.android.server.job is mapped to system
06-02 06:33:58.650 21127 21127 I AconfigPackage: com.android.internal.foldables.flags is mapped to system
06-02 06:33:58.650 21127 21127 I AconfigPackage: com.android.internal.telephony.flags is mapped to system
06-02 06:33:58.650 21127 21127 I AconfigPackage: android.webkit is mapped to system
06-02 06:33:58.650 21127 21127 I AconfigPackage: android.credentials.flags is mapped to system
06-02 06:33:58.650 21127 21127 I AconfigPackage: com.android.server.display.feature.flags is mapped to system
06-02 06:33:58.650 21127 21127 I AconfigPackage: com.android.server.notification is mapped to system
06-02 06:33:58.650 21127 21127 I AconfigPackage: android.appwidget.flags is mapped to system
06-02 06:33:58.650 21127 21127 I AconfigPackage: com.android.frameworks.sensorservice.flags is mapped to system
06-02 06:33:58.650 21127 21127 I AconfigPackage: com.android.printspooler.flags is mapped to system
06-02 06:33:58.650 21127 21127 I AconfigPackage: com.android.window.flags is mapped to system
06-02 06:33:58.650 21127 21127 I AconfigPackage: android.adaptiveauth is mapped to system
06-02 06:33:58.651 21127 21127 I AconfigPackage: android.net.wifi.flags is mapped to system
06-02 06:33:58.651 21127 21127 I AconfigPackage: android.media.tv.flags is mapped to system
06-02 06:33:58.651 21127 21127 I AconfigPackage: com.android.server.usb.flags is mapped to system
06-02 06:33:58.651 21127 21127 I AconfigPackage: android.os.vibrator is mapped to system
06-02 06:33:58.651 21127 21127 I AconfigPackage: android.hardware.devicestate.feature.flags is mapped to system
06-02 06:33:58.651 21127 21127 I AconfigPackage: com.android.server.usage is mapped to system
06-02 06:33:58.651 21127 21127 I AconfigPackage: android.server is mapped to system
06-02 06:33:58.651 21127 21127 I AconfigPackage: com.android.wm.shell is mapped to system
06-02 06:33:58.651 21127 21127 I AconfigPackage: android.view.inputmethod is mapped to system
06-02 06:33:58.651 21127 21127 I AconfigPackage: com.android.graphics.hwui.flags is mapped to system
06-02 06:33:58.651 21127 21127 I AconfigPackage: com.android.server.backup is mapped to system
06-02 06:33:58.651 21127 21127 I AconfigPackage: com.android.internal.pm.pkg.component.flags is mapped to system
06-02 06:33:58.651 21127 21127 I AconfigPackage: android.view.accessibility is mapped to system
06-02 06:33:58.651 21127 21127 I AconfigPackage: com.google.wear.sdk is mapped to system
06-02 06:33:58.651 21127 21127 I AconfigPackage: android.media.audio is mapped to system
06-02 06:33:58.652 21127 21127 I AconfigPackage: com.android.server.am is mapped to system
06-02 06:33:58.652 21127 21127 I AconfigPackage: com.android.media.playback.flags is mapped to system
06-02 06:33:58.652 21127 21127 I AconfigPackage: com.android.art.flags is mapped to com.android.art
06-02 06:33:58.652 21127 21127 I AconfigPackage: com.android.libcore is mapped to com.android.art
06-02 06:33:58.652 21127 21127 I AconfigPackage: com.android.media.extractor.flags is mapped to com.android.media
06-02 06:33:58.652 21127 21127 I AconfigPackage: com.android.media.mainline.flags is mapped to com.android.media
06-02 06:33:58.652 21127 21127 I AconfigPackage: com.android.wifi.flags is mapped to com.android.wifi
06-02 06:33:58.653 21127 21127 I AconfigPackage: com.android.org.conscrypt.flags is mapped to com.android.conscrypt
06-02 06:33:58.653 21127 21127 I AconfigPackage: com.android.healthfitness.flags is mapped to com.android.healthfitness
06-02 06:33:58.653 21127 21127 I AconfigPackage: com.google.android.input.twoshay.flags is mapped to vendor
06-02 06:33:58.653 21127 21127 I AconfigPackage: libgooglecamerahal.flags is mapped to vendor
06-02 06:33:58.653 21127 21127 I AconfigPackage: com.android.ipsec.flags is mapped to com.android.ipsec
06-02 06:33:58.654 21127 21127 I AconfigPackage: com.android.nfc.module.flags is mapped to com.android.nfcservices
06-02 06:33:58.654 21127 21127 I AconfigPackage: com.android.adservices.ondevicepersonalization.flags is mapped to com.android.ondevicepersonalization
06-02 06:33:58.654 21127 21127 I AconfigPackage: com.android.bluetooth.flags is mapped to com.android.bt
06-02 06:33:58.655 21127 21127 I AconfigPackage: com.android.devicelock.flags is mapped to com.android.devicelock
06-02 06:33:58.655 21127 21127 I AconfigPackage: android.os.profiling is mapped to com.android.profiling
06-02 06:33:58.655 21127 21127 I AconfigPackage: com.android.os.statsd.flags is mapped to com.android.os.statsd
06-02 06:33:58.655 21127 21127 I AconfigPackage: com.android.cellbroadcastreceiver.flags is mapped to com.android.cellbroadcast
06-02 06:33:58.655 21127 21127 I AconfigPackage: com.android.adservices.flags is mapped to com.android.adservices
06-02 06:33:58.656 21127 21127 I AconfigPackage: com.android.sdksandbox.flags is mapped to com.android.adservices
06-02 06:33:58.656 21127 21127 I AconfigPackage: com.android.uwb.flags is mapped to com.android.uwb
06-02 06:33:58.656 21127 21127 I AconfigPackage: com.android.ranging.flags is mapped to com.android.uwb
06-02 06:33:58.656 21127 21127 I AconfigPackage: android.graphics.pdf.flags is mapped to com.android.mediaprovider
06-02 06:33:58.656 21127 21127 I AconfigPackage: com.android.providers.media.flags is mapped to com.android.mediaprovider
06-02 06:33:58.656 21127 21127 I AconfigPackage: android.graphics.pdf.flags.readonly is mapped to com.android.mediaprovider
06-02 06:33:58.656 21127 21127 I AconfigPackage: com.android.net.ct.flags is mapped to com.android.tethering
06-02 06:33:58.656 21127 21127 I AconfigPackage: com.android.net.flags is mapped to com.android.tethering
06-02 06:33:58.656 21127 21127 I AconfigPackage: android.net.vcn is mapped to com.android.tethering
06-02 06:33:58.656 21127 21127 I AconfigPackage: com.android.nearby.flags is mapped to com.android.tethering
06-02 06:33:58.656 21127 21127 I AconfigPackage: android.net.http is mapped to com.android.tethering
06-02 06:33:58.656 21127 21127 I AconfigPackage: com.android.net.thread.flags is mapped to com.android.tethering
06-02 06:33:58.657 21127 21127 I AconfigPackage: com.android.system.virtualmachine.flags is mapped to com.android.virt
06-02 06:33:58.657 21127 21127 E FeatureFlagsImplExport: android.os.flagging.AconfigStorageReadException: ERROR_PACKAGE_NOT_FOUND: package android.xr cannot be found on the device
06-02 06:33:58.657   688  1714 W IPCThreadState: Sending oneway calls to frozen process.
06-02 06:33:58.659 21127 21127 D UiAutomationConnection: Created on user UserHandle{0}
06-02 06:33:58.659 21127 21127 I UiAutomation: Initialized for user 0 on display 0
06-02 06:33:58.660 21127 21127 W UiAutomation: Created with deprecatead constructor, assumes DEFAULT_DISPLAY
06-02 06:33:58.663   688  1714 D AccessibilityManagerService: changeCurrentUserForTestAutomationIfNeededLocked(0): ignoring because device doesn't support visible background users
06-02 06:33:58.664   688  1714 I UiAutomationManager: Registering UiTestAutomationService (id=com.android.server.accessibility/UiAutomation, flags=0x0) when called by user 0
06-02 06:33:58.664   688  1714 V AccessibilityManagerService: onUserStateChangedLocked for userId: 0, forceUpdate: false
06-02 06:33:58.665   688  1714 W MagnificationConnectionManager: requestConnection duplicated request: connect=false, mConnectionState=DISCONNECTED
06-02 06:33:58.668  1474  1483 I AiAiEcho: Settings changed for uri: content://settings/secure/accessibility_enabled
06-02 06:33:58.669   688   688 W IPCThreadState: Sending oneway calls to frozen process.
06-02 06:33:58.669  1474  1863 I AiAiEcho: Predicting[0]:  [CONTEXT sampling_count=5 ]
06-02 06:33:58.669  1474  1863 I AiAiEcho: EchoTargets: 
06-02 06:33:58.669  1474  1863 I AiAiEcho: Filtered by AiAi flag check: 
06-02 06:33:58.669  1474  1863 I AiAiEcho: [CONTEXT ratelimit_period="10 SECONDS" ]
06-02 06:33:58.669   688   688 W IPCThreadState: Sending oneway calls to frozen process.
06-02 06:33:58.669   688   688 W IPCThreadState: Sending oneway calls to frozen process.
06-02 06:33:58.669  1474  1863 I AiAiEcho: #remoteViewsTwiddler: feature disabled.
06-02 06:33:58.669   688   688 W IPCThreadState: Sending oneway calls to frozen process.
06-02 06:33:58.669   688   688 W IPCThreadState: Sending oneway calls to frozen process.
06-02 06:33:58.669  1474  1863 I AiAiEcho: Predicting[0]:  [CONTEXT sampling_count=5 ]
06-02 06:33:58.670   688   688 W IPCThreadState: Sending oneway calls to frozen process.
06-02 06:33:58.670  1474  1863 I AiAiEcho: EchoTargets: 
06-02 06:33:58.670  1474  1863 I AiAiEcho: Filtered by AiAi flag check: 
06-02 06:33:58.670  1474  1863 I AiAiEcho: [CONTEXT ratelimit_period="10 SECONDS" ]
06-02 06:33:58.670   688   688 W IPCThreadState: Sending oneway calls to frozen process.
06-02 06:33:58.670   688   688 W IPCThreadState: Sending oneway calls to frozen process.
06-02 06:33:58.670   688   688 W IPCThreadState: Sending oneway calls to frozen process.
06-02 06:33:58.671   688   688 W IPCThreadState: Sending oneway calls to frozen process.
06-02 06:33:58.671   688   688 W IPCThreadState: Sending oneway calls to frozen process.
06-02 06:33:58.671   688   688 W IPCThreadState: Sending oneway calls to frozen process.
06-02 06:33:58.671   688   688 W IPCThreadState: Sending oneway calls to frozen process.
06-02 06:33:58.671   688   688 W IPCThreadState: Sending oneway calls to frozen process.
06-02 06:33:58.672   688   688 W IPCThreadState: Sending oneway calls to frozen process.
06-02 06:33:58.672   688   688 W IPCThreadState: Sending oneway calls to frozen process.
06-02 06:33:58.672   688   688 W IPCThreadState: Sending oneway calls to frozen process.
06-02 06:33:58.672   688   688 W IPCThreadState: Sending oneway calls to frozen process.
06-02 06:33:58.672   688   688 W IPCThreadState: Sending oneway calls to frozen process.
06-02 06:33:58.673   688   688 W IPCThreadState: Sending oneway calls to frozen process.
06-02 06:33:58.673   688   688 W IPCThreadState: Sending oneway calls to frozen process.
06-02 06:33:58.673   688   688 D BatterySaverPolicy: accessibility changed to true, updating policy.
06-02 06:33:58.675   688   769 V AccessibilityManagerService: onUserStateChangedLocked for userId: 0, forceUpdate: false
06-02 06:33:58.680   688   769 W MagnificationConnectionManager: requestConnection duplicated request: connect=false, mConnectionState=DISCONNECTED
06-02 06:33:58.681  1474  3107 I AiAiEcho: Settings changed for uri: content://settings/secure/accessibility_enabled
