06-01 17:17:14.862  1474  2125 I AiAiLocation: Requesting location updates with LocationConfig(minUpdateIntervalSeconds=21600, minTravelDistanceMeters=100000)
06-01 17:17:14.886  2540  2631 W JobInfo : Requested important-while-foreground flag for job18 is ignored and takes no effect
06-01 17:17:14.893  2048  2133 I .apps.wellbeing: AssetManager2(0x7184c5c17a98) locale list changing from [] to [en-US]
06-01 17:17:14.897  2048  2133 I .apps.wellbeing: AssetManager2(0x7184c5c17778) locale list changing from [] to [en-US]
06-01 17:17:14.905  2187  2309 D WM-GreedyScheduler: Cancelling work ID 3c9e66f4-08c4-4f1d-8488-b040d0e91d4d
06-01 17:17:14.919  2048  2133 I .apps.wellbeing: AssetManager2(0x7184c5c12958) locale list changing from [] to [en-US]
06-01 17:17:14.929  2187  2309 D WM-SystemJobScheduler: Scheduling work ID 3c9e66f4-08c4-4f1d-8488-b040d0e91d4dJob ID 1766
06-01 17:17:14.931  2148  2255 I WM-GreedyScheduler: Ignoring schedule request in a secondary process
06-01 17:17:14.932   679  1573 D ConnectivityService: requestNetwork for uid/pid:1000/679 asUid: 10152 activeRequest: null callbackRequest: 110 [NetworkRequest [ REQUEST id=111, [ Capabilities: INTERNET&NOT_RESTRICTED&TRUSTED&NOT_VCN_MANAGED&NOT_BANDWIDTH_CONSTRAINED Uid: 10152 RequestorUid: 1000 RequestorPkg: android UnderlyingNetworks: Null] ]] callback flags: 0 order: 2147483647 isUidTracked: false declaredMethods: AVAIL|LOST|BLK
06-01 17:17:14.933   679   835 D ConnectivityService: NetReassign [111 : null → 100] [c 0] [a 1] [i 1]
06-01 17:17:14.934   679   827 D WifiNetworkFactory: got request NetworkRequest [ REQUEST id=111, [ Capabilities: INTERNET&NOT_RESTRICTED&TRUSTED&NOT_VCN_MANAGED&NOT_BANDWIDTH_CONSTRAINED Uid: 10152 RequestorUid: 1000 RequestorPkg: android UnderlyingNetworks: Null] ]
06-01 17:17:14.934   679   827 D UntrustedWifiNetworkFactory: got request NetworkRequest [ REQUEST id=111, [ Capabilities: INTERNET&NOT_RESTRICTED&TRUSTED&NOT_VCN_MANAGED&NOT_BANDWIDTH_CONSTRAINED Uid: 10152 RequestorUid: 1000 RequestorPkg: android UnderlyingNetworks: Null] ]
06-01 17:17:14.934   679   827 D OemPaidWifiNetworkFactory: got request NetworkRequest [ REQUEST id=111, [ Capabilities: INTERNET&NOT_RESTRICTED&TRUSTED&NOT_VCN_MANAGED&NOT_BANDWIDTH_CONSTRAINED Uid: 10152 RequestorUid: 1000 RequestorPkg: android UnderlyingNetworks: Null] ]
06-01 17:17:14.934   679   827 D MultiInternetWifiNetworkFactory: got request NetworkRequest [ REQUEST id=111, [ Capabilities: INTERNET&NOT_RESTRICTED&TRUSTED&NOT_VCN_MANAGED&NOT_BANDWIDTH_CONSTRAINED Uid: 10152 RequestorUid: 1000 RequestorPkg: android UnderlyingNetworks: Null] ]
06-01 17:17:14.939  2187  2309 D WM-GreedyScheduler: Ignoring {WorkSpec: 4bbe0f97-af1e-43da-a9f7-7023d6f90f1f}. Requires device idle.
06-01 17:17:14.939  2187  2309 D WM-GreedyScheduler: Ignoring {WorkSpec: 8a71ddeb-024a-42d9-b323-09743e6c7207}. Requires device idle.
06-01 17:17:14.939  2187  2309 D WM-GreedyScheduler: Ignoring {WorkSpec: 1cfeb8ce-0bc6-4456-aa4f-dc3cf66674cd}. Requires device idle.
06-01 17:17:14.939  2187  2309 D WM-GreedyScheduler: Ignoring {WorkSpec: 48ce0983-9fd2-4ccc-93f1-14e323aa9613}. Requires device idle.
06-01 17:17:14.939  2048  2133 I .apps.wellbeing: AssetManager2(0x7184c5c15b58) locale list changing from [] to [en-US]
06-01 17:17:14.945  2540  2631 W JobInfo : Requested important-while-foreground flag for job19 is ignored and takes no effect
06-01 17:17:14.953  1572  1928 I WM-WorkerWrapper: Worker result SUCCESS for Work [ id=7d6e2f25-080b-4d0d-890c-5f1b19b936fc, tags={ com.google.apps.tiktok.contrib.work.TikTokListenableWorker,TikTokWorker#com.google.android.apps.search.assistant.surfaces.notification.DelayedNotificationWorker } ]
06-01 17:17:14.953  1593  1771 W gle.android.gms: Verification of void m32.fwy.<clinit>() took 641.937ms (31.16 bytecodes/s) (0B arena alloc)
06-01 17:17:14.957  1561  2227 D WM-GreedyScheduler: Ignoring {WorkSpec: 71f9f7b7-0e95-4142-92da-e8df3242f46c}. Requires device idle.
06-01 17:17:14.957  2148  2257 I GnpSdk  : (REDACTED) Finished executing async action [%s] in Coroutine Scope.
06-01 17:17:14.957  1561  2227 D WM-GreedyScheduler: Ignoring {WorkSpec: 82586dc0-2fcb-4952-a1e0-78d6f4eff466}. Requires device idle.
06-01 17:17:14.957  1561  2227 D WM-GreedyScheduler: Ignoring {WorkSpec: b46ff990-55a7-4bcf-b88c-4c581135cb05}. Requires device idle.
06-01 17:17:14.957  1561  2227 D WM-GreedyScheduler: Ignoring {WorkSpec: 891e70ff-277d-4d89-a55c-8d84058f688e}. Requires device idle.
06-01 17:17:14.957  1561  2227 D WM-GreedyScheduler: Ignoring {WorkSpec: bb701614-c815-4849-a026-151040b92d8a}. Requires device idle.
06-01 17:17:14.957  1561  2227 D WM-GreedyScheduler: Ignoring {WorkSpec: 6d4c483c-b7cc-45c5-802a-4411bc722a37}. Requires device idle.
06-01 17:17:14.957  1561  2227 D WM-GreedyScheduler: Ignoring {WorkSpec: 44edd83d-637c-4cab-80ff-dfeb84a1aa15}. Requires device idle.
06-01 17:17:14.957  1561  2227 D WM-GreedyScheduler: Ignoring {WorkSpec: 54c47f21-835a-4862-9aec-d8defeddd992}. Requires device idle.
06-01 17:17:14.958  2148  2257 I GnpSdk  : (REDACTED) Finished Broadcast execution [%d].
06-01 17:17:14.959  1561  2227 D WM-WorkerWrapper: Status for e98659eb-a221-4b1e-8591-d753e5a59f45 is ENQUEUED; not doing any work and rescheduling for later execution
06-01 17:17:14.961  1593  2075 V Configuration: Updating configuration, locales updated from [] to [en_US]
06-01 17:17:14.961  1593  2075 I gle.android.gms: AssetManager2(0x7184c5c13f38) locale list changing from [] to [en-US]
06-01 17:17:14.961  2148  2148 W ActivityThread: getPackageInfo() called with an older ApplicationInfo than the cached version for package com.google.android.googlequicksearchbox
06-01 17:17:14.974  2187  2671 D WM-GreedyScheduler: Cancelling work ID 3a774458-301a-45e4-b9af-c2234833c3c1
06-01 17:17:14.977  1593  1593 I NearbySharing: SharingTileService created.
06-01 17:17:14.985  2187  2671 D WM-SystemJobScheduler: Scheduling work ID 3a774458-301a-45e4-b9af-c2234833c3c1Job ID 1767
06-01 17:17:14.989  1593  2750 I NearbySharing: Create pesudo logger.
06-01 17:17:14.990  2048  2133 I .apps.wellbeing: AssetManager2(0x7184c5c11378) locale list changing from [] to [en-US]
06-01 17:17:14.993  2048  2133 I .apps.wellbeing: AssetManager2(0x7184c5c15e78) locale list changing from [] to [en-US]
06-01 17:17:14.995  2048  2133 I .apps.wellbeing: AssetManager2(0x7184c5c14ed8) locale list changing from [] to [en-US]
06-01 17:17:14.996  2187  2671 D WM-GreedyScheduler: Ignoring {WorkSpec: 4bbe0f97-af1e-43da-a9f7-7023d6f90f1f}. Requires device idle.
06-01 17:17:14.996  2187  2671 D WM-GreedyScheduler: Ignoring {WorkSpec: 8a71ddeb-024a-42d9-b323-09743e6c7207}. Requires device idle.
06-01 17:17:14.996  2187  2671 D WM-GreedyScheduler: Ignoring {WorkSpec: 1cfeb8ce-0bc6-4456-aa4f-dc3cf66674cd}. Requires device idle.
06-01 17:17:14.996  2187  2671 D WM-GreedyScheduler: Ignoring {WorkSpec: 48ce0983-9fd2-4ccc-93f1-14e323aa9613}. Requires device idle.
06-01 17:17:15.000  1452  1452 W ActivityThread: getPackageInfo() called with an older ApplicationInfo than the cached version for package com.google.android.providers.media.module
06-01 17:17:15.001   679  1562 W JobInfo : Job 'com.google.android.providers.media.module/com.android.providers.media.MediaService#-300' has a deadline with no functional constraints. The deadline won't improve job execution latency. Consider removing the deadline.
06-01 17:17:15.005  1474  2125 E AiAiEcho: EchoSearch: SettingsFetcherImpl: DB already exists.
06-01 17:17:15.009  1593  1899 D SharedPreferencesImpl: Time required to fsync /data/user/0/com.google.android.gms/shared_prefs/AppDataSearch-main-config.xml: [<1: 0, <2: 0, <4: 0, <8: 0, <16: 3, <32: 1, <64: 0, <128: 0, <256: 0, <512: 0, <1024: 1, <2048: 0, <4096: 0, <8192: 0, <16384: 0, >=16384: 0]
06-01 17:17:15.009  2643  2643 D WM-PackageManagerHelper: Skipping component enablement for androidx.work.impl.background.systemjob.SystemJobService
06-01 17:17:15.009  2643  2643 D WM-Schedulers: Created SystemJobScheduler and enabled SystemJobService
06-01 17:17:15.031   679   883 D BackgroundInstallControlService: Package event received: 0
06-01 17:17:15.044  1032  1226 I bt_shim_scanner: system/main/shim/le_scanning_manager.cc:147 Scan: in shim layer stopped
06-01 17:17:15.044  1032  1208 I bluetooth: system/gd/hci/le_address_manager.cc:278 unregister_client: Client unregistered
06-01 17:17:15.045  1032  1208 I bluetooth: system/gd/hci/le_address_manager.cc:293 unregister_client: Cancelled address rotation alarm
06-01 17:17:15.046  1032  1226 I bt_shim_scanner: system/main/shim/le_scanning_manager.cc:311 SetScanParameters: in shim layer, scannerId1m=1, scannerIdCoded=0
06-01 17:17:15.046  1032  1226 I bt_shim_scanner: system/main/shim/le_scanning_manager.cc:147 Scan: in shim layer started
06-01 17:17:15.048  1032  1208 I bluetooth: system/gd/hci/le_scanning_manager.cc:601 stop_scan: Scanning already stopped, return!
06-01 17:17:15.049  1032  1208 I bluetooth: system/gd/hci/le_address_manager.cc:576 GetNextPrivateAddressIntervalRange: client=LeAddressManager, nonwake=7m13s, wake=14m24s
06-01 17:17:15.049  1032  1208 I bluetooth: system/gd/hci/le_address_manager.cc:259 register_client: Scheduled address rotation for first client registered
06-01 17:17:15.049  1032  1208 I bluetooth: system/gd/hci/le_address_manager.cc:263 register_client: Client registered
06-01 17:17:15.068   679  1808 W ParceledListSlice: Element #27 is 21192 bytes.
06-01 17:17:15.069   679  1808 W ParceledListSlice: Element #28 is 21372 bytes.
06-01 17:17:15.069   679  1808 W ParceledListSlice: Overly large reply size: 83644
06-01 17:17:15.072   679  1808 W ParceledListSlice: Element #29 is 21584 bytes.
06-01 17:17:15.073   679  1808 W ParceledListSlice: Element #30 is 21096 bytes.
06-01 17:17:15.074  1474  2125 I ogle.android.as: AssetManager2(0x7184c5c2b958) locale list changing from [] to [en-US]
06-01 17:17:15.077  1474  2125 I ogle.android.as: AssetManager2(0x7184c5c2fe18) locale list changing from [] to [en-US]
06-01 17:17:15.078  1474  2125 I ogle.android.as: AssetManager2(0x7184c5c2a058) locale list changing from [] to [en-US]
06-01 17:17:15.080  1474  2125 I ogle.android.as: AssetManager2(0x7184c5c2ded8) locale list changing from [] to [en-US]
06-01 17:17:15.086  1593  2576 W ShimCertificateManager: com.google.android.apps.search.googleapp.dev package is not registered for Icing AppSearch Shim !!
06-01 17:17:15.086  1593  2576 W ShimCertificateManager: com.google.android.apps.search.googleapp.search.dev package is not registered for Icing AppSearch Shim !!
06-01 17:17:15.086  1593  2576 W ShimCertificateManager: com.google.android.apps.search.googleapp.search.toast.advancedplatform.dev package is not registered for Icing AppSearch Shim !!
06-01 17:17:15.087  1593  2576 W ShimCertificateManager: com.google.android.contacts package is not registered for Icing AppSearch Shim !!
06-01 17:17:15.087  1593  2576 W ShimCertificateManager: com.google.android.apps.youtube.music package is not registered for Icing AppSearch Shim !!
06-01 17:17:15.087  1593  2576 W ShimCertificateManager: com.google.android.inputmethod.latin package is not registered for Icing AppSearch Shim !!
06-01 17:17:15.087  1593  2576 W ShimCertificateManager: com.google.android.inputmethod.latin.dev package is not registered for Icing AppSearch Shim !!
06-01 17:17:15.087  1593  2576 W ShimCertificateManager: com.google.android.inputmethod.latin.canary package is not registered for Icing AppSearch Shim !!
06-01 17:17:15.087  1593  2576 W ShimCertificateManager: com.google.android.inputmethod.latin package is not registered for Icing AppSearch Shim !!
06-01 17:17:15.087  1593  2576 W ShimCertificateManager: com.google.android.inputmethod.latin.dev package is not registered for Icing AppSearch Shim !!
06-01 17:17:15.087  1593  2576 W ShimCertificateManager: com.google.android.inputmethod.latin.canary package is not registered for Icing AppSearch Shim !!
06-01 17:17:15.087  1593  2576 W ShimCertificateManager: com.google.android.apps.youtube.music package is not registered for Icing AppSearch Shim !!
06-01 17:17:15.087  1593  2576 W ShimCertificateManager: com.google.android.apps.youtube.music package is not registered for Icing AppSearch Shim !!
06-01 17:17:15.087  1593  2576 W ShimCertificateManager: com.google.android.apps.youtube.music package is not registered for Icing AppSearch Shim !!
06-01 17:17:15.087  1593  2576 W ShimCertificateManager: com.google.android.googlequicksearchbox package is not registered for Icing AppSearch Shim !!
06-01 17:17:15.087  1593  2576 W ShimCertificateManager: com.google.android.apps.nexuslauncher package is not registered for Icing AppSearch Shim !!
06-01 17:17:15.087  1593  2576 W ShimCertificateManager: com.google.android.carassistant package is not registered for Icing AppSearch Shim !!
06-01 17:17:15.089  1474  2125 I ogle.android.as: AssetManager2(0x7184c5c29a18) locale list changing from [] to [en-US]
06-01 17:17:15.091  1474  2125 I ogle.android.as: AssetManager2(0x7184c5c2f7d8) locale list changing from [] to [en-US]
06-01 17:17:15.093  1474  2125 I ogle.android.as: AssetManager2(0x7184c5c2e838) locale list changing from [] to [en-US]
06-01 17:17:15.094  2187  2309 D WM-GreedyScheduler: Cancelling work ID 08525ab9-08d3-4ca8-a010-da656a1db55f
06-01 17:17:15.095  1474  2125 I ogle.android.as: AssetManager2(0x7184c5c38798) locale list changing from [] to [en-US]
06-01 17:17:15.096  2048  2060 W WellbeingSettingsProvid: <DWB> Call failed: get_actions
06-01 17:17:15.096  2048  2060 W WellbeingSettingsProvid: java.util.concurrent.TimeoutException: Waited 5000 milliseconds (plus 58 milliseconds, 716800 nanoseconds delay) for oop@8ea865b[status=PENDING, info=[inputFuture=[ooo@62d1ef8[status=PENDING, setFuture=[onv@c75efd1[status=PENDING, info=[inputFuture=[oop@9eefa36[status=PENDING, info=[inputFuture=[oop@6c12d37[status=PENDING, info=[inputFuture=[opl@b9132a4[status=PENDING, info=[futures=[oop@918b80d[status=PENDING, info=[inputFuture=[oop@ea883c2[status=PENDING, info=[inputFuture=[oql@ff165d3[status=PENDING, info=[delegate=[ors@b00d510[status=PENDING, setFuture=[oop@aa5c809[status=PENDING, info=[inputFuture=[ooo@b7f1a0e[status=PENDING, info=[inputFuture=[oql@3e28c2f[status=PENDING, info=[delegate=[ors@986323c[status=PENDING, info=[task=[running=[NOT STARTED YET], propagating=[ect@7d9dbc5]]]]]]]], function=[propagating=[ecq@816c91a]]]]], function=[propagating=[ecs@715bc4b]]]]]]]]]], function=[propagating=[ecd@a23628]]]]], function=[propagating=[fiy@c816f41]]]]]]]], function=[propagating=[fen@485ce6]]]]], function=[propagating=[dzs@b01d227]]]]], exceptionType=[class java.lang.Throwable], fallback=[propagating=[ecs@ef88cd4]]]]]]], function=[propagating=[dzs@ab4be7d]]]]
06-01 17:17:15.096  2048  2060 W WellbeingSettingsProvid: 	at oom.t(PG:370)
06-01 17:17:15.096  2048  2060 W WellbeingSettingsProvid: 	at ooe.get(PG:6)
06-01 17:17:15.096  2048  2060 W WellbeingSettingsProvid: 	at oqd.get(PG:10)
06-01 17:17:15.096  2048  2060 W WellbeingSettingsProvid: 	at com.google.android.apps.wellbeing.api.impl.WellbeingSettingsProvider.i(PG:9)
06-01 17:17:15.096  2048  2060 W WellbeingSettingsProvid: 	at com.google.android.apps.wellbeing.api.impl.WellbeingSettingsProvider.call(PG:150)
06-01 17:17:15.096  2048  2060 W WellbeingSettingsProvid: 	at android.content.ContentProvider.call(ContentProvider.java:2709)
06-01 17:17:15.096  2048  2060 W WellbeingSettingsProvid: 	at android.content.ContentProvider$Transport.call(ContentProvider.java:638)
06-01 17:17:15.096  2048  2060 W WellbeingSettingsProvid: 	at android.content.ContentProviderNative.onTransact(ContentProviderNative.java:307)
06-01 17:17:15.096  2048  2060 W WellbeingSettingsProvid: 	at android.os.Binder.execTransactInternal(Binder.java:1421)
06-01 17:17:15.096  2048  2060 W WellbeingSettingsProvid: 	at android.os.Binder.execTransact(Binder.java:1365)
06-01 17:17:15.099  1474  2125 I ogle.android.as: AssetManager2(0x7184c5c3bcb8) locale list changing from [] to [en-US]
06-01 17:17:15.102  1474  2125 I ogle.android.as: AssetManager2(0x7184c5c3cc58) locale list changing from [] to [en-US]
06-01 17:17:15.104  1179  1179 W ActivityThread: getPackageInfo() called with an older ApplicationInfo than the cached version for package com.android.settings
06-01 17:17:15.107  1474  2125 I ogle.android.as: AssetManager2(0x7184c5c3b998) locale list changing from [] to [en-US]
06-01 17:17:15.109  1179  1179 W ActivityThread: getPackageInfo() called with an older ApplicationInfo than the cached version for package com.android.settings
06-01 17:17:15.110  1179  1179 D BootBroadcastReceiver: refresh periodic job from action=android.intent.action.BOOT_COMPLETED
06-01 17:17:15.111  2187  2309 D WM-SystemJobScheduler: Scheduling work ID 08525ab9-08d3-4ca8-a010-da656a1db55fJob ID 1768
06-01 17:17:15.113  1474  2125 I ogle.android.as: AssetManager2(0x7184c5c3a098) locale list changing from [] to [en-US]
06-01 17:17:15.114  2187  2309 D WM-GreedyScheduler: Ignoring {WorkSpec: 4bbe0f97-af1e-43da-a9f7-7023d6f90f1f}. Requires device idle.
06-01 17:17:15.114  2187  2309 D WM-GreedyScheduler: Ignoring {WorkSpec: 8a71ddeb-024a-42d9-b323-09743e6c7207}. Requires device idle.
06-01 17:17:15.114  2187  2309 D WM-GreedyScheduler: Ignoring {WorkSpec: 1cfeb8ce-0bc6-4456-aa4f-dc3cf66674cd}. Requires device idle.
06-01 17:17:15.114  2187  2309 D WM-GreedyScheduler: Ignoring {WorkSpec: 48ce0983-9fd2-4ccc-93f1-14e323aa9613}. Requires device idle.
06-01 17:17:15.117  1474  2125 I ogle.android.as: AssetManager2(0x7184c5c3d298) locale list changing from [] to [en-US]
06-01 17:17:15.121  1452  1452 W ActivityThread: getPackageInfo() called with an older ApplicationInfo than the cached version for package com.google.android.providers.media.module
06-01 17:17:15.122   679  1569 W JobInfo : Job 'com.google.android.providers.media.module/com.android.providers.media.MediaService#-300' has a deadline with no functional constraints. The deadline won't improve job execution latency. Consider removing the deadline.
06-01 17:17:15.123  1474  2125 I ogle.android.as: AssetManager2(0x7184c5c3d8d8) locale list changing from [] to [en-US]
06-01 17:17:15.124  2187  2382 I SyncWorkManagerPeriodic: Successfully scheduled next periodic workers
06-01 17:17:15.127  1474  2125 I AiAiEcho: EchoSearch: WidgetFetcherImpl is initialized with [34] widgets [reason=module initialized]
06-01 17:17:15.132  1452  1724 I MediaProvider: Begin Intent { act=android.intent.action.MEDIA_MOUNTED dat=file:///... flg=0x5000010 xflg=0x4 cmp=com.google.android.providers.media.module/com.android.providers.media.MediaService (has extras) }
06-01 17:17:15.132  1452  1724 I MediaProvider: Volume MediaVolume name: [external_primary] id: [emulated;0] user: [UserHandle{0}] path: [/storage/emulated/0] externallyManaged: [false] mPublicVolume: [false] already attached
06-01 17:17:15.132  1452  1724 I MediaProvider: End Intent { act=android.intent.action.MEDIA_MOUNTED dat=file:///... flg=0x5000010 xflg=0x4 cmp=com.google.android.providers.media.module/com.android.providers.media.MediaService (has extras) }
06-01 17:17:15.136  1561  1561 D WM-Processor: gfc e98659eb-a221-4b1e-8591-d753e5a59f45 executed; reschedule = true
06-01 17:17:15.136  1561  1561 D WM-SystemJobService: e98659eb-a221-4b1e-8591-d753e5a59f45 executed on JobScheduler
06-01 17:17:15.137  1452  1452 W MediaProvider: WorkProfileOwnerApps cache is empty
06-01 17:17:15.138  1452  1452 D PickerSyncLockManager: Trying to acquire lock com.android.providers.media.photopicker.sync.CloseableReentrantLock@30908cd[Unlocked]. Lock Name = CLOUD_PROVIDER_LOCK. Threads that may be waiting to acquire this lock = []
06-01 17:17:15.138  1452  1452 D CloseableReentrantLock: Successfully acquired lock com.android.providers.media.photopicker.sync.CloseableReentrantLock@30908cd[Locked by thread main]. Lock Name = CLOUD_PROVIDER_LOCK. Threads that may be waiting to acquire this lock = []
06-01 17:17:15.138  1452  1452 D CloseableReentrantLock: Successfully released lock com.android.providers.media.photopicker.sync.CloseableReentrantLock@30908cd[Unlocked]. Lock Name = CLOUD_PROVIDER_LOCK. Threads that may be waiting to acquire this lock = []
06-01 17:17:15.138  1452  1452 W ActivityThread: getPackageInfo() called with an older ApplicationInfo than the cached version for package com.google.android.providers.media.module
06-01 17:17:15.138  1452  1452 D PickerSyncController: Schedule enable cloud media query task.
06-01 17:17:15.144  1572  1580 W earchbox:search: Suspending all threads took: 147.050ms
06-01 17:17:15.146  2540  2649 I SP      : Sync for en-us succeeded in 733 ms: no changes
06-01 17:17:15.146  2540  2649 I SP      : GC for 'en-us' (10) with ttl of 0 ms took 0 ms (0/0/0)
06-01 17:17:15.147  2540  2646 I VoiceDataDownloader: Superpack download completed.
06-01 17:17:15.147  2540  2646 I VoiceDataDownloader: Download en-us Success true
06-01 17:17:15.147  2540  2646 I VoiceDataManager: Downloaded voice en-us
06-01 17:17:15.147  2540  2646 I VoiceDataManager: checkData: Refreshing list of all available voices...
06-01 17:17:15.152  1572  1928 D WM-Processor: oxa: processing WorkGenerationalId(workSpecId=becf05a8-ed23-47e0-ba74-82602b6cc8d1, generation=0)
06-01 17:17:15.157  2187  2671 D WM-GreedyScheduler: Cancelling work ID 08525ab9-08d3-4ca8-a010-da656a1db55f
06-01 17:17:15.159  2187  2671 D WM-GreedyScheduler: Ignoring {WorkSpec: 4bbe0f97-af1e-43da-a9f7-7023d6f90f1f}. Requires device idle.
06-01 17:17:15.159  2187  2671 D WM-GreedyScheduler: Ignoring {WorkSpec: 8a71ddeb-024a-42d9-b323-09743e6c7207}. Requires device idle.
06-01 17:17:15.159  2187  2671 D WM-GreedyScheduler: Ignoring {WorkSpec: 1cfeb8ce-0bc6-4456-aa4f-dc3cf66674cd}. Requires device idle.
06-01 17:17:15.159  2187  2671 D WM-GreedyScheduler: Ignoring {WorkSpec: 48ce0983-9fd2-4ccc-93f1-14e323aa9613}. Requires device idle.
06-01 17:17:15.175  1593  2075 W ProviderHelper: Unknown dynamite feature providerinstaller.dynamite
06-01 17:17:15.175  1593  2075 I DynamiteModule: Considering local module com.google.android.gms.providerinstaller.dynamite:1 and remote module com.google.android.gms.providerinstaller.dynamite:0
06-01 17:17:15.175  1593  2075 I DynamiteModule: Selected local version of com.google.android.gms.providerinstaller.dynamite
06-01 17:17:15.177  1561  2223 D WM-GreedyScheduler: Cancelling work ID f329efff-1b5b-4579-a177-dfdf9d362a7c
06-01 17:17:15.179  1561  2223 D WM-SystemJobScheduler: Scheduling work ID e98659eb-a221-4b1e-8591-d753e5a59f45Job ID 298
06-01 17:17:15.189  2643  2753 D WM-ForceStopRunnable: The default process name was not specified.
06-01 17:17:15.190  2540  2555 I GoogleTTSServiceImpl: For default lang en-us is name en-US-language (en-us-x-iog-server)
06-01 17:17:15.193  1265  1265 W SystemServiceRegistry: No service published for: persistent_data_block
06-01 17:17:15.202  2643  2753 D WM-ForceStopRunnable: Performing cleanup operations.
06-01 17:17:15.204  1474  2742 I TextToSpeech: Setting up the connection to TTS engine...
06-01 17:17:15.204  1474  1474 I AiAiCaptions: TtsSynthesizerImpl::onInit(): status: true(0).
06-01 17:17:15.214  2187  2671 D WM-GreedyScheduler: Cancelling work ID ebaca6e0-5c09-44c6-b238-f678157b981d
06-01 17:17:15.216  2187  2671 D WM-GreedyScheduler: Ignoring {WorkSpec: 4bbe0f97-af1e-43da-a9f7-7023d6f90f1f}. Requires device idle.
06-01 17:17:15.216  2187  2671 D WM-GreedyScheduler: Ignoring {WorkSpec: 8a71ddeb-024a-42d9-b323-09743e6c7207}. Requires device idle.
06-01 17:17:15.216  2187  2671 D WM-GreedyScheduler: Ignoring {WorkSpec: 1cfeb8ce-0bc6-4456-aa4f-dc3cf66674cd}. Requires device idle.
06-01 17:17:15.216  2187  2671 D WM-GreedyScheduler: Ignoring {WorkSpec: 48ce0983-9fd2-4ccc-93f1-14e323aa9613}. Requires device idle.
06-01 17:17:15.228  2048  2133 I .apps.wellbeing: AssetManager2(0x7184c5c14578) locale list changing from [] to [en-US]
06-01 17:17:15.232  1572  1869 I earchbox:search: WaitForGcToComplete blocked ClassLinker on Background for 1.041s
06-01 17:17:15.239  2187  2309 D WM-BrdcstRcvrCnstrntTrc: syb: unregistering receiver
06-01 17:17:15.250  2187  2309 D WM-WorkConstraintsTrack: NetworkRequestConstraintController unregister shared callback
06-01 17:17:15.252  1452  1724 I MediaProvider: Begin Intent { act=android.intent.action.MEDIA_MOUNTED dat=file:///... flg=0x5000010 xflg=0x4 cmp=com.google.android.providers.media.module/com.android.providers.media.MediaService (has extras) }
06-01 17:17:15.252  1452  1724 I MediaProvider: Volume MediaVolume name: [external_primary] id: [emulated;0] user: [UserHandle{0}] path: [/storage/emulated/0] externallyManaged: [false] mPublicVolume: [false] already attached
06-01 17:17:15.252  1452  1724 I MediaProvider: End Intent { act=android.intent.action.MEDIA_MOUNTED dat=file:///... flg=0x5000010 xflg=0x4 cmp=com.google.android.providers.media.module/com.android.providers.media.MediaService (has extras) }
06-01 17:17:15.258  2187  2671 D WM-GreedyScheduler: Cancelling work ID 904fc63d-5241-48a3-b60a-045bac4223cc
06-01 17:17:15.264  2187  2671 D WM-GreedyScheduler: Ignoring {WorkSpec: 4bbe0f97-af1e-43da-a9f7-7023d6f90f1f}. Requires device idle.
06-01 17:17:15.265  2187  2671 D WM-GreedyScheduler: Ignoring {WorkSpec: 8a71ddeb-024a-42d9-b323-09743e6c7207}. Requires device idle.
06-01 17:17:15.265  2187  2671 D WM-GreedyScheduler: Ignoring {WorkSpec: 1cfeb8ce-0bc6-4456-aa4f-dc3cf66674cd}. Requires device idle.
06-01 17:17:15.265  2187  2671 D WM-GreedyScheduler: Ignoring {WorkSpec: 48ce0983-9fd2-4ccc-93f1-14e323aa9613}. Requires device idle.
06-01 17:17:15.269  1561  2223 D WM-GreedyScheduler: Ignoring {WorkSpec: 71f9f7b7-0e95-4142-92da-e8df3242f46c}. Requires device idle.
06-01 17:17:15.269  1561  2223 D WM-GreedyScheduler: Ignoring {WorkSpec: 82586dc0-2fcb-4952-a1e0-78d6f4eff466}. Requires device idle.
06-01 17:17:15.270  1561  2223 D WM-GreedyScheduler: Ignoring {WorkSpec: b46ff990-55a7-4bcf-b88c-4c581135cb05}. Requires device idle.
06-01 17:17:15.270  1561  2223 D WM-GreedyScheduler: Ignoring {WorkSpec: 891e70ff-277d-4d89-a55c-8d84058f688e}. Requires device idle.
06-01 17:17:15.270  1561  2223 D WM-GreedyScheduler: Ignoring {WorkSpec: bb701614-c815-4849-a026-151040b92d8a}. Requires device idle.
06-01 17:17:15.270  1561  2223 D WM-GreedyScheduler: Ignoring {WorkSpec: 6d4c483c-b7cc-45c5-802a-4411bc722a37}. Requires device idle.
06-01 17:17:15.270  1561  2223 D WM-GreedyScheduler: Ignoring {WorkSpec: 44edd83d-637c-4cab-80ff-dfeb84a1aa15}. Requires device idle.
06-01 17:17:15.270  1561  2223 D WM-GreedyScheduler: Ignoring {WorkSpec: 54c47f21-835a-4862-9aec-d8defeddd992}. Requires device idle.
06-01 17:17:15.268  1452  1452 W ActivityThread: getPackageInfo() called with an older ApplicationInfo than the cached version for package com.google.android.providers.media.module
06-01 17:17:15.270  1452  1452 D WM-RescheduleReceiver: Received intent Intent { act=android.intent.action.BOOT_COMPLETED flg=0x89000010 cmp=com.google.android.providers.media.module/androidx.work.impl.background.systemalarm.RescheduleReceiver (has extras) }
06-01 17:17:15.271  1572  1869 I earchbox:search: AssetManager2(0x7184c5c09fd8) locale list changing from [] to [en-US]
06-01 17:17:15.275  1572  1572 D WM-Processor: oxa 7d6e2f25-080b-4d0d-890c-5f1b19b936fc executed; reschedule = false
06-01 17:17:15.275  1572  1572 D WM-SystemJobService: 7d6e2f25-080b-4d0d-890c-5f1b19b936fc executed on JobScheduler
06-01 17:17:15.276  1179  1179 D PeriodicJobManager: schedule next alarm job at Jun 01, 2026, 18:00:00
06-01 17:17:15.283  1572  1869 D nativeloader: Load /data/app/~~KczER6NriYuDJOGw69fI-g==/com.google.android.googlequicksearchbox-cdwpa0rlDL4cMZ_Jb99qpQ==/base.apk!/lib/x86_64/libcronet.149.0.7827.22.so using class loader ns clns-10 (caller=/data/app/~~KczER6NriYuDJOGw69fI-g==/com.google.android.googlequicksearchbox-cdwpa0rlDL4cMZ_Jb99qpQ==/base.apk!classes9.dex): ok
06-01 17:17:15.284  2187  2671 D WM-StopWorkRunnable: StopWorkRunnable for 904fc63d-5241-48a3-b60a-045bac4223cc; Processor.stopWork = false
06-01 17:17:15.286  1572  1869 I cn_CronetLibraryLoader: Cronet version: 149.0.7827.22, arch: x86_64
06-01 17:17:15.289  2643  2753 E ashmem  : Pinning is deprecated since Android Q. Please use trim or other methods.
06-01 17:17:15.294   679  1569 D ConnectivityService: requestNetwork for uid/pid:10149/1572 activeRequest: null callbackRequest: 112 [NetworkRequest [ REQUEST id=113, [ Capabilities: INTERNET&NOT_RESTRICTED&TRUSTED&NOT_VCN_MANAGED&NOT_BANDWIDTH_CONSTRAINED Uid: 10149 RequestorUid: 10149 RequestorPkg: com.google.android.googlequicksearchbox UnderlyingNetworks: Null] ]] callback flags: 0 order: 2147483647 isUidTracked: false declaredMethods: AVAIL|LOST|NC|LP
06-01 17:17:15.295   679   827 D WifiNetworkFactory: got request NetworkRequest [ REQUEST id=113, [ Capabilities: INTERNET&NOT_RESTRICTED&TRUSTED&NOT_VCN_MANAGED&NOT_BANDWIDTH_CONSTRAINED Uid: 10149 RequestorUid: 10149 RequestorPkg: com.google.android.googlequicksearchbox UnderlyingNetworks: Null] ]
06-01 17:17:15.295   679   835 D ConnectivityService: NetReassign [113 : null → 100] [c 0] [a 0] [i 1]
06-01 17:17:15.295   679   827 D UntrustedWifiNetworkFactory: got request NetworkRequest [ REQUEST id=113, [ Capabilities: INTERNET&NOT_RESTRICTED&TRUSTED&NOT_VCN_MANAGED&NOT_BANDWIDTH_CONSTRAINED Uid: 10149 RequestorUid: 10149 RequestorPkg: com.google.android.googlequicksearchbox UnderlyingNetworks: Null] ]
06-01 17:17:15.296   679   827 D OemPaidWifiNetworkFactory: got request NetworkRequest [ REQUEST id=113, [ Capabilities: INTERNET&NOT_RESTRICTED&TRUSTED&NOT_VCN_MANAGED&NOT_BANDWIDTH_CONSTRAINED Uid: 10149 RequestorUid: 10149 RequestorPkg: com.google.android.googlequicksearchbox UnderlyingNetworks: Null] ]
06-01 17:17:15.296   679   827 D MultiInternetWifiNetworkFactory: got request NetworkRequest [ REQUEST id=113, [ Capabilities: INTERNET&NOT_RESTRICTED&TRUSTED&NOT_VCN_MANAGED&NOT_BANDWIDTH_CONSTRAINED Uid: 10149 RequestorUid: 10149 RequestorPkg: com.google.android.googlequicksearchbox UnderlyingNetworks: Null] ]
06-01 17:17:15.299  1376  1376 W ActivityThread: getPackageInfo() called with an older ApplicationInfo than the cached version for package com.google.android.inputmethod.latin
06-01 17:17:15.299  1376  1566 I DeviceStatusMonitor: DeviceStatusMonitor.handleBroadcast():135 onReceive() : Action = android.net.conn.CONNECTIVITY_CHANGE
06-01 17:17:15.301   679   835 D ConnectivityService: NetReassign [no changes] [c 0] [a 2] [i 0]
06-01 17:17:15.305  1376  1566 I DeviceStatusMonitor: DeviceStatusMonitor.notifyIfNetworkChanged():197 notifyIfNetworkChanged: newState = NON_METERED, airplaneModeOn = false, notifyAnyway = false
06-01 17:17:15.306  2540  2555 I GoogleTTSServiceImpl: onIsValidVoiceName(en-us-x-tpf-local): SUCCESS
06-01 17:17:15.306  1376  1376 I NetworkInfoNotification: NetworkInfoNotification$Listener.onReceive():107 onNetworkAvailable: networkState = NON_METERED, isAirplaneModeOn = false
06-01 17:17:15.306  1376  1376 I HandwritingOnlineSuperpacks: HandwritingOnlineSuperpacks$1.onNetworkAvailable():70 onNetworkAvailable
06-01 17:17:15.306  1376  1376 I HandwritingSuperpacks: HandwritingSuperpacks.register():265 register(): version '94', url 'https://dl.google.com/handwriting/models/handwriting_release.superpack_manifest.20260206.json' [ONLINE]
06-01 17:17:15.307  1376  1566 I NetworkInfoNotification: NetworkInfoNotification$Listener.onReceive():107 onNetworkAvailable: networkState = NON_METERED, isAirplaneModeOn = false
06-01 17:17:15.317  1376  1376 I NetworkInfoNotification: NetworkInfoNotification$Listener.onReceive():107 onNetworkAvailable: networkState = NON_METERED, isAirplaneModeOn = false
06-01 17:17:15.334  1561  2227 D WM-GreedyScheduler: Cancelling work ID e98659eb-a221-4b1e-8591-d753e5a59f45
06-01 17:17:15.337  1561  2227 D WM-GreedyScheduler: Ignoring {WorkSpec: 71f9f7b7-0e95-4142-92da-e8df3242f46c}. Requires device idle.
06-01 17:17:15.338  1561  2227 D WM-GreedyScheduler: Ignoring {WorkSpec: 82586dc0-2fcb-4952-a1e0-78d6f4eff466}. Requires device idle.
06-01 17:17:15.339  1561  2227 D WM-GreedyScheduler: Ignoring {WorkSpec: b46ff990-55a7-4bcf-b88c-4c581135cb05}. Requires device idle.
06-01 17:17:15.339  1561  2227 D WM-GreedyScheduler: Ignoring {WorkSpec: 891e70ff-277d-4d89-a55c-8d84058f688e}. Requires device idle.
06-01 17:17:15.339  1561  2227 D WM-GreedyScheduler: Ignoring {WorkSpec: bb701614-c815-4849-a026-151040b92d8a}. Requires device idle.
06-01 17:17:15.339  1179  1179 W ActivityThread: getPackageInfo() called with an older ApplicationInfo than the cached version for package com.android.settings
06-01 17:17:15.340  1179  1179 D BatterySettingsMigrateChecker: onReceive: Intent { act=android.intent.action.BOOT_COMPLETED flg=0x89000010 cmp=com.android.settings/.fuelgauge.BatterySettingsMigrateChecker (has extras) } owner: true
06-01 17:17:15.340  1179  1179 D BatterySettingsMigrateChecker: invoke verifySaverConfiguration()
06-01 17:17:15.340  1970  1970 W ActivityThread: getPackageInfo() called with an older ApplicationInfo than the cached version for package com.android.providers.downloads
06-01 17:17:15.348  1572  2761 W chromium: [0601/171715.348450:WARNING:components/cronet/url_request_context_config.cc:767] Unrecognized Cronet experimental option "enable_telemetry" with params "true
06-01 17:17:15.348  1572  2761 W chromium: 
06-01 17:17:15.354  1376  1611 I SP      : Registering handwriting_recognition.94, url: https://dl.google.com/handwriting/models/handwriting_release.superpack_manifest.20260206.json, constraints: m:*:*:*, flags: *, requested: 94, current: 94
06-01 17:17:15.358  1179  1179 D BatterySettingsMigrateChecker: invoke verifyOptimizationModes()
06-01 17:17:15.358  1352  1352 I SafetyLabelChangedBroadcastReceiver: received broadcast packageName: com.aistudio.ereader.xynk, current user: UserHandle{0}, packageChangeEvent: UPDATE, intent user: UserHandle{0}
06-01 17:17:15.368   679   769 I system_server: AssetManager2(0x7184c5c28118) locale list changing from [] to [en-US]
06-01 17:17:15.376  1572  1572 D WM-WorkerWrapper: Starting work for com.google.apps.tiktok.contrib.work.TikTokListenableWorker
06-01 17:17:15.380  1572  1572 D WM-ListenableWorkerImpl: Binding to com.google.android.googlequicksearchbox, com.google.android.libraries.search.integrations.tiktok.RemoteWorkerService_googleapp
06-01 17:17:15.386  2540  2646 I VoiceDataDownloader: getAvailableVoicesInfo en-us
06-01 17:17:15.387  2540  2646 I VoiceDataDownloader: getAvailableVoicesInfo vi-vn
06-01 17:17:15.390  2540  2646 I VoiceGenerator: Cache cleared
06-01 17:17:15.390  2540  2646 I VoiceDataManager: Calling onVoicesDataChange: updated voices
06-01 17:17:15.391  1376  1539 I HandwritingOnlineSuperpacks: HandwritingOnlineSuperpacks.syncInternal():168 syncPackMapping()
06-01 17:17:15.392   679   883 D BackgroundInstallControlService: Package event received: 0
06-01 17:17:15.393  2187  2309 D WM-GreedyScheduler: Cancelling work ID 08525ab9-08d3-4ca8-a010-da656a1db55f
06-01 17:17:15.393  1376  1611 I HandwritingSlicingStrategy: HandwritingSlicingStrategy.getSlices():44 getSlices(): handwriting_recognition.94 useForeground=true
06-01 17:17:15.394  2148  2148 I WM-RemoteWorkerService: Binding to RemoteWorkerService
06-01 17:17:15.395  1376  1611 I HandwritingSlicingStrategy: HandwritingSlicingStrategy.getSlices():103 getSlices(): result {slices=[{handwriting_recognition:pack_mapping_v1_lstm_20260206, m:*:*:*}, {handwriting_recognition:en_us_20251103_compact_fst_zip, m:*:*:*}, {handwriting_recognition:transformer_latin_seg_tflite_20251103_zip, m:*:*:*}, {handwriting_recognition:qrnn_en-US_reco_20251103_fst_20251103_recospec_zip, m:*:*:*}, {handwriting_recognition:transformer_latin_tflite_20251103_zip, m:*:*:*}, {handwriting_recognition:transformer_latin_conf_tflite_20251103_zip, m:*:*:*}, {handwriting_recognition:scribe_latin_20250829tfreco_tflite_zip, m:*:*:*}, {handwriting_recognition:scribe_latin_20250829tfreco_recospec_zip, m:*:*:*}], last batch=true, sync metadata=false}
06-01 17:17:15.396  1572  1572 D WM-ListenableWorkerImpl: Service connected
06-01 17:17:15.396  1376  1611 I SP      : Syncing handwriting_recognition (94) with slices: [{pack_mapping_v1_lstm_20260206, m:*:*:*}, {en_us_20251103_compact_fst_zip, m:*:*:*}, {transformer_latin_seg_tflite_20251103_zip, m:*:*:*}, {qrnn_en-US_reco_20251103_fst_20251103_recospec_zip, m:*:*:*}, {transformer_latin_tflite_20251103_zip, m:*:*:*}, {transformer_latin_conf_tflite_20251103_zip, m:*:*:*}, {scribe_latin_20250829tfreco_tflite_zip, m:*:*:*}, {scribe_latin_20250829tfreco_recospec_zip, m:*:*:*}], metadata: false
06-01 17:17:15.397  1572  1838 D WM-GreedyScheduler: Cancelling work ID 7d6e2f25-080b-4d0d-890c-5f1b19b936fc
06-01 17:17:15.400  2187  2309 D WM-GreedyScheduler: Ignoring {WorkSpec: 4bbe0f97-af1e-43da-a9f7-7023d6f90f1f}. Requires device idle.
06-01 17:17:15.400  2187  2309 D WM-GreedyScheduler: Ignoring {WorkSpec: 8a71ddeb-024a-42d9-b323-09743e6c7207}. Requires device idle.
06-01 17:17:15.400  2187  2309 D WM-GreedyScheduler: Ignoring {WorkSpec: 1cfeb8ce-0bc6-4456-aa4f-dc3cf66674cd}. Requires device idle.
06-01 17:17:15.400  2187  2309 D WM-GreedyScheduler: Ignoring {WorkSpec: 48ce0983-9fd2-4ccc-93f1-14e323aa9613}. Requires device idle.
06-01 17:17:15.408   679  1574 I ActivityManager: Background started FGS: Allowed [callingPackage: com.aistudio.ereader.xynk; callingUid: 10225; uidState: TOP ; uidBFSL: [BFSL]; intent: Intent { xflg=0x4 cmp=com.aistudio.ereader.xynk/com.example.web.LocalWebService }; code:PROC_STATE_TOP; tempAllowListReason:<null>; allowWiu:12; targetSdkVersion:36; callerTargetSdkVersion:36; startForegroundCount:0; bindFromPackage:null: isBindService:false]
06-01 17:17:15.412  1352  1352 W ActivityThread: getPackageInfo() called with an older ApplicationInfo than the cached version for package com.google.android.permissioncontroller
06-01 17:17:15.415   679  1574 W OptProp : Cannot read opt property android.window.PROPERTY_COMPAT_ENABLE_FAKE_FOCUS
06-01 17:17:15.416  1561  2227 D WM-GreedyScheduler: Ignoring {WorkSpec: 6d4c483c-b7cc-45c5-802a-4411bc722a37}. Requires device idle.
06-01 17:17:15.418  1561  2227 D WM-GreedyScheduler: Ignoring {WorkSpec: 44edd83d-637c-4cab-80ff-dfeb84a1aa15}. Requires device idle.
06-01 17:17:15.418  1561  2227 D WM-GreedyScheduler: Ignoring {WorkSpec: 54c47f21-835a-4862-9aec-d8defeddd992}. Requires device idle.
06-01 17:17:15.425   679  1569 W AppOpService: Ignored setUidMode call for runtime permission app op: uid = 1001, code = READ_SMS, mode = allow, callingUid = 1000, oldMode = allow
06-01 17:17:15.427   679  1574 W AppOpService: Ignored setUidMode call for runtime permission app op: uid = 1001, code = RECEIVE_SMS, mode = allow, callingUid = 1000, oldMode = allow
06-01 17:17:15.429   679  1574 W AppOpService: Ignored setUidMode call for runtime permission app op: uid = 1001, code = RECEIVE_WAP_PUSH, mode = allow, callingUid = 1000, oldMode = allow
06-01 17:17:15.430   679  1574 W AppOpService: Ignored setUidMode call for runtime permission app op: uid = 1001, code = SEND_SMS, mode = allow, callingUid = 1000, oldMode = allow
06-01 17:17:15.432  2643  2765 I DisplayManager: Choreographer implicitly registered for the refresh rate.
06-01 17:17:15.433   679  1574 W AppOpService: Ignored setUidMode call for runtime permission app op: uid = 1001, code = READ_CELL_BROADCASTS, mode = allow, callingUid = 1000, oldMode = allow
06-01 17:17:15.434   679   883 D BackgroundInstallControlService: Package event received: 0
06-01 17:17:15.434   679   883 D BackgroundInstallControlService: Package event received: 0
06-01 17:17:15.436  2643  2643 I io.ereader.xynk: AssetManager2(0x7184c5c15838) locale list changing from [] to [en-US]
06-01 17:17:15.448  2187  2671 D WM-GreedyScheduler: Cancelling work ID 904fc63d-5241-48a3-b60a-045bac4223cc
06-01 17:17:15.450  2187  2671 D WM-GreedyScheduler: Ignoring {WorkSpec: 4bbe0f97-af1e-43da-a9f7-7023d6f90f1f}. Requires device idle.
06-01 17:17:15.451  2187  2671 D WM-GreedyScheduler: Ignoring {WorkSpec: 8a71ddeb-024a-42d9-b323-09743e6c7207}. Requires device idle.
06-01 17:17:15.451  2187  2671 D WM-GreedyScheduler: Ignoring {WorkSpec: 1cfeb8ce-0bc6-4456-aa4f-dc3cf66674cd}. Requires device idle.
06-01 17:17:15.451  2187  2671 D WM-GreedyScheduler: Ignoring {WorkSpec: 48ce0983-9fd2-4ccc-93f1-14e323aa9613}. Requires device idle.
06-01 17:17:15.460  1593  1771 W gle.android.gms: Verification of java.lang.Object m32.iwd.bA() took 193.142ms (269.23 bytecodes/s) (0B arena alloc)
06-01 17:17:15.466  1572  1838 D WM-GreedyScheduler: Ignoring {WorkSpec: ea8a1d00-29d1-4555-b74d-1604ae991b65}. Requires device idle.
06-01 17:17:15.471  2148  2161 D WM-ListenableWorkerImpl: Executing work request (becf05a8-ed23-47e0-ba74-82602b6cc8d1, com.google.apps.tiktok.contrib.work.TikTokListenableWorker)
06-01 17:17:15.480  1572  1838 D WM-GreedyScheduler: Starting tracking for 0261c2b3-dc17-488e-a97d-7bd489494f4c,a9f19216-b78e-44e1-8a6f-ae54eb914627,853a0f5d-d35d-4ccb-b98a-c1329792da13,f0a25091-fd9d-4b1e-b032-a0e9c65ac5d1,ed2966f8-bf4e-4238-b917-a71ccf1a129d
06-01 17:17:15.498  1352  1352 W ActivityThread: getPackageInfo() called with an older ApplicationInfo than the cached version for package com.google.android.permissioncontroller
06-01 17:17:15.504   679  1808 W AppOpService: Ignored setUidMode call for runtime permission app op: uid = 1001, code = READ_SMS, mode = allow, callingUid = 1000, oldMode = allow
06-01 17:17:15.524  1352  1352 W ActivityThread: getPackageInfo() called with an older ApplicationInfo than the cached version for package com.google.android.permissioncontroller
06-01 17:17:15.526  2643  2643 D CompatChangeReporter: Compat change id reported: 377864165; UID 10225; state: ENABLED
06-01 17:17:15.537  2643  2643 D DesktopModeFlags: Toggle override initialized to: OVERRIDE_UNSET
06-01 17:17:15.538  1970  1970 W ActivityThread: getPackageInfo() called with an older ApplicationInfo than the cached version for package com.android.mtp
06-01 17:17:15.540  2643  2765 I EGL_emulation: Opening libGLESv1_CM_emulation.so
06-01 17:17:15.559  2643  2765 I EGL_emulation: Opening libGLESv2_emulation.so
06-01 17:17:15.568   679  1808 W AppOpService: Ignored setUidMode call for runtime permission app op: uid = 1001, code = RECEIVE_SMS, mode = allow, callingUid = 1000, oldMode = allow
06-01 17:17:15.570   679  1534 E TaskPersister: File error accessing recents directory (directory doesn't exist?).
06-01 17:17:15.576   679  1808 W AppOpService: Ignored setUidMode call for runtime permission app op: uid = 1001, code = RECEIVE_WAP_PUSH, mode = allow, callingUid = 1000, oldMode = allow
06-01 17:17:15.580   679  1844 W AppOpService: Ignored setUidMode call for runtime permission app op: uid = 1001, code = SEND_SMS, mode = allow, callingUid = 1000, oldMode = allow
06-01 17:17:15.580  2643  2765 W HWUI    : Failed to choose config with EGL_SWAP_BEHAVIOR_PRESERVED, retrying without...
06-01 17:17:15.581   679  1844 W AppOpService: Ignored setUidMode call for runtime permission app op: uid = 1001, code = READ_CELL_BROADCASTS, mode = allow, callingUid = 1000, oldMode = allow
06-01 17:17:15.582  2643  2765 W HWUI    : Failed to initialize 101010-2 format, error = EGL_SUCCESS
06-01 17:17:15.583  1179  1179 D BatteryOptimizeUtils: refresh com.google.android.deskclock state, allowlisted = false, mode = 0
06-01 17:17:15.588  1970  1970 W ActivityThread: getPackageInfo() called with an older ApplicationInfo than the cached version for package com.android.providers.downloads
06-01 17:17:15.588  1179  1179 I DynamicDenylistManager: syncPolicyIfNeeded() ignore synced manual denylist
06-01 17:17:15.589  1179  1179 W DynamicDenylistManager: resetDenylistIfNeeded: there is no valid UIDs
06-01 17:17:15.589  1179  1179 I DynamicDenylistManager: clearSharedPreferences()
06-01 17:17:15.605  1179  1306 D SimSelectNotification: Checking satellite enabled status
06-01 17:17:15.621  1179  1306 W SatelliteRepository: SatelliteManager is null
06-01 17:17:15.624  1179  1306 I SimSelectNotification: Device is not in a satellite session. Handle primary subscription list changes
06-01 17:17:15.626  2731  2731 W droid.apps.docs: Failed to find entry 'classes.dex': Entry not found
06-01 17:17:15.627  2731  2731 W droid.apps.docs: Failed to find entry 'classes.dex': Entry not found
06-01 17:17:15.629  1179  1306 I SimDialogProhibitService: No SimDialogActivity for dismiss.
06-01 17:17:15.633  1352  1352 W ActivityThread: getPackageInfo() called with an older ApplicationInfo than the cached version for package com.google.android.permissioncontroller
06-01 17:17:15.634  2731  2731 W droid.apps.docs: Failed to find entry 'classes.dex': Entry not found
06-01 17:17:15.640  2643  2753 D WM-PackageManagerHelper: Skipping component enablement for androidx.work.impl.background.systemalarm.RescheduleReceiver
06-01 17:17:15.640   679  1844 D SafetySourceDataValidat: No cert check requested for package com.google.android.permissioncontroller
06-01 17:17:15.641   679  1844 D SafetySourceDataValidat: No cert check requested for package com.google.android.permissioncontroller
06-01 17:17:15.641  1352  1414 D AccessibilitySourceService: enabled a11y services count 0
06-01 17:17:15.641  1352  1414 D AccessibilitySourceService: a11y source sending 0 issue to sc
06-01 17:17:15.645   679  1844 D SafetySourceDataValidat: No cert check requested for package com.google.android.permissioncontroller
06-01 17:17:15.645  1572  1928 D RemoteListenableDelegatingWorker: Cleaning up
06-01 17:17:15.648  2731  2731 D nativeloader: Configuring clns-9 for other apk /data/app/~~5rR7yR-Pu4P-AyuiNUp1Hg==/com.google.android.apps.docs-jN2oLG0U1_alfxWc696Sbw==/base.apk:/data/app/~~5rR7yR-Pu4P-AyuiNUp1Hg==/com.google.android.apps.docs-jN2oLG0U1_alfxWc696Sbw==/split_config.en.apk:/data/app/~~5rR7yR-Pu4P-AyuiNUp1Hg==/com.google.android.apps.docs-jN2oLG0U1_alfxWc696Sbw==/split_config.x86_64.apk:/data/app/~~5rR7yR-Pu4P-AyuiNUp1Hg==/com.google.android.apps.docs-jN2oLG0U1_alfxWc696Sbw==/split_config.xxhdpi.apk. target_sdk_version=36, uses_libraries=, library_path=/data/app/~~5rR7yR-Pu4P-AyuiNUp1Hg==/com.google.android.apps.docs-jN2oLG0U1_alfxWc696Sbw==/lib/x86_64:/data/app/~~5rR7yR-Pu4P-AyuiNUp1Hg==/com.google.android.apps.docs-jN2oLG0U1_alfxWc696Sbw==/base.apk!/lib/x86_64:/data/app/~~5rR7yR-Pu4P-AyuiNUp1Hg==/com.google.android.apps.docs-jN2oLG0U1_alfxWc696Sbw==/split_config.en.apk!/lib/x86_64:/data/app/~~5rR7yR-Pu4P-AyuiNUp1Hg==/com.google.android.apps.docs-jN2oLG0U1_alfxWc696Sbw==/split_config.x86_64.apk!/lib/x86_64:/data/app/~~5rR7yR-Pu4P-AyuiNUp
06-01 17:17:15.650   679  1808 D SafetySourceDataValidat: No cert check requested for package com.google.android.permissioncontroller
06-01 17:17:15.656  1179  1179 W ActivityThread: getPackageInfo() called with an older ApplicationInfo than the cached version for package com.android.settings
06-01 17:17:15.661  1352  1413 I ssioncontroller: AssetManager2(0x7184c5c15518) locale list changing from [] to [en-US]
06-01 17:17:15.668   679  1065 D SafetySourceDataValidat: No cert check requested for package com.google.android.permissioncontroller
06-01 17:17:15.681  1265  2098 I NetworkScheduler.Stats: (REDACTED) Task %s/%s started execution. cause:%s exec_start_elapsed_seconds: %s
06-01 17:17:15.681  1352  1352 W ActivityThread: getPackageInfo() called with an older ApplicationInfo than the cached version for package com.google.android.permissioncontroller
06-01 17:17:15.683  1179  1179 W ActivityThread: getPackageInfo() called with an older ApplicationInfo than the cached version for package com.android.settings
06-01 17:17:15.688  2048  2133 I .apps.wellbeing: AssetManager2(0x7184c5c11378) locale list changing from [] to [en-US]
06-01 17:17:15.696  1572  1928 I WM-WorkerWrapper: Worker result SUCCESS for Work [ id=becf05a8-ed23-47e0-ba74-82602b6cc8d1, tags={ com.google.apps.tiktok.contrib.work.TikTokListenableWorker,GNP_SDK_JOB,TikTokWorker#com.google.android.libraries.notifications.platform.plugins.tiktokworker.GnpTikTokWorker } ]
06-01 17:17:15.699   679  1844 D SafetySourceDataValidat: No cert check requested for package com.android.settings
06-01 17:17:15.700  1572  1572 D WM-Processor: oxa becf05a8-ed23-47e0-ba74-82602b6cc8d1 executed; reschedule = false
06-01 17:17:15.710  1572  1572 D WM-SystemJobService: becf05a8-ed23-47e0-ba74-82602b6cc8d1 executed on JobScheduler
06-01 17:17:15.711  1352  1352 W ActivityThread: getPackageInfo() called with an older ApplicationInfo than the cached version for package com.google.android.permissioncontroller
06-01 17:17:15.712  1352  1352 D SafetyLabelChangesJobService: Received broadcast with intent action 'android.intent.action.BOOT_COMPLETED'
06-01 17:17:15.715  1179  1179 I ActiveUnlockStatusUtils: authority not set
06-01 17:17:15.749  2643  2643 W HWUI    : Unknown dataspace 0
06-01 17:17:15.750  2731  2731 I droid.apps.docs: AssetManager2(0x7184c5c09fd8) locale list changing from [] to [en-US]
06-01 17:17:15.753   679  1574 D SafetySourceDataValidat: No cert check requested for package com.android.settings
06-01 17:17:15.754  1572  1927 D WM-GreedyScheduler: Cancelling work ID becf05a8-ed23-47e0-ba74-82602b6cc8d1
06-01 17:17:15.756  1572  1927 D WM-GreedyScheduler: Ignoring {WorkSpec: ea8a1d00-29d1-4555-b74d-1604ae991b65}. Requires device idle.
06-01 17:17:15.763  2048  2133 I .apps.wellbeing: AssetManager2(0x7184c5c15b58) locale list changing from [] to [en-US]
06-01 17:17:15.768  2731  2731 V GraphicsEnvironment: Currently set values for:
06-01 17:17:15.768  2731  2731 V GraphicsEnvironment:   angle_gl_driver_selection_pkgs=[]
06-01 17:17:15.768  2731  2731 V GraphicsEnvironment:   angle_gl_driver_selection_values=[]
06-01 17:17:15.768  2731  2731 V GraphicsEnvironment: com.google.android.apps.docs is not listed in per-application setting
