06-01 22:45:18.803   688  1064 W IPCThreadState: Sending oneway calls to frozen process.
06-01 22:45:18.861  1458  1670 W MediaProvider: isAppCloneUserPair for user 0: false
06-01 22:45:18.883  5445  5445 W AccessibilityNodeInfoDumper: Fetch time: 26ms
06-01 22:45:18.887   688  1307 V AccessibilityManagerService: onUserStateChangedLocked for userId: 0, forceUpdate: false
06-01 22:45:18.888   688  1307 W MagnificationConnectionManager: requestConnection duplicated request: connect=false, mConnectionState=DISCONNECTED
06-01 22:45:18.888   688  1307 D AccessibilityManagerService: restoreCurrentUserForTestAutomationIfNeededLocked(): ignoring because device doesn't support visible background users
06-01 22:45:18.888  1474  1483 I AiAiEcho: Settings changed for uri: content://settings/secure/accessibility_enabled
06-01 22:45:18.889   688   688 W IPCThreadState: Sending oneway calls to frozen process.
06-01 22:45:18.889  1474  1863 I AiAiEcho: Predicting[0]:  [CONTEXT sampling_count=5 ]
06-01 22:45:18.889  1474  1863 I AiAiEcho: EchoTargets: 
06-01 22:45:18.889  1474  1863 I AiAiEcho: Filtered by AiAi flag check: 
06-01 22:45:18.889  1474  1863 I AiAiEcho: [CONTEXT ratelimit_period="10 SECONDS" ]
06-01 22:45:18.889   688   688 W IPCThreadState: Sending oneway calls to frozen process.
06-01 22:45:18.889   688   688 W IPCThreadState: Sending oneway calls to frozen process.
06-01 22:45:18.889   688   688 W IPCThreadState: Sending oneway calls to frozen process.
06-01 22:45:18.889  1474  1863 I AiAiEcho: #remoteViewsTwiddler: feature disabled.
06-01 22:45:18.890  1474  1863 I AiAiEcho: Predicting[0]:  [CONTEXT sampling_count=5 ]
06-01 22:45:18.890  1474  1863 I AiAiEcho: EchoTargets: 
06-01 22:45:18.890  1474  1863 I AiAiEcho: Filtered by AiAi flag check: 
06-01 22:45:18.890  1474  1863 I AiAiEcho: [CONTEXT ratelimit_period="10 SECONDS" ]
06-01 22:45:18.890   688   688 W IPCThreadState: Sending oneway calls to frozen process.
06-01 22:45:18.890  1474  1863 I AiAiEcho: #remoteViewsTwiddler: feature disabled.
06-01 22:45:18.890   688   688 W IPCThreadState: Sending oneway calls to frozen process.
06-01 22:45:18.890  5445  5455 W IPCThreadState: call to talkWithDriver in joinThreadPool returned error: -9 (Bad file descriptor), FD: -1
06-01 22:45:18.891   688   688 W IPCThreadState: Sending oneway calls to frozen process.
06-01 22:45:18.891   688   688 W IPCThreadState: Sending oneway calls to frozen process.
06-01 22:45:18.891   688   688 W IPCThreadState: Sending oneway calls to frozen process.
06-01 22:45:18.892  5445  5445 D AndroidRuntime: Shutting down VM
06-01 22:45:18.892  1474  1863 I AiAiEcho: #postPredictionTargets: Sending updates to UISurface home with targets# 0 (types=[])
06-01 22:45:18.892   688   688 W IPCThreadState: Sending oneway calls to frozen process.
06-01 22:45:18.894  5445  5454 W IPCThreadState: call to talkWithDriver in joinThreadPool returned error: -9 (Bad file descriptor), FD: -1
06-01 22:45:18.894   688   688 W IPCThreadState: Sending oneway calls to frozen process.
06-01 22:45:18.894   688   688 W IPCThreadState: Sending oneway calls to frozen process.
06-01 22:45:18.895  1474  1863 I AiAiEcho: #postPredictionTargets: Sending updates to UISurface lockscreen with targets# 0 (types=[])
06-01 22:45:18.895   688   688 D BatterySaverPolicy: accessibility changed to false, updating policy.
06-01 22:45:18.902  1084  1084 D SsBaseTemplateCard: No text view can be set up
06-01 22:45:18.902  1084  1084 D SsBaseTemplateCard: Passed-in item info is null
06-01 22:45:18.902  1084  1084 D SsBaseTemplateCard: Passed-in item info is null
06-01 22:45:18.902  1084  1084 D SsBaseTemplateCard: Passed-in item info is null
06-01 22:45:18.902  1084  1084 I SsBaseTemplateCard: Secondary card pane is null
06-01 22:45:18.914   948   948 W PageIndicator: Total number of pages invalid: 0. Assuming 1 page.
06-01 22:45:20.047  5322  5322 D VBookCrawler: source=vnexpress-Đường đen script=home args= result=map(keys=data, next, data=list(13))
06-01 22:45:20.145  5322  5322 D VBookCrawler: source=vnexpress-Đường đen script=gen.js args=/thoi-su, 1 result=null
06-01 22:45:20.380  5322  5322 D VBookCrawler: source=vnexpress-Đường đen script=gen.js args=/thoi-su, 1 result=null
06-01 22:45:20.400  5322  5322 W WindowOnBackDispatcher: sendCancelIfRunning: isInProgress=false callback=androidx.compose.ui.window.Api33Impl$$ExternalSyntheticLambda0@1f06065
06-01 22:45:20.404   688  1713 D CoreBackPreview: Window{86a6b17 u0 Pop-Up Window}: Setting back callback null
06-01 22:45:20.439  5322  5371 D HWUI    : endAllActiveAnimators on 0x7bbe3247a7f0 (UnprojectedRipple) with handle 0x7bbe82472180
06-01 22:45:20.445   688  1713 I ImeTracker: system_server:51e11180: onRequestHide at ORIGIN_SERVER reason IME_REQUESTED_CHANGED_LISTENER fromUser false
06-01 22:45:20.446   688   725 I ImeTracker: system_server:51e11180: onCancelled at PHASE_SERVER_SHOULD_HIDE
06-01 22:45:20.446   688  1713 E WindowManager: Unknown window type: 1002
06-01 22:45:20.466   688   725 V WindowManager: Unknown focus tokens, dropping reportFocusChanged
06-01 22:45:20.492   688   807 I ImeTracker: com.aistudio.ereader.xynk:52175d80: onRequestHide at ORIGIN_SERVER reason HIDE_UNSPECIFIED_WINDOW fromUser false
06-01 22:45:20.500  1402  1402 I GoogleInputMethodService: GoogleInputMethodService.onFinishInput():2259 
06-01 22:45:20.502  1402  1402 I Module  : DeviceLockedStatusModuleProvider$Module.updateDeviceLockedStatus():103 repeatCheckTimes = 0, locked = false
06-01 22:45:20.502   688  1713 I ImeTracker: system_server:6fdc1e73: onRequestHide at ORIGIN_SERVER reason IME_REQUESTED_CHANGED_LISTENER fromUser false
06-01 22:45:20.502   688   725 I ImeTracker: system_server:6fdc1e73: onCancelled at PHASE_SERVER_SHOULD_HIDE
06-01 22:45:20.508  1402  1402 I GoogleInputMethodService: GoogleInputMethodService.onStartInput():1446 onStartInput(EditorInfo{EditorInfo{packageName=com.aistudio.ereader.xynk, inputType=0, inputTypeString=NULL, enableLearning=false, autoCorrection=false, autoComplete=false, imeOptions=0, privateImeOptions=null, actionName=UNSPECIFIED, actionLabel=null, initialSelStart=-1, initialSelEnd=-1, initialCapsMode=0, label=null, fieldId=0, fieldName=null, extras=null, hintText=null, hintLocales=[]}}, false)
06-01 22:45:20.508  1402  1402 W AndroidIME: LatinIMEBase.updateInputViewCoverNavigation():327 Null input view, cannot update padding!
06-01 22:45:20.509  1402  1402 I Module  : DeviceLockedStatusModuleProvider$Module.updateDeviceLockedStatus():103 repeatCheckTimes = 1, locked = false
06-01 22:45:20.511   688  1713 W PackageConfigPersister: App-specific configuration not found for packageName: com.aistudio.ereader.xynk and userId: 0
06-01 22:45:20.515  5322  5322 D InsetsController: hide(ime(), fromIme=false)
06-01 22:45:20.515  5322  5322 I ImeTracker: com.aistudio.ereader.xynk:52175d80: onCancelled at PHASE_CLIENT_ALREADY_HIDDEN
06-01 22:45:21.551   688   791 D ActivityManager: freezing 1374 com.google.android.permissioncontroller
06-01 22:45:21.554   688   848 D InetDiagMessage: Destroyed 0 sockets, proto=IPPROTO_TCP, family=AF_INET, states=14
06-01 22:45:21.555   688   848 D InetDiagMessage: Destroyed 0 sockets, proto=IPPROTO_TCP, family=AF_INET6, states=14
06-01 22:45:21.555   688   848 D InetDiagMessage: Destroyed live tcp sockets for uids={10207} in 3ms
06-01 22:45:24.141  5464  5464 W dumpsys : Thread Pool max thread count is 0. Cannot cache binder as linkToDeath cannot be implemented. serviceName: package
06-01 22:45:24.325  3901  3902 I artd    : GetBestInfo: odex next to the dex file (/data/app/~~oqHPZkItOTY-JdZP8j0YvQ==/com.google.android.gms-U8kK62mhhj2hUoGXPlJDnw==/oat/x86_64/base.odex) is kOatUpToDate with filter 'speed-profile' executable 'false'
06-01 22:45:24.329  3901  3902 I artd    : GetBestInfo: odex next to the dex file (/data/app/~~oqHPZkItOTY-JdZP8j0YvQ==/com.google.android.gms-U8kK62mhhj2hUoGXPlJDnw==/oat/x86_64/split_AdsDynamite_installtime.odex) is kOatUpToDate with filter 'speed' executable 'false'
06-01 22:45:24.331  3901  3902 I artd    : GetBestInfo: odex next to the dex file (/data/app/~~oqHPZkItOTY-JdZP8j0YvQ==/com.google.android.gms-U8kK62mhhj2hUoGXPlJDnw==/oat/x86_64/split_CronetDynamite_installtime.odex) is kOatUpToDate with filter 'speed-profile' executable 'false'
06-01 22:45:24.334  3901  3902 I artd    : GetBestInfo: odex next to the dex file (/data/app/~~oqHPZkItOTY-JdZP8j0YvQ==/com.google.android.gms-U8kK62mhhj2hUoGXPlJDnw==/oat/x86_64/split_DynamiteLoader_installtime.odex) is kOatUpToDate with filter 'speed' executable 'false'
06-01 22:45:24.336  3901  3902 I artd    : GetBestInfo: odex next to the dex file (/data/app/~~oqHPZkItOTY-JdZP8j0YvQ==/com.google.android.gms-U8kK62mhhj2hUoGXPlJDnw==/oat/x86_64/split_DynamiteModulesA_installtime.odex) is kOatUpToDate with filter 'speed' executable 'false'
06-01 22:45:24.337  3901  3902 I artd    : GetBestInfo: odex next to the dex file (/data/app/~~oqHPZkItOTY-JdZP8j0YvQ==/com.google.android.gms-U8kK62mhhj2hUoGXPlJDnw==/oat/x86_64/split_DynamiteModulesC_installtime.odex) is kOatUpToDate with filter 'speed' executable 'false'
06-01 22:45:24.342  3901  3902 I artd    : GetBestInfo: odex next to the dex file (/data/app/~~oqHPZkItOTY-JdZP8j0YvQ==/com.google.android.gms-U8kK62mhhj2hUoGXPlJDnw==/oat/x86_64/split_GoogleCertificates_installtime.odex) is kOatUpToDate with filter 'speed' executable 'false'
06-01 22:45:24.344  3901  3902 I artd    : GetBestInfo: odex next to the dex file (/data/app/~~oqHPZkItOTY-JdZP8j0YvQ==/com.google.android.gms-U8kK62mhhj2hUoGXPlJDnw==/oat/x86_64/split_MapsDynamite_installtime.odex) is kOatUpToDate with filter 'speed' executable 'false'
06-01 22:45:24.346  3901  3902 I artd    : GetBestInfo: odex next to the dex file (/data/app/~~oqHPZkItOTY-JdZP8j0YvQ==/com.google.android.gms-U8kK62mhhj2hUoGXPlJDnw==/oat/x86_64/split_MeasurementDynamite_installtime.odex) is kOatUpToDate with filter 'speed' executable 'false'
06-01 22:45:24.348  3901  3902 I artd    : GetBestInfo: odex next to the dex file (/data/app/~~oqHPZkItOTY-JdZP8j0YvQ==/com.google.android.gms-U8kK62mhhj2hUoGXPlJDnw==/oat/x86_64/split_all_locale_splits.odex) is kOatUpToDate with filter 'speed' executable 'false'
06-01 22:45:24.349  3901  3902 I artd    : GetBestInfo: /data/user_de/0/com.google.android.gms/app_chimera/m/00000001/CronetDynamite.apk has no usable artifacts
06-01 22:45:24.350  3901  3902 I artd    : GetBestInfo: /data/user_de/0/com.google.android.gms/app_chimera/m/00000002/DynamiteLoader.apk has no usable artifacts
06-01 22:45:24.352  3901  3902 I artd    : GetBestInfo: /data/user_de/0/com.google.android.gms/app_chimera/m/00000015/dl-Appsearch.optional_261631100800.apk has no usable artifacts
06-01 22:45:24.353  3901  3902 I artd    : GetBestInfo: /data/user_de/0/com.google.android.gms/app_chimera/m/00000011/dl-MlkitBarcodeUi.optional_261631100800.apk has no usable artifacts
06-01 22:45:24.354  3901  3902 I artd    : GetBestInfo: /data/user_de/0/com.google.android.gms/app_chimera/m/00000005/GoogleCertificates.apk has no usable artifacts
06-01 22:45:24.357  3901  3902 I artd    : GetBestInfo: /data/user_de/0/com.google.android.gms/app_chimera/m/00000017/dl-TfliteDynamiteDynamite.integ_260580502100800.apk has no usable artifacts
06-01 22:45:24.359  3901  3902 I artd    : GetBestInfo: /data/user_de/0/com.google.android.gms/app_chimera/m/0000000d/dl-TfliteDynamiteDynamite.integ_252130102100800.apk has no usable artifacts
06-01 22:45:24.360  3901  3902 I artd    : GetBestInfo: /data/user_de/0/com.google.android.gms/app_chimera/m/00000016/dl-IdentityCredentialsPlatform.optional_261631100800.apk has no usable artifacts
06-01 22:45:24.363  3901  3902 I artd    : GetBestInfo: /data/user_de/0/com.google.android.gms/app_chimera/m/0000000a/dl-MlkitBarcodeUi.optional_250834100800.apk has no usable artifacts
06-01 22:45:24.365  3901  3902 I artd    : GetBestInfo: vdex next to the dex file (/data/user/0/com.google.android.gms/app_dg_cache/92659AEB0EFADECE4CBB22D1DF07B00702EAAC36/oat/x86_64/the.vdex) is kOatUpToDate with filter 'verify' executable 'false'
06-01 22:45:24.366  3901  3902 I artd    : GetBestInfo: /data/user_de/0/com.google.android.gms/app_chimera/m/00000014/dl-PlayCloudSearch.optional_261631100000.apk has no usable artifacts
06-01 22:45:24.367  3901  3902 I artd    : GetBestInfo: /data/user/0/com.google.android.gms/app_dg_cache/BBB8ADBA11F43674FC873CF50B06D4CFE87E958C/the.apk has no usable artifacts
06-01 22:45:24.368  3901  3902 W artd    : Could not get dex checksums for location /data/app/~~JlUJQFlc4ygp9jZhE_7qYA==/com.android.vending-cRWAZr3GHq-n4fdFyU9thA==/base.apk, fd=-1
06-01 22:45:25.701   688   782 D ActivityManager: sync unfroze 3131 com.android.vending for 6
06-01 22:45:25.719   688  1713 W ProcessStats: Tracking association SourceState{90b8388 system/1000 ImpBg #2956} whose proc state 6 is better than process ProcessState{44d468f com.android.vending/10144 pkg=com.android.vending} proc state 14 (6 skipped)
06-01 22:45:25.721  3131  3131 I Finsky  : [2] SCH: job service start with id 9466.
06-01 22:45:25.739  3131  5300 I Finsky  : [158] SCH: Satisfied jobs for 9466 are: 12-1
06-01 22:45:25.741  3131  5467 I Finsky  : [164] SCH: Job 12-1 starting
06-01 22:45:25.744  3131  3131 I Finsky  : [2] WM::SCH: Logging work start for 12-1
06-01 22:45:25.747  3131  3131 I Finsky  : [2] [ContentSync] job started
06-01 22:45:25.832  3131  3135 W android.vending: Missing inline cache for java.lang.Object qdm.apply(java.lang.Object)
06-01 22:45:25.832  3131  3135 W android.vending: Missing inline cache for java.lang.Object qdm.apply(java.lang.Object)
06-01 22:45:25.833  3131  3135 W android.vending: Missing inline cache for java.lang.Object qdm.apply(java.lang.Object)
06-01 22:45:25.833  3131  3135 W android.vending: Missing inline cache for java.lang.Object qdm.apply(java.lang.Object)
06-01 22:45:25.833  3131  3135 W android.vending: Missing inline cache for java.lang.Object qdm.apply(java.lang.Object)
06-01 22:45:25.833  3131  3135 W android.vending: Missing inline cache for java.lang.Object qdm.apply(java.lang.Object)
06-01 22:45:25.833  3131  3135 W android.vending: Missing inline cache for java.lang.Object qdm.apply(java.lang.Object)
06-01 22:45:25.854  3131  5468 I Finsky  : [165] App states replicator found 27 unowned apps
06-01 22:45:25.857  3131  3232 I Finsky  : [56] Completed 0 account content syncs with 0 successful.
06-01 22:45:25.857  3131  3131 I Finsky  : [2] [ContentSync] Installation state replication succeeded.
06-01 22:45:25.857  3131  3131 I Finsky  : [2] SCH: jobFinished: 12-1. TimeElapsed: 114ms.
06-01 22:45:25.857  3131  3131 I Finsky  : [2] WM::SCH: Logging work end for 12-1
06-01 22:45:25.885  3131  3238 I Finsky  : [59] SCH: Scheduling phonesky job Id: 1-1337, CT: 1780309052709, Constraints: [{ L: 42508086, D: 85708086, C: CHARGING_NONE, I: IDLE_NONE, N: NET_ANY, B: BATTERY_ANY }]
06-01 22:45:25.891  3131  3230 I Finsky  : [55] SCH: Scheduling 1 system job(s)
06-01 22:45:25.892  3131  3230 I Finsky  : [55] SCH: Scheduling system job Id: 9469, L: 22834904, D: 66034904, C: false, I: false, N: 1
06-01 22:45:25.904  3131  5467 I Finsky  : [164] SCH: job service finished with id 9466.
06-01 22:45:25.921  3131  3131 I Finsky  : [2] Memory trim requested to level 40
06-01 22:45:25.921  3131  3131 I Finsky  : [2] Flushing in-memory image cache
06-01 22:45:27.138   688   791 D ActivityManager: freezing 1600 com.google.android.gms
06-01 22:45:28.560   688  1713 D WifiNl80211Manager: Scan result ready event
06-01 22:45:28.560   688  1713 D WifiNative: Scan result ready event
06-01 22:45:28.563  1279  3752 I WifiScanner: onFullResults
06-01 22:45:28.563  1279  2186 I WifiScanner: onFullResults
06-01 22:45:28.566   688   842 I HalDevMgr: bestIfaceCreationProposal is null, requestIface=STA, existingIface=[name=wlan0 type=STA]
06-01 22:45:28.810  1069  1255 D SatelliteController: iisInCarrierRoamingNbIotNtn: satellite is disabled
06-01 22:45:28.812   688  1713 W IPCThreadState: Sending oneway calls to frozen process.
06-01 22:45:28.951   688   782 D ActivityManager: sync unfroze 3342 com.google.android.apps.photos for 6
06-01 22:45:28.986  3342  3342 D ActivityThread: Package [com.aistudio.ereader.xynk] reported as REPLACED, but missing application info. Assuming REMOVED.
06-01 22:45:28.987  3342  3342 D ActivityThread: Package [com.aistudio.ereader.xynk] reported as REPLACED, but missing application info. Assuming REMOVED.
06-01 22:45:29.052   688  1713 W JobScheduler: Job didn't exist in JobStore: 54d7c20 #u0a169/1034 com.google.android.apps.photos/com.google.android.libraries.social.mediamonitor.MediaMonitorJobSchedulerService
06-01 22:45:29.069   688  1714 W UriGrantsManagerService: No permission grants found for com.google.android.apps.photos
06-01 22:45:29.069   688  1714 W UriGrantsManagerService: No permission grants found for com.google.android.apps.photos
06-01 22:45:29.124   688  1713 W UriGrantsManagerService: No permission grants found for com.google.android.apps.photos
06-01 22:45:29.124   688  1713 W UriGrantsManagerService: No permission grants found for com.google.android.apps.photos
06-01 22:45:29.143   688  1713 W UriGrantsManagerService: No permission grants found for com.google.android.apps.photos
06-01 22:45:29.144   688  1713 W UriGrantsManagerService: No permission grants found for com.google.android.apps.photos
06-01 22:45:29.548   688  1713 D ActivityManager: sync unfroze 1600 com.google.android.gms for 6
06-01 22:45:29.566  1279  5361 I NetworkScheduler.Stats: (REDACTED) Task %s/%s started execution. cause:%s exec_start_elapsed_seconds: %s
06-01 22:45:29.577  1279  5471 I NetworkScheduler.Stats: (REDACTED) Task %s/%s finished executing. cause:%s result: %s elapsed_millis: %s uptime_millis: %s exec_start_elapsed_seconds: %s
06-01 22:45:32.099  5475  5475 D AndroidRuntime: >>>>>> START com.android.internal.os.RuntimeInit uid 2000 <<<<<<
06-01 22:45:32.104  5475  5475 I AndroidRuntime: Using default boot image
06-01 22:45:32.104  5475  5475 I AndroidRuntime: Leaving lock profiling enabled
06-01 22:45:32.106  5475  5475 I app_process: Using CollectorTypeCMC GC.
06-01 22:45:32.193  5475  5475 D nativeloader: InitDefaultPublicLibraries for_preload=1: libandroid.so:libaaudio.so:libamidi.so:libbinder_ndk.so:libc.so:libcamera2ndk.so:libdl.so:libEGL.so:libGLESv1_CM.so:libGLESv2.so:libGLESv3.so:libicu.so:libicui18n.so:libicuuc.so:libjnigraphics.so:liblog.so:libmediandk.so:libm.so:libnativehelper.so:libnativewindow.so:libOpenMAXAL.so:libOpenSLES.so:libRS.so:libstdc++.so:libsync.so:libvulkan.so:libwebviewchromium_plat_support.so:libz.so
06-01 22:45:32.205  5475  5475 D nativeloader: Load libicu_jni.so using APEX ns com_android_art for caller /apex/com.android.art/javalib/core-oj.jar: ok
06-01 22:45:32.205  5475  5475 D app_process: u_setTimeZoneFilesDirectory("/apex/com.android.tzdata/etc/tz/versioned/9/icu") succeeded. 
06-01 22:45:32.205  5475  5475 D app_process: I18n APEX ICU file found: /apex/com.android.i18n/etc/icu/icudt76l.dat
06-01 22:45:32.206  5475  5475 D nativeloader: Load libjavacore.so using APEX ns com_android_art for caller /apex/com.android.art/javalib/core-oj.jar: ok
06-01 22:45:32.207  5475  5475 D nativeloader: Load libopenjdk.so using APEX ns com_android_art for caller /apex/com.android.art/javalib/core-oj.jar: ok
06-01 22:45:32.208  5475  5475 W app_process: Unexpected CPU variant for x86: x86_64.
06-01 22:45:32.208  5475  5475 W app_process: Known variants: atom, sandybridge, silvermont, goldmont, goldmont-plus, goldmont-without-sha-xsaves, tremont, kabylake, alderlake, default
06-01 22:45:32.209  5475  5475 W app_process: ClassLoaderContext shared library size mismatch. Expected=2, found=0 (PCL[]{PCL[/system/framework/android.test.base.jar*2789897741]#PCL[/system/framework/android.test.mock.jar*3361312393]} | PCL[])
06-01 22:45:32.210  5475  5475 W app_process: ClassLoaderContext classpath size mismatch. expected=0, found=1 (PCL[]{PCL[/system/framework/android.test.runner.jar*895143020]#PCL[/system/framework/android.test.base.jar*2789897741]} | PCL[/system/framework/android.test.runner.jar*895143020])
06-01 22:45:32.231  5475  5475 D nativeloader: Load libframework-connectivity-tiramisu-jni.so using APEX ns com_android_tethering for caller /apex/com.android.tethering/javalib/framework-connectivity-t.jar: ok
06-01 22:45:32.232  5475  5475 D AndroidRuntime: Calling main entry com.android.commands.uiautomator.Launcher
06-01 22:45:32.236  5475  5475 I AconfigPackage: android.media.swcodec.flags is mapped to com.android.media.swcodec
06-01 22:45:32.237  5475  5475 I AconfigPackage: com.google.android.settings.simplemode.flags is mapped to system_ext
06-01 22:45:32.237  5475  5475 I AconfigPackage: com.google.android.systemui is mapped to system_ext
06-01 22:45:32.237  5475  5475 I AconfigPackage: com.google.android.apps.nexuslauncher is mapped to system_ext
06-01 22:45:32.237  5475  5475 I AconfigPackage: com.android.settings.accessibility is mapped to system_ext
06-01 22:45:32.237  5475  5475 I AconfigPackage: com.android.settings.flags is mapped to system_ext
06-01 22:45:32.237  5475  5475 I AconfigPackage: com.google.android.apps.miphone.aiai.matchmaker.overview.ui is mapped to system_ext
06-01 22:45:32.237  5475  5475 I AconfigPackage: com.google.android.settings.flags is mapped to system_ext
06-01 22:45:32.237  5475  5475 I AconfigPackage: com.android.launcher3 is mapped to system_ext
06-01 22:45:32.237  5475  5475 I AconfigPackage: com.android.wallpaper is mapped to system_ext
06-01 22:45:32.237  5475  5475 I AconfigPackage: com.android.settings.media_drm is mapped to system_ext
06-01 22:45:32.237  5475  5475 I AconfigPackage: com.android.systemui.accessibility.accessibilitymenu is mapped to system_ext
06-01 22:45:32.237  5475  5475 I AconfigPackage: com.android.settings.keyboard is mapped to system_ext
06-01 22:45:32.237  5475  5475 I AconfigPackage: com.android.server.policy.feature.flags is mapped to system_ext
06-01 22:45:32.237  5475  5475 I AconfigPackage: com.android.settings.factory_reset is mapped to system_ext
06-01 22:45:32.237  5475  5475 I AconfigPackage: com.google.android.haptics.flags is mapped to system_ext
06-01 22:45:32.237  5475  5475 I AconfigPackage: com.android.permission.flags is mapped to com.android.permission
06-01 22:45:32.238  5475  5475 I AconfigPackage: com.android.icu is mapped to com.android.i18n
06-01 22:45:32.238  5475  5475 I AconfigPackage: com.android.appsearch.flags is mapped to com.android.appsearch
06-01 22:45:32.238  5475  5475 I AconfigPackage: android.uprobestats.mainline.flags is mapped to com.android.uprobestats
06-01 22:45:32.238  5475  5475 I AconfigPackage: android.provider.flags is mapped to com.android.configinfrastructure
06-01 22:45:32.238  5475  5475 I AconfigPackage: com.android.server.deviceconfig is mapped to com.android.configinfrastructure
06-01 22:45:32.239  5475  5475 I AconfigPackage: com.android.nfc.flags is mapped to system
06-01 22:45:32.239  5475  5475 I AconfigPackage: android.app.admin.flags is mapped to system
06-01 22:45:32.239  5475  5475 I AconfigPackage: android.database.sqlite is mapped to system
06-01 22:45:32.239  5475  5475 I AconfigPackage: com.android.providers.calendar is mapped to system
06-01 22:45:32.239  5475  5475 I AconfigPackage: com.android.server.power.feature.flags is mapped to system
06-01 22:45:32.239  5475  5475 I AconfigPackage: com.android.media.performance.flags is mapped to system
06-01 22:45:32.239  5475  5475 I AconfigPackage: android.app.contextualsearch.flags is mapped to system
06-01 22:45:32.239  5475  5475 I AconfigPackage: android.app.ondeviceintelligence.flags is mapped to system
06-01 22:45:32.239  5475  5475 I AconfigPackage: com.android.media.projection.flags is mapped to system
06-01 22:45:32.239  5475  5475 I AconfigPackage: android.companion is mapped to system
06-01 22:45:32.239  5475  5475 I AconfigPackage: android.service.controls.flags is mapped to system
06-01 22:45:32.239  5475  5475 I AconfigPackage: com.android.text.flags is mapped to system
06-01 22:45:32.239  5475  5475 I AconfigPackage: com.android.providers.contactkeys.flags is mapped to system
06-01 22:45:32.239  5475  5475 I AconfigPackage: com.android.intentresolver is mapped to system
06-01 22:45:32.239  5475  5475 I AconfigPackage: android.companion.virtualdevice.flags is mapped to system
06-01 22:45:32.239  5475  5475 I AconfigPackage: android.uprobestats.flags is mapped to system
06-01 22:45:32.239  5475  5475 I AconfigPackage: com.android.net.thread.platform.flags is mapped to system
06-01 22:45:32.239  5475  5475 I AconfigPackage: android.view.contentprotection.flags is mapped to system
06-01 22:45:32.239  5475  5475 I AconfigPackage: com.android.server.dreams is mapped to system
06-01 22:45:32.239  5475  5475 I AconfigPackage: com.android.graphics.surfaceflinger.flags is mapped to system
06-01 22:45:32.239  5475  5475 I AconfigPackage: com.android.hardware.input is mapped to system
06-01 22:45:32.239  5475  5475 I AconfigPackage: android.sdk is mapped to system
06-01 22:45:32.239  5475  5475 I AconfigPackage: com.android.input.flags is mapped to system
06-01 22:45:32.239  5475  5475 I AconfigPackage: android.tracing is mapped to system
06-01 22:45:32.239  5475  5475 I AconfigPackage: com.android.server.biometrics is mapped to system
06-01 22:45:32.239  5475  5475 I AconfigPackage: android.view.contentcapture.flags is mapped to system
06-01 22:45:32.240  5475  5475 I AconfigPackage: android.app.job is mapped to system
06-01 22:45:32.240  5475  5475 I AconfigPackage: android.content.res is mapped to system
06-01 22:45:32.240  5475  5475 I AconfigPackage: android.net.platform.flags is mapped to system
06-01 22:45:32.240  5475  5475 I AconfigPackage: com.android.aconfig.flags is mapped to system
06-01 22:45:32.240  5475  5475 I AconfigPackage: com.android.graphics.flags is mapped to system
06-01 22:45:32.240  5475  5475 I AconfigPackage: android.server.app is mapped to system
06-01 22:45:32.240  5475  5475 I AconfigPackage: android.speech.flags is mapped to system
06-01 22:45:32.240  5475  5475 I AconfigPackage: com.android.server.stats is mapped to system
06-01 22:45:32.240  5475  5475 I AconfigPackage: android.hardware.biometrics is mapped to system
06-01 22:45:32.240  5475  5475 I AconfigPackage: android.car.feature is mapped to system
06-01 22:45:32.240  5475  5475 I AconfigPackage: android.adpf is mapped to system
06-01 22:45:32.240  5475  5475 I AconfigPackage: android.location.flags is mapped to system
06-01 22:45:32.240  5475  5475 I AconfigPackage: com.android.settingslib.flags is mapped to system
06-01 22:45:32.240  5475  5475 I AconfigPackage: com.android.managedprovisioning.flags is mapped to system
06-01 22:45:32.240  5475  5475 I AconfigPackage: android.app.assist.flags is mapped to system
06-01 22:45:32.240  5475  5475 I AconfigPackage: com.android.server.net is mapped to system
06-01 22:45:32.240  5475  5475 I AconfigPackage: com.android.settingslib.widget.flags is mapped to system
06-01 22:45:32.240  5475  5475 I AconfigPackage: com.android.internal.camera.flags is mapped to system
06-01 22:45:32.240  5475  5475 I AconfigPackage: com.android.hardware.libsensor.flags is mapped to system
06-01 22:45:32.240  5475  5475 I AconfigPackage: com.android.internal.jank is mapped to system
06-01 22:45:32.240  5475  5475 I AconfigPackage: com.android.providers.settings is mapped to system
06-01 22:45:32.240  5475  5475 I AconfigPackage: android.multiuser is mapped to system
06-01 22:45:32.240  5475  5475 I AconfigPackage: com.android.server.power.optimization is mapped to system
06-01 22:45:32.240  5475  5475 I AconfigPackage: com.android.calllogbackup is mapped to system
06-01 22:45:32.240  5475  5475 I AconfigPackage: com.android.media.flags is mapped to system
06-01 22:45:32.240  5475  5475 I AconfigPackage: com.android.server.flags is mapped to system
06-01 22:45:32.240  5475  5475 I AconfigPackage: com.android.graphics.libvulkan.flags is mapped to system
06-01 22:45:32.240  5475  5475 I AconfigPackage: android.app.appfunctions.flags is mapped to system
06-01 22:45:32.241  5475  5475 I AconfigPackage: android.app.smartspace.flags is mapped to system
06-01 22:45:32.241  5475  5475 I AconfigPackage: com.android.providers.contacts.flags is mapped to system
06-01 22:45:32.241  5475  5475 I AconfigPackage: com.android.shell.flags is mapped to system
06-01 22:45:32.241  5475  5475 I AconfigPackage: com.android.media.aaudio is mapped to system
06-01 22:45:32.241  5475  5475 I AconfigPackage: android.hardware.radio is mapped to system
06-01 22:45:32.241  5475  5475 I AconfigPackage: com.google.wear.services.infra.flags is mapped to system
06-01 22:45:32.241  5475  5475 I AconfigPackage: suspend_service.flags is mapped to system
06-01 22:45:32.241  5475  5475 I AconfigPackage: android.media.midi is mapped to system
06-01 22:45:32.241  5475  5475 I AconfigPackage: com.android.libcore.readonly is mapped to system
06-01 22:45:32.241  5475  5475 I AconfigPackage: com.android.settingslib.widget.selectorwithwidgetpreference.flags is mapped to system
06-01 22:45:32.241  5475  5475 I AconfigPackage: android.service.notification is mapped to system
06-01 22:45:32.241  5475  5475 I AconfigPackage: com.android.systemui.shared is mapped to system
06-01 22:45:32.241  5475  5475 I AconfigPackage: android.app.jank is mapped to system
06-01 22:45:32.241  5475  5475 I AconfigPackage: android.app.wearable is mapped to system
06-01 22:45:32.241  5475  5475 I AconfigPackage: com.android.media.audio is mapped to system
06-01 22:45:32.241  5475  5475 I AconfigPackage: android.service.chooser is mapped to system
06-01 22:45:32.241  5475  5475 I AconfigPackage: com.android.server.compat is mapped to system
06-01 22:45:32.241  5475  5475 I AconfigPackage: com.android.server.alarm is mapped to system
06-01 22:45:32.241  5475  5475 I AconfigPackage: com.android.apex.flags is mapped to system
06-01 22:45:32.241  5475  5475 I AconfigPackage: android.service.quickaccesswallet is mapped to system
06-01 22:45:32.241  5475  5475 I AconfigPackage: android.app.usage is mapped to system
06-01 22:45:32.241  5475  5475 I AconfigPackage: com.android.server.accessibility is mapped to system
06-01 22:45:32.241  5475  5475 I AconfigPackage: android.app.supervision.flags is mapped to system
06-01 22:45:32.241  5475  5475 I AconfigPackage: com.android.server.utils is mapped to system
06-01 22:45:32.241  5475  5475 I AconfigPackage: android.chre.flags is mapped to system
06-01 22:45:32.241  5475  5475 I AconfigPackage: android.content.flags is mapped to system
06-01 22:45:32.241  5475  5475 I AconfigPackage: android.media.codec is mapped to system
06-01 22:45:32.241  5475  5475 I AconfigPackage: com.android.internal.os is mapped to system
06-01 22:45:32.241  5475  5475 I AconfigPackage: com.android.nfc.nci.flags is mapped to system
06-01 22:45:32.241  5475  5475 I AconfigPackage: android.app is mapped to system
06-01 22:45:32.241  5475  5475 I AconfigPackage: android.security.keystore2 is mapped to system
06-01 22:45:32.242  5475  5475 I AconfigPackage: android.crashrecovery.flags is mapped to system
06-01 22:45:32.242  5475  5475 I AconfigPackage: com.android.tradeinmode.flags is mapped to system
06-01 22:45:32.242  5475  5475 I AconfigPackage: android.hardware.flags is mapped to system
06-01 22:45:32.242  5475  5475 I AconfigPackage: com.android.server.telecom.flags is mapped to system
06-01 22:45:32.242  5475  5475 I AconfigPackage: com.android.settingslib.media.flags is mapped to system
06-01 22:45:32.242  5475  5475 I AconfigPackage: com.android.server.policy is mapped to system
06-01 22:45:32.242  5475  5475 I AconfigPackage: android.media.audiopolicy is mapped to system
06-01 22:45:32.242  5475  5475 I AconfigPackage: com.android.egg.flags is mapped to system
06-01 22:45:32.242  5475  5475 I AconfigPackage: com.android.internal.compat.flags is mapped to system
06-01 22:45:32.242  5475  5475 I AconfigPackage: android.security is mapped to system
06-01 22:45:32.242  5475  5475 I AconfigPackage: android.service.autofill is mapped to system
06-01 22:45:32.242  5475  5475 I AconfigPackage: com.example.android.aconfig.demo.flags is mapped to system
06-01 22:45:32.242  5475  5475 I AconfigPackage: android.view.flags is mapped to system
06-01 22:45:32.242  5475  5475 I AconfigPackage: android.companion.virtual.flags is mapped to system
06-01 22:45:32.242  5475  5475 I AconfigPackage: com.android.aconfig_new_storage is mapped to system
06-01 22:45:32.242  5475  5475 I AconfigPackage: com.android.server.feature.flags is mapped to system
06-01 22:45:32.242  5475  5475 I AconfigPackage: com.android.systemui is mapped to system
06-01 22:45:32.242  5475  5475 I AconfigPackage: com.android.server.power.batterysaver is mapped to system
06-01 22:45:32.242  5475  5475 I AconfigPackage: android.widget.flags is mapped to system
06-01 22:45:32.242  5475  5475 I AconfigPackage: com.android.media.editing.flags is mapped to system
06-01 22:45:32.242  5475  5475 I AconfigPackage: com.android.media.codec.flags is mapped to system
06-01 22:45:32.242  5475  5475 I AconfigPackage: com.android.server.powerstats is mapped to system
06-01 22:45:32.242  5475  5475 I AconfigPackage: com.android.graphics.egl.flags is mapped to system
06-01 22:45:32.242  5475  5475 I AconfigPackage: com.android.media.audioserver is mapped to system
06-01 22:45:32.242  5475  5475 I AconfigPackage: com.android.server.deviceidle is mapped to system
06-01 22:45:32.242  5475  5475 I AconfigPackage: android.nfc is mapped to system
06-01 22:45:32.242  5475  5475 I AconfigPackage: android.permission.flags is mapped to system
06-01 22:45:32.242  5475  5475 I AconfigPackage: android.service.voice.flags is mapped to system
06-01 22:45:32.242  5475  5475 I AconfigPackage: android.content.pm is mapped to system
06-01 22:45:32.242  5475  5475 I AconfigPackage: com.android.server.power.hint is mapped to system
06-01 22:45:32.242  5475  5475 I AconfigPackage: android.os is mapped to system
06-01 22:45:32.243  5475  5475 I AconfigPackage: android.service.dreams is mapped to system
06-01 22:45:32.243  5475  5475 I AconfigPackage: com.android.graphics.libgui.flags is mapped to system
06-01 22:45:32.243  5475  5475 I AconfigPackage: android.hardware.usb.flags is mapped to system
06-01 22:45:32.243  5475  5475 I AconfigPackage: android.provider is mapped to system
06-01 22:45:32.243  5475  5475 I AconfigPackage: com.android.server.job is mapped to system
06-01 22:45:32.243  5475  5475 I AconfigPackage: com.android.internal.foldables.flags is mapped to system
06-01 22:45:32.243  5475  5475 I AconfigPackage: com.android.internal.telephony.flags is mapped to system
06-01 22:45:32.243  5475  5475 I AconfigPackage: android.webkit is mapped to system
06-01 22:45:32.243  5475  5475 I AconfigPackage: android.credentials.flags is mapped to system
06-01 22:45:32.243  5475  5475 I AconfigPackage: com.android.server.display.feature.flags is mapped to system
06-01 22:45:32.243  5475  5475 I AconfigPackage: com.android.server.notification is mapped to system
06-01 22:45:32.243  5475  5475 I AconfigPackage: android.appwidget.flags is mapped to system
06-01 22:45:32.243  5475  5475 I AconfigPackage: com.android.frameworks.sensorservice.flags is mapped to system
06-01 22:45:32.243  5475  5475 I AconfigPackage: com.android.printspooler.flags is mapped to system
06-01 22:45:32.243  5475  5475 I AconfigPackage: com.android.window.flags is mapped to system
06-01 22:45:32.243  5475  5475 I AconfigPackage: android.adaptiveauth is mapped to system
06-01 22:45:32.243  5475  5475 I AconfigPackage: android.net.wifi.flags is mapped to system
06-01 22:45:32.243  5475  5475 I AconfigPackage: android.media.tv.flags is mapped to system
06-01 22:45:32.243  5475  5475 I AconfigPackage: com.android.server.usb.flags is mapped to system
06-01 22:45:32.243  5475  5475 I AconfigPackage: android.os.vibrator is mapped to system
06-01 22:45:32.243  5475  5475 I AconfigPackage: android.hardware.devicestate.feature.flags is mapped to system
06-01 22:45:32.243  5475  5475 I AconfigPackage: com.android.server.usage is mapped to system
06-01 22:45:32.243  5475  5475 I AconfigPackage: android.server is mapped to system
06-01 22:45:32.243  5475  5475 I AconfigPackage: com.android.wm.shell is mapped to system
06-01 22:45:32.243  5475  5475 I AconfigPackage: android.view.inputmethod is mapped to system
06-01 22:45:32.243  5475  5475 I AconfigPackage: com.android.graphics.hwui.flags is mapped to system
06-01 22:45:32.243  5475  5475 I AconfigPackage: com.android.server.backup is mapped to system
06-01 22:45:32.243  5475  5475 I AconfigPackage: com.android.internal.pm.pkg.component.flags is mapped to system
06-01 22:45:32.243  5475  5475 I AconfigPackage: android.view.accessibility is mapped to system
06-01 22:45:32.243  5475  5475 I AconfigPackage: com.google.wear.sdk is mapped to system
06-01 22:45:32.243  5475  5475 I AconfigPackage: android.media.audio is mapped to system
06-01 22:45:32.244  5475  5475 I AconfigPackage: com.android.server.am is mapped to system
06-01 22:45:32.244  5475  5475 I AconfigPackage: com.android.media.playback.flags is mapped to system
06-01 22:45:32.244  5475  5475 I AconfigPackage: com.android.art.flags is mapped to com.android.art
06-01 22:45:32.244  5475  5475 I AconfigPackage: com.android.libcore is mapped to com.android.art
06-01 22:45:32.246  5475  5475 I AconfigPackage: com.android.media.extractor.flags is mapped to com.android.media
06-01 22:45:32.246  5475  5475 I AconfigPackage: com.android.media.mainline.flags is mapped to com.android.media
06-01 22:45:32.246  5475  5475 I AconfigPackage: com.android.wifi.flags is mapped to com.android.wifi
06-01 22:45:32.246  5475  5475 I AconfigPackage: com.android.org.conscrypt.flags is mapped to com.android.conscrypt
06-01 22:45:32.247  5475  5475 I AconfigPackage: com.android.healthfitness.flags is mapped to com.android.healthfitness
06-01 22:45:32.247  5475  5475 I AconfigPackage: com.google.android.input.twoshay.flags is mapped to vendor
06-01 22:45:32.247  5475  5475 I AconfigPackage: libgooglecamerahal.flags is mapped to vendor
06-01 22:45:32.247  5475  5475 I AconfigPackage: com.android.ipsec.flags is mapped to com.android.ipsec
06-01 22:45:32.247  5475  5475 I AconfigPackage: com.android.nfc.module.flags is mapped to com.android.nfcservices
06-01 22:45:32.248  5475  5475 I AconfigPackage: com.android.adservices.ondevicepersonalization.flags is mapped to com.android.ondevicepersonalization
06-01 22:45:32.248  5475  5475 I AconfigPackage: com.android.bluetooth.flags is mapped to com.android.bt
06-01 22:45:32.248  5475  5475 I AconfigPackage: com.android.devicelock.flags is mapped to com.android.devicelock
06-01 22:45:32.248  5475  5475 I AconfigPackage: android.os.profiling is mapped to com.android.profiling
06-01 22:45:32.248  5475  5475 I AconfigPackage: com.android.os.statsd.flags is mapped to com.android.os.statsd
06-01 22:45:32.249  5475  5475 I AconfigPackage: com.android.cellbroadcastreceiver.flags is mapped to com.android.cellbroadcast
06-01 22:45:32.249  5475  5475 I AconfigPackage: com.android.adservices.flags is mapped to com.android.adservices
06-01 22:45:32.249  5475  5475 I AconfigPackage: com.android.sdksandbox.flags is mapped to com.android.adservices
06-01 22:45:32.249  5475  5475 I AconfigPackage: com.android.uwb.flags is mapped to com.android.uwb
06-01 22:45:32.249  5475  5475 I AconfigPackage: com.android.ranging.flags is mapped to com.android.uwb
06-01 22:45:32.249  5475  5475 I AconfigPackage: android.graphics.pdf.flags is mapped to com.android.mediaprovider
06-01 22:45:32.249  5475  5475 I AconfigPackage: com.android.providers.media.flags is mapped to com.android.mediaprovider
06-01 22:45:32.249  5475  5475 I AconfigPackage: android.graphics.pdf.flags.readonly is mapped to com.android.mediaprovider
06-01 22:45:32.250  5475  5475 I AconfigPackage: com.android.net.ct.flags is mapped to com.android.tethering
06-01 22:45:32.250  5475  5475 I AconfigPackage: com.android.net.flags is mapped to com.android.tethering
06-01 22:45:32.250  5475  5475 I AconfigPackage: android.net.vcn is mapped to com.android.tethering
06-01 22:45:32.250  5475  5475 I AconfigPackage: com.android.nearby.flags is mapped to com.android.tethering
06-01 22:45:32.250  5475  5475 I AconfigPackage: android.net.http is mapped to com.android.tethering
06-01 22:45:32.250  5475  5475 I AconfigPackage: com.android.net.thread.flags is mapped to com.android.tethering
06-01 22:45:32.250  5475  5475 I AconfigPackage: com.android.system.virtualmachine.flags is mapped to com.android.virt
06-01 22:45:32.250  5475  5475 E FeatureFlagsImplExport: android.os.flagging.AconfigStorageReadException: ERROR_PACKAGE_NOT_FOUND: package android.xr cannot be found on the device
06-01 22:45:32.252  5475  5475 D UiAutomationConnection: Created on user UserHandle{0}
06-01 22:45:32.252  5475  5475 I UiAutomation: Initialized for user 0 on display 0
06-01 22:45:32.252  5475  5475 W UiAutomation: Created with deprecatead constructor, assumes DEFAULT_DISPLAY
06-01 22:45:32.253   688  1307 D AccessibilityManagerService: changeCurrentUserForTestAutomationIfNeededLocked(0): ignoring because device doesn't support visible background users
06-01 22:45:32.253   688  1307 I UiAutomationManager: Registering UiTestAutomationService (id=com.android.server.accessibility/UiAutomation, flags=0x0) when called by user 0
06-01 22:45:32.254   688  1307 V AccessibilityManagerService: onUserStateChangedLocked for userId: 0, forceUpdate: false
06-01 22:45:32.255   688  1307 W MagnificationConnectionManager: requestConnection duplicated request: connect=false, mConnectionState=DISCONNECTED
06-01 22:45:32.255  1474  2132 I AiAiEcho: Settings changed for uri: content://settings/secure/accessibility_enabled
06-01 22:45:32.256  1474  1863 I AiAiEcho: Predicting[0]:  [CONTEXT sampling_count=5 ]
06-01 22:45:32.256  1474  1863 I AiAiEcho: EchoTargets: 
06-01 22:45:32.256  1474  1863 I AiAiEcho: Filtered by AiAi flag check: 
06-01 22:45:32.256  1474  1863 I AiAiEcho: [CONTEXT ratelimit_period="10 SECONDS" ]
06-01 22:45:32.257  1474  1863 I AiAiEcho: #remoteViewsTwiddler: feature disabled.
06-01 22:45:32.257  1474  1863 I AiAiEcho: Predicting[0]:  [CONTEXT sampling_count=5 ]
06-01 22:45:32.257  1474  1863 I AiAiEcho: EchoTargets: 
06-01 22:45:32.257  1474  1863 I AiAiEcho: Filtered by AiAi flag check: 
06-01 22:45:32.257  1474  1863 I AiAiEcho: [CONTEXT ratelimit_period="10 SECONDS" ]
06-01 22:45:32.258   688   688 W IPCThreadState: Sending oneway calls to frozen process.
06-01 22:45:32.258   688   688 W IPCThreadState: Sending oneway calls to frozen process.
06-01 22:45:32.258   688   688 W IPCThreadState: Sending oneway calls to frozen process.
06-01 22:45:32.258  1474  1863 I AiAiEcho: #remoteViewsTwiddler: feature disabled.
06-01 22:45:32.258   688   688 W IPCThreadState: Sending oneway calls to frozen process.
06-01 22:45:32.259   688   688 W IPCThreadState: Sending oneway calls to frozen process.
06-01 22:45:32.259   688   688 W IPCThreadState: Sending oneway calls to frozen process.
06-01 22:45:32.259  1474  1863 I AiAiEcho: #postPredictionTargets: Sending updates to UISurface home with targets# 0 (types=[])
06-01 22:45:32.260  1474  1863 I AiAiEcho: #postPredictionTargets: Sending updates to UISurface lockscreen with targets# 0 (types=[])
06-01 22:45:32.261  1084  1084 D SsBaseTemplateCard: No text view can be set up
06-01 22:45:32.261  1084  1084 D SsBaseTemplateCard: Passed-in item info is null
06-01 22:45:32.261  1084  1084 D SsBaseTemplateCard: Passed-in item info is null
06-01 22:45:32.261  1084  1084 D SsBaseTemplateCard: Passed-in item info is null
06-01 22:45:32.261   688   688 W IPCThreadState: Sending oneway calls to frozen process.
06-01 22:45:32.261  1084  1084 I SsBaseTemplateCard: Secondary card pane is null
06-01 22:45:32.261   688   688 W IPCThreadState: Sending oneway calls to frozen process.
06-01 22:45:32.261   948   948 W PageIndicator: Total number of pages invalid: 0. Assuming 1 page.
06-01 22:45:32.263   688   688 W IPCThreadState: Sending oneway calls to frozen process.
06-01 22:45:32.263   688   688 W IPCThreadState: Sending oneway calls to frozen process.
06-01 22:45:32.264   688   688 W IPCThreadState: Sending oneway calls to frozen process.
06-01 22:45:32.264   688   688 W IPCThreadState: Sending oneway calls to frozen process.
06-01 22:45:32.264   688  1756 V AccessibilityManagerService: onUserStateChangedLocked for userId: 0, forceUpdate: false
06-01 22:45:32.265   688   688 D BatterySaverPolicy: accessibility changed to true, updating policy.
06-01 22:45:32.266   688  1756 W MagnificationConnectionManager: requestConnection duplicated request: connect=false, mConnectionState=DISCONNECTED
06-01 22:45:32.266  1474  2132 I AiAiEcho: Settings changed for uri: content://settings/secure/accessibility_enabled
06-01 22:45:32.268  1474  1863 I AiAiEcho: Predicting[0]:  [CONTEXT sampling_count=5 ]
06-01 22:45:32.269   688   688 W IPCThreadState: Sending oneway calls to frozen process.
06-01 22:45:32.269   688   688 W IPCThreadState: Sending oneway calls to frozen process.
06-01 22:45:32.269  1474  1863 I AiAiEcho: EchoTargets: 
06-01 22:45:32.269  1474  1863 I AiAiEcho: Filtered by AiAi flag check: 
06-01 22:45:32.269  1474  1863 I AiAiEcho: [CONTEXT ratelimit_period="10 SECONDS" ]
06-01 22:45:32.269   688   688 W IPCThreadState: Sending oneway calls to frozen process.
06-01 22:45:32.269   688   688 W IPCThreadState: Sending oneway calls to frozen process.
06-01 22:45:32.270  1474  1863 I AiAiEcho: #remoteViewsTwiddler: feature disabled.
06-01 22:45:32.270  1474  1863 I AiAiEcho: Predicting[0]:  [CONTEXT sampling_count=5 ]
06-01 22:45:32.271  1474  1863 I AiAiEcho: EchoTargets: 
06-01 22:45:32.271  1474  1863 I AiAiEcho: Filtered by AiAi flag check: 
06-01 22:45:32.271  1474  1863 I AiAiEcho: [CONTEXT ratelimit_period="10 SECONDS" ]
06-01 22:45:32.271   688   688 W IPCThreadState: Sending oneway calls to frozen process.
06-01 22:45:32.271   688   688 W IPCThreadState: Sending oneway calls to frozen process.
06-01 22:45:32.271  1474  1863 I AiAiEcho: #remoteViewsTwiddler: feature disabled.
06-01 22:45:32.271   688   688 W IPCThreadState: Sending oneway calls to frozen process.
06-01 22:45:32.271   688   688 W IPCThreadState: Sending oneway calls to frozen process.
06-01 22:45:32.273  1474  1863 I AiAiEcho: #postPredictionTargets: Sending updates to UISurface home with targets# 0 (types=[])
06-01 22:45:32.275  1474  1863 I AiAiEcho: #postPredictionTargets: Sending updates to UISurface lockscreen with targets# 0 (types=[])
06-01 22:45:32.276  1084  1084 D SsBaseTemplateCard: No text view can be set up
06-01 22:45:32.276  1084  1084 D SsBaseTemplateCard: Passed-in item info is null
06-01 22:45:32.276  1084  1084 D SsBaseTemplateCard: Passed-in item info is null
06-01 22:45:32.276  1084  1084 D SsBaseTemplateCard: Passed-in item info is null
06-01 22:45:32.276  1084  1084 I SsBaseTemplateCard: Secondary card pane is null
06-01 22:45:32.279   948   948 W PageIndicator: Total number of pages invalid: 0. Assuming 1 page.
06-01 22:45:33.298  1458  1673 W MediaProvider: isAppCloneUserPair for user 0: false
06-01 22:45:33.450  5475  5475 W AccessibilityNodeInfoDumper: Fetch time: 162ms
06-01 22:45:33.451   688  1064 V AccessibilityManagerService: onUserStateChangedLocked for userId: 0, forceUpdate: false
06-01 22:45:33.454   688  1064 W MagnificationConnectionManager: requestConnection duplicated request: connect=false, mConnectionState=DISCONNECTED
06-01 22:45:33.454   688  1064 D AccessibilityManagerService: restoreCurrentUserForTestAutomationIfNeededLocked(): ignoring because device doesn't support visible background users
06-01 22:45:33.454   688   688 W IPCThreadState: Sending oneway calls to frozen process.
06-01 22:45:33.454   688   688 W IPCThreadState: Sending oneway calls to frozen process.
06-01 22:45:33.455   688   688 W IPCThreadState: Sending oneway calls to frozen process.
06-01 22:45:33.455   688   688 W IPCThreadState: Sending oneway calls to frozen process.
06-01 22:45:33.455   688   688 W IPCThreadState: Sending oneway calls to frozen process.
06-01 22:45:33.455   688   688 W IPCThreadState: Sending oneway calls to frozen process.
06-01 22:45:33.456   688   688 W IPCThreadState: Sending oneway calls to frozen process.
06-01 22:45:33.456   688   688 W IPCThreadState: Sending oneway calls to frozen process.
06-01 22:45:33.457  5475  5484 W IPCThreadState: call to talkWithDriver in joinThreadPool returned error: -9 (Bad file descriptor), FD: -1
06-01 22:45:33.457  5475  5475 D AndroidRuntime: Shutting down VM
06-01 22:45:33.457  5475  5488 W IPCThreadState: call to talkWithDriver in joinThreadPool returned error: -9 (Bad file descriptor), FD: -1
06-01 22:45:33.457  5475  5485 W IPCThreadState: call to talkWithDriver in joinThreadPool returned error: -9 (Bad file descriptor), FD: -1
06-01 22:45:33.461  1474  1483 I AiAiEcho: Settings changed for uri: content://settings/secure/accessibility_enabled
06-01 22:45:33.463   688   688 W IPCThreadState: Sending oneway calls to frozen process.
06-01 22:45:33.463   688   688 W IPCThreadState: Sending oneway calls to frozen process.
06-01 22:45:33.463   688   688 W IPCThreadState: Sending oneway calls to frozen process.
06-01 22:45:33.463   688   688 W IPCThreadState: Sending oneway calls to frozen process.
06-01 22:45:33.464   688   688 D BatterySaverPolicy: accessibility changed to false, updating policy.
06-01 22:45:33.465  1474  1863 I AiAiEcho: Predicting[0]:  [CONTEXT sampling_count=5 ]
06-01 22:45:33.465  1474  1863 I AiAiEcho: EchoTargets: 
06-01 22:45:33.465  1474  1863 I AiAiEcho: Filtered by AiAi flag check: 
06-01 22:45:33.465  1474  1863 I AiAiEcho: [CONTEXT ratelimit_period="10 SECONDS" ]
