06-01 22:48:56.976   688   688 W IPCThreadState: Sending oneway calls to frozen process.
06-01 22:48:56.976   688   688 W IPCThreadState: Sending oneway calls to frozen process.
06-01 22:48:56.976   688   688 W IPCThreadState: Sending oneway calls to frozen process.
06-01 22:48:56.977  1474  1863 I AiAiEcho: Predicting[0]:  [CONTEXT sampling_count=5 ]
06-01 22:48:56.977  1474  1863 I AiAiEcho: EchoTargets: 
06-01 22:48:56.977  1474  1863 I AiAiEcho: Filtered by AiAi flag check: 
06-01 22:48:56.977  1474  1863 I AiAiEcho: [CONTEXT ratelimit_period="10 SECONDS" ]
06-01 22:48:56.978  1474  1863 I AiAiEcho: #remoteViewsTwiddler: feature disabled.
06-01 22:48:56.978  5730  5730 D AndroidRuntime: Shutting down VM
06-01 22:48:56.978  5730  5739 W IPCThreadState: call to talkWithDriver in joinThreadPool returned error: -9 (Bad file descriptor), FD: -1
06-01 22:48:56.978  1474  1863 I AiAiEcho: Predicting[0]:  [CONTEXT sampling_count=5 ]
06-01 22:48:56.978  1474  1863 I AiAiEcho: EchoTargets: 
06-01 22:48:56.978  1474  1863 I AiAiEcho: Filtered by AiAi flag check: 
06-01 22:48:56.978  1474  1863 I AiAiEcho: [CONTEXT ratelimit_period="10 SECONDS" ]
06-01 22:48:56.979  5730  5762 W IPCThreadState: call to talkWithDriver in joinThreadPool returned error: -9 (Bad file descriptor), FD: -1
06-01 22:48:56.980  1474  1863 I AiAiEcho: #remoteViewsTwiddler: feature disabled.
06-01 22:48:56.980  5730  5740 W IPCThreadState: call to talkWithDriver in joinThreadPool returned error: -9 (Bad file descriptor), FD: -1
06-01 22:48:56.982   688   688 W IPCThreadState: Sending oneway calls to frozen process.
06-01 22:48:56.983   688   688 W IPCThreadState: Sending oneway calls to frozen process.
06-01 22:48:56.983   688   688 W IPCThreadState: Sending oneway calls to frozen process.
06-01 22:48:56.983   688   688 W IPCThreadState: Sending oneway calls to frozen process.
06-01 22:48:56.983  1474  1863 I AiAiEcho: #postPredictionTargets: Sending updates to UISurface home with targets# 0 (types=[])
06-01 22:48:56.985  1084  1084 D SsBaseTemplateCard: No text view can be set up
06-01 22:48:56.985  1084  1084 D SsBaseTemplateCard: Passed-in item info is null
06-01 22:48:56.985  1084  1084 D SsBaseTemplateCard: Passed-in item info is null
06-01 22:48:56.985  1084  1084 D SsBaseTemplateCard: Passed-in item info is null
06-01 22:48:56.985  1084  1084 I SsBaseTemplateCard: Secondary card pane is null
06-01 22:48:56.986  1474  1863 I AiAiEcho: #postPredictionTargets: Sending updates to UISurface lockscreen with targets# 0 (types=[])
06-01 22:48:56.988   688   688 W IPCThreadState: Sending oneway calls to frozen process.
06-01 22:48:56.989   688   688 W IPCThreadState: Sending oneway calls to frozen process.
06-01 22:48:56.989   688   688 W IPCThreadState: Sending oneway calls to frozen process.
06-01 22:48:56.990   688   688 W IPCThreadState: Sending oneway calls to frozen process.
06-01 22:48:56.993   688   688 D BatterySaverPolicy: accessibility changed to false, updating policy.
06-01 22:48:57.003   948   948 W PageIndicator: Total number of pages invalid: 0. Assuming 1 page.
06-01 22:48:57.805  5631  5690 W HWUI    : Image decoding logging dropped!
06-01 22:48:57.977  1600  1600 D BoundBrokerSvc: onUnbind: Intent { act=com.google.android.gms.feedback.internal.IFeedbackService dat=chimera-action:/... xflg=0x4 cmp=com.google.android.gms/.chimera.GmsBoundBrokerService }
06-01 22:48:58.087   688  1725 D CoreBackPreview: Window{75a02d6 u0 Pop-Up Window}: Setting back callback OnBackInvokedCallbackInfo{mCallback=android.window.IOnBackInvokedCallback$Stub$Proxy@18a98b0, mPriority=1000000, mIsAnimationCallback=false, mOverrideBehavior=0}
06-01 22:48:58.388  5631  5690 W HWUI    : Image decoding logging dropped!
06-01 22:48:58.479  5631  5689 W HWUI    : Image decoding logging dropped!
06-01 22:48:58.485   688   807 I ImeTracker: com.aistudio.ereader.xynk:1e7e136e: onRequestHide at ORIGIN_SERVER reason HIDE_UNSPECIFIED_WINDOW fromUser false
06-01 22:48:58.488  1402  1402 I GoogleInputMethodService: GoogleInputMethodService.onFinishInput():2259 
06-01 22:48:58.490  1402  1402 I Module  : DeviceLockedStatusModuleProvider$Module.updateDeviceLockedStatus():103 repeatCheckTimes = 0, locked = false
06-01 22:48:58.494  1402  1402 I GoogleInputMethodService: GoogleInputMethodService.onStartInput():1446 onStartInput(EditorInfo{EditorInfo{packageName=com.aistudio.ereader.xynk, inputType=0, inputTypeString=NULL, enableLearning=false, autoCorrection=false, autoComplete=false, imeOptions=0, privateImeOptions=null, actionName=UNSPECIFIED, actionLabel=null, initialSelStart=-1, initialSelEnd=-1, initialCapsMode=0, label=null, fieldId=0, fieldName=null, extras=null, hintText=null, hintLocales=[]}}, false)
06-01 22:48:58.495   688  1307 I ImeTracker: system_server:88f6a9e9: onRequestHide at ORIGIN_SERVER reason IME_REQUESTED_CHANGED_LISTENER fromUser false
06-01 22:48:58.495  1402  1402 W AndroidIME: LatinIMEBase.updateInputViewCoverNavigation():327 Null input view, cannot update padding!
06-01 22:48:58.497  1402  1402 I Module  : DeviceLockedStatusModuleProvider$Module.updateDeviceLockedStatus():103 repeatCheckTimes = 1, locked = false
06-01 22:48:58.498   688   725 I ImeTracker: system_server:88f6a9e9: onCancelled at PHASE_SERVER_SHOULD_HIDE
06-01 22:48:58.499   688  1725 W PackageConfigPersister: App-specific configuration not found for packageName: com.aistudio.ereader.xynk and userId: 0
06-01 22:48:58.532  5631  5631 D InsetsController: hide(ime(), fromIme=false)
06-01 22:48:58.533  5631  5631 I ImeTracker: com.aistudio.ereader.xynk:1e7e136e: onCancelled at PHASE_CLIENT_ALREADY_HIDDEN
06-01 22:48:58.983  1069  1255 D SatelliteController: iisInCarrierRoamingNbIotNtn: satellite is disabled
06-01 22:48:58.985   688  1725 W IPCThreadState: Sending oneway calls to frozen process.
06-01 22:48:59.189  5770  5770 D AndroidRuntime: >>>>>> START com.android.internal.os.RuntimeInit uid 2000 <<<<<<
06-01 22:48:59.194  5770  5770 I AndroidRuntime: Using default boot image
06-01 22:48:59.194  5770  5770 I AndroidRuntime: Leaving lock profiling enabled
06-01 22:48:59.196  5770  5770 I app_process: Using CollectorTypeCMC GC.
06-01 22:48:59.293  5770  5770 D nativeloader: InitDefaultPublicLibraries for_preload=1: libandroid.so:libaaudio.so:libamidi.so:libbinder_ndk.so:libc.so:libcamera2ndk.so:libdl.so:libEGL.so:libGLESv1_CM.so:libGLESv2.so:libGLESv3.so:libicu.so:libicui18n.so:libicuuc.so:libjnigraphics.so:liblog.so:libmediandk.so:libm.so:libnativehelper.so:libnativewindow.so:libOpenMAXAL.so:libOpenSLES.so:libRS.so:libstdc++.so:libsync.so:libvulkan.so:libwebviewchromium_plat_support.so:libz.so
06-01 22:48:59.305  5770  5770 D nativeloader: Load libicu_jni.so using APEX ns com_android_art for caller /apex/com.android.art/javalib/core-oj.jar: ok
06-01 22:48:59.305  5770  5770 D app_process: u_setTimeZoneFilesDirectory("/apex/com.android.tzdata/etc/tz/versioned/9/icu") succeeded. 
06-01 22:48:59.306  5770  5770 D app_process: I18n APEX ICU file found: /apex/com.android.i18n/etc/icu/icudt76l.dat
06-01 22:48:59.306  5770  5770 D nativeloader: Load libjavacore.so using APEX ns com_android_art for caller /apex/com.android.art/javalib/core-oj.jar: ok
06-01 22:48:59.310  5770  5770 D nativeloader: Load libopenjdk.so using APEX ns com_android_art for caller /apex/com.android.art/javalib/core-oj.jar: ok
06-01 22:48:59.312  5770  5770 W app_process: Unexpected CPU variant for x86: x86_64.
06-01 22:48:59.312  5770  5770 W app_process: Known variants: atom, sandybridge, silvermont, goldmont, goldmont-plus, goldmont-without-sha-xsaves, tremont, kabylake, alderlake, default
06-01 22:48:59.314  5770  5770 W app_process: ClassLoaderContext shared library size mismatch. Expected=2, found=0 (PCL[]{PCL[/system/framework/android.test.base.jar*2789897741]#PCL[/system/framework/android.test.mock.jar*3361312393]} | PCL[])
06-01 22:48:59.315  5770  5770 W app_process: ClassLoaderContext classpath size mismatch. expected=0, found=1 (PCL[]{PCL[/system/framework/android.test.runner.jar*895143020]#PCL[/system/framework/android.test.base.jar*2789897741]} | PCL[/system/framework/android.test.runner.jar*895143020])
06-01 22:48:59.337  5770  5770 D nativeloader: Load libframework-connectivity-tiramisu-jni.so using APEX ns com_android_tethering for caller /apex/com.android.tethering/javalib/framework-connectivity-t.jar: ok
06-01 22:48:59.340  5770  5770 D AndroidRuntime: Calling main entry com.android.commands.uiautomator.Launcher
06-01 22:48:59.343  5770  5770 I AconfigPackage: android.media.swcodec.flags is mapped to com.android.media.swcodec
06-01 22:48:59.344  5770  5770 I AconfigPackage: com.google.android.settings.simplemode.flags is mapped to system_ext
06-01 22:48:59.344  5770  5770 I AconfigPackage: com.google.android.systemui is mapped to system_ext
06-01 22:48:59.344  5770  5770 I AconfigPackage: com.google.android.apps.nexuslauncher is mapped to system_ext
06-01 22:48:59.344  5770  5770 I AconfigPackage: com.android.settings.accessibility is mapped to system_ext
06-01 22:48:59.344  5770  5770 I AconfigPackage: com.android.settings.flags is mapped to system_ext
06-01 22:48:59.344  5770  5770 I AconfigPackage: com.google.android.apps.miphone.aiai.matchmaker.overview.ui is mapped to system_ext
06-01 22:48:59.344  5770  5770 I AconfigPackage: com.google.android.settings.flags is mapped to system_ext
06-01 22:48:59.344  5770  5770 I AconfigPackage: com.android.launcher3 is mapped to system_ext
06-01 22:48:59.344  5770  5770 I AconfigPackage: com.android.wallpaper is mapped to system_ext
06-01 22:48:59.344  5770  5770 I AconfigPackage: com.android.settings.media_drm is mapped to system_ext
06-01 22:48:59.344  5770  5770 I AconfigPackage: com.android.systemui.accessibility.accessibilitymenu is mapped to system_ext
06-01 22:48:59.344  5770  5770 I AconfigPackage: com.android.settings.keyboard is mapped to system_ext
06-01 22:48:59.344  5770  5770 I AconfigPackage: com.android.server.policy.feature.flags is mapped to system_ext
06-01 22:48:59.344  5770  5770 I AconfigPackage: com.android.settings.factory_reset is mapped to system_ext
06-01 22:48:59.344  5770  5770 I AconfigPackage: com.google.android.haptics.flags is mapped to system_ext
06-01 22:48:59.344  5770  5770 I AconfigPackage: com.android.permission.flags is mapped to com.android.permission
06-01 22:48:59.344  5770  5770 I AconfigPackage: com.android.icu is mapped to com.android.i18n
06-01 22:48:59.345  5770  5770 I AconfigPackage: com.android.appsearch.flags is mapped to com.android.appsearch
06-01 22:48:59.345  5770  5770 I AconfigPackage: android.uprobestats.mainline.flags is mapped to com.android.uprobestats
06-01 22:48:59.345  5770  5770 I AconfigPackage: android.provider.flags is mapped to com.android.configinfrastructure
06-01 22:48:59.345  5770  5770 I AconfigPackage: com.android.server.deviceconfig is mapped to com.android.configinfrastructure
06-01 22:48:59.345  5770  5770 I AconfigPackage: com.android.nfc.flags is mapped to system
06-01 22:48:59.346  5770  5770 I AconfigPackage: android.app.admin.flags is mapped to system
06-01 22:48:59.346  5770  5770 I AconfigPackage: android.database.sqlite is mapped to system
06-01 22:48:59.346  5770  5770 I AconfigPackage: com.android.providers.calendar is mapped to system
06-01 22:48:59.346  5770  5770 I AconfigPackage: com.android.server.power.feature.flags is mapped to system
06-01 22:48:59.346  5770  5770 I AconfigPackage: com.android.media.performance.flags is mapped to system
06-01 22:48:59.346  5770  5770 I AconfigPackage: android.app.contextualsearch.flags is mapped to system
06-01 22:48:59.346  5770  5770 I AconfigPackage: android.app.ondeviceintelligence.flags is mapped to system
06-01 22:48:59.346  5770  5770 I AconfigPackage: com.android.media.projection.flags is mapped to system
06-01 22:48:59.346  5770  5770 I AconfigPackage: android.companion is mapped to system
06-01 22:48:59.346  5770  5770 I AconfigPackage: android.service.controls.flags is mapped to system
06-01 22:48:59.346  5770  5770 I AconfigPackage: com.android.text.flags is mapped to system
06-01 22:48:59.346  5770  5770 I AconfigPackage: com.android.providers.contactkeys.flags is mapped to system
06-01 22:48:59.346  5770  5770 I AconfigPackage: com.android.intentresolver is mapped to system
06-01 22:48:59.346  5770  5770 I AconfigPackage: android.companion.virtualdevice.flags is mapped to system
06-01 22:48:59.346  5770  5770 I AconfigPackage: android.uprobestats.flags is mapped to system
06-01 22:48:59.346  5770  5770 I AconfigPackage: com.android.net.thread.platform.flags is mapped to system
06-01 22:48:59.346  5770  5770 I AconfigPackage: android.view.contentprotection.flags is mapped to system
06-01 22:48:59.346  5770  5770 I AconfigPackage: com.android.server.dreams is mapped to system
06-01 22:48:59.346  5770  5770 I AconfigPackage: com.android.graphics.surfaceflinger.flags is mapped to system
06-01 22:48:59.346  5770  5770 I AconfigPackage: com.android.hardware.input is mapped to system
06-01 22:48:59.346  5770  5770 I AconfigPackage: android.sdk is mapped to system
06-01 22:48:59.346  5770  5770 I AconfigPackage: com.android.input.flags is mapped to system
06-01 22:48:59.346  5770  5770 I AconfigPackage: android.tracing is mapped to system
06-01 22:48:59.346  5770  5770 I AconfigPackage: com.android.server.biometrics is mapped to system
06-01 22:48:59.346  5770  5770 I AconfigPackage: android.view.contentcapture.flags is mapped to system
06-01 22:48:59.346  5770  5770 I AconfigPackage: android.app.job is mapped to system
06-01 22:48:59.346  5770  5770 I AconfigPackage: android.content.res is mapped to system
06-01 22:48:59.346  5770  5770 I AconfigPackage: android.net.platform.flags is mapped to system
06-01 22:48:59.346  5770  5770 I AconfigPackage: com.android.aconfig.flags is mapped to system
06-01 22:48:59.347  5770  5770 I AconfigPackage: com.android.graphics.flags is mapped to system
06-01 22:48:59.347  5770  5770 I AconfigPackage: android.server.app is mapped to system
06-01 22:48:59.347  5770  5770 I AconfigPackage: android.speech.flags is mapped to system
06-01 22:48:59.347  5770  5770 I AconfigPackage: com.android.server.stats is mapped to system
06-01 22:48:59.347  5770  5770 I AconfigPackage: android.hardware.biometrics is mapped to system
06-01 22:48:59.347  5770  5770 I AconfigPackage: android.car.feature is mapped to system
06-01 22:48:59.347  5770  5770 I AconfigPackage: android.adpf is mapped to system
06-01 22:48:59.347  5770  5770 I AconfigPackage: android.location.flags is mapped to system
06-01 22:48:59.347  5770  5770 I AconfigPackage: com.android.settingslib.flags is mapped to system
06-01 22:48:59.347  5770  5770 I AconfigPackage: com.android.managedprovisioning.flags is mapped to system
06-01 22:48:59.347  5770  5770 I AconfigPackage: android.app.assist.flags is mapped to system
06-01 22:48:59.347  5770  5770 I AconfigPackage: com.android.server.net is mapped to system
06-01 22:48:59.347  5770  5770 I AconfigPackage: com.android.settingslib.widget.flags is mapped to system
06-01 22:48:59.347  5770  5770 I AconfigPackage: com.android.internal.camera.flags is mapped to system
06-01 22:48:59.347  5770  5770 I AconfigPackage: com.android.hardware.libsensor.flags is mapped to system
06-01 22:48:59.347  5770  5770 I AconfigPackage: com.android.internal.jank is mapped to system
06-01 22:48:59.347  5770  5770 I AconfigPackage: com.android.providers.settings is mapped to system
06-01 22:48:59.347  5770  5770 I AconfigPackage: android.multiuser is mapped to system
06-01 22:48:59.347  5770  5770 I AconfigPackage: com.android.server.power.optimization is mapped to system
06-01 22:48:59.347  5770  5770 I AconfigPackage: com.android.calllogbackup is mapped to system
06-01 22:48:59.347  5770  5770 I AconfigPackage: com.android.media.flags is mapped to system
06-01 22:48:59.347  5770  5770 I AconfigPackage: com.android.server.flags is mapped to system
06-01 22:48:59.347  5770  5770 I AconfigPackage: com.android.graphics.libvulkan.flags is mapped to system
06-01 22:48:59.347  5770  5770 I AconfigPackage: android.app.appfunctions.flags is mapped to system
06-01 22:48:59.347  5770  5770 I AconfigPackage: android.app.smartspace.flags is mapped to system
06-01 22:48:59.347  5770  5770 I AconfigPackage: com.android.providers.contacts.flags is mapped to system
06-01 22:48:59.347  5770  5770 I AconfigPackage: com.android.shell.flags is mapped to system
06-01 22:48:59.347  5770  5770 I AconfigPackage: com.android.media.aaudio is mapped to system
06-01 22:48:59.347  5770  5770 I AconfigPackage: android.hardware.radio is mapped to system
06-01 22:48:59.347  5770  5770 I AconfigPackage: com.google.wear.services.infra.flags is mapped to system
06-01 22:48:59.347  5770  5770 I AconfigPackage: suspend_service.flags is mapped to system
06-01 22:48:59.347  5770  5770 I AconfigPackage: android.media.midi is mapped to system
06-01 22:48:59.347  5770  5770 I AconfigPackage: com.android.libcore.readonly is mapped to system
06-01 22:48:59.347  5770  5770 I AconfigPackage: com.android.settingslib.widget.selectorwithwidgetpreference.flags is mapped to system
06-01 22:48:59.347  5770  5770 I AconfigPackage: android.service.notification is mapped to system
06-01 22:48:59.347  5770  5770 I AconfigPackage: com.android.systemui.shared is mapped to system
06-01 22:48:59.347  5770  5770 I AconfigPackage: android.app.jank is mapped to system
06-01 22:48:59.347  5770  5770 I AconfigPackage: android.app.wearable is mapped to system
06-01 22:48:59.348  5770  5770 I AconfigPackage: com.android.media.audio is mapped to system
06-01 22:48:59.348  5770  5770 I AconfigPackage: android.service.chooser is mapped to system
06-01 22:48:59.348  5770  5770 I AconfigPackage: com.android.server.compat is mapped to system
06-01 22:48:59.348  5770  5770 I AconfigPackage: com.android.server.alarm is mapped to system
06-01 22:48:59.348  5770  5770 I AconfigPackage: com.android.apex.flags is mapped to system
06-01 22:48:59.348  5770  5770 I AconfigPackage: android.service.quickaccesswallet is mapped to system
06-01 22:48:59.348  5770  5770 I AconfigPackage: android.app.usage is mapped to system
06-01 22:48:59.348  5770  5770 I AconfigPackage: com.android.server.accessibility is mapped to system
06-01 22:48:59.348  5770  5770 I AconfigPackage: android.app.supervision.flags is mapped to system
06-01 22:48:59.348  5770  5770 I AconfigPackage: com.android.server.utils is mapped to system
06-01 22:48:59.348  5770  5770 I AconfigPackage: android.chre.flags is mapped to system
06-01 22:48:59.348  5770  5770 I AconfigPackage: android.content.flags is mapped to system
06-01 22:48:59.348  5770  5770 I AconfigPackage: android.media.codec is mapped to system
06-01 22:48:59.348  5770  5770 I AconfigPackage: com.android.internal.os is mapped to system
06-01 22:48:59.348  5770  5770 I AconfigPackage: com.android.nfc.nci.flags is mapped to system
06-01 22:48:59.348  5770  5770 I AconfigPackage: android.app is mapped to system
06-01 22:48:59.348  5770  5770 I AconfigPackage: android.security.keystore2 is mapped to system
06-01 22:48:59.348  5770  5770 I AconfigPackage: android.crashrecovery.flags is mapped to system
06-01 22:48:59.348  5770  5770 I AconfigPackage: com.android.tradeinmode.flags is mapped to system
06-01 22:48:59.348  5770  5770 I AconfigPackage: android.hardware.flags is mapped to system
06-01 22:48:59.348  5770  5770 I AconfigPackage: com.android.server.telecom.flags is mapped to system
06-01 22:48:59.348  5770  5770 I AconfigPackage: com.android.settingslib.media.flags is mapped to system
06-01 22:48:59.348  5770  5770 I AconfigPackage: com.android.server.policy is mapped to system
06-01 22:48:59.348  5770  5770 I AconfigPackage: android.media.audiopolicy is mapped to system
06-01 22:48:59.348  5770  5770 I AconfigPackage: com.android.egg.flags is mapped to system
06-01 22:48:59.348  5770  5770 I AconfigPackage: com.android.internal.compat.flags is mapped to system
06-01 22:48:59.348  5770  5770 I AconfigPackage: android.security is mapped to system
06-01 22:48:59.348  5770  5770 I AconfigPackage: android.service.autofill is mapped to system
06-01 22:48:59.348  5770  5770 I AconfigPackage: com.example.android.aconfig.demo.flags is mapped to system
06-01 22:48:59.348  5770  5770 I AconfigPackage: android.view.flags is mapped to system
06-01 22:48:59.349  5770  5770 I AconfigPackage: android.companion.virtual.flags is mapped to system
06-01 22:48:59.349  5770  5770 I AconfigPackage: com.android.aconfig_new_storage is mapped to system
06-01 22:48:59.349  5770  5770 I AconfigPackage: com.android.server.feature.flags is mapped to system
06-01 22:48:59.349  5770  5770 I AconfigPackage: com.android.systemui is mapped to system
06-01 22:48:59.349  5770  5770 I AconfigPackage: com.android.server.power.batterysaver is mapped to system
06-01 22:48:59.349  5770  5770 I AconfigPackage: android.widget.flags is mapped to system
06-01 22:48:59.349  5770  5770 I AconfigPackage: com.android.media.editing.flags is mapped to system
06-01 22:48:59.349  5770  5770 I AconfigPackage: com.android.media.codec.flags is mapped to system
06-01 22:48:59.349  5770  5770 I AconfigPackage: com.android.server.powerstats is mapped to system
06-01 22:48:59.349  5770  5770 I AconfigPackage: com.android.graphics.egl.flags is mapped to system
06-01 22:48:59.349  5770  5770 I AconfigPackage: com.android.media.audioserver is mapped to system
06-01 22:48:59.349  5770  5770 I AconfigPackage: com.android.server.deviceidle is mapped to system
06-01 22:48:59.349  5770  5770 I AconfigPackage: android.nfc is mapped to system
06-01 22:48:59.349  5770  5770 I AconfigPackage: android.permission.flags is mapped to system
06-01 22:48:59.349  5770  5770 I AconfigPackage: android.service.voice.flags is mapped to system
06-01 22:48:59.349  5770  5770 I AconfigPackage: android.content.pm is mapped to system
06-01 22:48:59.349  5770  5770 I AconfigPackage: com.android.server.power.hint is mapped to system
06-01 22:48:59.349  5770  5770 I AconfigPackage: android.os is mapped to system
06-01 22:48:59.349  5770  5770 I AconfigPackage: android.service.dreams is mapped to system
06-01 22:48:59.349  5770  5770 I AconfigPackage: com.android.graphics.libgui.flags is mapped to system
06-01 22:48:59.349  5770  5770 I AconfigPackage: android.hardware.usb.flags is mapped to system
06-01 22:48:59.349  5770  5770 I AconfigPackage: android.provider is mapped to system
06-01 22:48:59.349  5770  5770 I AconfigPackage: com.android.server.job is mapped to system
06-01 22:48:59.349  5770  5770 I AconfigPackage: com.android.internal.foldables.flags is mapped to system
06-01 22:48:59.349  5770  5770 I AconfigPackage: com.android.internal.telephony.flags is mapped to system
06-01 22:48:59.349  5770  5770 I AconfigPackage: android.webkit is mapped to system
06-01 22:48:59.349  5770  5770 I AconfigPackage: android.credentials.flags is mapped to system
06-01 22:48:59.349  5770  5770 I AconfigPackage: com.android.server.display.feature.flags is mapped to system
06-01 22:48:59.349  5770  5770 I AconfigPackage: com.android.server.notification is mapped to system
06-01 22:48:59.349  5770  5770 I AconfigPackage: android.appwidget.flags is mapped to system
06-01 22:48:59.349  5770  5770 I AconfigPackage: com.android.frameworks.sensorservice.flags is mapped to system
06-01 22:48:59.350  5770  5770 I AconfigPackage: com.android.printspooler.flags is mapped to system
06-01 22:48:59.350  5770  5770 I AconfigPackage: com.android.window.flags is mapped to system
06-01 22:48:59.350  5770  5770 I AconfigPackage: android.adaptiveauth is mapped to system
06-01 22:48:59.350  5770  5770 I AconfigPackage: android.net.wifi.flags is mapped to system
06-01 22:48:59.350  5770  5770 I AconfigPackage: android.media.tv.flags is mapped to system
06-01 22:48:59.350  5770  5770 I AconfigPackage: com.android.server.usb.flags is mapped to system
06-01 22:48:59.350  5770  5770 I AconfigPackage: android.os.vibrator is mapped to system
06-01 22:48:59.350  5770  5770 I AconfigPackage: android.hardware.devicestate.feature.flags is mapped to system
06-01 22:48:59.350  5770  5770 I AconfigPackage: com.android.server.usage is mapped to system
06-01 22:48:59.350  5770  5770 I AconfigPackage: android.server is mapped to system
06-01 22:48:59.350  5770  5770 I AconfigPackage: com.android.wm.shell is mapped to system
06-01 22:48:59.350  5770  5770 I AconfigPackage: android.view.inputmethod is mapped to system
06-01 22:48:59.350  5770  5770 I AconfigPackage: com.android.graphics.hwui.flags is mapped to system
06-01 22:48:59.350  5770  5770 I AconfigPackage: com.android.server.backup is mapped to system
06-01 22:48:59.350  5770  5770 I AconfigPackage: com.android.internal.pm.pkg.component.flags is mapped to system
06-01 22:48:59.350  5770  5770 I AconfigPackage: android.view.accessibility is mapped to system
06-01 22:48:59.350  5770  5770 I AconfigPackage: com.google.wear.sdk is mapped to system
06-01 22:48:59.350  5770  5770 I AconfigPackage: android.media.audio is mapped to system
06-01 22:48:59.350  5770  5770 I AconfigPackage: com.android.server.am is mapped to system
06-01 22:48:59.350  5770  5770 I AconfigPackage: com.android.media.playback.flags is mapped to system
06-01 22:48:59.350  5770  5770 I AconfigPackage: com.android.art.flags is mapped to com.android.art
06-01 22:48:59.351  5770  5770 I AconfigPackage: com.android.libcore is mapped to com.android.art
06-01 22:48:59.351  5770  5770 I AconfigPackage: com.android.media.extractor.flags is mapped to com.android.media
06-01 22:48:59.351  5770  5770 I AconfigPackage: com.android.media.mainline.flags is mapped to com.android.media
06-01 22:48:59.351  5770  5770 I AconfigPackage: com.android.wifi.flags is mapped to com.android.wifi
06-01 22:48:59.351  5770  5770 I AconfigPackage: com.android.org.conscrypt.flags is mapped to com.android.conscrypt
06-01 22:48:59.351  5770  5770 I AconfigPackage: com.android.healthfitness.flags is mapped to com.android.healthfitness
06-01 22:48:59.351  5770  5770 I AconfigPackage: com.google.android.input.twoshay.flags is mapped to vendor
06-01 22:48:59.351  5770  5770 I AconfigPackage: libgooglecamerahal.flags is mapped to vendor
06-01 22:48:59.351  5770  5770 I AconfigPackage: com.android.ipsec.flags is mapped to com.android.ipsec
06-01 22:48:59.352  5770  5770 I AconfigPackage: com.android.nfc.module.flags is mapped to com.android.nfcservices
06-01 22:48:59.352  5770  5770 I AconfigPackage: com.android.adservices.ondevicepersonalization.flags is mapped to com.android.ondevicepersonalization
06-01 22:48:59.352  5770  5770 I AconfigPackage: com.android.bluetooth.flags is mapped to com.android.bt
06-01 22:48:59.352  5770  5770 I AconfigPackage: com.android.devicelock.flags is mapped to com.android.devicelock
06-01 22:48:59.352  5770  5770 I AconfigPackage: android.os.profiling is mapped to com.android.profiling
06-01 22:48:59.353  5770  5770 I AconfigPackage: com.android.os.statsd.flags is mapped to com.android.os.statsd
06-01 22:48:59.355  5770  5770 I AconfigPackage: com.android.cellbroadcastreceiver.flags is mapped to com.android.cellbroadcast
06-01 22:48:59.356  5770  5770 I AconfigPackage: com.android.adservices.flags is mapped to com.android.adservices
06-01 22:48:59.356  5770  5770 I AconfigPackage: com.android.sdksandbox.flags is mapped to com.android.adservices
06-01 22:48:59.356  5770  5770 I AconfigPackage: com.android.uwb.flags is mapped to com.android.uwb
06-01 22:48:59.356  5770  5770 I AconfigPackage: com.android.ranging.flags is mapped to com.android.uwb
06-01 22:48:59.356  5770  5770 I AconfigPackage: android.graphics.pdf.flags is mapped to com.android.mediaprovider
06-01 22:48:59.357  5770  5770 I AconfigPackage: com.android.providers.media.flags is mapped to com.android.mediaprovider
06-01 22:48:59.357  5770  5770 I AconfigPackage: android.graphics.pdf.flags.readonly is mapped to com.android.mediaprovider
06-01 22:48:59.357  5770  5770 I AconfigPackage: com.android.net.ct.flags is mapped to com.android.tethering
06-01 22:48:59.357  5770  5770 I AconfigPackage: com.android.net.flags is mapped to com.android.tethering
06-01 22:48:59.357  5770  5770 I AconfigPackage: android.net.vcn is mapped to com.android.tethering
06-01 22:48:59.357  5770  5770 I AconfigPackage: com.android.nearby.flags is mapped to com.android.tethering
06-01 22:48:59.357  5770  5770 I AconfigPackage: android.net.http is mapped to com.android.tethering
06-01 22:48:59.357  5770  5770 I AconfigPackage: com.android.net.thread.flags is mapped to com.android.tethering
06-01 22:48:59.357  5770  5770 I AconfigPackage: com.android.system.virtualmachine.flags is mapped to com.android.virt
06-01 22:48:59.358  5770  5770 E FeatureFlagsImplExport: android.os.flagging.AconfigStorageReadException: ERROR_PACKAGE_NOT_FOUND: package android.xr cannot be found on the device
06-01 22:48:59.361  5770  5770 D UiAutomationConnection: Created on user UserHandle{0}
06-01 22:48:59.361  5770  5770 I UiAutomation: Initialized for user 0 on display 0
06-01 22:48:59.361  5770  5770 W UiAutomation: Created with deprecatead constructor, assumes DEFAULT_DISPLAY
06-01 22:48:59.362   688  1307 D AccessibilityManagerService: changeCurrentUserForTestAutomationIfNeededLocked(0): ignoring because device doesn't support visible background users
06-01 22:48:59.362   688  1307 I UiAutomationManager: Registering UiTestAutomationService (id=com.android.server.accessibility/UiAutomation, flags=0x0) when called by user 0
06-01 22:48:59.363   688  1307 V AccessibilityManagerService: onUserStateChangedLocked for userId: 0, forceUpdate: false
06-01 22:48:59.364  1474  1483 I AiAiEcho: Settings changed for uri: content://settings/secure/accessibility_enabled
06-01 22:48:59.365   688  1307 W MagnificationConnectionManager: requestConnection duplicated request: connect=false, mConnectionState=DISCONNECTED
06-01 22:48:59.365  1474  1863 I AiAiEcho: Predicting[0]:  [CONTEXT sampling_count=5 ]
06-01 22:48:59.365  1474  1863 I AiAiEcho: EchoTargets: 
06-01 22:48:59.365  1474  1863 I AiAiEcho: Filtered by AiAi flag check: 
06-01 22:48:59.365  1474  1863 I AiAiEcho: [CONTEXT ratelimit_period="10 SECONDS" ]
06-01 22:48:59.366  1474  1863 I AiAiEcho: #remoteViewsTwiddler: feature disabled.
06-01 22:48:59.366  1474  1863 I AiAiEcho: Predicting[0]:  [CONTEXT sampling_count=5 ]
06-01 22:48:59.367  1474  1863 I AiAiEcho: EchoTargets: 
06-01 22:48:59.367  1474  1863 I AiAiEcho: Filtered by AiAi flag check: 
06-01 22:48:59.367  1474  1863 I AiAiEcho: [CONTEXT ratelimit_period="10 SECONDS" ]
06-01 22:48:59.367  1474  1863 I AiAiEcho: #remoteViewsTwiddler: feature disabled.
06-01 22:48:59.369   688   688 W IPCThreadState: Sending oneway calls to frozen process.
06-01 22:48:59.369   688   688 W IPCThreadState: Sending oneway calls to frozen process.
06-01 22:48:59.370   688   688 W IPCThreadState: Sending oneway calls to frozen process.
06-01 22:48:59.370   688   688 W IPCThreadState: Sending oneway calls to frozen process.
06-01 22:48:59.370   688   688 W IPCThreadState: Sending oneway calls to frozen process.
06-01 22:48:59.371   688   688 W IPCThreadState: Sending oneway calls to frozen process.
06-01 22:48:59.371   688   688 W IPCThreadState: Sending oneway calls to frozen process.
06-01 22:48:59.371   688   688 W IPCThreadState: Sending oneway calls to frozen process.
06-01 22:48:59.372  1474  1863 I AiAiEcho: #postPredictionTargets: Sending updates to UISurface home with targets# 0 (types=[])
06-01 22:48:59.373  1474  1863 I AiAiEcho: #postPredictionTargets: Sending updates to UISurface lockscreen with targets# 0 (types=[])
06-01 22:48:59.373   688   688 W IPCThreadState: Sending oneway calls to frozen process.
06-01 22:48:59.374   688   688 W IPCThreadState: Sending oneway calls to frozen process.
06-01 22:48:59.374   688   688 W IPCThreadState: Sending oneway calls to frozen process.
06-01 22:48:59.374   948   948 W PageIndicator: Total number of pages invalid: 0. Assuming 1 page.
06-01 22:48:59.375   688  1171 V AccessibilityManagerService: onUserStateChangedLocked for userId: 0, forceUpdate: false
06-01 22:48:59.376   688   688 W IPCThreadState: Sending oneway calls to frozen process.
06-01 22:48:59.377   688  1171 W MagnificationConnectionManager: requestConnection duplicated request: connect=false, mConnectionState=DISCONNECTED
06-01 22:48:59.380  1474  1483 I AiAiEcho: Settings changed for uri: content://settings/secure/accessibility_enabled
06-01 22:48:59.380   688   688 W IPCThreadState: Sending oneway calls to frozen process.
06-01 22:48:59.380  1084  1084 D SsBaseTemplateCard: No text view can be set up
06-01 22:48:59.380  1084  1084 D SsBaseTemplateCard: Passed-in item info is null
06-01 22:48:59.380  1084  1084 D SsBaseTemplateCard: Passed-in item info is null
06-01 22:48:59.380  1084  1084 D SsBaseTemplateCard: Passed-in item info is null
06-01 22:48:59.380  1084  1084 I SsBaseTemplateCard: Secondary card pane is null
06-01 22:48:59.380   688   688 W IPCThreadState: Sending oneway calls to frozen process.
06-01 22:48:59.380   688   688 W IPCThreadState: Sending oneway calls to frozen process.
06-01 22:48:59.380   688   688 W IPCThreadState: Sending oneway calls to frozen process.
06-01 22:48:59.380  1474  1863 I AiAiEcho: Predicting[0]:  [CONTEXT sampling_count=5 ]
06-01 22:48:59.380  1474  1863 I AiAiEcho: EchoTargets: 
06-01 22:48:59.380  1474  1863 I AiAiEcho: Filtered by AiAi flag check: 
06-01 22:48:59.380  1474  1863 I AiAiEcho: [CONTEXT ratelimit_period="10 SECONDS" ]
06-01 22:48:59.381  1474  1863 I AiAiEcho: #remoteViewsTwiddler: feature disabled.
06-01 22:48:59.382  1474  1863 I AiAiEcho: Predicting[0]:  [CONTEXT sampling_count=5 ]
06-01 22:48:59.382  1474  1863 I AiAiEcho: EchoTargets: 
06-01 22:48:59.382  1474  1863 I AiAiEcho: Filtered by AiAi flag check: 
06-01 22:48:59.382  1474  1863 I AiAiEcho: [CONTEXT ratelimit_period="10 SECONDS" ]
06-01 22:48:59.382   688   688 W IPCThreadState: Sending oneway calls to frozen process.
06-01 22:48:59.382   688   688 W IPCThreadState: Sending oneway calls to frozen process.
06-01 22:48:59.382   688   688 W IPCThreadState: Sending oneway calls to frozen process.
06-01 22:48:59.383  1474  1863 I AiAiEcho: #remoteViewsTwiddler: feature disabled.
06-01 22:48:59.383   688   688 W IPCThreadState: Sending oneway calls to frozen process.
06-01 22:48:59.386   688   688 D BatterySaverPolicy: accessibility changed to true, updating policy.
06-01 22:48:59.388  1374  1575 D AccessibilitySourceService: enabled a11y services count 0
06-01 22:48:59.388  1374  1575 D AccessibilitySourceService: a11y source sending 0 issue to sc
06-01 22:48:59.388   688   715 D SafetySourceDataValidat: No cert check requested for package com.google.android.permissioncontroller
06-01 22:48:59.392  1474  1863 I AiAiEcho: #postPredictionTargets: Sending updates to UISurface home with targets# 0 (types=[])
06-01 22:48:59.392  1474  1863 I AiAiEcho: #postPredictionTargets: Sending updates to UISurface lockscreen with targets# 0 (types=[])
06-01 22:48:59.395   948   948 W PageIndicator: Total number of pages invalid: 0. Assuming 1 page.
06-01 22:48:59.397  1084  1084 D SsBaseTemplateCard: No text view can be set up
06-01 22:48:59.397  1084  1084 D SsBaseTemplateCard: Passed-in item info is null
06-01 22:48:59.397  1084  1084 D SsBaseTemplateCard: Passed-in item info is null
06-01 22:48:59.397  1084  1084 D SsBaseTemplateCard: Passed-in item info is null
06-01 22:48:59.397  1084  1084 I SsBaseTemplateCard: Secondary card pane is null
06-01 22:49:00.403  1458  1673 W MediaProvider: isAppCloneUserPair for user 0: false
06-01 22:49:00.469  5770  5770 W AccessibilityNodeInfoDumper: Fetch time: 72ms
06-01 22:49:00.471   688  1756 V AccessibilityManagerService: onUserStateChangedLocked for userId: 0, forceUpdate: false
06-01 22:49:00.472  1474  1483 I AiAiEcho: Settings changed for uri: content://settings/secure/accessibility_enabled
06-01 22:49:00.472   688  1756 W MagnificationConnectionManager: requestConnection duplicated request: connect=false, mConnectionState=DISCONNECTED
06-01 22:49:00.472   688  1756 D AccessibilityManagerService: restoreCurrentUserForTestAutomationIfNeededLocked(): ignoring because device doesn't support visible background users
06-01 22:49:00.473  1474  1863 I AiAiEcho: Predicting[0]:  [CONTEXT sampling_count=5 ]
06-01 22:49:00.473   688   688 W IPCThreadState: Sending oneway calls to frozen process.
06-01 22:49:00.473  1474  1863 I AiAiEcho: EchoTargets: 
06-01 22:49:00.473  1474  1863 I AiAiEcho: Filtered by AiAi flag check: 
06-01 22:49:00.473  1474  1863 I AiAiEcho: [CONTEXT ratelimit_period="10 SECONDS" ]
06-01 22:49:00.473   688   688 W IPCThreadState: Sending oneway calls to frozen process.
06-01 22:49:00.473  1474  1863 I AiAiEcho: #remoteViewsTwiddler: feature disabled.
06-01 22:49:00.473   688   688 W IPCThreadState: Sending oneway calls to frozen process.
06-01 22:49:00.474   688   688 W IPCThreadState: Sending oneway calls to frozen process.
06-01 22:49:00.474  5770  5770 D AndroidRuntime: Shutting down VM
06-01 22:49:00.474  1474  1863 I AiAiEcho: Predicting[0]:  [CONTEXT sampling_count=5 ]
06-01 22:49:00.474  5770  5783 W IPCThreadState: call to talkWithDriver in joinThreadPool returned error: -9 (Bad file descriptor), FD: -1
06-01 22:49:00.476  5770  5779 W IPCThreadState: call to talkWithDriver in joinThreadPool returned error: -9 (Bad file descriptor), FD: -1
06-01 22:49:00.476  5770  5780 W IPCThreadState: call to talkWithDriver in joinThreadPool returned error: -9 (Bad file descriptor), FD: -1
06-01 22:49:00.477  1474  1863 I AiAiEcho: EchoTargets: 
06-01 22:49:00.477  1474  1863 I AiAiEcho: Filtered by AiAi flag check: 
06-01 22:49:00.477  1474  1863 I AiAiEcho: [CONTEXT ratelimit_period="10 SECONDS" ]
06-01 22:49:00.477   688   688 W IPCThreadState: Sending oneway calls to frozen process.
06-01 22:49:00.477  1474  1863 I AiAiEcho: #remoteViewsTwiddler: feature disabled.
06-01 22:49:00.477   688   688 W IPCThreadState: Sending oneway calls to frozen process.
06-01 22:49:00.478  1474  1863 I AiAiEcho: #postPredictionTargets: Sending updates to UISurface home with targets# 0 (types=[])
06-01 22:49:00.479   688   688 W IPCThreadState: Sending oneway calls to frozen process.
06-01 22:49:00.480  1474  1863 I AiAiEcho: #postPredictionTargets: Sending updates to UISurface lockscreen with targets# 0 (types=[])
06-01 22:49:00.480   688   688 W IPCThreadState: Sending oneway calls to frozen process.
06-01 22:49:00.480  1084  1084 D SsBaseTemplateCard: No text view can be set up
06-01 22:49:00.480  1084  1084 D SsBaseTemplateCard: Passed-in item info is null
06-01 22:49:00.480  1084  1084 D SsBaseTemplateCard: Passed-in item info is null
06-01 22:49:00.480  1084  1084 D SsBaseTemplateCard: Passed-in item info is null
06-01 22:49:00.480  1084  1084 I SsBaseTemplateCard: Secondary card pane is null
06-01 22:49:00.482   688   688 W IPCThreadState: Sending oneway calls to frozen process.
06-01 22:49:00.482   688   688 W IPCThreadState: Sending oneway calls to frozen process.
06-01 22:49:00.483   688   688 W IPCThreadState: Sending oneway calls to frozen process.
06-01 22:49:00.483   688   688 W IPCThreadState: Sending oneway calls to frozen process.
06-01 22:49:00.483   688   688 D BatterySaverPolicy: accessibility changed to false, updating policy.
06-01 22:49:00.493   948   948 W PageIndicator: Total number of pages invalid: 0. Assuming 1 page.
06-01 22:49:01.689  5631  5631 D VBookCrawler: source=vnexpress-Đường đen script=home args= result=map(keys=data, next, data=list(13))
06-01 22:49:01.722  5631  5631 W WindowOnBackDispatcher: sendCancelIfRunning: isInProgress=false callback=androidx.compose.ui.window.Api33Impl$$ExternalSyntheticLambda0@cfa7b72
06-01 22:49:01.723   688  1595 D CoreBackPreview: Window{75a02d6 u0 Pop-Up Window}: Setting back callback null
06-01 22:49:01.731  5631  5673 D HWUI    : endAllActiveAnimators on 0x7bbe324415d0 (UnprojectedRipple) with handle 0x7bbe82484e40
06-01 22:49:01.734   688  1595 I ImeTracker: system_server:52a903d5: onRequestHide at ORIGIN_SERVER reason IME_REQUESTED_CHANGED_LISTENER fromUser false
06-01 22:49:01.734   688   725 I ImeTracker: system_server:52a903d5: onCancelled at PHASE_SERVER_SHOULD_HIDE
06-01 22:49:01.735   688  1595 E WindowManager: Unknown window type: 1002
06-01 22:49:01.755   688   725 V WindowManager: Unknown focus tokens, dropping reportFocusChanged
06-01 22:49:01.929   688   807 I ImeTracker: com.aistudio.ereader.xynk:fc8dc22e: onRequestHide at ORIGIN_SERVER reason HIDE_UNSPECIFIED_WINDOW fromUser false
06-01 22:49:01.932  1402  1402 I GoogleInputMethodService: GoogleInputMethodService.onFinishInput():2259 
06-01 22:49:01.933  1402  1402 I Module  : DeviceLockedStatusModuleProvider$Module.updateDeviceLockedStatus():103 repeatCheckTimes = 0, locked = false
06-01 22:49:01.933   688  1307 I ImeTracker: system_server:9320d922: onRequestHide at ORIGIN_SERVER reason IME_REQUESTED_CHANGED_LISTENER fromUser false
06-01 22:49:01.938  1402  1402 I GoogleInputMethodService: GoogleInputMethodService.onStartInput():1446 onStartInput(EditorInfo{EditorInfo{packageName=com.aistudio.ereader.xynk, inputType=0, inputTypeString=NULL, enableLearning=false, autoCorrection=false, autoComplete=false, imeOptions=0, privateImeOptions=null, actionName=UNSPECIFIED, actionLabel=null, initialSelStart=-1, initialSelEnd=-1, initialCapsMode=0, label=null, fieldId=0, fieldName=null, extras=null, hintText=null, hintLocales=[]}}, false)
06-01 22:49:01.938  1402  1402 W AndroidIME: LatinIMEBase.updateInputViewCoverNavigation():327 Null input view, cannot update padding!
06-01 22:49:01.940   688   725 I ImeTracker: system_server:9320d922: onCancelled at PHASE_SERVER_SHOULD_HIDE
06-01 22:49:01.941  1402  1402 I Module  : DeviceLockedStatusModuleProvider$Module.updateDeviceLockedStatus():103 repeatCheckTimes = 1, locked = false
06-01 22:49:01.942   688  1595 W PackageConfigPersister: App-specific configuration not found for packageName: com.aistudio.ereader.xynk and userId: 0
06-01 22:49:01.949  5631  5631 D InsetsController: hide(ime(), fromIme=false)
06-01 22:49:01.949  5631  5631 I ImeTracker: com.aistudio.ereader.xynk:fc8dc22e: onCancelled at PHASE_CLIENT_ALREADY_HIDDEN
06-01 22:49:02.047   688   791 D ActivityManager: freezing 1374 com.google.android.permissioncontroller
06-01 22:49:02.052   688   848 D InetDiagMessage: Destroyed 0 sockets, proto=IPPROTO_TCP, family=AF_INET, states=14
06-01 22:49:02.053   688   848 D InetDiagMessage: Destroyed 0 sockets, proto=IPPROTO_TCP, family=AF_INET6, states=14
06-01 22:49:02.053   688   848 D InetDiagMessage: Destroyed live tcp sockets for uids={10207} in 2ms
06-01 22:49:02.683  5631  5640 W io.ereader.xynk: Cleared Reference was only reachable from finalizer (only reported once)
06-01 22:49:03.116  5631  5631 D VBookCrawler: source=vnexpress-Đường đen script=gen.js args=/thoi-su, 1 result=map(keys=data, next, data=list(33))
06-01 22:49:03.387  5631  5689 W HWUI    : Image decoding logging dropped!
06-01 22:49:03.470  5631  5690 W HWUI    : Image decoding logging dropped!
06-01 22:49:03.525  5631  5696 W HWUI    : Image decoding logging dropped!
06-01 22:49:03.541  5631  5689 W HWUI    : Image decoding logging dropped!
06-01 22:49:03.557  5631  5688 W HWUI    : Image decoding logging dropped!
06-01 22:49:03.611  5631  5806 W HWUI    : Image decoding logging dropped!
06-01 22:49:03.655  5631  5807 W HWUI    : Image decoding logging dropped!
06-01 22:49:03.679  5631  5689 W HWUI    : Image decoding logging dropped!
06-01 22:49:03.680  5631  5690 W HWUI    : Image decoding logging dropped!
06-01 22:49:04.136  5809  5809 W dumpsys : Thread Pool max thread count is 0. Cannot cache binder as linkToDeath cannot be implemented. serviceName: package
06-01 22:49:04.306  3901  3903 I artd    : GetBestInfo: odex next to the dex file (/data/app/~~oqHPZkItOTY-JdZP8j0YvQ==/com.google.android.gms-U8kK62mhhj2hUoGXPlJDnw==/oat/x86_64/base.odex) is kOatUpToDate with filter 'speed-profile' executable 'false'
06-01 22:49:04.310  3901  3903 I artd    : GetBestInfo: odex next to the dex file (/data/app/~~oqHPZkItOTY-JdZP8j0YvQ==/com.google.android.gms-U8kK62mhhj2hUoGXPlJDnw==/oat/x86_64/split_AdsDynamite_installtime.odex) is kOatUpToDate with filter 'speed' executable 'false'
06-01 22:49:04.312  3901  3903 I artd    : GetBestInfo: odex next to the dex file (/data/app/~~oqHPZkItOTY-JdZP8j0YvQ==/com.google.android.gms-U8kK62mhhj2hUoGXPlJDnw==/oat/x86_64/split_CronetDynamite_installtime.odex) is kOatUpToDate with filter 'speed-profile' executable 'false'
06-01 22:49:04.316  3901  3903 I artd    : GetBestInfo: odex next to the dex file (/data/app/~~oqHPZkItOTY-JdZP8j0YvQ==/com.google.android.gms-U8kK62mhhj2hUoGXPlJDnw==/oat/x86_64/split_DynamiteLoader_installtime.odex) is kOatUpToDate with filter 'speed' executable 'false'
06-01 22:49:04.318  3901  3903 I artd    : GetBestInfo: odex next to the dex file (/data/app/~~oqHPZkItOTY-JdZP8j0YvQ==/com.google.android.gms-U8kK62mhhj2hUoGXPlJDnw==/oat/x86_64/split_DynamiteModulesA_installtime.odex) is kOatUpToDate with filter 'speed' executable 'false'
06-01 22:49:04.320  3901  3903 I artd    : GetBestInfo: odex next to the dex file (/data/app/~~oqHPZkItOTY-JdZP8j0YvQ==/com.google.android.gms-U8kK62mhhj2hUoGXPlJDnw==/oat/x86_64/split_DynamiteModulesC_installtime.odex) is kOatUpToDate with filter 'speed' executable 'false'
06-01 22:49:04.321  3901  3903 I artd    : GetBestInfo: odex next to the dex file (/data/app/~~oqHPZkItOTY-JdZP8j0YvQ==/com.google.android.gms-U8kK62mhhj2hUoGXPlJDnw==/oat/x86_64/split_GoogleCertificates_installtime.odex) is kOatUpToDate with filter 'speed' executable 'false'
06-01 22:49:04.323  3901  3903 I artd    : GetBestInfo: odex next to the dex file (/data/app/~~oqHPZkItOTY-JdZP8j0YvQ==/com.google.android.gms-U8kK62mhhj2hUoGXPlJDnw==/oat/x86_64/split_MapsDynamite_installtime.odex) is kOatUpToDate with filter 'speed' executable 'false'
06-01 22:49:04.325  3901  3903 I artd    : GetBestInfo: odex next to the dex file (/data/app/~~oqHPZkItOTY-JdZP8j0YvQ==/com.google.android.gms-U8kK62mhhj2hUoGXPlJDnw==/oat/x86_64/split_MeasurementDynamite_installtime.odex) is kOatUpToDate with filter 'speed' executable 'false'
06-01 22:49:04.327  3901  3903 I artd    : GetBestInfo: odex next to the dex file (/data/app/~~oqHPZkItOTY-JdZP8j0YvQ==/com.google.android.gms-U8kK62mhhj2hUoGXPlJDnw==/oat/x86_64/split_all_locale_splits.odex) is kOatUpToDate with filter 'speed' executable 'false'
06-01 22:49:04.327  3901  3903 I artd    : GetBestInfo: /data/user_de/0/com.google.android.gms/app_chimera/m/00000001/CronetDynamite.apk has no usable artifacts
06-01 22:49:04.328  3901  3903 I artd    : GetBestInfo: /data/user_de/0/com.google.android.gms/app_chimera/m/00000002/DynamiteLoader.apk has no usable artifacts
06-01 22:49:04.329  3901  3903 I artd    : GetBestInfo: /data/user_de/0/com.google.android.gms/app_chimera/m/00000015/dl-Appsearch.optional_261631100800.apk has no usable artifacts
06-01 22:49:04.331  3901  3903 I artd    : GetBestInfo: /data/user_de/0/com.google.android.gms/app_chimera/m/00000011/dl-MlkitBarcodeUi.optional_261631100800.apk has no usable artifacts
06-01 22:49:04.332  3901  3903 I artd    : GetBestInfo: /data/user_de/0/com.google.android.gms/app_chimera/m/00000005/GoogleCertificates.apk has no usable artifacts
06-01 22:49:04.333  3901  3903 I artd    : GetBestInfo: /data/user_de/0/com.google.android.gms/app_chimera/m/00000017/dl-TfliteDynamiteDynamite.integ_260580502100800.apk has no usable artifacts
06-01 22:49:04.335  3901  3903 I artd    : GetBestInfo: /data/user_de/0/com.google.android.gms/app_chimera/m/0000000d/dl-TfliteDynamiteDynamite.integ_252130102100800.apk has no usable artifacts
06-01 22:49:04.336  3901  3903 I artd    : GetBestInfo: /data/user_de/0/com.google.android.gms/app_chimera/m/00000016/dl-IdentityCredentialsPlatform.optional_261631100800.apk has no usable artifacts
06-01 22:49:04.337  3901  3903 I artd    : GetBestInfo: /data/user_de/0/com.google.android.gms/app_chimera/m/0000000a/dl-MlkitBarcodeUi.optional_250834100800.apk has no usable artifacts
06-01 22:49:04.339  3901  3903 I artd    : GetBestInfo: vdex next to the dex file (/data/user/0/com.google.android.gms/app_dg_cache/92659AEB0EFADECE4CBB22D1DF07B00702EAAC36/oat/x86_64/the.vdex) is kOatUpToDate with filter 'verify' executable 'false'
06-01 22:49:04.340  3901  3903 I artd    : GetBestInfo: /data/user_de/0/com.google.android.gms/app_chimera/m/00000014/dl-PlayCloudSearch.optional_261631100000.apk has no usable artifacts
06-01 22:49:04.341  3901  3903 I artd    : GetBestInfo: /data/user/0/com.google.android.gms/app_dg_cache/BBB8ADBA11F43674FC873CF50B06D4CFE87E958C/the.apk has no usable artifacts
06-01 22:49:04.342  3901  3903 W artd    : Could not get dex checksums for location /data/app/~~JlUJQFlc4ygp9jZhE_7qYA==/com.android.vending-cRWAZr3GHq-n4fdFyU9thA==/base.apk, fd=-1
06-01 22:49:05.983  1279  1279 D BoundBrokerSvc: onUnbind: Intent { act=com.google.android.gms.auth.aang.events.services.START dat=chimera-action:/... xflg=0x4 cmp=com.google.android.gms/.chimera.PersistentApiService }
06-01 22:49:06.904  1279  1279 D BoundBrokerSvc: onUnbind: Intent { act=com.google.android.gms.libs.gmscorelogger.service.START dat=chimera-action:/... xflg=0x4 cmp=com.google.android.gms/.chimera.PersistentDirectBootAwareApiService }
06-01 22:49:07.242   688   782 D ActivityManager: sync unfroze 3131 com.android.vending for 6
06-01 22:49:07.260   688  1595 W ProcessStats: Tracking association SourceState{90b8388 system/1000 ImpBg #3145} whose proc state 6 is better than process ProcessState{44d468f com.android.vending/10144 pkg=com.android.vending} proc state 14 (5 skipped)
06-01 22:49:07.263  3131  3131 I Finsky  : [2] SCH: job service start with id 9469.
06-01 22:49:07.284  3131  5596 I Finsky  : [171] SCH: Satisfied jobs for 9469 are: 12-1
