06-02 03:33:09.382  2063  2183 I .apps.wellbeing: AssetManager2(0x7bbe4243dfd8) locale list changing from [] to [en-US]
06-02 03:33:09.392  2063  2183 I .apps.wellbeing: AssetManager2(0x7bbe42457f78) locale list changing from [] to [en-US]
06-02 03:33:09.394  2063  2183 I .apps.wellbeing: AssetManager2(0x7bbe4243ff18) locale list changing from [] to [en-US]
06-02 03:33:09.401  2063  2183 I .apps.wellbeing: AssetManager2(0x7bbe4243dcb8) locale list changing from [] to [en-US]
06-02 03:33:09.472  2063  2183 I .apps.wellbeing: AssetManager2(0x7bbe42448258) locale list changing from [] to [en-US]
06-02 03:33:09.492  2063  2183 I .apps.wellbeing: AssetManager2(0x7bbe42436f58) locale list changing from [] to [en-US]
06-02 03:33:09.500  2063  2183 I .apps.wellbeing: AssetManager2(0x7bbe4243f8d8) locale list changing from [] to [en-US]
06-02 03:33:09.505  2063  2183 I .apps.wellbeing: AssetManager2(0x7bbe42433d58) locale list changing from [] to [en-US]
06-02 03:33:09.509  2063  2183 I .apps.wellbeing: AssetManager2(0x7bbe42445cd8) locale list changing from [] to [en-US]
06-02 03:33:09.511 12911 12944 D WM-PackageManagerHelper: Skipping component enablement for androidx.work.impl.background.systemalarm.RescheduleReceiver
06-02 03:33:09.517  2063  2183 I .apps.wellbeing: AssetManager2(0x7bbe4243e2f8) locale list changing from [] to [en-US]
06-02 03:33:09.682   688  1173 I ActivityManager: Background started FGS: Allowed [callingPackage: com.aistudio.ereader.xynk; callingUid: 10225; uidState: TOP ; uidBFSL: [BFSL]; intent: Intent { xflg=0x4 cmp=com.aistudio.ereader.xynk/com.example.web.LocalWebService }; code:PROC_STATE_TOP; tempAllowListReason:<null>; allowWiu:12; targetSdkVersion:36; callerTargetSdkVersion:36; startForegroundCount:0; bindFromPackage:null: isBindService:false]
06-02 03:33:09.689   688  1173 W OptProp : Cannot read opt property android.window.PROPERTY_COMPAT_ENABLE_FAKE_FOCUS
06-02 03:33:09.698   688   898 D BackgroundInstallControlService: Package event received: 0
06-02 03:33:09.703   688   898 D BackgroundInstallControlService: Package event received: 0
06-02 03:33:09.704 12911 12947 I DisplayManager: Choreographer implicitly registered for the refresh rate.
06-02 03:33:09.708 12911 12911 I io.ereader.xynk: AssetManager2(0x7bbe42432458) locale list changing from [] to [en-US]
06-02 03:33:09.779 12911 12947 I EGL_emulation: Opening libGLESv1_CM_emulation.so
06-02 03:33:09.780 12911 12947 I EGL_emulation: Opening libGLESv2_emulation.so
06-02 03:33:09.788 12911 12947 W HWUI    : Failed to choose config with EGL_SWAP_BEHAVIOR_PRESERVED, retrying without...
06-02 03:33:09.788 12911 12947 W HWUI    : Failed to initialize 101010-2 format, error = EGL_SUCCESS
06-02 03:33:09.806 12911 12911 D CompatChangeReporter: Compat change id reported: 377864165; UID 10225; state: ENABLED
06-02 03:33:09.808 12911 12911 D DesktopModeFlags: Toggle override initialized to: OVERRIDE_UNSET
06-02 03:33:09.940 12911 12911 W HWUI    : Unknown dataspace 0
06-02 03:33:10.171   688   715 I ActivityManager: Background started FGS: Allowed [callingPackage: com.aistudio.ereader.xynk; callingUid: 10225; uidState: TOP ; uidBFSL: [BFSL]; intent: Intent { cmp=com.aistudio.ereader.xynk/com.example.web.LocalWebService }; code:PROC_STATE_TOP; tempAllowListReason:<fg-service-launch,reasonCode:SERVICE_LAUNCH,duration:30000,callingUid:10225>; allowWiu:12; targetSdkVersion:36; callerTargetSdkVersion:36; startForegroundCount:0; bindFromPackage:null: isBindService:false]
06-02 03:33:10.173   688   715 W ForegroundServiceTypeLoggerModule: Foreground service start for UID: 10225 does not have any types
06-02 03:33:10.175   688   898 D BackgroundInstallControlService: Package event received: 0
06-02 03:33:10.178   688  1762 D CoreBackPreview: Window{aaf7933 u0 com.aistudio.ereader.xynk/com.example.MainActivity}: Setting back callback OnBackInvokedCallbackInfo{mCallback=android.window.IOnBackInvokedCallback$Stub$Proxy@9d05425, mPriority=-1, mIsAnimationCallback=false, mOverrideBehavior=0}
06-02 03:33:10.433   688   848 D InetDiagMessage: Destroyed 0 sockets, proto=IPPROTO_TCP, family=AF_INET, states=14
06-02 03:33:10.434   688   848 D InetDiagMessage: Destroyed 0 sockets, proto=IPPROTO_TCP, family=AF_INET6, states=14
06-02 03:33:10.434   688   848 D InetDiagMessage: Destroyed live tcp sockets for uids={10152} in 2ms
06-02 03:33:10.434   688   848 D InetDiagMessage: Destroyed 0 sockets, proto=IPPROTO_TCP, family=AF_INET, states=14
06-02 03:33:10.435   688   848 D InetDiagMessage: Destroyed 0 sockets, proto=IPPROTO_TCP, family=AF_INET6, states=14
06-02 03:33:10.435   688   848 D InetDiagMessage: Destroyed live tcp sockets for uids={20152} in 1ms
06-02 03:33:10.549   688  1531 E TaskPersister: File error accessing recents directory (directory doesn't exist?).
06-02 03:33:10.616 12911 12921 I io.ereader.xynk: Compiler allocated 5042KB to compile void android.view.ViewRootImpl.performTraversals()
06-02 03:33:11.162  1069  1255 D SatelliteController: iisInCarrierRoamingNbIotNtn: satellite is disabled
06-02 03:33:11.163   688  1762 W IPCThreadState: Sending oneway calls to frozen process.
06-02 03:33:12.038   688   722 I ActivityTaskManager: Displayed com.aistudio.ereader.xynk/com.example.MainActivity for user 0: +5s486ms
06-02 03:33:12.066 12911 12929 I HWUI    : Davey! duration=2091ms; Flags=1, FrameTimelineVsyncId=122090, IntendedVsync=18577635024054, Vsync=18577851690712, InputEventId=0, HandleInputStart=18577863431900, AnimationStart=18577863471900, PerformTraversalsStart=18577863540300, DrawStart=18579608964400, FrameDeadline=18577651690720, FrameStartTime=18577862750900, FrameInterval=16666666, WorkloadTarget=16666666, SyncQueued=18579653374900, SyncStart=18579654335800, IssueDrawCommandsStart=18579654537600, SwapBuffers=18579707888800, FrameCompleted=18579727083400, DequeueBufferDuration=29800, QueueBufferDuration=504400, GpuCompleted=18579727083400, SwapBuffersCompleted=18579712798900, DisplayPresentTime=0, CommandSubmissionCompleted=18579707888800, 
06-02 03:33:12.120 12911 12911 I Choreographer: Skipped 110 frames!  The application may be doing too much work on its main thread.
06-02 03:33:12.177   688   807 I ImeTracker: com.aistudio.ereader.xynk:32b7075c: onRequestHide at ORIGIN_SERVER reason HIDE_UNSPECIFIED_WINDOW fromUser false
06-02 03:33:12.201 12911 12929 I HWUI    : Davey! duration=1911ms; Flags=0, FrameTimelineVsyncId=122120, IntendedVsync=18577968357374, Vsync=18579801690634, InputEventId=0, HandleInputStart=18579809527900, AnimationStart=18579809620600, PerformTraversalsStart=18579841127900, DrawStart=18579842667100, FrameDeadline=18579751690636, FrameStartTime=18579806584800, FrameInterval=16666666, WorkloadTarget=16666666, SyncQueued=18579843398500, SyncStart=18579843685600, IssueDrawCommandsStart=18579843856200, SwapBuffers=18579849847000, FrameCompleted=18579880288900, DequeueBufferDuration=115700, QueueBufferDuration=6674600, GpuCompleted=18579878637600, SwapBuffersCompleted=18579880288900, DisplayPresentTime=0, CommandSubmissionCompleted=18579849847000, 
06-02 03:33:12.216  1402  1402 I GoogleInputMethodService: GoogleInputMethodService.onFinishInput():2259 
06-02 03:33:12.228   688  1762 I ImeTracker: system_server:b6cdf056: onRequestHide at ORIGIN_SERVER reason IME_REQUESTED_CHANGED_LISTENER fromUser false
06-02 03:33:12.235   688   725 I ImeTracker: system_server:b6cdf056: onCancelled at PHASE_SERVER_SHOULD_HIDE
06-02 03:33:12.241  1402  1402 I Module  : DeviceLockedStatusModuleProvider$Module.updateDeviceLockedStatus():103 repeatCheckTimes = 0, locked = false
06-02 03:33:12.243  1402  1402 I GoogleInputMethodService: GoogleInputMethodService.onStartInput():1446 onStartInput(EditorInfo{EditorInfo{packageName=com.aistudio.ereader.xynk, inputType=0, inputTypeString=NULL, enableLearning=false, autoCorrection=false, autoComplete=false, imeOptions=0, privateImeOptions=null, actionName=UNSPECIFIED, actionLabel=null, initialSelStart=-1, initialSelEnd=-1, initialCapsMode=0, label=null, fieldId=0, fieldName=null, extras=null, hintText=null, hintLocales=[]}}, false)
06-02 03:33:12.244  1402  1402 W AndroidIME: LatinIMEBase.updateInputViewCoverNavigation():327 Null input view, cannot update padding!
06-02 03:33:12.248  1402  1402 I Module  : DeviceLockedStatusModuleProvider$Module.updateDeviceLockedStatus():103 repeatCheckTimes = 1, locked = false
06-02 03:33:12.251   688  2449 W PackageConfigPersister: App-specific configuration not found for packageName: com.aistudio.ereader.xynk and userId: 0
06-02 03:33:12.259 12911 12911 D InsetsController: hide(ime(), fromIme=false)
06-02 03:33:12.259 12911 12911 I ImeTracker: com.aistudio.ereader.xynk:32b7075c: onCancelled at PHASE_CLIENT_ALREADY_HIDDEN
06-02 03:33:12.287  1279  2137 I FontLog : (REDACTED) Received query %s, URI %s
06-02 03:33:12.294  1279  2137 I FontLog : (REDACTED) Query [%s] resolved to %s
06-02 03:33:12.300  1279  2137 I FontLog : (REDACTED) Fetch %s end status %s
06-02 03:33:12.333  1279  2011 I FontLog : (REDACTED) Pulling font file for id = %d, cache size = %d
06-02 03:33:12.390  1279  2011 I FontLog : (REDACTED) Pulling font file for id = %d, cache size = %d
06-02 03:33:12.458  1084  1084 D BaseDepthController: setSurface:
06-02 03:33:12.458  1084  1084 D BaseDepthController: 	mWaitingOnSurfaceValidity: false
06-02 03:33:12.458  1084  1084 D BaseDepthController: 	mBaseSurface: null
06-02 03:33:12.458  1084  1084 D BaseDepthController: mSurface is null and mCurrentBlur is: 0
06-02 03:33:12.459  1084  1084 D StateManager: goToState - fromState: Normal, toState: Normal, partial trace:
06-02 03:33:12.459  1084  1084 D StateManager: 	at com.android.launcher3.statemanager.StateManager.moveToRestState(go/retraceme 72a59688580715d19f0e415c69e80376c2f062d1648c80db6730905005a27c20:4)
06-02 03:33:12.459  1084  1084 D StateManager: 	at com.android.launcher3.statemanager.StateManager.moveToRestState(go/retraceme 72a59688580715d19f0e415c69e80376c2f062d1648c80db6730905005a27c20:1)
06-02 03:33:12.459  1084  1084 D StateManager: 	at com.android.launcher3.statemanager.StatefulActivity.onStop(go/retraceme 72a59688580715d19f0e415c69e80376c2f062d1648c80db6730905005a27c20:34)
06-02 03:33:12.460  1084  1084 D StatsLog: LAUNCHER_ONSTOP
06-02 03:33:12.462  1084  1084 D StatsLog: LAUNCHER_GOOGLE_SEARCH_RESTORE_LIST_SIZE_AFTER_ACTIVITY_RESTART
06-02 03:33:12.493   688   898 D BackgroundInstallControlService: Package event received: 0
06-02 03:33:12.889   688  2449 D CompatChangeReporter: Compat change id reported: 349487600; UID 10225; state: ENABLED
06-02 03:33:12.894   688   848 D ConnectivityService: NetReassign [no changes] [c 0] [a 1] [i 1]
06-02 03:33:13.102 12911 12911 I Choreographer: Skipped 31 frames!  The application may be doing too much work on its main thread.
06-02 03:33:13.135 12911 12929 I HWUI    : Davey! duration=758ms; Flags=0, FrameTimelineVsyncId=122335, IntendedVsync=18580051690624, Vsync=18580068357290, InputEventId=0, HandleInputStart=18580079488400, AnimationStart=18580079527800, PerformTraversalsStart=18580263960600, DrawStart=18580760690400, FrameDeadline=18580118357288, FrameStartTime=18580079456100, FrameInterval=16666666, WorkloadTarget=16666666, SyncQueued=18580784419600, SyncStart=18580787165700, IssueDrawCommandsStart=18580787366000, SwapBuffers=18580795009300, FrameCompleted=18580813258200, DequeueBufferDuration=42600, QueueBufferDuration=2086200, GpuCompleted=18580813258200, SwapBuffersCompleted=18580797858800, DisplayPresentTime=0, CommandSubmissionCompleted=18580795009300, 
06-02 03:33:13.227 12911 12974 W HWUI    : Failed to choose config with EGL_SWAP_BEHAVIOR_PRESERVED, retrying without...
06-02 03:33:13.228 12911 12974 W HWUI    : Failed to initialize 101010-2 format, error = EGL_SUCCESS
06-02 03:33:13.314 12911 12957 W HWUI    : Image decoding logging dropped!
06-02 03:33:13.350 12911 12956 W HWUI    : Image decoding logging dropped!
06-02 03:33:13.362 12911 12971 W HWUI    : Image decoding logging dropped!
06-02 03:33:13.386 12911 12968 W HWUI    : Image decoding logging dropped!
06-02 03:33:13.408 12911 12956 W HWUI    : Image decoding logging dropped!
06-02 03:33:13.503 12911 12956 W HWUI    : Image decoding logging dropped!
06-02 03:33:13.538 12911 12966 W HWUI    : Image decoding logging dropped!
06-02 03:33:13.592 12911 12969 W HWUI    : Image decoding logging dropped!
06-02 03:33:13.593 12911 12957 W HWUI    : Image decoding logging dropped!
06-02 03:33:14.152 12975 12975 W dumpsys : Thread Pool max thread count is 0. Cannot cache binder as linkToDeath cannot be implemented. serviceName: package
06-02 03:33:14.459  3901  9791 I artd    : GetBestInfo: odex next to the dex file (/data/app/~~oqHPZkItOTY-JdZP8j0YvQ==/com.google.android.gms-U8kK62mhhj2hUoGXPlJDnw==/oat/x86_64/base.odex) is kOatUpToDate with filter 'speed-profile' executable 'false'
06-02 03:33:14.466  3901  9791 I artd    : GetBestInfo: odex next to the dex file (/data/app/~~oqHPZkItOTY-JdZP8j0YvQ==/com.google.android.gms-U8kK62mhhj2hUoGXPlJDnw==/oat/x86_64/split_AdsDynamite_installtime.odex) is kOatUpToDate with filter 'speed' executable 'false'
06-02 03:33:14.468  3901  9791 I artd    : GetBestInfo: odex next to the dex file (/data/app/~~oqHPZkItOTY-JdZP8j0YvQ==/com.google.android.gms-U8kK62mhhj2hUoGXPlJDnw==/oat/x86_64/split_CronetDynamite_installtime.odex) is kOatUpToDate with filter 'speed-profile' executable 'false'
06-02 03:33:14.471  3901  9791 I artd    : GetBestInfo: odex next to the dex file (/data/app/~~oqHPZkItOTY-JdZP8j0YvQ==/com.google.android.gms-U8kK62mhhj2hUoGXPlJDnw==/oat/x86_64/split_DynamiteLoader_installtime.odex) is kOatUpToDate with filter 'speed' executable 'false'
06-02 03:33:14.474  3901  9791 I artd    : GetBestInfo: odex next to the dex file (/data/app/~~oqHPZkItOTY-JdZP8j0YvQ==/com.google.android.gms-U8kK62mhhj2hUoGXPlJDnw==/oat/x86_64/split_DynamiteModulesA_installtime.odex) is kOatUpToDate with filter 'speed' executable 'false'
06-02 03:33:14.476  3901  9791 I artd    : GetBestInfo: odex next to the dex file (/data/app/~~oqHPZkItOTY-JdZP8j0YvQ==/com.google.android.gms-U8kK62mhhj2hUoGXPlJDnw==/oat/x86_64/split_DynamiteModulesC_installtime.odex) is kOatUpToDate with filter 'speed' executable 'false'
06-02 03:33:14.478  3901  9791 I artd    : GetBestInfo: odex next to the dex file (/data/app/~~oqHPZkItOTY-JdZP8j0YvQ==/com.google.android.gms-U8kK62mhhj2hUoGXPlJDnw==/oat/x86_64/split_GoogleCertificates_installtime.odex) is kOatUpToDate with filter 'speed' executable 'false'
06-02 03:33:14.480  3901  9791 I artd    : GetBestInfo: odex next to the dex file (/data/app/~~oqHPZkItOTY-JdZP8j0YvQ==/com.google.android.gms-U8kK62mhhj2hUoGXPlJDnw==/oat/x86_64/split_MapsDynamite_installtime.odex) is kOatUpToDate with filter 'speed' executable 'false'
06-02 03:33:14.484  3901  9791 I artd    : GetBestInfo: odex next to the dex file (/data/app/~~oqHPZkItOTY-JdZP8j0YvQ==/com.google.android.gms-U8kK62mhhj2hUoGXPlJDnw==/oat/x86_64/split_MeasurementDynamite_installtime.odex) is kOatUpToDate with filter 'speed' executable 'false'
06-02 03:33:14.486  3901  9791 I artd    : GetBestInfo: odex next to the dex file (/data/app/~~oqHPZkItOTY-JdZP8j0YvQ==/com.google.android.gms-U8kK62mhhj2hUoGXPlJDnw==/oat/x86_64/split_all_locale_splits.odex) is kOatUpToDate with filter 'speed' executable 'false'
06-02 03:33:14.487  3901  9791 I artd    : GetBestInfo: /data/user_de/0/com.google.android.gms/app_chimera/m/00000001/CronetDynamite.apk has no usable artifacts
06-02 03:33:14.488  3901  9791 I artd    : GetBestInfo: /data/user_de/0/com.google.android.gms/app_chimera/m/00000002/DynamiteLoader.apk has no usable artifacts
06-02 03:33:14.491  3901  9791 I artd    : GetBestInfo: /data/user_de/0/com.google.android.gms/app_chimera/m/00000015/dl-Appsearch.optional_261631100800.apk has no usable artifacts
06-02 03:33:14.493  3901  9791 I artd    : GetBestInfo: /data/user_de/0/com.google.android.gms/app_chimera/m/00000011/dl-MlkitBarcodeUi.optional_261631100800.apk has no usable artifacts
06-02 03:33:14.494  3901  9791 I artd    : GetBestInfo: /data/user_de/0/com.google.android.gms/app_chimera/m/00000005/GoogleCertificates.apk has no usable artifacts
06-02 03:33:14.496  3901  9791 I artd    : GetBestInfo: /data/user_de/0/com.google.android.gms/app_chimera/m/00000017/dl-TfliteDynamiteDynamite.integ_260580502100800.apk has no usable artifacts
06-02 03:33:14.498  3901  9791 I artd    : GetBestInfo: /data/user_de/0/com.google.android.gms/app_chimera/m/0000000d/dl-TfliteDynamiteDynamite.integ_252130102100800.apk has no usable artifacts
06-02 03:33:14.499  3901  9791 I artd    : GetBestInfo: /data/user_de/0/com.google.android.gms/app_chimera/m/00000016/dl-IdentityCredentialsPlatform.optional_261631100800.apk has no usable artifacts
06-02 03:33:14.504  3901  9791 I artd    : GetBestInfo: /data/user_de/0/com.google.android.gms/app_chimera/m/0000000a/dl-MlkitBarcodeUi.optional_250834100800.apk has no usable artifacts
06-02 03:33:14.507  3901  9791 I artd    : GetBestInfo: vdex next to the dex file (/data/user/0/com.google.android.gms/app_dg_cache/92659AEB0EFADECE4CBB22D1DF07B00702EAAC36/oat/x86_64/the.vdex) is kOatUpToDate with filter 'verify' executable 'false'
06-02 03:33:14.509  3901  9791 I artd    : GetBestInfo: /data/user_de/0/com.google.android.gms/app_chimera/m/00000014/dl-PlayCloudSearch.optional_261631100000.apk has no usable artifacts
06-02 03:33:14.511  3901  9791 I artd    : GetBestInfo: /data/user/0/com.google.android.gms/app_dg_cache/BBB8ADBA11F43674FC873CF50B06D4CFE87E958C/the.apk has no usable artifacts
06-02 03:33:14.512  3901  9791 W artd    : Could not get dex checksums for location /data/app/~~JlUJQFlc4ygp9jZhE_7qYA==/com.android.vending-cRWAZr3GHq-n4fdFyU9thA==/base.apk, fd=-1
06-02 03:33:15.128   688  2449 W ActivityManager: stopServiceToken startId 14 is last, but have 1 remaining args
06-02 03:33:15.405   688   791 D ActivityManager: freezing 2568 com.google.android.tts
06-02 03:33:15.408   688   848 D InetDiagMessage: Destroyed 0 sockets, proto=IPPROTO_TCP, family=AF_INET, states=14
06-02 03:33:15.409   688   848 D InetDiagMessage: Destroyed 0 sockets, proto=IPPROTO_TCP, family=AF_INET6, states=14
06-02 03:33:15.410   688   848 D InetDiagMessage: Destroyed live tcp sockets for uids={10152} in 3ms
06-02 03:33:15.692 12911 12978 D ProfileInstaller: Installing profile for com.aistudio.ereader.xynk
06-02 03:33:16.655   688   791 D ActivityManager: freezing 3167 com.android.vending:background
06-02 03:33:17.204   688   791 D ActivityManager: freezing 3131 com.android.vending
06-02 03:33:17.208   688   848 D InetDiagMessage: Destroyed 0 sockets, proto=IPPROTO_TCP, family=AF_INET, states=14
06-02 03:33:17.216   688   848 D InetDiagMessage: Destroyed 2 sockets, proto=IPPROTO_TCP, family=AF_INET6, states=14
06-02 03:33:17.216   688   848 D InetDiagMessage: Destroyed live tcp sockets for uids={10144} in 10ms
06-02 03:33:19.673   688   848 D InetDiagMessage: Destroyed 0 sockets, proto=IPPROTO_TCP, family=AF_INET, states=14
06-02 03:33:19.673   688   848 D InetDiagMessage: Destroyed 0 sockets, proto=IPPROTO_TCP, family=AF_INET6, states=14
06-02 03:33:19.673   688   848 D InetDiagMessage: Destroyed live tcp sockets for uids={10147} in 1ms
06-02 03:33:19.674   688   848 D InetDiagMessage: Destroyed 0 sockets, proto=IPPROTO_TCP, family=AF_INET, states=14
06-02 03:33:19.674   688   848 D InetDiagMessage: Destroyed 0 sockets, proto=IPPROTO_TCP, family=AF_INET6, states=14
06-02 03:33:19.674   688   848 D InetDiagMessage: Destroyed live tcp sockets for uids={20147} in 1ms
06-02 03:33:21.174  1069  1255 D SatelliteController: iisInCarrierRoamingNbIotNtn: satellite is disabled
06-02 03:33:21.175   688   715 W IPCThreadState: Sending oneway calls to frozen process.
06-02 03:33:22.690  1279  1279 D BoundBrokerSvc: onUnbind: Intent { act=com.google.android.gms.libs.gmscorelogger.service.START dat=chimera-action:/... xflg=0x4 cmp=com.google.android.gms/.chimera.PersistentDirectBootAwareApiService }
06-02 03:33:23.131  1600  1600 D BoundBrokerSvc: onUnbind: Intent { act=com.google.android.gms.feedback.internal.IFeedbackService dat=chimera-action:/... xflg=0x4 cmp=com.google.android.gms/.chimera.GmsBoundBrokerService }
06-02 03:33:24.171 12979 12979 W dumpsys : Thread Pool max thread count is 0. Cannot cache binder as linkToDeath cannot be implemented. serviceName: package
06-02 03:33:24.477  3901  9791 I artd    : GetBestInfo: odex next to the dex file (/data/app/~~oqHPZkItOTY-JdZP8j0YvQ==/com.google.android.gms-U8kK62mhhj2hUoGXPlJDnw==/oat/x86_64/base.odex) is kOatUpToDate with filter 'speed-profile' executable 'false'
06-02 03:33:24.482  3901  9791 I artd    : GetBestInfo: odex next to the dex file (/data/app/~~oqHPZkItOTY-JdZP8j0YvQ==/com.google.android.gms-U8kK62mhhj2hUoGXPlJDnw==/oat/x86_64/split_AdsDynamite_installtime.odex) is kOatUpToDate with filter 'speed' executable 'false'
06-02 03:33:24.484  3901  9791 I artd    : GetBestInfo: odex next to the dex file (/data/app/~~oqHPZkItOTY-JdZP8j0YvQ==/com.google.android.gms-U8kK62mhhj2hUoGXPlJDnw==/oat/x86_64/split_CronetDynamite_installtime.odex) is kOatUpToDate with filter 'speed-profile' executable 'false'
06-02 03:33:24.486  3901  3901 I artd    : GetBestInfo: odex next to the dex file (/data/app/~~oqHPZkItOTY-JdZP8j0YvQ==/com.google.android.gms-U8kK62mhhj2hUoGXPlJDnw==/oat/x86_64/split_DynamiteLoader_installtime.odex) is kOatUpToDate with filter 'speed' executable 'false'
06-02 03:33:24.488  3901  9791 I artd    : GetBestInfo: odex next to the dex file (/data/app/~~oqHPZkItOTY-JdZP8j0YvQ==/com.google.android.gms-U8kK62mhhj2hUoGXPlJDnw==/oat/x86_64/split_DynamiteModulesA_installtime.odex) is kOatUpToDate with filter 'speed' executable 'false'
06-02 03:33:24.490  3901  3901 I artd    : GetBestInfo: odex next to the dex file (/data/app/~~oqHPZkItOTY-JdZP8j0YvQ==/com.google.android.gms-U8kK62mhhj2hUoGXPlJDnw==/oat/x86_64/split_DynamiteModulesC_installtime.odex) is kOatUpToDate with filter 'speed' executable 'false'
06-02 03:33:24.492  3901  3901 I artd    : GetBestInfo: odex next to the dex file (/data/app/~~oqHPZkItOTY-JdZP8j0YvQ==/com.google.android.gms-U8kK62mhhj2hUoGXPlJDnw==/oat/x86_64/split_GoogleCertificates_installtime.odex) is kOatUpToDate with filter 'speed' executable 'false'
06-02 03:33:24.493  3901  3901 I artd    : GetBestInfo: odex next to the dex file (/data/app/~~oqHPZkItOTY-JdZP8j0YvQ==/com.google.android.gms-U8kK62mhhj2hUoGXPlJDnw==/oat/x86_64/split_MapsDynamite_installtime.odex) is kOatUpToDate with filter 'speed' executable 'false'
06-02 03:33:24.495  3901  9791 I artd    : GetBestInfo: odex next to the dex file (/data/app/~~oqHPZkItOTY-JdZP8j0YvQ==/com.google.android.gms-U8kK62mhhj2hUoGXPlJDnw==/oat/x86_64/split_MeasurementDynamite_installtime.odex) is kOatUpToDate with filter 'speed' executable 'false'
06-02 03:33:24.496  3901  9791 I artd    : GetBestInfo: odex next to the dex file (/data/app/~~oqHPZkItOTY-JdZP8j0YvQ==/com.google.android.gms-U8kK62mhhj2hUoGXPlJDnw==/oat/x86_64/split_all_locale_splits.odex) is kOatUpToDate with filter 'speed' executable 'false'
06-02 03:33:24.497  3901  9791 I artd    : GetBestInfo: /data/user_de/0/com.google.android.gms/app_chimera/m/00000001/CronetDynamite.apk has no usable artifacts
06-02 03:33:24.500  3901  9791 I artd    : GetBestInfo: /data/user_de/0/com.google.android.gms/app_chimera/m/00000002/DynamiteLoader.apk has no usable artifacts
06-02 03:33:24.502  3901  9791 I artd    : GetBestInfo: /data/user_de/0/com.google.android.gms/app_chimera/m/00000015/dl-Appsearch.optional_261631100800.apk has no usable artifacts
06-02 03:33:24.503  3901  9791 I artd    : GetBestInfo: /data/user_de/0/com.google.android.gms/app_chimera/m/00000011/dl-MlkitBarcodeUi.optional_261631100800.apk has no usable artifacts
06-02 03:33:24.504  3901  9791 I artd    : GetBestInfo: /data/user_de/0/com.google.android.gms/app_chimera/m/00000005/GoogleCertificates.apk has no usable artifacts
06-02 03:33:24.505  3901  9791 I artd    : GetBestInfo: /data/user_de/0/com.google.android.gms/app_chimera/m/00000017/dl-TfliteDynamiteDynamite.integ_260580502100800.apk has no usable artifacts
06-02 03:33:24.506  3901  9791 I artd    : GetBestInfo: /data/user_de/0/com.google.android.gms/app_chimera/m/0000000d/dl-TfliteDynamiteDynamite.integ_252130102100800.apk has no usable artifacts
06-02 03:33:24.508  3901  9791 I artd    : GetBestInfo: /data/user_de/0/com.google.android.gms/app_chimera/m/00000016/dl-IdentityCredentialsPlatform.optional_261631100800.apk has no usable artifacts
06-02 03:33:24.510  3901  9791 I artd    : GetBestInfo: /data/user_de/0/com.google.android.gms/app_chimera/m/0000000a/dl-MlkitBarcodeUi.optional_250834100800.apk has no usable artifacts
06-02 03:33:24.511  3901  9791 I artd    : GetBestInfo: vdex next to the dex file (/data/user/0/com.google.android.gms/app_dg_cache/92659AEB0EFADECE4CBB22D1DF07B00702EAAC36/oat/x86_64/the.vdex) is kOatUpToDate with filter 'verify' executable 'false'
06-02 03:33:24.512  3901  9791 I artd    : GetBestInfo: /data/user_de/0/com.google.android.gms/app_chimera/m/00000014/dl-PlayCloudSearch.optional_261631100000.apk has no usable artifacts
06-02 03:33:24.515  3901  9791 I artd    : GetBestInfo: /data/user/0/com.google.android.gms/app_dg_cache/BBB8ADBA11F43674FC873CF50B06D4CFE87E958C/the.apk has no usable artifacts
06-02 03:33:24.515  3901  9791 W artd    : Could not get dex checksums for location /data/app/~~JlUJQFlc4ygp9jZhE_7qYA==/com.android.vending-cRWAZr3GHq-n4fdFyU9thA==/base.apk, fd=-1
06-02 03:33:26.891   688   791 D ActivityManager: freezing 1374 com.google.android.permissioncontroller
06-02 03:33:26.894   688   848 D InetDiagMessage: Destroyed 0 sockets, proto=IPPROTO_TCP, family=AF_INET, states=14
06-02 03:33:26.895   688   848 D InetDiagMessage: Destroyed 0 sockets, proto=IPPROTO_TCP, family=AF_INET6, states=14
06-02 03:33:26.895   688   848 D InetDiagMessage: Destroyed live tcp sockets for uids={10207} in 2ms
06-02 03:33:31.182  1069  1255 D SatelliteController: iisInCarrierRoamingNbIotNtn: satellite is disabled
06-02 03:33:31.183   688   715 W IPCThreadState: Sending oneway calls to frozen process.
06-02 03:33:33.238   688   791 D ActivityManager: freezing 1600 com.google.android.gms
06-02 03:33:34.163 12982 12982 W dumpsys : Thread Pool max thread count is 0. Cannot cache binder as linkToDeath cannot be implemented. serviceName: package
06-02 03:33:34.438   688   710 I system_server: Background concurrent mark compact GC freed 26MB AllocSpace bytes, 40(1196KB) LOS objects, 39% free, 36MB/60MB, paused 11.368ms,8.218ms total 258.846ms
06-02 03:33:34.440  3901  9791 I artd    : GetBestInfo: odex next to the dex file (/data/app/~~oqHPZkItOTY-JdZP8j0YvQ==/com.google.android.gms-U8kK62mhhj2hUoGXPlJDnw==/oat/x86_64/base.odex) is kOatUpToDate with filter 'speed-profile' executable 'false'
06-02 03:33:34.442  3901  3901 I artd    : GetBestInfo: odex next to the dex file (/data/app/~~oqHPZkItOTY-JdZP8j0YvQ==/com.google.android.gms-U8kK62mhhj2hUoGXPlJDnw==/oat/x86_64/split_AdsDynamite_installtime.odex) is kOatUpToDate with filter 'speed' executable 'false'
06-02 03:33:34.444  3901  3901 I artd    : GetBestInfo: odex next to the dex file (/data/app/~~oqHPZkItOTY-JdZP8j0YvQ==/com.google.android.gms-U8kK62mhhj2hUoGXPlJDnw==/oat/x86_64/split_CronetDynamite_installtime.odex) is kOatUpToDate with filter 'speed-profile' executable 'false'
06-02 03:33:34.446  3901  3901 I artd    : GetBestInfo: odex next to the dex file (/data/app/~~oqHPZkItOTY-JdZP8j0YvQ==/com.google.android.gms-U8kK62mhhj2hUoGXPlJDnw==/oat/x86_64/split_DynamiteLoader_installtime.odex) is kOatUpToDate with filter 'speed' executable 'false'
06-02 03:33:34.448  3901  3901 I artd    : GetBestInfo: odex next to the dex file (/data/app/~~oqHPZkItOTY-JdZP8j0YvQ==/com.google.android.gms-U8kK62mhhj2hUoGXPlJDnw==/oat/x86_64/split_DynamiteModulesA_installtime.odex) is kOatUpToDate with filter 'speed' executable 'false'
06-02 03:33:34.450  3901  3901 I artd    : GetBestInfo: odex next to the dex file (/data/app/~~oqHPZkItOTY-JdZP8j0YvQ==/com.google.android.gms-U8kK62mhhj2hUoGXPlJDnw==/oat/x86_64/split_DynamiteModulesC_installtime.odex) is kOatUpToDate with filter 'speed' executable 'false'
06-02 03:33:34.453  3901  3901 I artd    : GetBestInfo: odex next to the dex file (/data/app/~~oqHPZkItOTY-JdZP8j0YvQ==/com.google.android.gms-U8kK62mhhj2hUoGXPlJDnw==/oat/x86_64/split_GoogleCertificates_installtime.odex) is kOatUpToDate with filter 'speed' executable 'false'
06-02 03:33:34.456  3901  3901 I artd    : GetBestInfo: odex next to the dex file (/data/app/~~oqHPZkItOTY-JdZP8j0YvQ==/com.google.android.gms-U8kK62mhhj2hUoGXPlJDnw==/oat/x86_64/split_MapsDynamite_installtime.odex) is kOatUpToDate with filter 'speed' executable 'false'
06-02 03:33:34.458  3901  3901 I artd    : GetBestInfo: odex next to the dex file (/data/app/~~oqHPZkItOTY-JdZP8j0YvQ==/com.google.android.gms-U8kK62mhhj2hUoGXPlJDnw==/oat/x86_64/split_MeasurementDynamite_installtime.odex) is kOatUpToDate with filter 'speed' executable 'false'
06-02 03:33:34.458   688   712 W System  : A resource failed to call release. 
06-02 03:33:34.459  3901  3901 I artd    : GetBestInfo: odex next to the dex file (/data/app/~~oqHPZkItOTY-JdZP8j0YvQ==/com.google.android.gms-U8kK62mhhj2hUoGXPlJDnw==/oat/x86_64/split_all_locale_splits.odex) is kOatUpToDate with filter 'speed' executable 'false'
06-02 03:33:34.460  3901  3901 I artd    : GetBestInfo: /data/user_de/0/com.google.android.gms/app_chimera/m/00000001/CronetDynamite.apk has no usable artifacts
06-02 03:33:34.460  3901  3901 I artd    : GetBestInfo: /data/user_de/0/com.google.android.gms/app_chimera/m/00000002/DynamiteLoader.apk has no usable artifacts
06-02 03:33:34.461  3901  3901 I artd    : GetBestInfo: /data/user_de/0/com.google.android.gms/app_chimera/m/00000015/dl-Appsearch.optional_261631100800.apk has no usable artifacts
06-02 03:33:34.463  3901  3901 I artd    : GetBestInfo: /data/user_de/0/com.google.android.gms/app_chimera/m/00000011/dl-MlkitBarcodeUi.optional_261631100800.apk has no usable artifacts
06-02 03:33:34.464  3901  3901 I artd    : GetBestInfo: /data/user_de/0/com.google.android.gms/app_chimera/m/00000005/GoogleCertificates.apk has no usable artifacts
06-02 03:33:34.465  3901  3901 I artd    : GetBestInfo: /data/user_de/0/com.google.android.gms/app_chimera/m/00000017/dl-TfliteDynamiteDynamite.integ_260580502100800.apk has no usable artifacts
06-02 03:33:34.466  3901  3901 I artd    : GetBestInfo: /data/user_de/0/com.google.android.gms/app_chimera/m/0000000d/dl-TfliteDynamiteDynamite.integ_252130102100800.apk has no usable artifacts
06-02 03:33:34.467  3901  3901 I artd    : GetBestInfo: /data/user_de/0/com.google.android.gms/app_chimera/m/00000016/dl-IdentityCredentialsPlatform.optional_261631100800.apk has no usable artifacts
06-02 03:33:34.469  3901  3901 I artd    : GetBestInfo: /data/user_de/0/com.google.android.gms/app_chimera/m/0000000a/dl-MlkitBarcodeUi.optional_250834100800.apk has no usable artifacts
06-02 03:33:34.471  3901  3901 I artd    : GetBestInfo: vdex next to the dex file (/data/user/0/com.google.android.gms/app_dg_cache/92659AEB0EFADECE4CBB22D1DF07B00702EAAC36/oat/x86_64/the.vdex) is kOatUpToDate with filter 'verify' executable 'false'
06-02 03:33:34.473  3901  3901 I artd    : GetBestInfo: /data/user_de/0/com.google.android.gms/app_chimera/m/00000014/dl-PlayCloudSearch.optional_261631100000.apk has no usable artifacts
06-02 03:33:34.474  3901  3901 I artd    : GetBestInfo: /data/user/0/com.google.android.gms/app_dg_cache/BBB8ADBA11F43674FC873CF50B06D4CFE87E958C/the.apk has no usable artifacts
06-02 03:33:34.474  3901  3901 W artd    : Could not get dex checksums for location /data/app/~~JlUJQFlc4ygp9jZhE_7qYA==/com.android.vending-cRWAZr3GHq-n4fdFyU9thA==/base.apk, fd=-1
06-02 03:33:40.296   688   782 D ActivityManager: sync unfroze 3131 com.android.vending for 6
06-02 03:33:40.321   688  2449 W ProcessStats: Tracking association SourceState{5ce1486 system/1000 ImpBg #5117} whose proc state 6 is better than process ProcessState{44d468f com.android.vending/10144 pkg=com.android.vending} proc state 14 (3 skipped)
06-02 03:33:40.323  3131  3131 I Finsky  : [2] SCH: job service start with id 9481.
06-02 03:33:40.349  3131 13003 I Finsky  : [232] SCH: Satisfied jobs for 9481 are: 12-1
06-02 03:33:40.353  3131 13002 I Finsky  : [231] SCH: Job 12-1 starting
06-02 03:33:40.356  3131  3131 I Finsky  : [2] WM::SCH: Logging work start for 12-1
06-02 03:33:40.363  3131  3131 I Finsky  : [2] [ContentSync] job started
06-02 03:33:40.473  3131 13005 I Finsky  : [234] App states replicator found 27 unowned apps
06-02 03:33:40.478  3131  3235 I Finsky  : [58] Completed 0 account content syncs with 0 successful.
06-02 03:33:40.479  3131  3131 I Finsky  : [2] [ContentSync] Installation state replication succeeded.
06-02 03:33:40.479  3131  3131 I Finsky  : [2] SCH: jobFinished: 12-1. TimeElapsed: 123ms.
06-02 03:33:40.479  3131  3131 I Finsky  : [2] WM::SCH: Logging work end for 12-1
06-02 03:33:40.528  3131  3235 I Finsky  : [58] SCH: Scheduling phonesky job Id: 1-1337, CT: 1780309052709, Constraints: [{ L: 42508086, D: 85708086, C: CHARGING_NONE, I: IDLE_NONE, N: NET_ANY, B: BATTERY_ANY }]
06-02 03:33:40.537  3131  3238 I Finsky  : [59] SCH: Scheduling 1 system job(s)
06-02 03:33:40.538  3131  3238 I Finsky  : [59] SCH: Scheduling system job Id: 9484, L: 5540258, D: 48740258, C: false, I: false, N: 1
06-02 03:33:40.551  3131 13002 I Finsky  : [231] SCH: job service finished with id 9481.
06-02 03:33:40.587  3131  3131 I Finsky  : [2] Memory trim requested to level 40
06-02 03:33:40.589  3131  3131 I Finsky  : [2] Flushing in-memory image cache
06-02 03:33:41.195  1069  1255 D SatelliteController: iisInCarrierRoamingNbIotNtn: satellite is disabled
06-02 03:33:41.195   688  1395 W IPCThreadState: Sending oneway calls to frozen process.
06-02 03:33:42.131 13010 13010 D AndroidRuntime: >>>>>> START com.android.internal.os.RuntimeInit uid 2000 <<<<<<
06-02 03:33:42.185 13010 13010 I AndroidRuntime: Using default boot image
06-02 03:33:42.185 13010 13010 I AndroidRuntime: Leaving lock profiling enabled
06-02 03:33:42.198 13010 13010 I app_process: Using CollectorTypeCMC GC.
06-02 03:33:42.483 13010 13010 D nativeloader: InitDefaultPublicLibraries for_preload=1: libandroid.so:libaaudio.so:libamidi.so:libbinder_ndk.so:libc.so:libcamera2ndk.so:libdl.so:libEGL.so:libGLESv1_CM.so:libGLESv2.so:libGLESv3.so:libicu.so:libicui18n.so:libicuuc.so:libjnigraphics.so:liblog.so:libmediandk.so:libm.so:libnativehelper.so:libnativewindow.so:libOpenMAXAL.so:libOpenSLES.so:libRS.so:libstdc++.so:libsync.so:libvulkan.so:libwebviewchromium_plat_support.so:libz.so
06-02 03:33:42.513 13010 13010 D nativeloader: Load libicu_jni.so using APEX ns com_android_art for caller /apex/com.android.art/javalib/core-oj.jar: ok
06-02 03:33:42.513 13010 13010 D app_process: u_setTimeZoneFilesDirectory("/apex/com.android.tzdata/etc/tz/versioned/9/icu") succeeded. 
06-02 03:33:42.513 13010 13010 D app_process: I18n APEX ICU file found: /apex/com.android.i18n/etc/icu/icudt76l.dat
06-02 03:33:42.515 13010 13010 D nativeloader: Load libjavacore.so using APEX ns com_android_art for caller /apex/com.android.art/javalib/core-oj.jar: ok
06-02 03:33:42.517 13010 13010 D nativeloader: Load libopenjdk.so using APEX ns com_android_art for caller /apex/com.android.art/javalib/core-oj.jar: ok
06-02 03:33:42.519 13010 13010 W app_process: Unexpected CPU variant for x86: x86_64.
06-02 03:33:42.519 13010 13010 W app_process: Known variants: atom, sandybridge, silvermont, goldmont, goldmont-plus, goldmont-without-sha-xsaves, tremont, kabylake, alderlake, default
06-02 03:33:42.523 13010 13010 W app_process: ClassLoaderContext shared library size mismatch. Expected=2, found=0 (PCL[]{PCL[/system/framework/android.test.base.jar*2789897741]#PCL[/system/framework/android.test.mock.jar*3361312393]} | PCL[])
06-02 03:33:42.527 13010 13010 W app_process: ClassLoaderContext classpath size mismatch. expected=0, found=1 (PCL[]{PCL[/system/framework/android.test.runner.jar*895143020]#PCL[/system/framework/android.test.base.jar*2789897741]} | PCL[/system/framework/android.test.runner.jar*895143020])
06-02 03:33:42.569 13010 13010 D nativeloader: Load libframework-connectivity-tiramisu-jni.so using APEX ns com_android_tethering for caller /apex/com.android.tethering/javalib/framework-connectivity-t.jar: ok
06-02 03:33:42.569 13010 13010 D AndroidRuntime: Calling main entry com.android.commands.uiautomator.Launcher
06-02 03:33:42.579 13010 13010 I AconfigPackage: android.media.swcodec.flags is mapped to com.android.media.swcodec
06-02 03:33:42.580 13010 13010 I AconfigPackage: com.google.android.settings.simplemode.flags is mapped to system_ext
06-02 03:33:42.580 13010 13010 I AconfigPackage: com.google.android.systemui is mapped to system_ext
06-02 03:33:42.580 13010 13010 I AconfigPackage: com.google.android.apps.nexuslauncher is mapped to system_ext
06-02 03:33:42.580 13010 13010 I AconfigPackage: com.android.settings.accessibility is mapped to system_ext
06-02 03:33:42.580 13010 13010 I AconfigPackage: com.android.settings.flags is mapped to system_ext
06-02 03:33:42.580 13010 13010 I AconfigPackage: com.google.android.apps.miphone.aiai.matchmaker.overview.ui is mapped to system_ext
06-02 03:33:42.580 13010 13010 I AconfigPackage: com.google.android.settings.flags is mapped to system_ext
06-02 03:33:42.580 13010 13010 I AconfigPackage: com.android.launcher3 is mapped to system_ext
06-02 03:33:42.580 13010 13010 I AconfigPackage: com.android.wallpaper is mapped to system_ext
06-02 03:33:42.580 13010 13010 I AconfigPackage: com.android.settings.media_drm is mapped to system_ext
06-02 03:33:42.580 13010 13010 I AconfigPackage: com.android.systemui.accessibility.accessibilitymenu is mapped to system_ext
06-02 03:33:42.580 13010 13010 I AconfigPackage: com.android.settings.keyboard is mapped to system_ext
06-02 03:33:42.580 13010 13010 I AconfigPackage: com.android.server.policy.feature.flags is mapped to system_ext
06-02 03:33:42.580 13010 13010 I AconfigPackage: com.android.settings.factory_reset is mapped to system_ext
06-02 03:33:42.581 13010 13010 I AconfigPackage: com.google.android.haptics.flags is mapped to system_ext
06-02 03:33:42.581 13010 13010 I AconfigPackage: com.android.permission.flags is mapped to com.android.permission
06-02 03:33:42.581 13010 13010 I AconfigPackage: com.android.icu is mapped to com.android.i18n
06-02 03:33:42.582 13010 13010 I AconfigPackage: com.android.appsearch.flags is mapped to com.android.appsearch
06-02 03:33:42.582 13010 13010 I AconfigPackage: android.uprobestats.mainline.flags is mapped to com.android.uprobestats
06-02 03:33:42.582 13010 13010 I AconfigPackage: android.provider.flags is mapped to com.android.configinfrastructure
06-02 03:33:42.582 13010 13010 I AconfigPackage: com.android.server.deviceconfig is mapped to com.android.configinfrastructure
06-02 03:33:42.583 13010 13010 I AconfigPackage: com.android.nfc.flags is mapped to system
06-02 03:33:42.583 13010 13010 I AconfigPackage: android.app.admin.flags is mapped to system
06-02 03:33:42.583 13010 13010 I AconfigPackage: android.database.sqlite is mapped to system
06-02 03:33:42.583 13010 13010 I AconfigPackage: com.android.providers.calendar is mapped to system
06-02 03:33:42.583 13010 13010 I AconfigPackage: com.android.server.power.feature.flags is mapped to system
06-02 03:33:42.583 13010 13010 I AconfigPackage: com.android.media.performance.flags is mapped to system
06-02 03:33:42.583 13010 13010 I AconfigPackage: android.app.contextualsearch.flags is mapped to system
06-02 03:33:42.583 13010 13010 I AconfigPackage: android.app.ondeviceintelligence.flags is mapped to system
06-02 03:33:42.583 13010 13010 I AconfigPackage: com.android.media.projection.flags is mapped to system
06-02 03:33:42.583 13010 13010 I AconfigPackage: android.companion is mapped to system
06-02 03:33:42.583 13010 13010 I AconfigPackage: android.service.controls.flags is mapped to system
06-02 03:33:42.583 13010 13010 I AconfigPackage: com.android.text.flags is mapped to system
06-02 03:33:42.583 13010 13010 I AconfigPackage: com.android.providers.contactkeys.flags is mapped to system
06-02 03:33:42.583 13010 13010 I AconfigPackage: com.android.intentresolver is mapped to system
06-02 03:33:42.583 13010 13010 I AconfigPackage: android.companion.virtualdevice.flags is mapped to system
06-02 03:33:42.583 13010 13010 I AconfigPackage: android.uprobestats.flags is mapped to system
06-02 03:33:42.583 13010 13010 I AconfigPackage: com.android.net.thread.platform.flags is mapped to system
06-02 03:33:42.583 13010 13010 I AconfigPackage: android.view.contentprotection.flags is mapped to system
06-02 03:33:42.584 13010 13010 I AconfigPackage: com.android.server.dreams is mapped to system
06-02 03:33:42.584 13010 13010 I AconfigPackage: com.android.graphics.surfaceflinger.flags is mapped to system
06-02 03:33:42.584 13010 13010 I AconfigPackage: com.android.hardware.input is mapped to system
06-02 03:33:42.584 13010 13010 I AconfigPackage: android.sdk is mapped to system
06-02 03:33:42.584 13010 13010 I AconfigPackage: com.android.input.flags is mapped to system
06-02 03:33:42.584 13010 13010 I AconfigPackage: android.tracing is mapped to system
06-02 03:33:42.584 13010 13010 I AconfigPackage: com.android.server.biometrics is mapped to system
06-02 03:33:42.584 13010 13010 I AconfigPackage: android.view.contentcapture.flags is mapped to system
06-02 03:33:42.584 13010 13010 I AconfigPackage: android.app.job is mapped to system
06-02 03:33:42.584 13010 13010 I AconfigPackage: android.content.res is mapped to system
06-02 03:33:42.584 13010 13010 I AconfigPackage: android.net.platform.flags is mapped to system
06-02 03:33:42.584 13010 13010 I AconfigPackage: com.android.aconfig.flags is mapped to system
06-02 03:33:42.584 13010 13010 I AconfigPackage: com.android.graphics.flags is mapped to system
06-02 03:33:42.584 13010 13010 I AconfigPackage: android.server.app is mapped to system
06-02 03:33:42.584 13010 13010 I AconfigPackage: android.speech.flags is mapped to system
06-02 03:33:42.584 13010 13010 I AconfigPackage: com.android.server.stats is mapped to system
06-02 03:33:42.584 13010 13010 I AconfigPackage: android.hardware.biometrics is mapped to system
06-02 03:33:42.584 13010 13010 I AconfigPackage: android.car.feature is mapped to system
06-02 03:33:42.584 13010 13010 I AconfigPackage: android.adpf is mapped to system
06-02 03:33:42.584 13010 13010 I AconfigPackage: android.location.flags is mapped to system
06-02 03:33:42.584 13010 13010 I AconfigPackage: com.android.settingslib.flags is mapped to system
06-02 03:33:42.584 13010 13010 I AconfigPackage: com.android.managedprovisioning.flags is mapped to system
06-02 03:33:42.584 13010 13010 I AconfigPackage: android.app.assist.flags is mapped to system
06-02 03:33:42.584 13010 13010 I AconfigPackage: com.android.server.net is mapped to system
06-02 03:33:42.584 13010 13010 I AconfigPackage: com.android.settingslib.widget.flags is mapped to system
06-02 03:33:42.584 13010 13010 I AconfigPackage: com.android.internal.camera.flags is mapped to system
06-02 03:33:42.584 13010 13010 I AconfigPackage: com.android.hardware.libsensor.flags is mapped to system
06-02 03:33:42.584 13010 13010 I AconfigPackage: com.android.internal.jank is mapped to system
06-02 03:33:42.584 13010 13010 I AconfigPackage: com.android.providers.settings is mapped to system
06-02 03:33:42.584 13010 13010 I AconfigPackage: android.multiuser is mapped to system
06-02 03:33:42.585 13010 13010 I AconfigPackage: com.android.server.power.optimization is mapped to system
06-02 03:33:42.585 13010 13010 I AconfigPackage: com.android.calllogbackup is mapped to system
06-02 03:33:42.585 13010 13010 I AconfigPackage: com.android.media.flags is mapped to system
06-02 03:33:42.585 13010 13010 I AconfigPackage: com.android.server.flags is mapped to system
06-02 03:33:42.585 13010 13010 I AconfigPackage: com.android.graphics.libvulkan.flags is mapped to system
06-02 03:33:42.585 13010 13010 I AconfigPackage: android.app.appfunctions.flags is mapped to system
06-02 03:33:42.585 13010 13010 I AconfigPackage: android.app.smartspace.flags is mapped to system
06-02 03:33:42.585 13010 13010 I AconfigPackage: com.android.providers.contacts.flags is mapped to system
06-02 03:33:42.585 13010 13010 I AconfigPackage: com.android.shell.flags is mapped to system
06-02 03:33:42.585 13010 13010 I AconfigPackage: com.android.media.aaudio is mapped to system
06-02 03:33:42.585 13010 13010 I AconfigPackage: android.hardware.radio is mapped to system
06-02 03:33:42.585 13010 13010 I AconfigPackage: com.google.wear.services.infra.flags is mapped to system
06-02 03:33:42.585 13010 13010 I AconfigPackage: suspend_service.flags is mapped to system
06-02 03:33:42.585 13010 13010 I AconfigPackage: android.media.midi is mapped to system
06-02 03:33:42.585 13010 13010 I AconfigPackage: com.android.libcore.readonly is mapped to system
06-02 03:33:42.585 13010 13010 I AconfigPackage: com.android.settingslib.widget.selectorwithwidgetpreference.flags is mapped to system
06-02 03:33:42.585 13010 13010 I AconfigPackage: android.service.notification is mapped to system
06-02 03:33:42.585 13010 13010 I AconfigPackage: com.android.systemui.shared is mapped to system
06-02 03:33:42.585 13010 13010 I AconfigPackage: android.app.jank is mapped to system
06-02 03:33:42.585 13010 13010 I AconfigPackage: android.app.wearable is mapped to system
06-02 03:33:42.585 13010 13010 I AconfigPackage: com.android.media.audio is mapped to system
06-02 03:33:42.585 13010 13010 I AconfigPackage: android.service.chooser is mapped to system
06-02 03:33:42.585 13010 13010 I AconfigPackage: com.android.server.compat is mapped to system
06-02 03:33:42.585 13010 13010 I AconfigPackage: com.android.server.alarm is mapped to system
06-02 03:33:42.585 13010 13010 I AconfigPackage: com.android.apex.flags is mapped to system
06-02 03:33:42.585 13010 13010 I AconfigPackage: android.service.quickaccesswallet is mapped to system
06-02 03:33:42.585 13010 13010 I AconfigPackage: android.app.usage is mapped to system
06-02 03:33:42.585 13010 13010 I AconfigPackage: com.android.server.accessibility is mapped to system
06-02 03:33:42.585 13010 13010 I AconfigPackage: android.app.supervision.flags is mapped to system
06-02 03:33:42.585 13010 13010 I AconfigPackage: com.android.server.utils is mapped to system
06-02 03:33:42.585 13010 13010 I AconfigPackage: android.chre.flags is mapped to system
06-02 03:33:42.586 13010 13010 I AconfigPackage: android.content.flags is mapped to system
06-02 03:33:42.586 13010 13010 I AconfigPackage: android.media.codec is mapped to system
06-02 03:33:42.586 13010 13010 I AconfigPackage: com.android.internal.os is mapped to system
06-02 03:33:42.586 13010 13010 I AconfigPackage: com.android.nfc.nci.flags is mapped to system
06-02 03:33:42.586 13010 13010 I AconfigPackage: android.app is mapped to system
06-02 03:33:42.586 13010 13010 I AconfigPackage: android.security.keystore2 is mapped to system
06-02 03:33:42.586 13010 13010 I AconfigPackage: android.crashrecovery.flags is mapped to system
06-02 03:33:42.586 13010 13010 I AconfigPackage: com.android.tradeinmode.flags is mapped to system
06-02 03:33:42.586 13010 13010 I AconfigPackage: android.hardware.flags is mapped to system
06-02 03:33:42.586 13010 13010 I AconfigPackage: com.android.server.telecom.flags is mapped to system
06-02 03:33:42.586 13010 13010 I AconfigPackage: com.android.settingslib.media.flags is mapped to system
06-02 03:33:42.586 13010 13010 I AconfigPackage: com.android.server.policy is mapped to system
06-02 03:33:42.586 13010 13010 I AconfigPackage: android.media.audiopolicy is mapped to system
06-02 03:33:42.586 13010 13010 I AconfigPackage: com.android.egg.flags is mapped to system
06-02 03:33:42.586 13010 13010 I AconfigPackage: com.android.internal.compat.flags is mapped to system
06-02 03:33:42.586 13010 13010 I AconfigPackage: android.security is mapped to system
06-02 03:33:42.586 13010 13010 I AconfigPackage: android.service.autofill is mapped to system
06-02 03:33:42.586 13010 13010 I AconfigPackage: com.example.android.aconfig.demo.flags is mapped to system
06-02 03:33:42.586 13010 13010 I AconfigPackage: android.view.flags is mapped to system
06-02 03:33:42.586 13010 13010 I AconfigPackage: android.companion.virtual.flags is mapped to system
06-02 03:33:42.586 13010 13010 I AconfigPackage: com.android.aconfig_new_storage is mapped to system
06-02 03:33:42.586 13010 13010 I AconfigPackage: com.android.server.feature.flags is mapped to system
06-02 03:33:42.586 13010 13010 I AconfigPackage: com.android.systemui is mapped to system
06-02 03:33:42.586 13010 13010 I AconfigPackage: com.android.server.power.batterysaver is mapped to system
06-02 03:33:42.586 13010 13010 I AconfigPackage: android.widget.flags is mapped to system
06-02 03:33:42.586 13010 13010 I AconfigPackage: com.android.media.editing.flags is mapped to system
06-02 03:33:42.586 13010 13010 I AconfigPackage: com.android.media.codec.flags is mapped to system
06-02 03:33:42.586 13010 13010 I AconfigPackage: com.android.server.powerstats is mapped to system
06-02 03:33:42.586 13010 13010 I AconfigPackage: com.android.graphics.egl.flags is mapped to system
06-02 03:33:42.586 13010 13010 I AconfigPackage: com.android.media.audioserver is mapped to system
06-02 03:33:42.586 13010 13010 I AconfigPackage: com.android.server.deviceidle is mapped to system
06-02 03:33:42.586 13010 13010 I AconfigPackage: android.nfc is mapped to system
06-02 03:33:42.586 13010 13010 I AconfigPackage: android.permission.flags is mapped to system
06-02 03:33:42.586 13010 13010 I AconfigPackage: android.service.voice.flags is mapped to system
06-02 03:33:42.586 13010 13010 I AconfigPackage: android.content.pm is mapped to system
