06-01 22:39:14.683  4837  4837 I AconfigPackage: android.chre.flags is mapped to system
06-01 22:39:14.683  4837  4837 I AconfigPackage: android.content.flags is mapped to system
06-01 22:39:14.683  4837  4837 I AconfigPackage: android.media.codec is mapped to system
06-01 22:39:14.683  4837  4837 I AconfigPackage: com.android.internal.os is mapped to system
06-01 22:39:14.683  4837  4837 I AconfigPackage: com.android.nfc.nci.flags is mapped to system
06-01 22:39:14.683  4837  4837 I AconfigPackage: android.app is mapped to system
06-01 22:39:14.683  4837  4837 I AconfigPackage: android.security.keystore2 is mapped to system
06-01 22:39:14.684  4837  4837 I AconfigPackage: android.crashrecovery.flags is mapped to system
06-01 22:39:14.684  4837  4837 I AconfigPackage: com.android.tradeinmode.flags is mapped to system
06-01 22:39:14.684  4837  4837 I AconfigPackage: android.hardware.flags is mapped to system
06-01 22:39:14.684  4837  4837 I AconfigPackage: com.android.server.telecom.flags is mapped to system
06-01 22:39:14.684  4837  4837 I AconfigPackage: com.android.settingslib.media.flags is mapped to system
06-01 22:39:14.684  4837  4837 I AconfigPackage: com.android.server.policy is mapped to system
06-01 22:39:14.684  4837  4837 I AconfigPackage: android.media.audiopolicy is mapped to system
06-01 22:39:14.684  4837  4837 I AconfigPackage: com.android.egg.flags is mapped to system
06-01 22:39:14.684  4837  4837 I AconfigPackage: com.android.internal.compat.flags is mapped to system
06-01 22:39:14.684  4837  4837 I AconfigPackage: android.security is mapped to system
06-01 22:39:14.684  4837  4837 I AconfigPackage: android.service.autofill is mapped to system
06-01 22:39:14.684  4837  4837 I AconfigPackage: com.example.android.aconfig.demo.flags is mapped to system
06-01 22:39:14.684  4837  4837 I AconfigPackage: android.view.flags is mapped to system
06-01 22:39:14.684  4837  4837 I AconfigPackage: android.companion.virtual.flags is mapped to system
06-01 22:39:14.684  4837  4837 I AconfigPackage: com.android.aconfig_new_storage is mapped to system
06-01 22:39:14.684  4837  4837 I AconfigPackage: com.android.server.feature.flags is mapped to system
06-01 22:39:14.684  4837  4837 I AconfigPackage: com.android.systemui is mapped to system
06-01 22:39:14.684  4837  4837 I AconfigPackage: com.android.server.power.batterysaver is mapped to system
06-01 22:39:14.684  4837  4837 I AconfigPackage: android.widget.flags is mapped to system
06-01 22:39:14.684  4837  4837 I AconfigPackage: com.android.media.editing.flags is mapped to system
06-01 22:39:14.684  4837  4837 I AconfigPackage: com.android.media.codec.flags is mapped to system
06-01 22:39:14.684  4837  4837 I AconfigPackage: com.android.server.powerstats is mapped to system
06-01 22:39:14.684  4837  4837 I AconfigPackage: com.android.graphics.egl.flags is mapped to system
06-01 22:39:14.684  4837  4837 I AconfigPackage: com.android.media.audioserver is mapped to system
06-01 22:39:14.684  4837  4837 I AconfigPackage: com.android.server.deviceidle is mapped to system
06-01 22:39:14.684  4837  4837 I AconfigPackage: android.nfc is mapped to system
06-01 22:39:14.684  4837  4837 I AconfigPackage: android.permission.flags is mapped to system
06-01 22:39:14.684  4837  4837 I AconfigPackage: android.service.voice.flags is mapped to system
06-01 22:39:14.684  4837  4837 I AconfigPackage: android.content.pm is mapped to system
06-01 22:39:14.684  4837  4837 I AconfigPackage: com.android.server.power.hint is mapped to system
06-01 22:39:14.684  4837  4837 I AconfigPackage: android.os is mapped to system
06-01 22:39:14.685  4837  4837 I AconfigPackage: android.service.dreams is mapped to system
06-01 22:39:14.685  4837  4837 I AconfigPackage: com.android.graphics.libgui.flags is mapped to system
06-01 22:39:14.685  4837  4837 I AconfigPackage: android.hardware.usb.flags is mapped to system
06-01 22:39:14.685  4837  4837 I AconfigPackage: android.provider is mapped to system
06-01 22:39:14.685  4837  4837 I AconfigPackage: com.android.server.job is mapped to system
06-01 22:39:14.685  4837  4837 I AconfigPackage: com.android.internal.foldables.flags is mapped to system
06-01 22:39:14.685  4837  4837 I AconfigPackage: com.android.internal.telephony.flags is mapped to system
06-01 22:39:14.685  4837  4837 I AconfigPackage: android.webkit is mapped to system
06-01 22:39:14.685  4837  4837 I AconfigPackage: android.credentials.flags is mapped to system
06-01 22:39:14.685  4837  4837 I AconfigPackage: com.android.server.display.feature.flags is mapped to system
06-01 22:39:14.685  4837  4837 I AconfigPackage: com.android.server.notification is mapped to system
06-01 22:39:14.685  4837  4837 I AconfigPackage: android.appwidget.flags is mapped to system
06-01 22:39:14.685  4837  4837 I AconfigPackage: com.android.frameworks.sensorservice.flags is mapped to system
06-01 22:39:14.685  4837  4837 I AconfigPackage: com.android.printspooler.flags is mapped to system
06-01 22:39:14.685  4837  4837 I AconfigPackage: com.android.window.flags is mapped to system
06-01 22:39:14.685  4837  4837 I AconfigPackage: android.adaptiveauth is mapped to system
06-01 22:39:14.685  4837  4837 I AconfigPackage: android.net.wifi.flags is mapped to system
06-01 22:39:14.685  4837  4837 I AconfigPackage: android.media.tv.flags is mapped to system
06-01 22:39:14.685  4837  4837 I AconfigPackage: com.android.server.usb.flags is mapped to system
06-01 22:39:14.685  4837  4837 I AconfigPackage: android.os.vibrator is mapped to system
06-01 22:39:14.685  4837  4837 I AconfigPackage: android.hardware.devicestate.feature.flags is mapped to system
06-01 22:39:14.685  4837  4837 I AconfigPackage: com.android.server.usage is mapped to system
06-01 22:39:14.685  4837  4837 I AconfigPackage: android.server is mapped to system
06-01 22:39:14.685  4837  4837 I AconfigPackage: com.android.wm.shell is mapped to system
06-01 22:39:14.685  4837  4837 I AconfigPackage: android.view.inputmethod is mapped to system
06-01 22:39:14.685  4837  4837 I AconfigPackage: com.android.graphics.hwui.flags is mapped to system
06-01 22:39:14.685  4837  4837 I AconfigPackage: com.android.server.backup is mapped to system
06-01 22:39:14.685  4837  4837 I AconfigPackage: com.android.internal.pm.pkg.component.flags is mapped to system
06-01 22:39:14.685  4837  4837 I AconfigPackage: android.view.accessibility is mapped to system
06-01 22:39:14.686  4837  4837 I AconfigPackage: com.google.wear.sdk is mapped to system
06-01 22:39:14.686  4837  4837 I AconfigPackage: android.media.audio is mapped to system
06-01 22:39:14.686  4837  4837 I AconfigPackage: com.android.server.am is mapped to system
06-01 22:39:14.686  4837  4837 I AconfigPackage: com.android.media.playback.flags is mapped to system
06-01 22:39:14.686  4837  4837 I AconfigPackage: com.android.art.flags is mapped to com.android.art
06-01 22:39:14.686  4837  4837 I AconfigPackage: com.android.libcore is mapped to com.android.art
06-01 22:39:14.686  4837  4837 I AconfigPackage: com.android.media.extractor.flags is mapped to com.android.media
06-01 22:39:14.686  4837  4837 I AconfigPackage: com.android.media.mainline.flags is mapped to com.android.media
06-01 22:39:14.687  4837  4837 I AconfigPackage: com.android.wifi.flags is mapped to com.android.wifi
06-01 22:39:14.687  4837  4837 I AconfigPackage: com.android.org.conscrypt.flags is mapped to com.android.conscrypt
06-01 22:39:14.688  4837  4837 I AconfigPackage: com.android.healthfitness.flags is mapped to com.android.healthfitness
06-01 22:39:14.688  4837  4837 I AconfigPackage: com.google.android.input.twoshay.flags is mapped to vendor
06-01 22:39:14.688  4837  4837 I AconfigPackage: libgooglecamerahal.flags is mapped to vendor
06-01 22:39:14.688  4837  4837 I AconfigPackage: com.android.ipsec.flags is mapped to com.android.ipsec
06-01 22:39:14.689  4837  4837 I AconfigPackage: com.android.nfc.module.flags is mapped to com.android.nfcservices
06-01 22:39:14.689  4837  4837 I AconfigPackage: com.android.adservices.ondevicepersonalization.flags is mapped to com.android.ondevicepersonalization
06-01 22:39:14.689  4837  4837 I AconfigPackage: com.android.bluetooth.flags is mapped to com.android.bt
06-01 22:39:14.690  4837  4837 I AconfigPackage: com.android.devicelock.flags is mapped to com.android.devicelock
06-01 22:39:14.690  4837  4837 I AconfigPackage: android.os.profiling is mapped to com.android.profiling
06-01 22:39:14.690  4837  4837 I AconfigPackage: com.android.os.statsd.flags is mapped to com.android.os.statsd
06-01 22:39:14.690  4837  4837 I AconfigPackage: com.android.cellbroadcastreceiver.flags is mapped to com.android.cellbroadcast
06-01 22:39:14.690  4837  4837 I AconfigPackage: com.android.adservices.flags is mapped to com.android.adservices
06-01 22:39:14.691  4837  4837 I AconfigPackage: com.android.sdksandbox.flags is mapped to com.android.adservices
06-01 22:39:14.691  4837  4837 I AconfigPackage: com.android.uwb.flags is mapped to com.android.uwb
06-01 22:39:14.691  4837  4837 I AconfigPackage: com.android.ranging.flags is mapped to com.android.uwb
06-01 22:39:14.691  4837  4837 I AconfigPackage: android.graphics.pdf.flags is mapped to com.android.mediaprovider
06-01 22:39:14.691  4837  4837 I AconfigPackage: com.android.providers.media.flags is mapped to com.android.mediaprovider
06-01 22:39:14.691  4837  4837 I AconfigPackage: android.graphics.pdf.flags.readonly is mapped to com.android.mediaprovider
06-01 22:39:14.691  4837  4837 I AconfigPackage: com.android.net.ct.flags is mapped to com.android.tethering
06-01 22:39:14.691  4837  4837 I AconfigPackage: com.android.net.flags is mapped to com.android.tethering
06-01 22:39:14.691  4837  4837 I AconfigPackage: android.net.vcn is mapped to com.android.tethering
06-01 22:39:14.691  4837  4837 I AconfigPackage: com.android.nearby.flags is mapped to com.android.tethering
06-01 22:39:14.691  4837  4837 I AconfigPackage: android.net.http is mapped to com.android.tethering
06-01 22:39:14.692  4837  4837 I AconfigPackage: com.android.net.thread.flags is mapped to com.android.tethering
06-01 22:39:14.692  4837  4837 I AconfigPackage: com.android.system.virtualmachine.flags is mapped to com.android.virt
06-01 22:39:14.692  4837  4837 E FeatureFlagsImplExport: android.os.flagging.AconfigStorageReadException: ERROR_PACKAGE_NOT_FOUND: package android.xr cannot be found on the device
06-01 22:39:14.695  4837  4837 D UiAutomationConnection: Created on user UserHandle{0}
06-01 22:39:14.695  4837  4837 I UiAutomation: Initialized for user 0 on display 0
06-01 22:39:14.695  4837  4837 W UiAutomation: Created with deprecatead constructor, assumes DEFAULT_DISPLAY
06-01 22:39:14.704   688  1171 D AccessibilityManagerService: changeCurrentUserForTestAutomationIfNeededLocked(0): ignoring because device doesn't support visible background users
06-01 22:39:14.704   688  1171 I UiAutomationManager: Registering UiTestAutomationService (id=com.android.server.accessibility/UiAutomation, flags=0x0) when called by user 0
06-01 22:39:14.705   688  1171 V AccessibilityManagerService: onUserStateChangedLocked for userId: 0, forceUpdate: false
06-01 22:39:14.706   688  1171 W MagnificationConnectionManager: requestConnection duplicated request: connect=false, mConnectionState=DISCONNECTED
06-01 22:39:14.706  1474  2132 I AiAiEcho: Settings changed for uri: content://settings/secure/accessibility_enabled
06-01 22:39:14.707  1474  1863 I AiAiEcho: Predicting[0]:  [CONTEXT sampling_count=5 ]
06-01 22:39:14.707  1474  1863 I AiAiEcho: EchoTargets: 
06-01 22:39:14.707  1474  1863 I AiAiEcho: Filtered by AiAi flag check: 
06-01 22:39:14.707  1474  1863 I AiAiEcho: [CONTEXT ratelimit_period="10 SECONDS" ]
06-01 22:39:14.708  1474  1863 I AiAiEcho: #remoteViewsTwiddler: feature disabled.
06-01 22:39:14.708  1474  1863 I AiAiEcho: #postPredictionTargets: Sending updates to UISurface home with targets# 0 (types=[])
06-01 22:39:14.709  1474  1863 I AiAiEcho: Predicting[0]:  [CONTEXT sampling_count=5 ]
06-01 22:39:14.709   688   688 W IPCThreadState: Sending oneway calls to frozen process.
06-01 22:39:14.709  1474  1863 I AiAiEcho: EchoTargets: 
06-01 22:39:14.709  1474  1863 I AiAiEcho: Filtered by AiAi flag check: 
06-01 22:39:14.709  1474  1863 I AiAiEcho: [CONTEXT ratelimit_period="10 SECONDS" ]
06-01 22:39:14.709   688   688 W IPCThreadState: Sending oneway calls to frozen process.
06-01 22:39:14.709   688   688 W IPCThreadState: Sending oneway calls to frozen process.
06-01 22:39:14.709   688   688 W IPCThreadState: Sending oneway calls to frozen process.
06-01 22:39:14.709  1474  1863 I AiAiEcho: #remoteViewsTwiddler: feature disabled.
06-01 22:39:14.711  1474  1863 I AiAiEcho: #postPredictionTargets: Sending updates to UISurface lockscreen with targets# 0 (types=[])
06-01 22:39:14.712  1084  1084 D SsBaseTemplateCard: No text view can be set up
06-01 22:39:14.712  1084  1084 D SsBaseTemplateCard: Passed-in item info is null
06-01 22:39:14.712  1084  1084 D SsBaseTemplateCard: Passed-in item info is null
06-01 22:39:14.712  1084  1084 D SsBaseTemplateCard: Passed-in item info is null
06-01 22:39:14.712  1084  1084 I SsBaseTemplateCard: Secondary card pane is null
06-01 22:39:14.713   948   948 W PageIndicator: Total number of pages invalid: 0. Assuming 1 page.
06-01 22:39:14.713   688   688 W IPCThreadState: Sending oneway calls to frozen process.
06-01 22:39:14.713   688   688 W IPCThreadState: Sending oneway calls to frozen process.
06-01 22:39:14.713   688   688 W IPCThreadState: Sending oneway calls to frozen process.
06-01 22:39:14.714   688   688 W IPCThreadState: Sending oneway calls to frozen process.
06-01 22:39:14.717   688  1725 V AccessibilityManagerService: onUserStateChangedLocked for userId: 0, forceUpdate: false
06-01 22:39:14.720   688  1725 W MagnificationConnectionManager: requestConnection duplicated request: connect=false, mConnectionState=DISCONNECTED
06-01 22:39:14.722   688   688 W IPCThreadState: Sending oneway calls to frozen process.
06-01 22:39:14.722   688   688 W IPCThreadState: Sending oneway calls to frozen process.
06-01 22:39:14.723   688   688 W IPCThreadState: Sending oneway calls to frozen process.
06-01 22:39:14.723   688   688 W IPCThreadState: Sending oneway calls to frozen process.
06-01 22:39:14.730  1474  2132 I AiAiEcho: Settings changed for uri: content://settings/secure/accessibility_enabled
06-01 22:39:14.731  1474  1863 I AiAiEcho: Predicting[0]:  [CONTEXT sampling_count=5 ]
06-01 22:39:14.731  1474  1863 I AiAiEcho: EchoTargets: 
06-01 22:39:14.731  1474  1863 I AiAiEcho: Filtered by AiAi flag check: 
06-01 22:39:14.731  1474  1863 I AiAiEcho: [CONTEXT ratelimit_period="10 SECONDS" ]
06-01 22:39:14.731  1474  1863 I AiAiEcho: #remoteViewsTwiddler: feature disabled.
06-01 22:39:14.731  1474  1863 I AiAiEcho: Predicting[0]:  [CONTEXT sampling_count=5 ]
06-01 22:39:14.731  1474  1863 I AiAiEcho: EchoTargets: 
06-01 22:39:14.731  1474  1863 I AiAiEcho: Filtered by AiAi flag check: 
06-01 22:39:14.731  1474  1863 I AiAiEcho: [CONTEXT ratelimit_period="10 SECONDS" ]
06-01 22:39:14.732  1474  1863 I AiAiEcho: #remoteViewsTwiddler: feature disabled.
06-01 22:39:14.733   688   688 W IPCThreadState: Sending oneway calls to frozen process.
06-01 22:39:14.735   688   688 W IPCThreadState: Sending oneway calls to frozen process.
06-01 22:39:14.736   688   688 W IPCThreadState: Sending oneway calls to frozen process.
06-01 22:39:14.736   688   688 W IPCThreadState: Sending oneway calls to frozen process.
06-01 22:39:14.736   688   688 W IPCThreadState: Sending oneway calls to frozen process.
06-01 22:39:14.737   688   688 W IPCThreadState: Sending oneway calls to frozen process.
06-01 22:39:14.737   688   688 W IPCThreadState: Sending oneway calls to frozen process.
06-01 22:39:14.737   688   688 W IPCThreadState: Sending oneway calls to frozen process.
06-01 22:39:14.737   688   688 D BatterySaverPolicy: accessibility changed to true, updating policy.
06-01 22:39:14.742  1374  1578 D AccessibilitySourceService: enabled a11y services count 0
06-01 22:39:14.743  1374  1578 D AccessibilitySourceService: a11y source sending 0 issue to sc
06-01 22:39:14.743   688  1307 D SafetySourceDataValidat: No cert check requested for package com.google.android.permissioncontroller
06-01 22:39:14.746  1474  1863 I AiAiEcho: #postPredictionTargets: Sending updates to UISurface home with targets# 0 (types=[])
06-01 22:39:14.746  1474  1863 I AiAiEcho: #postPredictionTargets: Sending updates to UISurface lockscreen with targets# 0 (types=[])
06-01 22:39:14.747  1084  1084 D SsBaseTemplateCard: No text view can be set up
06-01 22:39:14.747  1084  1084 D SsBaseTemplateCard: Passed-in item info is null
06-01 22:39:14.747  1084  1084 D SsBaseTemplateCard: Passed-in item info is null
06-01 22:39:14.747  1084  1084 D SsBaseTemplateCard: Passed-in item info is null
06-01 22:39:14.747  1084  1084 I SsBaseTemplateCard: Secondary card pane is null
06-01 22:39:14.755   948   948 W PageIndicator: Total number of pages invalid: 0. Assuming 1 page.
06-01 22:39:14.846   688   791 D ActivityManager: freezing 3131 com.android.vending
06-01 22:39:14.850   688   848 D InetDiagMessage: Destroyed 0 sockets, proto=IPPROTO_TCP, family=AF_INET, states=14
06-01 22:39:14.866   688   848 D InetDiagMessage: Destroyed 2 sockets, proto=IPPROTO_TCP, family=AF_INET6, states=14
06-01 22:39:14.866   688   848 D InetDiagMessage: Destroyed live tcp sockets for uids={10144} in 17ms
06-01 22:39:15.747  4765  4765 E io.ereader.xynk: hiddenapi: Accessing hidden method Landroid/view/accessibility/AccessibilityNodeInfo;->getSelection()Landroid/view/accessibility/AccessibilityNodeInfo$Selection; (runtime_flags=0, domain=platform, api=blocked) from /data/app/~~b_-D6N7sOwvrwL2VD9js_w==/com.aistudio.ereader.xynk-R5fQGde_IvrOepXqbGCEBg==/base.apk!classes14.dex (domain=app) using linking: denied
06-01 22:39:15.756  4765  4765 E io.ereader.xynk: hiddenapi: Accessing hidden method Landroid/view/accessibility/AccessibilityNodeInfo;->setSelection(Landroid/view/accessibility/AccessibilityNodeInfo$Selection;)V (runtime_flags=0, domain=platform, api=blocked) from /data/app/~~b_-D6N7sOwvrwL2VD9js_w==/com.aistudio.ereader.xynk-R5fQGde_IvrOepXqbGCEBg==/base.apk!classes14.dex (domain=app) using linking: denied
06-01 22:39:15.756  4765  4765 E io.ereader.xynk: hiddenapi: Accessing hidden method Landroid/view/accessibility/AccessibilityNodeInfo;->setSelection(Landroid/view/accessibility/AccessibilityNodeInfo$Selection;)V (runtime_flags=0, domain=platform, api=blocked) from /data/app/~~b_-D6N7sOwvrwL2VD9js_w==/com.aistudio.ereader.xynk-R5fQGde_IvrOepXqbGCEBg==/base.apk!classes14.dex (domain=app) using linking: denied
06-01 22:39:15.759  1458  3670 W MediaProvider: isAppCloneUserPair for user 0: false
06-01 22:39:15.870  1279  4795 I NetworkScheduler.Stats: (REDACTED) Task %s/%s started execution. cause:%s exec_start_elapsed_seconds: %s
06-01 22:39:15.877  1279  4605 I NetworkScheduler.Stats: (REDACTED) Task %s/%s finished executing. cause:%s result: %s elapsed_millis: %s uptime_millis: %s exec_start_elapsed_seconds: %s
06-01 22:39:15.999  4837  4837 W AccessibilityNodeInfoDumper: Fetch time: 247ms
06-01 22:39:16.001   688  1307 V AccessibilityManagerService: onUserStateChangedLocked for userId: 0, forceUpdate: false
06-01 22:39:16.002   688  1307 W MagnificationConnectionManager: requestConnection duplicated request: connect=false, mConnectionState=DISCONNECTED
06-01 22:39:16.002  1474  2132 I AiAiEcho: Settings changed for uri: content://settings/secure/accessibility_enabled
06-01 22:39:16.002   688  1307 D AccessibilityManagerService: restoreCurrentUserForTestAutomationIfNeededLocked(): ignoring because device doesn't support visible background users
06-01 22:39:16.003   688   688 W IPCThreadState: Sending oneway calls to frozen process.
06-01 22:39:16.003  1474  1863 I AiAiEcho: Predicting[0]:  [CONTEXT sampling_count=5 ]
06-01 22:39:16.003  1474  1863 I AiAiEcho: EchoTargets: 
06-01 22:39:16.003  1474  1863 I AiAiEcho: Filtered by AiAi flag check: 
06-01 22:39:16.003  1474  1863 I AiAiEcho: [CONTEXT ratelimit_period="10 SECONDS" ]
06-01 22:39:16.003   688   688 W IPCThreadState: Sending oneway calls to frozen process.
06-01 22:39:16.003   688   688 W IPCThreadState: Sending oneway calls to frozen process.
06-01 22:39:16.003   688   688 W IPCThreadState: Sending oneway calls to frozen process.
06-01 22:39:16.004  1474  1863 I AiAiEcho: #remoteViewsTwiddler: feature disabled.
06-01 22:39:16.005  4837  4847 W IPCThreadState: call to talkWithDriver in joinThreadPool returned error: -9 (Bad file descriptor), FD: -1
06-01 22:39:16.005  4837  4846 W IPCThreadState: call to talkWithDriver in joinThreadPool returned error: -9 (Bad file descriptor), FD: -1
06-01 22:39:16.005  1474  1863 I AiAiEcho: Predicting[0]:  [CONTEXT sampling_count=5 ]
06-01 22:39:16.005  4837  4850 W IPCThreadState: call to talkWithDriver in joinThreadPool returned error: -9 (Bad file descriptor), FD: -1
06-01 22:39:16.005  1474  1863 I AiAiEcho: EchoTargets: 
06-01 22:39:16.005  1474  1863 I AiAiEcho: Filtered by AiAi flag check: 
06-01 22:39:16.005  1474  1863 I AiAiEcho: [CONTEXT ratelimit_period="10 SECONDS" ]
06-01 22:39:16.006   688   688 W IPCThreadState: Sending oneway calls to frozen process.
06-01 22:39:16.006  4837  4837 D AndroidRuntime: Shutting down VM
06-01 22:39:16.007   688   688 W IPCThreadState: Sending oneway calls to frozen process.
06-01 22:39:16.007   688   688 W IPCThreadState: Sending oneway calls to frozen process.
06-01 22:39:16.007  1474  1863 I AiAiEcho: #remoteViewsTwiddler: feature disabled.
06-01 22:39:16.008   688   688 W IPCThreadState: Sending oneway calls to frozen process.
06-01 22:39:16.009  1474  1863 I AiAiEcho: #postPredictionTargets: Sending updates to UISurface home with targets# 0 (types=[])
06-01 22:39:16.010  1474  1863 I AiAiEcho: #postPredictionTargets: Sending updates to UISurface lockscreen with targets# 0 (types=[])
06-01 22:39:16.010   688   688 W IPCThreadState: Sending oneway calls to frozen process.
06-01 22:39:16.012   688   688 W IPCThreadState: Sending oneway calls to frozen process.
06-01 22:39:16.012   688   688 W IPCThreadState: Sending oneway calls to frozen process.
06-01 22:39:16.012   688   688 W IPCThreadState: Sending oneway calls to frozen process.
06-01 22:39:16.013  1084  1084 D SsBaseTemplateCard: No text view can be set up
06-01 22:39:16.013  1084  1084 D SsBaseTemplateCard: Passed-in item info is null
06-01 22:39:16.013   688   688 D BatterySaverPolicy: accessibility changed to false, updating policy.
06-01 22:39:16.014  1084  1084 D SsBaseTemplateCard: Passed-in item info is null
06-01 22:39:16.014  1084  1084 D SsBaseTemplateCard: Passed-in item info is null
06-01 22:39:16.014  1084  1084 I SsBaseTemplateCard: Secondary card pane is null
06-01 22:39:16.019   948   948 W PageIndicator: Total number of pages invalid: 0. Assuming 1 page.
06-01 22:39:17.599   688   848 D InetDiagMessage: Destroyed 0 sockets, proto=IPPROTO_TCP, family=AF_INET, states=14
06-01 22:39:17.600   688   848 D InetDiagMessage: Destroyed 0 sockets, proto=IPPROTO_TCP, family=AF_INET6, states=14
06-01 22:39:17.600   688   848 D InetDiagMessage: Destroyed live tcp sockets for uids={10147} in 2ms
06-01 22:39:17.600   688   848 D InetDiagMessage: Destroyed 0 sockets, proto=IPPROTO_TCP, family=AF_INET, states=14
06-01 22:39:17.601   688   848 D InetDiagMessage: Destroyed 0 sockets, proto=IPPROTO_TCP, family=AF_INET6, states=14
06-01 22:39:17.601   688   848 D InetDiagMessage: Destroyed live tcp sockets for uids={20147} in 1ms
06-01 22:39:18.555  1069  1255 D SatelliteController: iisInCarrierRoamingNbIotNtn: satellite is disabled
06-01 22:39:18.555   688  1749 W IPCThreadState: Sending oneway calls to frozen process.
06-01 22:39:21.049  1600  1600 D BoundBrokerSvc: onUnbind: Intent { act=com.google.android.gms.feedback.internal.IFeedbackService dat=chimera-action:/... xflg=0x4 cmp=com.google.android.gms/.chimera.GmsBoundBrokerService }
06-01 22:39:21.221   688   722 I GnssLocationProvider: WakeLock acquired by handleDownloadPsdsData()
06-01 22:39:21.222   688  4853 E GnssPsdsDownloader: No Long-Term PSDS servers were specified in the GnssConfiguration
06-01 22:39:24.160  4855  4855 W dumpsys : Thread Pool max thread count is 0. Cannot cache binder as linkToDeath cannot be implemented. serviceName: package
06-01 22:39:24.367  3901  4205 I artd    : GetBestInfo: odex next to the dex file (/data/app/~~oqHPZkItOTY-JdZP8j0YvQ==/com.google.android.gms-U8kK62mhhj2hUoGXPlJDnw==/oat/x86_64/base.odex) is kOatUpToDate with filter 'speed-profile' executable 'false'
06-01 22:39:24.373  3901  4205 I artd    : GetBestInfo: odex next to the dex file (/data/app/~~oqHPZkItOTY-JdZP8j0YvQ==/com.google.android.gms-U8kK62mhhj2hUoGXPlJDnw==/oat/x86_64/split_AdsDynamite_installtime.odex) is kOatUpToDate with filter 'speed' executable 'false'
06-01 22:39:24.376  3901  4205 I artd    : GetBestInfo: odex next to the dex file (/data/app/~~oqHPZkItOTY-JdZP8j0YvQ==/com.google.android.gms-U8kK62mhhj2hUoGXPlJDnw==/oat/x86_64/split_CronetDynamite_installtime.odex) is kOatUpToDate with filter 'speed-profile' executable 'false'
06-01 22:39:24.379  3901  4205 I artd    : GetBestInfo: odex next to the dex file (/data/app/~~oqHPZkItOTY-JdZP8j0YvQ==/com.google.android.gms-U8kK62mhhj2hUoGXPlJDnw==/oat/x86_64/split_DynamiteLoader_installtime.odex) is kOatUpToDate with filter 'speed' executable 'false'
06-01 22:39:24.381  3901  4205 I artd    : GetBestInfo: odex next to the dex file (/data/app/~~oqHPZkItOTY-JdZP8j0YvQ==/com.google.android.gms-U8kK62mhhj2hUoGXPlJDnw==/oat/x86_64/split_DynamiteModulesA_installtime.odex) is kOatUpToDate with filter 'speed' executable 'false'
06-01 22:39:24.386  3901  4205 I artd    : GetBestInfo: odex next to the dex file (/data/app/~~oqHPZkItOTY-JdZP8j0YvQ==/com.google.android.gms-U8kK62mhhj2hUoGXPlJDnw==/oat/x86_64/split_DynamiteModulesC_installtime.odex) is kOatUpToDate with filter 'speed' executable 'false'
06-01 22:39:24.390  3901  4205 I artd    : GetBestInfo: odex next to the dex file (/data/app/~~oqHPZkItOTY-JdZP8j0YvQ==/com.google.android.gms-U8kK62mhhj2hUoGXPlJDnw==/oat/x86_64/split_GoogleCertificates_installtime.odex) is kOatUpToDate with filter 'speed' executable 'false'
06-01 22:39:24.392  3901  4205 I artd    : GetBestInfo: odex next to the dex file (/data/app/~~oqHPZkItOTY-JdZP8j0YvQ==/com.google.android.gms-U8kK62mhhj2hUoGXPlJDnw==/oat/x86_64/split_MapsDynamite_installtime.odex) is kOatUpToDate with filter 'speed' executable 'false'
06-01 22:39:24.395  3901  4205 I artd    : GetBestInfo: odex next to the dex file (/data/app/~~oqHPZkItOTY-JdZP8j0YvQ==/com.google.android.gms-U8kK62mhhj2hUoGXPlJDnw==/oat/x86_64/split_MeasurementDynamite_installtime.odex) is kOatUpToDate with filter 'speed' executable 'false'
06-01 22:39:24.398  3901  4205 I artd    : GetBestInfo: odex next to the dex file (/data/app/~~oqHPZkItOTY-JdZP8j0YvQ==/com.google.android.gms-U8kK62mhhj2hUoGXPlJDnw==/oat/x86_64/split_all_locale_splits.odex) is kOatUpToDate with filter 'speed' executable 'false'
06-01 22:39:24.400  3901  4205 I artd    : GetBestInfo: /data/user_de/0/com.google.android.gms/app_chimera/m/00000001/CronetDynamite.apk has no usable artifacts
06-01 22:39:24.401  3901  4205 I artd    : GetBestInfo: /data/user_de/0/com.google.android.gms/app_chimera/m/00000002/DynamiteLoader.apk has no usable artifacts
06-01 22:39:24.403  3901  4205 I artd    : GetBestInfo: /data/user_de/0/com.google.android.gms/app_chimera/m/00000015/dl-Appsearch.optional_261631100800.apk has no usable artifacts
06-01 22:39:24.405  3901  4205 I artd    : GetBestInfo: /data/user_de/0/com.google.android.gms/app_chimera/m/00000011/dl-MlkitBarcodeUi.optional_261631100800.apk has no usable artifacts
06-01 22:39:24.406  3901  4205 I artd    : GetBestInfo: /data/user_de/0/com.google.android.gms/app_chimera/m/00000005/GoogleCertificates.apk has no usable artifacts
06-01 22:39:24.408  3901  4205 I artd    : GetBestInfo: /data/user_de/0/com.google.android.gms/app_chimera/m/00000017/dl-TfliteDynamiteDynamite.integ_260580502100800.apk has no usable artifacts
06-01 22:39:24.410  3901  4205 I artd    : GetBestInfo: /data/user_de/0/com.google.android.gms/app_chimera/m/0000000d/dl-TfliteDynamiteDynamite.integ_252130102100800.apk has no usable artifacts
06-01 22:39:24.412  3901  4205 I artd    : GetBestInfo: /data/user_de/0/com.google.android.gms/app_chimera/m/00000016/dl-IdentityCredentialsPlatform.optional_261631100800.apk has no usable artifacts
06-01 22:39:24.414  3901  4205 I artd    : GetBestInfo: /data/user_de/0/com.google.android.gms/app_chimera/m/0000000a/dl-MlkitBarcodeUi.optional_250834100800.apk has no usable artifacts
06-01 22:39:24.418  3901  4205 I artd    : GetBestInfo: vdex next to the dex file (/data/user/0/com.google.android.gms/app_dg_cache/92659AEB0EFADECE4CBB22D1DF07B00702EAAC36/oat/x86_64/the.vdex) is kOatUpToDate with filter 'verify' executable 'false'
06-01 22:39:24.420  3901  4205 I artd    : GetBestInfo: /data/user_de/0/com.google.android.gms/app_chimera/m/00000014/dl-PlayCloudSearch.optional_261631100000.apk has no usable artifacts
06-01 22:39:24.423  3901  4205 I artd    : GetBestInfo: /data/user/0/com.google.android.gms/app_dg_cache/BBB8ADBA11F43674FC873CF50B06D4CFE87E958C/the.apk has no usable artifacts
06-01 22:39:24.423  3901  4205 W artd    : Could not get dex checksums for location /data/app/~~JlUJQFlc4ygp9jZhE_7qYA==/com.android.vending-cRWAZr3GHq-n4fdFyU9thA==/base.apk, fd=-1
06-01 22:39:25.101   688   791 D ActivityManager: freezing 1374 com.google.android.permissioncontroller
06-01 22:39:25.117   688   848 D InetDiagMessage: Destroyed 0 sockets, proto=IPPROTO_TCP, family=AF_INET, states=14
06-01 22:39:25.117   688   848 D InetDiagMessage: Destroyed 0 sockets, proto=IPPROTO_TCP, family=AF_INET6, states=14
06-01 22:39:25.117   688   848 D InetDiagMessage: Destroyed live tcp sockets for uids={10207} in 2ms
06-01 22:39:25.864   688   782 D ActivityManager: sync unfroze 3342 com.google.android.apps.photos for 6
06-01 22:39:25.907  3342  3487 W JobInfo : Requested important-while-foreground flag for job555000097 is ignored and takes no effect
06-01 22:39:25.921   688  1749 W JobInfo : Job 'com.google.android.apps.photos/com.google.android.libraries.social.async.BackgroundTaskJobService#1043' has a deadline with no functional constraints. The deadline won't improve job execution latency. Consider removing the deadline.
06-01 22:39:25.944   688  1749 D ConnectivityService: requestNetwork for uid/pid:10169/3342 activeRequest: null callbackRequest: 183 [NetworkRequest [ REQUEST id=184, [ Capabilities: INTERNET&NOT_RESTRICTED&TRUSTED&NOT_VCN_MANAGED&NOT_BANDWIDTH_CONSTRAINED Uid: 10169 RequestorUid: 10169 RequestorPkg: com.google.android.apps.photos UnderlyingNetworks: Null] ]] callback flags: 0 order: 2147483647 isUidTracked: false declaredMethods: AVAIL|LOST|NC|BLK
06-01 22:39:25.947   688   842 D WifiNetworkFactory: got request NetworkRequest [ REQUEST id=184, [ Capabilities: INTERNET&NOT_RESTRICTED&TRUSTED&NOT_VCN_MANAGED&NOT_BANDWIDTH_CONSTRAINED Uid: 10169 RequestorUid: 10169 RequestorPkg: com.google.android.apps.photos UnderlyingNetworks: Null] ]
06-01 22:39:25.947   688   842 D UntrustedWifiNetworkFactory: got request NetworkRequest [ REQUEST id=184, [ Capabilities: INTERNET&NOT_RESTRICTED&TRUSTED&NOT_VCN_MANAGED&NOT_BANDWIDTH_CONSTRAINED Uid: 10169 RequestorUid: 10169 RequestorPkg: com.google.android.apps.photos UnderlyingNetworks: Null] ]
06-01 22:39:25.947   688   842 D OemPaidWifiNetworkFactory: got request NetworkRequest [ REQUEST id=184, [ Capabilities: INTERNET&NOT_RESTRICTED&TRUSTED&NOT_VCN_MANAGED&NOT_BANDWIDTH_CONSTRAINED Uid: 10169 RequestorUid: 10169 RequestorPkg: com.google.android.apps.photos UnderlyingNetworks: Null] ]
06-01 22:39:25.947   688   842 D MultiInternetWifiNetworkFactory: got request NetworkRequest [ REQUEST id=184, [ Capabilities: INTERNET&NOT_RESTRICTED&TRUSTED&NOT_VCN_MANAGED&NOT_BANDWIDTH_CONSTRAINED Uid: 10169 RequestorUid: 10169 RequestorPkg: com.google.android.apps.photos UnderlyingNetworks: Null] ]
06-01 22:39:25.947   688   848 D ConnectivityService: NetReassign [184 : null → 100] [c 0] [a 1] [i 1]
06-01 22:39:25.949  3342  3342 D ActivityThread: Package [com.aistudio.ereader.xynk] reported as REPLACED, but missing application info. Assuming REMOVED.
06-01 22:39:25.951  3342  3342 D ActivityThread: Package [com.aistudio.ereader.xynk] reported as REPLACED, but missing application info. Assuming REMOVED.
06-01 22:39:25.960   688  1749 W ProcessStats: Tracking association SourceState{5d183a2 system/1000 ImpBg #2602} whose proc state 6 is better than process ProcessState{8874702 com.google.android.apps.photos/10169 pkg=com.google.android.apps.photos} proc state 15 (5 skipped)
06-01 22:39:26.007   688  1307 W JobScheduler: Job didn't exist in JobStore: df67ab5 {androidx.work.systemjobscheduler} #u0a169/555000097 @androidx.work.systemjobscheduler@com.google.android.apps.photos/androidx.work.impl.background.systemjob.SystemJobService
06-01 22:39:26.021   688  1749 W JobScheduler: Job didn't exist in JobStore: 11e870a #u0a169/1034 com.google.android.apps.photos/com.google.android.libraries.social.mediamonitor.MediaMonitorJobSchedulerService
06-01 22:39:26.025   688  1307 W UriGrantsManagerService: No permission grants found for com.google.android.apps.photos
06-01 22:39:26.027   688  1749 W UriGrantsManagerService: No permission grants found for com.google.android.apps.photos
06-01 22:39:26.078   688  1749 W UriGrantsManagerService: No permission grants found for com.google.android.apps.photos
06-01 22:39:26.079   688  1749 W UriGrantsManagerService: No permission grants found for com.google.android.apps.photos
06-01 22:39:26.097   688  1749 W UriGrantsManagerService: No permission grants found for com.google.android.apps.photos
06-01 22:39:26.097   688  1749 W UriGrantsManagerService: No permission grants found for com.google.android.apps.photos
06-01 22:39:28.563  1069  1255 D SatelliteController: iisInCarrierRoamingNbIotNtn: satellite is disabled
06-01 22:39:28.563   688  1307 W IPCThreadState: Sending oneway calls to frozen process.
06-01 22:39:29.499   688   782 D ActivityManager: sync unfroze 3131 com.android.vending for 6
06-01 22:39:29.516  3131  3131 I Finsky  : [2] SCH: job service start with id 9460.
06-01 22:39:29.538  3131  3205 I Finsky  : [49] SCH: Satisfied jobs for 9460 are: 12-1
06-01 22:39:29.540  3131  4865 I Finsky  : [134] SCH: Job 12-1 starting
06-01 22:39:29.542  3131  3131 I Finsky  : [2] WM::SCH: Logging work start for 12-1
06-01 22:39:29.545  3131  3131 I Finsky  : [2] [ContentSync] job started
06-01 22:39:29.637  3131  4866 I Finsky  : [135] App states replicator found 27 unowned apps
06-01 22:39:29.639  3131  3232 I Finsky  : [56] Completed 0 account content syncs with 0 successful.
06-01 22:39:29.639  3131  3131 I Finsky  : [2] [ContentSync] Installation state replication succeeded.
06-01 22:39:29.639  3131  3131 I Finsky  : [2] SCH: jobFinished: 12-1. TimeElapsed: 98ms.
06-01 22:39:29.640  3131  3131 I Finsky  : [2] WM::SCH: Logging work end for 12-1
06-01 22:39:29.649  3131  3159 I android.vending: Waiting for a blocking GC ProfileSaver
06-01 22:39:29.670  3131  3235 I Finsky  : [58] SCH: Scheduling phonesky job Id: 1-1337, CT: 1780309052709, Constraints: [{ L: 42508086, D: 85708086, C: CHARGING_NONE, I: IDLE_NONE, N: NET_ANY, B: BATTERY_ANY }]
06-01 22:39:29.676  3131  3230 I Finsky  : [55] SCH: Scheduling 1 system job(s)
06-01 22:39:29.676  3131  3230 I Finsky  : [55] SCH: Scheduling system job Id: 9463, L: 23191119, D: 66391119, C: false, I: false, N: 1
06-01 22:39:29.695  3131  4865 I Finsky  : [134] SCH: job service finished with id 9460.
06-01 22:39:29.715  3131  3131 I Finsky  : [2] Memory trim requested to level 40
06-01 22:39:29.715  3131  3131 I Finsky  : [2] Flushing in-memory image cache
06-01 22:39:29.723  3131  3159 I android.vending: WaitForGcToComplete blocked ProfileSaver on Background for 73.898ms
06-01 22:39:31.041   688   848 D InetDiagMessage: Destroyed 0 sockets, proto=IPPROTO_TCP, family=AF_INET, states=14
06-01 22:39:31.042   688   848 D InetDiagMessage: Destroyed 0 sockets, proto=IPPROTO_TCP, family=AF_INET6, states=14
06-01 22:39:31.042   688   848 D InetDiagMessage: Destroyed live tcp sockets for uids={10169} in 2ms
06-01 22:39:31.042   688   848 D InetDiagMessage: Destroyed 0 sockets, proto=IPPROTO_TCP, family=AF_INET, states=14
06-01 22:39:31.043   688   848 D InetDiagMessage: Destroyed 0 sockets, proto=IPPROTO_TCP, family=AF_INET6, states=14
06-01 22:39:31.043   688   848 D InetDiagMessage: Destroyed live tcp sockets for uids={20169} in 1ms
06-01 22:39:31.069   688   791 D ActivityManager: freezing 1600 com.google.android.gms
06-01 22:39:34.150  4869  4869 W dumpsys : Thread Pool max thread count is 0. Cannot cache binder as linkToDeath cannot be implemented. serviceName: package
06-01 22:39:34.304  3901  4205 I artd    : GetBestInfo: odex next to the dex file (/data/app/~~oqHPZkItOTY-JdZP8j0YvQ==/com.google.android.gms-U8kK62mhhj2hUoGXPlJDnw==/oat/x86_64/base.odex) is kOatUpToDate with filter 'speed-profile' executable 'false'
06-01 22:39:34.308  3901  4205 I artd    : GetBestInfo: odex next to the dex file (/data/app/~~oqHPZkItOTY-JdZP8j0YvQ==/com.google.android.gms-U8kK62mhhj2hUoGXPlJDnw==/oat/x86_64/split_AdsDynamite_installtime.odex) is kOatUpToDate with filter 'speed' executable 'false'
06-01 22:39:34.310  3901  4205 I artd    : GetBestInfo: odex next to the dex file (/data/app/~~oqHPZkItOTY-JdZP8j0YvQ==/com.google.android.gms-U8kK62mhhj2hUoGXPlJDnw==/oat/x86_64/split_CronetDynamite_installtime.odex) is kOatUpToDate with filter 'speed-profile' executable 'false'
06-01 22:39:34.312  3901  4205 I artd    : GetBestInfo: odex next to the dex file (/data/app/~~oqHPZkItOTY-JdZP8j0YvQ==/com.google.android.gms-U8kK62mhhj2hUoGXPlJDnw==/oat/x86_64/split_DynamiteLoader_installtime.odex) is kOatUpToDate with filter 'speed' executable 'false'
06-01 22:39:34.315  3901  4205 I artd    : GetBestInfo: odex next to the dex file (/data/app/~~oqHPZkItOTY-JdZP8j0YvQ==/com.google.android.gms-U8kK62mhhj2hUoGXPlJDnw==/oat/x86_64/split_DynamiteModulesA_installtime.odex) is kOatUpToDate with filter 'speed' executable 'false'
06-01 22:39:34.317  3901  4205 I artd    : GetBestInfo: odex next to the dex file (/data/app/~~oqHPZkItOTY-JdZP8j0YvQ==/com.google.android.gms-U8kK62mhhj2hUoGXPlJDnw==/oat/x86_64/split_DynamiteModulesC_installtime.odex) is kOatUpToDate with filter 'speed' executable 'false'
06-01 22:39:34.321  3901  4205 I artd    : GetBestInfo: odex next to the dex file (/data/app/~~oqHPZkItOTY-JdZP8j0YvQ==/com.google.android.gms-U8kK62mhhj2hUoGXPlJDnw==/oat/x86_64/split_GoogleCertificates_installtime.odex) is kOatUpToDate with filter 'speed' executable 'false'
06-01 22:39:34.323  3901  4205 I artd    : GetBestInfo: odex next to the dex file (/data/app/~~oqHPZkItOTY-JdZP8j0YvQ==/com.google.android.gms-U8kK62mhhj2hUoGXPlJDnw==/oat/x86_64/split_MapsDynamite_installtime.odex) is kOatUpToDate with filter 'speed' executable 'false'
06-01 22:39:34.325  3901  4205 I artd    : GetBestInfo: odex next to the dex file (/data/app/~~oqHPZkItOTY-JdZP8j0YvQ==/com.google.android.gms-U8kK62mhhj2hUoGXPlJDnw==/oat/x86_64/split_MeasurementDynamite_installtime.odex) is kOatUpToDate with filter 'speed' executable 'false'
06-01 22:39:34.327  3901  4205 I artd    : GetBestInfo: odex next to the dex file (/data/app/~~oqHPZkItOTY-JdZP8j0YvQ==/com.google.android.gms-U8kK62mhhj2hUoGXPlJDnw==/oat/x86_64/split_all_locale_splits.odex) is kOatUpToDate with filter 'speed' executable 'false'
06-01 22:39:34.328  3901  4205 I artd    : GetBestInfo: /data/user_de/0/com.google.android.gms/app_chimera/m/00000001/CronetDynamite.apk has no usable artifacts
06-01 22:39:34.329  3901  4205 I artd    : GetBestInfo: /data/user_de/0/com.google.android.gms/app_chimera/m/00000002/DynamiteLoader.apk has no usable artifacts
06-01 22:39:34.331  3901  4205 I artd    : GetBestInfo: /data/user_de/0/com.google.android.gms/app_chimera/m/00000015/dl-Appsearch.optional_261631100800.apk has no usable artifacts
06-01 22:39:34.332  3901  4205 I artd    : GetBestInfo: /data/user_de/0/com.google.android.gms/app_chimera/m/00000011/dl-MlkitBarcodeUi.optional_261631100800.apk has no usable artifacts
06-01 22:39:34.333  3901  4205 I artd    : GetBestInfo: /data/user_de/0/com.google.android.gms/app_chimera/m/00000005/GoogleCertificates.apk has no usable artifacts
06-01 22:39:34.336  3901  4205 I artd    : GetBestInfo: /data/user_de/0/com.google.android.gms/app_chimera/m/00000017/dl-TfliteDynamiteDynamite.integ_260580502100800.apk has no usable artifacts
06-01 22:39:34.338  3901  4205 I artd    : GetBestInfo: /data/user_de/0/com.google.android.gms/app_chimera/m/0000000d/dl-TfliteDynamiteDynamite.integ_252130102100800.apk has no usable artifacts
06-01 22:39:34.340  3901  4205 I artd    : GetBestInfo: /data/user_de/0/com.google.android.gms/app_chimera/m/00000016/dl-IdentityCredentialsPlatform.optional_261631100800.apk has no usable artifacts
06-01 22:39:34.342  3901  4205 I artd    : GetBestInfo: /data/user_de/0/com.google.android.gms/app_chimera/m/0000000a/dl-MlkitBarcodeUi.optional_250834100800.apk has no usable artifacts
06-01 22:39:34.344  3901  4205 I artd    : GetBestInfo: vdex next to the dex file (/data/user/0/com.google.android.gms/app_dg_cache/92659AEB0EFADECE4CBB22D1DF07B00702EAAC36/oat/x86_64/the.vdex) is kOatUpToDate with filter 'verify' executable 'false'
06-01 22:39:34.346  3901  4205 I artd    : GetBestInfo: /data/user_de/0/com.google.android.gms/app_chimera/m/00000014/dl-PlayCloudSearch.optional_261631100000.apk has no usable artifacts
06-01 22:39:34.347  3901  4205 I artd    : GetBestInfo: /data/user/0/com.google.android.gms/app_dg_cache/BBB8ADBA11F43674FC873CF50B06D4CFE87E958C/the.apk has no usable artifacts
06-01 22:39:34.348  3901  4205 W artd    : Could not get dex checksums for location /data/app/~~JlUJQFlc4ygp9jZhE_7qYA==/com.android.vending-cRWAZr3GHq-n4fdFyU9thA==/base.apk, fd=-1
06-01 22:39:35.986   688  1307 W JobInfo : Job 'com.google.android.apps.photos/com.google.android.libraries.social.async.BackgroundTaskJobService#1043' has a deadline with no functional constraints. The deadline won't improve job execution latency. Consider removing the deadline.
06-01 22:39:38.575  1069  1255 D SatelliteController: iisInCarrierRoamingNbIotNtn: satellite is disabled
06-01 22:39:38.576   688  1307 W IPCThreadState: Sending oneway calls to frozen process.
06-01 22:39:39.727   688   791 D ActivityManager: freezing 3131 com.android.vending
06-01 22:39:39.731   688   848 D InetDiagMessage: Destroyed 0 sockets, proto=IPPROTO_TCP, family=AF_INET, states=14
06-01 22:39:39.732   688   848 D InetDiagMessage: Destroyed 0 sockets, proto=IPPROTO_TCP, family=AF_INET6, states=14
06-01 22:39:39.732   688   848 D InetDiagMessage: Destroyed live tcp sockets for uids={10144} in 3ms
06-01 22:39:41.023   688   848 D InetDiagMessage: Destroyed 0 sockets, proto=IPPROTO_TCP, family=AF_INET, states=14
06-01 22:39:41.024   688   848 D InetDiagMessage: Destroyed 0 sockets, proto=IPPROTO_TCP, family=AF_INET6, states=14
06-01 22:39:41.024   688   848 D InetDiagMessage: Destroyed live tcp sockets for uids={10169} in 1ms
06-01 22:39:41.024   688   848 D InetDiagMessage: Destroyed 0 sockets, proto=IPPROTO_TCP, family=AF_INET, states=14
06-01 22:39:41.025   688   848 D InetDiagMessage: Destroyed 0 sockets, proto=IPPROTO_TCP, family=AF_INET6, states=14
06-01 22:39:41.025   688   848 D InetDiagMessage: Destroyed live tcp sockets for uids={20169} in 1ms
06-01 22:39:42.751   688   791 D ActivityManager: freezing 2063 com.google.android.apps.wellbeing
06-01 22:39:42.754   688   848 D InetDiagMessage: Destroyed 0 sockets, proto=IPPROTO_TCP, family=AF_INET, states=14
06-01 22:39:42.755   688   848 D InetDiagMessage: Destroyed 0 sockets, proto=IPPROTO_TCP, family=AF_INET6, states=14
06-01 22:39:42.755   688   848 D InetDiagMessage: Destroyed live tcp sockets for uids={10147} in 2ms
06-01 22:39:43.356   688   791 D ActivityManager: freezing 1636 com.android.keychain
06-01 22:39:43.357   688   791 D ActivityManager: freezing 2699 com.android.dynsystem:dynsystem
06-01 22:39:43.358   688   791 D ActivityManager: freezing 2677 com.android.dynsystem
06-01 22:39:43.359   688   791 D ActivityManager: freezing 1787 com.android.localtransport
06-01 22:39:44.154  4872  4872 W dumpsys : Thread Pool max thread count is 0. Cannot cache binder as linkToDeath cannot be implemented. serviceName: package
06-01 22:39:44.325  3901  4205 I artd    : GetBestInfo: odex next to the dex file (/data/app/~~oqHPZkItOTY-JdZP8j0YvQ==/com.google.android.gms-U8kK62mhhj2hUoGXPlJDnw==/oat/x86_64/base.odex) is kOatUpToDate with filter 'speed-profile' executable 'false'
06-01 22:39:44.330  3901  4205 I artd    : GetBestInfo: odex next to the dex file (/data/app/~~oqHPZkItOTY-JdZP8j0YvQ==/com.google.android.gms-U8kK62mhhj2hUoGXPlJDnw==/oat/x86_64/split_AdsDynamite_installtime.odex) is kOatUpToDate with filter 'speed' executable 'false'
06-01 22:39:44.331  3901  4205 I artd    : GetBestInfo: odex next to the dex file (/data/app/~~oqHPZkItOTY-JdZP8j0YvQ==/com.google.android.gms-U8kK62mhhj2hUoGXPlJDnw==/oat/x86_64/split_CronetDynamite_installtime.odex) is kOatUpToDate with filter 'speed-profile' executable 'false'
06-01 22:39:44.333  3901  4205 I artd    : GetBestInfo: odex next to the dex file (/data/app/~~oqHPZkItOTY-JdZP8j0YvQ==/com.google.android.gms-U8kK62mhhj2hUoGXPlJDnw==/oat/x86_64/split_DynamiteLoader_installtime.odex) is kOatUpToDate with filter 'speed' executable 'false'
06-01 22:39:44.337  3901  4205 I artd    : GetBestInfo: odex next to the dex file (/data/app/~~oqHPZkItOTY-JdZP8j0YvQ==/com.google.android.gms-U8kK62mhhj2hUoGXPlJDnw==/oat/x86_64/split_DynamiteModulesA_installtime.odex) is kOatUpToDate with filter 'speed' executable 'false'
06-01 22:39:44.339  3901  4205 I artd    : GetBestInfo: odex next to the dex file (/data/app/~~oqHPZkItOTY-JdZP8j0YvQ==/com.google.android.gms-U8kK62mhhj2hUoGXPlJDnw==/oat/x86_64/split_DynamiteModulesC_installtime.odex) is kOatUpToDate with filter 'speed' executable 'false'
06-01 22:39:44.340  3901  4205 I artd    : GetBestInfo: odex next to the dex file (/data/app/~~oqHPZkItOTY-JdZP8j0YvQ==/com.google.android.gms-U8kK62mhhj2hUoGXPlJDnw==/oat/x86_64/split_GoogleCertificates_installtime.odex) is kOatUpToDate with filter 'speed' executable 'false'
06-01 22:39:44.342  3901  4205 I artd    : GetBestInfo: odex next to the dex file (/data/app/~~oqHPZkItOTY-JdZP8j0YvQ==/com.google.android.gms-U8kK62mhhj2hUoGXPlJDnw==/oat/x86_64/split_MapsDynamite_installtime.odex) is kOatUpToDate with filter 'speed' executable 'false'
06-01 22:39:44.344  3901  4205 I artd    : GetBestInfo: odex next to the dex file (/data/app/~~oqHPZkItOTY-JdZP8j0YvQ==/com.google.android.gms-U8kK62mhhj2hUoGXPlJDnw==/oat/x86_64/split_MeasurementDynamite_installtime.odex) is kOatUpToDate with filter 'speed' executable 'false'
06-01 22:39:44.345  3901  4205 I artd    : GetBestInfo: odex next to the dex file (/data/app/~~oqHPZkItOTY-JdZP8j0YvQ==/com.google.android.gms-U8kK62mhhj2hUoGXPlJDnw==/oat/x86_64/split_all_locale_splits.odex) is kOatUpToDate with filter 'speed' executable 'false'
06-01 22:39:44.346  3901  4205 I artd    : GetBestInfo: /data/user_de/0/com.google.android.gms/app_chimera/m/00000001/CronetDynamite.apk has no usable artifacts
06-01 22:39:44.346  3901  4205 I artd    : GetBestInfo: /data/user_de/0/com.google.android.gms/app_chimera/m/00000002/DynamiteLoader.apk has no usable artifacts
06-01 22:39:44.348  3901  4205 I artd    : GetBestInfo: /data/user_de/0/com.google.android.gms/app_chimera/m/00000015/dl-Appsearch.optional_261631100800.apk has no usable artifacts
06-01 22:39:44.351  3901  4205 I artd    : GetBestInfo: /data/user_de/0/com.google.android.gms/app_chimera/m/00000011/dl-MlkitBarcodeUi.optional_261631100800.apk has no usable artifacts
06-01 22:39:44.352  3901  4205 I artd    : GetBestInfo: /data/user_de/0/com.google.android.gms/app_chimera/m/00000005/GoogleCertificates.apk has no usable artifacts
06-01 22:39:44.353  3901  4205 I artd    : GetBestInfo: /data/user_de/0/com.google.android.gms/app_chimera/m/00000017/dl-TfliteDynamiteDynamite.integ_260580502100800.apk has no usable artifacts
06-01 22:39:44.355  3901  4205 I artd    : GetBestInfo: /data/user_de/0/com.google.android.gms/app_chimera/m/0000000d/dl-TfliteDynamiteDynamite.integ_252130102100800.apk has no usable artifacts
06-01 22:39:44.356  3901  4205 I artd    : GetBestInfo: /data/user_de/0/com.google.android.gms/app_chimera/m/00000016/dl-IdentityCredentialsPlatform.optional_261631100800.apk has no usable artifacts
06-01 22:39:44.357  3901  4205 I artd    : GetBestInfo: /data/user_de/0/com.google.android.gms/app_chimera/m/0000000a/dl-MlkitBarcodeUi.optional_250834100800.apk has no usable artifacts
06-01 22:39:44.359  3901  4205 I artd    : GetBestInfo: vdex next to the dex file (/data/user/0/com.google.android.gms/app_dg_cache/92659AEB0EFADECE4CBB22D1DF07B00702EAAC36/oat/x86_64/the.vdex) is kOatUpToDate with filter 'verify' executable 'false'
06-01 22:39:44.360  3901  4205 I artd    : GetBestInfo: /data/user_de/0/com.google.android.gms/app_chimera/m/00000014/dl-PlayCloudSearch.optional_261631100000.apk has no usable artifacts
06-01 22:39:44.362  3901  4205 I artd    : GetBestInfo: /data/user/0/com.google.android.gms/app_dg_cache/BBB8ADBA11F43674FC873CF50B06D4CFE87E958C/the.apk has no usable artifacts
06-01 22:39:44.362  3901  4205 W artd    : Could not get dex checksums for location /data/app/~~JlUJQFlc4ygp9jZhE_7qYA==/com.android.vending-cRWAZr3GHq-n4fdFyU9thA==/base.apk, fd=-1
06-01 22:39:46.019   688   791 D ActivityManager: freezing 3342 com.google.android.apps.photos
