06-02 06:33:32.146   688  1283 W MagnificationConnectionManager: requestConnection duplicated request: connect=false, mConnectionState=DISCONNECTED
06-02 06:33:32.146  1474  1863 I AiAiEcho: Predicting[0]:  [CONTEXT sampling_count=5 ]
06-02 06:33:32.146  1474  1863 I AiAiEcho: EchoTargets: 
06-02 06:33:32.146  1474  1863 I AiAiEcho: Filtered by AiAi flag check: 
06-02 06:33:32.146  1474  1863 I AiAiEcho: [CONTEXT ratelimit_period="10 SECONDS" ]
06-02 06:33:32.146  1474  1863 I AiAiEcho: #remoteViewsTwiddler: feature disabled.
06-02 06:33:32.148   688   688 W IPCThreadState: Sending oneway calls to frozen process.
06-02 06:33:32.148   688   688 W IPCThreadState: Sending oneway calls to frozen process.
06-02 06:33:32.149   688   688 W IPCThreadState: Sending oneway calls to frozen process.
06-02 06:33:32.149   688   688 W IPCThreadState: Sending oneway calls to frozen process.
06-02 06:33:32.152   688   688 W IPCThreadState: Sending oneway calls to frozen process.
06-02 06:33:32.155   688   688 W IPCThreadState: Sending oneway calls to frozen process.
06-02 06:33:32.155   688   688 W IPCThreadState: Sending oneway calls to frozen process.
06-02 06:33:32.155   688   688 W IPCThreadState: Sending oneway calls to frozen process.
06-02 06:33:32.156  1474  1863 I AiAiEcho: #postPredictionTargets: Sending updates to UISurface home with targets# 0 (types=[])
06-02 06:33:32.157  1474  1863 I AiAiEcho: Predicting[0]:  [CONTEXT sampling_count=5 ]
06-02 06:33:32.157  1474  1863 I AiAiEcho: EchoTargets: 
06-02 06:33:32.157  1474  1863 I AiAiEcho: Filtered by AiAi flag check: 
06-02 06:33:32.157  1474  1863 I AiAiEcho: [CONTEXT ratelimit_period="10 SECONDS" ]
06-02 06:33:32.157  1474  1863 I AiAiEcho: #remoteViewsTwiddler: feature disabled.
06-02 06:33:32.158  1474  1863 I AiAiEcho: #postPredictionTargets: Sending updates to UISurface lockscreen with targets# 0 (types=[])
06-02 06:33:32.157   688  1283 V AccessibilityManagerService: onUserStateChangedLocked for userId: 0, forceUpdate: false
06-02 06:33:32.167  1474  1483 I AiAiEcho: Settings changed for uri: content://settings/secure/accessibility_enabled
06-02 06:33:32.168   688  1283 W MagnificationConnectionManager: requestConnection duplicated request: connect=false, mConnectionState=DISCONNECTED
06-02 06:33:32.170  1084  1084 D SsBaseTemplateCard: No text view can be set up
06-02 06:33:32.170  1084  1084 D SsBaseTemplateCard: Passed-in item info is null
06-02 06:33:32.170  1084  1084 D SsBaseTemplateCard: Passed-in item info is null
06-02 06:33:32.170  1084  1084 D SsBaseTemplateCard: Passed-in item info is null
06-02 06:33:32.170  1084  1084 I SsBaseTemplateCard: Secondary card pane is null
06-02 06:33:32.172  1474  1863 I AiAiEcho: Predicting[0]:  [CONTEXT sampling_count=5 ]
06-02 06:33:32.172  1474  1863 I AiAiEcho: EchoTargets: 
06-02 06:33:32.172  1474  1863 I AiAiEcho: Filtered by AiAi flag check: 
06-02 06:33:32.172  1474  1863 I AiAiEcho: [CONTEXT ratelimit_period="10 SECONDS" ]
06-02 06:33:32.172  1474  1863 I AiAiEcho: #remoteViewsTwiddler: feature disabled.
06-02 06:33:32.172  1474  1863 I AiAiEcho: Predicting[0]:  [CONTEXT sampling_count=5 ]
06-02 06:33:32.172   688   688 W IPCThreadState: Sending oneway calls to frozen process.
06-02 06:33:32.173  1474  1863 I AiAiEcho: EchoTargets: 
06-02 06:33:32.173  1474  1863 I AiAiEcho: Filtered by AiAi flag check: 
06-02 06:33:32.173  1474  1863 I AiAiEcho: [CONTEXT ratelimit_period="10 SECONDS" ]
06-02 06:33:32.173  1474  1863 I AiAiEcho: #remoteViewsTwiddler: feature disabled.
06-02 06:33:32.173  1474  1863 I AiAiEcho: #postPredictionTargets: Sending updates to UISurface home with targets# 0 (types=[])
06-02 06:33:32.174  1474  1863 I AiAiEcho: #postPredictionTargets: Sending updates to UISurface lockscreen with targets# 0 (types=[])
06-02 06:33:32.175   688   688 W IPCThreadState: Sending oneway calls to frozen process.
06-02 06:33:32.175   688   688 W IPCThreadState: Sending oneway calls to frozen process.
06-02 06:33:32.175   688   688 W IPCThreadState: Sending oneway calls to frozen process.
06-02 06:33:32.180   688   688 W IPCThreadState: Sending oneway calls to frozen process.
06-02 06:33:32.180   688   688 W IPCThreadState: Sending oneway calls to frozen process.
06-02 06:33:32.181   688   688 W IPCThreadState: Sending oneway calls to frozen process.
06-02 06:33:32.183   688   688 W IPCThreadState: Sending oneway calls to frozen process.
06-02 06:33:32.188   688   688 W IPCThreadState: Sending oneway calls to frozen process.
06-02 06:33:32.189   688   688 W IPCThreadState: Sending oneway calls to frozen process.
06-02 06:33:32.189   688   688 W IPCThreadState: Sending oneway calls to frozen process.
06-02 06:33:32.189   688   688 W IPCThreadState: Sending oneway calls to frozen process.
06-02 06:33:32.189  1374  1576 D AccessibilitySourceService: enabled a11y services count 0
06-02 06:33:32.189  1374  1576 D AccessibilitySourceService: a11y source sending 0 issue to sc
06-02 06:33:32.191   948   948 W PageIndicator: Total number of pages invalid: 0. Assuming 1 page.
06-02 06:33:32.191   948   948 W PageIndicator: Total number of pages invalid: 0. Assuming 1 page.
06-02 06:33:32.194   688   688 D BatterySaverPolicy: accessibility changed to true, updating policy.
06-02 06:33:32.195   688  1745 D SafetySourceDataValidat: No cert check requested for package com.google.android.permissioncontroller
06-02 06:33:32.200  1084  1084 D SsBaseTemplateCard: No text view can be set up
06-02 06:33:32.200  1084  1084 D SsBaseTemplateCard: Passed-in item info is null
06-02 06:33:32.201  1084  1084 D SsBaseTemplateCard: Passed-in item info is null
06-02 06:33:32.201  1084  1084 D SsBaseTemplateCard: Passed-in item info is null
06-02 06:33:32.201  1084  1084 I SsBaseTemplateCard: Secondary card pane is null
06-02 06:33:32.236 20862 20862 I Choreographer: Skipped 37 frames!  The application may be doing too much work on its main thread.
06-02 06:33:32.269 20862 20894 I HWUI    : Davey! duration=798ms; Flags=0, FrameTimelineVsyncId=194840, IntendedVsync=29399151257860, Vsync=29399151257860, InputEventId=0, HandleInputStart=29399157496700, AnimationStart=29399157549500, PerformTraversalsStart=29399313237900, DrawStart=29399876103100, FrameDeadline=29399167924526, FrameStartTime=29399157479600, FrameInterval=16666666, WorkloadTarget=16666666, SyncQueued=29399921222500, SyncStart=29399921647000, IssueDrawCommandsStart=29399921920700, SwapBuffers=29399938649000, FrameCompleted=29399950227300, DequeueBufferDuration=34800, QueueBufferDuration=439900, GpuCompleted=29399950227300, SwapBuffersCompleted=29399940068600, DisplayPresentTime=0, CommandSubmissionCompleted=29399938649000, 
06-02 06:33:32.408 20862 20919 W HWUI    : Failed to choose config with EGL_SWAP_BEHAVIOR_PRESERVED, retrying without...
06-02 06:33:32.408 20862 20919 W HWUI    : Failed to initialize 101010-2 format, error = EGL_SUCCESS
06-02 06:33:32.501 20862 20897 W HWUI    : Image decoding logging dropped!
06-02 06:33:32.526 20862 20889 W HWUI    : Image decoding logging dropped!
06-02 06:33:32.556 20862 20903 W HWUI    : Image decoding logging dropped!
06-02 06:33:32.578 20862 20905 W HWUI    : Image decoding logging dropped!
06-02 06:33:32.595 20862 20903 W HWUI    : Image decoding logging dropped!
06-02 06:33:32.621 20862 20902 W HWUI    : Image decoding logging dropped!
06-02 06:33:32.700 20862 20889 W HWUI    : Image decoding logging dropped!
06-02 06:33:32.715 20862 20905 W HWUI    : Image decoding logging dropped!
06-02 06:33:32.827 20862 20896 W HWUI    : Image decoding logging dropped!
06-02 06:33:33.269 20862 20862 E io.ereader.xynk: hiddenapi: Accessing hidden method Landroid/view/accessibility/AccessibilityNodeInfo;->getSelection()Landroid/view/accessibility/AccessibilityNodeInfo$Selection; (runtime_flags=0, domain=platform, api=blocked) from /data/app/~~TYWhks8lXAhHVO9GcFJrIg==/com.aistudio.ereader.xynk-lQGRBlRTw2Wvj9nQ0Je-Ug==/base.apk!classes14.dex (domain=app) using linking: denied
06-02 06:33:33.275 20862 20862 E io.ereader.xynk: hiddenapi: Accessing hidden method Landroid/view/accessibility/AccessibilityNodeInfo;->setSelection(Landroid/view/accessibility/AccessibilityNodeInfo$Selection;)V (runtime_flags=0, domain=platform, api=blocked) from /data/app/~~TYWhks8lXAhHVO9GcFJrIg==/com.aistudio.ereader.xynk-lQGRBlRTw2Wvj9nQ0Je-Ug==/base.apk!classes14.dex (domain=app) using linking: denied
06-02 06:33:33.275 20862 20862 E io.ereader.xynk: hiddenapi: Accessing hidden method Landroid/view/accessibility/AccessibilityNodeInfo;->setSelection(Landroid/view/accessibility/AccessibilityNodeInfo$Selection;)V (runtime_flags=0, domain=platform, api=blocked) from /data/app/~~TYWhks8lXAhHVO9GcFJrIg==/com.aistudio.ereader.xynk-lQGRBlRTw2Wvj9nQ0Je-Ug==/base.apk!classes14.dex (domain=app) using linking: denied
06-02 06:33:33.667 20899 20899 W AccessibilityNodeInfoDumper: Fetch time: 393ms
06-02 06:33:33.672   688  1762 V AccessibilityManagerService: onUserStateChangedLocked for userId: 0, forceUpdate: false
06-02 06:33:33.673  1474  1483 I AiAiEcho: Settings changed for uri: content://settings/secure/accessibility_enabled
06-02 06:33:33.674   688  1762 W MagnificationConnectionManager: requestConnection duplicated request: connect=false, mConnectionState=DISCONNECTED
06-02 06:33:33.674   688  1762 D AccessibilityManagerService: restoreCurrentUserForTestAutomationIfNeededLocked(): ignoring because device doesn't support visible background users
06-02 06:33:33.674  1474  1863 I AiAiEcho: Predicting[0]:  [CONTEXT sampling_count=5 ]
06-02 06:33:33.674  1474  1863 I AiAiEcho: EchoTargets: 
06-02 06:33:33.674  1474  1863 I AiAiEcho: Filtered by AiAi flag check: 
06-02 06:33:33.674  1474  1863 I AiAiEcho: [CONTEXT ratelimit_period="10 SECONDS" ]
06-02 06:33:33.675  1474  1863 I AiAiEcho: #remoteViewsTwiddler: feature disabled.
06-02 06:33:33.675   688   688 W IPCThreadState: Sending oneway calls to frozen process.
06-02 06:33:33.675  1474  1863 I AiAiEcho: Predicting[0]:  [CONTEXT sampling_count=5 ]
06-02 06:33:33.675  1474  1863 I AiAiEcho: EchoTargets: 
06-02 06:33:33.675  1474  1863 I AiAiEcho: Filtered by AiAi flag check: 
06-02 06:33:33.675  1474  1863 I AiAiEcho: [CONTEXT ratelimit_period="10 SECONDS" ]
06-02 06:33:33.675   688   688 W IPCThreadState: Sending oneway calls to frozen process.
06-02 06:33:33.676  1474  1863 I AiAiEcho: #remoteViewsTwiddler: feature disabled.
06-02 06:33:33.676   688   688 W IPCThreadState: Sending oneway calls to frozen process.
06-02 06:33:33.676  1474  1863 I AiAiEcho: #postPredictionTargets: Sending updates to UISurface home with targets# 0 (types=[])
06-02 06:33:33.676   688   688 W IPCThreadState: Sending oneway calls to frozen process.
06-02 06:33:33.677  1474  1863 I AiAiEcho: #postPredictionTargets: Sending updates to UISurface lockscreen with targets# 0 (types=[])
06-02 06:33:33.677 20899 20914 W IPCThreadState: call to talkWithDriver in joinThreadPool returned error: -9 (Bad file descriptor), FD: -1
06-02 06:33:33.677 20899 20920 W IPCThreadState: call to talkWithDriver in joinThreadPool returned error: -9 (Bad file descriptor), FD: -1
06-02 06:33:33.677 20899 20899 D AndroidRuntime: Shutting down VM
06-02 06:33:33.678   948   948 W PageIndicator: Total number of pages invalid: 0. Assuming 1 page.
06-02 06:33:33.678 20899 20913 W IPCThreadState: call to talkWithDriver in joinThreadPool returned error: -9 (Bad file descriptor), FD: -1
06-02 06:33:33.678  1084  1084 D SsBaseTemplateCard: No text view can be set up
06-02 06:33:33.678  1084  1084 D SsBaseTemplateCard: Passed-in item info is null
06-02 06:33:33.678  1084  1084 D SsBaseTemplateCard: Passed-in item info is null
06-02 06:33:33.678  1084  1084 D SsBaseTemplateCard: Passed-in item info is null
06-02 06:33:33.678  1084  1084 I SsBaseTemplateCard: Secondary card pane is null
06-02 06:33:33.684   688   688 W IPCThreadState: Sending oneway calls to frozen process.
06-02 06:33:33.684   688   688 W IPCThreadState: Sending oneway calls to frozen process.
06-02 06:33:33.684   688   688 W IPCThreadState: Sending oneway calls to frozen process.
06-02 06:33:33.684   688   688 W IPCThreadState: Sending oneway calls to frozen process.
06-02 06:33:33.691   688   688 W IPCThreadState: Sending oneway calls to frozen process.
06-02 06:33:33.691   688   688 W IPCThreadState: Sending oneway calls to frozen process.
06-02 06:33:33.691   688   688 W IPCThreadState: Sending oneway calls to frozen process.
06-02 06:33:33.691   688   688 W IPCThreadState: Sending oneway calls to frozen process.
06-02 06:33:33.693   688   688 D BatterySaverPolicy: accessibility changed to false, updating policy.
06-02 06:33:34.247 20921 20921 W dumpsys : Thread Pool max thread count is 0. Cannot cache binder as linkToDeath cannot be implemented. serviceName: package
06-02 06:33:34.401 20862 20924 D ProfileInstaller: Installing profile for com.aistudio.ereader.xynk
06-02 06:33:34.627  3901  3903 I artd    : GetBestInfo: odex next to the dex file (/data/app/~~oqHPZkItOTY-JdZP8j0YvQ==/com.google.android.gms-U8kK62mhhj2hUoGXPlJDnw==/oat/x86_64/base.odex) is kOatUpToDate with filter 'speed-profile' executable 'false'
06-02 06:33:34.636  3901  3903 I artd    : GetBestInfo: odex next to the dex file (/data/app/~~oqHPZkItOTY-JdZP8j0YvQ==/com.google.android.gms-U8kK62mhhj2hUoGXPlJDnw==/oat/x86_64/split_AdsDynamite_installtime.odex) is kOatUpToDate with filter 'speed' executable 'false'
06-02 06:33:34.638  3901  3903 I artd    : GetBestInfo: odex next to the dex file (/data/app/~~oqHPZkItOTY-JdZP8j0YvQ==/com.google.android.gms-U8kK62mhhj2hUoGXPlJDnw==/oat/x86_64/split_CronetDynamite_installtime.odex) is kOatUpToDate with filter 'speed-profile' executable 'false'
06-02 06:33:34.642  3901  3903 I artd    : GetBestInfo: odex next to the dex file (/data/app/~~oqHPZkItOTY-JdZP8j0YvQ==/com.google.android.gms-U8kK62mhhj2hUoGXPlJDnw==/oat/x86_64/split_DynamiteLoader_installtime.odex) is kOatUpToDate with filter 'speed' executable 'false'
06-02 06:33:34.649  3901  3903 I artd    : GetBestInfo: odex next to the dex file (/data/app/~~oqHPZkItOTY-JdZP8j0YvQ==/com.google.android.gms-U8kK62mhhj2hUoGXPlJDnw==/oat/x86_64/split_DynamiteModulesA_installtime.odex) is kOatUpToDate with filter 'speed' executable 'false'
06-02 06:33:34.656  3901  3903 I artd    : GetBestInfo: odex next to the dex file (/data/app/~~oqHPZkItOTY-JdZP8j0YvQ==/com.google.android.gms-U8kK62mhhj2hUoGXPlJDnw==/oat/x86_64/split_DynamiteModulesC_installtime.odex) is kOatUpToDate with filter 'speed' executable 'false'
06-02 06:33:34.658  3901  3903 I artd    : GetBestInfo: odex next to the dex file (/data/app/~~oqHPZkItOTY-JdZP8j0YvQ==/com.google.android.gms-U8kK62mhhj2hUoGXPlJDnw==/oat/x86_64/split_GoogleCertificates_installtime.odex) is kOatUpToDate with filter 'speed' executable 'false'
06-02 06:33:34.660  3901  3902 I artd    : GetBestInfo: odex next to the dex file (/data/app/~~oqHPZkItOTY-JdZP8j0YvQ==/com.google.android.gms-U8kK62mhhj2hUoGXPlJDnw==/oat/x86_64/split_MapsDynamite_installtime.odex) is kOatUpToDate with filter 'speed' executable 'false'
06-02 06:33:34.662  3901  3902 I artd    : GetBestInfo: odex next to the dex file (/data/app/~~oqHPZkItOTY-JdZP8j0YvQ==/com.google.android.gms-U8kK62mhhj2hUoGXPlJDnw==/oat/x86_64/split_MeasurementDynamite_installtime.odex) is kOatUpToDate with filter 'speed' executable 'false'
06-02 06:33:34.665  3901  3902 I artd    : GetBestInfo: odex next to the dex file (/data/app/~~oqHPZkItOTY-JdZP8j0YvQ==/com.google.android.gms-U8kK62mhhj2hUoGXPlJDnw==/oat/x86_64/split_all_locale_splits.odex) is kOatUpToDate with filter 'speed' executable 'false'
06-02 06:33:34.665  3901  3902 I artd    : GetBestInfo: /data/user_de/0/com.google.android.gms/app_chimera/m/00000001/CronetDynamite.apk has no usable artifacts
06-02 06:33:34.666  3901  3902 I artd    : GetBestInfo: /data/user_de/0/com.google.android.gms/app_chimera/m/00000002/DynamiteLoader.apk has no usable artifacts
06-02 06:33:34.668  3901  3902 I artd    : GetBestInfo: /data/user_de/0/com.google.android.gms/app_chimera/m/00000015/dl-Appsearch.optional_261631100800.apk has no usable artifacts
06-02 06:33:34.670  3901  3902 I artd    : GetBestInfo: /data/user_de/0/com.google.android.gms/app_chimera/m/00000011/dl-MlkitBarcodeUi.optional_261631100800.apk has no usable artifacts
06-02 06:33:34.673  3901  3902 I artd    : GetBestInfo: /data/user_de/0/com.google.android.gms/app_chimera/m/00000005/GoogleCertificates.apk has no usable artifacts
06-02 06:33:34.675  3901  3903 I artd    : GetBestInfo: /data/user_de/0/com.google.android.gms/app_chimera/m/00000017/dl-TfliteDynamiteDynamite.integ_260580502100800.apk has no usable artifacts
06-02 06:33:34.677  3901  3903 I artd    : GetBestInfo: /data/user_de/0/com.google.android.gms/app_chimera/m/0000000d/dl-TfliteDynamiteDynamite.integ_252130102100800.apk has no usable artifacts
06-02 06:33:34.678  3901  3902 I artd    : GetBestInfo: /data/user_de/0/com.google.android.gms/app_chimera/m/00000016/dl-IdentityCredentialsPlatform.optional_261631100800.apk has no usable artifacts
06-02 06:33:34.681  3901  3902 I artd    : GetBestInfo: /data/user_de/0/com.google.android.gms/app_chimera/m/0000000a/dl-MlkitBarcodeUi.optional_250834100800.apk has no usable artifacts
06-02 06:33:34.683  3901  3902 I artd    : GetBestInfo: vdex next to the dex file (/data/user/0/com.google.android.gms/app_dg_cache/92659AEB0EFADECE4CBB22D1DF07B00702EAAC36/oat/x86_64/the.vdex) is kOatUpToDate with filter 'verify' executable 'false'
06-02 06:33:34.685  3901  3902 I artd    : GetBestInfo: /data/user_de/0/com.google.android.gms/app_chimera/m/00000014/dl-PlayCloudSearch.optional_261631100000.apk has no usable artifacts
06-02 06:33:34.690  3901  3902 I artd    : GetBestInfo: /data/user/0/com.google.android.gms/app_dg_cache/BBB8ADBA11F43674FC873CF50B06D4CFE87E958C/the.apk has no usable artifacts
06-02 06:33:34.690  3901  3902 W artd    : Could not get dex checksums for location /data/app/~~JlUJQFlc4ygp9jZhE_7qYA==/com.android.vending-cRWAZr3GHq-n4fdFyU9thA==/base.apk, fd=-1
06-02 06:33:34.831   688  2449 D CoreBackPreview: Window{243a374 u0 com.aistudio.ereader.xynk/com.example.MainActivity}: Setting back callback OnBackInvokedCallbackInfo{mCallback=android.window.IOnBackInvokedCallback$Stub$Proxy@7e0d09b, mPriority=0, mIsAnimationCallback=true, mOverrideBehavior=0}
06-02 06:33:34.848   948  1081 E FrameTracker: force finish cuj, time out: J<SPLASHSCREEN_EXIT_ANIM>
06-02 06:33:34.848   948  1081 W FrameTracker: Missed App frame:UNKNOWN: 3, 193144, 34619574, CUJ=J<SPLASHSCREEN_EXIT_ANIM>
06-02 06:33:34.848   948  1081 W FrameTracker: Missed SF frame:UNKNOWN: 3, 193144, 34619574, CUJ=J<SPLASHSCREEN_EXIT_ANIM>
06-02 06:33:34.848   948  1081 W FrameTracker: Missed SF frame:JANK_COMPOSER, 193152, 42457608, CUJ=J<SPLASHSCREEN_EXIT_ANIM>
06-02 06:33:34.848   948  1081 W FrameTracker: Missed SF frame:JANK_COMPOSER, 193167, 61215342, CUJ=J<SPLASHSCREEN_EXIT_ANIM>
06-02 06:33:34.848   948  1081 W FrameTracker: Missed SF frame:JANK_COMPOSER, 193183, 66140610, CUJ=J<SPLASHSCREEN_EXIT_ANIM>
06-02 06:33:34.848   948  1081 W FrameTracker: Missed SF frame:JANK_COMPOSER, 193191, 73345544, CUJ=J<SPLASHSCREEN_EXIT_ANIM>
06-02 06:33:34.848   948  1081 W FrameTracker: Missed App frame:UNKNOWN: 3, 193207, 60931212, CUJ=J<SPLASHSCREEN_EXIT_ANIM>
06-02 06:33:34.849   948  1081 W FrameTracker: Missed SF frame:UNKNOWN: 3, 193207, 60931212, CUJ=J<SPLASHSCREEN_EXIT_ANIM>
06-02 06:33:34.849   948  1081 W FrameTracker: Missed SF frame:JANK_COMPOSER, 193222, 72829346, CUJ=J<SPLASHSCREEN_EXIT_ANIM>
06-02 06:33:34.849   948  1081 W FrameTracker: Missed App frame:JANK_APPLICATION, 193231, 69034914, CUJ=J<SPLASHSCREEN_EXIT_ANIM>
06-02 06:33:34.849   948  1081 W FrameTracker: Missed App frame:JANK_APPLICATION, 193239, 87036348, CUJ=J<SPLASHSCREEN_EXIT_ANIM>
06-02 06:33:34.849   948  1081 W FrameTracker: Missed App frame:UNKNOWN: 3, 193271, 34059018, CUJ=J<SPLASHSCREEN_EXIT_ANIM>
06-02 06:33:34.849   948  1081 W FrameTracker: Missed SF frame:UNKNOWN: 3, 193271, 34059018, CUJ=J<SPLASHSCREEN_EXIT_ANIM>
06-02 06:33:34.849   948  1081 W FrameTracker: Missed App frame:UNKNOWN: 3, 193278, 74712652, CUJ=J<SPLASHSCREEN_EXIT_ANIM>
06-02 06:33:34.849   948  1081 W FrameTracker: Missed SF frame:UNKNOWN: 3, 193278, 74712652, CUJ=J<SPLASHSCREEN_EXIT_ANIM>
06-02 06:33:34.849   948  1081 W FrameTracker: Missed App frame:UNKNOWN: 3, 193292, 98477386, CUJ=J<SPLASHSCREEN_EXIT_ANIM>
06-02 06:33:34.849   948  1081 W FrameTracker: Missed SF frame:UNKNOWN: 3, 193292, 98477386, CUJ=J<SPLASHSCREEN_EXIT_ANIM>
06-02 06:33:35.159  1600  1600 D BoundBrokerSvc: onUnbind: Intent { act=com.google.android.gms.feedback.internal.IFeedbackService dat=chimera-action:/... xflg=0x4 cmp=com.google.android.gms/.chimera.GmsBoundBrokerService }
06-02 06:33:35.456 20862 20862 I io.ereader.xynk: AssetManager2(0x7bbe42434078) locale list changing from [] to [en-US]
06-02 06:33:35.457 20862 20862 I WebViewFactory: Loading com.google.android.webview version 147.0.7727.137 (code 772713708)
06-02 06:33:35.458 20862 20862 I io.ereader.xynk: AssetManager2(0x7bbe42432138) locale list changing from [] to [en-US]
06-02 06:33:35.459 20862 20862 I io.ereader.xynk: AssetManager2(0x7bbe42433d58) locale list changing from [] to [en-US]
06-02 06:33:35.461 20862 20862 I io.ereader.xynk: AssetManager2(0x7bbe42436c38) locale list changing from [] to [en-US]
06-02 06:33:35.461 20862 20862 V ResourcesManager: The following library key has been added: ResourcesKey{ mHash=fa01365f mResDir=null mSplitDirs=[] mOverlayDirs=[] mLibDirs=[/data/app/~~1P9wJuBgTxxZY7A6qLx1pw==/com.google.android.webview-PYsmLd4-zCiT-7ido0aQwg==/base.apk,/system/framework/android.test.base.jar,/system_ext/framework/androidx.window.extensions.jar] mDisplayId=0 mOverrideConfig=v36 mCompatInfo={420dpi always-compat} mLoaders=[]}
06-02 06:33:35.466 20862 20862 D ApplicationLoaders: Returning zygote-cached class loader: /system/framework/android.test.base.jar
06-02 06:33:35.466 20862 20862 D ApplicationLoaders: Returning zygote-cached class loader: /system_ext/framework/androidx.window.extensions.jar
06-02 06:33:35.471 20862 20862 W io.ereader.xynk: Loading /data/app/~~1P9wJuBgTxxZY7A6qLx1pw==/com.google.android.webview-PYsmLd4-zCiT-7ido0aQwg==/oat/x86_64/base.odex non-executable as it requires an image which we failed to load
06-02 06:33:35.482 20862 20862 D nativeloader: Configuring clns-10 for other apk /data/app/~~1P9wJuBgTxxZY7A6qLx1pw==/com.google.android.webview-PYsmLd4-zCiT-7ido0aQwg==/base.apk. target_sdk_version=36, uses_libraries=, library_path=/data/app/~~1P9wJuBgTxxZY7A6qLx1pw==/com.google.android.webview-PYsmLd4-zCiT-7ido0aQwg==/lib/x86_64:/data/app/~~1P9wJuBgTxxZY7A6qLx1pw==/com.google.android.webview-PYsmLd4-zCiT-7ido0aQwg==/base.apk!/lib/x86_64, permitted_path=/data:/mnt/expand
06-02 06:33:35.551 20862 20862 I cr_WVCFactoryProvider: version=147.0.7727.137 (772713708) minSdkVersion=29 multiprocess=true packageId=2 splits=<none>
06-02 06:33:35.601 20932 20932 D AndroidRuntime: >>>>>> START com.android.internal.os.RuntimeInit uid 2000 <<<<<<
06-02 06:33:35.612 20932 20932 I AndroidRuntime: Using default boot image
06-02 06:33:35.612 20932 20932 I AndroidRuntime: Leaving lock profiling enabled
06-02 06:33:35.614 20862 20862 D nativeloader: Load /data/app/~~1P9wJuBgTxxZY7A6qLx1pw==/com.google.android.webview-PYsmLd4-zCiT-7ido0aQwg==/base.apk!/lib/x86_64/libwebviewchromium.so using class loader ns clns-10 (caller=/data/app/~~1P9wJuBgTxxZY7A6qLx1pw==/com.google.android.webview-PYsmLd4-zCiT-7ido0aQwg==/base.apk): ok
06-02 06:33:35.619 20932 20932 I app_process: Using CollectorTypeCMC GC.
06-02 06:33:35.625 20862 20862 D nativeloader: Load /system/lib64/libwebviewchromium_plat_support.so using class loader ns clns-10 (caller=/data/app/~~1P9wJuBgTxxZY7A6qLx1pw==/com.google.android.webview-PYsmLd4-zCiT-7ido0aQwg==/base.apk): ok
06-02 06:33:35.630 20862 20936 I chromium: [0602/063335.628943:INFO:android_webview/browser/variations/variations_seed_loader.cc:67] Failed to open file for reading.: No such file or directory (2)
06-02 06:33:35.691 20862 20862 I cr_LibraryLoader: Successfully loaded native library
06-02 06:33:35.693 20862 20862 I cr_CachingUmaRecorder: Flushed 18 samples from 18 histograms, 0 samples were dropped.
06-02 06:33:35.710 20862 20862 I Choreographer: Skipped 50 frames!  The application may be doing too much work on its main thread.
06-02 06:33:35.789 20932 20932 D nativeloader: InitDefaultPublicLibraries for_preload=1: libandroid.so:libaaudio.so:libamidi.so:libbinder_ndk.so:libc.so:libcamera2ndk.so:libdl.so:libEGL.so:libGLESv1_CM.so:libGLESv2.so:libGLESv3.so:libicu.so:libicui18n.so:libicuuc.so:libjnigraphics.so:liblog.so:libmediandk.so:libm.so:libnativehelper.so:libnativewindow.so:libOpenMAXAL.so:libOpenSLES.so:libRS.so:libstdc++.so:libsync.so:libvulkan.so:libwebviewchromium_plat_support.so:libz.so
06-02 06:33:35.813 20932 20932 D nativeloader: Load libicu_jni.so using APEX ns com_android_art for caller /apex/com.android.art/javalib/core-oj.jar: ok
06-02 06:33:35.813 20932 20932 D app_process: u_setTimeZoneFilesDirectory("/apex/com.android.tzdata/etc/tz/versioned/9/icu") succeeded. 
06-02 06:33:35.813 20932 20932 D app_process: I18n APEX ICU file found: /apex/com.android.i18n/etc/icu/icudt76l.dat
06-02 06:33:35.816 20932 20932 D nativeloader: Load libjavacore.so using APEX ns com_android_art for caller /apex/com.android.art/javalib/core-oj.jar: ok
06-02 06:33:35.818 20932 20932 D nativeloader: Load libopenjdk.so using APEX ns com_android_art for caller /apex/com.android.art/javalib/core-oj.jar: ok
06-02 06:33:35.821 20932 20932 W app_process: Unexpected CPU variant for x86: x86_64.
06-02 06:33:35.821 20932 20932 W app_process: Known variants: atom, sandybridge, silvermont, goldmont, goldmont-plus, goldmont-without-sha-xsaves, tremont, kabylake, alderlake, default
06-02 06:33:35.825 20932 20932 W app_process: ClassLoaderContext shared library size mismatch. Expected=2, found=0 (PCL[]{PCL[/system/framework/android.test.base.jar*2789897741]#PCL[/system/framework/android.test.mock.jar*3361312393]} | PCL[])
06-02 06:33:35.827 20932 20932 W app_process: ClassLoaderContext classpath size mismatch. expected=0, found=1 (PCL[]{PCL[/system/framework/android.test.runner.jar*895143020]#PCL[/system/framework/android.test.base.jar*2789897741]} | PCL[/system/framework/android.test.runner.jar*895143020])
06-02 06:33:35.875 20932 20932 D nativeloader: Load libframework-connectivity-tiramisu-jni.so using APEX ns com_android_tethering for caller /apex/com.android.tethering/javalib/framework-connectivity-t.jar: ok
06-02 06:33:35.875 20932 20932 D AndroidRuntime: Calling main entry com.android.commands.uiautomator.Launcher
06-02 06:33:35.882 20932 20932 I AconfigPackage: android.media.swcodec.flags is mapped to com.android.media.swcodec
06-02 06:33:35.883 20932 20932 I AconfigPackage: com.google.android.settings.simplemode.flags is mapped to system_ext
06-02 06:33:35.883 20932 20932 I AconfigPackage: com.google.android.systemui is mapped to system_ext
06-02 06:33:35.883 20932 20932 I AconfigPackage: com.google.android.apps.nexuslauncher is mapped to system_ext
06-02 06:33:35.883 20932 20932 I AconfigPackage: com.android.settings.accessibility is mapped to system_ext
06-02 06:33:35.883 20932 20932 I AconfigPackage: com.android.settings.flags is mapped to system_ext
06-02 06:33:35.883 20932 20932 I AconfigPackage: com.google.android.apps.miphone.aiai.matchmaker.overview.ui is mapped to system_ext
06-02 06:33:35.883 20932 20932 I AconfigPackage: com.google.android.settings.flags is mapped to system_ext
06-02 06:33:35.883 20932 20932 I AconfigPackage: com.android.launcher3 is mapped to system_ext
06-02 06:33:35.883 20932 20932 I AconfigPackage: com.android.wallpaper is mapped to system_ext
06-02 06:33:35.883 20932 20932 I AconfigPackage: com.android.settings.media_drm is mapped to system_ext
06-02 06:33:35.883 20932 20932 I AconfigPackage: com.android.systemui.accessibility.accessibilitymenu is mapped to system_ext
06-02 06:33:35.883 20932 20932 I AconfigPackage: com.android.settings.keyboard is mapped to system_ext
06-02 06:33:35.883 20932 20932 I AconfigPackage: com.android.server.policy.feature.flags is mapped to system_ext
06-02 06:33:35.884 20932 20932 I AconfigPackage: com.android.settings.factory_reset is mapped to system_ext
06-02 06:33:35.884 20932 20932 I AconfigPackage: com.google.android.haptics.flags is mapped to system_ext
06-02 06:33:35.886 20932 20932 I AconfigPackage: com.android.permission.flags is mapped to com.android.permission
06-02 06:33:35.887 20932 20932 I AconfigPackage: com.android.icu is mapped to com.android.i18n
06-02 06:33:35.887 20932 20932 I AconfigPackage: com.android.appsearch.flags is mapped to com.android.appsearch
06-02 06:33:35.887 20932 20932 I AconfigPackage: android.uprobestats.mainline.flags is mapped to com.android.uprobestats
06-02 06:33:35.887 20932 20932 I AconfigPackage: android.provider.flags is mapped to com.android.configinfrastructure
06-02 06:33:35.887 20932 20932 I AconfigPackage: com.android.server.deviceconfig is mapped to com.android.configinfrastructure
06-02 06:33:35.887 20932 20932 I AconfigPackage: com.android.nfc.flags is mapped to system
06-02 06:33:35.888 20932 20932 I AconfigPackage: android.app.admin.flags is mapped to system
06-02 06:33:35.888 20932 20932 I AconfigPackage: android.database.sqlite is mapped to system
06-02 06:33:35.888 20932 20932 I AconfigPackage: com.android.providers.calendar is mapped to system
06-02 06:33:35.888 20932 20932 I AconfigPackage: com.android.server.power.feature.flags is mapped to system
06-02 06:33:35.888 20932 20932 I AconfigPackage: com.android.media.performance.flags is mapped to system
06-02 06:33:35.888 20932 20932 I AconfigPackage: android.app.contextualsearch.flags is mapped to system
06-02 06:33:35.888 20932 20932 I AconfigPackage: android.app.ondeviceintelligence.flags is mapped to system
06-02 06:33:35.888 20932 20932 I AconfigPackage: com.android.media.projection.flags is mapped to system
06-02 06:33:35.888 20932 20932 I AconfigPackage: android.companion is mapped to system
06-02 06:33:35.888 20932 20932 I AconfigPackage: android.service.controls.flags is mapped to system
06-02 06:33:35.888 20932 20932 I AconfigPackage: com.android.text.flags is mapped to system
06-02 06:33:35.888 20932 20932 I AconfigPackage: com.android.providers.contactkeys.flags is mapped to system
06-02 06:33:35.888 20932 20932 I AconfigPackage: com.android.intentresolver is mapped to system
06-02 06:33:35.888 20932 20932 I AconfigPackage: android.companion.virtualdevice.flags is mapped to system
06-02 06:33:35.888 20932 20932 I AconfigPackage: android.uprobestats.flags is mapped to system
06-02 06:33:35.888 20932 20932 I AconfigPackage: com.android.net.thread.platform.flags is mapped to system
06-02 06:33:35.888 20932 20932 I AconfigPackage: android.view.contentprotection.flags is mapped to system
06-02 06:33:35.888 20932 20932 I AconfigPackage: com.android.server.dreams is mapped to system
06-02 06:33:35.888 20932 20932 I AconfigPackage: com.android.graphics.surfaceflinger.flags is mapped to system
06-02 06:33:35.888 20932 20932 I AconfigPackage: com.android.hardware.input is mapped to system
06-02 06:33:35.888 20932 20932 I AconfigPackage: android.sdk is mapped to system
06-02 06:33:35.888 20932 20932 I AconfigPackage: com.android.input.flags is mapped to system
06-02 06:33:35.888 20932 20932 I AconfigPackage: android.tracing is mapped to system
06-02 06:33:35.888 20932 20932 I AconfigPackage: com.android.server.biometrics is mapped to system
06-02 06:33:35.889 20932 20932 I AconfigPackage: android.view.contentcapture.flags is mapped to system
06-02 06:33:35.889 20932 20932 I AconfigPackage: android.app.job is mapped to system
06-02 06:33:35.889 20932 20932 I AconfigPackage: android.content.res is mapped to system
06-02 06:33:35.889 20932 20932 I AconfigPackage: android.net.platform.flags is mapped to system
06-02 06:33:35.889 20932 20932 I AconfigPackage: com.android.aconfig.flags is mapped to system
06-02 06:33:35.889 20932 20932 I AconfigPackage: com.android.graphics.flags is mapped to system
06-02 06:33:35.889 20932 20932 I AconfigPackage: android.server.app is mapped to system
06-02 06:33:35.889 20932 20932 I AconfigPackage: android.speech.flags is mapped to system
06-02 06:33:35.889 20932 20932 I AconfigPackage: com.android.server.stats is mapped to system
06-02 06:33:35.889 20932 20932 I AconfigPackage: android.hardware.biometrics is mapped to system
06-02 06:33:35.889 20932 20932 I AconfigPackage: android.car.feature is mapped to system
06-02 06:33:35.889 20932 20932 I AconfigPackage: android.adpf is mapped to system
06-02 06:33:35.889 20932 20932 I AconfigPackage: android.location.flags is mapped to system
06-02 06:33:35.889 20932 20932 I AconfigPackage: com.android.settingslib.flags is mapped to system
06-02 06:33:35.889 20932 20932 I AconfigPackage: com.android.managedprovisioning.flags is mapped to system
06-02 06:33:35.889 20932 20932 I AconfigPackage: android.app.assist.flags is mapped to system
06-02 06:33:35.889 20932 20932 I AconfigPackage: com.android.server.net is mapped to system
06-02 06:33:35.889 20932 20932 I AconfigPackage: com.android.settingslib.widget.flags is mapped to system
06-02 06:33:35.889 20932 20932 I AconfigPackage: com.android.internal.camera.flags is mapped to system
06-02 06:33:35.889 20932 20932 I AconfigPackage: com.android.hardware.libsensor.flags is mapped to system
06-02 06:33:35.889 20932 20932 I AconfigPackage: com.android.internal.jank is mapped to system
06-02 06:33:35.889 20932 20932 I AconfigPackage: com.android.providers.settings is mapped to system
06-02 06:33:35.889 20932 20932 I AconfigPackage: android.multiuser is mapped to system
06-02 06:33:35.889 20932 20932 I AconfigPackage: com.android.server.power.optimization is mapped to system
06-02 06:33:35.889 20932 20932 I AconfigPackage: com.android.calllogbackup is mapped to system
06-02 06:33:35.889 20932 20932 I AconfigPackage: com.android.media.flags is mapped to system
06-02 06:33:35.889 20932 20932 I AconfigPackage: com.android.server.flags is mapped to system
06-02 06:33:35.889 20932 20932 I AconfigPackage: com.android.graphics.libvulkan.flags is mapped to system
06-02 06:33:35.889 20932 20932 I AconfigPackage: android.app.appfunctions.flags is mapped to system
06-02 06:33:35.889 20932 20932 I AconfigPackage: android.app.smartspace.flags is mapped to system
06-02 06:33:35.890 20932 20932 I AconfigPackage: com.android.providers.contacts.flags is mapped to system
06-02 06:33:35.890 20932 20932 I AconfigPackage: com.android.shell.flags is mapped to system
06-02 06:33:35.890 20932 20932 I AconfigPackage: com.android.media.aaudio is mapped to system
06-02 06:33:35.890 20932 20932 I AconfigPackage: android.hardware.radio is mapped to system
06-02 06:33:35.890 20932 20932 I AconfigPackage: com.google.wear.services.infra.flags is mapped to system
06-02 06:33:35.890 20932 20932 I AconfigPackage: suspend_service.flags is mapped to system
06-02 06:33:35.890 20932 20932 I AconfigPackage: android.media.midi is mapped to system
06-02 06:33:35.890 20932 20932 I AconfigPackage: com.android.libcore.readonly is mapped to system
06-02 06:33:35.890 20932 20932 I AconfigPackage: com.android.settingslib.widget.selectorwithwidgetpreference.flags is mapped to system
06-02 06:33:35.890 20932 20932 I AconfigPackage: android.service.notification is mapped to system
06-02 06:33:35.890 20932 20932 I AconfigPackage: com.android.systemui.shared is mapped to system
06-02 06:33:35.890 20932 20932 I AconfigPackage: android.app.jank is mapped to system
06-02 06:33:35.890 20932 20932 I AconfigPackage: android.app.wearable is mapped to system
06-02 06:33:35.890 20932 20932 I AconfigPackage: com.android.media.audio is mapped to system
06-02 06:33:35.891 20932 20932 I AconfigPackage: android.service.chooser is mapped to system
06-02 06:33:35.891 20932 20932 I AconfigPackage: com.android.server.compat is mapped to system
06-02 06:33:35.891 20932 20932 I AconfigPackage: com.android.server.alarm is mapped to system
06-02 06:33:35.891 20932 20932 I AconfigPackage: com.android.apex.flags is mapped to system
06-02 06:33:35.891 20932 20932 I AconfigPackage: android.service.quickaccesswallet is mapped to system
06-02 06:33:35.891 20932 20932 I AconfigPackage: android.app.usage is mapped to system
06-02 06:33:35.891 20932 20932 I AconfigPackage: com.android.server.accessibility is mapped to system
06-02 06:33:35.891 20932 20932 I AconfigPackage: android.app.supervision.flags is mapped to system
06-02 06:33:35.891 20932 20932 I AconfigPackage: com.android.server.utils is mapped to system
06-02 06:33:35.891 20932 20932 I AconfigPackage: android.chre.flags is mapped to system
06-02 06:33:35.891 20932 20932 I AconfigPackage: android.content.flags is mapped to system
06-02 06:33:35.891 20932 20932 I AconfigPackage: android.media.codec is mapped to system
06-02 06:33:35.891 20932 20932 I AconfigPackage: com.android.internal.os is mapped to system
06-02 06:33:35.891 20932 20932 I AconfigPackage: com.android.nfc.nci.flags is mapped to system
06-02 06:33:35.891 20932 20932 I AconfigPackage: android.app is mapped to system
06-02 06:33:35.891 20932 20932 I AconfigPackage: android.security.keystore2 is mapped to system
06-02 06:33:35.891 20932 20932 I AconfigPackage: android.crashrecovery.flags is mapped to system
06-02 06:33:35.891 20932 20932 I AconfigPackage: com.android.tradeinmode.flags is mapped to system
06-02 06:33:35.891 20932 20932 I AconfigPackage: android.hardware.flags is mapped to system
06-02 06:33:35.891 20932 20932 I AconfigPackage: com.android.server.telecom.flags is mapped to system
06-02 06:33:35.891 20932 20932 I AconfigPackage: com.android.settingslib.media.flags is mapped to system
06-02 06:33:35.891 20932 20932 I AconfigPackage: com.android.server.policy is mapped to system
06-02 06:33:35.891 20932 20932 I AconfigPackage: android.media.audiopolicy is mapped to system
06-02 06:33:35.891 20932 20932 I AconfigPackage: com.android.egg.flags is mapped to system
06-02 06:33:35.891 20932 20932 I AconfigPackage: com.android.internal.compat.flags is mapped to system
06-02 06:33:35.892 20932 20932 I AconfigPackage: android.security is mapped to system
06-02 06:33:35.892 20932 20932 I AconfigPackage: android.service.autofill is mapped to system
06-02 06:33:35.892 20932 20932 I AconfigPackage: com.example.android.aconfig.demo.flags is mapped to system
06-02 06:33:35.892 20932 20932 I AconfigPackage: android.view.flags is mapped to system
06-02 06:33:35.892 20932 20932 I AconfigPackage: android.companion.virtual.flags is mapped to system
06-02 06:33:35.892 20932 20932 I AconfigPackage: com.android.aconfig_new_storage is mapped to system
06-02 06:33:35.892 20932 20932 I AconfigPackage: com.android.server.feature.flags is mapped to system
06-02 06:33:35.892 20932 20932 I AconfigPackage: com.android.systemui is mapped to system
06-02 06:33:35.892 20932 20932 I AconfigPackage: com.android.server.power.batterysaver is mapped to system
06-02 06:33:35.892 20932 20932 I AconfigPackage: android.widget.flags is mapped to system
06-02 06:33:35.892 20932 20932 I AconfigPackage: com.android.media.editing.flags is mapped to system
06-02 06:33:35.892 20932 20932 I AconfigPackage: com.android.media.codec.flags is mapped to system
06-02 06:33:35.892 20932 20932 I AconfigPackage: com.android.server.powerstats is mapped to system
06-02 06:33:35.892 20932 20932 I AconfigPackage: com.android.graphics.egl.flags is mapped to system
06-02 06:33:35.892 20932 20932 I AconfigPackage: com.android.media.audioserver is mapped to system
06-02 06:33:35.892 20932 20932 I AconfigPackage: com.android.server.deviceidle is mapped to system
06-02 06:33:35.892 20932 20932 I AconfigPackage: android.nfc is mapped to system
06-02 06:33:35.892 20932 20932 I AconfigPackage: android.permission.flags is mapped to system
06-02 06:33:35.892 20932 20932 I AconfigPackage: android.service.voice.flags is mapped to system
06-02 06:33:35.892 20932 20932 I AconfigPackage: android.content.pm is mapped to system
06-02 06:33:35.892 20932 20932 I AconfigPackage: com.android.server.power.hint is mapped to system
06-02 06:33:35.892 20932 20932 I AconfigPackage: android.os is mapped to system
06-02 06:33:35.892 20932 20932 I AconfigPackage: android.service.dreams is mapped to system
06-02 06:33:35.892 20932 20932 I AconfigPackage: com.android.graphics.libgui.flags is mapped to system
06-02 06:33:35.892 20932 20932 I AconfigPackage: android.hardware.usb.flags is mapped to system
06-02 06:33:35.892 20932 20932 I AconfigPackage: android.provider is mapped to system
06-02 06:33:35.892 20932 20932 I AconfigPackage: com.android.server.job is mapped to system
06-02 06:33:35.893 20932 20932 I AconfigPackage: com.android.internal.foldables.flags is mapped to system
06-02 06:33:35.893 20932 20932 I AconfigPackage: com.android.internal.telephony.flags is mapped to system
06-02 06:33:35.893 20932 20932 I AconfigPackage: android.webkit is mapped to system
06-02 06:33:35.893 20932 20932 I AconfigPackage: android.credentials.flags is mapped to system
06-02 06:33:35.893 20932 20932 I AconfigPackage: com.android.server.display.feature.flags is mapped to system
06-02 06:33:35.893 20932 20932 I AconfigPackage: com.android.server.notification is mapped to system
06-02 06:33:35.893 20932 20932 I AconfigPackage: android.appwidget.flags is mapped to system
06-02 06:33:35.893 20932 20932 I AconfigPackage: com.android.frameworks.sensorservice.flags is mapped to system
06-02 06:33:35.893 20932 20932 I AconfigPackage: com.android.printspooler.flags is mapped to system
06-02 06:33:35.893 20932 20932 I AconfigPackage: com.android.window.flags is mapped to system
06-02 06:33:35.893 20932 20932 I AconfigPackage: android.adaptiveauth is mapped to system
06-02 06:33:35.893 20932 20932 I AconfigPackage: android.net.wifi.flags is mapped to system
06-02 06:33:35.893 20932 20932 I AconfigPackage: android.media.tv.flags is mapped to system
06-02 06:33:35.893 20932 20932 I AconfigPackage: com.android.server.usb.flags is mapped to system
06-02 06:33:35.893 20932 20932 I AconfigPackage: android.os.vibrator is mapped to system
06-02 06:33:35.893 20932 20932 I AconfigPackage: android.hardware.devicestate.feature.flags is mapped to system
06-02 06:33:35.894 20932 20932 I AconfigPackage: com.android.server.usage is mapped to system
06-02 06:33:35.894 20932 20932 I AconfigPackage: android.server is mapped to system
06-02 06:33:35.894 20932 20932 I AconfigPackage: com.android.wm.shell is mapped to system
06-02 06:33:35.894 20932 20932 I AconfigPackage: android.view.inputmethod is mapped to system
06-02 06:33:35.894 20932 20932 I AconfigPackage: com.android.graphics.hwui.flags is mapped to system
06-02 06:33:35.894 20932 20932 I AconfigPackage: com.android.server.backup is mapped to system
06-02 06:33:35.894 20932 20932 I AconfigPackage: com.android.internal.pm.pkg.component.flags is mapped to system
06-02 06:33:35.894 20932 20932 I AconfigPackage: android.view.accessibility is mapped to system
06-02 06:33:35.894 20932 20932 I AconfigPackage: com.google.wear.sdk is mapped to system
06-02 06:33:35.894 20932 20932 I AconfigPackage: android.media.audio is mapped to system
06-02 06:33:35.894 20932 20932 I AconfigPackage: com.android.server.am is mapped to system
06-02 06:33:35.894 20932 20932 I AconfigPackage: com.android.media.playback.flags is mapped to system
06-02 06:33:35.894 20932 20932 I AconfigPackage: com.android.art.flags is mapped to com.android.art
06-02 06:33:35.894 20932 20932 I AconfigPackage: com.android.libcore is mapped to com.android.art
06-02 06:33:35.896 20932 20932 I AconfigPackage: com.android.media.extractor.flags is mapped to com.android.media
06-02 06:33:35.897 20932 20932 I AconfigPackage: com.android.media.mainline.flags is mapped to com.android.media
06-02 06:33:35.897 20932 20932 I AconfigPackage: com.android.wifi.flags is mapped to com.android.wifi
06-02 06:33:35.897 20932 20932 I AconfigPackage: com.android.org.conscrypt.flags is mapped to com.android.conscrypt
06-02 06:33:35.898 20932 20932 I AconfigPackage: com.android.healthfitness.flags is mapped to com.android.healthfitness
06-02 06:33:35.898 20932 20932 I AconfigPackage: com.google.android.input.twoshay.flags is mapped to vendor
06-02 06:33:35.898 20932 20932 I AconfigPackage: libgooglecamerahal.flags is mapped to vendor
06-02 06:33:35.898 20932 20932 I AconfigPackage: com.android.ipsec.flags is mapped to com.android.ipsec
06-02 06:33:35.898 20932 20932 I AconfigPackage: com.android.nfc.module.flags is mapped to com.android.nfcservices
06-02 06:33:35.899 20932 20932 I AconfigPackage: com.android.adservices.ondevicepersonalization.flags is mapped to com.android.ondevicepersonalization
06-02 06:33:35.899 20932 20932 I AconfigPackage: com.android.bluetooth.flags is mapped to com.android.bt
06-02 06:33:35.899 20932 20932 I AconfigPackage: com.android.devicelock.flags is mapped to com.android.devicelock
06-02 06:33:35.899 20932 20932 I AconfigPackage: android.os.profiling is mapped to com.android.profiling
06-02 06:33:35.899 20932 20932 I AconfigPackage: com.android.os.statsd.flags is mapped to com.android.os.statsd
06-02 06:33:35.900 20932 20932 I AconfigPackage: com.android.cellbroadcastreceiver.flags is mapped to com.android.cellbroadcast
06-02 06:33:35.900 20932 20932 I AconfigPackage: com.android.adservices.flags is mapped to com.android.adservices
06-02 06:33:35.900 20932 20932 I AconfigPackage: com.android.sdksandbox.flags is mapped to com.android.adservices
06-02 06:33:35.900 20932 20932 I AconfigPackage: com.android.uwb.flags is mapped to com.android.uwb
06-02 06:33:35.900 20932 20932 I AconfigPackage: com.android.ranging.flags is mapped to com.android.uwb
06-02 06:33:35.900 20932 20932 I AconfigPackage: android.graphics.pdf.flags is mapped to com.android.mediaprovider
06-02 06:33:35.900 20932 20932 I AconfigPackage: com.android.providers.media.flags is mapped to com.android.mediaprovider
06-02 06:33:35.900 20932 20932 I AconfigPackage: android.graphics.pdf.flags.readonly is mapped to com.android.mediaprovider
06-02 06:33:35.901 20932 20932 I AconfigPackage: com.android.net.ct.flags is mapped to com.android.tethering
06-02 06:33:35.901 20932 20932 I AconfigPackage: com.android.net.flags is mapped to com.android.tethering
06-02 06:33:35.901 20932 20932 I AconfigPackage: android.net.vcn is mapped to com.android.tethering
06-02 06:33:35.901 20932 20932 I AconfigPackage: com.android.nearby.flags is mapped to com.android.tethering
06-02 06:33:35.901 20932 20932 I AconfigPackage: android.net.http is mapped to com.android.tethering
06-02 06:33:35.901 20932 20932 I AconfigPackage: com.android.net.thread.flags is mapped to com.android.tethering
06-02 06:33:35.901 20932 20932 I AconfigPackage: com.android.system.virtualmachine.flags is mapped to com.android.virt
06-02 06:33:35.901 20932 20932 E FeatureFlagsImplExport: android.os.flagging.AconfigStorageReadException: ERROR_PACKAGE_NOT_FOUND: package android.xr cannot be found on the device
06-02 06:33:35.908 20932 20932 D UiAutomationConnection: Created on user UserHandle{0}
06-02 06:33:35.908 20932 20932 I UiAutomation: Initialized for user 0 on display 0
06-02 06:33:35.908 20932 20932 W UiAutomation: Created with deprecatead constructor, assumes DEFAULT_DISPLAY
06-02 06:33:35.910   688  1750 D AccessibilityManagerService: changeCurrentUserForTestAutomationIfNeededLocked(0): ignoring because device doesn't support visible background users
06-02 06:33:35.910   688  1750 I UiAutomationManager: Registering UiTestAutomationService (id=com.android.server.accessibility/UiAutomation, flags=0x0) when called by user 0
06-02 06:33:35.910   688  1750 V AccessibilityManagerService: onUserStateChangedLocked for userId: 0, forceUpdate: false
06-02 06:33:35.912   688  1750 W MagnificationConnectionManager: requestConnection duplicated request: connect=false, mConnectionState=DISCONNECTED
06-02 06:33:35.912  1474  2141 I AiAiEcho: Settings changed for uri: content://settings/secure/accessibility_enabled
06-02 06:33:35.917   688   688 W IPCThreadState: Sending oneway calls to frozen process.
06-02 06:33:35.917   688   688 W IPCThreadState: Sending oneway calls to frozen process.
06-02 06:33:35.917   688   688 W IPCThreadState: Sending oneway calls to frozen process.
06-02 06:33:35.918   688   688 W IPCThreadState: Sending oneway calls to frozen process.
06-02 06:33:35.922  1474  1863 I AiAiEcho: Predicting[0]:  [CONTEXT sampling_count=5 ]
06-02 06:33:35.923  1474  1863 I AiAiEcho: EchoTargets: 
06-02 06:33:35.923  1474  1863 I AiAiEcho: Filtered by AiAi flag check: 
06-02 06:33:35.923  1474  1863 I AiAiEcho: [CONTEXT ratelimit_period="10 SECONDS" ]
06-02 06:33:35.923  1474  1863 I AiAiEcho: #remoteViewsTwiddler: feature disabled.
06-02 06:33:35.923  1474  1863 I AiAiEcho: Predicting[0]:  [CONTEXT sampling_count=5 ]
06-02 06:33:35.923  1474  1863 I AiAiEcho: EchoTargets: 
06-02 06:33:35.923  1474  1863 I AiAiEcho: Filtered by AiAi flag check: 
06-02 06:33:35.923  1474  1863 I AiAiEcho: [CONTEXT ratelimit_period="10 SECONDS" ]
06-02 06:33:35.923  1474  1863 I AiAiEcho: #remoteViewsTwiddler: feature disabled.
06-02 06:33:35.924  1474  1863 I AiAiEcho: #postPredictionTargets: Sending updates to UISurface home with targets# 0 (types=[])
06-02 06:33:35.924  1474  1863 I AiAiEcho: #postPredictionTargets: Sending updates to UISurface lockscreen with targets# 0 (types=[])
06-02 06:33:35.925   948   948 W PageIndicator: Total number of pages invalid: 0. Assuming 1 page.
06-02 06:33:35.926  1084  1084 D SsBaseTemplateCard: No text view can be set up
06-02 06:33:35.926  1084  1084 D SsBaseTemplateCard: Passed-in item info is null
06-02 06:33:35.926  1084  1084 D SsBaseTemplateCard: Passed-in item info is null
06-02 06:33:35.926  1084  1084 D SsBaseTemplateCard: Passed-in item info is null
