06-01 22:24:38.002  2153  2316 W bxxo    : 	at fhtb.run(PG:205)
06-01 22:24:38.002  2153  2316 W bxxo    : 	at ewcq.run(PG:28)
06-01 22:24:38.002  2153  2316 W bxxo    : 	at fhtb.run(PG:153)
06-01 22:24:38.002  2153  2316 W bxxo    : 	at fgiu.run(PG:3)
06-01 22:24:38.002  2153  2316 W bxxo    : 	... 67 more
06-01 22:24:38.002  1279  2824 I NearbySharing: Dismissing HUN as there's no device nearby.
06-01 22:24:38.008  1279  1591 I .gms.persistent: AssetManager2(0x7bbe42432778) locale list changing from [] to [en-US]
06-01 22:24:38.014   568   568 E adbd    : failed to connect to socket 'tcp:1125': Connection refused
06-01 22:24:38.028   568   568 E adbd    : failed to connect to socket 'tcp:1125': Connection refused
06-01 22:24:38.035  1279  2824 I NearbySharing: Broadcasting NearbySharing state change.
06-01 22:24:38.036  1279  2824 I NearbySharing: There is no account metadata, return default instance.
06-01 22:24:38.036  1279  2824 I NearbySharing: Not allowed to auto turn on device settings.
06-01 22:24:38.036  1279  2824 I NearbySharing: A SendSurface(BACKGROUND)[id=2296] has been registered
06-01 22:24:38.037  1279  2824 I NearbySharing: Uwb feature is off.
06-01 22:24:38.041  1279  2824 I NearbySharing: Stopping scanning because Nearby Sharing is disabled.
06-01 22:24:38.045  1279  2824 I NearbySharing: Stopping Fast Init advertisement because we're not scanning in the foreground.
06-01 22:24:38.046  1279  2824 I NearbySharing: Stopping advertising because Nearby Sharing is disabled.
06-01 22:24:38.049   568   568 E adbd    : failed to connect to socket 'tcp:1126': Connection refused
06-01 22:24:38.053  1279  2824 I NearbySharing: There is no account metadata, return default instance.
06-01 22:24:38.054  1279  2824 I NearbySharing: There is no account metadata, return default instance.
06-01 22:24:38.054  1279  2824 I NearbySharing: Stopping FastInitiation scanning because visibility is hidden.
06-01 22:24:38.056  1279  1279 W NearbyMediums: Failed to retrieve default NfcAdapter, NFC is unsupported.
06-01 22:24:38.059   568   568 E adbd    : failed to connect to socket 'tcp:1126': Connection refused
06-01 22:24:38.069   568   568 E adbd    : failed to connect to socket 'tcp:1127': Connection refused
06-01 22:24:38.081   568   568 E adbd    : failed to connect to socket 'tcp:1127': Connection refused
06-01 22:24:38.083  1069  1255 D SatelliteController: iisInCarrierRoamingNbIotNtn: satellite is disabled
06-01 22:24:38.091   568   568 E adbd    : failed to connect to socket 'tcp:1128': Connection refused
06-01 22:24:38.101   568   568 E adbd    : failed to connect to socket 'tcp:1128': Connection refused
06-01 22:24:38.108  1600  1986 I Trustlet_Onbody: (REDACTED) onbodyAlreadySet: %s
06-01 22:24:38.111  1402  1741 I SP      : Sync for handwriting_recognition succeeded in 3357 ms: no changes
06-01 22:24:38.114   568   568 E adbd    : failed to connect to socket 'tcp:1129': Connection refused
06-01 22:24:38.113  1616  1953 D WM-GreedyScheduler: Cancelling work ID f0a25091-fd9d-4b1e-b032-a0e9c65ac5d1
06-01 22:24:38.118  1402  1741 I SP      : GC for 'handwriting_recognition' (10) with ttl of 0 ms took 0 ms (0/0/0)
06-01 22:24:38.120  1600  1986 I Trustlet_Onbody: (REDACTED) isOnbodySuggestionEnabledByPhenotype: %s
06-01 22:24:38.121   568   568 E adbd    : failed to connect to socket 'tcp:1129': Connection refused
06-01 22:24:38.131  1402  1585 I HandwritingOnlineSuperpacks: HandwritingOnlineSuperpacks.syncInternal():187 syncInternal(): syncing packs
06-01 22:24:38.132   568   568 E adbd    : failed to connect to socket 'tcp:1130': Connection refused
06-01 22:24:38.132  1402  1585 I HandwritingOnlineSuperpacks: HandwritingOnlineSuperpacks$2.onSyncSuccess():225 syncInternal(): complete {old=[en_us_20251103_compact_fst_zip, pack_mapping_v1_lstm_20260206, qrnn_en-US_reco_20251103_fst_20251103_recospec_zip, scribe_latin_20250829tfreco_recospec_zip, scribe_latin_20250829tfreco_tflite_zip, transformer_latin_conf_tflite_20251103_zip, transformer_latin_seg_tflite_20251103_zip, transformer_latin_tflite_20251103_zip], new=[en_us_20251103_compact_fst_zip, pack_mapping_v1_lstm_20260206, qrnn_en-US_reco_20251103_fst_20251103_recospec_zip, scribe_latin_20250829tfreco_recospec_zip, scribe_latin_20250829tfreco_tflite_zip, transformer_latin_conf_tflite_20251103_zip, transformer_latin_seg_tflite_20251103_zip, transformer_latin_tflite_20251103_zip], metadata=false, last batch=true}
06-01 22:24:38.135  1600  1986 I Trustlet_Onbody: (REDACTED) isTrustAgentEnabled: %s
06-01 22:24:38.139  1279  2824 I NearbySharing: Fast Initiation Scanning has stopped
06-01 22:24:38.148   568   568 E adbd    : failed to connect to socket 'tcp:1130': Connection refused
06-01 22:24:38.150  1600  1986 I Trustlet_Onbody: Trustlet onbody is supported. [CONTEXT service_id=294 ]
06-01 22:24:38.150  1600  1986 I Trustlet_Onbody: (REDACTED) isSupported: %s
06-01 22:24:38.150  1600  1986 I Trustlet_Onbody: (REDACTED) isChromeOsDevice: %s
06-01 22:24:38.151  1279  2824 I NearbySharing: Dismissing HUN as there's no device nearby.
06-01 22:24:38.156   568   568 E adbd    : failed to connect to socket 'tcp:1131': Connection refused
06-01 22:24:38.156  1279  1279 W SystemServiceRegistry: No service published for: wifiaware
06-01 22:24:38.162   568   568 E adbd    : failed to connect to socket 'tcp:1131': Connection refused
06-01 22:24:38.163  1279  1279 W SystemServiceRegistry: No service published for: wifiaware
06-01 22:24:38.164  1402  1551 E HandwritingSuperpacksUtil: HandwritingSuperpacksUtil.getPackMappingPackName():42 No pack mapping pack found in []
06-01 22:24:38.165  1402  1551 I HandwritingSuperpacks: HandwritingSuperpacks.reloadCache():229 updatePackMappingsCache(): pack mapping pack unavailable [OFFLINE]
06-01 22:24:38.170  1279  2824 I NearbySharing: Broadcasting NearbySharing state change.
06-01 22:24:38.173   568   568 E adbd    : failed to connect to socket 'tcp:1132': Connection refused
06-01 22:24:38.174  2153  2316 I cgry    : Omnient is not available - system feature check failed
06-01 22:24:38.174  1474  1917 I AiAiStatsd: Successfully logged feature enablement for ECHO_ALL_APPS.
06-01 22:24:38.179  2153  2267 I cgry    : Omnient is not available - no invocation type
06-01 22:24:38.182   568   568 E adbd    : failed to connect to socket 'tcp:1132': Connection refused
06-01 22:24:38.188  1279  1279 I TetheringManager: registerTetheringEventCallback:com.google.android.gms
06-01 22:24:38.196  1279  1279 D DesktopModeFlags: Toggle override initialized to: OVERRIDE_UNSET
06-01 22:24:38.204  1616  1953 D WM-SystemJobScheduler: Scheduling work ID f0a25091-fd9d-4b1e-b032-a0e9c65ac5d1Job ID 541
06-01 22:24:38.209  1616  1953 D WM-GreedyScheduler: Ignoring {WorkSpec: ea8a1d00-29d1-4555-b74d-1604ae991b65}. Requires device idle.
06-01 22:24:38.211  1616  1953 D WM-GreedyScheduler: Starting tracking for a9f19216-b78e-44e1-8a6f-ae54eb914627,f189eea7-f40c-4cae-90d7-31fbcb99afbc,da9be75f-9540-4033-bb0e-fdecb4d2af8b,35614a1b-459f-4d52-8599-f2b2ed43db9c,7f6259ef-a196-4cb6-aa1a-1d704f7860e2,853a0f5d-d35d-4ccb-b98a-c1329792da13,78ccb6e0-f859-46b6-9b7b-4b8b69aa2938,a206116e-894f-45ec-8e50-5f3cab62f18a
06-01 22:24:38.229  1616  2002 I evuv    : Successfully scheduled next periodic workers
06-01 22:24:38.230  2153  2163 V ClearcutMetricXmitter: Transmission is done.
06-01 22:24:38.230  1600  1986 I GmsCoreXrpcWrapper: (REDACTED) Creating a custom channel provider with trafficStatsTag=%d trafficStatsUid=%d
06-01 22:24:38.235  2568  2579 I GoogleTTSServiceImpl: For default lang en-us is name en-US-language (en-us-x-iog-server)
06-01 22:24:38.235  1616  2004 I evtv    : #sync() complete
06-01 22:24:38.239  1279  1279 I TetheringManager: registerTetheringEventCallback caller:com.google.android.gms
06-01 22:24:38.239   688   848 D ConnectivityService: NetReassign [no changes] [c 0] [a 1] [i 1]
06-01 22:24:38.240  1474  2735 I TextToSpeech: Setting up the connection to TTS engine...
06-01 22:24:38.243  2802  2802 W droid.apps.docs: Method void rla.c(android.app.Activity) failed lock verification and will run slower.
06-01 22:24:38.243  2802  2802 W droid.apps.docs: Common causes for lock verification issues are non-optimized dex code
06-01 22:24:38.243  2802  2802 W droid.apps.docs: and incorrect proguard optimizations.
06-01 22:24:38.247  2153  2267 I efpd    : Facts logged
06-01 22:24:38.250  1474  1474 I AiAiCaptions: TtsSynthesizerImpl::onInit(): status: true(0).
06-01 22:24:38.263   688   898 D BackgroundInstallControlService: Package event received: 0
06-01 22:24:38.263  1600  1986 W MDM     : [GrpcFmdApiClient] No accounts found for FMD API [CONTEXT service_id=247 ]
06-01 22:24:38.264   688  1713 D ConnectivityService: requestNetwork for uid/pid:10148/1279 activeRequest: null callbackRequest: 117 [NetworkRequest [ REQUEST id=118, [ Capabilities: INTERNET&NOT_RESTRICTED&TRUSTED&NOT_VCN_MANAGED&NOT_BANDWIDTH_CONSTRAINED Uid: 10148 RequestorUid: 10148 RequestorPkg: com.google.android.gms UnderlyingNetworks: Null] ]] callback flags: 0 order: 2147483647 isUidTracked: false declaredMethods: AVAIL|LOSING|LOST|UNAVAIL|NC|LP|BLK
06-01 22:24:38.264  2802  2866 D nativeloader: Load /data/app/~~5rR7yR-Pu4P-AyuiNUp1Hg==/com.google.android.apps.docs-jN2oLG0U1_alfxWc696Sbw==/split_config.x86_64.apk!/lib/x86_64/libnative_crash_handler_jni.so using class loader ns clns-9 (caller=/data/app/~~5rR7yR-Pu4P-AyuiNUp1Hg==/com.google.android.apps.docs-jN2oLG0U1_alfxWc696Sbw==/base.apk!classes2.dex): ok
06-01 22:24:38.266   688   842 D WifiNetworkFactory: got request NetworkRequest [ REQUEST id=118, [ Capabilities: INTERNET&NOT_RESTRICTED&TRUSTED&NOT_VCN_MANAGED&NOT_BANDWIDTH_CONSTRAINED Uid: 10148 RequestorUid: 10148 RequestorPkg: com.google.android.gms UnderlyingNetworks: Null] ]
06-01 22:24:38.268  1279  2824 I NearbyMediums: [WifiNetworkV2] networkCallback doAvailable netId:100 wifiStatusChangedCallbacks.size:0 freq:2447
06-01 22:24:38.268   688   848 D ConnectivityService: NetReassign [118 : null → 100] [c 0] [a 1] [i 2]
06-01 22:24:38.268   688   842 D UntrustedWifiNetworkFactory: got request NetworkRequest [ REQUEST id=118, [ Capabilities: INTERNET&NOT_RESTRICTED&TRUSTED&NOT_VCN_MANAGED&NOT_BANDWIDTH_CONSTRAINED Uid: 10148 RequestorUid: 10148 RequestorPkg: com.google.android.gms UnderlyingNetworks: Null] ]
06-01 22:24:38.269   688   842 D OemPaidWifiNetworkFactory: got request NetworkRequest [ REQUEST id=118, [ Capabilities: INTERNET&NOT_RESTRICTED&TRUSTED&NOT_VCN_MANAGED&NOT_BANDWIDTH_CONSTRAINED Uid: 10148 RequestorUid: 10148 RequestorPkg: com.google.android.gms UnderlyingNetworks: Null] ]
06-01 22:24:38.269   688   842 D MultiInternetWifiNetworkFactory: got request NetworkRequest [ REQUEST id=118, [ Capabilities: INTERNET&NOT_RESTRICTED&TRUSTED&NOT_VCN_MANAGED&NOT_BANDWIDTH_CONSTRAINED Uid: 10148 RequestorUid: 10148 RequestorPkg: com.google.android.gms UnderlyingNetworks: Null] ]
06-01 22:24:38.272  2153  2319 I evtv    : Scheduling next wakeup
06-01 22:24:38.272  2153  2319 I evuv    : Scheduling next periodic WorkManager workers
06-01 22:24:38.277  1600  1600 I serviceentitlement: (REDACTED) [CredManRegistrationManager] [%s][%s] Success to register credentials
06-01 22:24:38.284  1616  2004 D RemoteListenableDelegatingWorker: Cleaning up
06-01 22:24:38.286  1279  1952 I NearbyMediums: WifiNetwork defaultNetworkCallback onAvailable netId:100
06-01 22:24:38.296  1616  1616 D WM-SystemJobService: onStopJob for WorkGenerationalId(workSpecId=ac92f28e-5f60-4a3d-8bfc-c26d8a80940f, generation=3)
06-01 22:24:38.302  2153  2264 I WM-GreedyScheduler: Ignoring schedule request in non-main process
06-01 22:24:38.311  2153  2264 I WM-GreedyScheduler: Ignoring schedule request in a secondary process
06-01 22:24:38.322  1474  1917 I AiAiStatsd: Successfully logged feature enablement for HYBRID_HOTSEAT.
06-01 22:24:38.331  1616  2004 D WM-Processor: WorkerWrapper interrupted for ac92f28e-5f60-4a3d-8bfc-c26d8a80940f
06-01 22:24:38.331  1616  2004 D WM-StopWorkRunnable: StopWorkRunnable for ac92f28e-5f60-4a3d-8bfc-c26d8a80940f; Processor.stopWork = true
06-01 22:24:38.331  1600  2750 I PersonalSafety: ConnectivityProtectionLockingIntentOperation: cancelled task [CONTEXT service_id=310 ]
06-01 22:24:38.334  1279  2824 I NearbyMediums: WifiNetwork setTelephonyIsDataConnected:true
06-01 22:24:38.343  1279  1279 I NearbyConnections: GestureExchangeRegistrar is not enabled.
06-01 22:24:38.349  2802  2880 E DocsApplication: from onCreate Completable for sending summary about blocked SyncRequests
06-01 22:24:38.349  2802  2880 E DocsApplication: java.lang.IllegalStateException
06-01 22:24:38.349  2802  2880 E DocsApplication: 	at hpz.h(PG:64)
06-01 22:24:38.349  2802  2880 E DocsApplication: 	at jxo.a(PG:261)
06-01 22:24:38.349  2802  2880 E DocsApplication: 	at haf.lambda$onCreate$2(PG:9)
06-01 22:24:38.349  2802  2880 E DocsApplication: 	at haf.$r8$lambda$M-tqsz8QJK2QrqieVTlg-c3Lhbo(PG:1)
06-01 22:24:38.349  2802  2880 E DocsApplication: 	at hac.run(PG:264)
06-01 22:24:38.349  2802  2880 E DocsApplication: 	at aboz.c(PG:13)
06-01 22:24:38.349  2802  2880 E DocsApplication: 	at abmq.d(PG:3)
06-01 22:24:38.349  2802  2880 E DocsApplication: 	at abph$a.run(PG:3)
06-01 22:24:38.349  2802  2880 E DocsApplication: 	at abna$a.run(PG:10)
06-01 22:24:38.349  2802  2880 E DocsApplication: 	at absq.run(PG:14)
06-01 22:24:38.349  2802  2880 E DocsApplication: 	at absq.call(PG:1)
06-01 22:24:38.349  2802  2880 E DocsApplication: 	at java.util.concurrent.FutureTask.run(FutureTask.java:317)
06-01 22:24:38.349  2802  2880 E DocsApplication: 	at java.util.concurrent.ScheduledThreadPoolExecutor$ScheduledFutureTask.run(ScheduledThreadPoolExecutor.java:348)
06-01 22:24:38.349  2802  2880 E DocsApplication: 	at java.util.concurrent.ThreadPoolExecutor.runWorker(ThreadPoolExecutor.java:1156)
06-01 22:24:38.349  2802  2880 E DocsApplication: 	at java.util.concurrent.ThreadPoolExecutor$Worker.run(ThreadPoolExecutor.java:651)
06-01 22:24:38.349  2802  2880 E DocsApplication: 	at java.lang.Thread.run(Thread.java:1119)
06-01 22:24:38.350  2153  2163 D WM-ListenableWorkerImpl: Interrupting work with id (ac92f28e-5f60-4a3d-8bfc-c26d8a80940f)
06-01 22:24:38.360   688   842 E WifiChipAidlImpl: getUsableChannels failed with service-specific exception: android.os.ServiceSpecificException:  (code 4)
06-01 22:24:38.361  1279  2765 I NearbyMediums: (REDACTED) Querying wifi usable channels failed with exception
06-01 22:24:38.361  1279  2765 I NearbyMediums: java.lang.UnsupportedOperationException
06-01 22:24:38.361  1279  2765 I NearbyMediums: 	at android.os.Parcel.createExceptionOrNull(Parcel.java:3352)
06-01 22:24:38.361  1279  2765 I NearbyMediums: 	at android.os.Parcel.createException(Parcel.java:3324)
06-01 22:24:38.361  1279  2765 I NearbyMediums: 	at android.os.Parcel.readException(Parcel.java:3307)
06-01 22:24:38.361  1279  2765 I NearbyMediums: 	at android.os.Parcel.readException(Parcel.java:3249)
06-01 22:24:38.361  1279  2765 I NearbyMediums: 	at android.net.wifi.IWifiManager$Stub$Proxy.getUsableChannels(IWifiManager.java:6488)
06-01 22:24:38.361  1279  2765 I NearbyMediums: 	at android.net.wifi.WifiManager.getUsableChannels(WifiManager.java:11454)
06-01 22:24:38.361  1279  2765 I NearbyMediums: 	at doio.A(:com.google.android.gms@261631038@26.16.31 (260800-900800821):21)
06-01 22:24:38.361  1279  2765 I NearbyMediums: 	at doio.r(:com.google.android.gms@261631038@26.16.31 (260800-900800821):16)
06-01 22:24:38.361  1279  2765 I NearbyMediums: 	at doio.n(:com.google.android.gms@261631038@26.16.31 (260800-900800821):24)
06-01 22:24:38.361  1279  2765 I NearbyMediums: 	at dpbp.run(:com.google.android.gms@261631038@26.16.31 (260800-900800821):9)
06-01 22:24:38.361  1279  2765 I NearbyMediums: 	at bjwq.c(:com.google.android.gms@261631038@26.16.31 (260800-900800821):50)
06-01 22:24:38.361  1279  2765 I NearbyMediums: 	at bjwq.run(:com.google.android.gms@261631038@26.16.31 (260800-900800821):66)
06-01 22:24:38.361  1279  2765 I NearbyMediums: 	at java.util.concurrent.ThreadPoolExecutor.runWorker(ThreadPoolExecutor.java:1156)
06-01 22:24:38.361  1279  2765 I NearbyMediums: 	at java.util.concurrent.ThreadPoolExecutor$Worker.run(ThreadPoolExecutor.java:651)
06-01 22:24:38.361  1279  2765 I NearbyMediums: 	at bkch.run(:com.google.android.gms@261631038@26.16.31 (260800-900800821):8)
06-01 22:24:38.361  1279  2765 I NearbyMediums: 	at java.lang.Thread.run(Thread.java:1119)
06-01 22:24:38.361  1279  2765 I NearbyMediums: Caused by: android.os.RemoteException: Remote stack trace:
06-01 22:24:38.361  1279  2765 I NearbyMediums: 	at com.android.server.wifi.WifiServiceImpl.getUsableChannels(WifiServiceImpl.java:8119)
06-01 22:24:38.361  1279  2765 I NearbyMediums: 	at android.net.wifi.IWifiManager$Stub.onTransact(IWifiManager.java:3232)
06-01 22:24:38.361  1279  2765 I NearbyMediums: 	at android.os.Binder.execTransactInternal(Binder.java:1426)
06-01 22:24:38.361  1279  2765 I NearbyMediums: 	at android.os.Binder.execTransact(Binder.java:1365)
06-01 22:24:38.361  1279  2765 I NearbyMediums: 
06-01 22:24:38.361  1279  2765 I NearbyMediums: [DeviceCapabilities] Skip refreshing cached wifi channels because it is not supported (refreshCacheWifiChannelsRightAfterNetworkCallbackInvoked:true isWifiGetUsableChannelsSupported:false)
06-01 22:24:38.368   688  1283 W JobScheduler: Job didn't exist in JobStore: 7a4bd0d {androidx.work.systemjobscheduler} #u0a149/509 @androidx.work.systemjobscheduler@com.google.android.googlequicksearchbox/androidx.work.impl.background.systemjob.SystemJobService
06-01 22:24:38.422   688  1730 D ConnectivityService: requestNetwork for uid/pid:10153/2802 activeRequest: null callbackRequest: 119 [NetworkRequest [ REQUEST id=120, [ Capabilities: INTERNET&NOT_RESTRICTED&TRUSTED&NOT_VCN_MANAGED&NOT_BANDWIDTH_CONSTRAINED Uid: 10153 RequestorUid: 10153 RequestorPkg: com.google.android.apps.docs UnderlyingNetworks: Null] ]] callback flags: 0 order: 2147483647 isUidTracked: false declaredMethods: AVAIL|LOST|UNAVAIL|NC
06-01 22:24:38.424   688   842 D WifiNetworkFactory: got request NetworkRequest [ REQUEST id=120, [ Capabilities: INTERNET&NOT_RESTRICTED&TRUSTED&NOT_VCN_MANAGED&NOT_BANDWIDTH_CONSTRAINED Uid: 10153 RequestorUid: 10153 RequestorPkg: com.google.android.apps.docs UnderlyingNetworks: Null] ]
06-01 22:24:38.424   688   842 D UntrustedWifiNetworkFactory: got request NetworkRequest [ REQUEST id=120, [ Capabilities: INTERNET&NOT_RESTRICTED&TRUSTED&NOT_VCN_MANAGED&NOT_BANDWIDTH_CONSTRAINED Uid: 10153 RequestorUid: 10153 RequestorPkg: com.google.android.apps.docs UnderlyingNetworks: Null] ]
06-01 22:24:38.424   688   842 D OemPaidWifiNetworkFactory: got request NetworkRequest [ REQUEST id=120, [ Capabilities: INTERNET&NOT_RESTRICTED&TRUSTED&NOT_VCN_MANAGED&NOT_BANDWIDTH_CONSTRAINED Uid: 10153 RequestorUid: 10153 RequestorPkg: com.google.android.apps.docs UnderlyingNetworks: Null] ]
06-01 22:24:38.429   688   848 D ConnectivityService: NetReassign [120 : null → 100] [c 0] [a 1] [i 5]
06-01 22:24:38.429   688  1750 D FileUtils: Rounded bytes from 4110155776 to 8000000000
06-01 22:24:38.430   688   842 D MultiInternetWifiNetworkFactory: got request NetworkRequest [ REQUEST id=120, [ Capabilities: INTERNET&NOT_RESTRICTED&TRUSTED&NOT_VCN_MANAGED&NOT_BANDWIDTH_CONSTRAINED Uid: 10153 RequestorUid: 10153 RequestorPkg: com.google.android.apps.docs UnderlyingNetworks: Null] ]
06-01 22:24:38.433  1600  1986 I gle.android.gms: AssetManager2(0x7bbe42433718) locale list changing from [] to [en-US]
06-01 22:24:38.443  2802  2899 W DynamiteModule: Local module descriptor class for com.google.android.gms.providerinstaller.dynamite not found.
06-01 22:24:38.447  1279  1363 I NearbyConnections: Client 175162978 requested setting downloads directory to null.
06-01 22:24:38.448  1279  2475 W ProviderHelper: Unknown dynamite feature providerinstaller.dynamite
06-01 22:24:38.448  1279  1363 I NearbyConnections: Client 175162978 with package name 0p:com.google.android.gms.nearby.presence and sdk version 261631000 has connected, downloads dir is set to null.
06-01 22:24:38.448  2802  2899 W ProviderInstaller: Failed to load providerinstaller module: No acceptable module com.google.android.gms.providerinstaller.dynamite found. Local version is 0 and remote version is 0.
06-01 22:24:38.450  1279  1363 I NearbyConnections: Add DeviceProvider of type 2.
06-01 22:24:38.450  1279  1363 I NearbyConnections: Successfully register device provider for endpointType 2 by client 175162978
06-01 22:24:38.451  1616  1953 I WM-WorkerWrapper: Worker result SUCCESS for Work [ id=57f17419-5ddc-4b75-8209-ed8a4ab090c1, tags={ com.google.apps.tiktok.contrib.work.TikTokListenableWorker,com.google.apps.tiktok.sync.impl.workmanager.SyncPeriodicWorker_proc<search>,sync_constraint:none,TikTokWorker#com.google.apps.tiktok.sync.impl.workmanager.SyncPeriodicWorker } ]
06-01 22:24:38.455  1600  2283 W ProviderHelper: Unknown dynamite feature providerinstaller.dynamite
06-01 22:24:38.455  1600  2283 I DynamiteModule: Considering local module com.google.android.gms.providerinstaller.dynamite:1 and remote module com.google.android.gms.providerinstaller.dynamite:0
06-01 22:24:38.455  1600  2283 I DynamiteModule: Selected local version of com.google.android.gms.providerinstaller.dynamite
06-01 22:24:38.459  1600  2893 I Blockstore: [PackageIntentOperation] Checking IS_RESTORE extra. [CONTEXT service_id=258 ]
06-01 22:24:38.468   688   898 D BackgroundInstallControlService: Package event received: 0
06-01 22:24:38.476   948   955 W ndroid.systemui: Cleared Reference was only reachable from finalizer (only reported once)
06-01 22:24:38.487  1600  2888 I AppBackupStateCleanupIO: Backup state cleanup on uninstall is disabled. [CONTEXT service_id=229 ]
06-01 22:24:38.501  1600  2894 I AppBackupStateCleanupIO: Backup state cleanup on uninstall is disabled. [CONTEXT service_id=229 ]
06-01 22:24:38.508  1600  2903 I PackageInstalledIntentO: Test flag v2 is disabled [CONTEXT service_id=469 ]
06-01 22:24:38.518  1279  2765 I NearbySharing: There is no account metadata, return default instance.
06-01 22:24:38.522  1600  1984 I Auth    : (REDACTED) [SupervisedAccountIntentOperation] onHandleIntent: %s
06-01 22:24:38.528  1600  2908 I PackageInstalledIntentO: Test flag v2 is disabled [CONTEXT service_id=469 ]
06-01 22:24:38.529  1279  2824 I NearbySharing: There is no account metadata, return default instance.
06-01 22:24:38.538  1600  1984 W AppInstallOperation: FDL Migration::InstallIntentOperation by FDL Module [CONTEXT service_id=77 ]
06-01 22:24:38.545   688  1750 W ActivityManager: Slow operation: 112ms so far, now at finishAttachApplicationInner: after mServices.attachApplicationLocked
06-01 22:24:38.556   688  1750 W ActivityManager: Slow operation: 123ms so far, now at finishAttachApplicationInner: after dispatching broadcasts
06-01 22:24:38.563   688   688 W Looper  : Slow dispatch took 114ms main app=system_server main=true group=FOREGROUND h=android.app.ActivityThread$H c=null m=131
06-01 22:24:38.568   688   841 I system_server: AssetManager2(0x7bbe424a6498) locale list changing from [] to [en-US]
06-01 22:24:38.596  1600  2904 I NearbyDiscovery: (REDACTED) processGrantSlicePermission: %s
06-01 22:24:38.608  1600  2905 I NearbyDiscovery: (REDACTED) processGrantSlicePermission: %s
06-01 22:24:38.623  1600  1600 D BoundBrokerSvc: onBind: Intent { act=com.google.android.gms.backup.GMS_MODULE_RESTORE dat=chimera-action:/... xflg=0x4 cmp=com.google.android.gms/.chimera.GmsInternalBoundBrokerService }
06-01 22:24:38.624  2568  2579 I GoogleTTSServiceImpl: onIsValidVoiceName(en-us-x-tpf-local): SUCCESS
06-01 22:24:38.625  1600  1600 D BoundBrokerSvc: Loading bound service for intent: Intent { act=com.google.android.gms.backup.GMS_MODULE_RESTORE dat=chimera-action:/... xflg=0x4 cmp=com.google.android.gms/.chimera.GmsInternalBoundBrokerService }
06-01 22:24:38.657  1600  2891 W TracingHelper: No RequestContext found in the trace or trace not available. [CONTEXT service_id=259 ratelimit_count=1410065408 ]
06-01 22:24:38.658   688   731 V GrammaticalInflectionUtils: AttributionSource: android.content.AttributionSource@467c8dcf does not have READ_SYSTEM_GRAMMATICAL_GENDER permission.
06-01 22:24:38.680  1600  2891 W TracingHelper: Mismatched RequestContext found for module APPSEARCH. Module id from RequestContext is MODULEID_UNKNOWN [CONTEXT service_id=259 ratelimit_count=1410065408 ]
06-01 22:24:38.697  2802  2899 D ApplicationLoaders: Returning zygote-cached class loader: /system/framework/org.apache.http.legacy.jar
06-01 22:24:38.697  2802  2899 D ApplicationLoaders: Returning zygote-cached class loader: /system/framework/com.android.location.provider.jar
06-01 22:24:38.697  2802  2899 D ApplicationLoaders: Returning zygote-cached class loader: /system/framework/com.android.media.remotedisplay.jar
06-01 22:24:38.710   568   568 E adbd    : failed to connect to socket 'tcp:1122': Connection refused
06-01 22:24:38.716  1616  1953 I WM-WorkerWrapper: Work [ id=ac92f28e-5f60-4a3d-8bfc-c26d8a80940f, tags={ com.google.apps.tiktok.contrib.work.TikTokListenableWorker,com.google.apps.tiktok.sync.impl.workmanager.SyncPeriodicWorker_proc<googleapp>,sync_constraint:none,TikTokWorker#com.google.apps.tiktok.sync.impl.workmanager.SyncPeriodicWorker } ] was cancelled
06-01 22:24:38.716  1616  1953 I WM-WorkerWrapper: oyk
06-01 22:24:38.716  1616  1953 I WM-WorkerWrapper: 	at oxa.e(PG:5)
06-01 22:24:38.716  1616  1953 I WM-WorkerWrapper: 	at pdq.run(PG:92)
06-01 22:24:38.716  1616  1953 I WM-WorkerWrapper: 	at pdm.run(PG:3)
06-01 22:24:38.716  1616  1953 I WM-WorkerWrapper: 	at cxmo.run(PG:5)
06-01 22:24:38.716  1616  1953 I WM-WorkerWrapper: 	at ffcl.run(PG:46)
06-01 22:24:38.716  1616  1953 I WM-WorkerWrapper: 	at cxma.run(PG:81)
06-01 22:24:38.716  1616  1953 I WM-WorkerWrapper: 	at java.lang.Thread.run(Thread.java:1119)
06-01 22:24:38.716  1616  1953 I WM-WorkerWrapper: 	at cxnr.run(PG:63)
06-01 22:24:38.717  2802  2899 D nativeloader: Configuring clns-10 for other apk /system_ext/framework/com.android.extensions.appfunctions.jar. target_sdk_version=37, uses_libraries=ALL, library_path=/data/app/~~oqHPZkItOTY-JdZP8j0YvQ==/com.google.android.gms-U8kK62mhhj2hUoGXPlJDnw==/lib/x86_64:/data/app/~~oqHPZkItOTY-JdZP8j0YvQ==/com.google.android.gms-U8kK62mhhj2hUoGXPlJDnw==/base.apk!/lib/x86_64, permitted_path=/data:/mnt/expand:/data/user/0/com.google.android.gms
06-01 22:24:38.717  1616  1616 D WM-Processor: oxa 57f17419-5ddc-4b75-8209-ed8a4ab090c1 executed; reschedule = false
06-01 22:24:38.717  1616  1616 D WM-SystemJobService: 57f17419-5ddc-4b75-8209-ed8a4ab090c1 executed on JobScheduler
06-01 22:24:38.717  1616  1953 D WM-WorkerWrapper: Status for ac92f28e-5f60-4a3d-8bfc-c26d8a80940f is RUNNING; not doing any work and rescheduling for later execution
06-01 22:24:38.717  2802  2899 D ApplicationLoaders: Returning zygote-cached class loader: /system_ext/framework/androidx.window.extensions.jar
06-01 22:24:38.718  2802  2899 D ApplicationLoaders: Returning zygote-cached class loader: /system_ext/framework/androidx.window.sidecar.jar
06-01 22:24:38.721   568   568 E adbd    : failed to connect to socket 'tcp:1122': Connection refused
06-01 22:24:38.727  1458  1800 I SQLiteConnection: Long db operation: /data/user/0/com.google.android.providers.media.module/databases/external.db
06-01 22:24:38.727   486   486 D Zygote  : Forked child process 2914
06-01 22:24:38.734  1279  2824 I NearbyMediums: [UsbNcm]: ports is empty
06-01 22:24:38.737   568   568 E adbd    : failed to connect to socket 'tcp:1123': Connection refused
06-01 22:24:38.740  2802  2854 D CompatChangeReporter: Compat change id reported: 288912692; UID 10153; state: ENABLED
06-01 22:24:38.747   688   732 W ActivityManager: Slow operation: 87ms so far, now at startProcess: returned from zygote!
06-01 22:24:38.751   568   568 E adbd    : failed to connect to socket 'tcp:1123': Connection refused
06-01 22:24:38.753  1279  1296 I FontLog : (REDACTED) Received query %s, URI %s
06-01 22:24:38.753  1279  1296 I FontLog : (REDACTED) Query [%s] resolved to %s
06-01 22:24:38.755  1279  1296 I FontLog : (REDACTED) Fetch %s end status %s
06-01 22:24:38.763  1600  2003 I Icing   : doRemovePackageData com.aistudio.ereader.xynk
06-01 22:24:38.767   568   568 E adbd    : failed to connect to socket 'tcp:1124': Connection refused
06-01 22:24:38.768  1279  1524 I FontLog : (REDACTED) Pulling font file for id = %d, cache size = %d
06-01 22:24:38.779   568   568 E adbd    : failed to connect to socket 'tcp:1124': Connection refused
06-01 22:24:38.788   568   568 E adbd    : failed to connect to socket 'tcp:1125': Connection refused
06-01 22:24:38.795  1279  2137 I FontLog : (REDACTED) Pulling font file for id = %d, cache size = %d
06-01 22:24:38.795  1600  2283 V Configuration: Updating configuration, locales updated from [] to [en_US]
06-01 22:24:38.795  1600  2283 I gle.android.gms: AssetManager2(0x7bbe4242e8f8) locale list changing from [] to [en-US]
06-01 22:24:38.797   568   568 E adbd    : failed to connect to socket 'tcp:1125': Connection refused
06-01 22:24:38.802   688   732 W ActivityManager: Slow operation: 143ms so far, now at startProcess: done updating battery stats
06-01 22:24:38.803   688   732 W ActivityManager: Slow operation: 143ms so far, now at startProcess: building log message
06-01 22:24:38.803   688   732 I ActivityManager: Start proc 2914:com.google.android.apps.safetyhub/u0a146 for broadcast {com.google.android.apps.safetyhub/com.google.android.apps.safetyhub.startup.StartupBroadcastReceiver_Receiver}
06-01 22:24:38.803   688   732 W ActivityManager: Slow operation: 143ms so far, now at startProcess: starting to update pids map
06-01 22:24:38.813   568   568 E adbd    : failed to connect to socket 'tcp:1126': Connection refused
06-01 22:24:38.819   568   568 E adbd    : failed to connect to socket 'tcp:1126': Connection refused
06-01 22:24:38.822  1600  1600 I NearbySharing: Invalidate tile state due to state change.
06-01 22:24:38.824  1600  1600 I NearbySharing: Invalidate tile state due to state change.
06-01 22:24:38.824   688   732 I ActivityManager: ProcessObserver broadcast disabled
06-01 22:24:38.825   688   732 W ActivityManager: Slow operation: 165ms so far, now at startProcess: done updating pids map
06-01 22:24:38.825   568   568 E adbd    : failed to connect to socket 'tcp:1127': Connection refused
06-01 22:24:38.830   688   898 D BackgroundInstallControlService: Package event received: 0
06-01 22:24:38.830   568   568 E adbd    : failed to connect to socket 'tcp:1127': Connection refused
06-01 22:24:38.836   568   568 E adbd    : failed to connect to socket 'tcp:1128': Connection refused
06-01 22:24:38.840   568   568 E adbd    : failed to connect to socket 'tcp:1128': Connection refused
06-01 22:24:38.842  1600  2283 W ProviderHelper: Unknown dynamite feature providerinstaller.dynamite
06-01 22:24:38.843  1600  2283 I DynamiteModule: Considering local module com.google.android.gms.providerinstaller.dynamite:1 and remote module com.google.android.gms.providerinstaller.dynamite:0
06-01 22:24:38.843  1600  2283 I DynamiteModule: Selected local version of com.google.android.gms.providerinstaller.dynamite
06-01 22:24:38.845   568   568 E adbd    : failed to connect to socket 'tcp:1129': Connection refused
06-01 22:24:38.850   568   568 E adbd    : failed to connect to socket 'tcp:1129': Connection refused
06-01 22:24:38.856   568   568 E adbd    : failed to connect to socket 'tcp:1130': Connection refused
06-01 22:24:38.860   568   568 E adbd    : failed to connect to socket 'tcp:1130': Connection refused
06-01 22:24:38.868   568   568 E adbd    : failed to connect to socket 'tcp:1131': Connection refused
06-01 22:24:38.873   568   568 E adbd    : failed to connect to socket 'tcp:1131': Connection refused
06-01 22:24:38.879   568   568 E adbd    : failed to connect to socket 'tcp:1132': Connection refused
06-01 22:24:38.884   568   568 E adbd    : failed to connect to socket 'tcp:1132': Connection refused
06-01 22:24:38.886   688   782 E JobScheduler.Quota: <0>com.google.android.apps.docs has 0 EJ quota without running anything
06-01 22:24:38.891   688   723 W Looper  : Slow dispatch took 330ms android.ui app=system_server main=false group=TOP_APP h=com.android.server.am.ActivityManagerService$UiHandler c=null m=68
06-01 22:24:38.895   688   723 W Looper  : Slow delivery took 201ms android.ui app=system_server main=false group=TOP_APP h=com.android.server.am.ActivityManagerService$UiHandler c=com.android.server.am.UidObserverController$$ExternalSyntheticLambda0@55f8c7 m=0
06-01 22:24:38.906  2914  2914 I .apps.safetyhub: Using CollectorTypeCMC GC.
06-01 22:24:38.919  1600  1600 D BoundBrokerSvc: onUnbind: Intent { act=com.google.android.gms.checkin.START xflg=0x4 pkg=com.google.android.gms }
06-01 22:24:38.935  2914  2914 W .apps.safetyhub: Unexpected CPU variant for x86: x86_64.
06-01 22:24:38.935  2914  2914 W .apps.safetyhub: Known variants: atom, sandybridge, silvermont, goldmont, goldmont-plus, goldmont-without-sha-xsaves, tremont, kabylake, alderlake, default
06-01 22:24:38.937  1600  1966 I gle.android.gms: AssetManager2(0x7bbe4242e8f8) locale list changing from [] to [en-US]
06-01 22:24:38.943  2914  2914 E .apps.safetyhub: Not starting debugger since process cannot load the jdwp agent.
06-01 22:24:38.955   688   723 W Looper  : Drained
06-01 22:24:38.997  1600  2889 W SQLiteLog: (28) double-quoted string literal: "com.aistudio.ereader.xynk"
06-01 22:24:38.999  2914  2914 D nativeloader: Load libframework-connectivity-tiramisu-jni.so using APEX ns com_android_tethering for caller /apex/com.android.tethering/javalib/framework-connectivity-t.jar: ok
06-01 22:24:39.080  2802  2899 D nativeloader: Configuring clns-11 for other apk /data/app/~~oqHPZkItOTY-JdZP8j0YvQ==/com.google.android.gms-U8kK62mhhj2hUoGXPlJDnw==/base.apk. target_sdk_version=37, uses_libraries=, library_path=/data/app/~~oqHPZkItOTY-JdZP8j0YvQ==/com.google.android.gms-U8kK62mhhj2hUoGXPlJDnw==/lib/x86_64:/data/app/~~oqHPZkItOTY-JdZP8j0YvQ==/com.google.android.gms-U8kK62mhhj2hUoGXPlJDnw==/base.apk!/lib/x86_64, permitted_path=/data:/mnt/expand:/data/user/0/com.google.android.gms
06-01 22:24:39.106  2914  2914 D ApplicationLoaders: Returning zygote-cached class loader: /system_ext/framework/androidx.window.extensions.jar
06-01 22:24:39.106  2914  2914 D ApplicationLoaders: Returning zygote-cached class loader: /system_ext/framework/androidx.window.sidecar.jar
06-01 22:24:39.108  2802  2899 I droid.apps.docs: AssetManager2(0x7bbe4242a758) locale list changing from [] to [en-US]
06-01 22:24:39.196  2802  2899 D nativeloader: Load /data/app/~~oqHPZkItOTY-JdZP8j0YvQ==/com.google.android.gms-U8kK62mhhj2hUoGXPlJDnw==/base.apk!/lib/x86_64/libconscrypt_gmscore_jni.so using class loader ns clns-11 (caller=/data/app/~~oqHPZkItOTY-JdZP8j0YvQ==/com.google.android.gms-U8kK62mhhj2hUoGXPlJDnw==/base.apk): ok
06-01 22:24:39.197  2568  2696 I LocalSynthesizer: Attempting to load synthesizer for voice: en-us-x-tpf-seanet-embedded
06-01 22:24:39.197  2568  2696 I LocalSynthesizer: Voice en-us-x-tpf-seanet-embedded is not supported by any existing synthesizers.
06-01 22:24:39.198  2568  2696 I ComposerWrapperImpl: Initializing new monolithic pipeline. New voice: en-us-x-tpf-seanet-embedded
06-01 22:24:39.198  2568  2696 I PipelineReaderImpl: Initializing monolithic pipeline from disk: /data/user_de/0/com.google.android.tts/files/superpacks/en-us/en-us-x-multi-seanet-r83/pipeline.pb
06-01 22:24:39.201  2802  2899 V NativeCrypto: Registering com/google/android/gms/org/conscrypt/NativeCrypto's 336 native methods...
06-01 22:24:39.201  2568  2696 I native  : I0000 00:00:1780327479.201491    2696 android_resource_loader.cc:38] Using Android specific resource loader
06-01 22:24:39.211  2568  2696 I native  : I0000 00:00:1780327479.210839    2696 android_resource_loader.cc:109] Loading resources for en_us_x_embedded_havoc/11876056385180869329
06-01 22:24:39.213  2153  2274 I WM-GreedyScheduler: Ignoring schedule request in non-main process
06-01 22:24:39.214  2568  2696 I native  : I0000 00:00:1780327479.213729    2696 data_source.cc:95] Opening data source "/data/user_de/0/com.google.android.tts/files/superpacks/en-us/en-us-x-multi-seanet-r83/../en-us-x-multi-r83/burdock_frame_config.pb" (as: FILE) ...
06-01 22:24:39.214  2568  2696 I native  : I0000 00:00:1780327479.214348    2696 data_source.cc:99] ... Opened data source "/data/user_de/0/com.google.android.tts/files/superpacks/en-us/en-us-x-multi-seanet-r83/../en-us-x-multi-r83/burdock_frame_config.pb" of size 68
06-01 22:24:39.214  1600  1608 W gle.android.gms: Suspending all threads took: 113.684ms
06-01 22:24:39.215  2568  2696 I native  : I0000 00:00:1780327479.215635    2696 android_resource_loader.cc:100] Built resource acoustic_frame_config
06-01 22:24:39.216  2568  2696 I native  : I0000 00:00:1780327479.216144    2696 android_resource_loader.cc:116] Loaded resource:acoustic_frame_config
06-01 22:24:39.216  2568  2696 I native  : I0000 00:00:1780327479.216300    2696 data_source.cc:95] Opening data source "/data/user_de/0/com.google.android.tts/files/superpacks/en-us/en-us-x-multi-seanet-r83/../en-us-x-multi-r83/affixes_en_us_android.far" (as: FILE) ...
06-01 22:24:39.216  2568  2696 I native  : I0000 00:00:1780327479.216452    2696 data_source.cc:99] ... Opened data source "/data/user_de/0/com.google.android.tts/files/superpacks/en-us/en-us-x-multi-seanet-r83/../en-us-x-multi-r83/affixes_en_us_android.far" of size 36782
06-01 22:24:39.217  1616  1616 D WM-Processor: oxa ac92f28e-5f60-4a3d-8bfc-c26d8a80940f executed; reschedule = true
06-01 22:24:39.220  2568  2696 I native  : I0000 00:00:1780327479.220355    2696 android_resource_loader.cc:100] Built resource affix_word_splitter_grm
06-01 22:24:39.220  2568  2696 I native  : I0000 00:00:1780327479.220498    2696 android_resource_loader.cc:116] Loaded resource:affix_word_splitter_grm
06-01 22:24:39.220  2568  2696 I native  : I0000 00:00:1780327479.220546    2696 data_source.cc:95] Opening data source "/data/user_de/0/com.google.android.tts/files/superpacks/en-us/en-us-x-multi-seanet-r83/../en-us-x-multi-r83/affixes_params_en_us.pb" (as: FILE) ...
06-01 22:24:39.220  2568  2696 I native  : I0000 00:00:1780327479.220686    2696 data_source.cc:99] ... Opened data source "/data/user_de/0/com.google.android.tts/files/superpacks/en-us/en-us-x-multi-seanet-r83/../en-us-x-multi-r83/affixes_params_en_us.pb" of size 420
06-01 22:24:39.222  2568  2696 I native  : I0000 00:00:1780327479.222543    2696 affix_word_splitter_data.cc:33] Ambiguous affix entries for spelling ['s] -- their grammars should disambiguate them.
06-01 22:24:39.222  2568  2696 I native  : I0000 00:00:1780327479.222657    2696 affix_word_splitter_data.cc:33] Ambiguous affix entries for spelling ['s] -- their grammars should disambiguate them.
06-01 22:24:39.222  2568  2696 I native  : I0000 00:00:1780327479.222786    2696 affix_word_splitter_data.cc:33] Ambiguous affix entries for spelling ['s] -- their grammars should disambiguate them.
06-01 22:24:39.222  2568  2696 I native  : I0000 00:00:1780327479.222835    2696 affix_word_splitter_data.cc:33] Ambiguous affix entries for spelling [s] -- their grammars should disambiguate them.
06-01 22:24:39.222  2568  2696 I native  : I0000 00:00:1780327479.222956    2696 affix_word_splitter_data.cc:33] Ambiguous affix entries for spelling [s] -- their grammars should disambiguate them.
06-01 22:24:39.223  2568  2696 I native  : I0000 00:00:1780327479.222999    2696 affix_word_splitter_data.cc:33] Ambiguous affix entries for spelling [s] -- their grammars should disambiguate them.
06-01 22:24:39.223  2568  2696 I native  : I0000 00:00:1780327479.223046    2696 affix_word_splitter_data.cc:33] Ambiguous affix entries for spelling [ed] -- their grammars should disambiguate them.
06-01 22:24:39.223  2568  2696 I native  : I0000 00:00:1780327479.223087    2696 affix_word_splitter_data.cc:33] Ambiguous affix entries for spelling [ed] -- their grammars should disambiguate them.
06-01 22:24:39.223  2568  2696 I native  : I0000 00:00:1780327479.223126    2696 affix_word_splitter_data.cc:33] Ambiguous affix entries for spelling [ed] -- their grammars should disambiguate them.
06-01 22:24:39.223  2568  2696 I native  : I0000 00:00:1780327479.223172    2696 affix_word_splitter_data.cc:89] Loaded affixes in [/data/user_de/0/com.google.android.tts/files/superpacks/en-us/en-us-x-multi-seanet-r83/../en-us-x-multi-r83/affixes_params_en_us.pb].
06-01 22:24:39.224  2568  2696 I native  : I0000 00:00:1780327479.224873    2696 android_resource_loader.cc:100] Built resource affix_word_splitter
06-01 22:24:39.225  2568  2696 I native  : I0000 00:00:1780327479.225034    2696 android_resource_loader.cc:116] Loaded resource:affix_word_splitter
06-01 22:24:39.225  2568  2696 I native  : I0000 00:00:1780327479.225243    2696 data_source.cc:95] Opening data source "/data/user_de/0/com.google.android.tts/files/superpacks/en-us/en-us-x-multi-seanet-r83/../en-us-x-multi-r83/roman_numeral_android.far" (as: FILE) ...
06-01 22:24:39.225  2568  2696 I native  : I0000 00:00:1780327479.225375    2696 data_source.cc:99] ... Opened data source "/data/user_de/0/com.google.android.tts/files/superpacks/en-us/en-us-x-multi-seanet-r83/../en-us-x-multi-r83/roman_numeral_android.far" of size 5112
06-01 22:24:39.227  2568  2696 I native  : I0000 00:00:1780327479.227241    2696 android_resource_loader.cc:100] Built resource classify_roman_numerals_grm_fst
06-01 22:24:39.227  2568  2696 I native  : I0000 00:00:1780327479.227350    2696 android_resource_loader.cc:116] Loaded resource:classify_roman_numerals_grm_fst
06-01 22:24:39.227  2568  2696 I native  : I0000 00:00:1780327479.227416    2696 data_source.cc:95] Opening data source "/data/user_de/0/com.google.android.tts/files/superpacks/en-us/en-us-x-multi-seanet-r83/../en-us-x-multi-r83/en_us_pronounce.far" (as: FILE) ...
06-01 22:24:39.227  2568  2696 I native  : I0000 00:00:1780327479.227548    2696 data_source.cc:99] ... Opened data source "/data/user_de/0/com.google.android.tts/files/superpacks/en-us/en-us-x-multi-seanet-r83/../en-us-x-multi-r83/en_us_pronounce.far" of size 5040
06-01 22:24:39.229  2568  2696 I native  : I0000 00:00:1780327479.228953    2696 android_resource_loader.cc:100] Built resource compound_pronounce_grm_fst
06-01 22:24:39.229  2568  2696 I native  : I0000 00:00:1780327479.229048    2696 android_resource_loader.cc:116] Loaded resource:compound_pronounce_grm_fst
06-01 22:24:39.229  2568  2696 I native  : I0000 00:00:1780327479.229230    2696 data_source.cc:95] Opening data source "/data/user_de/0/com.google.android.tts/files/superpacks/en-us/en-us-x-multi-seanet-r83/../en-us-x-multi-r83/disambiguation_rules_en_us.pb" (as: FILE) ...
06-01 22:24:39.229  2568  2696 I native  : I0000 00:00:1780327479.229337    2696 data_source.cc:99] ... Opened data source "/data/user_de/0/com.google.android.tts/files/superpacks/en-us/en-us-x-multi-seanet-r83/../en-us-x-multi-r83/disambiguation_rules_en_us.pb" of size 317147
06-01 22:24:39.235  1458  1800 I MediaProvider: Scanned external_primary due to REASON_MOUNTED, found 163 items in 8642ms, 0 inserts 23 updates 0 deletes
06-01 22:24:39.245  2802  2930 I glbi    : Unable to retrieve flag snapshot for com.google.android.gms.providerinstaller#com.google.android.apps.docs, using defaults.
06-01 22:24:39.247  2802  2899 I ProviderInstaller: Installed default security provider GmsCore_OpenSSL
06-01 22:24:39.259  2802  2929 E GoogleApiManager: Failed to get service from broker. 
06-01 22:24:39.259  2802  2929 E GoogleApiManager: java.lang.SecurityException: Unknown calling package name 'com.google.android.gms'.
06-01 22:24:39.259  2802  2929 E GoogleApiManager: 	at android.os.Parcel.createExceptionOrNull(Parcel.java:3340)
06-01 22:24:39.259  2802  2929 E GoogleApiManager: 	at android.os.Parcel.createException(Parcel.java:3324)
06-01 22:24:39.259  2802  2929 E GoogleApiManager: 	at android.os.Parcel.readException(Parcel.java:3307)
06-01 22:24:39.259  2802  2929 E GoogleApiManager: 	at android.os.Parcel.readException(Parcel.java:3249)
06-01 22:24:39.259  2802  2929 E GoogleApiManager: 	at bjcr.a(:com.google.android.gms@261631038@26.16.31 (260800-900800821):36)
06-01 22:24:39.259  2802  2929 E GoogleApiManager: 	at bjan.z(:com.google.android.gms@261631038@26.16.31 (260800-900800821):143)
06-01 22:24:39.259  2802  2929 E GoogleApiManager: 	at bigj.run(:com.google.android.gms@261631038@26.16.31 (260800-900800821):42)
06-01 22:24:39.259  2802  2929 E GoogleApiManager: 	at android.os.Handler.handleCallback(Handler.java:995)
06-01 22:24:39.259  2802  2929 E GoogleApiManager: 	at android.os.Handler.dispatchMessage(Handler.java:103)
06-01 22:24:39.259  2802  2929 E GoogleApiManager: 	at czrg.mD(:com.google.android.gms@261631038@26.16.31 (260800-900800821):1)
06-01 22:24:39.259  2802  2929 E GoogleApiManager: 	at czrg.dispatchMessage(:com.google.android.gms@261631038@26.16.31 (260800-900800821):5)
06-01 22:24:39.259  2802  2929 E GoogleApiManager: 	at android.os.Looper.loopOnce(Looper.java:248)
06-01 22:24:39.259  2802  2929 E GoogleApiManager: 	at android.os.Looper.loop(Looper.java:338)
06-01 22:24:39.259  2802  2929 E GoogleApiManager: 	at android.os.HandlerThread.run(HandlerThread.java:85)
06-01 22:24:39.260  2802  2929 W GoogleApiManager: Not showing notification since connectionResult is not user-facing: ConnectionResult{statusCode=DEVELOPER_ERROR, resolution=null, message=null, clientMethodKey=null}
06-01 22:24:39.260  2802  2928 W FlagRegistrar: Failed to register com.google.android.gms.providerinstaller#com.google.android.apps.docs
06-01 22:24:39.260  2802  2928 W FlagRegistrar: glbt: 17: 17: API: Phenotype.API is not available on this device. Connection failed with: ConnectionResult{statusCode=DEVELOPER_ERROR, resolution=null, message=null, clientMethodKey=null}
06-01 22:24:39.260  2802  2928 W FlagRegistrar: 	at glbv.a(:com.google.android.gms@261631038@26.16.31 (260800-900800821):13)
06-01 22:24:39.260  2802  2928 W FlagRegistrar: 	at hkyd.d(:com.google.android.gms@261631038@26.16.31 (260800-900800821):3)
06-01 22:24:39.260  2802  2928 W FlagRegistrar: 	at hkyf.run(:com.google.android.gms@261631038@26.16.31 (260800-900800821):139)
06-01 22:24:39.260  2802  2928 W FlagRegistrar: 	at hlan.execute(:com.google.android.gms@261631038@26.16.31 (260800-900800821):1)
06-01 22:24:39.260  2802  2928 W FlagRegistrar: 	at hkyn.f(:com.google.android.gms@261631038@26.16.31 (260800-900800821):1)
06-01 22:24:39.260  2802  2928 W FlagRegistrar: 	at hkyn.m(:com.google.android.gms@261631038@26.16.31 (260800-900800821):101)
06-01 22:24:39.260  2802  2928 W FlagRegistrar: 	at hkyn.q(:com.google.android.gms@261631038@26.16.31 (260800-900800821):16)
06-01 22:24:39.260  2802  2928 W FlagRegistrar: 	at gctb.hy(:com.google.android.gms@261631038@26.16.31 (260800-900800821):35)
06-01 22:24:39.260  2802  2928 W FlagRegistrar: 	at fpgy.run(:com.google.android.gms@261631038@26.16.31 (260800-900800821):12)
06-01 22:24:39.260  2802  2928 W FlagRegistrar: 	at hlan.execute(:com.google.android.gms@261631038@26.16.31 (260800-900800821):1)
06-01 22:24:39.260  2802  2928 W FlagRegistrar: 	at fpgz.b(:com.google.android.gms@261631038@26.16.31 (260800-900800821):18)
06-01 22:24:39.260  2802  2928 W FlagRegistrar: 	at fpho.b(:com.google.android.gms@261631038@26.16.31 (260800-900800821):34)
06-01 22:24:39.260  2802  2928 W FlagRegistrar: 	at fphq.d(:com.google.android.gms@261631038@26.16.31 (260800-900800821):22)
06-01 22:24:39.260  2802  2928 W FlagRegistrar: 	at bidp.e(:com.google.android.gms@261631038@26.16.31 (260800-900800821):9)
06-01 22:24:39.260  2802  2928 W FlagRegistrar: 	at bigh.q(:com.google.android.gms@261631038@26.16.31 (260800-900800821):48)
06-01 22:24:39.260  2802  2928 W FlagRegistrar: 	at bigh.d(:com.google.android.gms@261631038@26.16.31 (260800-900800821):10)
06-01 22:24:39.260  2802  2928 W FlagRegistrar: 	at bigh.g(:com.google.android.gms@261631038@26.16.31 (260800-900800821):191)
06-01 22:24:39.260  2802  2928 W FlagRegistrar: 	at bigh.onConnectionFailed(:com.google.android.gms@261631038@26.16.31 (260800-900800821):2)
06-01 22:24:39.260  2802  2928 W FlagRegistrar: 	at bigj.run(:com.google.android.gms@261631038@26.16.31 (260800-900800821):70)
06-01 22:24:39.260  2802  2928 W FlagRegistrar: 	at android.os.Handler.handleCallback(Handler.java:995)
06-01 22:24:39.260  2802  2928 W FlagRegistrar: 	at android.os.Handler.dispatchMessage(Handler.java:103)
06-01 22:24:39.260  2802  2928 W FlagRegistrar: 	at czrg.mD(:com.google.android.gms@261631038@26.16.31 (260800-900800821):1)
06-01 22:24:39.260  2802  2928 W FlagRegistrar: 	at czrg.dispatchMessage(:com.google.android.gms@261631038@26.16.31 (260800-900800821):5)
06-01 22:24:39.260  2802  2928 W FlagRegistrar: 	at android.os.Looper.loopOnce(Looper.java:248)
06-01 22:24:39.260  2802  2928 W FlagRegistrar: 	at android.os.Looper.loop(Looper.java:338)
06-01 22:24:39.260  2802  2928 W FlagRegistrar: 	at android.os.HandlerThread.run(HandlerThread.java:85)
06-01 22:24:39.260  2802  2928 W FlagRegistrar: Caused by: bibu: 17: API: Phenotype.API is not available on this device. Connection failed with: ConnectionResult{statusCode=DEVELOPER_ERROR, resolution=null, message=null, clientMethodKey=null}
06-01 22:24:39.260  2802  2928 W FlagRegistrar: 	at bizz.a(:com.google.android.gms@261631038@26.16.31 (260800-900800821):15)
06-01 22:24:39.260  2802  2928 W FlagRegistrar: 	at bids.a(:com.google.android.gms@261631038@26.16.31 (260800-900800821):1)
06-01 22:24:39.260  2802  2928 W FlagRegistrar: 	at bidp.e(:com.google.android.gms@261631038@26.16.31 (260800-900800821):5)
06-01 22:24:39.260  2802  2928 W FlagRegistrar: 	... 12 more
06-01 22:24:39.289  1458  1462 W FuseDaemon: Suspending all threads took: 42.916ms
