06-01 17:17:20.512  2540  2697 I native  : I0000 00:00:1780309040.512988    2697 data_source.cc:95] Opening data source "/data/user_de/0/com.google.android.tts/files/superpacks/en-us/en-us-x-multi-seanet-r83/universal_carrier_pigeon_config.binarypb" (as: FILE) ...
06-01 17:17:20.513  2540  2697 I native  : I0000 00:00:1780309040.513311    2697 data_source.cc:99] ... Opened data source "/data/user_de/0/com.google.android.tts/files/superpacks/en-us/en-us-x-multi-seanet-r83/universal_carrier_pigeon_config.binarypb" of size 52
06-01 17:17:20.515  2540  2697 I native  : I0000 00:00:1780309040.515307    2697 data_source.cc:95] Opening data source "/data/user_de/0/com.google.android.tts/files/superpacks/en-us/en-us-x-multi-seanet-r83/universal_carrier_pigeon_model.tflite" (as: FILE) ...
06-01 17:17:20.515  2540  2697 I native  : I0000 00:00:1780309040.515665    2697 data_source.cc:99] ... Opened data source "/data/user_de/0/com.google.android.tts/files/superpacks/en-us/en-us-x-multi-seanet-r83/universal_carrier_pigeon_model.tflite" of size 638952
06-01 17:17:20.528  1593  2578 I BackupNotificationsSche: Scheduled backup notifications task successfully. [CONTEXT service_id=229 ]
06-01 17:17:20.531  2540  2697 I native  : I0000 00:00:1780309040.531560    2697 android_resource_loader.cc:100] Built resource carrier_pigeon_algo
06-01 17:17:20.531  2540  2697 I native  : I0000 00:00:1780309040.531735    2697 android_resource_loader.cc:116] Loaded resource:carrier_pigeon_algo
06-01 17:17:20.531  2540  2697 I native  : I0000 00:00:1780309040.531812    2697 android_resource_loader.cc:100] Built resource icu_transliterator
06-01 17:17:20.531  2540  2697 I native  : I0000 00:00:1780309040.531835    2697 android_resource_loader.cc:116] Loaded resource:icu_transliterator
06-01 17:17:20.531  2540  2697 I native  : I0000 00:00:1780309040.531860    2697 data_source.cc:95] Opening data source "/data/user_de/0/com.google.android.tts/files/superpacks/en-us/en-us-x-multi-seanet-r83/../en-us-x-multi-r83/variant_overrides_en_us.pb" (as: FILE) ...
06-01 17:17:20.531  2540  2697 I native  : I0000 00:00:1780309040.531922    2697 data_source.cc:99] ... Opened data source "/data/user_de/0/com.google.android.tts/files/superpacks/en-us/en-us-x-multi-seanet-r83/../en-us-x-multi-r83/variant_overrides_en_us.pb" of size 1525
06-01 17:17:20.538  2540  2697 I native  : I0000 00:00:1780309040.539136    2697 android_resource_loader.cc:100] Built resource variant_overrides
06-01 17:17:20.539  2540  2697 I native  : I0000 00:00:1780309040.539226    2697 android_resource_loader.cc:116] Loaded resource:variant_overrides
06-01 17:17:20.539  2540  2697 I native  : I0000 00:00:1780309040.539259    2697 data_source.cc:95] Opening data source "/data/user_de/0/com.google.android.tts/files/superpacks/en-us/en-us-x-multi-seanet-r83/../en-us-x-multi-r83/variant_selection_model_en_us_embedded.bin" (as: MEMORY) ...
06-01 17:17:20.539  2540  2697 I native  : I0000 00:00:1780309040.539375    2697 data_source.cc:99] ... Opened data source "/data/user_de/0/com.google.android.tts/files/superpacks/en-us/en-us-x-multi-seanet-r83/../en-us-x-multi-r83/variant_selection_model_en_us_embedded.bin" of size 221608
06-01 17:17:20.546  1593  2578 I Backup  : [TargetEnabler] Setting target components to enabled = false
06-01 17:17:20.549  2540  2697 I native  : I0000 00:00:1780309040.548851    2697 android_resource_loader.cc:100] Built resource variant_selection_model_data_resource
06-01 17:17:20.549  2540  2697 I native  : I0000 00:00:1780309040.549917    2697 android_resource_loader.cc:116] Loaded resource:variant_selection_model_data_resource
06-01 17:17:20.550  1593  2578 W SyntheticOperationsLogg: SyntheticOperationsLogger unable to log "com.google.android.gms.backup_transport"'s use of "change_component_enabled_state" because installOperationsCollector never executed [CONTEXT service_id=238 ]
06-01 17:17:20.553  1593  2578 I Backup  : [TargetEnabler] Enabling D2dMigrateHelperService on non-Pixel on P+
06-01 17:17:20.555  1593  2578 W SyntheticOperationsLogg: SyntheticOperationsLogger unable to log "com.google.android.gms.backup_transport"'s use of "change_component_enabled_state" because installOperationsCollector never executed [CONTEXT service_id=238 ]
06-01 17:17:20.575  1593  2578 I Backup  : [SourceEnabler] Setting source components to enabled = true
06-01 17:17:20.581  1593  2578 W SyntheticOperationsLogg: SyntheticOperationsLogger unable to log "com.google.android.gms.backup_transport"'s use of "change_component_enabled_state" because installOperationsCollector never executed [CONTEXT service_id=238 ]
06-01 17:17:20.588  1593  2578 W Backup  : [ComponentEnablerUtil] Unable to set component 'com.google.android.gms.backup.component.RestoreSessionV0Service' to enabled=true
06-01 17:17:20.593  1593  2578 W SyntheticOperationsLogg: SyntheticOperationsLogger unable to log "com.google.android.gms.backup_transport"'s use of "change_component_enabled_state" because installOperationsCollector never executed [CONTEXT service_id=238 ]
06-01 17:17:20.595  3000  3000 D ApplicationLoaders: Returning zygote-cached class loader: /system_ext/framework/androidx.window.extensions.jar
06-01 17:17:20.595  3000  3000 D ApplicationLoaders: Returning zygote-cached class loader: /system_ext/framework/androidx.window.sidecar.jar
06-01 17:17:20.596  1593  2578 W Backup  : [ComponentEnablerUtil] Unable to set component 'com.google.android.gms.backup.component.CloudRestoreFlowActivity' to enabled=true
06-01 17:17:20.602  1593  1906 W ProximityAuth: [GetSyncedDevices] Attestation: No devices out of 0 passed verification.
06-01 17:17:20.602  1593  1593 D BoundBrokerSvc: onBind: Intent { act=com.google.android.mdd.service.START dat=chimera-action:/... xflg=0x4 cmp=com.google.android.gms/.chimera.GmsApiService }
06-01 17:17:20.603  1593  1593 D BoundBrokerSvc: Loading bound service for intent: Intent { act=com.google.android.mdd.service.START dat=chimera-action:/... xflg=0x4 cmp=com.google.android.gms/.chimera.GmsApiService }
06-01 17:17:20.621  1593  1954 I Backup  : [GmsBackupAccountManager] Backup account not found in gmscore.
06-01 17:17:20.623  1593  2578 W SyntheticOperationsLogg: SyntheticOperationsLogger unable to log "com.google.android.gms.backup_transport"'s use of "change_component_enabled_state" because installOperationsCollector never executed [CONTEXT service_id=238 ]
06-01 17:17:20.623  2540  2697 I native  : I0000 00:00:1780309040.623717    2697 select_variants.cc:128] Word with override has only one variant: her
06-01 17:17:20.624  2540  2697 I native  : I0000 00:00:1780309040.623868    2697 android_resource_loader.cc:100] Built resource select_variants_algo
06-01 17:17:20.624  2540  2697 I native  : I0000 00:00:1780309040.624471    2697 android_resource_loader.cc:116] Loaded resource:select_variants_algo
06-01 17:17:20.624  2540  2697 I native  : I0000 00:00:1780309040.624527    2697 data_source.cc:95] Opening data source "/data/user_de/0/com.google.android.tts/files/superpacks/en-us/en-us-x-multi-seanet-r83/../en-us-x-multi-r83/us_verbalization_capabilities.pb" (as: FILE) ...
06-01 17:17:20.624  2540  2697 I native  : I0000 00:00:1780309040.624682    2697 data_source.cc:99] ... Opened data source "/data/user_de/0/com.google.android.tts/files/superpacks/en-us/en-us-x-multi-seanet-r83/../en-us-x-multi-r83/us_verbalization_capabilities.pb" of size 5224
06-01 17:17:20.624  1593  2578 W Backup  : [ComponentEnablerUtil] Unable to set component 'com.google.android.gms.backup.component.D2dMigrateFlowActivity' to enabled=false
06-01 17:17:20.625  2540  2697 I native  : I0000 00:00:1780309040.625965    2697 android_resource_loader.cc:100] Built resource verbalization_capabilities
06-01 17:17:20.625  2540  2697 I native  : I0000 00:00:1780309040.626035    2697 android_resource_loader.cc:116] Loaded resource:verbalization_capabilities
06-01 17:17:20.625  2540  2697 I native  : I0000 00:00:1780309040.626059    2697 data_source.cc:95] Opening data source "/data/user_de/0/com.google.android.tts/files/superpacks/en-us/en-us-x-multi-seanet-r83/../en-us-x-multi-r83/verbalize_embedded_android.far" (as: FILE) ...
06-01 17:17:20.625  2540  2697 I native  : I0000 00:00:1780309040.626144    2697 data_source.cc:99] ... Opened data source "/data/user_de/0/com.google.android.tts/files/superpacks/en-us/en-us-x-multi-seanet-r83/../en-us-x-multi-r83/verbalize_embedded_android.far" of size 2342559
06-01 17:17:20.642  2048  2133 I .apps.wellbeing: AssetManager2(0x7184c5c12c78) locale list changing from [] to [en-US]
06-01 17:17:20.646  1265  2781 W ChimeraUtils: Module com.google.android.gms.backup_base missing resource null(0)
06-01 17:17:20.655  1593  2651 I AndroidBackupEventsLogg: (REDACTED) null shouldSample, evaluating sampling value. Event %s
06-01 17:17:20.657  2048  2133 I .apps.wellbeing: AssetManager2(0x7184c5c11058) locale list changing from [] to [en-US]
06-01 17:17:20.663  3000  3000 D nativeloader: InitLlndkLibrariesProduct: libEGL.so:libGLESv1_CM.so:libGLESv2.so:libGLESv3.so:libRS.so:libandroid_net.so:libapexsupport.so:libavf.so:libbinder_ndk.so:libc.so:libcgrouprc.so:libclang_rt.asan-x86_64-android.so:libcom.android.tethering.connectivity_native.so:libdl.so:libft2.so:liblog.so:libm.so:libmediandk.so:libnativewindow.so:libneuralnetworks.so:libselinux.so:libsync.so:libvendorsupport.so:libvndksupport.so:libvulkan.so
06-01 17:17:20.663  3000  3000 D nativeloader: Configuring product-clns-9 for unbundled product apk /product/priv-app/AndroidAutoStubPrebuilt/AndroidAutoStubPrebuilt.apk. target_sdk_version=36, uses_libraries=, library_path=/product/priv-app/AndroidAutoStubPrebuilt/lib/x86_64:/product/lib64:/system/product/lib64, permitted_path=/data:/mnt/expand:/data/user/0/com.google.android.projection.gearhead:/product/lib64:/system/product/lib64
06-01 17:17:20.664  3000  3000 D nativeloader: InitVndkspLibrariesProduct: VNDK is deprecated with product
06-01 17:17:20.672  2540  2697 I native  : I0000 00:00:1780309040.672609    2697 android_resource_loader.cc:100] Built resource verbalize_grm_fst
06-01 17:17:20.673  2540  2697 I native  : I0000 00:00:1780309040.673066    2697 android_resource_loader.cc:116] Loaded resource:verbalize_grm_fst
06-01 17:17:20.673  2540  2697 I native  : I0000 00:00:1780309040.673442    2697 android_resource_loader.cc:100] Built resource speller_algo
06-01 17:17:20.673  2540  2697 I native  : I0000 00:00:1780309040.673573    2697 android_resource_loader.cc:116] Loaded resource:speller_algo
06-01 17:17:20.695  3000  3000 I on.gearhead:car: AssetManager2(0x7184c5c09fd8) locale list changing from [] to [en-US]
06-01 17:17:20.705  3000  3000 V GraphicsEnvironment: Currently set values for:
06-01 17:17:20.706  3000  3000 V GraphicsEnvironment:   angle_gl_driver_selection_pkgs=[]
06-01 17:17:20.706  3000  3000 V GraphicsEnvironment:   angle_gl_driver_selection_values=[]
06-01 17:17:20.706  3000  3000 V GraphicsEnvironment: com.google.android.projection.gearhead is not listed in per-application setting
06-01 17:17:20.706  3000  3000 V GraphicsEnvironment: ANGLE allowlist from config: com.dreamgames.royalmatch com.dts.freefiremax com.dxx.firenow com.gramgames.mergedragons com.ludo.king com.mojang.minecraftpe com.my.defense com.nintendo.zaka com.os.airforce com.playrix.fishdomdd.gplay io.teslatech.callbreak jp.konami.prospia net.peakgames.toonblast
06-01 17:17:20.706  3000  3000 V GraphicsEnvironment: com.google.android.projection.gearhead is not listed in ANGLE allowlist or settings, returning default
06-01 17:17:20.706  3000  3000 V GraphicsEnvironment: Neither updatable production driver nor prerelease driver is supported.
06-01 17:17:20.721  2540  2697 I native  : I0000 00:00:1780309040.721192    2697 android_resource_loader.cc:100] Built resource verbalize_grm_algo
06-01 17:17:20.721  2540  2697 I native  : I0000 00:00:1780309040.721473    2697 android_resource_loader.cc:116] Loaded resource:verbalize_grm_algo
06-01 17:17:20.721  2540  2697 I native  : I0000 00:00:1780309040.721734    2697 voice_params_resource.cc:33] Voice information: MessageLite at 0x7185b5cc5b90
06-01 17:17:20.722  2540  2697 I native  : I0000 00:00:1780309040.722021    2697 android_resource_loader.cc:100] Built resource voice_params
06-01 17:17:20.722  2540  2697 I native  : I0000 00:00:1780309040.722150    2697 android_resource_loader.cc:116] Loaded resource:voice_params
06-01 17:17:20.723  1593  2576 I AndroidBackupEventsLogg: Evaluating whether required time has passed for sampling [CONTEXT service_id=229 ]
06-01 17:17:20.725  3000  3000 I CAR.GH  : onCreate
06-01 17:17:20.726  1593  2576 I AndroidBackupEventsLogg: (REDACTED) Setting shouldSample to true. Event %s
06-01 17:17:20.727  1593  2576 I AndroidBackupEventsLogg: (REDACTED) Logging with sampling event %s
06-01 17:17:20.727  2972  2972 I Finsky  : [2] Process created at version: 51.5.21-31 [0] [PR] 916190111
06-01 17:17:20.739  1593  2578 I Checkin : [CheckinHSUMHandler] Do not register network callback if not user 0 on HSUM.
06-01 17:17:20.744  1593  1954 I Backup  : [GmsBackupAccountManager] Backup account not found in gmscore.
06-01 17:17:20.750  2540  2697 I native  : I0000 00:00:1780309040.750441    2697 android_resource_loader.cc:100] Built resource word_resolver_algo
06-01 17:17:20.750  2540  2697 I native  : I0000 00:00:1780309040.750565    2697 android_resource_loader.cc:116] Loaded resource:word_resolver_algo
06-01 17:17:20.750  2540  2697 I native  : I0000 00:00:1780309040.750867    2697 data_source.cc:95] Opening data source "/data/user_de/0/com.google.android.tts/files/superpacks/en-us/en-us-x-multi-seanet-r83/../en-us-x-multi-r83/xsampa_to_tts_to-en_us.far" (as: FILE) ...
06-01 17:17:20.751  2540  2697 I native  : I0000 00:00:1780309040.751241    2697 data_source.cc:99] ... Opened data source "/data/user_de/0/com.google.android.tts/files/superpacks/en-us/en-us-x-multi-seanet-r83/../en-us-x-multi-r83/xsampa_to_tts_to-en_us.far" of size 22132
06-01 17:17:20.754  2540  2697 I native  : I0000 00:00:1780309040.754578    2697 android_resource_loader.cc:100] Built resource xsampa_to_tts_phoneme_mapper
06-01 17:17:20.754  2540  2697 I native  : I0000 00:00:1780309040.754719    2697 android_resource_loader.cc:116] Loaded resource:xsampa_to_tts_phoneme_mapper
06-01 17:17:20.754  2540  2697 I native  : I0000 00:00:1780309040.754754    2697 local_pipeline_runner.cc:49] Done loading all resources from: {/data/user_de/0/com.google.android.tts/files/superpacks/en-us/en-us-x-multi-seanet-r83}
06-01 17:17:20.761   679   711 V GrammaticalInflectionUtils: AttributionSource: android.content.AttributionSource@b4ecc8c6 does not have READ_SYSTEM_GRAMMATICAL_GENDER permission.
06-01 17:17:20.761   679   711 D CompatChangeReporter: Compat change id reported: 151861875; UID 10197; state: ENABLED
06-01 17:17:20.786   482   482 D Zygote  : Forked child process 3025
06-01 17:17:20.790  2048  2133 I .apps.wellbeing: AssetManager2(0x7184c5c132b8) locale list changing from [] to [en-US]
06-01 17:17:20.792  1593  2075 V Configuration: Updating configuration, locales updated from [] to [en_US]
06-01 17:17:20.793  1593  2075 I gle.android.gms: AssetManager2(0x7184c5c14bb8) locale list changing from [] to [en-US]
06-01 17:17:20.794  1593  2075 W ProviderHelper: Unknown dynamite feature providerinstaller.dynamite
06-01 17:17:20.794  1593  2075 I DynamiteModule: Considering local module com.google.android.gms.providerinstaller.dynamite:1 and remote module com.google.android.gms.providerinstaller.dynamite:0
06-01 17:17:20.794  1593  2075 I DynamiteModule: Selected local version of com.google.android.gms.providerinstaller.dynamite
06-01 17:17:20.795   679   712 I ActivityManager: Start proc 3025:com.google.android.rkpdapp/u0a197 for broadcast {com.google.android.rkpdapp/com.android.rkpdapp.BootReceiver}
06-01 17:17:20.798  1265  2781 W ChimeraUtils: Module com.google.android.gms.backup_base missing resource null(0)
06-01 17:17:20.800   679   712 I ActivityManager: ProcessObserver broadcast disabled
06-01 17:17:20.819  3025  3025 I android.rkpdapp: Using CollectorTypeCMC GC.
06-01 17:17:20.825  3025  3025 W android.rkpdapp: Unexpected CPU variant for x86: x86_64.
06-01 17:17:20.825  3025  3025 W android.rkpdapp: Known variants: atom, sandybridge, silvermont, goldmont, goldmont-plus, goldmont-without-sha-xsaves, tremont, kabylake, alderlake, default
06-01 17:17:20.830  3025  3025 E android.rkpdapp: Not starting debugger since process cannot load the jdwp agent.
06-01 17:17:20.848  2540  2697 I ComposerWrapperImpl: Done initializing en-us-x-tpf-seanet-embedded
06-01 17:17:20.849  3025  3025 D nativeloader: Load libframework-connectivity-tiramisu-jni.so using APEX ns com_android_tethering for caller /apex/com.android.tethering/javalib/framework-connectivity-t.jar: ok
06-01 17:17:20.852  2540  2697 I GoogleTTSServiceImpl: Synthesis request for locale eng-USA and name en-us-x-tpf-local
06-01 17:17:20.865   679   757 D BackupTransportManager: [UserID:0] Transport com.google.android.gms/.backup.BackupTransportService updated its attributes
06-01 17:17:20.867  1593  1599 W gle.android.gms: Suspending all threads took: 16.988ms
06-01 17:17:20.880  1593  2578 I WakefulBroadcastRcvr: Processing wakeful broadcast: com.google.android.gms.checkin.CHECKIN_START_ACTION
06-01 17:17:20.882  1593  1889 I AndroidBackupEventsLogg: (REDACTED) Logging with sampling event %s
06-01 17:17:20.883  1593  1889 I AndroidBackupEventsLogg: (REDACTED) Logging with sampling event %s
06-01 17:17:20.884  1593  2590 I Checkin : [CheckinIntentOperation] onHandleIntent, Intent { act=com.google.android.gms.checkin.CHECKIN_START_ACTION cat=[targeted_intent_op_prefix:.checkin.CheckinIntentOperation] xflg=0x4 cmp=com.google.android.gms/.chimera.GmsIntentOperationService (has extras) }
06-01 17:17:20.893  2048  2133 I .apps.wellbeing: AssetManager2(0x7184c5c17458) locale list changing from [] to [en-US]
06-01 17:17:20.902  1593  2578 I SyncIntentOperation: (REDACTED) Handling the intent: %s.
06-01 17:17:20.932  2643  3040 D ProfileInstaller: Installing profile for com.aistudio.ereader.xynk
06-01 17:17:20.936  1593  2586 I CobaltLoggerImpl: (REDACTED) CobaltModuleInitIntentOperation: %s
06-01 17:17:20.939   482   482 D Zygote  : Forked child process 3041
06-01 17:17:20.943  1593  2586 I CobaltObservationGenera: (REDACTED) Scheduling Cobalt Observation Generation task to run every %s hours
06-01 17:17:20.945   679   712 I ActivityManager: Start proc 3041:com.google.android.gms.unstable/u0a148 for service {com.google.android.gms/com.google.android.gms.chimera.UnstableInternalBoundBrokerService}
06-01 17:17:20.945   679   712 I ActivityManager: ProcessObserver broadcast disabled
06-01 17:17:20.953  2048  2133 I .apps.wellbeing: AssetManager2(0x7184c5c200f8) locale list changing from [] to [en-US]
06-01 17:17:20.958  2048  2133 I .apps.wellbeing: AssetManager2(0x7184c5c1ee38) locale list changing from [] to [en-US]
06-01 17:17:20.960  3041  3041 I id.gms.unstable: Using CollectorTypeCMC GC.
06-01 17:17:20.961  3041  3041 W id.gms.unstable: Unexpected CPU variant for x86: x86_64.
06-01 17:17:20.961  3041  3041 W id.gms.unstable: Known variants: atom, sandybridge, silvermont, goldmont, goldmont-plus, goldmont-without-sha-xsaves, tremont, kabylake, alderlake, default
06-01 17:17:20.966  3041  3041 E id.gms.unstable: Not starting debugger since process cannot load the jdwp agent.
06-01 17:17:20.970  2048  2133 I .apps.wellbeing: AssetManager2(0x7184c5c1c278) locale list changing from [] to [en-US]
06-01 17:17:20.980  1593  1954 I constellation: [intent_handler] Received onBootCompleted intent
06-01 17:17:20.981  1593  1954 I constellation: [reboot_checker] Reboot checker check status.
06-01 17:17:20.990  3041  3041 D nativeloader: Load libframework-connectivity-tiramisu-jni.so using APEX ns com_android_tethering for caller /apex/com.android.tethering/javalib/framework-connectivity-t.jar: ok
06-01 17:17:21.004  1593  1954 I constellation: [reboot_checker] Reboot Sync didn't run.
06-01 17:17:21.046  2972  3048 W Finsky  : [42] Failed to get the task info for cold start.
06-01 17:17:21.046  2972  3048 I Finsky  : [42] Process started for unknown session.
06-01 17:17:21.067  2972  3049 I Finsky  : [43] Finished reading experiment flags from file [0tGUNCGIkbk4o6-fQ335kUYSKwVj4lusnHT-A5Dsy08] numFlags=2350.
06-01 17:17:21.070  2187  2309 I Bugle   : BugleStartup: Registering SIM change receiver...
06-01 17:17:21.074  2972  3050 I Finsky  : [44] Finished reading experiment flags from file [Se-xCc4LzNyh3UrKMIU2sUf-PUKz4oQEbpKZDMuaFno] numFlags=2012.
06-01 17:17:21.074  2187  2309 I Bugle   : BugleStartup: Updating app config...
06-01 17:17:21.091  2187  2309 I Bugle   : BugleStartup: Done with SIM change receiver & app config.
06-01 17:17:21.091  2187  2309 I Bugle   : BugleStartup: Handling shared prefs upgrade & Load MMS Configuration...
06-01 17:17:21.096   679  1800 V SafetySourceDataValidat: Package: com.google.android.gms has expected signature
06-01 17:17:21.097   679  1800 V SafetySourceDataValidat: Package: com.google.android.gms has expected signature
06-01 17:17:21.097   679  1800 V SafetySourceDataValidat: Package: com.google.android.gms has expected signature
06-01 17:17:21.125  2187  2654 I BugleRcsEngine: Unexpected action: android.intent.action.SIM_STATE_CHANGED [CONTEXT log_prefix="(Sim)" thread_id=70 ]
06-01 17:17:21.128  3025  3025 D nativeloader: Configuring clns-shared-9 for other apk /apex/com.android.rkpd/priv-app/rkpdapp.google@360527520/rkpdapp.google.apk. target_sdk_version=35, uses_libraries=, library_path=/apex/com.android.rkpd/priv-app/rkpdapp.google@360527520/lib/x86_64:/system/lib64:/system_ext/lib64, permitted_path=/data:/mnt/expand:/data/user/0/com.google.android.rkpdapp:/apex/com.android.rkpd/priv-app/rkpdapp.google@360527520:/system/lib64:/system_ext/lib64
06-01 17:17:21.134  2187  2674 W JobInfo : Job 'com.google.android.apps.messaging/.shared.datamodel.action.execution.ActionJobService#102' has a deadline with no functional constraints. The deadline won't improve job execution latency. Consider removing the deadline.
06-01 17:17:21.135  2187  3064 I BugleRcsEngine: do not delay first event [CONTEXT thread_id=82 ]
06-01 17:17:21.136  3025  3025 D nativeloader: InitApexLibraries:
06-01 17:17:21.136  3025  3025 D nativeloader:   com_android_adservices: libhpke_jni.so:libtflite_support_classifiers_native.so
06-01 17:17:21.136  3025  3025 D nativeloader:   com_android_appsearch: libicing.so
06-01 17:17:21.136  3025  3025 D nativeloader:   com_android_art: libartservice.so
06-01 17:17:21.136  3025  3025 D nativeloader:   com_android_bt: libbluetooth_jni.so
06-01 17:17:21.136  3025  3025 D nativeloader:   com_android_conscrypt: libjavacrypto.so
06-01 17:17:21.136  3025  3025 D nativeloader:   com_android_mediaprovider: libpdfclient.so
06-01 17:17:21.136  3025  3025 D nativeloader:   com_android_nfcservices: libnfc_nci_jni.so
06-01 17:17:21.136  3025  3025 D nativeloader:   com_android_ondevicepersonalization: libfcp_cpp_dep_jni.so:libfcp_hpke_jni.so
06-01 17:17:21.136  3025  3025 D nativeloader:   com_android_os_statsd: libstats_jni.so
06-01 17:17:21.136  3025  3025 D nativeloader:   com_android_tethering: libandroid_net_connectivity_com_android_net_module_util_jni.so:libframework-connectivity-jni.so:libframework-connectivity-tiramisu-jni.so:libmainlinecronet.133.0.6876.3.so:libservice-connectivity.so:libservice-thread-jni.so:stable_cronet_libcrypto.so:stable_cronet_libssl.so
06-01 17:17:21.136  3025  3025 D nativeloader:   com_android_uwb: libuwb_uci_jni_rust.so
06-01 17:17:21.136  3025  3025 D nativeloader:   com_android_virt: libvirtualizationservice_jni.so:libvirtualmachine_jni.so
06-01 17:17:21.136  3025  3025 D nativeloader:   com_android_wifi: libservice-wifi-jni.so
06-01 17:17:21.137   679  1574 W JobInfo : Job 'com.google.android.apps.messaging/.shared.datamodel.action.execution.ActionJobService#102' has a deadline with no functional constraints. The deadline won't improve job execution latency. Consider removing the deadline.
06-01 17:17:21.138  3041  3041 D ApplicationLoaders: Returning zygote-cached class loader: /system/framework/org.apache.http.legacy.jar
06-01 17:17:21.139  2187  2309 I Bugle   : BugleStartup: Initializing RCS availability...
06-01 17:17:21.141  3041  3041 D ApplicationLoaders: Returning zygote-cached class loader: /system/framework/com.android.location.provider.jar
06-01 17:17:21.142  3041  3041 D ApplicationLoaders: Returning zygote-cached class loader: /system/framework/com.android.media.remotedisplay.jar
06-01 17:17:21.146  2187  2672 I RcsProvisioningFlow: Received intent action: android.intent.action.SIM_STATE_CHANGED with extra SIM_STATE: LOADED
06-01 17:17:21.146  2187  2672 I RcsProvisioningFlow: Sending sim state update work request to scheduler due to LOADED.
06-01 17:17:21.150  2187  2672 I RcsProvisioningFlow: Scheduling 3 using PWQ with updateTrigger: 6, scheduledAt: 2026-06-01T10:17:21.147Z, initialDelaySeconds: 0.
06-01 17:17:21.152  2187  2309 I Bugle   : BugleStartup: Done with RCS availability.
06-01 17:17:21.153  2187  2309 I Bugle   : BugleStartup: Done initializing with enabled individual init failures.
06-01 17:17:21.153  2187  2675 I RcsProvisioningFlow: Beginning update task for phone SIMs state scheduledAt: 2026-06-01T10:17:21.153Z
06-01 17:17:21.154  1593  2578 W ChimeraUtils: Module com.google.android.gms.dck_stub missing resource null(0)
06-01 17:17:21.157  3041  3041 D nativeloader: Configuring clns-9 for other apk /system_ext/framework/com.android.extensions.appfunctions.jar. target_sdk_version=37, uses_libraries=ALL, library_path=/data/app/~~oqHPZkItOTY-JdZP8j0YvQ==/com.google.android.gms-U8kK62mhhj2hUoGXPlJDnw==/lib/x86_64:/data/app/~~oqHPZkItOTY-JdZP8j0YvQ==/com.google.android.gms-U8kK62mhhj2hUoGXPlJDnw==/base.apk!/lib/x86_64, permitted_path=/data:/mnt/expand:/data/user/0/com.google.android.gms
06-01 17:17:21.159  3041  3041 D ApplicationLoaders: Returning zygote-cached class loader: /system_ext/framework/androidx.window.extensions.jar
06-01 17:17:21.160  3041  3041 D ApplicationLoaders: Returning zygote-cached class loader: /system_ext/framework/androidx.window.sidecar.jar
06-01 17:17:21.162  3025  3025 D CompatChangeReporter: Compat change id reported: 202956589; UID 10197; state: ENABLED
06-01 17:17:21.170  3025  3025 I android.rkpdapp: AssetManager2(0x7184c5c0f118) locale list changing from [] to [en-US]
06-01 17:17:21.183  2187  2330 D WM-GreedyScheduler: Ignoring {WorkSpec: 4bbe0f97-af1e-43da-a9f7-7023d6f90f1f}. Requires device idle.
06-01 17:17:21.183  2187  2330 D WM-GreedyScheduler: Ignoring {WorkSpec: 8a71ddeb-024a-42d9-b323-09743e6c7207}. Requires device idle.
06-01 17:17:21.183  2187  2330 D WM-GreedyScheduler: Ignoring {WorkSpec: 1cfeb8ce-0bc6-4456-aa4f-dc3cf66674cd}. Requires device idle.
06-01 17:17:21.184  2187  2330 D WM-GreedyScheduler: Ignoring {WorkSpec: 48ce0983-9fd2-4ccc-93f1-14e323aa9613}. Requires device idle.
06-01 17:17:21.185  2187  2330 D WM-GreedyScheduler: Starting work for 2efcb876-d54d-4b93-9a65-24a9ca26b2e1
06-01 17:17:21.191  1265  1265 W ChimeraUtils: Module com.google.android.gms.crisisalerts missing resource crisisalerts_module_name(0)
06-01 17:17:21.192  2187  2330 D WM-Processor: stt: processing WorkGenerationalId(workSpecId=2efcb876-d54d-4b93-9a65-24a9ca26b2e1, generation=0)
06-01 17:17:21.198  2048  2133 I .apps.wellbeing: AssetManager2(0x7184c5c1a018) locale list changing from [] to [en-US]
06-01 17:17:21.199  2972  3057 D nativeloader: Load /data/app/~~fzPmczEzXOn-VmSLND64cg==/com.android.vending-Ci_96UMtEKj8dpjLPEebiw==/split_config.x86_64.apk!/lib/x86_64/libmappedcountercacheversionjni.so using class loader ns clns-9 (caller=/data/app/~~fzPmczEzXOn-VmSLND64cg==/com.android.vending-Ci_96UMtEKj8dpjLPEebiw==/base.apk): ok
06-01 17:17:21.205  2187  2674 D MddListenableWorkerFactory: createWorker for class: com.google.android.apps.messaging.shared.datamodel.workqueue.WorkQueueWorkerShim
06-01 17:17:21.216  2187  2187 D WM-WorkerWrapper: Starting work for com.google.android.apps.messaging.shared.datamodel.workqueue.WorkQueueWorkerShim
06-01 17:17:21.217  1593  1593 D BoundBrokerSvc: onBind: Intent { act=com.google.android.gms.checkin.START xflg=0x4 pkg=com.google.android.gms }
06-01 17:17:21.217  1593  1593 D BoundBrokerSvc: Loading bound service for intent: Intent { act=com.google.android.gms.checkin.START xflg=0x4 pkg=com.google.android.gms }
06-01 17:17:21.222  2187  3064 I BugleRcsEngine: Processing an intent [CONTEXT log_prefix="(Sim)" thread_id=82 ]
06-01 17:17:21.228  2187  3064 I BugleRcsEngine: SIM state LOADED [CONTEXT log_prefix="(Sim)" thread_id=82 ]
06-01 17:17:21.230  2187  2330 I RcsProvisioningFlow: Handling SIM state update work request for 3 with updateTrigger 6, scheduledAt 2026-06-01T10:17:21.147Z.
06-01 17:17:21.230  2187  2330 I RcsProvisioningFlow: Beginning update task for phone SIMs state scheduledAt: 2026-06-01T10:17:21.147Z
06-01 17:17:21.235  3025  3025 V GraphicsEnvironment: Currently set values for:
06-01 17:17:21.235  3025  3025 V GraphicsEnvironment:   angle_gl_driver_selection_pkgs=[]
06-01 17:17:21.235  3025  3025 V GraphicsEnvironment:   angle_gl_driver_selection_values=[]
06-01 17:17:21.235  3025  3025 V GraphicsEnvironment: com.google.android.rkpdapp is not listed in per-application setting
06-01 17:17:21.235  3025  3025 V GraphicsEnvironment: ANGLE allowlist from config: com.dreamgames.royalmatch com.dts.freefiremax com.dxx.firenow com.gramgames.mergedragons com.ludo.king com.mojang.minecraftpe com.my.defense com.nintendo.zaka com.os.airforce com.playrix.fishdomdd.gplay io.teslatech.callbreak jp.konami.prospia net.peakgames.toonblast
06-01 17:17:21.235  3025  3025 V GraphicsEnvironment: com.google.android.rkpdapp is not listed in ANGLE allowlist or settings, returning default
06-01 17:17:21.235  3025  3025 V GraphicsEnvironment: Neither updatable production driver nor prerelease driver is supported.
06-01 17:17:21.240  1265  1265 W ChimeraUtils: Module com.google.android.gms.crisisalerts missing resource crisisalerts_module_name(0)
06-01 17:17:21.254  2187  2672 I Bugle   : BroadcastReceiverAsyncWorkTracker: Acknowledging broadcast of dcxj@a3df283
06-01 17:17:21.258  1032  1694 I AdapterProperties: getBondedDevices: length=0
06-01 17:17:21.267  2187  2671 I BugleDataModel: Scheduling country code detector action, because a subscription changed its state.
06-01 17:17:21.270  3025  3025 D WM-WrkMgrInitializer: Initializing WorkManager with default configuration.
06-01 17:17:21.271  2187  3064 I BugleRcsEngine: SIM changed: false. current id: redacted-pii:sim_id[chars:20,last3:897]; stored id: redacted-pii:sim_id[chars:20,last3:897]; isFiDevice: false; subId: 1; slotIndex: 0 [CONTEXT log_prefix="(Sim)" thread_id=82 ]
06-01 17:17:21.279  1179  1179 W ContextImpl: Calling a method in the system process without a qualified user: android.app.ContextImpl.sendBroadcast:1269 android.content.ContextWrapper.sendBroadcast:506 android.content.ContextWrapper.sendBroadcast:506 com.android.settings.fuelgauge.batteryusage.BootBroadcastReceiver.$r8$lambda$NYbzklSftprvatAlISPsV0wCKqc:86 com.android.settings.fuelgauge.batteryusage.BootBroadcastReceiver$$ExternalSyntheticLambda0.run:0 
06-01 17:17:21.282  2187  2330 I RcsProvisioningFlow: Lock acquired for updatng phone SIMs state with update trigger: 6.
06-01 17:17:21.285  2540  2697 I GoogleTTSServiceImpl: TTS dispatch: en-us-x-tpf-seanet-embedded
06-01 17:17:21.286  2540  2697 I LocalSynthesizer: Attempting to load synthesizer for voice: en-us-x-tpf-seanet-embedded
06-01 17:17:21.286  2540  2697 I LocalSynthesizer: Voice en-us-x-tpf-seanet-embedded is already supported by loaded synthesizer en-us-x-multi.
06-01 17:17:21.286  2540  2697 I ComposerWrapperImpl: Skipping initialization, can already run voice en-us-x-tpf-seanet-embedded.
06-01 17:17:21.299  3041  3041 D nativeloader: Configuring clns-10 for other apk /data/app/~~oqHPZkItOTY-JdZP8j0YvQ==/com.google.android.gms-U8kK62mhhj2hUoGXPlJDnw==/base.apk. target_sdk_version=37, uses_libraries=, library_path=/data/app/~~oqHPZkItOTY-JdZP8j0YvQ==/com.google.android.gms-U8kK62mhhj2hUoGXPlJDnw==/lib/x86_64:/data/app/~~oqHPZkItOTY-JdZP8j0YvQ==/com.google.android.gms-U8kK62mhhj2hUoGXPlJDnw==/base.apk!/lib/x86_64, permitted_path=/data:/mnt/expand:/data/user/0/com.google.android.gms
06-01 17:17:21.303  3025  3025 D WM-PackageManagerHelper: Skipping component enablement for androidx.work.impl.background.systemjob.SystemJobService
06-01 17:17:21.303  3025  3025 D WM-Schedulers: Created SystemJobScheduler and enabled SystemJobService
06-01 17:17:21.305  3025  3070 D WM-ForceStopRunnable: The default process name was not specified.
06-01 17:17:21.309  1593  2578 I DckStubModuleInit: Loading stub module components [CONTEXT service_id=289 ]
06-01 17:17:21.311  1593  2578 I Dck     : (REDACTED) disableDckSupport: %s
06-01 17:17:21.311  1265  2387 W ChimeraUtils: Module com.google.android.gms.crisisalerts missing resource crisisalerts_module_name(0)
06-01 17:17:21.311  3025  3070 D WM-ForceStopRunnable: Performing cleanup operations.
06-01 17:17:21.312   679  1808 I system_server: IncrementDisableThreadFlip blocked for 14.495ms
06-01 17:17:21.313   679   696 I system_server: IncrementDisableThreadFlip blocked for 11.937ms
06-01 17:17:21.313  1593  2578 E Dck     : Could not get ProviderInfo when resolving the content provider authority. [CONTEXT service_id=289 ]
06-01 17:17:21.314  1593  2578 E Dck     : Samsung Content Provider failed app verification [CONTEXT service_id=289 ]
06-01 17:17:21.315  1593  2578 W Dck     : [WirelessCapabilitiesFeatures] wccSysProp: 0 [CONTEXT service_id=289 ]
06-01 17:17:21.319  1593  1593 D BoundBrokerSvc: onBind: Intent { act=com.google.android.gms.credential.manager.service.zeroparty.checkup.START dat=chimera-action:/... xflg=0x4 cmp=com.google.android.gms/.chimera.GmsApiService }
06-01 17:17:21.319  1593  1593 D BoundBrokerSvc: Loading bound service for intent: Intent { act=com.google.android.gms.credential.manager.service.zeroparty.checkup.START dat=chimera-action:/... xflg=0x4 cmp=com.google.android.gms/.chimera.GmsApiService }
06-01 17:17:21.324  2048  2133 I .apps.wellbeing: AssetManager2(0x7184c5c1f478) locale list changing from [] to [en-US]
06-01 17:17:21.328  1593  2578 I Dck     : [WirelessCapabilitiesFeatures] wccOverride: not set [CONTEXT service_id=289 ]
06-01 17:17:21.331  1179  1179 D BootBroadcastReceiver: refresh periodic job from action=com.android.settings.battery.action.PERIODIC_JOB_RECHECK
06-01 17:17:21.331  2187  2672 I BugleJobs: Starts to observe table change.
06-01 17:17:21.338  3041  3041 I id.gms.unstable: AssetManager2(0x7184c5c0d818) locale list changing from [] to [en-US]
06-01 17:17:21.341  1265  1265 D BoundBrokerSvc: onRebind: Intent { act=com.google.android.gms.common.telemetry.service.START dat=chimera-action:/... xflg=0x4 cmp=com.google.android.gms/.chimera.PersistentApiService }
06-01 17:17:21.350  2540  2697 I tflite  : Created TensorFlow Lite XNNPACK delegate for CPU.
06-01 17:17:21.350  2540  2697 W tflite  : Attempting to use a delegate that only supports static-sized tensors with a graph that has dynamic-sized tensors (tensor#26 is a dynamic-sized tensor).
06-01 17:17:21.351  3025  3070 E ashmem  : Pinning is deprecated since Android Q. Please use trim or other methods.
06-01 17:17:21.353   679   711 V GrammaticalInflectionUtils: AttributionSource: android.content.AttributionSource@5c30c87a does not have READ_SYSTEM_GRAMMATICAL_GENDER permission.
06-01 17:17:21.355  1593  2578 I Dck     : (REDACTED) [WirelessCapabilitiesFeatures] returned wcc: %s
06-01 17:17:21.356   679   711 D CompatChangeReporter: Compat change id reported: 151861875; UID 10145; state: ENABLED
06-01 17:17:21.358  3041  3041 V GraphicsEnvironment: Currently set values for:
06-01 17:17:21.360  3025  3025 I RkpdBootReceiver: Caught boot intent, waking up.
06-01 17:17:21.364  1179  1179 D PeriodicJobManager: schedule next alarm job at Jun 01, 2026, 18:00:00
06-01 17:17:21.364  3041  3041 V GraphicsEnvironment:   angle_gl_driver_selection_pkgs=[]
06-01 17:17:21.364  3041  3041 V GraphicsEnvironment:   angle_gl_driver_selection_values=[]
06-01 17:17:21.364  3041  3041 V GraphicsEnvironment: com.google.android.gms is not listed in per-application setting
06-01 17:17:21.364  3041  3041 V GraphicsEnvironment: ANGLE allowlist from config: com.dreamgames.royalmatch com.dts.freefiremax com.dxx.firenow com.gramgames.mergedragons com.ludo.king com.mojang.minecraftpe com.my.defense com.nintendo.zaka com.os.airforce com.playrix.fishdomdd.gplay io.teslatech.callbreak jp.konami.prospia net.peakgames.toonblast
06-01 17:17:21.364  3041  3041 V GraphicsEnvironment: com.google.android.gms is not listed in ANGLE allowlist or settings, returning default
06-01 17:17:21.364  3041  3041 V GraphicsEnvironment: Neither updatable production driver nor prerelease driver is supported.
06-01 17:17:21.374  3025  3025 I RkpdBootReceiver: Queueing a one-time provisioning job for widevine provisioning.
06-01 17:17:21.374  1593  2578 I Dck     : Dck module condition - hasWccSupport: false [CONTEXT service_id=289 ]
06-01 17:17:21.374  1593  2578 I Dck     : Dck module condition - downloadAllowed: false [CONTEXT service_id=289 ]
06-01 17:17:21.375  1593  2578 W Dck     : Dck module not eligible for asynchronous downloading [CONTEXT service_id=289 ]
06-01 17:17:21.375   482   482 D Zygote  : Forked child process 3074
06-01 17:17:21.383  2187  2671 W JobInfo : Job 'com.google.android.apps.messaging/.shared.datamodel.action.execution.ActionJobService#102' has a deadline with no functional constraints. The deadline won't improve job execution latency. Consider removing the deadline.
06-01 17:17:21.383   679   712 I ActivityManager: Start proc 3074:com.google.android.settings.intelligence/u0a145 for broadcast {com.google.android.settings.intelligence/androidx.work.impl.background.systemalarm.RescheduleReceiver}
06-01 17:17:21.385   679   756 W JobInfo : Job 'com.google.android.apps.messaging/.shared.datamodel.action.execution.ActionJobService#102' has a deadline with no functional constraints. The deadline won't improve job execution latency. Consider removing the deadline.
06-01 17:17:21.389   679   712 I ActivityManager: ProcessObserver broadcast disabled
06-01 17:17:21.391  2048  2133 I .apps.wellbeing: AssetManager2(0x7184c5c1e4d8) locale list changing from [] to [en-US]
06-01 17:17:21.393  2187  2671 I BugleDataModel: Scheduling self participants refresh action, because a subscription changed its state.
06-01 17:17:21.396  3025  3070 D WM-SystemJobScheduler: Reconciling jobs
06-01 17:17:21.396  3074  3074 I gs.intelligence: Using CollectorTypeCMC GC.
06-01 17:17:21.397  3074  3074 W gs.intelligence: Unexpected CPU variant for x86: x86_64.
06-01 17:17:21.397  3074  3074 W gs.intelligence: Known variants: atom, sandybridge, silvermont, goldmont, goldmont-plus, goldmont-without-sha-xsaves, tremont, kabylake, alderlake, default
06-01 17:17:21.402  3074  3074 E gs.intelligence: Not starting debugger since process cannot load the jdwp agent.
06-01 17:17:21.408  3025  3025 D WM-RescheduleReceiver: Received intent Intent { act=android.intent.action.BOOT_COMPLETED flg=0x89000010 cmp=com.google.android.rkpdapp/androidx.work.impl.background.systemalarm.RescheduleReceiver (has extras) }
06-01 17:17:21.411  3074  3074 D nativeloader: Load libframework-connectivity-tiramisu-jni.so using APEX ns com_android_tethering for caller /apex/com.android.tethering/javalib/framework-connectivity-t.jar: ok
06-01 17:17:21.411  1593  1771 I Checkin : [CheckinApiChimeraService] onGetService
06-01 17:17:21.415  3025  3070 D WM-ForceStopRunnable: Found unfinished work, scheduling it.
06-01 17:17:21.418  3025  3070 D CompatChangeReporter: Compat change id reported: 311402873; UID 10197; state: ENABLED
06-01 17:17:21.418  3025  3070 D CompatChangeReporter: Compat change id reported: 323349338; UID 10197; state: ENABLED
06-01 17:17:21.418  3025  3070 D WM-SystemJobScheduler: Scheduling work ID cbb860da-a633-4278-b98b-10525eaf9e11Job ID 75
06-01 17:17:21.426   679  1808 D CompatChangeReporter: Compat change id reported: 311402873; UID 10197; state: ENABLED
06-01 17:17:21.426   679  1808 D CompatChangeReporter: Compat change id reported: 323349338; UID 10197; state: ENABLED
06-01 17:17:21.430   679  1808 D ConnectivityService: requestNetwork for uid/pid:1000/679 asUid: 10197 activeRequest: null callbackRequest: 117 [NetworkRequest [ REQUEST id=118, [ Capabilities: INTERNET&NOT_RESTRICTED&TRUSTED&NOT_VCN_MANAGED&NOT_BANDWIDTH_CONSTRAINED Uid: 10197 RequestorUid: 1000 RequestorPkg: android UnderlyingNetworks: Null] ]] callback flags: 0 order: 2147483647 isUidTracked: false declaredMethods: AVAIL|LOST|BLK
06-01 17:17:21.437  2540  3069 I tflite  : Replacing 301 out of 301 node(s) with delegate (TfLiteXNNPackDelegate) node, yielding 1 partitions for subgraph 0.
06-01 17:17:21.457  3025  3095 D WM-Processor: Processor cancelling cbb860da-a633-4278-b98b-10525eaf9e11
06-01 17:17:21.457  3025  3095 D WM-Processor: WorkerWrapper could not be found for cbb860da-a633-4278-b98b-10525eaf9e11
06-01 17:17:21.459  2187  3064 I BugleRcsEngine: Skipping writing subId because this is main bugle process. [CONTEXT log_prefix="(Sim)" thread_id=82 ]
06-01 17:17:21.463  2187  2330 I BugleSimStateTracker: Looking up Fi through package names.
06-01 17:17:21.464  2187  3064 I BugleRcsEngine: Updated SIM info: currentSimId: redacted-pii:sim_id[chars:20,last3:897]; imsi: redacted-pii:imsi[chars:15]; rawMsisdn: redacted-pii:phone_number[chars:12,last2:67]; formattedMsisdn: redacted-pii:phone_number[chars:12,last2:67]; mccmnc: redacted-pii:sim_operator[chars:6]; gid1: redacted-pii:sim_gid[chars:0]; isFiDevice: false; subId: 1; slotIndex: 0 [CONTEXT log_prefix="(Sim)" thread_id=82 ]
06-01 17:17:21.466   679   835 D ConnectivityService: NetReassign [118 : null → 100] [c 1] [a 0] [i 1]
06-01 17:17:21.471  3025  3095 D WM-GreedyScheduler: Cancelling work ID cbb860da-a633-4278-b98b-10525eaf9e11
06-01 17:17:21.483  3025  3095 W JobInfo : Requested important-while-foreground flag for job77 is ignored and takes no effect
06-01 17:17:21.486   679   827 D WifiNetworkFactory: got request NetworkRequest [ REQUEST id=118, [ Capabilities: INTERNET&NOT_RESTRICTED&TRUSTED&NOT_VCN_MANAGED&NOT_BANDWIDTH_CONSTRAINED Uid: 10197 RequestorUid: 1000 RequestorPkg: android UnderlyingNetworks: Null] ]
06-01 17:17:21.486   679   827 D UntrustedWifiNetworkFactory: got request NetworkRequest [ REQUEST id=118, [ Capabilities: INTERNET&NOT_RESTRICTED&TRUSTED&NOT_VCN_MANAGED&NOT_BANDWIDTH_CONSTRAINED Uid: 10197 RequestorUid: 1000 RequestorPkg: android UnderlyingNetworks: Null] ]
06-01 17:17:21.486   679   827 D OemPaidWifiNetworkFactory: got request NetworkRequest [ REQUEST id=118, [ Capabilities: INTERNET&NOT_RESTRICTED&TRUSTED&NOT_VCN_MANAGED&NOT_BANDWIDTH_CONSTRAINED Uid: 10197 RequestorUid: 1000 RequestorPkg: android UnderlyingNetworks: Null] ]
06-01 17:17:21.486   679   827 D MultiInternetWifiNetworkFactory: got request NetworkRequest [ REQUEST id=118, [ Capabilities: INTERNET&NOT_RESTRICTED&TRUSTED&NOT_VCN_MANAGED&NOT_BANDWIDTH_CONSTRAINED Uid: 10197 RequestorUid: 1000 RequestorPkg: android UnderlyingNetworks: Null] ]
06-01 17:17:21.487  3025  3095 D WM-SystemJobScheduler: Scheduling work ID 66cdf226-c03b-4024-b486-732aee8dd452Job ID 77
06-01 17:17:21.497  2187  3064 I BugleRcsEngine: Handling SIM_LOADED in PhoneSimsStateUpdater. [CONTEXT log_prefix="(Sim)" thread_id=82 ]
06-01 17:17:21.501  2187  2671 D WM-GreedyScheduler: Ignoring {WorkSpec: 4bbe0f97-af1e-43da-a9f7-7023d6f90f1f}. Requires device idle.
06-01 17:17:21.505  2187  2671 D WM-GreedyScheduler: Ignoring {WorkSpec: 8a71ddeb-024a-42d9-b323-09743e6c7207}. Requires device idle.
06-01 17:17:21.508  2187  2671 D WM-GreedyScheduler: Ignoring {WorkSpec: 1cfeb8ce-0bc6-4456-aa4f-dc3cf66674cd}. Requires device idle.
06-01 17:17:21.508  2187  2671 D WM-GreedyScheduler: Ignoring {WorkSpec: 48ce0983-9fd2-4ccc-93f1-14e323aa9613}. Requires device idle.
06-01 17:17:21.511  2187  2314 I .apps.messaging: AssetManager2(0x7184c5c11ff8) locale list changing from [] to [en-US]
06-01 17:17:21.516  2187  2314 W Bugle   : BuglePhoneNumberUtils: canonicalizeMccMnc: invalid mccmnc. mcc: null, mnc: null
06-01 17:17:21.517  2972  2972 I Finsky  : [2] Profiling: Starting up (5)
06-01 17:17:21.528  1474  1483 I AiAiCaptions: TtsSynthesizerImpl::handleRequestSuccess(): requestId: requestId: 1
06-01 17:17:21.529   679   702 W Looper  : Slow dispatch took 133ms android.ui app=system_server main=false group=TOP_APP h=com.android.server.am.ActivityManagerService$UiHandler c=null m=68
06-01 17:17:21.535  2187  2382 I Forking : Starting analysis.
06-01 17:17:21.538  2187  2382 I Misthreading: Starting analysis.
06-01 17:17:21.546  1593  1593 D BoundBrokerSvc: onBind: Intent { act=com.google.android.gms.notifications.capping.api.NotificationsCappingApiService.START dat=chimera-action:/... xflg=0x4 cmp=com.google.android.gms/.chimera.GmsApiService }
06-01 17:17:21.546  1593  1593 D BoundBrokerSvc: Loading bound service for intent: Intent { act=com.google.android.gms.notifications.capping.api.NotificationsCappingApiService.START dat=chimera-action:/... xflg=0x4 cmp=com.google.android.gms/.chimera.GmsApiService }
06-01 17:17:21.552  3074  3074 D ApplicationLoaders: Returning zygote-cached class loader: /system/framework/org.apache.http.legacy.jar
06-01 17:17:21.552  3074  3074 D ApplicationLoaders: Returning zygote-cached class loader: /system_ext/framework/androidx.window.extensions.jar
06-01 17:17:21.552  3074  3074 D ApplicationLoaders: Returning zygote-cached class loader: /system_ext/framework/androidx.window.sidecar.jar
06-01 17:17:21.560  3041  3041 W ProviderHelper: Unknown dynamite feature providerinstaller.dynamite
06-01 17:17:21.569  1474  2755 I AiAiCaptions: TtsLangFetcherImpl::fetch(). Fetching 1 lang packs is finished. Failures count: 0
06-01 17:17:21.571   679  1830 D TextToSpeechManagerPerUserService: Unbinding TTS engine: com.google.android.tts. Reason: client disconnection request
06-01 17:17:21.574  3025  3025 V ActivityThread: getPackageInfo() caused update to cached ApplicationInfo for package com.google.android.rkpdapp
06-01 17:17:21.574  3025  3025 I android.rkpdapp: AssetManager2(0x7184c5c09fd8) locale list changing from [] to [en-US]
06-01 17:17:21.575  3041  3041 I DynamiteModule: Considering local module com.google.android.gms.providerinstaller.dynamite:1 and remote module com.google.android.gms.providerinstaller.dynamite:0
06-01 17:17:21.575  3041  3041 I DynamiteModule: Selected local version of com.google.android.gms.providerinstaller.dynamite
06-01 17:17:21.595  2540  2540 I ComposerWrapperImpl: Deleting composer, current voice = en-us-x-tpf-seanet-embedded
06-01 17:17:21.597  1593  2075 V Configuration: Updating configuration, locales updated from [] to [en_US]
06-01 17:17:21.597  1593  2075 I gle.android.gms: AssetManager2(0x7184c5c14bb8) locale list changing from [] to [en-US]
06-01 17:17:21.598  1593  2075 W ProviderHelper: Unknown dynamite feature providerinstaller.dynamite
06-01 17:17:21.598  1593  2075 I DynamiteModule: Considering local module com.google.android.gms.providerinstaller.dynamite:1 and remote module com.google.android.gms.providerinstaller.dynamite:0
06-01 17:17:21.598  1593  2075 I DynamiteModule: Selected local version of com.google.android.gms.providerinstaller.dynamite
06-01 17:17:21.600  2972  3050 I Finsky  : [44] ajwt - Registering in memory receiver for android.intent.action.PACKAGE_ADDED and android.intent.action.PACKAGE_REMOVED
06-01 17:17:21.605   679   679 W TextToSpeechManagerPerUserService: Disconnected from TTS engine
06-01 17:17:21.606   679   679 W ServiceConnector.Impl: mayInterruptIfRunning not supported - ignoring
06-01 17:17:21.610  3025  3095 D WM-GreedyScheduler: Starting tracking for 66cdf226-c03b-4024-b486-732aee8dd452
06-01 17:17:21.623  3025  3095 W JobInfo : Requested important-while-foreground flag for job78 is ignored and takes no effect
06-01 17:17:21.623  3025  3095 D WM-SystemJobScheduler: Scheduling work ID 5e196570-c3db-4ec3-adbf-42cf82f6351dJob ID 78
06-01 17:17:21.623  1474  2239 I TextToSpeech: Disconnected from TTS engine
06-01 17:17:21.626  1593  2790 W DurableDeepLinkUtils: FDL Migration::ModuleState::NO_CHANGE::FDL_MODULE [CONTEXT service_id=77 ]
06-01 17:17:21.627  1593  2790 W FdlModuleInitIntentOper: FDL Migration::ModuleInitIntentOperation Invoked [CONTEXT service_id=77 ]
06-01 17:17:21.630  3025  3025 D WM-SystemJobService: onStartJob for WorkGenerationalId(workSpecId=66cdf226-c03b-4024-b486-732aee8dd452, generation=0)
06-01 17:17:21.636  2187  2282 I BugleConnectivity: isOnSatellite(1): false [CONTEXT ratelimit_period="1 SECONDS" ]
06-01 17:17:21.636  2187  2330 I BugleSimStateTracker: default call SIM: redacted-pii:sim_id[chars:20,last3:897], default sms SIM redacted-pii:sim_id[chars:20,last3:897]. default data SIM redacted-pii:sim_id[chars:20,last3:897].
06-01 17:17:21.638  3074  3074 D nativeloader: InitLlndkLibrariesProduct: libEGL.so:libGLESv1_CM.so:libGLESv2.so:libGLESv3.so:libRS.so:libandroid_net.so:libapexsupport.so:libavf.so:libbinder_ndk.so:libc.so:libcgrouprc.so:libclang_rt.asan-x86_64-android.so:libcom.android.tethering.connectivity_native.so:libdl.so:libft2.so:liblog.so:libm.so:libmediandk.so:libnativewindow.so:libneuralnetworks.so:libselinux.so:libsync.so:libvendorsupport.so:libvndksupport.so:libvulkan.so
06-01 17:17:21.643  2187  2282 I BugleConnectivity: 1 is not on satellite and no other subscriptions are on satellite [CONTEXT ratelimit_period="1 SECONDS" ]
06-01 17:17:21.646  3025  3095 D WM-GreedyScheduler: Starting tracking for 5e196570-c3db-4ec3-adbf-42cf82f6351d,66cdf226-c03b-4024-b486-732aee8dd452
