06-01 12:55:45.796  1339  1940 I DialerSystemCallLogDataSource: com.android.dialer.calllog.datasources.systemcalllog.SystemCallLogDataSource.fillFromSystemCallLog:183 no results; deleting all entries
06-01 12:55:45.796   677   766 W ContentProviderHelper: Slow operation: 143ms so far, now at getContentProviderImpl: updating data structures
06-01 12:55:45.797   677   766 W ContentProviderHelper: Slow operation: 144ms so far, now at getContentProviderImpl: done!
06-01 12:55:45.800  1809  1809 I kqx     : SslGuard completed installation.
06-01 12:55:45.868  1444  2001 D nativeloader: Load /product/priv-app/DevicePersonalizationPrebuiltPixel2021-bfinal_aiai_20250217.00_RC08/DevicePersonalizationPrebuiltPixel2021-bfinal_aiai_20250217.00_RC08.apk!/lib/x86_64/libaiai_native.so using class loader ns product-clns-9 (caller=/product/priv-app/DevicePersonalizationPrebuiltPixel2021-bfinal_aiai_20250217.00_RC08/DevicePersonalizationPrebuiltPixel2021-bfinal_aiai_20250217.00_RC08.apk!classes2.dex): ok
06-01 12:55:45.875  1480  1480 I epad    : SslGuard completed installation.
06-01 12:55:45.880  1385  1723 I SP      : Sync for dynamic_art succeeded in 1867 ms: no changes
06-01 12:55:45.881  1385  1723 I SP      : GC for 'dynamic_art' (10) with ttl of 0 ms took 0 ms (0/0/0)
06-01 12:55:45.881  1385  1723 I SP      : GC for 'emoticon_content_description' (10) with ttl of 0 ms took 0 ms (0/0/0)
06-01 12:55:45.882  1385  1723 I AbstractSyncResultCallback: AbstractSyncResultCallback.onFailure():38 onFailure(): emoticon_content_description.sync cancelled; expected if new request supersedes pending one.
06-01 12:55:45.886  1444  2012 I TrainerClient: Preparing to schedule training for population:aiai/playstore/pecanconversationsessionevents session_name:pecanconversationsessionevents
06-01 12:55:45.887  1444  2012 I TrainerClient: Preparing to schedule training for population:aiai/playstore/pecanconversationthreadevents session_name:pecanconversationthreadevents
06-01 12:55:45.887  1444  2012 I TrainerClient: Preparing to schedule training for population:aiai/playstore/ambientcontext session_name:ambientcontext
06-01 12:55:45.888  1444  2012 I TrainerClient: Preparing to schedule training for population:aiai/playstore/pecanmessageevents session_name:pecanmessageevents
06-01 12:55:45.888  1444  2012 I TrainerClient: Preparing to schedule training for population:aiai/playstore/search session_name:search
06-01 12:55:45.889  1444  2012 I TrainerClient: Preparing to schedule training for population:aiai/playstore/pecansearchqueryevents session_name:pecansearchqueryevents
06-01 12:55:45.889  1444  2012 I TrainerClient: Preparing to schedule training for population:aiai/playstore/toastquery session_name:toastquery
06-01 12:55:45.896  1669  1669 I gle.android.gms: AssetManager2(0x7f2d05595f98) locale list changing from [] to [en-US]
06-01 12:55:45.897  1669  1669 I gle.android.gms: AssetManager2(0x7f2d05597898) locale list changing from [] to [en-US]
06-01 12:55:45.900   677  1666 E JobScheduler.JobStatus: App com.google.android.inputmethod.latin became active but still in NEVER bucket
06-01 12:55:45.973  1444  1728 I AiAiWallpaperEffectsGen: load models from mdd and update ItpCache, isForegroundPath = false
06-01 12:55:45.973  1444  1728 I AiAiWallpaperEffectsGen: Flag off, skip loading mdd models
06-01 12:55:46.000  1385  1723 I SP      : Sync for emoticon_content_description succeeded in 1427 ms: no changes
06-01 12:55:46.000  1385  1723 I SP      : GC for 'emoticon_content_description' (10) with ttl of 0 ms took 0 ms (0/0/0)
06-01 12:55:46.007  1241  1800 W NearbySharing: No supported accounts found.
06-01 12:55:46.029  1921  1921 D WM-PackageManagerHelper: Skipping component enablement for androidx.work.impl.background.systemjob.SystemJobService
06-01 12:55:46.029  1921  1921 D WM-Schedulers: Created SystemJobScheduler and enabled SystemJobService
06-01 12:55:46.033  1241  1800 I NearbySharing: There is no account metadata, return default instance.
06-01 12:55:46.034  1241  1800 I NearbySharing: There is no account metadata, return default instance.
06-01 12:55:46.035  1241  1800 I NearbySharing: There is no account metadata, return default instance.
06-01 12:55:46.035  1241  1800 W NearbySharing: Cannot call setVisibility() on DisabledNearbySharingProviderV2
06-01 12:55:46.037  1669  1914 I gle.android.gms: AssetManager2(0x7f2d0559a458) locale list changing from [] to [en-US]
06-01 12:55:46.059  1241  1800 I NearbySharing: Not qualified for default opt-in. Multiple accounts are found.
06-01 12:55:46.092  1669  1669 W gle.android.gms: Verification of void com.google.android.gms.chimera.GmsModuleInitializer.initializeModuleV0(android.content.Context, com.google.android.gms.common.app.BaseApplicationContext) took 129.364ms (7212.19 bytecodes/s) (0B arena alloc)
06-01 12:55:46.132  1241  2006 I Multidevice: (REDACTED) [diis] settingsState.collect(): %s
06-01 12:55:46.133  1241  1695 I Multidevice: (REDACTED) [diis] settingsState.collect(): %s
06-01 12:55:46.135  1241  1323 I Multidevice: [diis] presenceClient.sync( [CONTEXT service_id=348 ]
06-01 12:55:46.135  1241  1323 I Multidevice: (REDACTED) [diis]     multideviceEnabled: %s
06-01 12:55:46.136  1241  1323 I Multidevice: (REDACTED) [diis]     deviceName: %s
06-01 12:55:46.136  1241  1323 I Multidevice: (REDACTED) [diis]     accountListForSync: %s
06-01 12:55:46.136  1241  1323 I Multidevice: [diis] ) [CONTEXT service_id=348 ]
06-01 12:55:46.137  1241  1310 I Multidevice: [FeatureSettingsApiService] Created API Stub. [CONTEXT service_id=348 ]
06-01 12:55:46.152  1241  1981 I Nearby  : (REDACTED) is blocked device type %s, isAuto=%s, isIot=%s, isLatchsky=%s, isChinaWearable=%s, isTv=%s, isWearable=%s (supportWearOs=%s), isChromeOsDevice=%s (supportChromeOs=%s)
06-01 12:55:46.165  1241  1333 I AppDoctorConfigChanged: Refreshing configuration on flag commit.
06-01 12:55:46.168  1444  1777 I CameraManagerGlobal: Connecting to camera service
06-01 12:55:46.185  1444  2001 W HWUI    : Image decoding logging dropped!
06-01 12:55:46.188  1444  2001 W HWUI    : Image decoding logging dropped!
06-01 12:55:46.205  2053  2053 I berberis: Initialized Berberis (aarch64), version 16.0.0
06-01 12:55:46.209   677   910 W ContentProviderHelper: Slow operation: 130ms so far, now at getContentProviderImpl: after updateOomAdj
06-01 12:55:46.210   677   910 W ContentProviderHelper: Slow operation: 409ms so far, now at getContentProviderImpl: done!
06-01 12:55:46.212   677  1406 D ConnectivityService: requestNetwork for uid/pid:10148/1241 activeRequest: null callbackRequest: 68 [NetworkRequest [ LISTEN_FOR_BEST id=68, [ Transports: CELLULAR|WIFI|BLUETOOTH|ETHERNET|SATELLITE Capabilities: INTERNET&TRUSTED&NOT_VPN&NOT_VCN_MANAGED Uid: 10148 RequestorUid: 10148 RequestorPkg: com.google.android.gms MatchNonThreadLocalNetworks UnderlyingNetworks: Null] ]] callback flags: 0 order: 2147483647 isUidTracked: false declaredMethods: AVAIL|LOSING|LOST|UNAVAIL|NC|LP|BLK
06-01 12:55:46.213   677   845 D ConnectivityService: Setting DNS servers for network 101 to [/10.0.2.3]
06-01 12:55:46.213   677   845 D DnsManager: sendDnsConfigurationForNetwork(ResolverParamsParcel{netId: 101, sampleValiditySeconds: 1800, successThreshold: 25, minSamples: 8, maxSamples: 64, baseTimeoutMsec: 0, retryCount: 0, servers: [10.0.2.3], domains: [], tlsName: , tlsServers: [], tlsFingerprints: [], caCertificate: , tlsConnectTimeoutMs: 0, resolverOptions: null, transportTypes: [0], meteredNetwork: true, dohParams: null, interfaceNames: [eth0]})
06-01 12:55:46.216   677  1661 W ActivityManager: Slow operation: 361ms so far, now at finishAttachApplicationInner: after mServices.attachApplicationLocked
06-01 12:55:46.216   677  1661 W ActivityManager: Slow operation: 361ms so far, now at finishAttachApplicationInner: after dispatching broadcasts
06-01 12:55:46.217  1809  1809 D ActivityThread: Package [com.aistudio.ereader.xynk] reported as REPLACED, but missing application info. Assuming REMOVED.
06-01 12:55:46.218  1809  1809 D ActivityThread: Package [com.aistudio.ereader.xynk] reported as REPLACED, but missing application info. Assuming REMOVED.
06-01 12:55:46.233  1921  2069 D WM-ForceStopRunnable: The default process name was not specified.
06-01 12:55:46.235  1921  2069 D WM-ForceStopRunnable: Performing cleanup operations.
06-01 12:55:46.241  1241  1251 W .gms.persistent: Suspending all threads took: 338.665ms
06-01 12:55:46.246  1444  1444 I AiAiVC  : Connected AiAiContentCaptureService session.
06-01 12:55:46.265  1669  1913 E gle.android.gms: hiddenapi: Accessing hidden method Landroid/net/ConnectivityManager;->isNetworkTypeMobile(I)Z (runtime_flags=0, domain=platform, api=max-target-p) from Lcccq; (domain=app) using reflection: denied
06-01 12:55:46.265  1669  1913 E gle.android.gms: hiddenapi: Accessing hidden method Landroid/os/PowerManager;->isLightDeviceIdleMode()Z (runtime_flags=0, domain=platform, api=max-target-s) from Lcccq; (domain=app) using reflection: denied
06-01 12:55:46.268  1339  1884 I DialerSingletonScopedExternalsLogging: com.google.android.dialershared.externals.logging.SingletonScopedExternalsLogging.recordCallMethodInvocation:75 event: BROADCAST_RECEIVER, function parameters: [Broadcast to com.android.dialer.voicemail.notification.receivers.MwiNotificationReceiver_Receiver android.telephony.action.SHOW_VOICEMAIL_NOTIFICATION,2026-06-01 12:55:44.512], return value: <empty>
06-01 12:55:46.268  1339  1884 I DialerSingletonScopedExternalsLogging: com.google.android.dialershared.externals.logging.SingletonScopedExternalsLogging.recordCallMethodInvocation:75 event: BROADCAST_RECEIVER, function parameters: [Broadcast to com.android.dialer.voicemail.notification.receivers.MwiNotificationReceiver_Receiver android.telephony.action.SHOW_VOICEMAIL_NOTIFICATION,2026-06-01 12:55:43.775], return value: <empty>
06-01 12:55:46.270  1385  1571 W JobInfo : Requested important-while-foreground flag for job492 is ignored and takes no effect
06-01 12:55:46.274  1669  1912 W TracingHelper: No RequestContext found in the trace or trace not available. [CONTEXT service_id=259 ratelimit_count=1410065408 ]
06-01 12:55:46.276  1669  1912 W TracingHelper: Mismatched RequestContext found for module HTTPFLAGS. Module id from RequestContext is MODULEID_UNKNOWN [CONTEXT service_id=259 ratelimit_count=1410065408 ]
06-01 12:55:46.283   677   845 D ConnectivityService: [101 CELLULAR] EVENT_NETWORK_INFO_CHANGED, going from CONNECTING to CONNECTED
06-01 12:55:46.283   677   845 W DnsManager: updatePrivateDns(101, PrivateDnsConfig{opportunistic:/[], dohName=, dohIps=[], dohPath=, dohPort=-1})
06-01 12:55:46.283   677   845 D ConnectivityService: Setting DNS servers for network 101 to [/10.0.2.3]
06-01 12:55:46.283   677   845 D DnsManager: sendDnsConfigurationForNetwork(ResolverParamsParcel{netId: 101, sampleValiditySeconds: 1800, successThreshold: 25, minSamples: 8, maxSamples: 64, baseTimeoutMsec: 0, retryCount: 0, servers: [10.0.2.3], domains: [], tlsName: , tlsServers: [10.0.2.3], tlsFingerprints: [], caCertificate: , tlsConnectTimeoutMs: 0, resolverOptions: null, transportTypes: [0], meteredNetwork: true, dohParams: null, interfaceNames: [eth0]})
06-01 12:55:46.288   477  2072 W resolv  : Validating DnsTlsServer {10.0.2.3/} with mark 0xf0065
06-01 12:55:46.295   477   513 E NetlinkEvent: NetlinkEvent::FindParam(): Parameter 'INTERFACE' not found
06-01 12:55:46.296   477   513 E NetlinkEvent: NetlinkEvent::FindParam(): Parameter 'STATE' not found
06-01 12:55:46.296   477   513 E NetlinkEvent: NetlinkEvent::FindParam(): Parameter 'TIME_NS' not found
06-01 12:55:46.296   477   513 E NetlinkEvent: NetlinkEvent::FindParam(): Parameter 'UID' not found
06-01 12:55:46.312   677   891 D BackgroundInstallControlService: Package event received: 0
06-01 12:55:46.344   677   845 D ConnectivityService: NetReassign [2 : null → 101] [c 0] [a 17] [i 4]
06-01 12:55:46.357   677   845 D ConnectivityService: NetReassign [68 : null → 100] [c 0] [a 2] [i 9]
06-01 12:55:46.364  1339  2035 D WM-SystemJobScheduler: Reconciling jobs
06-01 12:55:46.420  2053  2053 E .android.as.oss: Not starting debugger since process cannot load the jdwp agent.
06-01 12:55:46.424  2053  2053 D nativeloader: Load libframework-connectivity-tiramisu-jni.so using APEX ns com_android_tethering for caller /apex/com.android.tethering/javalib/framework-connectivity-t.jar: ok
06-01 12:55:46.427   987  2074 D NetworkMonitor/101: PROBE_DNS www.google.com 110ms OK 142.251.157.119,142.251.150.119,142.251.151.119,142.251.152.119,142.251.155.119,142.251.153.119,142.251.156.119,142.251.154.119,2001:4860:482b:7700::,2001:4860:482c:7700::,2001:4860:482d:7700::,2001:4860:482a:7700::,2001:4860:4827:7700::,2001:4860:4829:7700::,2001:4860:4826:7700::,2001:4860:4828:7700::
06-01 12:55:46.435  1071  1086 I s.nexuslauncher: Background concurrent mark compact GC freed 3605KB AllocSpace bytes, 0(0B) LOS objects, 49% free, 2435KB/4871KB, paused 3.177ms,9.065ms total 75.741ms
06-01 12:55:46.460  1444  1728 E Ambient : Installed publisher verification failed
06-01 12:55:46.469  1444  1728 E Ambient : Installed publisher verification failed
06-01 12:55:46.473  2053  2053 D ApplicationLoaders: Returning zygote-cached class loader: /system_ext/framework/androidx.window.extensions.jar
06-01 12:55:46.473  2053  2053 D ApplicationLoaders: Returning zygote-cached class loader: /system_ext/framework/androidx.window.sidecar.jar
06-01 12:55:46.482  1444  1728 I AiAiPeopleSuggest: EchoSharesheetPredictorImpl reloadEventCache
06-01 12:55:46.489  1444  1444 D androidtc: Initializing SystemTextClassifier, type = Default system
06-01 12:55:46.490  1444  1984 I AiAiCaptions: provideCaptionsEventLogger(): Possibly using Clearcut logger for logging
06-01 12:55:46.491  1444  1984 I AiAiCaptions: provideCaptionsEventLogger(): Using Westworld logger for logging
06-01 12:55:46.491  1444  1444 I AiAiNotificationIntelli: Notification on listener connected.
06-01 12:55:46.492  1444  1984 I AiAi    : chip type: STANDARD, hardware: ranchu, revision: , sdk: 36
06-01 12:55:46.524  1241  1241 I NearbySharing: NearbySharingService created
06-01 12:55:46.556  1241  1800 I NearbySharing: Broadcasting NearbySharing state change.
06-01 12:55:46.559   677   837 D NetworkStatsObservers: Registering observer for RequestInfo from pid/uid:677/1000(android) for DataUsageRequest [ requestId=3, networkTemplate=NetworkTemplate: matchRule=MOBILE, matchSubscriberIds=[310260...], matchWifiNetworkKeys=[], metered=YES, defaultNetwork=NO, thresholdInBytes=21350565 ] accessLevel:3
06-01 12:55:46.567  2053  2053 W .android.as.oss: Failed to find entry 'classes.dex': Entry not found
06-01 12:55:46.569   987  2075 D NetworkMonitor/101: PROBE_DNS connectivitycheck.gstatic.com 250ms OK 142.250.197.35,2404:6800:4005:821::2003
06-01 12:55:46.571  2053  2053 W .android.as.oss: Failed to find entry 'classes.dex': Entry not found
06-01 12:55:46.573   677  1600 W ContextImpl: Calling a method in the system process without a qualified user: android.app.ContextImpl.sendBroadcastMultiplePermissions:1352 android.content.Context.sendBroadcastMultiplePermissions:2529 android.content.Context.sendBroadcastMultiplePermissions:2517 com.android.server.TelephonyRegistry.broadcastDataConnectionStateChanged:4378 com.android.server.TelephonyRegistry.notifyDataConnectionForSubscriber:2321 
06-01 12:55:46.573   677   727 W ActivityManager: Timeout executing service: ServiceRecord{e445a9e u0 com.android.systemui/.keyguard.KeyguardService c:android}
06-01 12:55:46.574  2053  2053 W .android.as.oss: Failed to find entry 'classes.dex': Entry not found
06-01 12:55:46.576  2053  2053 D nativeloader: Configuring clns-9 for other apk /data/app/~~eY5fcP9eVDdcLujwRNglfg==/com.google.android.as.oss-813JACClcmLCgt0Xopos8g==/base.apk:/data/app/~~eY5fcP9eVDdcLujwRNglfg==/com.google.android.as.oss-813JACClcmLCgt0Xopos8g==/split_config.arm64_v8a.apk:/data/app/~~eY5fcP9eVDdcLujwRNglfg==/com.google.android.as.oss-813JACClcmLCgt0Xopos8g==/split_config.en.apk:/data/app/~~eY5fcP9eVDdcLujwRNglfg==/com.google.android.as.oss-813JACClcmLCgt0Xopos8g==/split_config.xxhdpi.apk. target_sdk_version=36, uses_libraries=, library_path=/data/app/~~eY5fcP9eVDdcLujwRNglfg==/com.google.android.as.oss-813JACClcmLCgt0Xopos8g==/lib/arm64:/data/app/~~eY5fcP9eVDdcLujwRNglfg==/com.google.android.as.oss-813JACClcmLCgt0Xopos8g==/base.apk!/lib/arm64-v8a:/data/app/~~eY5fcP9eVDdcLujwRNglfg==/com.google.android.as.oss-813JACClcmLCgt0Xopos8g==/split_config.arm64_v8a.apk!/lib/arm64-v8a:/data/app/~~eY5fcP9eVDdcLujwRNglfg==/com.google.android.as.oss-813JACClcmLCgt0Xopos8g==/split_config.en.apk!/lib/arm64-v8a:/data/app/~~eY5fcP9eVDdcLujwRNglfg==/com.
06-01 12:55:46.587   946  1200 D KeyguardViewMediator: updateActivityLockScreenState(false, false, setupLocked - keyguard service enabled)
06-01 12:55:46.616   677  2103 D ActivityManager: created ANR temporary file:/data/anr/temp_anr_3516136903478956084.txt
06-01 12:55:46.616   677  2103 I ActivityManager: Collecting stacks for pid 946 into temporary file temp_anr_3516136903478956084.txt
06-01 12:55:46.617   677  2103 E system_server: Could not open /dev/binderfs/binder_logs/transactions. Likely a permissions issue. errno: 2
06-01 12:55:46.617   677  2103 E android.os.Debug: Failed to get binder state info for pid: 946 status: -2: No such file or directory
06-01 12:55:46.612   677   677 W AnrMainProcessD: type=1400 audit(0.0:14): avc:  denied  { read } for  name="transactions" dev="binder" ino=1048587 scontext=u:r:system_server:s0 tcontext=u:object_r:binderfs_logs_transactions:s0 tclass=file permissive=0
06-01 12:55:46.620   677  2103 I system_server: libdebuggerd_client: started dumping process 946
06-01 12:55:46.627   307   307 I tombstoned: registered intercept for pid 946 and type kDebuggerdJavaBacktrace
06-01 12:55:46.638  1809  2048 E ashmem  : Pinning is deprecated since Android Q. Please use trim or other methods.
06-01 12:55:46.641   946   946 D ResourceTrimmer: Resource trimmer registered.
06-01 12:55:46.644   946   947 I ndroid.systemui: Thread[2,tid=947,WaitingInMainSignalCatcherLoop,Thread*=0x7f2c0559cb20,peer=0x20015f8,"Signal Catcher"]: reacting to signal 3
06-01 12:55:46.644   946   947 I ndroid.systemui: 
06-01 12:55:46.651   677  1634 I ActivityManager: Background started FGS: Allowed [callingPackage: com.aistudio.ereader.xynk; callingUid: 10225; uidState: TOP ; uidBFSL: [BFSL]; intent: Intent { xflg=0x4 cmp=com.aistudio.ereader.xynk/com.example.web.LocalWebService }; code:PROC_STATE_TOP; tempAllowListReason:<null>; allowWiu:12; targetSdkVersion:36; callerTargetSdkVersion:36; startForegroundCount:0; bindFromPackage:null: isBindService:false]
06-01 12:55:46.657  2053  2053 I .android.as.oss: AssetManager2(0x7f2d0558d938) locale list changing from [] to [en-US]
06-01 12:55:46.667  2053  2053 V GraphicsEnvironment: Currently set values for:
06-01 12:55:46.667  2053  2053 V GraphicsEnvironment:   angle_gl_driver_selection_pkgs=[]
06-01 12:55:46.667  2053  2053 V GraphicsEnvironment:   angle_gl_driver_selection_values=[]
06-01 12:55:46.667  2053  2053 V GraphicsEnvironment: com.google.android.as.oss is not listed in per-application setting
06-01 12:55:46.667  2053  2053 V GraphicsEnvironment: ANGLE allowlist from config: com.dreamgames.royalmatch com.dts.freefiremax com.dxx.firenow com.gramgames.mergedragons com.ludo.king com.mojang.minecraftpe com.my.defense com.nintendo.zaka com.os.airforce com.playrix.fishdomdd.gplay io.teslatech.callbreak jp.konami.prospia net.peakgames.toonblast
06-01 12:55:46.667  2053  2053 V GraphicsEnvironment: com.google.android.as.oss is not listed in ANGLE allowlist or settings, returning default
06-01 12:55:46.667  2053  2053 V GraphicsEnvironment: Neither updatable production driver nor prerelease driver is supported.
06-01 12:55:46.672   677  1661 W OptProp : Cannot read opt property android.window.PROPERTY_COMPAT_ENABLE_FAKE_FOCUS
06-01 12:55:46.682  1921  1921 I Choreographer: Skipped 62 frames!  The application may be doing too much work on its main thread.
06-01 12:55:46.691  1921  2112 I DisplayManager: Choreographer implicitly registered for the refresh rate.
06-01 12:55:46.699  1514  1514 I Bugle   : BugleApplicationBase: Bugle version: messages.android_20260424_00_rc03.phone_dynamic , Bugle version code: 307712063
06-01 12:55:46.702   987  2074 D NetworkMonitor/101: PROBE_HTTPS https://www.google.com/generate_204 time=259ms ret=204 request={Connection=[close], User-Agent=[Mozilla/5.0 (X11; Linux x86_64) AppleWebKit/537.36 (KHTML, like Gecko) Chrome/60.0.3112.32 Safari/537.36]} headers={null=[HTTP/1.1 204 No Content], Alt-Svc=[h3=":443"; ma=2592000,h3-29=":443"; ma=2592000], Connection=[close], Content-Length=[0], Cross-Origin-Resource-Policy=[cross-origin], Date=[Mon, 01 Jun 2026 05:55:47 GMT], X-Android-Received-Millis=[1780293346679], X-Android-Response-Source=[NETWORK 204], X-Android-Selected-Protocol=[http/1.1], X-Android-Sent-Millis=[1780293346595]}
06-01 12:55:46.713  1444  2001 I AiAiOdi : StatusBarNotificationProcessor created.
06-01 12:55:46.723   987  2073 D NetworkMonitor/101: isCaptivePortal: isSuccessful()=true isPortal()=false RedirectUrl=null isPartialConnectivity()=false Time=407ms
06-01 12:55:46.724   987  2075 D NetworkMonitor/101: PROBE_HTTP http://connectivitycheck.gstatic.com/generate_204 time=129ms ret=204 request={Connection=[close], User-Agent=[Mozilla/5.0 (X11; Linux x86_64) AppleWebKit/537.36 (KHTML, like Gecko) Chrome/60.0.3112.32 Safari/537.36]} headers={null=[HTTP/1.1 204 No Content], Connection=[close], Content-Length=[0], Cross-Origin-Resource-Policy=[cross-origin], Date=[Mon, 01 Jun 2026 05:55:47 GMT], X-Android-Received-Millis=[1780293346723], X-Android-Response-Source=[NETWORK 204], X-Android-Selected-Protocol=[http/1.1], X-Android-Sent-Millis=[1780293346670]}
06-01 12:55:46.735   677   845 I ConnectivityService: Update score for net 101 : +EVER_EVALUATED
06-01 12:55:46.736   677   845 D ConnectivityService: [101 CELLULAR] validation passed
06-01 12:55:46.736   677   845 I ConnectivityService: Update capabilities for net 101 : +VALIDATED
06-01 12:55:46.736   677   845 I ConnectivityService: Update score for net 101 : +EVER_VALIDATED+IS_VALIDATED
06-01 12:55:46.739  1921  1921 I io.ereader.xynk: AssetManager2(0x7f2d0559a458) locale list changing from [] to [en-US]
06-01 12:55:46.757  1444  1984 I AiAiCaptions: shouldEnableCaptionsForCalls: isCallCaptioningEnabled is true [CONTEXT ratelimit_period="1 MINUTES" ]
06-01 12:55:46.760   677   718 I GnssNetworkConnectivityHandler: updateNetworkState, state=CLOSED, connected=true, network=101, capabilityFlags=2, availableNetworkCount: 2
06-01 12:55:46.781   946  2105 D MediaCodecList: codecHandlesFormat: no format, so no extra checks
06-01 12:55:46.787  1058  1228 D com.android.ons.ONSProfileActivator: Internet connection available
06-01 12:55:46.792   946  2107 D MediaCodecList: codecHandlesFormat: no format, so no extra checks
06-01 12:55:46.802  1669  1669 W gle.android.gms: Verification of void m32.wfj.p(int, java.util.List, m32.wcw, boolean) took 172.198ms (865.28 bytecodes/s) (0B arena alloc)
06-01 12:55:46.804   677   845 D ConnectivityService: NetReassign [no changes] [c 1] [a 26] [i 41]
06-01 12:55:46.816   677   845 D ConnectivityService: Setting DNS servers for network 101 to [/10.0.2.3]
06-01 12:55:46.819  1921  2112 I EGL_emulation: Opening libGLESv1_CM_emulation.so
06-01 12:55:46.820  1921  2112 I EGL_emulation: Opening libGLESv2_emulation.so
06-01 12:55:46.831   677  1661 W ActivityManager: Slow operation: 74ms so far, now at finishAttachApplicationInner: after mServices.attachApplicationLocked
06-01 12:55:46.831   677  1661 W ActivityManager: Slow operation: 74ms so far, now at finishAttachApplicationInner: after dispatching broadcasts
06-01 12:55:46.854   946  2118 D CCodec  : allocate(c2.android.vorbis.decoder)
06-01 12:55:46.856   677   837 D NetworkStatsObservers: Registering observer for RequestInfo from pid/uid:677/1000(android) for DataUsageRequest [ requestId=4, networkTemplate=NetworkTemplate: matchRule=MOBILE, matchSubscriberIds=[310260...], matchWifiNetworkKeys=[], metered=YES, defaultNetwork=NO, thresholdInBytes=21343345 ] accessLevel:3
06-01 12:55:46.859   677   939 D NetworkStatsObservers: Unregistering RequestInfo from pid/uid:677/1000(android) for DataUsageRequest [ requestId=3, networkTemplate=NetworkTemplate: matchRule=MOBILE, matchSubscriberIds=[310260...], matchWifiNetworkKeys=[], metered=YES, defaultNetwork=NO, thresholdInBytes=21350565 ] accessLevel:3
06-01 12:55:46.861  1339  1932 I DialerRefreshAnnotatedCallLogWorker: com.android.dialer.calllog.refresh.impl.RefreshAnnotatedCallLogWorker.fillAndTime:305 filling CallLogChangeBroadcaster
06-01 12:55:46.863  1669  1918 I CellBroadcastMapInit: onInitRuntimeState called with intent: Intent { act=android.intent.action.LOCKED_BOOT_COMPLETED flg=0x89000010 pkg=com.google.android.gms cmp=com.google.android.gms/.chimera.GmsIntentOperationService (has extras) }
06-01 12:55:46.863  1669  1918 I CellBroadcastMapInit: Updating component state...
06-01 12:55:46.866   677  1520 D FileUtils: Rounded bytes from 4110147584 to 8000000000
06-01 12:55:46.876   946  2117 D CCodec  : allocate(c2.android.vorbis.decoder)
06-01 12:55:46.876   946  2118 I ApexCodecsLazy: Failed to load libcom.android.media.swcodec.apexcodecs.so: dlopen failed: library "libcom.android.media.swcodec.apexcodecs.so" not found
06-01 12:55:46.876   946  2118 I Codec2Client: Available Codec2 services: "default" "software"
06-01 12:55:46.885  1444  1979 I SP.AiAi : Registering kg_collections_table.21051103, url: https://www.gstatic.com/matchmaker/kg_collections_table/21051103/superpacks_manifest.zip, constraints: *:*:*:*, flags: *, requested: 21051103, current: -1
06-01 12:55:46.887  1921  2112 W HWUI    : Failed to initialize 101010-2 format, error = EGL_SUCCESS
06-01 12:55:46.892   946  2117 I CCodec  : setting up 'default' as default (vendor) store
06-01 12:55:46.892   946  2118 I CCodec  : setting up 'default' as default (vendor) store
06-01 12:55:46.899  1514  2111 I stetho  : Listening on @stetho_com.google.android.apps.messaging:rcs_devtools_remote
06-01 12:55:46.902  1339  1932 I DialerBeeslyEnabledFn: com.android.dialer.beesly.enabledfn.BeeslyEnabledFn.isBeeslyV2Enabled:53 beesly V2 disabled by flag [CONTEXT ratelimit_period="1 MINUTES" ]
06-01 12:55:46.903  1339  1932 I DialerBeeslyEnabledFn: com.android.dialer.beesly.enabledfn.BeeslyEnabledFn.isEnabled:35 disabled by flag [CONTEXT ratelimit_period="1 MINUTES" ]
06-01 12:55:46.903  1339  1932 I DialerBeeslyEnabledFn: com.android.dialer.beesly.enabledfn.BeeslyEnabledFn.supportActions:62 disabled by beesly feature [CONTEXT ratelimit_period="1 MINUTES" ]
06-01 12:55:46.903   677   719 W Looper  : Slow dispatch took 231ms android.ui app=system_server main=false group=TOP_APP h=com.android.server.am.ActivityManagerService$UiHandler c=null m=68
06-01 12:55:46.910   677   719 W Looper  : Slow delivery took 229ms android.ui app=system_server main=false group=TOP_APP h=com.android.server.am.ActivityManagerService$UiHandler c=null m=31
06-01 12:55:46.916  1921  1921 E ashmem  : Pinning is deprecated since Android Q. Please use trim or other methods.
06-01 12:55:46.917   677  2104 I ActivityManager: dumpStackTraces pids={}
06-01 12:55:46.919   677  2104 I ActivityManager: Dumping to /data/anr/anr_2026-06-01-12-55-46-917
06-01 12:55:46.935   613   645 I AttributionAndPermissionUtils: checkPermission (forDataDelivery 0 startDataDelivery 0): Permission hard denied for client attribution [uid 10139, pid 1444, packageName "<unknown>"]
06-01 12:55:46.943   677   719 W Looper  : Drained
06-01 12:55:46.944   677  1707 E JobScheduler.JobStatus: App com.google.android.inputmethod.latin became active but still in NEVER bucket
06-01 12:55:46.946   677   708 E JobScheduler.JobStatus: App com.google.android.inputmethod.latin became active but still in NEVER bucket
06-01 12:55:46.955  1058  1058 I RemoteVvmTaskManager: onServiceConnected: ComponentInfo{com.google.android.dialer/com.android.voicemail.impl.DialerVisualVoicemailService}
06-01 12:55:46.955  1058  1058 I PhoneGlobals: Dismissing depersonal panelLOADED
06-01 12:55:46.955  1058  1058 D SatelliteAccessController: mLocationModeChangedBroadcastReceiver: android.location.PROVIDERS_CHANGED, mIsLocationManagerEnabled= true
06-01 12:55:46.956  1058  1058 I ImsResolver: Received BOOT_COMPLETED
06-01 12:55:46.963   946   946 D KeyguardTransitionCoreStartable: Started com.android.systemui.keyguard.domain.interactor.FromAodTransitionInteractor@7825bb2
06-01 12:55:46.964  1339  2028 I DialerDialerVisualVoicemailService: com.android.voicemail.impl.DialerVisualVoicemailService.onCellServiceConnectedBlocking:99 onCellServiceConnected for PhoneAccountHandle ComponentInfo{com.android.phone/com.android.services.telephony.TelephonyConnectionService}, 1, UserHandle{0} [CONTEXT enable_persistent_logger=true ]
06-01 12:55:46.964   946   946 D KeyguardTransitionCoreStartable: Started com.android.systemui.keyguard.domain.interactor.FromDreamingTransitionInteractor@e20c680
06-01 12:55:46.967  1921  1921 D CompatChangeReporter: Compat change id reported: 377864165; UID 10225; state: ENABLED
06-01 12:55:46.971  1921  1921 D DesktopModeFlags: Toggle override initialized to: OVERRIDE_UNSET
06-01 12:55:46.990   677   677 W Looper  : Slow dispatch took 748ms main app=system_server main=true group=FOREGROUND h=android.app.ActivityThread$H c=android.app.LoadedApk$ServiceDispatcher$RunConnection@bc07d99 m=0
06-01 12:55:46.990   677   677 W Looper  : Slow delivery took 708ms main app=system_server main=true group=FOREGROUND h=com.android.server.power.Notifier$NotifierHandler c=com.android.server.power.Notifier$$ExternalSyntheticLambda2@490485e m=0
06-01 12:55:46.991   677   677 I TransportConnection: BackupTransportService#1: Notifying [TransportManager.registerTransport()] transport = BackupTransportClient
06-01 12:55:47.010   677  2055 E JobScheduler.JobStatus: App com.google.android.inputmethod.latin became active but still in NEVER bucket
06-01 12:55:47.014   677   798 D BufferPoolAccessor2.0: bufferpool2 0x7f2d355cf9b8 : 0(0 size) total buffers - 0(0 size) used buffers - 1/7 (recycle/alloc) - 6/18 (fetch/transfer)
06-01 12:55:47.014   677   798 D BufferPoolAccessor2.0: Destruction - bufferpool2 0x7f2d355cf9b8 cached: 0/0M, 0/0% in use; allocs: 7, 14% recycled; transfers: 18, 67% unfetched
06-01 12:55:47.015   677   798 D BufferPoolAccessor2.0: bufferpool2 0x7f2d35605158 : 0(0 size) total buffers - 0(0 size) used buffers - 1/7 (recycle/alloc) - 8/24 (fetch/transfer)
06-01 12:55:47.016   677  1054 D BufferPoolAccessor2.0: bufferpool2 0x7f2d355ce4e8 : 0(0 size) total buffers - 0(0 size) used buffers - 2/7 (recycle/alloc) - 5/24 (fetch/transfer)
06-01 12:55:47.017   677  1054 D BufferPoolAccessor2.0: Destruction - bufferpool2 0x7f2d355ce4e8 cached: 0/0M, 0/0% in use; allocs: 7, 29% recycled; transfers: 24, 79% unfetched
06-01 12:55:47.017   677  1054 D BufferPoolAccessor2.0: bufferpool2 0x7f2d355cc928 : 0(0 size) total buffers - 0(0 size) used buffers - 2/7 (recycle/alloc) - 11/34 (fetch/transfer)
06-01 12:55:47.017   677  1054 D BufferPoolAccessor2.0: Destruction - bufferpool2 0x7f2d355cc928 cached: 0/0M, 0/0% in use; allocs: 7, 29% recycled; transfers: 34, 68% unfetched
06-01 12:55:47.017   677  1054 D BufferPoolAccessor2.0: bufferpool2 0x7f2d355fa888 : 0(0 size) total buffers - 0(0 size) used buffers - 2/7 (recycle/alloc) - 5/34 (fetch/transfer)
06-01 12:55:47.017   677  1054 D BufferPoolAccessor2.0: Destruction - bufferpool2 0x7f2d355fa888 cached: 0/0M, 0/0% in use; allocs: 7, 29% recycled; transfers: 34, 85% unfetched
06-01 12:55:47.017   677   798 D BufferPoolAccessor2.0: Destruction - bufferpool2 0x7f2d35605158 cached: 0/0M, 0/0% in use; allocs: 7, 14% recycled; transfers: 24, 67% unfetched
06-01 12:55:47.018   677   798 D BufferPoolAccessor2.0: bufferpool2 0x7f2d356096b8 : 0(0 size) total buffers - 0(0 size) used buffers - 2/7 (recycle/alloc) - 7/26 (fetch/transfer)
06-01 12:55:47.019   677   798 D BufferPoolAccessor2.0: Destruction - bufferpool2 0x7f2d356096b8 cached: 0/0M, 0/0% in use; allocs: 7, 29% recycled; transfers: 26, 73% unfetched
06-01 12:55:47.020  1514  1514 I s.messaging:rcs: AssetManager2(0x7f2d05592a78) locale list changing from [] to [en-US]
06-01 12:55:47.021  1514  1514 I ActivityThread: ApplicationInfo updating for com.google.android.apps.messaging, new timestamp: 42057
06-01 12:55:47.021  1514  1514 I ActivityThread: assets removed: [/data/resource-cache/com.android.systemui-neutral-qrs4.frro, /data/resource-cache/com.android.systemui-accent-viRm.frro, /data/resource-cache/com.android.systemui-dynamic-azJT.frro]
06-01 12:55:47.021  1514  1514 I ActivityThread: assets added: []
06-01 12:55:47.021  1514  1514 D ActivityThread: Package [com.aistudio.ereader.xynk] reported as REPLACED, but missing application info. Assuming REMOVED.
06-01 12:55:47.022   946  2118 I CCodec  : Created component [c2.android.vorbis.decoder] for [c2.android.vorbis.decoder]
06-01 12:55:47.022   946  2117 I CCodec  : Created component [c2.android.vorbis.decoder] for [c2.android.vorbis.decoder]
06-01 12:55:47.023   946  2118 D CCodecConfig: read media type: audio/vorbis
06-01 12:55:47.023   946  2117 D CCodecConfig: read media type: audio/vorbis
06-01 12:55:47.026   946  2118 D ReflectedParamUpdater: extent() != 1 for single value type: algo.buffers.max-count.values
06-01 12:55:47.026   946  2118 D ReflectedParamUpdater: extent() != 1 for single value type: output.subscribed-indices.values
06-01 12:55:47.027   946  2118 D ReflectedParamUpdater: extent() != 1 for single value type: input.buffers.allocator-ids.values
06-01 12:55:47.027   946  2118 D ReflectedParamUpdater: extent() != 1 for single value type: output.buffers.allocator-ids.values
06-01 12:55:47.027   946  2118 D ReflectedParamUpdater: extent() != 1 for single value type: algo.buffers.allocator-ids.values
06-01 12:55:47.027   946  2118 D ReflectedParamUpdater: extent() != 1 for single value type: output.buffers.pool-ids.values
06-01 12:55:47.027   946  2118 D ReflectedParamUpdater: extent() != 1 for single value type: algo.buffers.pool-ids.values
06-01 12:55:47.028   946  2118 I CCodecConfig: query failed after returning 8 values (BAD_INDEX)
06-01 12:55:47.029   946  2118 D CCodecConfig: c2 config diff is Dict {
06-01 12:55:47.029   946  2118 D CCodecConfig:   c2::u32 coded.bitrate.value = 64000
06-01 12:55:47.029   946  2118 D CCodecConfig:   c2::u32 input.buffers.max-size.value = 32768
06-01 12:55:47.029   946  2118 D CCodecConfig:   c2::u32 input.delay.value = 0
06-01 12:55:47.029   946  2118 D CCodecConfig:   string input.media-type.value = "audio/vorbis"
06-01 12:55:47.029   946  2118 D CCodecConfig:   c2::u32 output.large-frame.max-size = 0
06-01 12:55:47.029   946  2118 D CCodecConfig:   c2::u32 output.large-frame.threshold-size = 0
06-01 12:55:47.029   946  2118 D CCodecConfig:   string output.media-type.value = "audio/raw"
06-01 12:55:47.029   946  2118 D CCodecConfig:   c2::u32 raw.channel-count.value = 1
06-01 12:55:47.029   946  2118 D CCodecConfig:   c2::u32 raw.sample-rate.value = 48000
06-01 12:55:47.029   946  2118 D CCodecConfig: }
06-01 12:55:47.062   946  2117 D ReflectedParamUpdater: extent() != 1 for single value type: algo.buffers.max-count.values
06-01 12:55:47.066  1339  1381 W .android.dialer: Suspending all threads took: 95.339ms
06-01 12:55:47.074  1444  2025 I AiAiSpeechRecognition: Finished deleting old background tasks.
06-01 12:55:47.083   946  2117 D ReflectedParamUpdater: extent() != 1 for single value type: output.subscribed-indices.values
06-01 12:55:47.086   946  2117 D ReflectedParamUpdater: extent() != 1 for single value type: input.buffers.allocator-ids.values
06-01 12:55:47.095   946  2117 D ReflectedParamUpdater: extent() != 1 for single value type: output.buffers.allocator-ids.values
06-01 12:55:47.097   946  2117 D ReflectedParamUpdater: extent() != 1 for single value type: algo.buffers.allocator-ids.values
06-01 12:55:47.097   946  2105 E MediaCodec: Media Quality Service not found.
06-01 12:55:47.098   946  2117 D ReflectedParamUpdater: extent() != 1 for single value type: output.buffers.pool-ids.values
06-01 12:55:47.100   677   677 W Looper  : Slow dispatch took 107ms main app=system_server main=true group=FOREGROUND h=android.os.Handler c=android.telephony.PhoneStateListener$IPhoneStateListenerStub$$ExternalSyntheticLambda61@1a4ab0b m=0
06-01 12:55:47.101   946  2117 D ReflectedParamUpdater: extent() != 1 for single value type: algo.buffers.pool-ids.values
06-01 12:55:47.106   946  2118 D CCodec  : [c2.android.vorbis.decoder] buffers are bound to CCodec for this session
06-01 12:55:47.107   946  2118 D CCodecConfig: no c2 equivalents for durationUs
06-01 12:55:47.107   946  2118 D CCodecConfig: no c2 equivalents for track-id
06-01 12:55:47.107   946  2118 D CCodecConfig: no c2 equivalents for csd-1
06-01 12:55:47.107   946  2118 D CCodecConfig: no c2 equivalents for flags
06-01 12:55:47.108  1058  1272 D ImsResolver: maybeAddedImsService, packageName: null
06-01 12:55:47.110  1058  1272 V ImsResolver: searchForImsServices: package=null, users=[UserHandle{0}]
06-01 12:55:47.111  1444  1979 I SP.AiAi : Registering text-classifier-annotator.272525175, url: https://gstatic.com/matchmaker/tclib_models/annotator/v803/en/superpacks_manifest.zip, constraints: *:*:*:*, flags: *, requested: 272525175, current: -1
06-01 12:55:47.111   946  2118 D CCodecConfig: c2 config diff is   c2::u32 coded.bitrate.value = 160000
06-01 12:55:47.111   946  2118 D CCodecConfig:   c2::u32 raw.channel-count.value = 2
06-01 12:55:47.111   946  2118 D CCodecConfig:   c2::u32 raw.sample-rate.value = 44100
06-01 12:55:47.112  1058  1276 I SatelliteAppTracker: onPackageUpdateFinished : com.aistudio.ereader.xynk
06-01 12:55:47.112  1444  1979 I SP.AiAi : Registering text-classifier-actions.1140547708, url: https://gstatic.com/matchmaker/tclib_models/actions/v104/en-us/superpacks_manifest.zip, constraints: *:*:*:*, flags: *, requested: 1140547708, current: -1
06-01 12:55:47.112  1058  1276 I SatelliteAppTracker: onPackageModified : com.aistudio.ereader.xynk
06-01 12:55:47.112   946  2117 I CCodecConfig: query failed after returning 8 values (BAD_INDEX)
06-01 12:55:47.113  1444  1979 I SP.AiAi : Registering text-classifier-langid.1941001461, url: https://gstatic.com/matchmaker/tclib_models/langid/v1/superpacks_manifest.zip, constraints: *:*:*:*, flags: *, requested: 1941001461, current: -1
06-01 12:55:47.115   677  1406 I ActivityManager: Broadcasting: Intent { act=com.android.emulator.multidisplay.START flg=0x400000 cmp=com.android.emulator.multidisplay/.MultiDisplayServiceReceiver }
06-01 12:55:47.117  1514  1514 D ActivityThread: Package [com.aistudio.ereader.xynk] reported as REPLACED, but missing application info. Assuming REMOVED.
06-01 12:55:47.118   946  2118 W Codec2Client: query -- param skipped: index = 1107298332.
06-01 12:55:47.118   946  2118 D CCodec  : encoding statistics level = 0
06-01 12:55:47.118   946  2118 D CCodec  : setup formats input: AMessage(what = 0x00000000) = {
06-01 12:55:47.118   946  2118 D CCodec  :   int32_t bitrate = 160000
06-01 12:55:47.118   946  2118 D CCodec  :   int32_t channel-count = 2
06-01 12:55:47.118   946  2118 D CCodec  :   int32_t max-input-size = 32768
06-01 12:55:47.118   946  2118 D CCodec  :   string mime = "audio/vorbis"
06-01 12:55:47.118   946  2118 D CCodec  :   int32_t sample-rate = 44100
06-01 12:55:47.118   946  2118 D CCodec  : }
06-01 12:55:47.118   677  1406 I ActivityManager: Enqueued broadcast Intent { act=com.android.emulator.multidisplay.START flg=0x400000 cmp=com.android.emulator.multidisplay/.MultiDisplayServiceReceiver }: 0
06-01 12:55:47.118   946  2117 D CCodecConfig: c2 config diff is Dict {
06-01 12:55:47.118   946  2117 D CCodecConfig:   c2::u32 coded.bitrate.value = 64000
06-01 12:55:47.118   946  2117 D CCodecConfig:   c2::u32 input.buffers.max-size.value = 32768
06-01 12:55:47.118   946  2117 D CCodecConfig:   c2::u32 input.delay.value = 0
06-01 12:55:47.118   946  2117 D CCodecConfig:   string input.media-type.value = "audio/vorbis"
06-01 12:55:47.118   946  2117 D CCodecConfig:   c2::u32 output.large-frame.max-size = 0
06-01 12:55:47.118   946  2117 D CCodecConfig:   c2::u32 output.large-frame.threshold-size = 0
06-01 12:55:47.118   946  2117 D CCodecConfig:   string output.media-type.value = "audio/raw"
06-01 12:55:47.118   946  2117 D CCodecConfig:   c2::u32 raw.channel-count.value = 1
06-01 12:55:47.118   946  2117 D CCodecConfig:   c2::u32 raw.sample-rate.value = 48000
06-01 12:55:47.118   946  2117 D CCodecConfig: }
06-01 12:55:47.118   946  2118 D CCodec  : setup formats output: AMessage(what = 0x00000000) = {
06-01 12:55:47.118   946  2118 D CCodec  :   int32_t buffer-batch-max-output-size = 0
06-01 12:55:47.118   946  2118 D CCodec  :   int32_t buffer-batch-threshold-output-size = 0
06-01 12:55:47.118   946  2118 D CCodec  :   int32_t channel-count = 2
06-01 12:55:47.118   946  2118 D CCodec  :   string mime = "audio/raw"
06-01 12:55:47.118   946  2118 D CCodec  :   int32_t sample-rate = 44100
06-01 12:55:47.118   946  2118 D CCodec  :   int32_t channel-mask = 3
06-01 12:55:47.118   946  2118 D CCodec  :   int32_t android._config-pcm-encoding = 2
06-01 12:55:47.118   946  2118 D CCodec  : }
06-01 12:55:47.119   946  2118 I CCodecConfig: query failed after returning 8 values (BAD_INDEX)
06-01 12:55:47.120   946  2118 E ndroid.systemui: Failed to query component interface for required system resources: 6
06-01 12:55:47.121  1058  1272 V ImsResolver: searchForImsServices: package=null, users=[UserHandle{0}]
06-01 12:55:47.131   946  2118 W Codec2Client: query -- param skipped: index = 1342179345.
06-01 12:55:47.131   946  2118 W Codec2Client: query -- param skipped: index = 2415921170.
06-01 12:55:47.135   946  2118 D C2Store : Using DMABUF Heaps
06-01 12:55:47.138   946  2118 D CCodecBufferChannel: [c2.android.vorbis.decoder#414] Created input block pool with allocatorID 16 => poolID 17 - OK (0)
06-01 12:55:47.142   946   946 D KeyguardTransitionCoreStartable: Started com.android.systemui.keyguard.domain.interactor.FromGlanceableHubTransitionInteractor@76fb4b9
06-01 12:55:47.142   946   946 D KeyguardTransitionCoreStartable: Started com.android.systemui.keyguard.domain.interactor.FromOccludedTransitionInteractor@bcaac
06-01 12:55:47.143   946   946 D KeyguardTransitionCoreStartable: Started com.android.systemui.keyguard.domain.interactor.FromGoneTransitionInteractor@3b680fe
06-01 12:55:47.152   946  2118 I CCodecBufferChannel: [c2.android.vorbis.decoder#414] Created output block pool with allocatorID 16 => poolID 31 - OK
06-01 12:55:47.154   946  2118 D CCodecBufferChannel: [c2.android.vorbis.decoder#414] Configured output block pool ids 31 => OK
06-01 12:55:47.156   628  1055 E Codec2-ComponentInterface: We have a failed config
06-01 12:55:47.161   946  2118 I DMABUFHEAPS: Using DMA-BUF heap named: system
06-01 12:55:47.164   946  2107 E MediaCodec: Media Quality Service not found.
06-01 12:55:47.165   946  2117 D CCodec  : [c2.android.vorbis.decoder] buffers are bound to CCodec for this session
06-01 12:55:47.165   946  2117 D CCodecConfig: no c2 equivalents for durationUs
06-01 12:55:47.165   946  2117 D CCodecConfig: no c2 equivalents for track-id
06-01 12:55:47.165   946  2117 D CCodecConfig: no c2 equivalents for csd-1
06-01 12:55:47.165   946  2117 D CCodecConfig: no c2 equivalents for flags
06-01 12:55:47.168   628  2126 D SimpleC2Component: Using output block pool with poolID 31 => got 31 - 0
06-01 12:55:47.169   946  2117 D CCodecConfig: c2 config diff is   c2::u32 coded.bitrate.value = 160000
06-01 12:55:47.169   946  2117 D CCodecConfig:   c2::u32 raw.channel-count.value = 2
06-01 12:55:47.169   946  2117 D CCodecConfig:   c2::u32 raw.sample-rate.value = 44100
06-01 12:55:47.179  1921  1921 W HWUI    : Unknown dataspace 0
06-01 12:55:47.179   946  2117 W Codec2Client: query -- param skipped: index = 1107298332.
06-01 12:55:47.179   946  2117 D CCodec  : encoding statistics level = 0
06-01 12:55:47.179   946  2117 D CCodec  : setup formats input: AMessage(what = 0x00000000) = {
06-01 12:55:47.179   946  2117 D CCodec  :   int32_t bitrate = 160000
06-01 12:55:47.179   946  2117 D CCodec  :   int32_t channel-count = 2
06-01 12:55:47.179   946  2117 D CCodec  :   int32_t max-input-size = 32768
06-01 12:55:47.179   946  2117 D CCodec  :   string mime = "audio/vorbis"
06-01 12:55:47.179   946  2117 D CCodec  :   int32_t sample-rate = 44100
06-01 12:55:47.179   946  2117 D CCodec  : }
06-01 12:55:47.179   946  2117 D CCodec  : setup formats output: AMessage(what = 0x00000000) = {
06-01 12:55:47.179   946  2117 D CCodec  :   int32_t buffer-batch-max-output-size = 0
06-01 12:55:47.179   946  2117 D CCodec  :   int32_t buffer-batch-threshold-output-size = 0
06-01 12:55:47.179   946  2117 D CCodec  :   int32_t channel-count = 2
06-01 12:55:47.179   946  2117 D CCodec  :   string mime = "audio/raw"
06-01 12:55:47.179   946  2117 D CCodec  :   int32_t sample-rate = 44100
06-01 12:55:47.179   946  2117 D CCodec  :   int32_t channel-mask = 3
06-01 12:55:47.179   946  2117 D CCodec  :   int32_t android._config-pcm-encoding = 2
06-01 12:55:47.179   946  2117 D CCodec  : }
06-01 12:55:47.180   946  2117 I CCodecConfig: query failed after returning 8 values (BAD_INDEX)
06-01 12:55:47.182   677   891 D BackgroundInstallControlService: Package event received: 0
06-01 12:55:47.182   677   891 D BackgroundInstallControlService: Package event received: 0
06-01 12:55:47.184   946  2117 E ndroid.systemui: Failed to query component interface for required system resources: 6
06-01 12:55:47.189   677  1661 D FileUtils: Rounded bytes from 4110147584 to 8000000000
06-01 12:55:47.192  1514  1514 W ActivityThread: getPackageInfo() called with an older ApplicationInfo than the cached version for package com.google.android.apps.messaging
06-01 12:55:47.208   677   891 D BackgroundInstallControlService: Package event received: 0
06-01 12:55:47.211   946  2117 W Codec2Client: query -- param skipped: index = 1342179345.
06-01 12:55:47.212   946  2117 W Codec2Client: query -- param skipped: index = 2415921170.
06-01 12:55:47.214   946  2117 D CCodecBufferChannel: [c2.android.vorbis.decoder#512] Created input block pool with allocatorID 16 => poolID 18 - OK (0)
06-01 12:55:47.226   946  2117 I CCodecBufferChannel: [c2.android.vorbis.decoder#512] Created output block pool with allocatorID 16 => poolID 32 - OK
06-01 12:55:47.226  1339  2028 I DialerSingletonScopedExternalsLogging: com.google.android.dialershared.externals.logging.SingletonScopedExternalsLogging.recordCallMethodInvocation:75 event: VVM_SERVICE_CELL_SERVICE_CONNECTED, function parameters: [[com.android.phone/com.android.services.telephony.TelephonyConnectionService : [PII]49]], return value: <empty>
06-01 12:55:47.227  1339  2036 I DialerVoicemailStatusDataMigration: com.android.dialer.voicemailstatus.dataservice.impl.VoicemailStatusDataMigration.migrate:58 enter
06-01 12:55:47.227  1339  2028 I DialerVvmCarrierNameCache: com.android.dialer.voicemail.service.impl.carriermapping.VvmCarrierNameCache.onCellServiceConnected:42 cell connected, invalidating cache for ComponentInfo{com.android.phone/com.android.services.telephony.TelephonyConnectionService}, 1, UserHandle{0}
06-01 12:55:47.228   946  2117 D CCodecBufferChannel: [c2.android.vorbis.decoder#512] Configured output block pool ids 32 => OK
06-01 12:55:47.228  1339  1932 I DialerRefreshAnnotatedCallLogWorker: com.android.dialer.calllog.refresh.impl.RefreshAnnotatedCallLogWorker.fillAndTime:305 filling PhoneLookupDataSource
06-01 12:55:47.229   628   986 E Codec2-ComponentInterface: We have a failed config
06-01 12:55:47.245  1444  1452 W ogle.android.as: Suspending all threads took: 81.380ms
06-01 12:55:47.249   946   946 D KeyguardTransitionCoreStartable: Started com.android.systemui.keyguard.domain.interactor.FromPrimaryBouncerTransitionInteractor@9cde375
06-01 12:55:47.250   946   946 D KeyguardTransitionCoreStartable: Started com.android.systemui.keyguard.domain.interactor.FromAlternateBouncerTransitionInteractor@cb439bd
06-01 12:55:47.250   946   946 D KeyguardTransitionCoreStartable: Started com.android.systemui.keyguard.domain.interactor.FromLockscreenTransitionInteractor@276805f
06-01 12:55:47.257   628  2125 D SimpleC2Component: Using output block pool with poolID 32 => got 32 - 0
06-01 12:55:47.258  1241  1241 D BoundBrokerSvc: onBind: Intent { act=com.google.android.gms.common.telemetry.service.START dat=chimera-action:/... xflg=0x4 cmp=com.google.android.gms/.chimera.PersistentApiService }
06-01 12:55:47.258  1241  1241 D BoundBrokerSvc: Loading bound service for intent: Intent { act=com.google.android.gms.common.telemetry.service.START dat=chimera-action:/... xflg=0x4 cmp=com.google.android.gms/.chimera.PersistentApiService }
06-01 12:55:47.292   677   677 W JobScheduler: Job didn't exist in JobStore: 7acf8dc {androidx.work.systemjobscheduler} #u0a159/492 @androidx.work.systemjobscheduler@com.google.android.inputmethod.latin/androidx.work.impl.background.systemjob.SystemJobService
06-01 12:55:47.307  1385  1571 W JobInfo : Requested important-while-foreground flag for job493 is ignored and takes no effect
06-01 12:55:47.316   677   845 D DnsManager: sendDnsConfigurationForNetwork(ResolverParamsParcel{netId: 101, sampleValiditySeconds: 1800, successThreshold: 25, minSamples: 8, maxSamples: 64, baseTimeoutMsec: 0, retryCount: 0, servers: [10.0.2.3], domains: [], tlsName: , tlsServers: [10.0.2.3], tlsFingerprints: [], caCertificate: , tlsConnectTimeoutMs: 0, resolverOptions: null, transportTypes: [0], meteredNetwork: true, dohParams: null, interfaceNames: [eth0]})
