06-01 12:55:51.955  1071  1086 I s.nexuslauncher: Background concurrent mark compact GC freed 2542KB AllocSpace bytes, 7(132KB) LOS objects, 49% free, 5632KB/11MB, paused 31.260ms,17.793ms total 459.869ms
06-01 12:55:51.957  1444  2014 I WM-WorkerWrapper: Worker result SUCCESS for Work [ id=e037b652-2ec8-40ee-b2ef-ca31bff9d1d0, tags={ com.google.android.apps.miphone.aiai.chronicle.impl.packagemonitor.PackageMonitoringWorker,PackageMonitoringWorker } ]
06-01 12:55:51.976  1071  1071 D SsBaseTemplateCard: No text view can be set up
06-01 12:55:51.977  1071  1071 D SsBaseTemplateCard: Passed-in item info is null
06-01 12:55:51.977  1071  1071 D SsBaseTemplateCard: Passed-in item info is null
06-01 12:55:51.977  1071  1071 D SsBaseTemplateCard: Passed-in item info is null
06-01 12:55:51.977  1071  1071 I SsBaseTemplateCard: Secondary card pane is null
06-01 12:55:51.984   677  1076 I HWUI    : Davey! duration=1714ms; Flags=1, FrameTimelineVsyncId=6124, IntendedVsync=58568837182, Vsync=58768837174, InputEventId=0, HandleInputStart=58807819200, AnimationStart=58807854100, PerformTraversalsStart=58807901200, DrawStart=59001507000, FrameDeadline=58585503848, FrameStartTime=58783791600, FrameInterval=16666666, WorkloadTarget=16666666, SyncQueued=59002971200, SyncStart=59003601200, IssueDrawCommandsStart=59003665500, SwapBuffers=59878621600, FrameCompleted=60283774600, DequeueBufferDuration=48700, QueueBufferDuration=4416600, GpuCompleted=60283571500, SwapBuffersCompleted=60283774600, DisplayPresentTime=31244212047708270, CommandSubmissionCompleted=59878621600, 
06-01 12:55:52.002   677   719 W Looper  : Slow dispatch took 1530ms android.ui app=system_server main=false group=TOP_APP h=android.view.Choreographer$FrameHandler c=android.view.Choreographer$FrameDisplayEventReceiver@327667b m=0
06-01 12:55:52.024   677  1028 D BufferPoolAccessor2.0: evictor expired: 6, evicted: 0
06-01 12:55:52.029  2185  2185 I fmsf    : (REDACTED) Scoped context discovery schemas: %s.
06-01 12:55:52.041  1071  1071 D TouchInteractionService: onBind: user=0 instance=263943294
06-01 12:55:52.051  2224  2224 W .apps.messaging: Failed to find entry 'classes.dex': Entry not found
06-01 12:55:52.052  2224  2224 W .apps.messaging: Failed to find entry 'classes.dex': Entry not found
06-01 12:55:52.052  2224  2224 W .apps.messaging: Failed to find entry 'classes.dex': Entry not found
06-01 12:55:52.063  2224  2224 D nativeloader: Configuring clns-10 for other apk /data/app/~~_F7kSiE4GDo0ISh8Z_xPgg==/com.google.android.apps.messaging-JnQgmRZkitrW9DMdlFKlqQ==/base.apk:/data/app/~~_F7kSiE4GDo0ISh8Z_xPgg==/com.google.android.apps.messaging-JnQgmRZkitrW9DMdlFKlqQ==/split_config.en.apk:/data/app/~~_F7kSiE4GDo0ISh8Z_xPgg==/com.google.android.apps.messaging-JnQgmRZkitrW9DMdlFKlqQ==/split_config.x86_64.apk:/data/app/~~_F7kSiE4GDo0ISh8Z_xPgg==/com.google.android.apps.messaging-JnQgmRZkitrW9DMdlFKlqQ==/split_config.xxhdpi.apk. target_sdk_version=37, uses_libraries=, library_path=/data/app/~~_F7kSiE4GDo0ISh8Z_xPgg==/com.google.android.apps.messaging-JnQgmRZkitrW9DMdlFKlqQ==/lib/x86_64:/data/app/~~_F7kSiE4GDo0ISh8Z_xPgg==/com.google.android.apps.messaging-JnQgmRZkitrW9DMdlFKlqQ==/base.apk!/lib/x86_64:/data/app/~~_F7kSiE4GDo0ISh8Z_xPgg==/com.google.android.apps.messaging-JnQgmRZkitrW9DMdlFKlqQ==/split_config.en.apk!/lib/x86_64:/data/app/~~_F7kSiE4GDo0ISh8Z_xPgg==/com.google.android.apps.messaging-JnQgmRZkitrW9DMdlFKlqQ==/split_config.x86_64.apk!/l
06-01 12:55:52.066  2185  2185 I csrq    : Creating Amp configuration from performer module
06-01 12:55:52.069   628   943 D BufferPoolAccessor2.0: evictor expired: 2, evicted: 0
06-01 12:55:52.080  1023  2177 I AdapterProperties: getBondedDevices: length=0
06-01 12:55:52.093  1071  1123 D LoaderTask: sanitizeData finished
06-01 12:55:52.098  1071  1123 W LoaderTask: LoaderTask cancelled
06-01 12:55:52.106  1071  1123 I GridSizeMigrationDBController: Migration is not needed. destDeviceState: DeviceGridState{mGridSizeString='4,5', mNumHotseat=4, mDeviceType=0, mDbFile=launcher_4_by_5.db}, srcDeviceState: DeviceGridState{mGridSizeString='4,5', mNumHotseat=4, mDeviceType=0, mDbFile=launcher_4_by_5.db}
06-01 12:55:52.111  1071  1123 D ModelDbController: isGridMigrationNecessary: no grid migration needed
06-01 12:55:52.128   946   984 V WindowManagerShell: Transition requested (#6): android.os.BinderProxy@a54da9b TransitionRequestInfo { type = CHANGE, triggerTask = null, pipChange = null, remoteTransition = RemoteTransition { remoteTransition = android.window.IRemoteTransition$Stub$Proxy@f9e7e38, appThread = null, debugName = TaskFragmentComponent }, displayChange = null, flags = 0, debugId = 6 }
06-01 12:55:52.128  1071  1071 D TISBindHelper: TIS service connected
06-01 12:55:52.128  1071  1071 D TaskbarManager: setActivity: mActivity=null displayId=0 isDefaultDisplay=true
06-01 12:55:52.128  1071  1071 D TaskbarManager: setActivity: registering activity lifecycle callbacks. displayId=0 isDefaultDisplay=true
06-01 12:55:52.128  1071  1071 D TaskbarManager: getUnfoldTransitionProgressProviderForActivity displayId=0 isDefaultDisplay=true
06-01 12:55:52.129  1071  1071 D TaskbarManager: setRecentsViewContainer displayId=0 isDefaultDisplay=true
06-01 12:55:52.129  1071  1071 D TaskbarManager: createTaskbarUIControllerForRecentsViewContainer displayId=0 isDefaultDisplay=true
06-01 12:55:52.139   677   719 I Choreographer: Skipped 98 frames!  The application may be doing too much work on its main thread.
06-01 12:55:52.142  1071  1071 D TaskFragmentComponent: Setting valid task fragment surface control in TYPE_TASK_FRAGMENT_APPEARED
06-01 12:55:52.145   946   984 V WindowManagerShell: RemoteTransition directly requested for (#6) android.os.BinderProxy@a54da9b: RemoteTransition { remoteTransition = android.window.IRemoteTransition$Stub$Proxy@f9e7e38, appThread = null, debugName = TaskFragmentComponent }
06-01 12:55:52.146   946   984 V WindowManagerShell: Transition (#6): request handled by RemoteTransitionHandler
06-01 12:55:52.159   554   554 I BpBinder: onLastStrongRef automatically unlinking death recipients: 
06-01 12:55:52.171   946  2123 D BufferPoolAccessor2.0: bufferpool2 0x7f2d355b2d88 : 0(0 size) total buffers - 0(0 size) used buffers - 2/7 (recycle/alloc) - 6/36 (fetch/transfer)
06-01 12:55:52.171   946  2123 D BufferPoolAccessor2.0: evictor expired: 1, evicted: 1
06-01 12:55:52.175   677   721 W IPCThreadState: Sending oneway calls to frozen process.
06-01 12:55:52.176  1444  1979 I SP.AiAi : Scheduling: download registered, 0 started, 0 paused, 5 scheduled, 5 pending: manifests:text-classifier-langid-1941001461 * {W:C:I:l, bg}, manifests:spelling_correction-22110320 * {W:C:I:l, bg}, manifests:kg_collections_table-21051103 * {W:C:I:l, bg}, manifests:text-classifier-annotator-272525175 * {W:C:I:l, bg}, manifests:text-classifier-actions-1140547708 * {W:C:I:l, bg}
06-01 12:55:52.196  1071  1071 D StateManager: goToState - fromState: Normal, toState: Normal, partial trace:
06-01 12:55:52.196  1071  1071 D StateManager: 	at com.android.launcher3.statemanager.StateManager.moveToRestState(go/retraceme 72a59688580715d19f0e415c69e80376c2f062d1648c80db6730905005a27c20:4)
06-01 12:55:52.196  1071  1071 D StateManager: 	at com.android.launcher3.statemanager.StateManager.moveToRestState(go/retraceme 72a59688580715d19f0e415c69e80376c2f062d1648c80db6730905005a27c20:1)
06-01 12:55:52.196  1071  1071 D StateManager: 	at com.android.launcher3.statemanager.StatefulActivity.onStop(go/retraceme 72a59688580715d19f0e415c69e80376c2f062d1648c80db6730905005a27c20:34)
06-01 12:55:52.205  1071  1071 D StatsLog: LAUNCHER_ONSTOP
06-01 12:55:52.235   677  1660 V WindowManager: Queueing transition: TransitionRecord{bcbe7d1 id=-1 type=CLOSE flags=0x0}
06-01 12:55:52.237  1071  1123 I GridSizeMigrationDBController: Migration is not needed. destDeviceState: DeviceGridState{mGridSizeString='4,5', mNumHotseat=4, mDeviceType=0, mDbFile=launcher_4_by_5.db}, srcDeviceState: DeviceGridState{mGridSizeString='4,5', mNumHotseat=4, mDeviceType=0, mDbFile=launcher_4_by_5.db}
06-01 12:55:52.237   677   891 D BackgroundInstallControlService: Package event received: 0
06-01 12:55:52.237   677   891 D BackgroundInstallControlService: Package event received: 0
06-01 12:55:52.237   677   891 D BackgroundInstallControlService: Package event received: 0
06-01 12:55:52.237   677   891 D BackgroundInstallControlService: Package event received: 0
06-01 12:55:52.237  1071  1123 D LoaderTask: loadWorkspace: loading default favorites if necessary
06-01 12:55:52.238  1241  1305 I AlarmManager: setExactAndAllowWhileIdle [name: GCM_CONN_ALARM type: 2 triggerAtMillis: 66549]
06-01 12:55:52.273  1071  1123 D LoaderTask: loadWorkspace: Packages with active install/update sessions: []
06-01 12:55:52.275   677   718 V WindowManager: Sent Transition (#6) createdAt=06-01 12:55:51.976 via request=TransitionRequestInfo { type = CHANGE, triggerTask = null, pipChange = null, remoteTransition = RemoteTransition { remoteTransition = android.window.IRemoteTransition$Stub$Proxy@d798aa4, appThread = null, debugName = TaskFragmentComponent }, displayChange = null, flags = 0, debugId = 6 }
06-01 12:55:52.277   946   957 V WindowManagerShell: onTransitionReady(transaction=2907692859731)
06-01 12:55:52.278   946   984 V WindowManagerShell: onTransitionReady (#6) android.os.BinderProxy@a54da9b: {id=6 t=CHANGE f=0x0 trk=0 r=[] c=[]}
06-01 12:55:52.278   946   984 V WindowManagerShell: No transition roots in (#6) android.os.BinderProxy@a54da9b@0 so abort
06-01 12:55:52.280  1241  1971 W ProviderHelper: Unknown dynamite feature providerinstaller.dynamite
06-01 12:55:52.280   946   984 V WindowManagerShell: Transition animation finished (aborted=true), notifying core (#6) android.os.BinderProxy@a54da9b@0
06-01 12:55:52.282  1071  1071 D StatsLog: LAUNCHER_GOOGLE_SEARCH_RESTORE_LIST_SIZE_AFTER_ACTIVITY_RESTART
06-01 12:55:52.283  2053  2333 I FederatedTrainingScheduler: Cancelling training for population:aiai/playstore/pecanconversationfragmentevents session_name:pecanconversationfragmentevents
06-01 12:55:52.284  2224  2224 I .apps.messaging: AssetManager2(0x7f2d05593a18) locale list changing from [] to [en-US]
06-01 12:55:52.287  2053  2334 I FederatedTrainingScheduler: Cancelling training for population:aiai/playstore/ambientcontext session_name:ambientcontext
06-01 12:55:52.327  1071  1123 D LoaderTask: No pinned shortcuts found for user UserHandle{0}
06-01 12:55:52.329   946   984 V WindowManagerShell: Track 0 became idle
06-01 12:55:52.329   946   984 V WindowManagerShell: All active transition animations finished
06-01 12:55:52.329   946   984 V WindowManagerShell: Transition requested (#7): android.os.BinderProxy@ed6dc50 TransitionRequestInfo { type = CLOSE, triggerTask = null, pipChange = null, remoteTransition = RemoteTransition { remoteTransition = android.window.IRemoteTransition$Stub$Proxy@e7c5e49, appThread = null, debugName = TaskFragmentComponent }, displayChange = null, flags = 0, debugId = 7 }
06-01 12:55:52.330   946   984 V WindowManagerShell: RemoteTransition directly requested for (#7) android.os.BinderProxy@ed6dc50: RemoteTransition { remoteTransition = android.window.IRemoteTransition$Stub$Proxy@e7c5e49, appThread = null, debugName = TaskFragmentComponent }
06-01 12:55:52.330   946   984 V WindowManagerShell: Transition (#7): request handled by RemoteTransitionHandler
06-01 12:55:52.330   677   891 D BackgroundInstallControlService: Package event received: 0
06-01 12:55:52.330   677   718 V WindowManager:     startWCT=WindowContainerTransaction { changes= {} hops= [] errorCallbackToken=null taskFragmentOrganizer=null }
06-01 12:55:52.330   677   718 V WindowManager:     info={id=6 t=CHANGE f=0x0 trk=0 r=[] c=[]}
06-01 12:55:52.331   677   718 V WindowManager: Finish Transition (#6): created at 06-01 12:55:51.976 collect-started=0.297ms request-sent=95.193ms started=170.488ms ready=294.891ms sent=296.83ms commit=56.696ms finished=347.671ms
06-01 12:55:52.339  2053  2328 I FederatedTrainingScheduler: Cancelling training for population:aiai/playstore/pecanconversationsessionevents session_name:pecanconversationsessionevents
06-01 12:55:52.340  2053  2335 I FederatedTrainingScheduler: Cancelling training for population:aiai/playstore/pecansearchqueryevents session_name:pecansearchqueryevents
06-01 12:55:52.340  1241  1971 I DynamiteModule: Considering local module com.google.android.gms.providerinstaller.dynamite:1 and remote module com.google.android.gms.providerinstaller.dynamite:0
06-01 12:55:52.340  1241  1971 I DynamiteModule: Selected local version of com.google.android.gms.providerinstaller.dynamite
06-01 12:55:52.341  2053  2328 I FederatedTrainingScheduler: Cancelling training for population:aiai/playstore/pecanmessageevents session_name:pecanmessageevents
06-01 12:55:52.341  1241  1971 I TrafficStats: tagSocketFd(-1, 1031, -1) failed with errno-9
06-01 12:55:52.342  2053  2335 I FederatedTrainingScheduler: Cancelling training for population:aiai/playstore/pecanconversationthreadevents session_name:pecanconversationthreadevents
06-01 12:55:52.342  2053  2333 I FederatedTrainingScheduler: Cancelling training for population:aiai/playstore/smartselect/prod/train/en/address-phone-or-pasted-to-either-apps session_name:smartselect/prod/train/en/address-phone-or-pasted-to-either-apps
06-01 12:55:52.343  2053  2328 I FederatedTrainingScheduler: Cancelling training for population:aiai/playstore/smartselect/prod/train/en/address-phone-other session_name:smartselect/prod/train/en/address-phone-other
06-01 12:55:52.346   554   554 I BpBinder: onLastStrongRef automatically unlinking death recipients: 
06-01 12:55:52.347  2053  2333 I FederatedTrainingScheduler: Cancelling training for population:aiai/playstore/smartselect/prod/train/en/address-phone-or-selected-in-non-messaging-apps session_name:smartselect/prod/train/en/address-phone-or-selected-in-non-messaging-apps
06-01 12:55:52.347  2053  2334 I FederatedTrainingScheduler: Cancelling training for population:aiai/playstore/toastquery session_name:toastquery
06-01 12:55:52.348  2053  2333 I FederatedTrainingScheduler: Cancelling training for population:aiai/playstore/smartselect/prod/train/all/all session_name:smartselect/prod/train/all/all
06-01 12:55:52.349  2053  2340 I FederatedTrainingScheduler: Cancelling training for population:aiai/playstore/search session_name:search
06-01 12:55:52.355  2053  2335 I FederatedTrainingScheduler: Cancelling training for population:aiai/playstore/smartselect/prod/train/en/address session_name:smartselect/prod/train/en/address
06-01 12:55:52.387  2053  2337 I FederatedTrainingScheduler: Cancelling training for population:aiai/playstore/smartselect/prod/train/en/address-or-pasted-to-map-apps session_name:smartselect/prod/train/en/address-or-pasted-to-map-apps
06-01 12:55:52.391   946  1142 V WindowManagerShell: onTransitionReady(transaction=2907692859742)
06-01 12:55:52.393   946   984 V WindowManagerShell: onTransitionReady (#7) android.os.BinderProxy@ed6dc50: {id=7 t=CLOSE f=0x0 trk=1 r=[] c=[]}
06-01 12:55:52.393   946   984 V WindowManagerShell: No transition roots in (#7) android.os.BinderProxy@ed6dc50@1 so abort
06-01 12:55:52.394   946   984 V WindowManagerShell: Transition animation finished (aborted=true), notifying core (#7) android.os.BinderProxy@ed6dc50@1
06-01 12:55:52.408  1669  2312 W gle.android.gms: Verification of m32.uno m32.unf.e(java.lang.Iterable) took 114.739ms (87.15 bytecodes/s) (0B arena alloc)
06-01 12:55:52.411   946   984 V WindowManagerShell: Track 1 became idle
06-01 12:55:52.412   946   984 V WindowManagerShell: All active transition animations finished
06-01 12:55:52.414   677   677 I TransportConnection: D2dTransportService#2: Notifying [TransportManager.registerTransport()] transport = BackupTransportClient
06-01 12:55:52.415  1339  2035 D WM-SystemJobScheduler: Scheduling work ID b4d18c9a-38ee-4263-8d35-7f52c87a1512Job ID 293
06-01 12:55:52.429  1669  1669 I WakefulBroadcastRcvr: Processing wakeful broadcast: com.google.android.gms.checkin.CHECKIN_START_ACTION
06-01 12:55:52.432   677   718 V WindowManager: Sent Transition (#7) createdAt=06-01 12:55:52.234 via request=TransitionRequestInfo { type = CLOSE, triggerTask = null, pipChange = null, remoteTransition = RemoteTransition { remoteTransition = android.window.IRemoteTransition$Stub$Proxy@88af44b, appThread = null, debugName = TaskFragmentComponent }, displayChange = null, flags = 0, debugId = 7 }
06-01 12:55:52.432   677   718 V WindowManager:     startWCT=WindowContainerTransaction { changes= {} hops= [] errorCallbackToken=null taskFragmentOrganizer=null }
06-01 12:55:52.432   677   718 V WindowManager:     info={id=7 t=CLOSE f=0x0 trk=1 r=[] c=[]}
06-01 12:55:52.432   677   718 V WindowManager: Finish Transition (#7): created at 06-01 12:55:52.234 collect-started=38.942ms request-sent=43.339ms started=105.404ms ready=104.477ms sent=140.547ms commit=39.928ms finished=169.321ms
06-01 12:55:52.479   946   946 W SystemUIService: Initialization of com.android.systemui.statusbar.pipeline.mobile.ui.MobileUiAdapter took 2513 ms
06-01 12:55:52.504  2053  2339 I FederatedTrainingScheduler: Cancelling training for population:aiai/playstore/smartselect/prod/train/en/pasted-to-named-entity-apps session_name:smartselect/prod/train/en/pasted-to-named-entity-apps
06-01 12:55:52.511  1071  1123 D WorkspaceItemProcessor: valid target true, marking restored: com.google.android.dialer, itemType=0, restoreFlag=0
06-01 12:55:52.515  1339  2035 D WM-GreedyScheduler: Ignoring {WorkSpec: 71f9f7b7-0e95-4142-92da-e8df3242f46c}. Requires device idle.
06-01 12:55:52.515  1339  2035 D WM-GreedyScheduler: Ignoring {WorkSpec: 82586dc0-2fcb-4952-a1e0-78d6f4eff466}. Requires device idle.
06-01 12:55:52.515  1339  2035 D WM-GreedyScheduler: Ignoring {WorkSpec: b46ff990-55a7-4bcf-b88c-4c581135cb05}. Requires device idle.
06-01 12:55:52.515  1339  2035 D WM-GreedyScheduler: Ignoring {WorkSpec: 891e70ff-277d-4d89-a55c-8d84058f688e}. Requires device idle.
06-01 12:55:52.515  1339  2035 D WM-GreedyScheduler: Ignoring {WorkSpec: bb701614-c815-4849-a026-151040b92d8a}. Requires device idle.
06-01 12:55:52.515  1339  2035 D WM-GreedyScheduler: Ignoring {WorkSpec: 6d4c483c-b7cc-45c5-802a-4411bc722a37}. Requires device idle.
06-01 12:55:52.515  1339  2035 D WM-GreedyScheduler: Ignoring {WorkSpec: 44edd83d-637c-4cab-80ff-dfeb84a1aa15}. Requires device idle.
06-01 12:55:52.515  1339  2035 D WM-GreedyScheduler: Ignoring {WorkSpec: 54c47f21-835a-4862-9aec-d8defeddd992}. Requires device idle.
06-01 12:55:52.523  2224  2224 V GraphicsEnvironment: Currently set values for:
06-01 12:55:52.523  2224  2224 V GraphicsEnvironment:   angle_gl_driver_selection_pkgs=[]
06-01 12:55:52.523  2224  2224 V GraphicsEnvironment:   angle_gl_driver_selection_values=[]
06-01 12:55:52.523  2224  2224 V GraphicsEnvironment: com.google.android.apps.messaging is not listed in per-application setting
06-01 12:55:52.523  2224  2224 V GraphicsEnvironment: ANGLE allowlist from config: com.dreamgames.royalmatch com.dts.freefiremax com.dxx.firenow com.gramgames.mergedragons com.ludo.king com.mojang.minecraftpe com.my.defense com.nintendo.zaka com.os.airforce com.playrix.fishdomdd.gplay io.teslatech.callbreak jp.konami.prospia net.peakgames.toonblast
06-01 12:55:52.524  2224  2224 V GraphicsEnvironment: com.google.android.apps.messaging is not listed in ANGLE allowlist or settings, returning default
06-01 12:55:52.524  2224  2224 V GraphicsEnvironment: Neither updatable production driver nor prerelease driver is supported.
06-01 12:55:52.529  1241  2143 W NearbyDiscovery: Runnable[FastPairController::setSassDeviceGroupManager] was delayed for 00:04.536 [CONTEXT service_id=265 ]
06-01 12:55:52.532  1241  1251 W .gms.persistent: Suspending all threads took: 263.610ms
06-01 12:55:52.533  1241  1800 I NearbySharing: Granted slice and uri permissions to android
06-01 12:55:52.542  1241  2143 W NearbyDiscovery: Runnable[subscribe] was delayed for 00:04.738 [CONTEXT service_id=265 ]
06-01 12:55:52.545  2185  2185 I cspm    : onCreate()
06-01 12:55:52.549  1241  1800 I NearbySharing: Granted slice and uri permissions to com.google.android.apps.nbu.files
06-01 12:55:52.550  1669  1837 W gle.android.gms: Verification of java.lang.Object m32.xar.a(java.lang.Object) took 813.573ms (22.12 bytecodes/s) (0B arena alloc)
06-01 12:55:52.553  1669  1852 I ConsentManagerApiServic: (REDACTED) ConsentManagerApiService onGetService success %s
06-01 12:55:52.556  1241  1800 I NearbySharing: com.google.android.gms.nearby.sharing.receive.SamsungQrCodeActivity enable=false
06-01 12:55:52.567   677  1660 I system_server: AssetManager2(0x7f2d055a5038) locale list changing from [] to [en-US]
06-01 12:55:52.572  2185  2185 I fhvt    : (REDACTED) Created gRPC endpoint for service %s
06-01 12:55:52.596  1071  1123 D WorkspaceItemProcessor: valid target true, marking restored: com.google.android.apps.messaging, itemType=0, restoreFlag=0
06-01 12:55:52.619  1339  1860 E DialerAndroidFutures: com.google.apps.tiktok.concurrent.AndroidFutures.crashApplicationOnFailure:382 Timeout exceeded waiting on crashApplicationOnFailure future. Waited 5 SECONDS. Allowing future ahfs@5905798[status=PENDING, info=[task=[running=[RUNNING ON Blocking Thread #16], java.util.concurrent.Executors$RunnableAdapter@b5cbf1[Wrapped task = propagating=[wje@ef173d6]]]]] to continue anyway.
06-01 12:55:52.619  1339  1860 E DialerAndroidFutures: afsv: 
06-01 12:55:52.619  1339  1860 E DialerAndroidFutures: 	at tk_trace.<missing root>(Unknown Source:0)
06-01 12:55:52.619  1339  1860 E DialerAndroidFutures: 	at tk_trace.Missing root trace(Unknown Source:0)
06-01 12:55:52.620  1339  1884 I DialerVvmServiceSchedulerImpl: com.android.dialer.voicemail.service.impl.scheduler.VvmServiceSchedulerImpl.schedule:324 scheduling action: ACTIVATE [CONTEXT enable_persistent_logger=true ]
06-01 12:55:52.626  1071  1123 D WorkspaceItemProcessor: valid target true, marking restored: com.android.chrome, itemType=0, restoreFlag=0
06-01 12:55:52.658  1444  2071 I AiAiAutofill: Connected AiAiAugmentedAutofillService.
06-01 12:55:52.668   946   946 D ThemeOverlayController: Boot animation colors 1: -141318
06-01 12:55:52.668   946   946 D ThemeOverlayController: Boot animation colors 2: -7034140
06-01 12:55:52.668   946   946 D ThemeOverlayController: Boot animation colors 3: -9406581
06-01 12:55:52.668   946   946 D ThemeOverlayController: Boot animation colors 4: -2497793
06-01 12:55:52.668   946   946 D ThemeOverlayController: Start
06-01 12:55:52.668  2053  2172 I TrainerGrpcBindableService: Cancelling training succeeded [population=aiai/playstore/pecanconversationfragmentevents, session=pecanconversationfragmentevents]
06-01 12:55:52.676   677   719 W Looper  : Slow dispatch took 494ms android.ui app=system_server main=false group=TOP_APP h=android.view.Choreographer$FrameHandler c=android.view.Choreographer$FrameDisplayEventReceiver@327667b m=0
06-01 12:55:52.682  2185  2185 W cspm    : (REDACTED) Caller %s is not allowed to use the news media browser service
06-01 12:55:52.685  2185  2185 I MediaBrowserService: No root for client com.google.android.bluetooth from service android.service.media.MediaBrowserService$ServiceState
06-01 12:55:52.691  1023  1023 E MediaBrowser: onConnectFailed for ComponentInfo{com.google.android.googlequicksearchbox/com.google.android.libraries.assistant.auto.tng.media.mediabrowser.NewsMediaBrowserService}
06-01 12:55:52.697  1071  1123 D WorkspaceItemProcessor: valid target true, marking restored: com.android.vending, itemType=0, restoreFlag=0
06-01 12:55:52.705  1339  1884 I DialerLoggingConsentCheckerImpl: com.google.android.callingshared.logging.consent.impl.LoggingConsentCheckerImpl.getConsent:72 timer stop with success, timer present: false
06-01 12:55:52.712   946  1144 W Looper  : Drained
06-01 12:55:52.739  1241  2143 I Nearby  : (REDACTED) is blocked device type %s, isAuto=%s, isIot=%s, isLatchsky=%s, isChinaWearable=%s, isTv=%s, isWearable=%s (supportWearOs=%s), isChromeOsDevice=%s (supportChromeOs=%s)
06-01 12:55:52.742  1241  2143 I NearbyDiscovery: (REDACTED) DiscoveryController, showNotification, itemSize=%s
06-01 12:55:52.743  1241  2143 I NearbyDiscovery: (REDACTED) Show notifications: %d total, no changes since last shown, no-op.
06-01 12:55:52.756   677   837 D NetworkStatsObservers: Registering observer for RequestInfo from pid/uid:677/1000(android) for DataUsageRequest [ requestId=7, networkTemplate=NetworkTemplate: matchRule=MOBILE, matchSubscriberIds=[310260...], matchWifiNetworkKeys=[], metered=YES, defaultNetwork=NO, thresholdInBytes=21337551 ] accessLevel:3
06-01 12:55:52.758  2053  2172 I TrainerGrpcBindableService: Cancelling training succeeded [population=aiai/playstore/ambientcontext, session=ambientcontext]
06-01 12:55:52.759  2185  2185 I cspm    : onDestroy()
06-01 12:55:52.759  2185  2185 I csrq    : Creating Amp configuration from performer module
06-01 12:55:52.761  1023  1023 W BrowsedPlayerWrapper: onConnectionFailed: Connection Failed with com.google.android.googlequicksearchbox
06-01 12:55:52.761  1023  1023 I AvrcpBrowsablePlayerConnector: com.google.android.googlequicksearchbox is not browsable
06-01 12:55:52.762  1023  1023 I AvrcpBrowsablePlayerConnector: Successfully connected to 0 browsable players.
06-01 12:55:52.762  1023  1023 I MediaPlayerList: init: Browsable Player list size is 0
06-01 12:55:52.765  1241  2143 W NearbyDiscovery: Runnable[PureOffloadFastPairScanner] was delayed for 00:04.845 [CONTEXT service_id=265 ]
06-01 12:55:52.768  1339  1884 I DialerRefreshAnnotatedCallLogWorker: com.android.dialer.calllog.refresh.impl.RefreshAnnotatedCallLogWorker.fillAndTime:305 filling CallRecordingDataSource
06-01 12:55:52.768  1339  1884 I DialerCallRecordingDataSource: com.android.dialer.callrecording.impl.calllog.CallRecordingDataSource.fill:81 enter
06-01 12:55:52.768  1339  1884 I DialerCallRecordingDataSource: com.android.dialer.callrecording.impl.calllog.CallRecordingDataSource.handleInsertsAndUpdatesFromAnnotatedCallLog:96 enter
06-01 12:55:52.778   946   946 D UnderlayCoreStartable: Underlay flag is disabled, not starting.
06-01 12:55:52.802  1921  2302 E SurfaceSyncGroup: Failed to receive transaction ready in 1000ms. Marking SurfaceSyncGroup(wmsSync-VRI[MainActivity]#0) as ready
06-01 12:55:52.803  1921  2302 E SurfaceSyncGroup: Failed to receive transaction ready in 1000ms. Marking SurfaceSyncGroup(VRI[MainActivity]#1) as ready
06-01 12:55:52.803   677  1663 W ServiceManagerCppClient: Permission failure: android.permission.ACCESS_SURFACE_FLINGER from uid=10225 pid=0
06-01 12:55:52.803   677  1663 D PermissionCache: checking android.permission.ACCESS_SURFACE_FLINGER for uid=10225 => denied (220 us)
06-01 12:55:52.803   677  1663 W ServiceManagerCppClient: Permission failure: android.permission.ROTATE_SURFACE_FLINGER from uid=10225 pid=0
06-01 12:55:52.803   677  1663 D PermissionCache: checking android.permission.ROTATE_SURFACE_FLINGER for uid=10225 => denied (122 us)
06-01 12:55:52.804   677  1663 W ServiceManagerCppClient: Permission failure: android.permission.INTERNAL_SYSTEM_WINDOW from uid=10225 pid=0
06-01 12:55:52.804   677  1663 D PermissionCache: checking android.permission.INTERNAL_SYSTEM_WINDOW for uid=10225 => denied (118 us)
06-01 12:55:52.817   677   939 D NetworkStatsObservers: Unregistering RequestInfo from pid/uid:677/1000(android) for DataUsageRequest [ requestId=6, networkTemplate=NetworkTemplate: matchRule=MOBILE, matchSubscriberIds=[310260...], matchWifiNetworkKeys=[], metered=YES, defaultNetwork=NO, thresholdInBytes=21340478 ] accessLevel:3
06-01 12:55:52.818   677   718 I ActivityTaskManager: Displayed com.aistudio.ereader.xynk/com.example.MainActivity for user 0: +10s985ms
06-01 12:55:52.818  1071  1123 D WorkspaceItemProcessor: valid target true, marking restored: com.google.android.gm, itemType=0, restoreFlag=0
06-01 12:55:52.837   677   891 D BackgroundInstallControlService: Package event received: 0
06-01 12:55:52.838   677  1466 D BackupTransportManager: [UserID:0] Transport com.google.android.gms/.backup.component.D2dTransportService registered
06-01 12:55:52.838   677  1466 D BackupManagerService: [UserID:0] Transport com.google.android.gms/.backup.migrate.service.D2dTransport registered 24048ms after first request (delay = 3000ms)
06-01 12:55:52.839  2053  2172 I TrainerGrpcBindableService: Cancelling training succeeded [population=aiai/playstore/pecanconversationsessionevents, session=pecanconversationsessionevents]
06-01 12:55:52.844  2053  2172 I TrainerGrpcBindableService: Cancelling training succeeded [population=aiai/playstore/pecansearchqueryevents, session=pecansearchqueryevents]
06-01 12:55:52.856   677   719 W Looper  : Slow dispatch took 180ms android.ui app=system_server main=false group=TOP_APP h=android.view.Choreographer$FrameHandler c=android.view.Choreographer$FrameDisplayEventReceiver@327667b m=0
06-01 12:55:52.873   946  1144 D ThemeOverlayController: Boot colors: [WallpaperColors: ff343e65 ff100f19 ffadc1e4 ff2f5269 ff524637 ff231e24 ff3c332e ffa8a298 ffc7c5c3 ff000000 h: 6]
06-01 12:55:52.885  1339  1884 I DialerCallRecordingDataSourceStatusService: com.android.dialer.callrecording.impl.calllog.CallRecordingDataSourceStatusService.getTimestampOfLastSyncedCallRecordingInfoMillis:104 lastSyncedCallRecordingInfoTimestamp 0
06-01 12:55:52.892  1339  2036 I DialerCallRecordingDataSource: com.android.dialer.callrecording.impl.calllog.CallRecordingDataSource.getAnnotatedCallLogIdsToCallRecordingInfoMap:280 lastSyncedCallRecordingInfoTimestamp 0
06-01 12:55:52.901  1921  1955 I HWUI    : Davey! duration=5624ms; Flags=1, FrameTimelineVsyncId=4973, IntendedVsync=55535503970, Vsync=56218837276, InputEventId=0, HandleInputStart=56221868300, AnimationStart=56221919100, PerformTraversalsStart=56221969400, DrawStart=60134788800, FrameDeadline=55552170636, FrameStartTime=56219729000, FrameInterval=16666666, WorkloadTarget=16666666, SyncQueued=60274249300, SyncStart=60276703600, IssueDrawCommandsStart=60276884700, SwapBuffers=60978764800, FrameCompleted=61162452100, DequeueBufferDuration=44300, QueueBufferDuration=1276700, GpuCompleted=61161943800, SwapBuffersCompleted=61162452100, DisplayPresentTime=0, CommandSubmissionCompleted=60978764800, 
06-01 12:55:52.941  1071  1123 D WorkspaceItemProcessor: valid target true, marking restored: com.google.android.apps.photos, itemType=0, restoreFlag=0
06-01 12:55:52.949   677   719 W Looper  : Drained
06-01 12:55:52.957  2053  2172 I TrainerGrpcBindableService: Cancelling training succeeded [population=aiai/playstore/pecanmessageevents, session=pecanmessageevents]
06-01 12:55:52.957  2053  2172 I TrainerGrpcBindableService: Cancelling training succeeded [population=aiai/playstore/pecanconversationthreadevents, session=pecanconversationthreadevents]
06-01 12:55:52.958  2053  2172 I TrainerGrpcBindableService: Cancelling training succeeded [population=aiai/playstore/smartselect/prod/train/en/address-phone-or-pasted-to-either-apps, session=smartselect/prod/train/en/address-phone-or-pasted-to-either-apps]
06-01 12:55:52.959  2053  2172 I TrainerGrpcBindableService: Cancelling training succeeded [population=aiai/playstore/smartselect/prod/train/en/address-phone-other, session=smartselect/prod/train/en/address-phone-other]
06-01 12:55:52.979  1921  1921 I Choreographer: Skipped 292 frames!  The application may be doing too much work on its main thread.
06-01 12:55:52.988   677   891 D BackgroundInstallControlService: Package event received: 0
06-01 12:55:52.989  1241  1333 I Nearby  : (REDACTED) is blocked device type %s, isAuto=%s, isIot=%s, isLatchsky=%s, isChinaWearable=%s, isTv=%s, isWearable=%s (supportWearOs=%s), isChromeOsDevice=%s (supportChromeOs=%s)
06-01 12:55:52.994  1071  1123 D WorkspaceItemProcessor: valid target true, marking restored: com.google.android.youtube, itemType=0, restoreFlag=0
06-01 12:55:52.995  1023  1233 I bt_shim_scanner: system/main/shim/le_scanning_manager.cc:147 Scan: in shim layer stopped
06-01 12:55:52.996  1023  1212 I bluetooth: system/gd/hci/le_address_manager.cc:278 unregister_client: Client unregistered
06-01 12:55:52.996  1023  1212 I bluetooth: system/gd/hci/le_address_manager.cc:293 unregister_client: Cancelled address rotation alarm
06-01 12:55:52.999  2053  2172 I TrainerGrpcBindableService: Cancelling training succeeded [population=aiai/playstore/smartselect/prod/train/en/address-phone-or-selected-in-non-messaging-apps, session=smartselect/prod/train/en/address-phone-or-selected-in-non-messaging-apps]
06-01 12:55:52.999  2053  2172 I TrainerGrpcBindableService: Cancelling training succeeded [population=aiai/playstore/toastquery, session=toastquery]
06-01 12:55:53.008   677   677 W System  : ClassLoader referenced unknown path: 
06-01 12:55:53.008   677   677 D nativeloader: Configuring clns-shared-22 for other apk . target_sdk_version=36, uses_libraries=, library_path=/apex/com.android.tethering/priv-app/ServiceConnectivityResourcesGoogle@360527520/lib/x86_64:/system/lib64:/system_ext/lib64, permitted_path=/data:/mnt/expand::/apex/com.android.tethering/priv-app/ServiceConnectivityResourcesGoogle@360527520:/system/lib64:/system_ext/lib64
06-01 12:55:53.013   946   946 D StorageNotification: Notifying about private volume: VolumeInfo{private}:
06-01 12:55:53.013   946   946 D StorageNotification:     type=PRIVATE diskId=null partGuid=null mountFlags=0 mountUserId=-10000 
06-01 12:55:53.013   946   946 D StorageNotification:     state=MOUNTED 
06-01 12:55:53.013   946   946 D StorageNotification:     fsType=null fsUuid=null fsLabel=null 
06-01 12:55:53.013   946   946 D StorageNotification:     path=/data internalPath=null 
06-01 12:55:53.051   677   677 I system_server: AssetManager2(0x7f2d055a7298) locale list changing from [] to [en-US]
06-01 12:55:53.051   677   891 D BackgroundInstallControlService: Package event received: 0
06-01 12:55:53.055  2053  2172 I TrainerGrpcBindableService: Cancelling training succeeded [population=aiai/playstore/smartselect/prod/train/all/all, session=smartselect/prod/train/all/all]
06-01 12:55:53.055  2053  2172 I TrainerGrpcBindableService: Cancelling training succeeded [population=aiai/playstore/search, session=search]
06-01 12:55:53.056  2053  2172 I TrainerGrpcBindableService: Cancelling training succeeded [population=aiai/playstore/smartselect/prod/train/en/address, session=smartselect/prod/train/en/address]
06-01 12:55:53.056  2053  2172 I TrainerGrpcBindableService: Cancelling training succeeded [population=aiai/playstore/smartselect/prod/train/en/address-or-pasted-to-map-apps, session=smartselect/prod/train/en/address-or-pasted-to-map-apps]
06-01 12:55:53.058  1023  1233 I bt_shim_scanner: system/main/shim/le_scanning_manager.cc:311 SetScanParameters: in shim layer, scannerId1m=1, scannerIdCoded=0
06-01 12:55:53.058  1023  1233 I bt_shim_scanner: system/main/shim/le_scanning_manager.cc:147 Scan: in shim layer started
06-01 12:55:53.058  1023  1212 I bluetooth: system/gd/hci/le_scanning_manager.cc:601 stop_scan: Scanning already stopped, return!
06-01 12:55:53.058  1023  1212 I bluetooth: system/gd/hci/le_address_manager.cc:576 GetNextPrivateAddressIntervalRange: client=LeAddressManager, nonwake=7m47s, wake=14m30s
06-01 12:55:53.058  1023  1212 I bluetooth: system/gd/hci/le_address_manager.cc:259 register_client: Scheduled address rotation for first client registered
06-01 12:55:53.058  1023  1212 I bluetooth: system/gd/hci/le_address_manager.cc:263 register_client: Client registered
06-01 12:55:53.064  2185  2305 D nativeloader: Load /data/app/~~KczER6NriYuDJOGw69fI-g==/com.google.android.googlequicksearchbox-cdwpa0rlDL4cMZ_Jb99qpQ==/base.apk!/lib/x86_64/libmappedcountercacheversionjni.so using class loader ns clns-10 (caller=/data/app/~~KczER6NriYuDJOGw69fI-g==/com.google.android.googlequicksearchbox-cdwpa0rlDL4cMZ_Jb99qpQ==/base.apk!classes2.dex): ok
06-01 12:55:53.071  2224  2224 D PrimesLoggerHolder: Primes instant initialization
06-01 12:55:53.079   628   943 D BufferPoolAccessor2.0: bufferpool2 0x7dea508a0c28 : 0(0 size) total buffers - 0(0 size) used buffers - 14/17 (recycle/alloc) - 3/16 (fetch/transfer)
06-01 12:55:53.079   628   943 D BufferPoolAccessor2.0: bufferpool2 0x7dea508a1c58 : 0(0 size) total buffers - 0(0 size) used buffers - 14/16 (recycle/alloc) - 2/15 (fetch/transfer)
06-01 12:55:53.079   628   943 D BufferPoolAccessor2.0: bufferpool2 0x7dea5089f758 : 0(0 size) total buffers - 0(0 size) used buffers - 5/7 (recycle/alloc) - 2/6 (fetch/transfer)
06-01 12:55:53.079   628   943 D BufferPoolAccessor2.0: evictor expired: 4, evicted: 3
06-01 12:55:53.084  2053  2172 I TrainerGrpcBindableService: Cancelling training succeeded [population=aiai/playstore/smartselect/prod/train/en/pasted-to-named-entity-apps, session=smartselect/prod/train/en/pasted-to-named-entity-apps]
06-01 12:55:53.093   677   677 V GrammaticalInflectionUtils: AttributionSource: android.content.AttributionSource@b308c29e does not have READ_SYSTEM_GRAMMATICAL_GENDER permission.
06-01 12:55:53.095   677   891 D BackgroundInstallControlService: Package event received: 0
06-01 12:55:53.111  1444  2065 E AiAiEcho: Reading elements from Geller failed with cause
06-01 12:55:53.111  1444  2065 E AiAiEcho: ilw: Code: UNKNOWN, Message: Geller data fetch is not enabled
06-01 12:55:53.111  1444  2065 E AiAiEcho: 	at imn.a(PG:17)
06-01 12:55:53.111  1444  2065 E AiAiEcho: 	at lhh.b(PG:20)
06-01 12:55:53.111  1444  2065 E AiAiEcho: 	at abge.g(PG:11)
06-01 12:55:53.111  1444  2065 E AiAiEcho: 	at kotlinx.coroutines.DispatchedTask.run(PG:112)
06-01 12:55:53.111  1444  2065 E AiAiEcho: 	at java.util.concurrent.Executors$RunnableAdapter.call(Executors.java:524)
06-01 12:55:53.111  1444  2065 E AiAiEcho: 	at xjo.a(PG:3)
06-01 12:55:53.111  1444  2065 E AiAiEcho: 	at xir.run(PG:19)
06-01 12:55:53.111  1444  2065 E AiAiEcho: 	at xjp.run(PG:5)
06-01 12:55:53.111  1444  2065 E AiAiEcho: 	at java.util.concurrent.Executors$RunnableAdapter.call(Executors.java:524)
06-01 12:55:53.111  1444  2065 E AiAiEcho: 	at java.util.concurrent.FutureTask.run(FutureTask.java:317)
06-01 12:55:53.111  1444  2065 E AiAiEcho: 	at java.util.concurrent.ScheduledThreadPoolExecutor$ScheduledFutureTask.run(ScheduledThreadPoolExecutor.java:348)
06-01 12:55:53.111  1444  2065 E AiAiEcho: 	at java.util.concurrent.ThreadPoolExecutor.runWorker(ThreadPoolExecutor.java:1156)
06-01 12:55:53.111  1444  2065 E AiAiEcho: 	at java.util.concurrent.ThreadPoolExecutor$Worker.run(ThreadPoolExecutor.java:651)
06-01 12:55:53.111  1444  2065 E AiAiEcho: 	at hxw.run(PG:221)
06-01 12:55:53.111  1444  2065 E AiAiEcho: 	at java.lang.Thread.run(Thread.java:1119)
06-01 12:55:53.131   677   805 I ImeTracker: com.aistudio.ereader.xynk:d67a369c: onRequestHide at ORIGIN_SERVER reason HIDE_UNSPECIFIED_WINDOW fromUser false
06-01 12:55:53.136   480   480 D Zygote  : Forked child process 2364
06-01 12:55:53.161  1921  2360 D ProfileInstaller: Installing profile for com.aistudio.ereader.xynk
06-01 12:55:53.176   946  2123 D BufferPoolAccessor2.0: bufferpool2 0x7f2d355a2398 : 0(0 size) total buffers - 0(0 size) used buffers - 2/7 (recycle/alloc) - 5/18 (fetch/transfer)
06-01 12:55:53.177   946  2123 D BufferPoolAccessor2.0: bufferpool2 0x7f2d355b21f8 : 0(0 size) total buffers - 0(0 size) used buffers - 2/7 (recycle/alloc) - 5/38 (fetch/transfer)
06-01 12:55:53.177   946  2123 D BufferPoolAccessor2.0: evictor expired: 2, evicted: 2
06-01 12:55:53.179  1444  1984 I AiAiAdaptiveAudio: AdaptiveAudioInitializerImpl#initialize(): enter
06-01 12:55:53.184   677   728 W ActivityManager: Slow operation: 88ms so far, now at startProcess: done updating battery stats
06-01 12:55:53.184   677   728 W ActivityManager: Slow operation: 88ms so far, now at startProcess: building log message
06-01 12:55:53.184   677   728 I ActivityManager: Start proc 2364:android.process.media/u0a101 for content provider {com.android.providers.downloads/com.android.providers.downloads.DownloadProvider}
06-01 12:55:53.185   677   728 W ActivityManager: Slow operation: 89ms so far, now at startProcess: starting to update pids map
06-01 12:55:53.185   677   728 I ActivityManager: ProcessObserver broadcast disabled
06-01 12:55:53.185   677   728 W ActivityManager: Slow operation: 89ms so far, now at startProcess: done updating pids map
06-01 12:55:53.197  1339  1884 I DialerVoicemailStatusDataServiceImpl: com.android.dialer.voicemailstatus.dataservice.impl.VoicemailStatusDataServiceImpl.insertOrUpdateVoicemailStatus:241 enter
06-01 12:55:53.200  2257  2257 I oadcastreceiver: AssetManager2(0x7f2d05593a18) locale list changing from [] to [en-US]
06-01 12:55:53.216  1444  2012 I TrainerClient: Preparing to schedule training for population:aiai/playstore/smartselect/prod/train/en/pasted-to-maps-apps session_name:smartselect/prod/train/en/pasted-to-maps-apps
06-01 12:55:53.216  1071  1123 D LoaderTask: loadWorkspace finished
06-01 12:55:53.217  2053  2337 I FederatedTrainingScheduler: Cancelling training for population:aiai/playstore/smartselect/prod/train/en/pasted-to-maps-apps session_name:smartselect/prod/train/en/pasted-to-maps-apps
06-01 12:55:53.222  1444  2012 I TrainerClient: Preparing to schedule training for population:aiai/playstore/smartselect/prod/train/en/selected-in-messaging-apps session_name:smartselect/prod/train/en/selected-in-messaging-apps
06-01 12:55:53.225  2053  2337 I FederatedTrainingScheduler: Cancelling training for population:aiai/playstore/smartselect/prod/train/en/selected-in-messaging-apps session_name:smartselect/prod/train/en/selected-in-messaging-apps
06-01 12:55:53.228  1444  2347 I ogle.android.as: AssetManager2(0x7f2d055aa178) locale list changing from [] to [en-US]
06-01 12:55:53.229  1385  1385 I GoogleInputMethodService: GoogleInputMethodService.onFinishInput():2259 
06-01 12:55:53.231  1385  1385 I Module  : DeviceLockedStatusModuleProvider$Module.updateDeviceLockedStatus():103 repeatCheckTimes = 0, locked = false
06-01 12:55:53.233  2224  2224 I evkm    : SslGuard completed installation.
06-01 12:55:53.234  1385  1385 I GoogleInputMethodService: GoogleInputMethodService.onStartInput():1446 onStartInput(EditorInfo{EditorInfo{packageName=com.aistudio.ereader.xynk, inputType=0, inputTypeString=NULL, enableLearning=false, autoCorrection=false, autoComplete=false, imeOptions=0, privateImeOptions=null, actionName=UNSPECIFIED, actionLabel=null, initialSelStart=-1, initialSelEnd=-1, initialCapsMode=0, label=null, fieldId=0, fieldName=null, extras=null, hintText=null, hintLocales=[]}}, false)
06-01 12:55:53.234  1385  1385 W AndroidIME: LatinIMEBase.updateInputViewCoverNavigation():327 Null input view, cannot update padding!
06-01 12:55:53.235  1385  1385 I Module  : DeviceLockedStatusModuleProvider$Module.updateDeviceLockedStatus():103 repeatCheckTimes = 1, locked = false
06-01 12:55:53.246  1339  2035 D WM-GreedyScheduler: Starting tracking for 475ea9ae-5b37-4718-897f-7171fa0a5189,b1c2e862-2809-4cb5-949c-8cb50ff4246a
06-01 12:55:53.248  1444  2012 I TrainerClient: Preparing to schedule training for population:aiai/playstore/smartselect/prod/train/en/address-phone-other-translate session_name:smartselect/prod/train/en/address-phone-other-translate
06-01 12:55:53.249  1921  2366 I HWUI    : Davey! duration=5039ms; Flags=0, FrameTimelineVsyncId=5367, IntendedVsync=56418837268, Vsync=61285503740, InputEventId=0, HandleInputStart=61291735200, AnimationStart=61291776000, PerformTraversalsStart=61369285800, DrawStart=61371655500, FrameDeadline=61185503744, FrameStartTime=61289933900, FrameInterval=16666666, WorkloadTarget=16666666, SyncQueued=61374799900, SyncStart=61378935600, IssueDrawCommandsStart=61379143200, SwapBuffers=61380864300, FrameCompleted=61462004500, DequeueBufferDuration=53400, QueueBufferDuration=3221100, GpuCompleted=61455093300, SwapBuffersCompleted=61462004500, DisplayPresentTime=0, CommandSubmissionCompleted=61380864300, 
06-01 12:55:53.251   677  1699 I ImeTracker: system_server:5103eac6: onRequestHide at ORIGIN_SERVER reason IME_REQUESTED_CHANGED_LISTENER fromUser false
06-01 12:55:53.251   677   766 W PackageConfigPersister: App-specific configuration not found for packageName: com.aistudio.ereader.xynk and userId: 0
06-01 12:55:53.259  2053  2337 I FederatedTrainingScheduler: Cancelling training for population:aiai/playstore/smartselect/prod/train/en/address-phone-other-translate session_name:smartselect/prod/train/en/address-phone-other-translate
06-01 12:55:53.290  1444  1979 I SP.AiAi : Scheduling job with delay of 0s for {W:C:I:l, bg}, 5 candidates
06-01 12:55:53.292  1669  1837 W gle.android.gms: Verification of void m32.szb.<clinit>() took 535.044ms (155.13 bytecodes/s) (0B arena alloc)
06-01 12:55:53.292   677   721 I ImeTracker: system_server:5103eac6: onCancelled at PHASE_SERVER_SHOULD_HIDE
06-01 12:55:53.292  2053  2172 I TrainerGrpcBindableService: Cancelling training succeeded [population=aiai/playstore/smartselect/prod/train/en/selected-in-messaging-apps, session=smartselect/prod/train/en/selected-in-messaging-apps]
06-01 12:55:53.292  2053  2172 I TrainerGrpcBindableService: Cancelling training succeeded [population=aiai/playstore/smartselect/prod/train/en/address-phone-other-translate, session=smartselect/prod/train/en/address-phone-other-translate]
06-01 12:55:53.302  2053  2172 I TrainerGrpcBindableService: Cancelling training succeeded [population=aiai/playstore/smartselect/prod/train/en/pasted-to-maps-apps, session=smartselect/prod/train/en/pasted-to-maps-apps]
06-01 12:55:53.311  1444  2347 I ogle.android.as: AssetManager2(0x7f2d055a8eb8) locale list changing from [] to [en-US]
06-01 12:55:53.323  1241  1800 I NearbySharing: Broadcasting NearbySharing state change.
06-01 12:55:53.324  1241  1800 I NearbySharing: There is no account metadata, return default instance.
06-01 12:55:53.326  1444  1774 I AiAiSuperpacks: No superpacks to release, will no-op
06-01 12:55:53.340  1071  1123 D LoaderTask: sanitizeData finished
06-01 12:55:53.345  1921  1945 I io.ereader.xynk: Background concurrent mark compact GC freed 3294KB AllocSpace bytes, 2(40KB) LOS objects, 49% free, 4876KB/9753KB, paused 11.751ms,15.875ms total 440.718ms
06-01 12:55:53.350  1444  1984 I AiAiAdaptiveAudio: AdaptiveAudio config updated, new config=AdaptiveAudioConfig{shouldEnableAdaptiveAudio=false, shouldBypassQprCheck=false, shouldLimitCalibration=true, shouldShowDebugNotification=false, userSettingDefaultValue=false, crashOnError=true, shouldShowPromoNotification=false, useSilenceDetectorStateBugFix=false}
06-01 12:55:53.365  1444  2014 W JobInfo : Requested important-while-foreground flag for job359 is ignored and takes no effect
06-01 12:55:53.367  1071  1123 D LauncherBinder: Starting sync inflation
06-01 12:55:53.370  1071  1123 D LauncherBinder: Calling onCompleteSignal
06-01 12:55:53.370  1241  1800 I NearbySharing: Broadcasting NearbySharing state change.
06-01 12:55:53.385  1071  1123 D LauncherBinder: Starting async inflation
06-01 12:55:53.393  1071  1123 D LoaderTask: bindWorkspace finished
06-01 12:55:53.398  2257  2257 V GraphicsEnvironment: Currently set values for:
06-01 12:55:53.398  2257  2257 V GraphicsEnvironment:   angle_gl_driver_selection_pkgs=[]
06-01 12:55:53.398  2257  2257 V GraphicsEnvironment:   angle_gl_driver_selection_values=[]
06-01 12:55:53.406  2257  2257 V GraphicsEnvironment: com.google.android.cellbroadcastreceiver is not listed in per-application setting
06-01 12:55:53.407  2257  2257 V GraphicsEnvironment: ANGLE allowlist from config: com.dreamgames.royalmatch com.dts.freefiremax com.dxx.firenow com.gramgames.mergedragons com.ludo.king com.mojang.minecraftpe com.my.defense com.nintendo.zaka com.os.airforce com.playrix.fishdomdd.gplay io.teslatech.callbreak jp.konami.prospia net.peakgames.toonblast
06-01 12:55:53.407  2257  2257 V GraphicsEnvironment: com.google.android.cellbroadcastreceiver is not listed in ANGLE allowlist or settings, returning default
06-01 12:55:53.407  2257  2257 V GraphicsEnvironment: Neither updatable production driver nor prerelease driver is supported.
06-01 12:55:53.419  1444  2347 I ogle.android.as: AssetManager2(0x7f2d055a9e58) locale list changing from [] to [en-US]
06-01 12:55:53.432  1444  2347 I ogle.android.as: AssetManager2(0x7f2d055af5d8) locale list changing from [] to [en-US]
06-01 12:55:53.438   677   891 D BackgroundInstallControlService: Package event received: 0
06-01 12:55:53.438  2224  2224 I Bugle   : BugleApplicationBase: Bugle version: messages.android_20260424_00_rc03.phone_dynamic , Bugle version code: 307712063
06-01 12:55:53.450  2224  2378 I stetho  : Listening on @stetho_com.google.android.apps.messaging_devtools_remote
06-01 12:55:53.453  2224  2224 I Bugle   : DarkModeManager: setDarkMode: -1
06-01 12:55:53.468  2364  2364 I d.process.media: Using CollectorTypeCMC GC.
06-01 12:55:53.476  2364  2364 W d.process.media: Unexpected CPU variant for x86: x86_64.
06-01 12:55:53.476  2364  2364 W d.process.media: Known variants: atom, sandybridge, silvermont, goldmont, goldmont-plus, goldmont-without-sha-xsaves, tremont, kabylake, alderlake, default
06-01 12:55:53.486  2364  2364 E d.process.media: Not starting debugger since process cannot load the jdwp agent.
06-01 12:55:53.492  2224  2362 D nativeloader: Load /data/app/~~_F7kSiE4GDo0ISh8Z_xPgg==/com.google.android.apps.messaging-JnQgmRZkitrW9DMdlFKlqQ==/split_config.x86_64.apk!/lib/x86_64/libnative_crash_handler_jni.so using class loader ns clns-10 (caller=/data/app/~~_F7kSiE4GDo0ISh8Z_xPgg==/com.google.android.apps.messaging-JnQgmRZkitrW9DMdlFKlqQ==/base.apk!classes2.dex): ok
06-01 12:55:53.534  1071  1071 D CellLayout: Adding view to ShortcutsAndWidgetsContainer: com.google.android.apps.nexuslauncher.qsb.SmartspaceViewContainer{679a088 V.E...... ......ID 0,0-946,273 #7f0a032d app:id/search_container_workspace}
