06-01 12:55:48.664   677  2106 I ActivityManager: Skipping next CPU consuming process, not a java proc: 1040
06-01 12:55:48.664   677  2106 I ActivityManager: Skipping next CPU consuming process, not a java proc: 1433
06-01 12:55:48.664   677  2106 I ActivityManager: Skipping next CPU consuming process, not a java proc: 1589
06-01 12:55:48.670   677  1466 D BackupTransportManager: [UserID:0] Transport com.google.android.apps.restore/.transport.BackupTransportService registered
06-01 12:55:48.670  1023  1233 I bt_shim_scanner: system/main/shim/le_scanning_manager.cc:236 ScanFilterEnable: in shim layer
06-01 12:55:48.670   677  1466 D BackupManagerService: [UserID:0] Transport com.google.android.apps.restore/.transport.BackupTransportService registered 19880ms after first request (delay = 3000ms)
06-01 12:55:48.676  1023  1233 I bt_shim_scanner: system/main/shim/le_scanning_manager.cc:213 ScanFilterAdd: in shim layer
06-01 12:55:48.677   677   677 I AS.AudioService: onSubscriptionsChanged()
06-01 12:55:48.685  1023  1212 I bluetooth: system/gd/hci/le_scanning_manager.cc:1380 on_advertising_filter_complete: Got a Command complete LE_ADV_FILTER(0xfd57), status UNKNOWN_CONNECTION(0x02)
06-01 12:55:48.693   987  1140 E SystemServiceRegistry: No service published for: ethernet
06-01 12:55:48.693   987  1140 E SystemServiceRegistry: android.os.ServiceManager$ServiceNotFoundException: No service published for: ethernet
06-01 12:55:48.693   987  1140 E SystemServiceRegistry: 	at android.os.ServiceManager.getServiceOrThrow(ServiceManager.java:203)
06-01 12:55:48.693   987  1140 E SystemServiceRegistry: 	at android.app.SystemServiceRegistry$149.createService(SystemServiceRegistry.java:2232)
06-01 12:55:48.693   987  1140 E SystemServiceRegistry: 	at android.app.SystemServiceRegistry$CachedServiceFetcher.getService(SystemServiceRegistry.java:2343)
06-01 12:55:48.693   987  1140 E SystemServiceRegistry: 	at android.app.SystemServiceRegistry.getSystemService(SystemServiceRegistry.java:1918)
06-01 12:55:48.693   987  1140 E SystemServiceRegistry: 	at android.app.ContextImpl.getSystemService(ContextImpl.java:2315)
06-01 12:55:48.693   987  1140 E SystemServiceRegistry: 	at android.content.ContextWrapper.getSystemService(ContextWrapper.java:964)
06-01 12:55:48.693   987  1140 E SystemServiceRegistry: 	at com.android.networkstack.tethering.Tethering.isEthernetSupported(Tethering.java:1862)
06-01 12:55:48.693   987  1140 E SystemServiceRegistry: 	at com.android.networkstack.tethering.Tethering.makeSupportedDownstreams(Tethering.java:2843)
06-01 12:55:48.693   987  1140 E SystemServiceRegistry: 	at com.android.networkstack.tethering.Tethering.updateSupportedDownstreams(Tethering.java:2817)
06-01 12:55:48.693   987  1140 E SystemServiceRegistry: 	at com.android.networkstack.tethering.Tethering.updateConfiguration(Tethering.java:564)
06-01 12:55:48.693   987  1140 E SystemServiceRegistry: 	at com.android.networkstack.tethering.Tethering.-$$Nest$mupdateConfiguration(Tethering.java:0)
06-01 12:55:48.693   987  1140 E SystemServiceRegistry: 	at com.android.networkstack.tethering.Tethering$StateReceiver.onReceive(Tethering.java:1396)
06-01 12:55:48.693   987  1140 E SystemServiceRegistry: 	at android.app.LoadedApk$ReceiverDispatcher$Args.lambda$getRunnable$0(LoadedApk.java:1839)
06-01 12:55:48.693   987  1140 E SystemServiceRegistry: 	at android.app.LoadedApk$ReceiverDispatcher$Args.$r8$lambda$mcNAAl1SQ4MyJPyDg8TJ2x2h0Rk(Unknown Source:0)
06-01 12:55:48.693   987  1140 E SystemServiceRegistry: 	at android.app.LoadedApk$ReceiverDispatcher$Args$$ExternalSyntheticLambda0.run(D8$$SyntheticClass:0)
06-01 12:55:48.693   987  1140 E SystemServiceRegistry: 	at android.os.Handler.handleCallback(Handler.java:995)
06-01 12:55:48.693   987  1140 E SystemServiceRegistry: 	at android.os.Handler.dispatchMessage(Handler.java:103)
06-01 12:55:48.693   987  1140 E SystemServiceRegistry: 	at android.os.Looper.loopOnce(Looper.java:248)
06-01 12:55:48.693   987  1140 E SystemServiceRegistry: 	at android.os.Looper.loop(Looper.java:338)
06-01 12:55:48.693   987  1140 E SystemServiceRegistry: 	at android.os.HandlerThread.run(HandlerThread.java:85)
06-01 12:55:48.695  1023  1233 I bt_shim_scanner: system/main/shim/le_scanning_manager.cc:180 ScanFilterParamSetup: in shim layer, clientIf=1
06-01 12:55:48.697  1514  2158 I CarrierServices: SIM changed: false. current id: redacted-pii:sim_id[chars:20,last3:897]; stored id: redacted-pii:sim_id[chars:20,last3:897]; isFiDevice: false; subId: 1; slotIndex: 0 [CONTEXT log_prefix="(Sim)" thread_id=58 ]
06-01 12:55:48.705  1058  1058 D CarrierConfigLoader: EVENT_SUBSCRIPTION_INFO_UPDATED phoneId: 0
06-01 12:55:48.705   677   851 E AppOps  : attributionTag VCN not declared in manifest of android
06-01 12:55:48.715  1058  1058 D CarrierConfigLoader: Skipped notifying carrier config changed callback for phone 0
06-01 12:55:48.718  1241  2143 I NearbyDiscovery: (REDACTED) ApFastPairScanner: Start scanning, mode=%s
06-01 12:55:48.719  1023  1233 I bt_shim_scanner: system/main/shim/le_scanning_manager.cc:213 ScanFilterAdd: in shim layer
06-01 12:55:48.724  1023  1212 I bluetooth: system/gd/hci/le_scanning_manager.cc:1380 on_advertising_filter_complete: Got a Command complete LE_ADV_FILTER(0xfd57), status UNKNOWN_CONNECTION(0x02)
06-01 12:55:48.729  1058  1058 D CarrierConfigLoader: Broadcast CARRIER_CONFIG_CHANGED for phone 0, subId=1
06-01 12:55:48.732  1058  1058 D MultiSimSettingController: onSubscriptionsChanged
06-01 12:55:48.742  1058  1058 D MultiSimSettingController: isReadyToReevaluate: subInfoInitialized=true, carrierConfigsLoaded=true, satelliteEnabledOrBeingEnabled=false
06-01 12:55:48.742  1058  1058 D MultiSimSettingController: updateDefaults
06-01 12:55:48.743  1058  1058 D MultiSimSettingController: isReadyToReevaluate: subInfoInitialized=true, carrierConfigsLoaded=true, satelliteEnabledOrBeingEnabled=false
06-01 12:55:48.743  1023  1233 I bt_shim_scanner: system/main/shim/le_scanning_manager.cc:180 ScanFilterParamSetup: in shim layer, clientIf=1
06-01 12:55:48.752   677   767 D MediaSessionService: onSessionPlaybackStateChanged: record=com.google.android.bluetooth/BluetoothMediaBrowserService/4 (userId=0) playbackState=PlaybackState {state=ERROR(7), position=0, buffered position=0, speed=0.0, updated=57047, actions=0, custom actions=[], active item id=-1, error=Bluetooth audio disconnected}
06-01 12:55:48.759  1023  1023 I BluetoothMediaBrowserService: Service set to com.android.bluetooth.avrcpcontroller.BluetoothMediaBrowserService@52310b0
06-01 12:55:48.763  1514  2158 I CarrierServices: Skipping writing to Msisdn because this is not main bugle process. [CONTEXT log_prefix="(Sim)" thread_id=58 ]
06-01 12:55:48.781  1023  1233 I bt_shim_scanner: system/main/shim/le_scanning_manager.cc:147 Scan: in shim layer started
06-01 12:55:48.781  1023  1212 I bluetooth: system/gd/hci/le_scanning_manager.cc:601 stop_scan: Scanning already stopped, return!
06-01 12:55:48.781  1023  1212 I bluetooth: system/gd/hci/le_address_manager.cc:576 GetNextPrivateAddressIntervalRange: client=LeAddressManager, nonwake=7m53s, wake=13m24s
06-01 12:55:48.781  1023  1212 I bluetooth: system/gd/hci/le_address_manager.cc:259 register_client: Scheduled address rotation for first client registered
06-01 12:55:48.781  1023  1212 I bluetooth: system/gd/hci/le_address_manager.cc:263 register_client: Client registered
06-01 12:55:48.782  1023  1233 I bt_shim_scanner: system/main/shim/le_scanning_manager.cc:147 Scan: in shim layer stopped
06-01 12:55:48.783  1023  1212 I bluetooth: system/gd/hci/le_address_manager.cc:278 unregister_client: Client unregistered
06-01 12:55:48.783  1023  1233 W ScanManager: There is no scan radio to stop
06-01 12:55:48.783  1023  1212 I bluetooth: system/gd/hci/le_address_manager.cc:293 unregister_client: Cancelled address rotation alarm
06-01 12:55:48.783  1023  1233 I bt_shim_scanner: system/main/shim/le_scanning_manager.cc:311 SetScanParameters: in shim layer, scannerId1m=1, scannerIdCoded=0
06-01 12:55:48.783  1023  1233 I bt_shim_scanner: system/main/shim/le_scanning_manager.cc:147 Scan: in shim layer started
06-01 12:55:48.783  1023  1212 I bluetooth: system/gd/hci/le_scanning_manager.cc:601 stop_scan: Scanning already stopped, return!
06-01 12:55:48.783  1023  1212 I bluetooth: system/gd/hci/le_address_manager.cc:576 GetNextPrivateAddressIntervalRange: client=LeAddressManager, nonwake=7m8s, wake=13m3s
06-01 12:55:48.783  1023  1212 I bluetooth: system/gd/hci/le_address_manager.cc:259 register_client: Scheduled address rotation for first client registered
06-01 12:55:48.783  1023  1212 I bluetooth: system/gd/hci/le_address_manager.cc:263 register_client: Client registered
06-01 12:55:48.805  2053  2172 I FcClientStatsdLogManager: Sending FL diagnosis log. [CONTEXT ratelimit_period="60 MINUTES" ]
06-01 12:55:48.811   946   946 E LauncherProxyService: Failed to get launcher proxy for disable flags.
06-01 12:55:48.811   946   946 D NavigationModeController: getCurrentInteractionMode: mode=2 contextUser=0
06-01 12:55:48.812   946   946 D NavigationModeController: getCurrentUserContext: contextUser=0 currentUser=0
06-01 12:55:48.813  1444  2025 I AiAiSpeechRecognition: Periodic LanguagePack task scheduled successfully
06-01 12:55:48.814  1514  2158 I CarrierServices: Updated SIM info: currentSimId: redacted-pii:sim_id[chars:20,last3:897]; imsi: redacted-pii:imsi[chars:15]; rawMsisdn: redacted-pii:phone_number[chars:12,last2:67]; formattedMsisdn: redacted-pii:phone_number[chars:12,last2:67]; mccmnc: redacted-pii:sim_operator[chars:6]; gid1: redacted-pii:sim_gid[chars:0]; isFiDevice: false; subId: 1; slotIndex: 0 [CONTEXT log_prefix="(Sim)" thread_id=58 ]
06-01 12:55:48.828  1023  1023 I PlayerSettingsManager: getPlayerRepeatMode: no active player
06-01 12:55:48.828  1023  1023 I PlayerSettingsManager: getPlayerShuffleMode: no active player
06-01 12:55:48.828  1023  1023 I PlayerSettingsManager: updateRemoteDevice: STATE_REPEAT_OFF, STATE_SHUFFLE_OFF
06-01 12:55:48.828  1023  1023 I bluetooth: system/btif/avrcp/avrcp_service.cc:582 SendPlayerSettingsChanged: {attribute=PlayerAttribute::REPEAT : value=PlayerRepeatValue::OFF}, {attribute=PlayerAttribute::SHUFFLE : value=PlayerShuffleValue::OFF}
06-01 12:55:48.829  1514  2050 W CarrierServices: Unable to send diagnostic log [CONTEXT thread_id=47 ]
06-01 12:55:48.831  1514  2158 I CarrierServices: Handling SIM_LOADED in PhoneSimsStateUpdater. [CONTEXT log_prefix="(Sim)" thread_id=58 ]
06-01 12:55:48.833  1023  1023 I BluetoothMediaBrowserService: Browser Client Connection Request, client='com.google.android.bluetooth')
06-01 12:55:48.833  1023  1023 I BrowsedPlayerWrapper: onConnected: com.google.android.bluetooth is connected
06-01 12:55:48.833  1023  1023 I AvrcpBrowsablePlayerConnector: Checking root contents for com.google.android.bluetooth
06-01 12:55:48.833   987  1140 E SystemServiceRegistry: No service published for: ethernet
06-01 12:55:48.833   987  1140 E SystemServiceRegistry: android.os.ServiceManager$ServiceNotFoundException: No service published for: ethernet
06-01 12:55:48.833   987  1140 E SystemServiceRegistry: 	at android.os.ServiceManager.getServiceOrThrow(ServiceManager.java:203)
06-01 12:55:48.833   987  1140 E SystemServiceRegistry: 	at android.app.SystemServiceRegistry$149.createService(SystemServiceRegistry.java:2232)
06-01 12:55:48.833   987  1140 E SystemServiceRegistry: 	at android.app.SystemServiceRegistry$CachedServiceFetcher.getService(SystemServiceRegistry.java:2343)
06-01 12:55:48.833   987  1140 E SystemServiceRegistry: 	at android.app.SystemServiceRegistry.getSystemService(SystemServiceRegistry.java:1918)
06-01 12:55:48.833   987  1140 E SystemServiceRegistry: 	at android.app.ContextImpl.getSystemService(ContextImpl.java:2315)
06-01 12:55:48.833   987  1140 E SystemServiceRegistry: 	at android.content.ContextWrapper.getSystemService(ContextWrapper.java:964)
06-01 12:55:48.833   987  1140 E SystemServiceRegistry: 	at com.android.networkstack.tethering.Tethering.isEthernetSupported(Tethering.java:1862)
06-01 12:55:48.833   987  1140 E SystemServiceRegistry: 	at com.android.networkstack.tethering.Tethering.makeSupportedDownstreams(Tethering.java:2843)
06-01 12:55:48.833   987  1140 E SystemServiceRegistry: 	at com.android.networkstack.tethering.Tethering.updateSupportedDownstreams(Tethering.java:2817)
06-01 12:55:48.833   987  1140 E SystemServiceRegistry: 	at com.android.networkstack.tethering.Tethering.updateConfiguration(Tethering.java:564)
06-01 12:55:48.833   987  1140 E SystemServiceRegistry: 	at com.android.networkstack.tethering.Tethering.lambda$new$4(Tethering.java:357)
06-01 12:55:48.833   987  1140 E SystemServiceRegistry: 	at com.android.networkstack.tethering.Tethering.$r8$lambda$4V1rGOzF7AkW0XBFoABAQmt9cHM(Tethering.java:0)
06-01 12:55:48.833   987  1140 E SystemServiceRegistry: 	at com.android.networkstack.tethering.Tethering$$ExternalSyntheticLambda10.accept(R8$$SyntheticClass:0)
06-01 12:55:48.833   987  1140 E SystemServiceRegistry: 	at com.android.networkstack.tethering.util.VersionedBroadcastListener$Receiver.lambda$onReceive$0(VersionedBroadcastListener.java:107)
06-01 12:55:48.833   987  1140 E SystemServiceRegistry: 	at com.android.networkstack.tethering.util.VersionedBroadcastListener$Receiver.$r8$lambda$_Z7KkSifencKcebyQaai-Spxf2M(VersionedBroadcastListener.java:0)
06-01 12:55:48.833   987  1140 E SystemServiceRegistry: 	at com.android.networkstack.tethering.util.VersionedBroadcastListener$Receiver$$ExternalSyntheticLambda0.run(R8$$SyntheticClass:0)
06-01 12:55:48.833   987  1140 E SystemServiceRegistry: 	at android.os.Handler.handleCallback(Handler.java:995)
06-01 12:55:48.833   987  1140 E SystemServiceRegistry: 	at android.os.Handler.dispatchMessage(Handler.java:103)
06-01 12:55:48.833   987  1140 E SystemServiceRegistry: 	at android.os.Looper.loopOnce(Looper.java:248)
06-01 12:55:48.833   987  1140 E SystemServiceRegistry: 	at android.os.Looper.loop(Looper.java:338)
06-01 12:55:48.833   987  1140 E SystemServiceRegistry: 	at android.os.HandlerThread.run(HandlerThread.java:85)
06-01 12:55:48.845  1514  2158 I CarrierServices: Initializing Carrier Services Library. [CONTEXT thread_id=58 ]
06-01 12:55:48.852  1241  2003 I NearbyPresence: (REDACTED) %s: Charging state changed: %b
06-01 12:55:48.854  1339  1932 I DialerVvmServiceSchedulerImpl: com.android.dialer.voicemail.service.impl.scheduler.VvmServiceSchedulerImpl.schedule:324 scheduling action: ACTIVATE [CONTEXT enable_persistent_logger=true ]
06-01 12:55:48.854  1339  2035 W JobInfo : Requested important-while-foreground flag for job1 is ignored and takes no effect
06-01 12:55:48.855  1339  2035 D WM-SystemJobScheduler: Scheduling work ID 71f9f7b7-0e95-4142-92da-e8df3242f46cJob ID 1
06-01 12:55:48.859   946   946 D InputMonitorCompat: Input monitor (edge-swipe-disp0) created
06-01 12:55:48.859  1058  1058 D MultiSimSettingController: updateDefaultValues: change: 0
06-01 12:55:48.862   677  1707 I MediaSessionStack: removeSession | record: com.google.android.bluetooth/BluetoothMediaBrowserService/4 (userId=0)
06-01 12:55:48.862   677  1707 D MediaSessionService: destroySessionLocked: record=com.google.android.bluetooth/BluetoothMediaBrowserService/4 (userId=0)
06-01 12:55:48.862  1023  1023 I BluetoothMediaBrowserService: Service set to null
06-01 12:55:48.869   946   946 D InputMonitorCompat: Input event receiver for monitor (edge-swipe-disp0) created
06-01 12:55:48.873  1058  1058 D MultiSimSettingController: isReadyToReevaluate: subInfoInitialized=true, carrierConfigsLoaded=true, satelliteEnabledOrBeingEnabled=false
06-01 12:55:48.874  1023  1023 W MediaSessionCompat: Couldn't find a unique registered media button receiver in the given context.
06-01 12:55:48.875   677  1699 I MediaSessionStack: addSession to bottom of stack | record: com.google.android.bluetooth/BluetoothMediaBrowserService/5 (userId=0)
06-01 12:55:48.877  1023  1257 I AdapterProperties: getBondedDevices: length=0
06-01 12:55:48.882  1339  2035 W JobInfo : Requested important-while-foreground flag for job189 is ignored and takes no effect
06-01 12:55:48.882  1339  2035 D WM-SystemJobScheduler: Scheduling work ID 82586dc0-2fcb-4952-a1e0-78d6f4eff466Job ID 189
06-01 12:55:48.886  1058  1058 I CallNotifier: onSubscriptionsChanged
06-01 12:55:48.888   677  2055 I SoundTriggerMiddlewareLogging: LIST_MODULE [client= "com.google.android.as"] () -> [ {Id: 0, Implementor: android, Version: 1} ]
06-01 12:55:48.890   677  1699 D ConnectivityService: requestNetwork for uid/pid:1000/677 asUid: 10142 activeRequest: null callbackRequest: 78 [NetworkRequest [ REQUEST id=79, [ Capabilities: INTERNET&NOT_RESTRICTED&TRUSTED&NOT_VCN_MANAGED&NOT_BANDWIDTH_CONSTRAINED Uid: 10142 RequestorUid: 1000 RequestorPkg: android UnderlyingNetworks: Null] ]] callback flags: 0 order: 2147483647 isUidTracked: false declaredMethods: AVAIL|LOST|BLK
06-01 12:55:48.892  1514  2158 I CarrierServices: Initializing Carrier Services Logging. [CONTEXT thread_id=58 ]
06-01 12:55:48.897   677   839 D WifiNetworkFactory: got request NetworkRequest [ REQUEST id=79, [ Capabilities: INTERNET&NOT_RESTRICTED&TRUSTED&NOT_VCN_MANAGED&NOT_BANDWIDTH_CONSTRAINED Uid: 10142 RequestorUid: 1000 RequestorPkg: android UnderlyingNetworks: Null] ]
06-01 12:55:48.897   677   839 D UntrustedWifiNetworkFactory: got request NetworkRequest [ REQUEST id=79, [ Capabilities: INTERNET&NOT_RESTRICTED&TRUSTED&NOT_VCN_MANAGED&NOT_BANDWIDTH_CONSTRAINED Uid: 10142 RequestorUid: 1000 RequestorPkg: android UnderlyingNetworks: Null] ]
06-01 12:55:48.897   677   839 D OemPaidWifiNetworkFactory: got request NetworkRequest [ REQUEST id=79, [ Capabilities: INTERNET&NOT_RESTRICTED&TRUSTED&NOT_VCN_MANAGED&NOT_BANDWIDTH_CONSTRAINED Uid: 10142 RequestorUid: 1000 RequestorPkg: android UnderlyingNetworks: Null] ]
06-01 12:55:48.897   677   839 D MultiInternetWifiNetworkFactory: got request NetworkRequest [ REQUEST id=79, [ Capabilities: INTERNET&NOT_RESTRICTED&TRUSTED&NOT_VCN_MANAGED&NOT_BANDWIDTH_CONSTRAINED Uid: 10142 RequestorUid: 1000 RequestorPkg: android UnderlyingNetworks: Null] ]
06-01 12:55:48.902   677   845 D ConnectivityService: NetReassign [79 : null → 100] [c 0] [a 3] [i 1]
06-01 12:55:48.905  2053  2174 I ConfigurableBsaTokenProvider: Changing ArateaToken to cacheMode: NO_CACHE
06-01 12:55:48.905  2053  2174 I ConfigurableBsaTokenProvider: Changing ArateaTokenWithoutChallenge to cacheMode: NO_CACHE
06-01 12:55:48.906  1058  1058 I CallNotifier: updatePhoneStateListeners: update CF/MWI for subId=1
06-01 12:55:48.907  1058  1058 I NotificationMgr: updateCfi: subId= 1, visible=N
06-01 12:55:48.911  1669  1806 W gle.android.gms: Verification of void m32.fxi.<init>(android.content.Context, android.app.Activity, m32.fws, m32.fwp, m32.fxh) took 289.447ms (1119.37 bytecodes/s) (0B arena alloc)
06-01 12:55:48.923   677  1634 D MediaSessionService: onSessionPlaybackStateChanged: record=com.google.android.bluetooth/BluetoothMediaBrowserService/5 (userId=0) playbackState=PlaybackState {state=ERROR(7), position=0, buffered position=0, speed=0.0, updated=57234, actions=0, custom actions=[], active item id=-1, error=Bluetooth audio disconnected}
06-01 12:55:48.924  1023  1023 I BluetoothMediaBrowserService: Service set to com.android.bluetooth.avrcpcontroller.BluetoothMediaBrowserService@b35c66b
06-01 12:55:48.929  1023  1023 I PlayerSettingsManager: getPlayerRepeatMode: no active player
06-01 12:55:48.929  1023  1023 I PlayerSettingsManager: getPlayerShuffleMode: no active player
06-01 12:55:48.929  1023  1023 I PlayerSettingsManager: updateRemoteDevice: STATE_REPEAT_OFF, STATE_SHUFFLE_OFF
06-01 12:55:48.929  1023  1023 I bluetooth: system/btif/avrcp/avrcp_service.cc:582 SendPlayerSettingsChanged: {attribute=PlayerAttribute::REPEAT : value=PlayerRepeatValue::OFF}, {attribute=PlayerAttribute::SHUFFLE : value=PlayerShuffleValue::OFF}
06-01 12:55:48.929  1023  1023 I PlayerSettingsManager: getPlayerRepeatMode: no active player
06-01 12:55:48.929  1023  1023 I PlayerSettingsManager: getPlayerShuffleMode: no active player
06-01 12:55:48.929  1023  1023 I PlayerSettingsManager: updateRemoteDevice: STATE_REPEAT_OFF, STATE_SHUFFLE_OFF
06-01 12:55:48.929  1023  1023 I bluetooth: system/btif/avrcp/avrcp_service.cc:582 SendPlayerSettingsChanged: {attribute=PlayerAttribute::REPEAT : value=PlayerRepeatValue::OFF}, {attribute=PlayerAttribute::SHUFFLE : value=PlayerShuffleValue::OFF}
06-01 12:55:48.935   946   946 E LauncherProxyService: Failed to get launcher proxy for disable flags.
06-01 12:55:48.946  1480  2168 I eaya    : #audio# ensure BT-components initialized
06-01 12:55:48.952  1058  1058 I NotificationMgr: updateMwi(): subId:1 isRefresh:true state:N->N (changed:N)
06-01 12:55:48.965   480   480 D Zygote  : Forked child process 2185
06-01 12:55:48.972  1058  1058 I NotificationMgr: maybeSendVoicemailNotificationUsingDefaultDialer: count: 0->0 (changed=false)
06-01 12:55:48.974  1058  1058 I NotificationMgr: maybeSendVoicemailNotificationUsingDefaultDialer: skip bcast to:com.google.android.dialer, user:UserHandle{0}
06-01 12:55:48.974  1480  2168 D BluetoothAdapter: HEADSET connected
06-01 12:55:48.980   677   728 W ActivityManager: Slow operation: 331ms so far, now at startProcess: returned from zygote!
06-01 12:55:48.980  1071  1071 D TaskbarManager: onUserUnlocked displayId=0 isDefaultDisplay=true
06-01 12:55:48.980   677   728 W ActivityManager: Slow operation: 331ms so far, now at startProcess: done updating battery stats
06-01 12:55:48.980  1071  1071 D TaskbarManager: onUserUnlocked: recreating all taskbars! displayId=0 isDefaultDisplay=true
06-01 12:55:48.980  1071  1071 D TaskbarManager: recreateTaskbars displayId=0 isDefaultDisplay=true
06-01 12:55:48.980  1071  1071 D TaskbarManager: recreateTaskbars: create primary taskbar displayId=0 isDefaultDisplay=true
06-01 12:55:48.980   677   728 W ActivityManager: Slow operation: 331ms so far, now at startProcess: building log message
06-01 12:55:48.980  1071  1071 D TaskbarManager: recreateTaskbarForDisplay:  displayId=0 isDefaultDisplay=true
06-01 12:55:48.980   677   728 I ActivityManager: Start proc 2185:com.google.android.googlequicksearchbox:search/u0a149 for service {com.google.android.googlequicksearchbox/com.google.android.libraries.assistant.auto.tng.media.mediabrowser.NewsMediaBrowserService}
06-01 12:55:48.980  1071  1071 D TaskbarManager: recreateTaskbarForDisplay: getting device profile displayId=0 isDefaultDisplay=true
06-01 12:55:48.980   677   728 W ActivityManager: Slow operation: 331ms so far, now at startProcess: starting to update pids map
06-01 12:55:48.980   677   728 I ActivityManager: ProcessObserver broadcast disabled
06-01 12:55:48.980   677   728 W ActivityManager: Slow operation: 331ms so far, now at startProcess: done updating pids map
06-01 12:55:48.981   677  1661 D ConnectivityService: requestNetwork for uid/pid:10159/1385 activeRequest: null callbackRequest: 80 [NetworkRequest [ REQUEST id=81, [ Capabilities: INTERNET&NOT_RESTRICTED&TRUSTED&NOT_VCN_MANAGED&NOT_BANDWIDTH_CONSTRAINED Uid: 10159 RequestorUid: 10159 RequestorPkg: com.google.android.inputmethod.latin UnderlyingNetworks: Null] ]] callback flags: 0 order: 2147483647 isUidTracked: false declaredMethods: AVAIL|LOST|NC|BLK
06-01 12:55:48.987  1023  1023 I BluetoothMediaBrowserService: Browser Client Connection Request, client='com.google.android.bluetooth')
06-01 12:55:48.988  1023  1023 I BrowsedPlayerWrapper: onConnected: com.google.android.bluetooth is connected
06-01 12:55:48.988  1023  1023 I BrowsedPlayerWrapper: getFolderItems: Connected to browsable player: com.google.android.bluetooth
06-01 12:55:48.988  1023  1023 W BluetoothMediaBrowserService: getContents(id=__ROOT__): AVRCP Controller Service not ready
06-01 12:55:48.988  1023  1023 E BrowsedPlayerWrapper: BrowserSubscriptionCallback: Could not get folder items
06-01 12:55:48.990   677  1634 I MediaSessionStack: removeSession | record: com.google.android.bluetooth/BluetoothMediaBrowserService/5 (userId=0)
06-01 12:55:48.990   677  1634 D MediaSessionService: destroySessionLocked: record=com.google.android.bluetooth/BluetoothMediaBrowserService/5 (userId=0)
06-01 12:55:48.991  1023  1023 I BluetoothMediaBrowserService: Service set to null
06-01 12:55:48.995  1669  1669 W gle.android.gms: Verification of void m32.gfl.<init>() took 215.407ms (18.57 bytecodes/s) (0B arena alloc)
06-01 12:55:48.999  1480  2168 D AudioSystem: onNewService: media.audio_policy service obtained 0x7f2c25615a20
06-01 12:55:49.000  1385  1385 I MDDTaskScheduler: MDDTaskScheduler$Worker.startWorkInner():53 work mdd_download_work started
06-01 12:55:49.000  1385  1581 I WM-WorkerWrapper: Worker result SUCCESS for Work [ id=3b8fd826-4dfb-4f87-92d8-a1405613a930, tags={ com.google.android.libraries.inputmethod.dailyping.DailyPingWorker,daily_ping_work } ]
06-01 12:55:49.000  1385  1385 I DownloadManager: DownloadManager.startDownload():518 start download of emoji_kitchen_data
06-01 12:55:49.002  1385  1842 I DownloadManager: DownloadManager$4.onSuccess():587 download for emoji_kitchen_data is finished with files # rjf@7e7de439
06-01 12:55:49.002  2182  2182 I viceentitlement: Using CollectorTypeCMC GC.
06-01 12:55:49.002  1385  1842 I DownloadManager: DownloadManager.startDownload():518 start download of nebulae-lc-artifacts
06-01 12:55:49.002  1385  1842 I DownloadManager: DownloadManager$4.onSuccess():587 download for nebulae-lc-artifacts is finished with files # rjf@14980b5f
06-01 12:55:49.003  2182  2182 W viceentitlement: Unexpected CPU variant for x86: x86_64.
06-01 12:55:49.003  2182  2182 W viceentitlement: Known variants: atom, sandybridge, silvermont, goldmont, goldmont-plus, goldmont-without-sha-xsaves, tremont, kabylake, alderlake, default
06-01 12:55:49.005  1514  2158 I LogSaver: LogSaver new instance with filename: carrier_services
06-01 12:55:49.011  1385  1546 I WM-WorkerWrapper: Worker result SUCCESS for Work [ id=7af4b27a-091b-4f5b-b1d4-3058c777c0bd, tags={ com.google.android.libraries.inputmethod.mdd.MDDTaskScheduler$Worker,mdd_download_task_unmetered_battery } ]
06-01 12:55:49.016  2185  2185 I earchbox:search: Using CollectorTypeCMC GC.
06-01 12:55:49.018  2185  2185 W earchbox:search: Unexpected CPU variant for x86: x86_64.
06-01 12:55:49.018  2185  2185 W earchbox:search: Known variants: atom, sandybridge, silvermont, goldmont, goldmont-plus, goldmont-without-sha-xsaves, tremont, kabylake, alderlake, default
06-01 12:55:49.020  2182  2182 E viceentitlement: Not starting debugger since process cannot load the jdwp agent.
06-01 12:55:49.022  1023  1023 I PlayerSettingsManager: getPlayerRepeatMode: no active player
06-01 12:55:49.022  1023  1023 I PlayerSettingsManager: getPlayerShuffleMode: no active player
06-01 12:55:49.022  1023  1023 I PlayerSettingsManager: updateRemoteDevice: STATE_REPEAT_OFF, STATE_SHUFFLE_OFF
06-01 12:55:49.022  1023  1023 I bluetooth: system/btif/avrcp/avrcp_service.cc:582 SendPlayerSettingsChanged: {attribute=PlayerAttribute::REPEAT : value=PlayerRepeatValue::OFF}, {attribute=PlayerAttribute::SHUFFLE : value=PlayerShuffleValue::OFF}
06-01 12:55:49.023  1480  2168 D AudioSystem: getService: checking for service media.audio_policy: 0x7f2c25615a20
06-01 12:55:49.027  2185  2185 E earchbox:search: Not starting debugger since process cannot load the jdwp agent.
06-01 12:55:49.033  2185  2185 D nativeloader: Load libframework-connectivity-tiramisu-jni.so using APEX ns com_android_tethering for caller /apex/com.android.tethering/javalib/framework-connectivity-t.jar: ok
06-01 12:55:49.039   677   845 D ConnectivityService: NetReassign [81 : null → 100] [c 1] [a 46] [i 3]
06-01 12:55:49.043  1241  1313 I AppDoctorManager: Updating appdoctor Uri Permissions. [CONTEXT service_id=256 ]
06-01 12:55:49.046  1071  1071 I s.nexuslauncher: AssetManager2(0x7f2d055a0858) locale list changing from [] to [en-US]
06-01 12:55:49.053  2053  2173 I TinkBsaTokenCipher: Initialized successfully
06-01 12:55:49.072  1480  1480 I dtoi    : (REDACTED) Done action(%s) over listeners(%s).
06-01 12:55:49.072  1480  2081 I dwdz    : Creating hotword frontend.
06-01 12:55:49.073   677   839 D WifiNetworkFactory: got request NetworkRequest [ REQUEST id=81, [ Capabilities: INTERNET&NOT_RESTRICTED&TRUSTED&NOT_VCN_MANAGED&NOT_BANDWIDTH_CONSTRAINED Uid: 10159 RequestorUid: 10159 RequestorPkg: com.google.android.inputmethod.latin UnderlyingNetworks: Null] ]
06-01 12:55:49.073   677   839 D UntrustedWifiNetworkFactory: got request NetworkRequest [ REQUEST id=81, [ Capabilities: INTERNET&NOT_RESTRICTED&TRUSTED&NOT_VCN_MANAGED&NOT_BANDWIDTH_CONSTRAINED Uid: 10159 RequestorUid: 10159 RequestorPkg: com.google.android.inputmethod.latin UnderlyingNetworks: Null] ]
06-01 12:55:49.073   677   839 D OemPaidWifiNetworkFactory: got request NetworkRequest [ REQUEST id=81, [ Capabilities: INTERNET&NOT_RESTRICTED&TRUSTED&NOT_VCN_MANAGED&NOT_BANDWIDTH_CONSTRAINED Uid: 10159 RequestorUid: 10159 RequestorPkg: com.google.android.inputmethod.latin UnderlyingNetworks: Null] ]
06-01 12:55:49.073   677   839 D MultiInternetWifiNetworkFactory: got request NetworkRequest [ REQUEST id=81, [ Capabilities: INTERNET&NOT_RESTRICTED&TRUSTED&NOT_VCN_MANAGED&NOT_BANDWIDTH_CONSTRAINED Uid: 10159 RequestorUid: 10159 RequestorPkg: com.google.android.inputmethod.latin UnderlyingNetworks: Null] ]
06-01 12:55:49.078  2182  2182 D nativeloader: Load libframework-connectivity-tiramisu-jni.so using APEX ns com_android_tethering for caller /apex/com.android.tethering/javalib/framework-connectivity-t.jar: ok
06-01 12:55:49.083  1058  1058 I Telephony: TelecomAccountRegistry: onSubscriptionsChanged - update accounts
06-01 12:55:49.083  1058  1058 I Telephony: PstnIncomingCallNotifier: Unregistering: [0]
06-01 12:55:49.083  1058  1058 D Telephony: Unregistering: Handler (com.android.internal.telephony.GsmCdmaPhone) {5043ad6}
06-01 12:55:49.084  1058  1058 I PhoneInterfaceManager: unregisterMmTelCapabilityCallback: 1 is inactive, ignoring unregister.
06-01 12:55:49.084  1058  1058 I PhoneInterfaceManager: unregisterImsRegistrationCallback: 1is inactive, ignoring unregister.
06-01 12:55:49.088   946   946 I ndroid.systemui: AssetManager2(0x7f2d055aa178) locale list changing from [] to [en-US]
06-01 12:55:49.091  1241  2003 I NearbyPresence: (REDACTED) %s verified [!=] new request %s does not equal to the old request %s
06-01 12:55:49.092  1241  2003 I NearbyPresence: (REDACTED) %s verified [==] new request %s equals to the old request
06-01 12:55:49.095  1385  1385 I BaseClearcutAdapter: BaseClearcutAdapter.queryAndUpdateUserCheckboxOptIn():273 Checkbox = false
06-01 12:55:49.097  1058  1058 I Telephony: TelecomAccountRegistry: setupAccounts: Found 1 phones.  Attempting to register.
06-01 12:55:49.097  1058  1058 I Telephony: TelecomAccountRegistry: setupAccounts: Phone with subscription id 1
06-01 12:55:49.097  1480  2168 I dsqa    : (REDACTED) [%s] On data flow initialize.
06-01 12:55:49.098  1480  2168 I dujr    : (REDACTED) Registering a listener (%s) for type %s.
06-01 12:55:49.098  1241  1846 E WorkSourceUtil: Could not find package: com.google.android.gms.westworld
06-01 12:55:49.102   946   946 I ndroid.systemui: AssetManager2(0x7f2d05595c78) locale list changing from [] to [en-US]
06-01 12:55:49.107  1058  1058 V SimultaneousCallingTracker: Device is not simultaneous calling capable
06-01 12:55:49.107  1514  2158 I BugleRcsEngine: Initializing RCS Engine for Bugle host. [CONTEXT log_prefix="RcsEngineProxyImpl:[3543deb6-32ec]" thread_id=58 ]
06-01 12:55:49.115  1058  1058 D Telephony: isEmergencyPreferredAccount: subId=1, activeData=1
06-01 12:55:49.115  1058  1058 D Telephony: isEmergencyPreferredAccount: Device does not require preference.
06-01 12:55:49.116  1058  1058 I Telephony: isRttCurrentlySupported -- regular acct, hasVoiceAvailability: false
06-01 12:55:49.116  1058  1058 I Telephony:  isRttSupported: false
06-01 12:55:49.116  1058  1058 I Telephony:  alwaysAllowWhileRoaming: false
06-01 12:55:49.116  1058  1058 I Telephony:  isRoaming: false
06-01 12:55:49.116  1058  1058 I Telephony:  isOnWfc: false
06-01 12:55:49.125   677  1707 E JobScheduler.JobStatus: App com.google.android.inputmethod.latin became active but still in NEVER bucket
06-01 12:55:49.139  1480  1982 I dwil    : (REDACTED) External hotword connection changed, source: %s
06-01 12:55:49.141  1480  2168 I dsqa    : (REDACTED) [%s] On new data value: %s.
06-01 12:55:49.141  1480  2168 I eaya    : #audio# BT-headset-profile connected
06-01 12:55:49.144  1480  2081 I dvti    : Preferred client mapping subscription started.
06-01 12:55:49.144  1480  2081 I dvta    : (REDACTED) Client connections changed: %s.
06-01 12:55:49.145  1480  2081 I dvup    : (REDACTED) Enabled invocation sources: %s.
06-01 12:55:49.146  1480  2081 I dvta    : (REDACTED) Invocations routing has changed
06-01 12:55:49.146  1480  2081 I dvta    : %s
06-01 12:55:49.147  1480  2081 I dwhq    : (REDACTED) On hotword consumer changed: %s.
06-01 12:55:49.147  1480  2081 I dwhl    : (REDACTED) Hotword consumer guarding condition has changed: %s.
06-01 12:55:49.148  1480  1982 I dwdi    : (REDACTED) Hotword consumer configuration has changed: %s.
06-01 12:55:49.148  1480  1982 I dweu    : (REDACTED) Configuration=%s changed; frontend=%s is not running.
06-01 12:55:49.171  1480  2168 I eaya    : (REDACTED) #audio# updating input devices cache:
06-01 12:55:49.171  1480  2168 I eaya    : ALL ACTIVE(%s): %s
06-01 12:55:49.171  1480  2168 I eaya    : PROFILE CONNECTABLE(%s): %s
06-01 12:55:49.171  1480  2168 I eaya    : (REDACTED) #audio# observed BT-devices connection changes, # of available devices(%s)
06-01 12:55:49.172  1339  1932 I DialerLoggingConsentCheckerImpl: com.google.android.callingshared.logging.consent.impl.LoggingConsentCheckerImpl.getConsent:72 timer stop with success, timer present: false
06-01 12:55:49.186   307   307 I tombstoned: received crash request for pid 946
06-01 12:55:49.186   307   307 I tombstoned: found intercept fd 512 for pid 946 and type kDebuggerdJavaBacktrace
06-01 12:55:49.197   946   947 I ndroid.systemui: Wrote stack traces to tombstoned
06-01 12:55:49.198   307   307 W tombstoned: skipping tombstone file creation due to intercept
06-01 12:55:49.207   677  2103 I system_server: libdebuggerd_client: done dumping process 946
06-01 12:55:49.212  1514  2158 I BugleRcsEngine: Processing an intent [CONTEXT log_prefix="(Sim)" thread_id=58 ]
06-01 12:55:49.227  1514  2158 I BugleRcsEngine: Ignoring duplicate SIM state: LOADED [CONTEXT log_prefix="(Sim)" thread_id=58 ]
06-01 12:55:49.261  1339  1932 I DialerVoicemailStatusDataServiceImpl: com.android.dialer.voicemailstatus.dataservice.impl.VoicemailStatusDataServiceImpl.insertOrUpdateVoicemailStatus:241 enter
06-01 12:55:49.264  1669  1669 I gle.android.gms: AssetManager2(0x7f2d05599af8) locale list changing from [] to [en-US]
06-01 12:55:49.264  1514  2158 I BugleRcsEngine: enableRcsEngineInitializationByBugle is disabled, directly initializing new DUAL_REG RcsEngine [CONTEXT log_prefix="RcsEngineProxyImpl:[3543deb6-32ec]" thread_id=58 ]
06-01 12:55:49.267  1514  2158 W System.err: SLF4J(W): No SLF4J providers were found.
06-01 12:55:49.267  1514  2158 W System.err: SLF4J(W): Defaulting to no-operation (NOP) logger implementation
06-01 12:55:49.267  1514  2158 W System.err: SLF4J(W): See https://www.slf4j.org/codes.html#noProviders for further details.
06-01 12:55:49.278  1071  1071 I s.nexuslauncher: AssetManager2(0x7f2d05594378) locale list changing from [] to [en-US]
06-01 12:55:49.286  1514  2158 I BugleRcsEngine: Initializing Carrier Services Logging. [CONTEXT thread_id=58 ]
06-01 12:55:49.286  1514  2158 D BugleRcsEngine: log_saver already enabled
06-01 12:55:49.293  1514  2216 I BugleRcsEngine: do not delay first event [CONTEXT thread_id=61 ]
06-01 12:55:49.293  1058  1058 W HWUI    : Image decoding logging dropped!
06-01 12:55:49.298   946   946 D CentralSurfaces: mUserSetupObserver - DeviceProvisionedListener called for current user
06-01 12:55:49.298   946  1138 D HWUI    : profile bars disabled
06-01 12:55:49.298   946  1138 D HWUI    : ambientRatio = 1.50
06-01 12:55:49.300  1514  2158 I BugleRcsEngine: RcsEngine SipConnectionType set to DUAL_REG [CONTEXT thread_id=58 ]
06-01 12:55:49.302  1514  2158 I BugleRcsEngine: instantiated in package: com.google.android.apps.messaging [CONTEXT log_prefix="RcsEngineImpl[DUAL_REG]:[67eddcef-a9e5]" thread_id=58 ]
06-01 12:55:49.306  1514  2158 I BugleRcsEngine: setting active RCS Engine to DUAL_REG instance [CONTEXT log_prefix="RcsEngineProxyImpl:[3543deb6-32ec]" thread_id=58 ]
06-01 12:55:49.306  1514  2158 I BugleRcsEngine: Initializing RcsEngine. [CONTEXT log_prefix="RcsEngineImpl[DUAL_REG]:[67eddcef-a9e5]" thread_id=58 ]
06-01 12:55:49.308   677  2055 D ConnectivityService: requestNetwork for uid/pid:10143/1514 activeRequest: null callbackRequest: 82 [NetworkRequest [ TRACK_DEFAULT id=83, [ Capabilities: INTERNET&NOT_RESTRICTED&TRUSTED&NOT_VCN_MANAGED&NOT_BANDWIDTH_CONSTRAINED Uid: 10143 RequestorUid: 10143 RequestorPkg: com.google.android.apps.messaging UnderlyingNetworks: Null] ], NetworkRequest [ REQUEST id=84, [ Transports: SATELLITE Capabilities: INTERNET&TRUSTED&NOT_VCN_MANAGED Uid: 10143 RequestorUid: 10143 RequestorPkg: com.google.android.apps.messaging UnderlyingNetworks: Null] ]] callback flags: 0 order: 2147483647 isUidTracked: false declaredMethods: AVAIL|LOSING|LOST|NC
06-01 12:55:49.309  1514  2158 I BugleRcsEngine: Initializing RBM resource permissions. [CONTEXT log_prefix="RcsEngineImpl[DUAL_REG]:[67eddcef-a9e5]" thread_id=58 ]
06-01 12:55:49.312   677   845 D ConnectivityService: NetReassign [83 : null → 100] [c 0] [a 2] [i 0]
06-01 12:55:49.312  1071  1071 D IDP     : After initGrid:gridName:practical, dbFile:launcher_4_by_5.db, LauncherPrefs GRID_NAME:practical, LauncherPrefs DB_FILE:launcher_4_by_5.db
06-01 12:55:49.314  2182  2182 D ApplicationLoaders: Returning zygote-cached class loader: /system_ext/framework/androidx.window.extensions.jar
06-01 12:55:49.314  2182  2182 D ApplicationLoaders: Returning zygote-cached class loader: /system_ext/framework/androidx.window.sidecar.jar
06-01 12:55:49.314  1071  1071 D TaskbarManager: recreateTaskbarForDisplay: destroying taskbar displayId=0 isDefaultDisplay=true
06-01 12:55:49.314  1071  1071 D TaskbarManager: destroyTaskbarForDisplay displayId=0 isDefaultDisplay=true
06-01 12:55:49.314  1071  1071 D TaskbarManager: destroyTaskbarForDisplay: taskbar is NULL! displayId=0 isDefaultDisplay=true
06-01 12:55:49.314  1071  1071 D TaskbarManager: recreateTaskbarForDisplay: isTaskbarEnabled=true [dp != null (i.e. mUserUnlocked)]=true FLAG_HIDE_NAVBAR_WINDOW=true dp.isTaskbarPresent=false displayExists=true displayId=0 isDefaultDisplay=true
06-01 12:55:49.314  1071  1071 D TaskbarManager: recreateTaskbarForDisplay: creating taskbar displayId=0 isDefaultDisplay=true
06-01 12:55:49.315  1071  1071 I s.nexuslauncher: AssetManager2(0x7f2d0558cfd8) locale list changing from [] to [en-US]
06-01 12:55:49.317  1514  2158 E ashmem  : Pinning is deprecated since Android Q. Please use trim or other methods.
06-01 12:55:49.325  1514  2219 I BugleRcsEngine: handleMessage processing message:[NOTIFY_UPTIME_IGNORE_STATE_CHANGED] with [non-null]:RcsEngineImpl reference [CONTEXT log_prefix="RcsEngineImpl[DUAL_REG]:[67eddcef-a9e5]>Handler" thread_id=62 ]
06-01 12:55:49.334  1071  1071 I s.nexuslauncher: AssetManager2(0x7f2d05593a18) locale list changing from [] to [en-US]
06-01 12:55:49.345  1385  1546 W WM-Processor: Didn't find WorkSpec for id WorkGenerationalId(workSpecId=f7b53ca0-9eaa-4201-9562-2ef1f0253f1a, generation=0)
06-01 12:55:49.353  1058  1058 I Telephony: TelecomAccountRegistry$AccountEntry: registerPstnPhoneAccount: Registering account=[[ ] PhoneAccount: ComponentInfo{com.android.phone/com.android.services.telephony.TelephonyConnectionService}, 1, UserHandle{0} Capabilities: CallProvider MultiUser PlaceEmerg SimSub  Audio Routes: BESW Schemes: tel voicemail  Extras: Bundle[{android.telecom.extra.SUPPORTS_VIDEO_CALLING_FALLBACK=true}] GroupId: *** SC Restrictions: [ ]] with Telecom. subId=1
06-01 12:55:49.356  1339  2035 W JobInfo : Requested important-while-foreground flag for job198 is ignored and takes no effect
06-01 12:55:49.356  1339  2035 D WM-SystemJobScheduler: Scheduling work ID b46ff990-55a7-4bcf-b88c-4c581135cb05Job ID 198
06-01 12:55:49.357  1514  2216 I BugleRcsEngine: Processing an intent [CONTEXT log_prefix="(Sim)" thread_id=61 ]
06-01 12:55:49.358  1514  2154 I BugleRcsEngine: Connected state: [1], networkType: [WIFI] [CONTEXT thread_id=57 ]
06-01 12:55:49.362   677  2055 I Telecom : TelecomServiceImpl$1: registerPhoneAccount: account=[[ ] PhoneAccount: ComponentInfo{com.android.phone/com.android.services.telephony.TelephonyConnectionService}, 1, UserHandle{0} Capabilities: CallProvider MultiUser PlaceEmerg SimSub  Audio Routes: BESW Schemes: tel voicemail  Extras: Bundle[{android.telecom.extra.SUPPORTS_VIDEO_CALLING_FALLBACK=true}] GroupId: *** SC Restrictions: [ ]]: TSI.rPA(cap)@AF4
06-01 12:55:49.367  1514  2216 I BugleRcsEngine: Ignoring duplicate SIM state: LOADED [CONTEXT log_prefix="(Sim)" thread_id=61 ]
06-01 12:55:49.372   677  2055 I Telecom : PhoneAccountRegistrar: Modify account: [ComponentInfo{com.android.phone/com.android.services.telephony.TelephonyConnectionService}, 1, UserHandle{0}]: TSI.rPA(cap)@AF4
06-01 12:55:49.373   677  2055 I Telecom : CallsManager: handlePhoneAccountChanged: phoneAccount=[[X] PhoneAccount: ComponentInfo{com.android.phone/com.android.services.telephony.TelephonyConnectionService}, 1, UserHandle{0} Capabilities: CallProvider MultiUser PlaceEmerg SimSub  Audio Routes: BESW Schemes: tel voicemail  Extras: Bundle[{android.telecom.extra.SUPPORTS_VIDEO_CALLING_FALLBACK=true}] GroupId: *** SC Restrictions: [ ]]: TSI.rPA(cap)@AF4
06-01 12:55:49.383  2185  2185 D ApplicationLoaders: Returning zygote-cached class loader: /system/framework/org.apache.http.legacy.jar
06-01 12:55:49.398  2185  2185 D nativeloader: Configuring clns-9 for other apk /system_ext/framework/com.android.extensions.appfunctions.jar. target_sdk_version=37, uses_libraries=ALL, library_path=/data/app/~~KczER6NriYuDJOGw69fI-g==/com.google.android.googlequicksearchbox-cdwpa0rlDL4cMZ_Jb99qpQ==/lib/x86_64:/data/app/~~KczER6NriYuDJOGw69fI-g==/com.google.android.googlequicksearchbox-cdwpa0rlDL4cMZ_Jb99qpQ==/base.apk!/lib/x86_64:/data/app/~~KczER6NriYuDJOGw69fI-g==/com.google.android.googlequicksearchbox-cdwpa0rlDL4cMZ_Jb99qpQ==/split_config.xxhdpi.apk!/lib/x86_64:/data/app/~~KczER6NriYuDJOGw69fI-g==/com.google.android.googlequicksearchbox-cdwpa0rlDL4cMZ_Jb99qpQ==/split_lens_ondevice_engine_play_ml_module.apk!/lib/x86_64, permitted_path=/data:/mnt/expand:/data/user/0/com.google.android.googlequicksearchbox
06-01 12:55:49.399  2185  2185 D ApplicationLoaders: Returning zygote-cached class loader: /system_ext/framework/androidx.window.extensions.jar
06-01 12:55:49.399  2185  2185 D ApplicationLoaders: Returning zygote-cached class loader: /system_ext/framework/androidx.window.sidecar.jar
06-01 12:55:49.407  1514  2154 I BugleRcsEngine: Connected state: [1], networkType: [WIFI] [CONTEXT thread_id=57 ]
06-01 12:55:49.419   677  2055 I Telecom : PhoneAccountRegistrar: getSimCallManager: SimCallManager for subId 1 queried, returning: null: TSI.rPA(cap)@AF4
06-01 12:55:49.421   677  2055 I Telecom : PhoneAccountRegistrar: Notifying telephony of voice service override change for 1 SIMs, hasService = false: TSI.rPA(cap)@AF4
06-01 12:55:49.441  1058  1058 I PhoneInterfaceManager: setVoiceServiceStateOverride: subId=1, phone=Handler (com.android.internal.telephony.GsmCdmaPhone) {5043ad6}, hasService=false, callingPackage=com.android.server.telecom
06-01 12:55:49.452  1058  1058 I Telephony: TelecomAccountRegistry$AccountEntry: Registered phoneAccount: [[ ] PhoneAccount: ComponentInfo{com.android.phone/com.android.services.telephony.TelephonyConnectionService}, 1, UserHandle{0} Capabilities: CallProvider MultiUser PlaceEmerg SimSub  Audio Routes: BESW Schemes: tel voicemail  Extras: Bundle[{android.telecom.extra.SUPPORTS_VIDEO_CALLING_FALLBACK=true}] GroupId: *** SC Restrictions: [ ]] with handle: ComponentInfo{com.android.phone/com.android.services.telephony.TelephonyConnectionService}, 1, UserHandle{0}
06-01 12:55:49.452  1058  1058 I Telephony: PstnIncomingCallNotifier: Registering: [0]
06-01 12:55:49.452  1058  1058 D Telephony: Registering: Handler (com.android.internal.telephony.GsmCdmaPhone) {5043ad6}
06-01 12:55:49.452  1058  1058 W Telephony: registerMmTelCapabilityCallback: registration failed, no ImsService available. Exception: code: 1
06-01 12:55:49.453  1058  1058 W Telephony: registerImsRegistrationCallback: registration failed, no ImsService available. Exception: code: 1
06-01 12:55:49.453  1058  1058 D Telephony: Finished registering mSimultaneousCallingTrackerListener for phoneId = 0; subId = 1
06-01 12:55:49.463  1241  2143 I NearbyDiscovery: (REDACTED) FastPair: HeadsetPieceImage, grant permission files:%d
06-01 12:55:49.463  1241  2143 I NearbyDiscovery: FastPairController: initializeProfileConnectionState: set event stream listener [CONTEXT service_id=265 ]
06-01 12:55:49.479   677  2104 I ActivityManager: dumpStackTraces nativepids=null
06-01 12:55:49.479   677  2104 I ActivityManager: dumpStackTraces extraPids=[]
06-01 12:55:49.479   677  2104 I ActivityManager: Done dumping
06-01 12:55:49.482   946   946 I ndroid.systemui: AssetManager2(0x7f2d055b1518) locale list changing from [] to [en-US]
06-01 12:55:49.491   677  1520 D ConnectivityService: requestNetwork for uid/pid:1000/677 asUid: 10143 activeRequest: null callbackRequest: 85 [NetworkRequest [ TRACK_DEFAULT id=86, [ Capabilities: INTERNET&NOT_RESTRICTED&TRUSTED&NOT_VCN_MANAGED&NOT_BANDWIDTH_CONSTRAINED Uid: 10143 RequestorUid: 1000 RequestorPkg: android UnderlyingNetworks: Null] ], NetworkRequest [ REQUEST id=87, [ Transports: SATELLITE Capabilities: INTERNET&TRUSTED&NOT_VCN_MANAGED Uid: 10143 RequestorUid: 1000 RequestorPkg: android UnderlyingNetworks: Null] ]] callback flags: 0 order: 2147483647 isUidTracked: false declaredMethods: AVAIL|LOST|BLK
06-01 12:55:49.505  1514  2158 D BugleRcsEngine: log_saver already enabled
06-01 12:55:49.505  1241  2003 W NearbyPresence: TidepoolIdentityProvider: Main Tidepool status toggle not enabled! Returned empty broadcast credentials. [CONTEXT service_id=317 ]
06-01 12:55:49.509  1241  2003 W NearbyPresence: TidepoolIdentityProvider: Main Tidepool status toggle not enabled! Returned empty shared credentials. [CONTEXT service_id=317 ]
06-01 12:55:49.510  1241  2003 I NearbyPresence: (REDACTED) %s: register with identity provider name %s broadcast size %s discover size %s
06-01 12:55:49.516  1241  2003 I NearbyPresence: NetworkMonitorImpl started. [CONTEXT service_id=317 ]
06-01 12:55:49.516  1058  1276 D SatelliteController: iisInCarrierRoamingNbIotNtn: satellite is disabled
06-01 12:55:49.517   480   480 D Zygote  : Forked child process 2224
06-01 12:55:49.519   677   891 D BackgroundInstallControlService: Package event received: 0
06-01 12:55:49.520  1241  2003 I NearbyPresence: (REDACTED) Scheduled Presence server sync periodic task with period %s seconds.
06-01 12:55:49.524   677   845 D ConnectivityService: NetReassign [86 : null → 100] [c 1] [a 1] [i 23]
06-01 12:55:49.535   677   845 D ConnectivityService: NetReassign [no changes] [c 1] [a 0] [i 10]
06-01 12:55:49.537  1669  1852 I NearbySharing: onBindSlice failed since shareTargets is empty
06-01 12:55:49.540   946   946 I ndroid.systemui: AssetManager2(0x7f2d055b27d8) locale list changing from [] to [en-US]
06-01 12:55:49.568   677   728 W ActivityManager: Slow operation: 171ms so far, now at startProcess: returned from zygote!
06-01 12:55:49.569   677   728 W ActivityManager: Slow operation: 172ms so far, now at startProcess: done updating battery stats
06-01 12:55:49.570   677   728 W ActivityManager: Slow operation: 173ms so far, now at startProcess: building log message
06-01 12:55:49.570   677   728 I ActivityManager: Start proc 2224:com.google.android.apps.messaging/u0a143 for content provider {com.google.android.apps.messaging/com.google.android.apps.messaging.shared.datamodel.provider.sharedstorage.SharedStorageProvider}
06-01 12:55:49.570   677   728 W ActivityManager: Slow operation: 173ms so far, now at startProcess: starting to update pids map
06-01 12:55:49.570   677   728 I ActivityManager: ProcessObserver broadcast disabled
06-01 12:55:49.570   677   728 W ActivityManager: Slow operation: 173ms so far, now at startProcess: done updating pids map
06-01 12:55:49.617  1669  1669 W gle.android.gms: Verification of java.util.Iterator m32.yjp.iterator() took 113.273ms (26.48 bytecodes/s) (0B arena alloc)
06-01 12:55:49.622   677   900 I SdkSandboxManager: Reconciling sdk data package directories for 0
06-01 12:55:49.651  1480  2168 I dvhl    : (REDACTED) Lifecycle instances have been resolved: %s.
06-01 12:55:49.651  1480  2168 I dvhl    : (REDACTED) Running '%s' over %s.
06-01 12:55:49.695   677  2104 E ActivityManager: ANR in com.android.systemui
06-01 12:55:49.695   677  2104 E ActivityManager: PID: 946
06-01 12:55:49.695   677  2104 E ActivityManager: Reason: executing service com.android.systemui/.keyguard.KeyguardService, waited 20445ms
06-01 12:55:49.695   677  2104 E ActivityManager: ErrorId: 680e1a5d-4861-4bd1-b251-88f1b7223821
06-01 12:55:49.695   677  2104 E ActivityManager: Frozen: false
06-01 12:55:49.695   677  2104 E ActivityManager: Load: 17.26 / 4.15 / 1.38
06-01 12:55:49.695   677  2104 E ActivityManager: ----- Output from /proc/pressure/memory -----
06-01 12:55:49.695   677  2104 E ActivityManager: some avg10=0.27 avg60=0.08 avg300=0.01 total=173809
