06-01 12:55:47.322  1514  1514 I CarrierServices: SystemBindingService onCreate
06-01 12:55:47.339   677   677 W Looper  : Drained
06-01 12:55:47.363   677  1630 W OverlayManager: service 'idmap' died
06-01 12:55:47.376   946   946 D KeyguardTransitionCoreStartable: Started com.android.systemui.keyguard.domain.interactor.FromDozingTransitionInteractor@81d7703
06-01 12:55:47.388   946   946 D AlternateBouncerViewBinder: alternateBouncerWindowRequired=false
06-01 12:55:47.402   946   946 D BiometricStatusRepositoryImpl: authenticationState updated: Idle(biometricSourceType=null, requestReason=NotRunning)
06-01 12:55:47.447  1241  1800 I NearbySharing: Location is enabled
06-01 12:55:47.448  1241  1800 I NearbySharing: Stopping scanning because the screen is locked.
06-01 12:55:47.472  1058  1058 D CarrierSvcBindHelper: onPackageUpdateFinished: com.aistudio.ereader.xynk
06-01 12:55:47.477  1241  1241 I NearbyDiscovery: DiscoveryService created [CONTEXT service_id=265 ]
06-01 12:55:47.511  1339  2035 D WM-ForceStopRunnable: Found unfinished work, scheduling it.
06-01 12:55:47.519  1339  1932 I DialerRecentEmergencyCallIdentifier: com.google.android.dialershared.emergencycallback.RecentEmergencyCallIdentifier.hasRecentEmergencyCall:64 Last emergency call time not available. Not an emergency callback.
06-01 12:55:47.523  1241  1241 W ChimeraUtils: Module com.google.android.gms.fastpair_core missing resource null(0)
06-01 12:55:47.524  1241  1241 W ChimeraUtils: Module com.google.android.gms.fastpair_core missing resource null(0)
06-01 12:55:47.532   677  2055 E JobScheduler.JobStatus: App com.google.android.inputmethod.latin became active but still in NEVER bucket
06-01 12:55:47.550  1921  2145 D WM-PackageManagerHelper: Skipping component enablement for androidx.work.impl.background.systemalarm.RescheduleReceiver
06-01 12:55:47.552  1241  1241 W NearbyShared: BTConnStateMgr:untrackable profile:26, the connection status change will not be able to dispatch to stateChangeListener!
06-01 12:55:47.552  1241  1241 D BluetoothAdapter: registerBluetoothConnectionCallback()
06-01 12:55:47.552  1241  1241 I NearbyShared: BTConnStateMgr: BluetoothConnectionCallback registered.
06-01 12:55:47.559  1241  1241 I NearbyFastPair: NearbyAppHelper: Check Mainline Tethering module version code. [CONTEXT service_id=265 ]
06-01 12:55:47.567  1241  1241 I NearbyFastPair: (REDACTED) NearbyAppHelper: Tethering package version code: %s
06-01 12:55:47.582  1241  1310 I Multidevice: (REDACTED) [FeatureSettingsApiService] registerXdFeatureStatusListener(featureKeys: %s, enableImmediateCallback: %s)
06-01 12:55:47.584   677  1661 D WifiNl80211Manager: Scan result ready event
06-01 12:55:47.584   677  1661 D WifiNative: Scan result ready event
06-01 12:55:47.615  1058  1058 D CarrierSvcBindHelper: No carrier app for: 0
06-01 12:55:47.616   946  2117 D CCodecBufferChannel: [c2.android.vorbis.decoder#512] MediaCodec discarded an unknown buffer
06-01 12:55:47.616   946  2117 D CCodecBufferChannel: [c2.android.vorbis.decoder#512] MediaCodec discarded an unknown buffer
06-01 12:55:47.616   946  2117 D CCodecBufferChannel: [c2.android.vorbis.decoder#512] MediaCodec discarded an unknown buffer
06-01 12:55:47.618  1058  1058 D CarrierSvcBindHelper: onPackageModified: com.aistudio.ereader.xynk
06-01 12:55:47.624   677  2106 W ProcessCpuTracker: Failed to stat(/proc/1614): android.system.ErrnoException: stat failed: ENOENT (No such file or directory)
06-01 12:55:47.624  1058  1058 D CarrierSvcBindHelper: No carrier app for: 0
06-01 12:55:47.627   677  2106 W ProcessCpuTracker: Skipping unknown process pid 1614
06-01 12:55:47.631   946  2117 I hw-BpHwBinder: onLastStrongRef automatically unlinking death recipients
06-01 12:55:47.640  1339  2027 I DialerVvmCarrierIdentifierImpl: com.android.dialer.voicemail.service.impl.carriermapping.VvmCarrierIdentifierImpl.getVvmCarrierNameBlocking:123 found carrier name: VVM_CARRIER_TMO_US [CONTEXT enable_persistent_logger=true ]
06-01 12:55:47.648   628   986 I hw-BpHwBinder: onLastStrongRef automatically unlinking death recipients
06-01 12:55:47.654   677   839 I HalDevMgr: bestIfaceCreationProposal is null, requestIface=STA, existingIface=[name=wlan0 type=STA]
06-01 12:55:47.655   628   986 D BufferPoolAccessor2.0: Destruction - bufferpool2 0x7dea508a35c8 cached: 0/0M, 0/0% in use; allocs: 0, 0% recycled; transfers: 0, 0% unfetched
06-01 12:55:47.656  1514  2138 I CarrierServices: SystemBindingService: Starting JibeService
06-01 12:55:47.668  1241  1241 I NearbyDiscovery: (REDACTED) DiscoveryService: registerOrderedIntentReceiver: ordered broadcast receiver registered, %s
06-01 12:55:47.668   946  2107 D MediaCodecList: codecHandlesFormat: no format, so no extra checks
06-01 12:55:47.682   677   837 D NetworkStatsObservers: Registering observer for RequestInfo from pid/uid:677/1000(android) for DataUsageRequest [ requestId=5, networkTemplate=NetworkTemplate: matchRule=MOBILE, matchSubscriberIds=[310260...], matchWifiNetworkKeys=[], metered=YES, defaultNetwork=NO, thresholdInBytes=21343282 ] accessLevel:3
06-01 12:55:47.683   677   788 D ActivityManager: freezing 1497 com.android.printspooler
06-01 12:55:47.683   677  1634 I Telecom : PhoneAccountRegistrar: getSimCallManager: SimCallManager for subId 1 queried, returning: null: TSI.gDOPA(cgad)@AFI
06-01 12:55:47.726   946  2150 D CCodec  : allocate(c2.android.vorbis.decoder)
06-01 12:55:47.730  2053  2053 E ashmem  : Pinning is deprecated since Android Q. Please use trim or other methods.
06-01 12:55:47.741  1241  2136 I WifiScanner: onFullResults
06-01 12:55:47.744  2053  2053 I PrivateInferenceConfigR: computeConfig: isEvt: false, isUserDebug: false
06-01 12:55:47.744   946  2150 I CCodec  : setting up 'default' as default (vendor) store
06-01 12:55:47.747   677   939 D NetworkStatsObservers: Unregistering RequestInfo from pid/uid:677/1000(android) for DataUsageRequest [ requestId=4, networkTemplate=NetworkTemplate: matchRule=MOBILE, matchSubscriberIds=[310260...], matchWifiNetworkKeys=[], metered=YES, defaultNetwork=NO, thresholdInBytes=21343345 ] accessLevel:3
06-01 12:55:47.747   677   845 D InetDiagMessage: Destroyed 0 sockets, proto=IPPROTO_TCP, family=AF_INET, states=14
06-01 12:55:47.748   677   845 D InetDiagMessage: Destroyed 0 sockets, proto=IPPROTO_TCP, family=AF_INET6, states=14
06-01 12:55:47.748   677   845 D InetDiagMessage: Destroyed live tcp sockets for uids={10129} in 44ms
06-01 12:55:47.752   946  2150 I CCodec  : Created component [c2.android.vorbis.decoder] for [c2.android.vorbis.decoder]
06-01 12:55:47.752  1241  1800 I NearbySharing: Stopping Fast Init advertisement because Bluetooth is off.
06-01 12:55:47.752  1241  1800 I NearbySharing: Stopping advertising because the screen is locked.
06-01 12:55:47.752  1241  1800 I NearbySharing: Stopping FastInitiation scanning because the screen is locked.
06-01 12:55:47.753   946  2150 D CCodecConfig: read media type: audio/vorbis
06-01 12:55:47.753  1241  1241 I NearbyDiscovery: (REDACTED) DiscoveryService onStartCommand action: %s
06-01 12:55:47.754  1241  1241 D BoundBrokerSvc: onBind: Intent { act=com.google.android.gms.nearby.presence.service.START dat=chimera-action:/... xflg=0x4 cmp=com.google.android.gms/.chimera.PersistentApiServiceNoInstantApps }
06-01 12:55:47.762   946  2118 D CCodecBufferChannel: [c2.android.vorbis.decoder#414] MediaCodec discarded an unknown buffer
06-01 12:55:47.763   946  2118 D CCodecBufferChannel: [c2.android.vorbis.decoder#414] MediaCodec discarded an unknown buffer
06-01 12:55:47.763   946  2118 D CCodecBufferChannel: [c2.android.vorbis.decoder#414] MediaCodec discarded an unknown buffer
06-01 12:55:47.764   677  1634 D ConnectivityService: requestNetwork for uid/pid:10143/1514 activeRequest: null callbackRequest: 69 [NetworkRequest [ TRACK_DEFAULT id=70, [ Capabilities: INTERNET&NOT_RESTRICTED&TRUSTED&NOT_VCN_MANAGED&NOT_BANDWIDTH_CONSTRAINED Uid: 10143 RequestorUid: 10143 RequestorPkg: com.google.android.apps.messaging UnderlyingNetworks: Null] ], NetworkRequest [ REQUEST id=71, [ Transports: SATELLITE Capabilities: INTERNET&TRUSTED&NOT_VCN_MANAGED Uid: 10143 RequestorUid: 10143 RequestorPkg: com.google.android.apps.messaging UnderlyingNetworks: Null] ]] callback flags: 0 order: 2147483647 isUidTracked: false declaredMethods: AVAIL|LOSING|LOST|UNAVAIL|NC|LP|BLK
06-01 12:55:47.771   677   845 D ConnectivityService: NetReassign [70 : null → 100] [c 0] [a 1] [i 3]
06-01 12:55:47.774   677   708 W AppOpService: Ignored setUidMode call for runtime permission app op: uid = 1001, code = READ_SMS, mode = allow, callingUid = 1001, oldMode = allow
06-01 12:55:47.779   946  2150 D ReflectedParamUpdater: extent() != 1 for single value type: algo.buffers.max-count.values
06-01 12:55:47.781  2053  2053 I PrivateComputeServicesApplication: PrivateComputeServicesApplication#onCreate
06-01 12:55:47.781  2053  2053 I PcsFcInit: Calling BrellaInit for PCS.
06-01 12:55:47.783   946  2150 D ReflectedParamUpdater: extent() != 1 for single value type: output.subscribed-indices.values
06-01 12:55:47.783   946  2150 D ReflectedParamUpdater: extent() != 1 for single value type: input.buffers.allocator-ids.values
06-01 12:55:47.784   946  2150 D ReflectedParamUpdater: extent() != 1 for single value type: output.buffers.allocator-ids.values
06-01 12:55:47.784  1241  1241 D BoundBrokerSvc: Loading bound service for intent: Intent { act=com.google.android.gms.nearby.presence.service.START dat=chimera-action:/... xflg=0x4 cmp=com.google.android.gms/.chimera.PersistentApiServiceNoInstantApps }
06-01 12:55:47.784   946  2150 D ReflectedParamUpdater: extent() != 1 for single value type: algo.buffers.allocator-ids.values
06-01 12:55:47.785   946  2150 D ReflectedParamUpdater: extent() != 1 for single value type: output.buffers.pool-ids.values
06-01 12:55:47.785   628  1055 I hw-BpHwBinder: onLastStrongRef automatically unlinking death recipients
06-01 12:55:47.786   946  2150 D ReflectedParamUpdater: extent() != 1 for single value type: algo.buffers.pool-ids.values
06-01 12:55:47.786   628  1055 D BufferPoolAccessor2.0: Destruction - bufferpool2 0x7dea5089f9a8 cached: 0/0M, 0/0% in use; allocs: 0, 0% recycled; transfers: 0, 0% unfetched
06-01 12:55:47.789   946  2118 I hw-BpHwBinder: onLastStrongRef automatically unlinking death recipients
06-01 12:55:47.795   677  1520 W AppOpService: Ignored setUidMode call for runtime permission app op: uid = 1001, code = RECEIVE_SMS, mode = allow, callingUid = 1001, oldMode = allow
06-01 12:55:47.798   946  2150 I CCodecConfig: query failed after returning 8 values (BAD_INDEX)
06-01 12:55:47.798   946  2150 D CCodecConfig: c2 config diff is Dict {
06-01 12:55:47.798   946  2150 D CCodecConfig:   c2::u32 coded.bitrate.value = 64000
06-01 12:55:47.798   946  2150 D CCodecConfig:   c2::u32 input.buffers.max-size.value = 32768
06-01 12:55:47.798   946  2150 D CCodecConfig:   c2::u32 input.delay.value = 0
06-01 12:55:47.798   946  2150 D CCodecConfig:   string input.media-type.value = "audio/vorbis"
06-01 12:55:47.798   946  2150 D CCodecConfig:   c2::u32 output.large-frame.max-size = 0
06-01 12:55:47.798   946  2150 D CCodecConfig:   c2::u32 output.large-frame.threshold-size = 0
06-01 12:55:47.798   946  2150 D CCodecConfig:   string output.media-type.value = "audio/raw"
06-01 12:55:47.798   946  2150 D CCodecConfig:   c2::u32 raw.channel-count.value = 1
06-01 12:55:47.798   946  2150 D CCodecConfig:   c2::u32 raw.sample-rate.value = 48000
06-01 12:55:47.798   946  2150 D CCodecConfig: }
06-01 12:55:47.801  1241  1975 I Nearby  : (REDACTED) is blocked device type %s, isAuto=%s, isIot=%s, isLatchsky=%s, isChinaWearable=%s, isTv=%s, isWearable=%s (supportWearOs=%s), isChromeOsDevice=%s (supportChromeOs=%s)
06-01 12:55:47.806  1444  1728 I AiAiEcho: [pnb-agg] Reload pnb aggregation on events deleted
06-01 12:55:47.806  1444  1728 I AiAiEcho: [pnb-agg] pnb aggregation disabled.
06-01 12:55:47.823  1480  1480 I dafz    : Initializing GMS Compliance Client Library...
06-01 12:55:47.824   946  2107 E MediaCodec: Media Quality Service not found.
06-01 12:55:47.826   946  2150 D CCodec  : [c2.android.vorbis.decoder] buffers are bound to CCodec for this session
06-01 12:55:47.826   946  2150 D CCodecConfig: no c2 equivalents for durationUs
06-01 12:55:47.826   946  2150 D CCodecConfig: no c2 equivalents for track-id
06-01 12:55:47.826   946  2150 D CCodecConfig: no c2 equivalents for csd-1
06-01 12:55:47.826   946  2150 D CCodecConfig: no c2 equivalents for flags
06-01 12:55:47.826  1241  2004 I NearbyFastPair: DynamicSupportModule: onSupportStateUpdate start [CONTEXT service_id=265 ]
06-01 12:55:47.827   946  2150 D CCodecConfig: c2 config diff is   c2::u32 coded.bitrate.value = 160000
06-01 12:55:47.827   946  2150 D CCodecConfig:   c2::u32 raw.channel-count.value = 2
06-01 12:55:47.828   946  2150 W Codec2Client: query -- param skipped: index = 1107298332.
06-01 12:55:47.829   946  2150 D CCodec  : encoding statistics level = 0
06-01 12:55:47.829   946  2150 D CCodec  : setup formats input: AMessage(what = 0x00000000) = {
06-01 12:55:47.829   946  2150 D CCodec  :   int32_t bitrate = 160000
06-01 12:55:47.829   946  2150 D CCodec  :   int32_t channel-count = 2
06-01 12:55:47.829   946  2150 D CCodec  :   int32_t max-input-size = 32768
06-01 12:55:47.829   946  2150 D CCodec  :   string mime = "audio/vorbis"
06-01 12:55:47.829   946  2150 D CCodec  :   int32_t sample-rate = 48000
06-01 12:55:47.829   946  2150 D CCodec  : }
06-01 12:55:47.829   946  2150 D CCodec  : setup formats output: AMessage(what = 0x00000000) = {
06-01 12:55:47.829   946  2150 D CCodec  :   int32_t buffer-batch-max-output-size = 0
06-01 12:55:47.829   946  2150 D CCodec  :   int32_t buffer-batch-threshold-output-size = 0
06-01 12:55:47.829   946  2150 D CCodec  :   int32_t channel-count = 2
06-01 12:55:47.829   946  2150 D CCodec  :   string mime = "audio/raw"
06-01 12:55:47.829   946  2150 D CCodec  :   int32_t sample-rate = 48000
06-01 12:55:47.829   946  2150 D CCodec  :   int32_t channel-mask = 3
06-01 12:55:47.829   946  2150 D CCodec  :   int32_t android._config-pcm-encoding = 2
06-01 12:55:47.829   946  2150 D CCodec  : }
06-01 12:55:47.829   946  2150 I CCodecConfig: query failed after returning 8 values (BAD_INDEX)
06-01 12:55:47.831   946  2150 E ndroid.systemui: Failed to query component interface for required system resources: 6
06-01 12:55:47.834   946  2150 W Codec2Client: query -- param skipped: index = 1342179345.
06-01 12:55:47.834   946  2150 W Codec2Client: query -- param skipped: index = 2415921170.
06-01 12:55:47.836   946  2150 D CCodecBufferChannel: [c2.android.vorbis.decoder#288] Created input block pool with allocatorID 16 => poolID 19 - OK (0)
06-01 12:55:47.836   677  1600 W AppOpService: Ignored setUidMode call for runtime permission app op: uid = 1001, code = RECEIVE_WAP_PUSH, mode = allow, callingUid = 1001, oldMode = allow
06-01 12:55:47.838   946  2150 I CCodecBufferChannel: [c2.android.vorbis.decoder#288] Created output block pool with allocatorID 16 => poolID 34 - OK
06-01 12:55:47.838   946  2150 D CCodecBufferChannel: [c2.android.vorbis.decoder#288] Configured output block pool ids 34 => OK
06-01 12:55:47.838   628   986 E Codec2-ComponentInterface: We have a failed config
06-01 12:55:47.848   628  2152 D SimpleC2Component: Using output block pool with poolID 34 => got 34 - 0
06-01 12:55:47.851   677  1707 W AppOpService: Ignored setUidMode call for runtime permission app op: uid = 1001, code = SEND_SMS, mode = allow, callingUid = 1001, oldMode = allow
06-01 12:55:47.852   677   707 W AppOpService: Ignored setUidMode call for runtime permission app op: uid = 1001, code = READ_CELL_BROADCASTS, mode = allow, callingUid = 1001, oldMode = allow
06-01 12:55:47.855  1241  2003 I NearbyPresence: (REDACTED) the count of deprecated key alias %s is %s
06-01 12:55:47.856  1241  2003 I NearbyPresence: (REDACTED) the count of deprecated key alias %s is %s
06-01 12:55:47.857  1241  2003 I NearbyPresence: (REDACTED) the count of deprecated key alias %s is %s
06-01 12:55:47.863  1480  1480 I dafz    : Checking for device compliance...
06-01 12:55:47.864  1480  1480 I dafz    : Feature is disabled!
06-01 12:55:47.864  1444  2013 W JobInfo : Requested important-while-foreground flag for job356 is ignored and takes no effect
06-01 12:55:47.868  1241  2143 I NearbyDiscovery: FastPairController: register location ble observer [CONTEXT service_id=265 ]
06-01 12:55:47.877  1480  1480 I dafz    : Completed library init.
06-01 12:55:47.885  1241  2143 I NearbyDiscovery: (REDACTED) PureOffloadFastPairScanner: eventType=%s, isInternalReq=%s, isScanning=%s, isScanningAllowed=%s
06-01 12:55:47.886  1241  2143 I NearbyDiscovery: PureOffloadFastPairScanner: Starts to obtain nearby nano app version. [CONTEXT service_id=265 ]
06-01 12:55:47.887   677   708 I ActivityManager: Background started FGS: Allowed [callingPackage: com.aistudio.ereader.xynk; callingUid: 10225; uidState: TOP ; uidBFSL: [BFSL]; intent: Intent { cmp=com.aistudio.ereader.xynk/com.example.web.LocalWebService }; code:PROC_STATE_TOP; tempAllowListReason:<fg-service-launch,reasonCode:SERVICE_LAUNCH,duration:30000,callingUid:10225>; allowWiu:12; targetSdkVersion:36; callerTargetSdkVersion:36; startForegroundCount:0; bindFromPackage:null: isBindService:false]
06-01 12:55:47.889   677   708 W ForegroundServiceTypeLoggerModule: Foreground service start for UID: 10225 does not have any types
06-01 12:55:47.891  1514  2158 I CarrierServices: Creating JibeServiceComponent [CONTEXT thread_id=58 ]
06-01 12:55:47.893   677  1707 D ContextHubService: Added callback, total callbacks 4
06-01 12:55:47.899  1480  1480 I hbox:interactor: AssetManager2(0x7f2d0558fb98) locale list changing from [] to [en-US]
06-01 12:55:47.899  1241  2143 I NearbyFastPair: NearbyAppHelper: Not supports because hubInfoList is empty [CONTEXT service_id=265 ]
06-01 12:55:47.900  1480  1480 I ActivityThread: ApplicationInfo updating for com.google.android.googlequicksearchbox, new timestamp: 42057
06-01 12:55:47.900  1480  1480 I ActivityThread: assets removed: [/data/resource-cache/com.android.systemui-neutral-qrs4.frro, /data/resource-cache/com.android.systemui-accent-viRm.frro, /data/resource-cache/com.android.systemui-dynamic-azJT.frro]
06-01 12:55:47.900  1480  1480 I ActivityThread: assets added: []
06-01 12:55:47.900  1241  2143 I NearbyDiscovery: (REDACTED) PureOffloadFastPairScanner: Nano app version obtained, version = %s, total time = %s.
06-01 12:55:47.900  1480  1480 D ActivityThread: Package [com.aistudio.ereader.xynk] reported as REPLACED, but missing application info. Assuming REMOVED.
06-01 12:55:47.901  1241  2143 I NearbyDiscovery: (REDACTED) ApFastPairScanner: isScreenOn=%s, isLocationEnabled=%s, disableLocationRequirement=%s, isDiscoveryScanningEnabled=%s, during24GhzWifiWarmingUpPeriod=%s
06-01 12:55:47.902  1241  2143 D BluetoothAdapter: isLeEnabled(): ON
06-01 12:55:47.902  1241  2143 I NearbyDiscovery: (REDACTED) ApFastPairScanner: eventType=%s, intReq=%s, scanning=%s, scanAllowed=%s, bleEnabled=%s, lockScanRate=%s, startScanningByLowPowerMode=%s
06-01 12:55:47.903  1241  2143 I NearbyDiscovery: (REDACTED) ApFastPairScanner: isScreenOn=%s, isLocationEnabled=%s, disableLocationRequirement=%s, isDiscoveryScanningEnabled=%s, during24GhzWifiWarmingUpPeriod=%s
06-01 12:55:47.904  1480  1480 D ActivityThread: Package [com.aistudio.ereader.xynk] reported as REPLACED, but missing application info. Assuming REMOVED.
06-01 12:55:47.908  1921  1921 I Choreographer: Skipped 41 frames!  The application may be doing too much work on its main thread.
06-01 12:55:47.917   677   891 D BackgroundInstallControlService: Package event received: 0
06-01 12:55:47.917   677   891 D BackgroundInstallControlService: Package event received: 0
06-01 12:55:47.924   677  1706 D CoreBackPreview: Window{64a13b7 u0 com.aistudio.ereader.xynk/com.example.MainActivity}: Setting back callback OnBackInvokedCallbackInfo{mCallback=android.window.IOnBackInvokedCallback$Stub$Proxy@fec1c35, mPriority=-1, mIsAnimationCallback=false, mOverrideBehavior=0}
06-01 12:55:47.941  1480  1480 W ActivityThread: getPackageInfo() called with an older ApplicationInfo than the cached version for package com.google.android.googlequicksearchbox
06-01 12:55:47.951  1444  1979 I SP.AiAi : Scheduling job with delay of 0s for {W:C:I:l, bg}, 5 candidates
06-01 12:55:47.955  1339  1771 W ServiceBindIntentUtils: Dynamic lookup for intent failed for action com.google.android.apps.safetycore.signals.BIND but has possible resolution
06-01 12:55:47.956  1480  1480 I GsaVoiceInteractionSrv: onCreate
06-01 12:55:47.957  1241  2143 I NearbyDiscovery: (REDACTED) ApFastPairScanner: isScreenOn=%s, isLocationEnabled=%s, disableLocationRequirement=%s, isDiscoveryScanningEnabled=%s, during24GhzWifiWarmingUpPeriod=%s
06-01 12:55:47.957  1241  2143 I NearbyDiscovery: (REDACTED) ApFastPairScanner: Start scanning internally, %s
06-01 12:55:47.958  1241  2143 D BluetoothAdapter: isLeEnabled(): ON
06-01 12:55:47.958  1339  1771 W GmsClient: unable to connect to service: com.google.android.apps.safetycore.signals.BIND on com.google.android.gms
06-01 12:55:47.959  1339  2036 I DialerPhoneLookupHistoryDataRepository: com.android.dialer.phonelookup.database.PhoneLookupHistoryDataRepository$Companion.getPhoneLookupHistoryEntries:239 Cursor is empty
06-01 12:55:48.008   946  2150 D CCodecBufferChannel: [c2.android.vorbis.decoder#288] MediaCodec discarded an unknown buffer
06-01 12:55:48.008   946  2150 D CCodecBufferChannel: [c2.android.vorbis.decoder#288] MediaCodec discarded an unknown buffer
06-01 12:55:48.008   946  2150 D CCodecBufferChannel: [c2.android.vorbis.decoder#288] MediaCodec discarded an unknown buffer
06-01 12:55:48.010   677   726 I AppBindingService: Connected: com.google.android.apps.messaging/com.google.android.ims.binding.SystemBindingService u0
06-01 12:55:48.038   946  2150 I hw-BpHwBinder: onLastStrongRef automatically unlinking death recipients
06-01 12:55:48.038   628   986 I hw-BpHwBinder: onLastStrongRef automatically unlinking death recipients
06-01 12:55:48.038   628   986 I hw-BpHwBinder: onLastStrongRef automatically unlinking death recipients
06-01 12:55:48.043   628   986 D BufferPoolAccessor2.0: Destruction - bufferpool2 0x7dea508a09d8 cached: 0/0M, 0/0% in use; allocs: 0, 0% recycled; transfers: 0, 0% unfetched
06-01 12:55:48.048  1241  1800 I NearbySharing: Fast Initiation Scanning has stopped
06-01 12:55:48.051  1339  1940 I DialerVoicemailStatusDataMigration: com.android.dialer.voicemailstatus.dataservice.impl.VoicemailStatusDataMigration.migrate:64 no package status to migrate
06-01 12:55:48.061   946   946 W SceneFramework: Scene framework is disabled [NOT MET] com.android.systemui.scene_container
06-01 12:55:48.061   946   946 W SceneFramework: [NOT MET] com.android.systemui.keyguard_wm_state_refactor
06-01 12:55:48.061   946   946 W SceneFramework:     [MET] com.android.systemui.notification_avalanche_throttle_hun
06-01 12:55:48.071   677   677 W Looper  : Slow dispatch took 151ms main app=system_server main=true group=FOREGROUND h=android.app.ActivityThread$H c=android.app.LoadedApk$ServiceDispatcher$RunConnection@a377488 m=0
06-01 12:55:48.083  1339  1940 I DialerVoicemailStatusDataMigration: com.android.dialer.voicemailstatus.dataservice.impl.VoicemailStatusDataMigration.cleanUp:75 enter
06-01 12:55:48.084   946   946 D ShadeStateTraceLogger: New configuration change from Shade window. smallestScreenWidthDp: 411, densityDpi: 420
06-01 12:55:48.085  1339  1940 I DialerSingletonScopedExternalsLogging: com.google.android.dialershared.externals.logging.SingletonScopedExternalsLogging.recordCallMethodInvocation:75 event: CONTENT_RESOLVER_DELETE, function parameters: [com.android.voicemail,content://com.android.voicemail/status,(source_package = ?)], return value: <empty>
06-01 12:55:48.085  1385  1571 W JobInfo : Requested important-while-foreground flag for job494 is ignored and takes no effect
06-01 12:55:48.104   677  1662 W AppOpService: Ignored setUidMode call for runtime permission app op: uid = 1001, code = READ_SMS, mode = allow, callingUid = 1001, oldMode = allow
06-01 12:55:48.108  1669  1669 W gle.android.gms: Verification of void m32.unn.<init>(java.lang.Class) took 179.391ms (94.76 bytecodes/s) (0B arena alloc)
06-01 12:55:48.108   677  1662 W AppOpService: Ignored setUidMode call for runtime permission app op: uid = 1001, code = RECEIVE_SMS, mode = allow, callingUid = 1001, oldMode = allow
06-01 12:55:48.116   677  1662 W AppOpService: Ignored setUidMode call for runtime permission app op: uid = 1001, code = RECEIVE_WAP_PUSH, mode = allow, callingUid = 1001, oldMode = allow
06-01 12:55:48.125   677  1662 W AppOpService: Ignored setUidMode call for runtime permission app op: uid = 1001, code = SEND_SMS, mode = allow, callingUid = 1001, oldMode = allow
06-01 12:55:48.130  1241  1800 I NearbySharing: Dismissing HUN as there's no device nearby.
06-01 12:55:48.133   677  1660 W AppOpService: Ignored setUidMode call for runtime permission app op: uid = 1001, code = READ_CELL_BROADCASTS, mode = allow, callingUid = 1001, oldMode = allow
06-01 12:55:48.135  1241  1800 I NearbySharing: Bluetooth is enabled
06-01 12:55:48.135  1241  1800 I NearbySharing: Stopping scanning because the screen is locked.
06-01 12:55:48.136  1241  1800 I NearbySharing: Stopping Fast Init advertisement because we're not scanning in the foreground.
06-01 12:55:48.136  1241  1800 I NearbySharing: Stopping advertising because the screen is locked.
06-01 12:55:48.136  1241  1800 I NearbySharing: Stopping FastInitiation scanning because the screen is locked.
06-01 12:55:48.138  1241  1800 I NearbySharing: Fast Initiation Scanning has stopped
06-01 12:55:48.139  1241  1800 I NearbySharing: Dismissing HUN as there's no device nearby.
06-01 12:55:48.140   677  2055 D AccessibilityManagerService: notifyQuickSettingsTilesChanged userId: 0, tileComponentNames: []
06-01 12:55:48.140   677   677 W Looper  : Slow delivery took 214ms main app=system_server main=true group=FOREGROUND h=com.android.server.power.Notifier$NotifierHandler c=com.android.server.power.Notifier$$ExternalSyntheticLambda2@825d4ff m=0
06-01 12:55:48.145   677   707 W JobScheduler: Job didn't exist in JobStore: 14bbdca {androidx.work.systemjobscheduler} #u0a159/493 @androidx.work.systemjobscheduler@com.google.android.inputmethod.latin/androidx.work.impl.background.systemjob.SystemJobService
06-01 12:55:48.146   677   677 W Looper  : Drained
06-01 12:55:48.148   677  1707 E JobScheduler.JobStatus: App com.google.android.inputmethod.latin became active but still in NEVER bucket
06-01 12:55:48.162  1241  1241 E .gms.persistent: hiddenapi: Accessing hidden method Landroid/net/ConnectivityManager;->isNetworkTypeMobile(I)Z (runtime_flags=0, domain=platform, api=max-target-p) from Lcccq; (domain=app) using reflection: denied
06-01 12:55:48.162  1241  1241 E .gms.persistent: hiddenapi: Accessing hidden method Landroid/os/PowerManager;->isLightDeviceIdleMode()Z (runtime_flags=0, domain=platform, api=max-target-s) from Lcccq; (domain=app) using reflection: denied
06-01 12:55:48.184  1339  1932 I DialerLegacyCountryDetector: com.android.dialer.location.LegacyCountryDetector.getCurrentCountryIso:98 returning Redacted-2-chars
06-01 12:55:48.192  1385  1571 I DailyPingWorker: DailyPingWorker.<init>():45 Initialized DailyPingWorker.
06-01 12:55:48.197  1058  1058 W VvmPkgInstalledRcvr: carrierVvmPkgAdded: carrier vvm packages doesn't contain com.aistudio.ereader.xynk
06-01 12:55:48.207  1023  1268 I bt_shim_scanner: system/main/shim/le_scanning_manager.cc:135 RegisterScanner: in shim layer, UUID=44b35e50-d0f1-455b-9cdf-6828acf55708
06-01 12:55:48.206  1339  1884 I DialerDataStoreReverseLookupSettings: com.android.dialer.reverselookup.settings.DataStoreReverseLookupSettings.isAapmEnabledByUser:145 Darpa is present
06-01 12:55:48.213  1241  2003 I NearbyPresence: (REDACTED) %s: Start BleAdvertiseBluetoothProvider.
06-01 12:55:48.217  1480  1480 I GsaVoiceInteractionSrv: onReady
06-01 12:55:48.224  1241  1680 D BluetoothLeScanner: onScannerRegistered() - status=0 scannerId=1 mScannerId=0
06-01 12:55:48.227  1241  2003 I NearbyPresence: (REDACTED) %s verified [!=] new request %s does not equal to the old request %s
06-01 12:55:48.228  1241  2003 I NearbyPresence: (REDACTED) %s verified [!=] new request %s does not equal to the old request %s
06-01 12:55:48.228  1058  1272 D ImsResolver: maybeAddedImsService, packageName: com.aistudio.ereader.xynk
06-01 12:55:48.228  1058  1272 V ImsResolver: searchForImsServices: package=com.aistudio.ereader.xynk, users=[UserHandle{0}]
06-01 12:55:48.230   677   845 D ConnectivityService: NetReassign [no changes] [c 0] [a 1] [i 0]
06-01 12:55:48.234  1058  1272 V ImsResolver: searchForImsServices: package=com.aistudio.ereader.xynk, users=[UserHandle{0}]
06-01 12:55:48.237  1241  2003 I NearbyPresence: (REDACTED) %s verified [!=] new request %s does not equal to the old request %s
06-01 12:55:48.240  1241  2003 E AbstractGmsTracer: Traced class shouldn't be obfuscated: dqqi [CONTEXT service_id=259 ]
06-01 12:55:48.240  1241  2003 I NearbyPresence: (REDACTED) %s verified [!=] new request %s does not equal to the old request %s
06-01 12:55:48.241  1241  2003 I NearbyPresence: MdnsServerProviderController is not enabled or requested [CONTEXT service_id=317 ]
06-01 12:55:48.241  1241  2003 I NearbyPresence: (REDACTED) BleAdvertiseProviderController: request.isRequested() %s
06-01 12:55:48.242  1339  1932 I DialerSystemBlockedNumberPhoneLookupContributor: com.android.dialer.phonelookup.blockednumber.SystemBlockedNumberPhoneLookupContributor.getMostRecentInfo:106 getMostRecentInfo
06-01 12:55:48.244   677  1707 D ConnectivityService: requestNetwork for uid/pid:10148/1241 activeRequest: null callbackRequest: 73 [NetworkRequest [ REQUEST id=74, [ Capabilities: INTERNET&NOT_RESTRICTED&TRUSTED&NOT_VCN_MANAGED&NOT_BANDWIDTH_CONSTRAINED Uid: 10148 RequestorUid: 10148 RequestorPkg: com.google.android.gms UnderlyingNetworks: Null] ]] callback flags: 0 order: 2147483647 isUidTracked: false declaredMethods: AVAIL|LOSING|LOST|UNAVAIL|NC|LP|BLK
06-01 12:55:48.247  1669  1669 I GmsModuleInitializer: Using ContainerGservicesDelegate
06-01 12:55:48.253   677   891 D BackgroundInstallControlService: Package event received: 0
06-01 12:55:48.261   677   839 D WifiNetworkFactory: got request NetworkRequest [ REQUEST id=74, [ Capabilities: INTERNET&NOT_RESTRICTED&TRUSTED&NOT_VCN_MANAGED&NOT_BANDWIDTH_CONSTRAINED Uid: 10148 RequestorUid: 10148 RequestorPkg: com.google.android.gms UnderlyingNetworks: Null] ]
06-01 12:55:48.261   677   839 D UntrustedWifiNetworkFactory: got request NetworkRequest [ REQUEST id=74, [ Capabilities: INTERNET&NOT_RESTRICTED&TRUSTED&NOT_VCN_MANAGED&NOT_BANDWIDTH_CONSTRAINED Uid: 10148 RequestorUid: 10148 RequestorPkg: com.google.android.gms UnderlyingNetworks: Null] ]
06-01 12:55:48.262  1480  1480 I dtoi    : (REDACTED) Registered VIS lifecycle listeners: %s.
06-01 12:55:48.272  1241  1310 I NearbySharing: A new client has bound to the NearbySharingService ClientBridge for calling package com.google.android.gms and PID 1241
06-01 12:55:48.274  1241  1241 I .gms.persistent: Waiting for a blocking GC ClassLinker
06-01 12:55:48.272   677   767 D ConnectivityService: requestNetwork for uid/pid:10148/1241 activeRequest: null callbackRequest: 76 [NetworkRequest [ REQUEST id=77, [ Capabilities: INTERNET&NOT_RESTRICTED&TRUSTED&NOT_VCN_MANAGED&NOT_BANDWIDTH_CONSTRAINED Uid: 10148 RequestorUid: 10148 RequestorPkg: com.google.android.gms UnderlyingNetworks: Null] ]] callback flags: 0 order: 2147483647 isUidTracked: false declaredMethods: AVAIL|LOST|NC
06-01 12:55:48.281  1241  1846 I WestworldConfigUtils: Early collection is not enabled [CONTEXT service_id=251 ]
06-01 12:55:48.283   946   946 D NotificationMemory: NotificationMemoryMonitor initialized.
06-01 12:55:48.283   946   946 I NotificationMemory: Registered dumpable.
06-01 12:55:48.294  1480  1480 I fmsf    : (REDACTED) Scoped context discovery schemas: %s.
06-01 12:55:48.294  1480  1480 I dtoi    : (REDACTED) #onReady(%s)
06-01 12:55:48.300  1241  1310 I NearbySharing: Package com.google.android.gms has requested to register a state observer
06-01 12:55:48.302  1480  1480 I dtoi    : (REDACTED) Running action(%s) over listeners(%s).
06-01 12:55:48.312   946   946 D DLObserver: add alignment listener: com.android.systemui.statusbar.KeyguardIndicationController$$ExternalSyntheticLambda15@a897eb3
06-01 12:55:48.322  1339  1940 I DialerSingletonScopedExternalsLogging: com.google.android.dialershared.externals.logging.SingletonScopedExternalsLogging.recordCallMethodInvocation:75 event: CONTENT_RESOLVER_DELETE, function parameters: [com.android.voicemail,content://com.android.voicemail/status,(source_package = ?)], return value: 0
06-01 12:55:48.328  1058  1058 D SatelliteController: packageStateChanged: package:com.aistudio.ereader.xynk DefaultSmsPackageName:com.google.android.apps.messaging
06-01 12:55:48.328  1058  1058 V SatelliteController: Neither SMS or SatelliteGateway package
06-01 12:55:48.328  1058  1058 D CarrierSvcBindHelper: onHandleForceStop: [com.aistudio.ereader.xynk]
06-01 12:55:48.328  1058  1058 D CarrierSvcBindHelper: No carrier app for: 0
06-01 12:55:48.334   946  1167 W Looper  : Drained
06-01 12:55:48.337  1385  1571 W JobInfo : Requested important-while-foreground flag for job495 is ignored and takes no effect
06-01 12:55:48.345   677   767 I StatusBarManagerService: registerStatusBar bar=com.android.internal.statusbar.IStatusBar$Stub$Proxy@1d6cbb6
06-01 12:55:48.348   677   767 E JobScheduler.JobStatus: App com.google.android.inputmethod.latin became active but still in NEVER bucket
06-01 12:55:48.358  1241  2004 I NearbyFastPair: DynamicSupportModule: onSupportStateUpdate end [CONTEXT service_id=265 ]
06-01 12:55:48.358  1241  2004 I NearbyFastPair: DynamicSupportModule: onSupportStateUpdate start [CONTEXT service_id=265 ]
06-01 12:55:48.360  1241  1256 I GservicesProvider: Gservices pushing to system: true; secure/global: true
06-01 12:55:48.361  1241  1318 E CCTFlatFileLogStore: Failed to get boot count.
06-01 12:55:48.361  1241  1318 E CCTFlatFileLogStore: java.util.concurrent.TimeoutException: Timed out waiting for Task
06-01 12:55:48.361  1241  1318 E CCTFlatFileLogStore: 	at fpig.o(:com.google.android.gms@261631038@26.16.31 (260800-900800821):57)
06-01 12:55:48.361  1241  1318 E CCTFlatFileLogStore: 	at bhnj.v(:com.google.android.gms@261631038@26.16.31 (260800-900800821):21)
06-01 12:55:48.361  1241  1318 E CCTFlatFileLogStore: 	at bhhm.run(:com.google.android.gms@261631038@26.16.31 (260800-900800821):14)
06-01 12:55:48.361  1241  1318 E CCTFlatFileLogStore: 	at bjwq.c(:com.google.android.gms@261631038@26.16.31 (260800-900800821):50)
06-01 12:55:48.361  1241  1318 E CCTFlatFileLogStore: 	at bjwq.run(:com.google.android.gms@261631038@26.16.31 (260800-900800821):66)
06-01 12:55:48.361  1241  1318 E CCTFlatFileLogStore: 	at java.util.concurrent.ThreadPoolExecutor.runWorker(ThreadPoolExecutor.java:1156)
06-01 12:55:48.361  1241  1318 E CCTFlatFileLogStore: 	at java.util.concurrent.ThreadPoolExecutor$Worker.run(ThreadPoolExecutor.java:651)
06-01 12:55:48.361  1241  1318 E CCTFlatFileLogStore: 	at bkch.run(:com.google.android.gms@261631038@26.16.31 (260800-900800821):8)
06-01 12:55:48.361  1241  1318 E CCTFlatFileLogStore: 	at java.lang.Thread.run(Thread.java:1119)
06-01 12:55:48.361  1385  1581 I EmojiKitchenDataCleanupWorker: EmojiKitchenDataCleanupWorker.enqueueWork():182 Successfully enqueued emoji kitchen data cleanup work.
06-01 12:55:48.362  1241  2004 I NearbyFastPair: DynamicSupportModule: onSupportStateUpdate end [CONTEXT service_id=265 ]
06-01 12:55:48.363  1385  1546 W WM-Processor: Didn't find WorkSpec for id WorkGenerationalId(workSpecId=5ab536d9-176f-4036-986e-f54e1dcd2852, generation=0)
06-01 12:55:48.377  1514  2138 I CarrierServices: Broadcasting provisioning intent rcs.intent.action.rcsSystemBinding to Bugle with extras redacted-pii:[null] from source SYSTEM_BINDING_SERVICE [CONTEXT log_prefix="EngineBroadcaster" thread_id=54 ]
06-01 12:55:48.383  1058  1058 D CarrierConfigLoader: EVENT_SYSTEM_UNLOCKED phoneId: 0
06-01 12:55:48.383  1058  1058 D CarrierConfigLoader: System unlocked
06-01 12:55:48.387  1058  1058 W ActivityThread: getPackageInfo() called with an older ApplicationInfo than the cached version for package com.android.phone
06-01 12:55:48.387  1058  1058 I VvmSimStateTracker: android.intent.action.BOOT_COMPLETED
06-01 12:55:48.387  1058  1058 I VvmSimStateTracker: onReceive: ACTION_BOOT_COMPLETED
06-01 12:55:48.388  1058  1058 D CarrierConfigLoader: EVENT_DO_FETCH_DEFAULT phoneId: 0
06-01 12:55:48.390  2053  2053 I NetworkUsageLogTtlService: Scheduled NetworkUsageLogTtlService
06-01 12:55:48.390  1241  2003 I NearbyPresence: (REDACTED) %s: Overriding the broadcastV1 request to : %s
06-01 12:55:48.392  1241  2003 I NearbyPresence: (REDACTED) %s: Enabling engine.
06-01 12:55:48.392  1058  1058 D CarrierConfigLoader: File not found : /data/user_de/0/com.android.phone/files/carrierconfig-com.android.carrierconfig-override-89860***************-1.xml, phoneId=0
06-01 12:55:48.394  1480  2042 D nativeloader: Load /data/app/~~KczER6NriYuDJOGw69fI-g==/com.google.android.googlequicksearchbox-cdwpa0rlDL4cMZ_Jb99qpQ==/base.apk!/lib/x86_64/libmappedcountercacheversionjni.so using class loader ns clns-10 (caller=/data/app/~~KczER6NriYuDJOGw69fI-g==/com.google.android.googlequicksearchbox-cdwpa0rlDL4cMZ_Jb99qpQ==/base.apk!classes2.dex): ok
06-01 12:55:48.395  1058  1058 D CarrierConfigLoader: Restored carrier config from cache. phoneId=0, xml=carrierconfig-com.android.carrierconfig-89860***************-1.xml, version=1, modified time=2026-05-06 21:43:54
06-01 12:55:48.397   677   845 D ConnectivityService: NetReassign [74 : null → 100] [c 1] [a 1] [i 136]
06-01 12:55:48.397   677   839 D OemPaidWifiNetworkFactory: got request NetworkRequest [ REQUEST id=74, [ Capabilities: INTERNET&NOT_RESTRICTED&TRUSTED&NOT_VCN_MANAGED&NOT_BANDWIDTH_CONSTRAINED Uid: 10148 RequestorUid: 10148 RequestorPkg: com.google.android.gms UnderlyingNetworks: Null] ]
06-01 12:55:48.398   677   839 D MultiInternetWifiNetworkFactory: got request NetworkRequest [ REQUEST id=74, [ Capabilities: INTERNET&NOT_RESTRICTED&TRUSTED&NOT_VCN_MANAGED&NOT_BANDWIDTH_CONSTRAINED Uid: 10148 RequestorUid: 10148 RequestorPkg: com.google.android.gms UnderlyingNetworks: Null] ]
06-01 12:55:48.401  1058  1058 W ActivityThread: getPackageInfo() called with an older ApplicationInfo than the cached version for package com.android.stk
06-01 12:55:48.419  1058  1058 D CarrierConfigLoader: EVENT_FETCH_DEFAULT_DONE phoneId: 0
06-01 12:55:48.426  1241  1322 I AlarmManager: set [name: SystemMemoryCache type: 2 triggerAtMillis: 315360056737 windowMillis: -1 intervalMillis: 0]
06-01 12:55:48.428   677   891 D BackgroundInstallControlService: Package event received: 0
06-01 12:55:48.455   677   845 D ConnectivityService: NetReassign [no changes] [c 1] [a 0] [i 50]
06-01 12:55:48.470  1058  1058 D CarrierConfigLoader: updateSubscriptionDatabase: phoneId=0
06-01 12:55:48.471  1669  1806 W gle.android.gms: Verification of void m32.wdk.ab(m32.wdk) took 253.237ms (138.21 bytecodes/s) (0B arena alloc)
06-01 12:55:48.474   677  1634 W ActivityManager: Slow operation: 53ms so far, now at finishAttachApplicationInner: after mServices.attachApplicationLocked
06-01 12:55:48.474   677  1634 W ActivityManager: Slow operation: 53ms so far, now at finishAttachApplicationInner: after dispatching broadcasts
06-01 12:55:48.510  1339  1932 I DialerLoggingConsentCheckerImpl: com.google.android.callingshared.logging.consent.impl.LoggingConsentCheckerImpl.getConsent:72 timer stop with success, timer present: false
06-01 12:55:48.510  1339  1932 I DialerLoggingConsentCheckerImpl: com.google.android.callingshared.logging.consent.impl.LoggingConsentCheckerImpl.getConsent:72 timer stop with success, timer present: false
06-01 12:55:48.511  1071  1071 D TouchInteractionService: onUserUnlocked: userId=0 instance=263943294
06-01 12:55:48.518  1339  1932 I DialerLegacyCountryDetector: com.android.dialer.location.LegacyCountryDetector.getCurrentCountryIso:98 returning Redacted-2-chars
06-01 12:55:48.520   677   727 V GrammaticalInflectionUtils: AttributionSource: android.content.AttributionSource@eec2605b does not have READ_SYSTEM_GRAMMATICAL_GENDER permission.
06-01 12:55:48.521  1023  1023 I BrowsedPlayerWrapper: Wrapping Media Browser com.google.android.bluetooth
06-01 12:55:48.522  1023  1023 I BrowsedPlayerWrapper: Wrapping Media Browser com.google.android.googlequicksearchbox
06-01 12:55:48.523  1514  2158 I CarrierServices: Processing an intent [CONTEXT log_prefix="(Sim)" thread_id=58 ]
06-01 12:55:48.524   677   839 D WifiNetworkFactory: got request NetworkRequest [ REQUEST id=77, [ Capabilities: INTERNET&NOT_RESTRICTED&TRUSTED&NOT_VCN_MANAGED&NOT_BANDWIDTH_CONSTRAINED Uid: 10148 RequestorUid: 10148 RequestorPkg: com.google.android.gms UnderlyingNetworks: Null] ]
06-01 12:55:48.524   677   839 D UntrustedWifiNetworkFactory: got request NetworkRequest [ REQUEST id=77, [ Capabilities: INTERNET&NOT_RESTRICTED&TRUSTED&NOT_VCN_MANAGED&NOT_BANDWIDTH_CONSTRAINED Uid: 10148 RequestorUid: 10148 RequestorPkg: com.google.android.gms UnderlyingNetworks: Null] ]
06-01 12:55:48.524   677   845 D ConnectivityService: NetReassign [77 : null → 100] [c 0] [a 67] [i 1]
06-01 12:55:48.526   677   839 D OemPaidWifiNetworkFactory: got request NetworkRequest [ REQUEST id=77, [ Capabilities: INTERNET&NOT_RESTRICTED&TRUSTED&NOT_VCN_MANAGED&NOT_BANDWIDTH_CONSTRAINED Uid: 10148 RequestorUid: 10148 RequestorPkg: com.google.android.gms UnderlyingNetworks: Null] ]
06-01 12:55:48.527   677   839 D MultiInternetWifiNetworkFactory: got request NetworkRequest [ REQUEST id=77, [ Capabilities: INTERNET&NOT_RESTRICTED&TRUSTED&NOT_VCN_MANAGED&NOT_BANDWIDTH_CONSTRAINED Uid: 10148 RequestorUid: 10148 RequestorPkg: com.google.android.gms UnderlyingNetworks: Null] ]
06-01 12:55:48.534   677   703 I system_server: Background concurrent mark compact GC freed 30MB AllocSpace bytes, 118(2888KB) LOS objects, 35% free, 42MB/66MB, paused 303.411ms,116.129ms total 10.262s
06-01 12:55:48.538  1514  2158 I CarrierServices: SIM state LOADED [CONTEXT log_prefix="(Sim)" thread_id=58 ]
06-01 12:55:48.547   677   704 I BpBinder: onLastStrongRef automatically unlinking death recipients: 
06-01 12:55:48.555   677   705 W System  : A resource failed to call close. 
06-01 12:55:48.559   677   705 W System  : A resource failed to call release. 
06-01 12:55:48.564   677   727 W ActivityManager: Slow operation: 80ms so far, now at startProcess: done starting proc!
06-01 12:55:48.565  1385  1385 I DailyPingWorker: DailyPingWorker.startWorkInner():63 Completed work: WORK_ID = daily_ping_work
06-01 12:55:48.581   946   946 I KeyguardSecurityView: Switching mode from Uninitialized to Default
06-01 12:55:48.583  1071  1071 I OverviewComponentObserver: updateOverviewTargets: mIsHomeDisabled=false, isDefaultHomeNull=false, mIsDefaultHome=true
06-01 12:55:48.592   480   480 D Zygote  : Forked child process 2182
06-01 12:55:48.593   677   728 W ActivityManager: Slow operation: 73ms so far, now at startProcess: returned from zygote!
06-01 12:55:48.597   677  1508 W AppSearchIcing: status-util.h:31: Error: 5, Message: Document (com.google.android.googlequicksearchbox$OmniDynamicInvocationParams/omni, dynamic_invocation) not found.
06-01 12:55:48.609  1058  1058 D MultiSimSettingController: notifySubscriptionInfoChanged
06-01 12:55:48.617   677   728 W ActivityManager: Slow operation: 97ms so far, now at startProcess: done updating battery stats
06-01 12:55:48.617  2053  2172 I FederatedTrainingScheduler: Cancelling training for population:pcs/prod/platform_logging session_name:pcs/prod/platform_logging
06-01 12:55:48.618   677   728 W ActivityManager: Slow operation: 98ms so far, now at startProcess: building log message
06-01 12:55:48.618   677   728 I ActivityManager: Start proc 2182:com.android.imsserviceentitlement/u0a136 for broadcast {com.android.imsserviceentitlement/com.android.imsserviceentitlement.ImsEntitlementReceiver}
06-01 12:55:48.618   677   728 W ActivityManager: Slow operation: 98ms so far, now at startProcess: starting to update pids map
06-01 12:55:48.618   677   728 I ActivityManager: ProcessObserver broadcast disabled
06-01 12:55:48.618   677   728 W ActivityManager: Slow operation: 98ms so far, now at startProcess: done updating pids map
06-01 12:55:48.618  1669  1674 W gle.android.gms: Suspending all threads took: 59.549ms
06-01 12:55:48.621  1669  1806 W gle.android.gms: Verification of m32.uno m32.rrt.c(m32.rvr) took 143.632ms (633.56 bytecodes/s) (0B arena alloc)
06-01 12:55:48.623   677  2106 I ActivityManager: Skipping next CPU consuming process, not a java proc: 1921
06-01 12:55:48.623   677  2106 I ActivityManager: Skipping next CPU consuming process, not a java proc: 677
06-01 12:55:48.623   677  2106 I ActivityManager: Skipping next CPU consuming process, not a java proc: 946
06-01 12:55:48.623   677  2106 I ActivityManager: Skipping next CPU consuming process, not a java proc: 1339
06-01 12:55:48.623   677  2106 I ActivityManager: Skipping next CPU consuming process, not a java proc: 1241
06-01 12:55:48.623   677  2106 I ActivityManager: Skipping next CPU consuming process, not a java proc: 1444
06-01 12:55:48.623   677  2106 I ActivityManager: Skipping next CPU consuming process, not a java proc: 1669
06-01 12:55:48.623   677  2106 I ActivityManager: Skipping next CPU consuming process, not a java proc: 628
06-01 12:55:48.623   677  2106 I ActivityManager: Skipping next CPU consuming process, not a java proc: 1480
06-01 12:55:48.624   677  2106 I ActivityManager: Skipping next CPU consuming process, not a java proc: 1514
06-01 12:55:48.624   677  2106 I ActivityManager: Skipping next CPU consuming process, not a java proc: 2053
06-01 12:55:48.624   677  2106 I ActivityManager: Skipping next CPU consuming process, not a java proc: 1058
06-01 12:55:48.624   677  2106 I ActivityManager: Skipping next CPU consuming process, not a java proc: 301
06-01 12:55:48.624   677  2106 I ActivityManager: Skipping next CPU consuming process, not a java proc: 554
06-01 12:55:48.624   677  2106 I ActivityManager: Skipping next CPU consuming process, not a java proc: 1385
06-01 12:55:48.645   677  2106 I ActivityManager: Skipping next CPU consuming process, not a java proc: 1
06-01 12:55:48.645   677  2106 I ActivityManager: Skipping next CPU consuming process, not a java proc: 479
06-01 12:55:48.645   677  2106 I ActivityManager: Skipping next CPU consuming process, not a java proc: 500
06-01 12:55:48.645   677  2106 I ActivityManager: Skipping next CPU consuming process, not a java proc: 1071
06-01 12:55:48.645   677  2106 I ActivityManager: Skipping next CPU consuming process, not a java proc: 1809
06-01 12:55:48.645   677  2106 I ActivityManager: Skipping next CPU consuming process, not a java proc: 64
06-01 12:55:48.645   677  2106 I ActivityManager: Skipping next CPU consuming process, not a java proc: 65
06-01 12:55:48.645   677  2106 I ActivityManager: Skipping next CPU consuming process, not a java proc: 68
06-01 12:55:48.645   677  2106 I ActivityManager: Skipping next CPU consuming process, not a java proc: 235
06-01 12:55:48.645   677  2106 I ActivityManager: Skipping next CPU consuming process, not a java proc: 477
06-01 12:55:48.645   677  2106 I ActivityManager: Skipping next CPU consuming process, not a java proc: 495
06-01 12:55:48.646   677   891 D BackgroundInstallControlService: Package event received: 0
06-01 12:55:48.646   677   837 D NetworkStatsObservers: Registering observer for RequestInfo from pid/uid:677/1000(android) for DataUsageRequest [ requestId=6, networkTemplate=NetworkTemplate: matchRule=MOBILE, matchSubscriberIds=[310260...], matchWifiNetworkKeys=[], metered=YES, defaultNetwork=NO, thresholdInBytes=21340478 ] accessLevel:3
06-01 12:55:48.647   677   939 D NetworkStatsObservers: Unregistering RequestInfo from pid/uid:677/1000(android) for DataUsageRequest [ requestId=5, networkTemplate=NetworkTemplate: matchRule=MOBILE, matchSubscriberIds=[310260...], matchWifiNetworkKeys=[], metered=YES, defaultNetwork=NO, thresholdInBytes=21343282 ] accessLevel:3
06-01 12:55:48.648   677  1630 V GrammaticalInflectionUtils: AttributionSource: android.content.AttributionSource@4f1606e does not have READ_SYSTEM_GRAMMATICAL_GENDER permission.
06-01 12:55:48.655  1669  1669 W gle.android.gms: Verification of void m32.sqn.<init>(m32.sqy, java.util.Set, m32.srk) took 122.755ms (252.54 bytecodes/s) (0B arena alloc)
06-01 12:55:48.661  1071  1536 D StatsLog: LAUNCHER_READ_OMNI_AVAILABILITY_FROM_APP_SEARCH_FAILED
06-01 12:55:48.661  1023  1023 W MediaSessionCompat: Couldn't find a unique registered media button receiver in the given context.
06-01 12:55:48.662   677  1661 I MediaSessionStack: addSession to bottom of stack | record: com.google.android.bluetooth/BluetoothMediaBrowserService/4 (userId=0)
06-01 12:55:48.664   677  2106 I ActivityManager: Skipping next CPU consuming process, not a java proc: 504
06-01 12:55:48.664   677  2106 I ActivityManager: Skipping next CPU consuming process, not a java proc: 550
06-01 12:55:48.664   677  2106 I ActivityManager: Skipping next CPU consuming process, not a java proc: 618
06-01 12:55:48.664   677  2106 I ActivityManager: Skipping next CPU consuming process, not a java proc: 620
06-01 12:55:48.664   677  2106 I ActivityManager: Skipping next CPU consuming process, not a java proc: 623
06-01 12:55:48.664   677  2106 I ActivityManager: Skipping next CPU consuming process, not a java proc: 1023
